TOTIM (T)      HCON          HMAT      QDIR      QWELL        QMAT       QCADS      QTUB1      QTUB2      QTUB3      QTUB4      QTUB5      QTUB6       NSTOR        QFIX        QLH     FHLQ (LQ)        CAUCHY   CAUCHY (LQ)
    86400.   42.70415690   24.6347   0.000       0.000      0.3102E-03   0.000    -0.5430E-02 0.5119E-02  0.000      0.000      0.000      0.000       0.000       0.000       0.000       0.000       0.000       0.000    
   103680.   42.70415690   24.5554   0.000       0.000      0.3085E-03  0.8895E-07-0.5078E-02 0.4769E-02  0.000      0.000      0.000      0.000       0.000       0.000       0.000       0.000       0.000       0.000    
   120960.   42.70415690   24.4770   0.000       0.000      0.3068E-03  0.1125E-07-0.5049E-02 0.4743E-02  0.000      0.000      0.000      0.000       0.000       0.000       0.000       0.000       0.000       0.000    
   138240.   42.70415690   24.3997   0.000       0.000      0.3052E-03  0.1039E-07-0.5024E-02 0.4719E-02  0.000      0.000      0.000      0.000       0.000       0.000       0.000       0.000       0.000       0.000    
   155520.   42.70415690   24.3232   0.000       0.000      0.3036E-03  0.1025E-07-0.4998E-02 0.4695E-02  0.000      0.000      0.000      0.000       0.000       0.000       0.000       0.000       0.000       0.000    
   172800.   42.70415690   24.2477   0.000       0.000      0.3020E-03  0.1012E-07-0.4973E-02 0.4671E-02  0.000      0.000      0.000      0.000       0.000       0.000       0.000       0.000       0.000       0.000    
   190080.   42.70415690   24.1994   0.000       0.000      0.3010E-03  0.6325E-08-0.4957E-02 0.4656E-02  0.000      0.000      0.000      0.000       0.000       0.000       0.000       0.000       0.000       0.000    
   207360.   42.70415690   24.1516   0.000       0.000      0.2999E-03  0.6336E-08-0.4941E-02 0.4641E-02  0.000      0.000      0.000      0.000       0.000       0.000       0.000       0.000       0.000       0.000    
   224640.   42.70415690   24.1042   0.000       0.000      0.2989E-03  0.6274E-08-0.4925E-02 0.4626E-02  0.000      0.000      0.000      0.000       0.000       0.000       0.000       0.000       0.000       0.000    
   241920.   42.70415690   24.0573   0.000       0.000      0.2979E-03  0.6212E-08-0.4909E-02 0.4611E-02  0.000      0.000      0.000      0.000       0.000       0.000       0.000       0.000       0.000       0.000    
   259200.   42.70415690   24.0107   0.000       0.000      0.2970E-03  0.6152E-08-0.4893E-02 0.4596E-02  0.000      0.000      0.000      0.000       0.000       0.000       0.000       0.000       0.000       0.000    
   276480.   42.70415690   23.9716   0.000       0.000      0.2961E-03  0.5117E-08-0.4879E-02 0.4583E-02  0.000      0.000      0.000      0.000       0.000       0.000       0.000       0.000       0.000       0.000    
   293760.   42.70415690   23.9328   0.000       0.000      0.2953E-03  0.5093E-08-0.4866E-02 0.4571E-02  0.000      0.000      0.000      0.000       0.000       0.000       0.000       0.000       0.000       0.000    
   311040.   42.70415690   23.8942   0.000       0.000      0.2945E-03  0.5049E-08-0.4853E-02 0.4558E-02  0.000      0.000      0.000      0.000       0.000       0.000       0.000       0.000       0.000       0.000    
   328320.   42.70415690   23.8559   0.000       0.000      0.2937E-03  0.5006E-08-0.4840E-02 0.4546E-02  0.000      0.000      0.000      0.000       0.000       0.000       0.000       0.000       0.000       0.000    
   345600.   42.70415690   23.8178   0.000       0.000      0.2929E-03  0.4964E-08-0.4827E-02 0.4534E-02  0.000      0.000      0.000      0.000       0.000       0.000       0.000       0.000       0.000       0.000    
   362880.   42.70415690   23.8135   0.000       0.000      0.2928E-03  0.4151E-09-0.4826E-02 0.4533E-02  0.000      0.000      0.000      0.000       0.000       0.000       0.000       0.000       0.000       0.000    
   380160.   42.70415690   23.8092   0.000       0.000      0.2927E-03  0.5112E-09-0.4824E-02 0.4531E-02  0.000      0.000      0.000      0.000       0.000       0.000       0.000       0.000       0.000       0.000    
   397440.   42.70415690   23.8049   0.000       0.000      0.2926E-03  0.5115E-09-0.4822E-02 0.4530E-02  0.000      0.000      0.000      0.000       0.000       0.000       0.000       0.000       0.000       0.000    
   414720.   42.70415690   23.8006   0.000       0.000      0.2925E-03  0.5100E-09-0.4821E-02 0.4528E-02  0.000      0.000      0.000      0.000       0.000       0.000       0.000       0.000       0.000       0.000    
   432000.   42.70415690   23.7963   0.000       0.000      0.2924E-03  0.5080E-09-0.4819E-02 0.4527E-02  0.000      0.000      0.000      0.000       0.000       0.000       0.000       0.000       0.000       0.000    
   449280.   42.70415690   23.8176   0.000       0.000      0.2929E-03 -0.2924E-08-0.4827E-02 0.4534E-02  0.000      0.000      0.000      0.000       0.000       0.000       0.000       0.000       0.000       0.000    
   466560.   42.70415690   23.8388   0.000       0.000      0.2933E-03 -0.2837E-08-0.4834E-02 0.4540E-02  0.000      0.000      0.000      0.000       0.000       0.000       0.000       0.000       0.000       0.000    
   483840.   42.70415690   23.8598   0.000       0.000      0.2938E-03 -0.2822E-08-0.4841E-02 0.4547E-02  0.000      0.000      0.000      0.000       0.000       0.000       0.000       0.000       0.000       0.000    
   501120.   42.70415690   23.8808   0.000       0.000      0.2942E-03 -0.2810E-08-0.4848E-02 0.4553E-02  0.000      0.000      0.000      0.000       0.000       0.000       0.000       0.000       0.000       0.000    
   518400.   42.70415690   23.9016   0.000       0.000      0.2947E-03 -0.2798E-08-0.4855E-02 0.4560E-02  0.000      0.000      0.000      0.000       0.000       0.000       0.000       0.000       0.000       0.000    
   535680.   42.70415690   23.9026   0.000       0.000      0.2947E-03 -0.1100E-09-0.4855E-02 0.4560E-02  0.000      0.000      0.000      0.000       0.000       0.000       0.000       0.000       0.000       0.000    
   552960.   42.70415690   23.9037   0.000       0.000      0.2947E-03 -0.1676E-09-0.4855E-02 0.4560E-02  0.000      0.000      0.000      0.000       0.000       0.000       0.000       0.000       0.000       0.000    
   570240.   42.70415690   23.9048   0.000       0.000      0.2947E-03 -0.1687E-09-0.4855E-02 0.4560E-02  0.000      0.000      0.000      0.000       0.000       0.000       0.000       0.000       0.000       0.000    
   587520.   42.70415690   23.9059   0.000       0.000      0.2947E-03 -0.1687E-09-0.4855E-02 0.4561E-02  0.000      0.000      0.000      0.000       0.000       0.000       0.000       0.000       0.000       0.000    
   604800.   42.70415690   23.9069   0.000       0.000      0.2948E-03 -0.1684E-09-0.4856E-02 0.4561E-02  0.000      0.000      0.000      0.000       0.000       0.000       0.000       0.000       0.000       0.000    
   622080.   42.70415690   23.9150   0.000       0.000      0.2949E-03 -0.1116E-08-0.4858E-02 0.4563E-02  0.000      0.000      0.000      0.000       0.000       0.000       0.000       0.000       0.000       0.000    
   639360.   42.70415690   23.9231   0.000       0.000      0.2951E-03 -0.1090E-08-0.4861E-02 0.4566E-02  0.000      0.000      0.000      0.000       0.000       0.000       0.000       0.000       0.000       0.000    
   656640.   42.70415690   23.9311   0.000       0.000      0.2953E-03 -0.1084E-08-0.4864E-02 0.4568E-02  0.000      0.000      0.000      0.000       0.000       0.000       0.000       0.000       0.000       0.000    
   673920.   42.70415690   23.9391   0.000       0.000      0.2954E-03 -0.1079E-08-0.4866E-02 0.4571E-02  0.000      0.000      0.000      0.000       0.000       0.000       0.000       0.000       0.000       0.000    
   691200.   42.70415690   23.9470   0.000       0.000      0.2956E-03 -0.1074E-08-0.4869E-02 0.4573E-02  0.000      0.000      0.000      0.000       0.000       0.000       0.000       0.000       0.000       0.000    
   708480.   42.70415690   24.0235   0.000       0.000      0.2972E-03 -0.1042E-07-0.4896E-02 0.4599E-02  0.000      0.000      0.000      0.000       0.000       0.000       0.000       0.000       0.000       0.000    
   725760.   42.70415690   24.0995   0.000       0.000      0.2988E-03 -0.1022E-07-0.4922E-02 0.4623E-02  0.000      0.000      0.000      0.000       0.000       0.000       0.000       0.000       0.000       0.000    
   743040.   42.70415690   24.1751   0.000       0.000      0.3004E-03 -0.1021E-07-0.4947E-02 0.4647E-02  0.000      0.000      0.000      0.000       0.000       0.000       0.000       0.000       0.000       0.000    
   760320.   42.70415690   24.2503   0.000       0.000      0.3020E-03 -0.1020E-07-0.4973E-02 0.4671E-02  0.000      0.000      0.000      0.000       0.000       0.000       0.000       0.000       0.000       0.000    
   777600.   42.70415690   24.3252   0.000       0.000      0.3036E-03 -0.1020E-07-0.4998E-02 0.4694E-02  0.000      0.000      0.000      0.000       0.000       0.000       0.000       0.000       0.000       0.000    
   794880.   42.70415690   24.4608   0.000       0.000      0.3065E-03 -0.1881E-07-0.5045E-02 0.4739E-02  0.000      0.000      0.000      0.000       0.000       0.000       0.000       0.000       0.000       0.000    
   812160.   42.70415690   24.5957   0.000       0.000      0.3093E-03 -0.1870E-07-0.5091E-02 0.4781E-02  0.000      0.000      0.000      0.000       0.000       0.000       0.000       0.000       0.000       0.000    
   829440.   42.70415690   24.7300   0.000       0.000      0.3122E-03 -0.1877E-07-0.5136E-02 0.4824E-02  0.000      0.000      0.000      0.000       0.000       0.000       0.000       0.000       0.000       0.000    
   846720.   42.70415690   24.8635   0.000       0.000      0.3150E-03 -0.1884E-07-0.5182E-02 0.4867E-02  0.000      0.000      0.000      0.000       0.000       0.000       0.000       0.000       0.000       0.000    
   864000.   42.70415690   24.9964   0.000       0.000      0.3178E-03 -0.1890E-07-0.5227E-02 0.4909E-02  0.000      0.000      0.000      0.000       0.000       0.000       0.000       0.000       0.000       0.000    
   881280.   42.70415690   25.0744   0.000       0.000      0.3195E-03 -0.1099E-07-0.5253E-02 0.4933E-02  0.000      0.000      0.000      0.000       0.000       0.000       0.000       0.000       0.000       0.000    
   898560.   42.70415690   25.1521   0.000       0.000      0.3211E-03 -0.1116E-07-0.5279E-02 0.4958E-02  0.000      0.000      0.000      0.000       0.000       0.000       0.000       0.000       0.000       0.000    
   915840.   42.70415690   25.2295   0.000       0.000      0.3228E-03 -0.1116E-07-0.5306E-02 0.4983E-02  0.000      0.000      0.000      0.000       0.000       0.000       0.000       0.000       0.000       0.000    
   933120.   42.70415690   25.3065   0.000       0.000      0.3244E-03 -0.1116E-07-0.5332E-02 0.5008E-02  0.000      0.000      0.000      0.000       0.000       0.000       0.000       0.000       0.000       0.000    
   950400.   42.70415690   25.3831   0.000       0.000      0.3260E-03 -0.1116E-07-0.5358E-02 0.5032E-02  0.000      0.000      0.000      0.000       0.000       0.000       0.000       0.000       0.000       0.000    
   967680.   42.70415690   25.5310   0.000       0.000      0.3292E-03 -0.2200E-07-0.5409E-02 0.5080E-02  0.000      0.000      0.000      0.000       0.000       0.000       0.000       0.000       0.000       0.000    
   984960.   42.70415690   25.6782   0.000       0.000      0.3323E-03 -0.2186E-07-0.5460E-02 0.5127E-02  0.000      0.000      0.000      0.000       0.000       0.000       0.000       0.000       0.000       0.000    
  1002240.   42.70415690   25.8245   0.000       0.000      0.3354E-03 -0.2194E-07-0.5509E-02 0.5174E-02  0.000      0.000      0.000      0.000       0.000       0.000       0.000       0.000       0.000       0.000    
  1019520.   42.70415690   25.9701   0.000       0.000      0.3384E-03 -0.2203E-07-0.5559E-02 0.5221E-02  0.000      0.000      0.000      0.000       0.000       0.000       0.000       0.000       0.000       0.000    
  1036800.   42.70415690   26.1150   0.000       0.000      0.3415E-03 -0.2211E-07-0.5608E-02 0.5267E-02  0.000      0.000      0.000      0.000       0.000       0.000       0.000       0.000       0.000       0.000    
  1054080.   42.70415690   26.3625   0.000       0.000      0.3468E-03 -0.3865E-07-0.5694E-02 0.5347E-02  0.000      0.000      0.000      0.000       0.000       0.000       0.000       0.000       0.000       0.000    
  1071360.   42.70415690   26.6087   0.000       0.000      0.3520E-03 -0.3869E-07-0.5778E-02 0.5426E-02  0.000      0.000      0.000      0.000       0.000       0.000       0.000       0.000       0.000       0.000    
  1088640.   42.70415690   26.8535   0.000       0.000      0.3571E-03 -0.4547E-07-0.5861E-02 0.5504E-02  0.000      0.000      0.000      0.000       0.000       0.000       0.000       0.000       0.000       0.000    
  1105920.   42.70415690   27.0969   0.000       0.000      0.3623E-03 -0.3960E-07-0.5944E-02 0.5582E-02  0.000      0.000      0.000      0.000       0.000       0.000       0.000       0.000       0.000       0.000    
  1123200.   42.70415690   27.3390   0.000       0.000      0.3674E-03 -0.3986E-07-0.6026E-02 0.5659E-02  0.000      0.000      0.000      0.000       0.000       0.000       0.000       0.000       0.000       0.000    
  1140480.   42.70415690   27.3913   0.000       0.000      0.3685E-03 -0.7888E-08-0.6042E-02 0.5674E-02  0.000      0.000      0.000      0.000       0.000       0.000       0.000       0.000       0.000       0.000    
  1157760.   42.70415690   27.4434   0.000       0.000      0.3696E-03 -0.8497E-08-0.6060E-02 0.5691E-02  0.000      0.000      0.000      0.000       0.000       0.000       0.000       0.000       0.000       0.000    
  1175040.   42.70415690   27.4952   0.000       0.000      0.3707E-03 -0.8486E-08-0.6078E-02 0.5708E-02  0.000      0.000      0.000      0.000       0.000       0.000       0.000       0.000       0.000       0.000    
  1192320.   42.70415690   27.5467   0.000       0.000      0.3718E-03 -0.8465E-08-0.6096E-02 0.5725E-02  0.000      0.000      0.000      0.000       0.000       0.000       0.000       0.000       0.000       0.000    
  1209600.   42.70415690   27.5979   0.000       0.000      0.3729E-03 -0.8443E-08-0.6114E-02 0.5741E-02  0.000      0.000      0.000      0.000       0.000       0.000       0.000       0.000       0.000       0.000    
  1226880.   42.70415690   27.5794   0.000       0.000      0.3725E-03  0.3560E-08-0.6107E-02 0.5735E-02  0.000      0.000      0.000      0.000       0.000       0.000       0.000       0.000       0.000       0.000    
  1244160.   42.70415690   27.5609   0.000       0.000      0.3721E-03  0.3299E-08-0.6102E-02 0.5730E-02  0.000      0.000      0.000      0.000       0.000       0.000       0.000       0.000       0.000       0.000    
  1261440.   42.70415690   27.5426   0.000       0.000      0.3717E-03  0.3270E-08-0.6096E-02 0.5724E-02  0.000      0.000      0.000      0.000       0.000       0.000       0.000       0.000       0.000       0.000    
  1278720.   42.70415690   27.5242   0.000       0.000      0.3713E-03  0.3245E-08-0.6090E-02 0.5719E-02  0.000      0.000      0.000      0.000       0.000       0.000       0.000       0.000       0.000       0.000    
  1296000.   42.70415690   27.5060   0.000       0.000      0.3710E-03  0.3222E-08-0.6084E-02 0.5713E-02  0.000      0.000      0.000      0.000       0.000       0.000       0.000       0.000       0.000       0.000    
  1313280.   42.70415690   27.4658   0.000       0.000      0.3701E-03  0.6970E-08-0.6071E-02 0.5701E-02  0.000      0.000      0.000      0.000       0.000       0.000       0.000       0.000       0.000       0.000    
  1330560.   42.70415690   27.4258   0.000       0.000      0.3693E-03  0.6839E-08-0.6057E-02 0.5688E-02  0.000      0.000      0.000      0.000       0.000       0.000       0.000       0.000       0.000       0.000    
  1347840.   42.70415690   27.3859   0.000       0.000      0.3684E-03  0.6783E-08-0.6044E-02 0.5676E-02  0.000      0.000      0.000      0.000       0.000       0.000       0.000       0.000       0.000       0.000    
  1365120.   42.70415690   27.3462   0.000       0.000      0.3676E-03  0.6728E-08-0.6031E-02 0.5664E-02  0.000      0.000      0.000      0.000       0.000       0.000       0.000       0.000       0.000       0.000    
  1382400.   42.70415690   27.3067   0.000       0.000      0.3667E-03  0.6675E-08-0.6018E-02 0.5651E-02  0.000      0.000      0.000      0.000       0.000       0.000       0.000       0.000       0.000       0.000    
  1399680.   42.70415690   27.2534   0.000       0.000      0.3656E-03  0.8986E-08-0.6000E-02 0.5634E-02  0.000      0.000      0.000      0.000       0.000       0.000       0.000       0.000       0.000       0.000    
  1416960.   42.70415690   27.2003   0.000       0.000      0.3645E-03  0.8861E-08-0.5982E-02 0.5618E-02  0.000      0.000      0.000      0.000       0.000       0.000       0.000       0.000       0.000       0.000    
  1434240.   42.70415690   27.1475   0.000       0.000      0.3634E-03  0.8783E-08-0.5964E-02 0.5601E-02  0.000      0.000      0.000      0.000       0.000       0.000       0.000       0.000       0.000       0.000    
  1451520.   42.70415690   27.0949   0.000       0.000      0.3623E-03  0.8707E-08-0.5947E-02 0.5585E-02  0.000      0.000      0.000      0.000       0.000       0.000       0.000       0.000       0.000       0.000    
  1468800.   42.70415690   27.0426   0.000       0.000      0.3611E-03  0.8631E-08-0.5929E-02 0.5568E-02  0.000      0.000      0.000      0.000       0.000       0.000       0.000       0.000       0.000       0.000    
  1486080.   42.70415690   26.9796   0.000       0.000      0.3598E-03  0.1037E-07-0.5908E-02 0.5548E-02  0.000      0.000      0.000      0.000       0.000       0.000       0.000       0.000       0.000       0.000    
  1503360.   42.70415690   26.9170   0.000       0.000      0.3585E-03  0.1023E-07-0.5887E-02 0.5528E-02  0.000      0.000      0.000      0.000       0.000       0.000       0.000       0.000       0.000       0.000    
  1520640.   42.70415690   26.8547   0.000       0.000      0.3572E-03  0.1014E-07-0.5866E-02 0.5509E-02  0.000      0.000      0.000      0.000       0.000       0.000       0.000       0.000       0.000       0.000    
  1537920.   42.70415690   26.7926   0.000       0.000      0.3559E-03  0.1004E-07-0.5845E-02 0.5489E-02  0.000      0.000      0.000      0.000       0.000       0.000       0.000       0.000       0.000       0.000    
  1555200.   42.70415690   26.7309   0.000       0.000      0.3546E-03  0.9951E-08-0.5824E-02 0.5469E-02  0.000      0.000      0.000      0.000       0.000       0.000       0.000       0.000       0.000       0.000    
  1572480.   42.70415690   26.6622   0.000       0.000      0.3531E-03  0.1105E-07-0.5801E-02 0.5448E-02  0.000      0.000      0.000      0.000       0.000       0.000       0.000       0.000       0.000       0.000    
  1589760.   42.70415690   26.5938   0.000       0.000      0.3517E-03  0.1092E-07-0.5778E-02 0.5426E-02  0.000      0.000      0.000      0.000       0.000       0.000       0.000       0.000       0.000       0.000    
  1607040.   42.70415690   26.5259   0.000       0.000      0.3502E-03  0.1692E-07-0.5755E-02 0.5404E-02  0.000      0.000      0.000      0.000       0.000       0.000       0.000       0.000       0.000       0.000    
  1624320.   42.70415690   26.4584   0.000       0.000      0.3488E-03  0.1067E-07-0.5732E-02 0.5383E-02  0.000      0.000      0.000      0.000       0.000       0.000       0.000       0.000       0.000       0.000    
  1641600.   42.70415690   26.3914   0.000       0.000      0.3474E-03  0.1047E-07-0.5709E-02 0.5361E-02  0.000      0.000      0.000      0.000       0.000       0.000       0.000       0.000       0.000       0.000    
  1658880.   42.70415690   26.3230   0.000       0.000      0.3459E-03  0.1064E-07-0.5686E-02 0.5340E-02  0.000      0.000      0.000      0.000       0.000       0.000       0.000       0.000       0.000       0.000    
  1676160.   42.70415690   26.2551   0.000       0.000      0.3445E-03  0.1052E-07-0.5662E-02 0.5318E-02  0.000      0.000      0.000      0.000       0.000       0.000       0.000       0.000       0.000       0.000    
  1693440.   42.70415690   26.1876   0.000       0.000      0.3431E-03  0.1041E-07-0.5639E-02 0.5296E-02  0.000      0.000      0.000      0.000       0.000       0.000       0.000       0.000       0.000       0.000    
  1710720.   42.70415690   26.1205   0.000       0.000      0.3416E-03  0.1030E-07-0.5617E-02 0.5275E-02  0.000      0.000      0.000      0.000       0.000       0.000       0.000       0.000       0.000       0.000    
  1728000.   42.70415690   26.0539   0.000       0.000      0.3402E-03  0.1019E-07-0.5594E-02 0.5254E-02  0.000      0.000      0.000      0.000       0.000       0.000       0.000       0.000       0.000       0.000    
  1745280.   42.70415690   25.9891   0.000       0.000      0.3389E-03  0.9847E-08-0.5572E-02 0.5233E-02  0.000      0.000      0.000      0.000       0.000       0.000       0.000       0.000       0.000       0.000    
  1762560.   42.70415690   25.9247   0.000       0.000      0.3375E-03  0.9755E-08-0.5550E-02 0.5212E-02  0.000      0.000      0.000      0.000       0.000       0.000       0.000       0.000       0.000       0.000    
  1779840.   42.70415690   25.8607   0.000       0.000      0.3361E-03  0.9659E-08-0.5528E-02 0.5192E-02  0.000      0.000      0.000      0.000       0.000       0.000       0.000       0.000       0.000       0.000    
  1797120.   42.70415690   25.7970   0.000       0.000      0.3348E-03  0.9565E-08-0.5506E-02 0.5171E-02  0.000      0.000      0.000      0.000       0.000       0.000       0.000       0.000       0.000       0.000    
  1814400.   42.70415690   25.7337   0.000       0.000      0.3334E-03  0.9472E-08-0.5484E-02 0.5151E-02  0.000      0.000      0.000      0.000       0.000       0.000       0.000       0.000       0.000       0.000    
  1831680.   42.70415690   25.6670   0.000       0.000      0.3320E-03  0.9949E-08-0.5462E-02 0.5130E-02  0.000      0.000      0.000      0.000       0.000       0.000       0.000       0.000       0.000       0.000    
  1848960.   42.70415690   25.6006   0.000       0.000      0.3306E-03  0.9840E-08-0.5439E-02 0.5108E-02  0.000      0.000      0.000      0.000       0.000       0.000       0.000       0.000       0.000       0.000    
  1866240.   42.70415690   25.5346   0.000       0.000      0.3292E-03  0.9743E-08-0.5416E-02 0.5087E-02  0.000      0.000      0.000      0.000       0.000       0.000       0.000       0.000       0.000       0.000    
  1883520.   42.70415690   25.4689   0.000       0.000      0.3278E-03  0.9647E-08-0.5394E-02 0.5066E-02  0.000      0.000      0.000      0.000       0.000       0.000       0.000       0.000       0.000       0.000    
  1900800.   42.70415690   25.4036   0.000       0.000      0.3265E-03  0.9553E-08-0.5372E-02 0.5045E-02  0.000      0.000      0.000      0.000       0.000       0.000       0.000       0.000       0.000       0.000    
  1918080.   42.70415690   25.3359   0.000       0.000      0.3250E-03  0.9860E-08-0.5348E-02 0.5023E-02  0.000      0.000      0.000      0.000       0.000       0.000       0.000       0.000       0.000       0.000    
  1935360.   42.70415690   25.2686   0.000       0.000      0.3236E-03  0.9754E-08-0.5325E-02 0.5002E-02  0.000      0.000      0.000      0.000       0.000       0.000       0.000       0.000       0.000       0.000    
  1952640.   42.70415690   25.2017   0.000       0.000      0.3222E-03  0.9657E-08-0.5302E-02 0.4980E-02  0.000      0.000      0.000      0.000       0.000       0.000       0.000       0.000       0.000       0.000    
  1969920.   42.70415690   25.1351   0.000       0.000      0.3208E-03  0.9561E-08-0.5280E-02 0.4959E-02  0.000      0.000      0.000      0.000       0.000       0.000       0.000       0.000       0.000       0.000    
  1987200.   42.70415690   25.0689   0.000       0.000      0.3194E-03  0.9467E-08-0.5257E-02 0.4938E-02  0.000      0.000      0.000      0.000       0.000       0.000       0.000       0.000       0.000       0.000    
  2004480.   42.70415690   25.0043   0.000       0.000      0.3180E-03  0.9189E-08-0.5235E-02 0.4917E-02  0.000      0.000      0.000      0.000       0.000       0.000       0.000       0.000       0.000       0.000    
  2021760.   42.70415690   24.9400   0.000       0.000      0.3166E-03  0.9103E-08-0.5213E-02 0.4896E-02  0.000      0.000      0.000      0.000       0.000       0.000       0.000       0.000       0.000       0.000    
  2039040.   42.70415690   24.8761   0.000       0.000      0.3153E-03  0.9015E-08-0.5191E-02 0.4876E-02  0.000      0.000      0.000      0.000       0.000       0.000       0.000       0.000       0.000       0.000    
  2056320.   42.70415690   24.8125   0.000       0.000      0.3139E-03  0.8927E-08-0.5169E-02 0.4855E-02  0.000      0.000      0.000      0.000       0.000       0.000       0.000       0.000       0.000       0.000    
  2073600.   42.70415690   24.7492   0.000       0.000      0.3126E-03  0.8840E-08-0.5148E-02 0.4835E-02  0.000      0.000      0.000      0.000       0.000       0.000       0.000       0.000       0.000       0.000    
  2090880.   42.70415690   24.6834   0.000       0.000      0.3112E-03  0.9166E-08-0.5125E-02 0.4814E-02  0.000      0.000      0.000      0.000       0.000       0.000       0.000       0.000       0.000       0.000    
  2108160.   42.70415690   24.6180   0.000       0.000      0.3098E-03  0.9066E-08-0.5103E-02 0.4793E-02  0.000      0.000      0.000      0.000       0.000       0.000       0.000       0.000       0.000       0.000    
  2125440.   42.70415690   24.5529   0.000       0.000      0.3084E-03  0.8976E-08-0.5080E-02 0.4772E-02  0.000      0.000      0.000      0.000       0.000       0.000       0.000       0.000       0.000       0.000    
  2142720.   42.70415690   24.4881   0.000       0.000      0.3071E-03  0.8887E-08-0.5058E-02 0.4751E-02  0.000      0.000      0.000      0.000       0.000       0.000       0.000       0.000       0.000       0.000    
  2160000.   42.70415690   24.4237   0.000       0.000      0.3057E-03  0.8799E-08-0.5036E-02 0.4730E-02  0.000      0.000      0.000      0.000       0.000       0.000       0.000       0.000       0.000       0.000    
  2177280.   42.70415690   24.3576   0.000       0.000      0.3043E-03  0.8995E-08-0.5013E-02 0.4709E-02  0.000      0.000      0.000      0.000       0.000       0.000       0.000       0.000       0.000       0.000    
  2194560.   42.70415690   24.2919   0.000       0.000      0.3029E-03  0.8898E-08-0.4991E-02 0.4688E-02  0.000      0.000      0.000      0.000       0.000       0.000       0.000       0.000       0.000       0.000    
  2211840.   42.70415690   24.2265   0.000       0.000      0.3015E-03  0.8809E-08-0.4968E-02 0.4667E-02  0.000      0.000      0.000      0.000       0.000       0.000       0.000       0.000       0.000       0.000    
  2229120.   42.70415690   24.1614   0.000       0.000      0.3002E-03  0.8720E-08-0.4946E-02 0.4646E-02  0.000      0.000      0.000      0.000       0.000       0.000       0.000       0.000       0.000       0.000    
  2246400.   42.70415690   24.0967   0.000       0.000      0.2988E-03  0.8633E-08-0.4924E-02 0.4625E-02  0.000      0.000      0.000      0.000       0.000       0.000       0.000       0.000       0.000       0.000    
  2263680.   42.70415690   24.0303   0.000       0.000      0.2974E-03  0.8828E-08-0.4901E-02 0.4604E-02  0.000      0.000      0.000      0.000       0.000       0.000       0.000       0.000       0.000       0.000    
  2280960.   42.70415690   23.9643   0.000       0.000      0.2960E-03  0.8732E-08-0.4878E-02 0.4582E-02  0.000      0.000      0.000      0.000       0.000       0.000       0.000       0.000       0.000       0.000    
  2298240.   42.70415690   23.8986   0.000       0.000      0.2946E-03  0.8643E-08-0.4856E-02 0.4561E-02  0.000      0.000      0.000      0.000       0.000       0.000       0.000       0.000       0.000       0.000    
  2315520.   42.70415690   23.8332   0.000       0.000      0.2932E-03  0.8555E-08-0.4833E-02 0.4540E-02  0.000      0.000      0.000      0.000       0.000       0.000       0.000       0.000       0.000       0.000    
  2332800.   42.70415690   23.7682   0.000       0.000      0.2918E-03  0.8468E-08-0.4811E-02 0.4519E-02  0.000      0.000      0.000      0.000       0.000       0.000       0.000       0.000       0.000       0.000    
  2350080.   42.70415690   23.7022   0.000       0.000      0.2904E-03  0.8563E-08-0.4788E-02 0.4498E-02  0.000      0.000      0.000      0.000       0.000       0.000       0.000       0.000       0.000       0.000    
  2367360.   42.70415690   23.6365   0.000       0.000      0.2890E-03  0.8471E-08-0.4766E-02 0.4477E-02  0.000      0.000      0.000      0.000       0.000       0.000       0.000       0.000       0.000       0.000    
  2384640.   42.70415690   23.5712   0.000       0.000      0.2877E-03  0.8384E-08-0.4744E-02 0.4456E-02  0.000      0.000      0.000      0.000       0.000       0.000       0.000       0.000       0.000       0.000    
  2401920.   42.70415690   23.5063   0.000       0.000      0.2863E-03  0.8298E-08-0.4721E-02 0.4435E-02  0.000      0.000      0.000      0.000       0.000       0.000       0.000       0.000       0.000       0.000    
  2419200.   42.70415690   23.4417   0.000       0.000      0.2849E-03  0.8213E-08-0.4699E-02 0.4414E-02  0.000      0.000      0.000      0.000       0.000       0.000       0.000       0.000       0.000       0.000    
  2436480.   42.70415690   23.3889   0.000       0.000      0.2838E-03  0.6634E-08-0.4681E-02 0.4397E-02  0.000      0.000      0.000      0.000       0.000       0.000       0.000       0.000       0.000       0.000    
  2453760.   42.70415690   23.3363   0.000       0.000      0.2827E-03  0.6605E-08-0.4663E-02 0.4380E-02  0.000      0.000      0.000      0.000       0.000       0.000       0.000       0.000       0.000       0.000    
  2471040.   42.70415690   23.2841   0.000       0.000      0.2816E-03  0.6544E-08-0.4645E-02 0.4363E-02  0.000      0.000      0.000      0.000       0.000       0.000       0.000       0.000       0.000       0.000    
  2488320.   42.70415690   23.2321   0.000       0.000      0.2805E-03  0.6484E-08-0.4627E-02 0.4347E-02  0.000      0.000      0.000      0.000       0.000       0.000       0.000       0.000       0.000       0.000    
  2505600.   42.70415690   23.1804   0.000       0.000      0.2794E-03  0.6424E-08-0.4609E-02 0.4330E-02  0.000      0.000      0.000      0.000       0.000       0.000       0.000       0.000       0.000       0.000    
  2522880.   42.70415690   23.1286   0.000       0.000      0.2783E-03  0.6418E-08-0.4592E-02 0.4313E-02  0.000      0.000      0.000      0.000       0.000       0.000       0.000       0.000       0.000       0.000    
  2540160.   42.70415690   23.0770   0.000       0.000      0.2772E-03  0.6357E-08-0.4574E-02 0.4297E-02  0.000      0.000      0.000      0.000       0.000       0.000       0.000       0.000       0.000       0.000    
  2557440.   42.70415690   23.0258   0.000       0.000      0.2761E-03  0.6297E-08-0.4556E-02 0.4280E-02  0.000      0.000      0.000      0.000       0.000       0.000       0.000       0.000       0.000       0.000    
  2574720.   42.70415690   22.9748   0.000       0.000      0.2750E-03  0.6239E-08-0.4539E-02 0.4264E-02  0.000      0.000      0.000      0.000       0.000       0.000       0.000       0.000       0.000       0.000    
  2592000.   42.70415690   22.9240   0.000       0.000      0.2739E-03  0.6181E-08-0.4521E-02 0.4247E-02  0.000      0.000      0.000      0.000       0.000       0.000       0.000       0.000       0.000       0.000    
  2609280.   42.70415690   22.9186   0.000       0.000      0.2738E-03  0.4668E-09-0.4520E-02 0.4246E-02  0.000      0.000      0.000      0.000       0.000       0.000       0.000       0.000       0.000       0.000    
  2626560.   42.70415690   22.9132   0.000       0.000      0.2737E-03  0.5921E-09-0.4518E-02 0.4244E-02  0.000      0.000      0.000      0.000       0.000       0.000       0.000       0.000       0.000       0.000    
  2643840.   42.70415690   22.9077   0.000       0.000      0.2736E-03  0.5940E-09-0.4515E-02 0.4242E-02  0.000      0.000      0.000      0.000       0.000       0.000       0.000       0.000       0.000       0.000    
  2661120.   42.70415690   22.9023   0.000       0.000      0.2735E-03  0.5934E-09-0.4513E-02 0.4240E-02  0.000      0.000      0.000      0.000       0.000       0.000       0.000       0.000       0.000       0.000    
  2678400.   42.70415690   22.8969   0.000       0.000      0.2734E-03  0.5919E-09-0.4511E-02 0.4238E-02  0.000      0.000      0.000      0.000       0.000       0.000       0.000       0.000       0.000       0.000    
  2695680.   42.70415690   23.0157   0.000       0.000      0.2759E-03 -0.1508E-07-0.4553E-02 0.4277E-02  0.000      0.000      0.000      0.000       0.000       0.000       0.000       0.000       0.000       0.000    
  2712960.   42.70415690   23.1337   0.000       0.000      0.2784E-03 -0.1478E-07-0.4593E-02 0.4315E-02  0.000      0.000      0.000      0.000       0.000       0.000       0.000       0.000       0.000       0.000    
  2730240.   42.70415690   23.2511   0.000       0.000      0.2809E-03 -0.1482E-07-0.4633E-02 0.4352E-02  0.000      0.000      0.000      0.000       0.000       0.000       0.000       0.000       0.000       0.000    
  2747520.   42.70415690   23.3679   0.000       0.000      0.2833E-03 -0.1487E-07-0.4672E-02 0.4389E-02  0.000      0.000      0.000      0.000       0.000       0.000       0.000       0.000       0.000       0.000    
  2764800.   42.70415690   23.4841   0.000       0.000      0.2858E-03 -0.1491E-07-0.4711E-02 0.4426E-02  0.000      0.000      0.000      0.000       0.000       0.000       0.000       0.000       0.000       0.000    
  2782080.   42.70415690   23.7767   0.000       0.000      0.2920E-03 -0.3860E-07-0.4813E-02 0.4521E-02  0.000      0.000      0.000      0.000       0.000       0.000       0.000       0.000       0.000       0.000    
  2799360.   42.70415690   24.0677   0.000       0.000      0.2982E-03 -0.3869E-07-0.4912E-02 0.4614E-02  0.000      0.000      0.000      0.000       0.000       0.000       0.000       0.000       0.000       0.000    
  2816640.   42.70415690   24.3571   0.000       0.000      0.3043E-03 -0.3928E-07-0.5010E-02 0.4706E-02  0.000      0.000      0.000      0.000       0.000       0.000       0.000       0.000       0.000       0.000    
  2833920.   42.70415690   24.6451   0.000       0.000      0.3104E-03 -0.3986E-07-0.5108E-02 0.4797E-02  0.000      0.000      0.000      0.000       0.000       0.000       0.000       0.000       0.000       0.000    
  2851200.   42.70415690   24.9316   0.000       0.000      0.3165E-03 -0.4043E-07-0.5205E-02 0.4889E-02  0.000      0.000      0.000      0.000       0.000       0.000       0.000       0.000       0.000       0.000    
  2868480.   42.70415690   24.9380   0.000       0.000      0.3166E-03  0.1446E-10-0.5204E-02 0.4887E-02  0.000      0.000      0.000      0.000       0.000       0.000       0.000       0.000       0.000       0.000    
  2885760.   42.70415690   24.9447   0.000       0.000      0.3167E-03 -0.8533E-09-0.5206E-02 0.4889E-02  0.000      0.000      0.000      0.000       0.000       0.000       0.000       0.000       0.000       0.000    
  2903040.   42.70415690   24.9516   0.000       0.000      0.3169E-03 -0.8812E-09-0.5209E-02 0.4892E-02  0.000      0.000      0.000      0.000       0.000       0.000       0.000       0.000       0.000       0.000    
  2920320.   42.70415690   24.9585   0.000       0.000      0.3170E-03 -0.8922E-09-0.5211E-02 0.4894E-02  0.000      0.000      0.000      0.000       0.000       0.000       0.000       0.000       0.000       0.000    
  2937600.   42.70415690   24.9654   0.000       0.000      0.3172E-03 -0.8985E-09-0.5214E-02 0.4896E-02  0.000      0.000      0.000      0.000       0.000       0.000       0.000       0.000       0.000       0.000    
  2954880.   42.70415690   24.9904   0.000       0.000      0.3177E-03 -0.3552E-08-0.5223E-02 0.4905E-02  0.000      0.000      0.000      0.000       0.000       0.000       0.000       0.000       0.000       0.000    
  2972160.   42.70415690   25.0153   0.000       0.000      0.3182E-03 -0.3488E-08-0.5231E-02 0.4913E-02  0.000      0.000      0.000      0.000       0.000       0.000       0.000       0.000       0.000       0.000    
  2989440.   42.70415690   25.0401   0.000       0.000      0.3188E-03 -0.3478E-08-0.5240E-02 0.4921E-02  0.000      0.000      0.000      0.000       0.000       0.000       0.000       0.000       0.000       0.000    
  3006720.   42.70415690   25.0647   0.000       0.000      0.3193E-03 -0.3467E-08-0.5248E-02 0.4929E-02  0.000      0.000      0.000      0.000       0.000       0.000       0.000       0.000       0.000       0.000    
  3024000.   42.70415690   25.0892   0.000       0.000      0.3198E-03 -0.3457E-08-0.5257E-02 0.4937E-02  0.000      0.000      0.000      0.000       0.000       0.000       0.000       0.000       0.000       0.000    
  3041280.   42.70415690   25.1579   0.000       0.000      0.3213E-03 -0.9983E-08-0.5281E-02 0.4960E-02  0.000      0.000      0.000      0.000       0.000       0.000       0.000       0.000       0.000       0.000    
  3058560.   42.70415690   25.2261   0.000       0.000      0.3227E-03 -0.9836E-08-0.5304E-02 0.4982E-02  0.000      0.000      0.000      0.000       0.000       0.000       0.000       0.000       0.000       0.000    
  3075840.   42.70415690   25.2940   0.000       0.000      0.3241E-03 -0.9824E-08-0.5327E-02 0.5003E-02  0.000      0.000      0.000      0.000       0.000       0.000       0.000       0.000       0.000       0.000    
  3093120.   42.70415690   25.3614   0.000       0.000      0.3256E-03 -0.9813E-08-0.5350E-02 0.5025E-02  0.000      0.000      0.000      0.000       0.000       0.000       0.000       0.000       0.000       0.000    
  3110400.   42.70415690   25.4286   0.000       0.000      0.3270E-03 -0.9802E-08-0.5373E-02 0.5046E-02  0.000      0.000      0.000      0.000       0.000       0.000       0.000       0.000       0.000       0.000    
  3127680.   42.70415690   25.4232   0.000       0.000      0.3269E-03  0.1097E-08-0.5371E-02 0.5044E-02  0.000      0.000      0.000      0.000       0.000       0.000       0.000       0.000       0.000       0.000    
  3144960.   42.70415690   25.4178   0.000       0.000      0.3268E-03  0.8624E-09-0.5369E-02 0.5042E-02  0.000      0.000      0.000      0.000       0.000       0.000       0.000       0.000       0.000       0.000    
  3162240.   42.70415690   25.4125   0.000       0.000      0.3266E-03  0.8487E-09-0.5368E-02 0.5041E-02  0.000      0.000      0.000      0.000       0.000       0.000       0.000       0.000       0.000       0.000    
  3179520.   42.70415690   25.4073   0.000       0.000      0.3265E-03  0.8395E-09-0.5366E-02 0.5039E-02  0.000      0.000      0.000      0.000       0.000       0.000       0.000       0.000       0.000       0.000    
  3196800.   42.70415690   25.4021   0.000       0.000      0.3264E-03  0.8317E-09-0.5364E-02 0.5038E-02  0.000      0.000      0.000      0.000       0.000       0.000       0.000       0.000       0.000       0.000    
  3214080.   42.70415690   25.3654   0.000       0.000      0.3256E-03  0.5544E-08-0.5352E-02 0.5026E-02  0.000      0.000      0.000      0.000       0.000       0.000       0.000       0.000       0.000       0.000    
  3231360.   42.70415690   25.3289   0.000       0.000      0.3249E-03  0.5399E-08-0.5339E-02 0.5015E-02  0.000      0.000      0.000      0.000       0.000       0.000       0.000       0.000       0.000       0.000    
  3248640.   42.70415690   25.2927   0.000       0.000      0.3241E-03  0.5352E-08-0.5327E-02 0.5003E-02  0.000      0.000      0.000      0.000       0.000       0.000       0.000       0.000       0.000       0.000    
  3265920.   42.70415690   25.2566   0.000       0.000      0.3233E-03  0.5307E-08-0.5315E-02 0.4992E-02  0.000      0.000      0.000      0.000       0.000       0.000       0.000       0.000       0.000       0.000    
  3283200.   42.70415690   25.2207   0.000       0.000      0.3226E-03  0.5264E-08-0.5303E-02 0.4980E-02  0.000      0.000      0.000      0.000       0.000       0.000       0.000       0.000       0.000       0.000    
  3300480.   42.70415690   25.2010   0.000       0.000      0.3222E-03  0.2846E-08-0.5297E-02 0.4975E-02  0.000      0.000      0.000      0.000       0.000       0.000       0.000       0.000       0.000       0.000    
  3317760.   42.70415690   25.1813   0.000       0.000      0.3217E-03  0.2876E-08-0.5290E-02 0.4968E-02  0.000      0.000      0.000      0.000       0.000       0.000       0.000       0.000       0.000       0.000    
  3335040.   42.70415690   25.1618   0.000       0.000      0.3213E-03  0.2858E-08-0.5284E-02 0.4962E-02  0.000      0.000      0.000      0.000       0.000       0.000       0.000       0.000       0.000       0.000    
  3352320.   42.70415690   25.1423   0.000       0.000      0.3209E-03  0.2839E-08-0.5277E-02 0.4956E-02  0.000      0.000      0.000      0.000       0.000       0.000       0.000       0.000       0.000       0.000    
  3369600.   42.70415690   25.1229   0.000       0.000      0.3205E-03  0.2820E-08-0.5271E-02 0.4950E-02  0.000      0.000      0.000      0.000       0.000       0.000       0.000       0.000       0.000       0.000    
  3386880.   42.70415690   25.1399   0.000       0.000      0.3209E-03 -0.2549E-08-0.5277E-02 0.4956E-02  0.000      0.000      0.000      0.000       0.000       0.000       0.000       0.000       0.000       0.000    
  3404160.   42.70415690   25.1567   0.000       0.000      0.3212E-03 -0.2424E-08-0.5283E-02 0.4961E-02  0.000      0.000      0.000      0.000       0.000       0.000       0.000       0.000       0.000       0.000    
  3421440.   42.70415690   25.1735   0.000       0.000      0.3216E-03 -0.2409E-08-0.5288E-02 0.4967E-02  0.000      0.000      0.000      0.000       0.000       0.000       0.000       0.000       0.000       0.000    
  3438720.   42.70415690   25.1901   0.000       0.000      0.3219E-03 -0.2396E-08-0.5294E-02 0.4972E-02  0.000      0.000      0.000      0.000       0.000       0.000       0.000       0.000       0.000       0.000    
  3456000.   42.70415690   25.2066   0.000       0.000      0.3223E-03 -0.2384E-08-0.5300E-02 0.4977E-02  0.000      0.000      0.000      0.000       0.000       0.000       0.000       0.000       0.000       0.000    
  3473280.   42.70415690   25.2462   0.000       0.000      0.3231E-03 -0.5802E-08-0.5313E-02 0.4990E-02  0.000      0.000      0.000      0.000       0.000       0.000       0.000       0.000       0.000       0.000    
  3490560.   42.70415690   25.2855   0.000       0.000      0.3240E-03 -0.5712E-08-0.5327E-02 0.5003E-02  0.000      0.000      0.000      0.000       0.000       0.000       0.000       0.000       0.000       0.000    
  3507840.   42.70415690   25.3245   0.000       0.000      0.3248E-03 -0.5692E-08-0.5340E-02 0.5015E-02  0.000      0.000      0.000      0.000       0.000       0.000       0.000       0.000       0.000       0.000    
  3525120.   42.70415690   25.3634   0.000       0.000      0.3256E-03 -0.5673E-08-0.5353E-02 0.5028E-02  0.000      0.000      0.000      0.000       0.000       0.000       0.000       0.000       0.000       0.000    
  3542400.   42.70415690   25.4021   0.000       0.000      0.3264E-03 -0.5656E-08-0.5367E-02 0.5040E-02  0.000      0.000      0.000      0.000       0.000       0.000       0.000       0.000       0.000       0.000    
  3559680.   42.70415690   25.4205   0.000       0.000      0.3268E-03 -0.2626E-08-0.5373E-02 0.5046E-02  0.000      0.000      0.000      0.000       0.000       0.000       0.000       0.000       0.000       0.000    
  3576960.   42.70415690   25.4389   0.000       0.000      0.3272E-03 -0.2678E-08-0.5379E-02 0.5052E-02  0.000      0.000      0.000      0.000       0.000       0.000       0.000       0.000       0.000       0.000    
  3594240.   42.70415690   25.4572   0.000       0.000      0.3276E-03 -0.2668E-08-0.5385E-02 0.5058E-02  0.000      0.000      0.000      0.000       0.000       0.000       0.000       0.000       0.000       0.000    
  3611520.   42.70415690   25.4754   0.000       0.000      0.3280E-03 -0.2658E-08-0.5391E-02 0.5063E-02  0.000      0.000      0.000      0.000       0.000       0.000       0.000       0.000       0.000       0.000    
  3628800.   42.70415690   25.4934   0.000       0.000      0.3284E-03 -0.2647E-08-0.5398E-02 0.5069E-02  0.000      0.000      0.000      0.000       0.000       0.000       0.000       0.000       0.000       0.000    
  3646080.   42.70415690   25.4661   0.000       0.000      0.3278E-03  0.4217E-08-0.5388E-02 0.5060E-02  0.000      0.000      0.000      0.000       0.000       0.000       0.000       0.000       0.000       0.000    
  3663360.   42.70415690   25.4389   0.000       0.000      0.3272E-03  0.4043E-08-0.5379E-02 0.5051E-02  0.000      0.000      0.000      0.000       0.000       0.000       0.000       0.000       0.000       0.000    
  3680640.   42.70415690   25.4118   0.000       0.000      0.3266E-03  0.4008E-08-0.5370E-02 0.5043E-02  0.000      0.000      0.000      0.000       0.000       0.000       0.000       0.000       0.000       0.000    
  3697920.   42.70415690   25.3849   0.000       0.000      0.3261E-03  0.3976E-08-0.5361E-02 0.5034E-02  0.000      0.000      0.000      0.000       0.000       0.000       0.000       0.000       0.000       0.000    
  3715200.   42.70415690   25.3582   0.000       0.000      0.3255E-03  0.3946E-08-0.5351E-02 0.5026E-02  0.000      0.000      0.000      0.000       0.000       0.000       0.000       0.000       0.000       0.000    
  3732480.   42.70415690   25.3399   0.000       0.000      0.3251E-03  0.2669E-08-0.5345E-02 0.5020E-02  0.000      0.000      0.000      0.000       0.000       0.000       0.000       0.000       0.000       0.000    
  3749760.   42.70415690   25.3217   0.000       0.000      0.3247E-03  0.2676E-08-0.5339E-02 0.5015E-02  0.000      0.000      0.000      0.000       0.000       0.000       0.000       0.000       0.000       0.000    
  3767040.   42.70415690   25.3036   0.000       0.000      0.3243E-03  0.2659E-08-0.5333E-02 0.5009E-02  0.000      0.000      0.000      0.000       0.000       0.000       0.000       0.000       0.000       0.000    
  3784320.   42.70415690   25.2855   0.000       0.000      0.3240E-03  0.2641E-08-0.5327E-02 0.5003E-02  0.000      0.000      0.000      0.000       0.000       0.000       0.000       0.000       0.000       0.000    
  3801600.   42.70415690   25.2676   0.000       0.000      0.3236E-03  0.2624E-08-0.5321E-02 0.4997E-02  0.000      0.000      0.000      0.000       0.000       0.000       0.000       0.000       0.000       0.000    
  3818880.   42.70415690   25.2787   0.000       0.000      0.3238E-03 -0.1711E-08-0.5325E-02 0.5001E-02  0.000      0.000      0.000      0.000       0.000       0.000       0.000       0.000       0.000       0.000    
  3836160.   42.70415690   25.2898   0.000       0.000      0.3240E-03 -0.1611E-08-0.5329E-02 0.5005E-02  0.000      0.000      0.000      0.000       0.000       0.000       0.000       0.000       0.000       0.000    
  3853440.   42.70415690   25.3008   0.000       0.000      0.3243E-03 -0.1600E-08-0.5333E-02 0.5008E-02  0.000      0.000      0.000      0.000       0.000       0.000       0.000       0.000       0.000       0.000    
  3870720.   42.70415690   25.3117   0.000       0.000      0.3245E-03 -0.1591E-08-0.5336E-02 0.5012E-02  0.000      0.000      0.000      0.000       0.000       0.000       0.000       0.000       0.000       0.000    
  3888000.   42.70415690   25.3225   0.000       0.000      0.3247E-03 -0.1582E-08-0.5340E-02 0.5015E-02  0.000      0.000      0.000      0.000       0.000       0.000       0.000       0.000       0.000       0.000    
  3905280.   42.70415690   25.3650   0.000       0.000      0.3256E-03 -0.6311E-08-0.5355E-02 0.5029E-02  0.000      0.000      0.000      0.000       0.000       0.000       0.000       0.000       0.000       0.000    
  3922560.   42.70415690   25.4071   0.000       0.000      0.3265E-03 -0.6193E-08-0.5369E-02 0.5043E-02  0.000      0.000      0.000      0.000       0.000       0.000       0.000       0.000       0.000       0.000    
  3939840.   42.70415690   25.4491   0.000       0.000      0.3274E-03 -0.6172E-08-0.5384E-02 0.5056E-02  0.000      0.000      0.000      0.000       0.000       0.000       0.000       0.000       0.000       0.000    
  3957120.   42.70415690   25.4908   0.000       0.000      0.3283E-03 -0.6153E-08-0.5398E-02 0.5069E-02  0.000      0.000      0.000      0.000       0.000       0.000       0.000       0.000       0.000       0.000    
  3974400.   42.70415690   25.5324   0.000       0.000      0.3292E-03 -0.6135E-08-0.5412E-02 0.5083E-02  0.000      0.000      0.000      0.000       0.000       0.000       0.000       0.000       0.000       0.000    
  3991680.   42.70415690   25.5803   0.000       0.000      0.3302E-03 -0.7131E-08-0.5428E-02 0.5098E-02  0.000      0.000      0.000      0.000       0.000       0.000       0.000       0.000       0.000       0.000    
  4008960.   42.70415690   25.6281   0.000       0.000      0.3312E-03 -0.7092E-08-0.5444E-02 0.5113E-02  0.000      0.000      0.000      0.000       0.000       0.000       0.000       0.000       0.000       0.000    
  4026240.   42.70415690   25.6756   0.000       0.000      0.3322E-03 -0.7074E-08-0.5461E-02 0.5128E-02  0.000      0.000      0.000      0.000       0.000       0.000       0.000       0.000       0.000       0.000    
  4043520.   42.70415690   25.7228   0.000       0.000      0.3332E-03 -0.7056E-08-0.5477E-02 0.5144E-02  0.000      0.000      0.000      0.000       0.000       0.000       0.000       0.000       0.000       0.000    
  4060800.   42.70415690   25.7698   0.000       0.000      0.3342E-03 -0.7039E-08-0.5493E-02 0.5159E-02  0.000      0.000      0.000      0.000       0.000       0.000       0.000       0.000       0.000       0.000    
  4078080.   42.70415690   25.7499   0.000       0.000      0.3338E-03  0.3239E-08-0.5485E-02 0.5151E-02  0.000      0.000      0.000      0.000       0.000       0.000       0.000       0.000       0.000       0.000    
  4095360.   42.70415690   25.7301   0.000       0.000      0.3334E-03  0.3004E-08-0.5479E-02 0.5145E-02  0.000      0.000      0.000      0.000       0.000       0.000       0.000       0.000       0.000       0.000    
  4112640.   42.70415690   25.7105   0.000       0.000      0.3330E-03  0.2976E-08-0.5472E-02 0.5139E-02  0.000      0.000      0.000      0.000       0.000       0.000       0.000       0.000       0.000       0.000    
  4129920.   42.70415690   25.6910   0.000       0.000      0.3325E-03  0.2952E-08-0.5465E-02 0.5133E-02  0.000      0.000      0.000      0.000       0.000       0.000       0.000       0.000       0.000       0.000    
  4147200.   42.70415690   25.6716   0.000       0.000      0.3321E-03  0.2930E-08-0.5459E-02 0.5127E-02  0.000      0.000      0.000      0.000       0.000       0.000       0.000       0.000       0.000       0.000    
  4164480.   42.70415690   25.6276   0.000       0.000      0.3312E-03  0.6679E-08-0.5444E-02 0.5113E-02  0.000      0.000      0.000      0.000       0.000       0.000       0.000       0.000       0.000       0.000    
  4181760.   42.70415690   25.5838   0.000       0.000      0.3303E-03  0.6543E-08-0.5429E-02 0.5099E-02  0.000      0.000      0.000      0.000       0.000       0.000       0.000       0.000       0.000       0.000    
  4199040.   42.70415690   25.5402   0.000       0.000      0.3293E-03  0.6485E-08-0.5414E-02 0.5085E-02  0.000      0.000      0.000      0.000       0.000       0.000       0.000       0.000       0.000       0.000    
  4216320.   42.70415690   25.4969   0.000       0.000      0.3284E-03  0.6429E-08-0.5399E-02 0.5071E-02  0.000      0.000      0.000      0.000       0.000       0.000       0.000       0.000       0.000       0.000    
  4233600.   42.70415690   25.4538   0.000       0.000      0.3275E-03  0.6375E-08-0.5385E-02 0.5057E-02  0.000      0.000      0.000      0.000       0.000       0.000       0.000       0.000       0.000       0.000    
  4250880.   42.70415690   25.4057   0.000       0.000      0.3265E-03  0.7093E-08-0.5369E-02 0.5042E-02  0.000      0.000      0.000      0.000       0.000       0.000       0.000       0.000       0.000       0.000    
  4268160.   42.70415690   25.3579   0.000       0.000      0.3255E-03  0.7015E-08-0.5352E-02 0.5027E-02  0.000      0.000      0.000      0.000       0.000       0.000       0.000       0.000       0.000       0.000    
  4285440.   42.70415690   25.3104   0.000       0.000      0.3245E-03  0.6954E-08-0.5336E-02 0.5012E-02  0.000      0.000      0.000      0.000       0.000       0.000       0.000       0.000       0.000       0.000    
  4302720.   42.70415690   25.2631   0.000       0.000      0.3235E-03  0.6893E-08-0.5320E-02 0.4997E-02  0.000      0.000      0.000      0.000       0.000       0.000       0.000       0.000       0.000       0.000    
  4320000.   42.70415690   25.2160   0.000       0.000      0.3225E-03  0.6834E-08-0.5304E-02 0.4982E-02  0.000      0.000      0.000      0.000       0.000       0.000       0.000       0.000       0.000       0.000    
  4337280.   42.70415690   25.1642   0.000       0.000      0.3214E-03  0.7506E-08-0.5286E-02 0.4965E-02  0.000      0.000      0.000      0.000       0.000       0.000       0.000       0.000       0.000       0.000    
  4354560.   42.70415690   25.1127   0.000       0.000      0.3203E-03  0.7424E-08-0.5269E-02 0.4949E-02  0.000      0.000      0.000      0.000       0.000       0.000       0.000       0.000       0.000       0.000    
  4371840.   42.70415690   25.0614   0.000       0.000      0.3192E-03  0.7358E-08-0.5251E-02 0.4932E-02  0.000      0.000      0.000      0.000       0.000       0.000       0.000       0.000       0.000       0.000    
  4389120.   42.70415690   25.0104   0.000       0.000      0.3181E-03  0.7292E-08-0.5234E-02 0.4916E-02  0.000      0.000      0.000      0.000       0.000       0.000       0.000       0.000       0.000       0.000    
  4406400.   42.70415690   24.9597   0.000       0.000      0.3171E-03  0.7227E-08-0.5217E-02 0.4900E-02  0.000      0.000      0.000      0.000       0.000       0.000       0.000       0.000       0.000       0.000    
