TOTIM (T)      HCON          HMAT      QDIR      QWELL        QMAT       QCADS      QTUB1      QTUB2      QTUB3      QTUB4      QTUB5      QTUB6       NSTOR        QFIX        QLH     FHLQ (LQ)        CAUCHY   CAUCHY (LQ)
    86400.   42.70415690   25.2943   0.000       0.000      0.3241E-03   0.000    -0.1306E-02 0.9818E-03  0.000      0.000      0.000      0.000       0.000       0.000       0.000       0.000       0.000       0.000    
   103680.   42.70415690   25.2223   0.000       0.000      0.3226E-03  0.9896E-07-0.9743E-03 0.6513E-03  0.000      0.000      0.000      0.000     -0.2951E-06   0.000       0.000       0.000       0.000       0.000    
   120960.   42.70415690   25.1494   0.000       0.000      0.3211E-03  0.1177E-07-0.9680E-03 0.6469E-03  0.000      0.000      0.000      0.000     -0.3625E-07   0.000       0.000       0.000       0.000       0.000    
   138240.   42.70415690   25.0756   0.000       0.000      0.3195E-03  0.1084E-07-0.9633E-03 0.6438E-03  0.000      0.000      0.000      0.000     -0.3358E-07   0.000       0.000       0.000       0.000       0.000    
   155520.   42.70415690   25.0013   0.000       0.000      0.3180E-03  0.1069E-07-0.9586E-03 0.6406E-03  0.000      0.000      0.000      0.000     -0.3334E-07   0.000       0.000       0.000       0.000       0.000    
   172800.   42.70415690   24.9270   0.000       0.000      0.3164E-03  0.1056E-07-0.9539E-03 0.6375E-03  0.000      0.000      0.000      0.000     -0.3311E-07   0.000       0.000       0.000       0.000       0.000    
   190080.   42.70415690   24.8793   0.000       0.000      0.3154E-03  0.6596E-08-0.9513E-03 0.6359E-03  0.000      0.000      0.000      0.000     -0.2078E-07   0.000       0.000       0.000       0.000       0.000    
   207360.   42.70415690   24.8318   0.000       0.000      0.3144E-03  0.6616E-08-0.9483E-03 0.6339E-03  0.000      0.000      0.000      0.000     -0.2092E-07   0.000       0.000       0.000       0.000       0.000    
   224640.   42.70415690   24.7843   0.000       0.000      0.3134E-03  0.6551E-08-0.9453E-03 0.6319E-03  0.000      0.000      0.000      0.000     -0.2079E-07   0.000       0.000       0.000       0.000       0.000    
   241920.   42.70415690   24.7370   0.000       0.000      0.3124E-03  0.6487E-08-0.9423E-03 0.6299E-03  0.000      0.000      0.000      0.000     -0.2065E-07   0.000       0.000       0.000       0.000       0.000    
   259200.   42.70415690   24.6900   0.000       0.000      0.3114E-03  0.6425E-08-0.9393E-03 0.6279E-03  0.000      0.000      0.000      0.000     -0.2053E-07   0.000       0.000       0.000       0.000       0.000    
   276480.   42.70415690   24.6503   0.000       0.000      0.3105E-03  0.5343E-08-0.9369E-03 0.6263E-03  0.000      0.000      0.000      0.000     -0.1712E-07   0.000       0.000       0.000       0.000       0.000    
   293760.   42.70415690   24.6108   0.000       0.000      0.3097E-03  0.5320E-08-0.9344E-03 0.6247E-03  0.000      0.000      0.000      0.000     -0.1710E-07   0.000       0.000       0.000       0.000       0.000    
   311040.   42.70415690   24.5716   0.000       0.000      0.3089E-03  0.5275E-08-0.9319E-03 0.6230E-03  0.000      0.000      0.000      0.000     -0.1700E-07   0.000       0.000       0.000       0.000       0.000    
   328320.   42.70415690   24.5325   0.000       0.000      0.3080E-03  0.5230E-08-0.9294E-03 0.6213E-03  0.000      0.000      0.000      0.000     -0.1690E-07   0.000       0.000       0.000       0.000       0.000    
   345600.   42.70415690   24.4936   0.000       0.000      0.3072E-03  0.5186E-08-0.9269E-03 0.6197E-03  0.000      0.000      0.000      0.000     -0.1680E-07   0.000       0.000       0.000       0.000       0.000    
   362880.   42.70415690   24.4885   0.000       0.000      0.3071E-03  0.4307E-09-0.9271E-03 0.6200E-03  0.000      0.000      0.000      0.000     -0.1397E-08   0.000       0.000       0.000       0.000       0.000    
   380160.   42.70415690   24.4833   0.000       0.000      0.3070E-03  0.5396E-09-0.9268E-03 0.6198E-03  0.000      0.000      0.000      0.000     -0.1751E-08   0.000       0.000       0.000       0.000       0.000    
   397440.   42.70415690   24.4783   0.000       0.000      0.3069E-03  0.5397E-09-0.9265E-03 0.6196E-03  0.000      0.000      0.000      0.000     -0.1752E-08   0.000       0.000       0.000       0.000       0.000    
   414720.   42.70415690   24.4733   0.000       0.000      0.3068E-03  0.5379E-09-0.9261E-03 0.6194E-03  0.000      0.000      0.000      0.000     -0.1746E-08   0.000       0.000       0.000       0.000       0.000    
   432000.   42.70415690   24.4683   0.000       0.000      0.3067E-03  0.5356E-09-0.9258E-03 0.6191E-03  0.000      0.000      0.000      0.000     -0.1739E-08   0.000       0.000       0.000       0.000       0.000    
   449280.   42.70415690   24.4890   0.000       0.000      0.3071E-03 -0.3052E-08-0.9275E-03 0.6204E-03  0.000      0.000      0.000      0.000      0.9905E-08   0.000       0.000       0.000       0.000       0.000    
   466560.   42.70415690   24.5095   0.000       0.000      0.3075E-03 -0.2955E-08-0.9288E-03 0.6213E-03  0.000      0.000      0.000      0.000      0.9574E-08   0.000       0.000       0.000       0.000       0.000    
   483840.   42.70415690   24.5300   0.000       0.000      0.3080E-03 -0.2940E-08-0.9301E-03 0.6222E-03  0.000      0.000      0.000      0.000      0.9513E-08   0.000       0.000       0.000       0.000       0.000    
   501120.   42.70415690   24.5505   0.000       0.000      0.3084E-03 -0.2927E-08-0.9314E-03 0.6230E-03  0.000      0.000      0.000      0.000      0.9457E-08   0.000       0.000       0.000       0.000       0.000    
   518400.   42.70415690   24.5708   0.000       0.000      0.3088E-03 -0.2915E-08-0.9327E-03 0.6239E-03  0.000      0.000      0.000      0.000      0.9404E-08   0.000       0.000       0.000       0.000       0.000    
   535680.   42.70415690   24.5714   0.000       0.000      0.3088E-03 -0.1060E-09-0.9324E-03 0.6236E-03  0.000      0.000      0.000      0.000      0.3418E-09   0.000       0.000       0.000       0.000       0.000    
   552960.   42.70415690   24.5721   0.000       0.000      0.3089E-03 -0.1716E-09-0.9325E-03 0.6236E-03  0.000      0.000      0.000      0.000      0.5531E-09   0.000       0.000       0.000       0.000       0.000    
   570240.   42.70415690   24.5727   0.000       0.000      0.3089E-03 -0.1729E-09-0.9325E-03 0.6237E-03  0.000      0.000      0.000      0.000      0.5572E-09   0.000       0.000       0.000       0.000       0.000    
   587520.   42.70415690   24.5734   0.000       0.000      0.3089E-03 -0.1731E-09-0.9326E-03 0.6237E-03  0.000      0.000      0.000      0.000      0.5577E-09   0.000       0.000       0.000       0.000       0.000    
   604800.   42.70415690   24.5741   0.000       0.000      0.3089E-03 -0.1729E-09-0.9326E-03 0.6237E-03  0.000      0.000      0.000      0.000      0.5572E-09   0.000       0.000       0.000       0.000       0.000    
   622080.   42.70415690   24.5819   0.000       0.000      0.3091E-03 -0.1163E-08-0.9332E-03 0.6241E-03  0.000      0.000      0.000      0.000      0.3747E-08   0.000       0.000       0.000       0.000       0.000    
   639360.   42.70415690   24.5896   0.000       0.000      0.3092E-03 -0.1135E-08-0.9337E-03 0.6245E-03  0.000      0.000      0.000      0.000      0.3653E-08   0.000       0.000       0.000       0.000       0.000    
   656640.   42.70415690   24.5973   0.000       0.000      0.3094E-03 -0.1129E-08-0.9342E-03 0.6248E-03  0.000      0.000      0.000      0.000      0.3632E-08   0.000       0.000       0.000       0.000       0.000    
   673920.   42.70415690   24.6050   0.000       0.000      0.3096E-03 -0.1123E-08-0.9347E-03 0.6251E-03  0.000      0.000      0.000      0.000      0.3612E-08   0.000       0.000       0.000       0.000       0.000    
   691200.   42.70415690   24.6127   0.000       0.000      0.3097E-03 -0.1118E-08-0.9352E-03 0.6255E-03  0.000      0.000      0.000      0.000      0.3593E-08   0.000       0.000       0.000       0.000       0.000    
   708480.   42.70415690   24.6890   0.000       0.000      0.3113E-03 -0.1089E-07-0.9411E-03 0.6298E-03  0.000      0.000      0.000      0.000      0.3488E-07   0.000       0.000       0.000       0.000       0.000    
   725760.   42.70415690   24.7649   0.000       0.000      0.3129E-03 -0.1066E-07-0.9459E-03 0.6330E-03  0.000      0.000      0.000      0.000      0.3395E-07   0.000       0.000       0.000       0.000       0.000    
   743040.   42.70415690   24.8405   0.000       0.000      0.3145E-03 -0.1065E-07-0.9507E-03 0.6362E-03  0.000      0.000      0.000      0.000      0.3374E-07   0.000       0.000       0.000       0.000       0.000    
   760320.   42.70415690   24.9158   0.000       0.000      0.3161E-03 -0.1065E-07-0.9555E-03 0.6394E-03  0.000      0.000      0.000      0.000      0.3353E-07   0.000       0.000       0.000       0.000       0.000    
   777600.   42.70415690   24.9908   0.000       0.000      0.3177E-03 -0.1064E-07-0.9603E-03 0.6426E-03  0.000      0.000      0.000      0.000      0.3333E-07   0.000       0.000       0.000       0.000       0.000    
   794880.   42.70415690   25.1268   0.000       0.000      0.3206E-03 -0.1965E-07-0.9699E-03 0.6494E-03  0.000      0.000      0.000      0.000      0.6102E-07   0.000       0.000       0.000       0.000       0.000    
   812160.   42.70415690   25.2621   0.000       0.000      0.3235E-03 -0.1951E-07-0.9785E-03 0.6551E-03  0.000      0.000      0.000      0.000      0.5995E-07   0.000       0.000       0.000       0.000       0.000    
   829440.   42.70415690   25.3969   0.000       0.000      0.3263E-03 -0.1958E-07-0.9871E-03 0.6608E-03  0.000      0.000      0.000      0.000      0.5949E-07   0.000       0.000       0.000       0.000       0.000    
   846720.   42.70415690   25.5311   0.000       0.000      0.3292E-03 -0.1965E-07-0.9956E-03 0.6665E-03  0.000      0.000      0.000      0.000      0.5902E-07   0.000       0.000       0.000       0.000       0.000    
   864000.   42.70415690   25.6647   0.000       0.000      0.3320E-03 -0.1972E-07-0.1004E-02 0.6722E-03  0.000      0.000      0.000      0.000      0.5853E-07   0.000       0.000       0.000       0.000       0.000    
   881280.   42.70415690   25.7436   0.000       0.000      0.3337E-03 -0.1146E-07-0.1008E-02 0.6747E-03  0.000      0.000      0.000      0.000      0.3367E-07   0.000       0.000       0.000       0.000       0.000    
   898560.   42.70415690   25.8222   0.000       0.000      0.3353E-03 -0.1164E-07-0.1013E-02 0.6780E-03  0.000      0.000      0.000      0.000      0.3398E-07   0.000       0.000       0.000       0.000       0.000    
   915840.   42.70415690   25.9005   0.000       0.000      0.3370E-03 -0.1165E-07-0.1018E-02 0.6813E-03  0.000      0.000      0.000      0.000      0.3374E-07   0.000       0.000       0.000       0.000       0.000    
   933120.   42.70415690   25.9784   0.000       0.000      0.3386E-03 -0.1165E-07-0.1023E-02 0.6846E-03  0.000      0.000      0.000      0.000      0.3349E-07   0.000       0.000       0.000       0.000       0.000    
   950400.   42.70415690   26.0559   0.000       0.000      0.3403E-03 -0.1165E-07-0.1028E-02 0.6879E-03  0.000      0.000      0.000      0.000      0.3323E-07   0.000       0.000       0.000       0.000       0.000    
   967680.   42.70415690   26.2050   0.000       0.000      0.3434E-03 -0.2298E-07-0.1039E-02 0.6954E-03  0.000      0.000      0.000      0.000      0.6480E-07   0.000       0.000       0.000       0.000       0.000    
   984960.   42.70415690   26.3533   0.000       0.000      0.3466E-03 -0.2281E-07-0.1048E-02 0.7017E-03  0.000      0.000      0.000      0.000      0.6334E-07   0.000       0.000       0.000       0.000       0.000    
  1002240.   42.70415690   26.5009   0.000       0.000      0.3497E-03 -0.2290E-07-0.1058E-02 0.7080E-03  0.000      0.000      0.000      0.000      0.6255E-07   0.000       0.000       0.000       0.000       0.000    
  1019520.   42.70415690   26.6479   0.000       0.000      0.3528E-03 -0.2299E-07-0.1067E-02 0.7142E-03  0.000      0.000      0.000      0.000      0.6173E-07   0.000       0.000       0.000       0.000       0.000    
  1036800.   42.70415690   26.7942   0.000       0.000      0.3559E-03 -0.2307E-07-0.1076E-02 0.7204E-03  0.000      0.000      0.000      0.000      0.6088E-07   0.000       0.000       0.000       0.000       0.000    
  1054080.   42.70415690   27.0433   0.000       0.000      0.3612E-03 -0.4035E-07-0.1094E-02 0.7326E-03  0.000      0.000      0.000      0.000      0.1038E-06   0.000       0.000       0.000       0.000       0.000    
  1071360.   42.70415690   27.2913   0.000       0.000      0.3664E-03 -0.4036E-07-0.1109E-02 0.7432E-03  0.000      0.000      0.000      0.000      0.1004E-06   0.000       0.000       0.000       0.000       0.000    
  1088640.   42.70415690   27.5381   0.000       0.000      0.3717E-03 -0.4715E-07-0.1125E-02 0.7535E-03  0.000      0.000      0.000      0.000      0.1126E-06   0.000       0.000       0.000       0.000       0.000    
  1105920.   42.70415690   27.7839   0.000       0.000      0.3769E-03 -0.4131E-07-0.1141E-02 0.7640E-03  0.000      0.000      0.000      0.000      0.9443E-07   0.000       0.000       0.000       0.000       0.000    
  1123200.   42.70415690   28.0285   0.000       0.000      0.3820E-03 -0.4158E-07-0.1156E-02 0.7744E-03  0.000      0.000      0.000      0.000      0.9083E-07   0.000       0.000       0.000       0.000       0.000    
  1140480.   42.70415690   28.0834   0.000       0.000      0.3832E-03 -0.8188E-08-0.1157E-02 0.7737E-03  0.000      0.000      0.000      0.000      0.1737E-07   0.000       0.000       0.000       0.000       0.000    
  1157760.   42.70415690   28.1382   0.000       0.000      0.3844E-03 -0.8883E-08-0.1160E-02 0.7760E-03  0.000      0.000      0.000      0.000      0.1865E-07   0.000       0.000       0.000       0.000       0.000    
  1175040.   42.70415690   28.1926   0.000       0.000      0.3855E-03 -0.8872E-08-0.1164E-02 0.7784E-03  0.000      0.000      0.000      0.000      0.1842E-07   0.000       0.000       0.000       0.000       0.000    
  1192320.   42.70415690   28.2466   0.000       0.000      0.3866E-03 -0.8850E-08-0.1167E-02 0.7807E-03  0.000      0.000      0.000      0.000      0.1816E-07   0.000       0.000       0.000       0.000       0.000    
  1209600.   42.70415690   28.3002   0.000       0.000      0.3878E-03 -0.8826E-08-0.1171E-02 0.7829E-03  0.000      0.000      0.000      0.000      0.1790E-07   0.000       0.000       0.000       0.000       0.000    
  1226880.   42.70415690   28.2841   0.000       0.000      0.3874E-03  0.3712E-08-0.1169E-02 0.7812E-03  0.000      0.000      0.000      0.000     -0.7504E-08   0.000       0.000       0.000       0.000       0.000    
  1244160.   42.70415690   28.2678   0.000       0.000      0.3871E-03  0.3419E-08-0.1168E-02 0.7805E-03  0.000      0.000      0.000      0.000     -0.6945E-08   0.000       0.000       0.000       0.000       0.000    
  1261440.   42.70415690   28.2516   0.000       0.000      0.3868E-03  0.3389E-08-0.1167E-02 0.7798E-03  0.000      0.000      0.000      0.000     -0.6916E-08   0.000       0.000       0.000       0.000       0.000    
  1278720.   42.70415690   28.2352   0.000       0.000      0.3864E-03  0.3365E-08-0.1166E-02 0.7791E-03  0.000      0.000      0.000      0.000     -0.6896E-08   0.000       0.000       0.000       0.000       0.000    
  1296000.   42.70415690   28.2188   0.000       0.000      0.3861E-03  0.3342E-08-0.1164E-02 0.7784E-03  0.000      0.000      0.000      0.000     -0.6879E-08   0.000       0.000       0.000       0.000       0.000    
  1313280.   42.70415690   28.1803   0.000       0.000      0.3852E-03  0.7258E-08-0.1162E-02 0.7764E-03  0.000      0.000      0.000      0.000     -0.1504E-07   0.000       0.000       0.000       0.000       0.000    
  1330560.   42.70415690   28.1419   0.000       0.000      0.3844E-03  0.7116E-08-0.1159E-02 0.7748E-03  0.000      0.000      0.000      0.000     -0.1488E-07   0.000       0.000       0.000       0.000       0.000    
  1347840.   42.70415690   28.1035   0.000       0.000      0.3836E-03  0.7058E-08-0.1157E-02 0.7732E-03  0.000      0.000      0.000      0.000     -0.1489E-07   0.000       0.000       0.000       0.000       0.000    
  1365120.   42.70415690   28.0651   0.000       0.000      0.3828E-03  0.7003E-08-0.1154E-02 0.7716E-03  0.000      0.000      0.000      0.000     -0.1490E-07   0.000       0.000       0.000       0.000       0.000    
  1382400.   42.70415690   28.0269   0.000       0.000      0.3820E-03  0.6948E-08-0.1152E-02 0.7700E-03  0.000      0.000      0.000      0.000     -0.1491E-07   0.000       0.000       0.000       0.000       0.000    
  1399680.   42.70415690   27.9747   0.000       0.000      0.3809E-03  0.9364E-08-0.1148E-02 0.7675E-03  0.000      0.000      0.000      0.000     -0.2029E-07   0.000       0.000       0.000       0.000       0.000    
  1416960.   42.70415690   27.9226   0.000       0.000      0.3798E-03  0.9230E-08-0.1145E-02 0.7653E-03  0.000      0.000      0.000      0.000     -0.2021E-07   0.000       0.000       0.000       0.000       0.000    
  1434240.   42.70415690   27.8707   0.000       0.000      0.3787E-03  0.9150E-08-0.1142E-02 0.7631E-03  0.000      0.000      0.000      0.000     -0.2025E-07   0.000       0.000       0.000       0.000       0.000    
  1451520.   42.70415690   27.8189   0.000       0.000      0.3776E-03  0.9071E-08-0.1139E-02 0.7609E-03  0.000      0.000      0.000      0.000     -0.2028E-07   0.000       0.000       0.000       0.000       0.000    
  1468800.   42.70415690   27.7673   0.000       0.000      0.3765E-03  0.8994E-08-0.1135E-02 0.7587E-03  0.000      0.000      0.000      0.000     -0.2030E-07   0.000       0.000       0.000       0.000       0.000    
  1486080.   42.70415690   27.7050   0.000       0.000      0.3752E-03  0.1081E-07-0.1131E-02 0.7559E-03  0.000      0.000      0.000      0.000     -0.2465E-07   0.000       0.000       0.000       0.000       0.000    
  1503360.   42.70415690   27.6428   0.000       0.000      0.3739E-03  0.1067E-07-0.1127E-02 0.7533E-03  0.000      0.000      0.000      0.000     -0.2460E-07   0.000       0.000       0.000       0.000       0.000    
  1520640.   42.70415690   27.5809   0.000       0.000      0.3726E-03  0.1057E-07-0.1123E-02 0.7507E-03  0.000      0.000      0.000      0.000     -0.2464E-07   0.000       0.000       0.000       0.000       0.000    
  1537920.   42.70415690   27.5192   0.000       0.000      0.3713E-03  0.1047E-07-0.1119E-02 0.7481E-03  0.000      0.000      0.000      0.000     -0.2467E-07   0.000       0.000       0.000       0.000       0.000    
  1555200.   42.70415690   27.4578   0.000       0.000      0.3700E-03  0.1037E-07-0.1115E-02 0.7455E-03  0.000      0.000      0.000      0.000     -0.2469E-07   0.000       0.000       0.000       0.000       0.000    
  1572480.   42.70415690   27.3892   0.000       0.000      0.3685E-03  0.1152E-07-0.1111E-02 0.7424E-03  0.000      0.000      0.000      0.000     -0.2770E-07   0.000       0.000       0.000       0.000       0.000    
  1589760.   42.70415690   27.3210   0.000       0.000      0.3671E-03  0.1138E-07-0.1107E-02 0.7395E-03  0.000      0.000      0.000      0.000     -0.2767E-07   0.000       0.000       0.000       0.000       0.000    
  1607040.   42.70415690   27.2530   0.000       0.000      0.3656E-03  0.1737E-07-0.1102E-02 0.7368E-03  0.000      0.000      0.000      0.000     -0.4276E-07   0.000       0.000       0.000       0.000       0.000    
  1624320.   42.70415690   27.1853   0.000       0.000      0.3642E-03  0.1113E-07-0.1098E-02 0.7338E-03  0.000      0.000      0.000      0.000     -0.2775E-07   0.000       0.000       0.000       0.000       0.000    
  1641600.   42.70415690   27.1179   0.000       0.000      0.3628E-03  0.1093E-07-0.1094E-02 0.7309E-03  0.000      0.000      0.000      0.000     -0.2752E-07   0.000       0.000       0.000       0.000       0.000    
  1658880.   42.70415690   27.0490   0.000       0.000      0.3613E-03  0.1111E-07-0.1089E-02 0.7280E-03  0.000      0.000      0.000      0.000     -0.2822E-07   0.000       0.000       0.000       0.000       0.000    
  1676160.   42.70415690   26.9805   0.000       0.000      0.3599E-03  0.1098E-07-0.1085E-02 0.7251E-03  0.000      0.000      0.000      0.000     -0.2816E-07   0.000       0.000       0.000       0.000       0.000    
  1693440.   42.70415690   26.9123   0.000       0.000      0.3584E-03  0.1086E-07-0.1081E-02 0.7222E-03  0.000      0.000      0.000      0.000     -0.2811E-07   0.000       0.000       0.000       0.000       0.000    
  1710720.   42.70415690   26.8444   0.000       0.000      0.3570E-03  0.1075E-07-0.1076E-02 0.7193E-03  0.000      0.000      0.000      0.000     -0.2806E-07   0.000       0.000       0.000       0.000       0.000    
  1728000.   42.70415690   26.7769   0.000       0.000      0.3555E-03  0.1064E-07-0.1072E-02 0.7164E-03  0.000      0.000      0.000      0.000     -0.2801E-07   0.000       0.000       0.000       0.000       0.000    
  1745280.   42.70415690   26.7113   0.000       0.000      0.3542E-03  0.1028E-07-0.1068E-02 0.7137E-03  0.000      0.000      0.000      0.000     -0.2727E-07   0.000       0.000       0.000       0.000       0.000    
  1762560.   42.70415690   26.6460   0.000       0.000      0.3528E-03  0.1018E-07-0.1064E-02 0.7109E-03  0.000      0.000      0.000      0.000     -0.2723E-07   0.000       0.000       0.000       0.000       0.000    
  1779840.   42.70415690   26.5810   0.000       0.000      0.3514E-03  0.1008E-07-0.1060E-02 0.7081E-03  0.000      0.000      0.000      0.000     -0.2717E-07   0.000       0.000       0.000       0.000       0.000    
  1797120.   42.70415690   26.5164   0.000       0.000      0.3500E-03  0.9985E-08-0.1055E-02 0.7054E-03  0.000      0.000      0.000      0.000     -0.2711E-07   0.000       0.000       0.000       0.000       0.000    
  1814400.   42.70415690   26.4521   0.000       0.000      0.3487E-03  0.9889E-08-0.1051E-02 0.7027E-03  0.000      0.000      0.000      0.000     -0.2704E-07   0.000       0.000       0.000       0.000       0.000    
  1831680.   42.70415690   26.3844   0.000       0.000      0.3472E-03  0.1039E-07-0.1047E-02 0.6997E-03  0.000      0.000      0.000      0.000     -0.2861E-07   0.000       0.000       0.000       0.000       0.000    
  1848960.   42.70415690   26.3170   0.000       0.000      0.3458E-03  0.1027E-07-0.1043E-02 0.6969E-03  0.000      0.000      0.000      0.000     -0.2850E-07   0.000       0.000       0.000       0.000       0.000    
  1866240.   42.70415690   26.2500   0.000       0.000      0.3444E-03  0.1017E-07-0.1038E-02 0.6940E-03  0.000      0.000      0.000      0.000     -0.2842E-07   0.000       0.000       0.000       0.000       0.000    
  1883520.   42.70415690   26.1833   0.000       0.000      0.3430E-03  0.1007E-07-0.1034E-02 0.6912E-03  0.000      0.000      0.000      0.000     -0.2834E-07   0.000       0.000       0.000       0.000       0.000    
  1900800.   42.70415690   26.1170   0.000       0.000      0.3416E-03  0.9974E-08-0.1030E-02 0.6884E-03  0.000      0.000      0.000      0.000     -0.2826E-07   0.000       0.000       0.000       0.000       0.000    
  1918080.   42.70415690   26.0483   0.000       0.000      0.3401E-03  0.1030E-07-0.1026E-02 0.6854E-03  0.000      0.000      0.000      0.000     -0.2936E-07   0.000       0.000       0.000       0.000       0.000    
  1935360.   42.70415690   25.9799   0.000       0.000      0.3387E-03  0.1018E-07-0.1021E-02 0.6825E-03  0.000      0.000      0.000      0.000     -0.2924E-07   0.000       0.000       0.000       0.000       0.000    
  1952640.   42.70415690   25.9119   0.000       0.000      0.3372E-03  0.1008E-07-0.1017E-02 0.6796E-03  0.000      0.000      0.000      0.000     -0.2914E-07   0.000       0.000       0.000       0.000       0.000    
  1969920.   42.70415690   25.8442   0.000       0.000      0.3358E-03  0.9983E-08-0.1013E-02 0.6767E-03  0.000      0.000      0.000      0.000     -0.2904E-07   0.000       0.000       0.000       0.000       0.000    
  1987200.   42.70415690   25.7769   0.000       0.000      0.3344E-03  0.9885E-08-0.1008E-02 0.6739E-03  0.000      0.000      0.000      0.000     -0.2893E-07   0.000       0.000       0.000       0.000       0.000    
  2004480.   42.70415690   25.7112   0.000       0.000      0.3330E-03  0.9595E-08-0.1004E-02 0.6711E-03  0.000      0.000      0.000      0.000     -0.2826E-07   0.000       0.000       0.000       0.000       0.000    
  2021760.   42.70415690   25.6458   0.000       0.000      0.3316E-03  0.9506E-08-0.1000E-02 0.6683E-03  0.000      0.000      0.000      0.000     -0.2816E-07   0.000       0.000       0.000       0.000       0.000    
  2039040.   42.70415690   25.5807   0.000       0.000      0.3302E-03  0.9414E-08-0.9958E-03 0.6656E-03  0.000      0.000      0.000      0.000     -0.2805E-07   0.000       0.000       0.000       0.000       0.000    
  2056320.   42.70415690   25.5160   0.000       0.000      0.3288E-03  0.9322E-08-0.9917E-03 0.6628E-03  0.000      0.000      0.000      0.000     -0.2793E-07   0.000       0.000       0.000       0.000       0.000    
  2073600.   42.70415690   25.4516   0.000       0.000      0.3275E-03  0.9232E-08-0.9876E-03 0.6601E-03  0.000      0.000      0.000      0.000     -0.2781E-07   0.000       0.000       0.000       0.000       0.000    
  2090880.   42.70415690   25.3846   0.000       0.000      0.3261E-03  0.9573E-08-0.9833E-03 0.6572E-03  0.000      0.000      0.000      0.000     -0.2900E-07   0.000       0.000       0.000       0.000       0.000    
  2108160.   42.70415690   25.3180   0.000       0.000      0.3247E-03  0.9468E-08-0.9791E-03 0.6544E-03  0.000      0.000      0.000      0.000     -0.2884E-07   0.000       0.000       0.000       0.000       0.000    
  2125440.   42.70415690   25.2517   0.000       0.000      0.3233E-03  0.9374E-08-0.9748E-03 0.6515E-03  0.000      0.000      0.000      0.000     -0.2871E-07   0.000       0.000       0.000       0.000       0.000    
  2142720.   42.70415690   25.1857   0.000       0.000      0.3219E-03  0.9281E-08-0.9706E-03 0.6487E-03  0.000      0.000      0.000      0.000     -0.2858E-07   0.000       0.000       0.000       0.000       0.000    
  2160000.   42.70415690   25.1201   0.000       0.000      0.3205E-03  0.9189E-08-0.9665E-03 0.6460E-03  0.000      0.000      0.000      0.000     -0.2844E-07   0.000       0.000       0.000       0.000       0.000    
  2177280.   42.70415690   25.0528   0.000       0.000      0.3190E-03  0.9395E-08-0.9621E-03 0.6431E-03  0.000      0.000      0.000      0.000     -0.2923E-07   0.000       0.000       0.000       0.000       0.000    
  2194560.   42.70415690   24.9858   0.000       0.000      0.3176E-03  0.9294E-08-0.9579E-03 0.6402E-03  0.000      0.000      0.000      0.000     -0.2906E-07   0.000       0.000       0.000       0.000       0.000    
  2211840.   42.70415690   24.9192   0.000       0.000      0.3162E-03  0.9200E-08-0.9536E-03 0.6374E-03  0.000      0.000      0.000      0.000     -0.2891E-07   0.000       0.000       0.000       0.000       0.000    
  2229120.   42.70415690   24.8529   0.000       0.000      0.3148E-03  0.9108E-08-0.9494E-03 0.6346E-03  0.000      0.000      0.000      0.000     -0.2876E-07   0.000       0.000       0.000       0.000       0.000    
  2246400.   42.70415690   24.7870   0.000       0.000      0.3134E-03  0.9017E-08-0.9452E-03 0.6318E-03  0.000      0.000      0.000      0.000     -0.2861E-07   0.000       0.000       0.000       0.000       0.000    
  2263680.   42.70415690   24.7193   0.000       0.000      0.3120E-03  0.9221E-08-0.9409E-03 0.6289E-03  0.000      0.000      0.000      0.000     -0.2940E-07   0.000       0.000       0.000       0.000       0.000    
  2280960.   42.70415690   24.6520   0.000       0.000      0.3106E-03  0.9121E-08-0.9366E-03 0.6260E-03  0.000      0.000      0.000      0.000     -0.2922E-07   0.000       0.000       0.000       0.000       0.000    
  2298240.   42.70415690   24.5850   0.000       0.000      0.3091E-03  0.9028E-08-0.9323E-03 0.6232E-03  0.000      0.000      0.000      0.000     -0.2906E-07   0.000       0.000       0.000       0.000       0.000    
  2315520.   42.70415690   24.5183   0.000       0.000      0.3077E-03  0.8936E-08-0.9281E-03 0.6203E-03  0.000      0.000      0.000      0.000     -0.2890E-07   0.000       0.000       0.000       0.000       0.000    
  2332800.   42.70415690   24.4520   0.000       0.000      0.3063E-03  0.8846E-08-0.9239E-03 0.6175E-03  0.000      0.000      0.000      0.000     -0.2873E-07   0.000       0.000       0.000       0.000       0.000    
  2350080.   42.70415690   24.3847   0.000       0.000      0.3049E-03  0.8945E-08-0.9195E-03 0.6146E-03  0.000      0.000      0.000      0.000     -0.2919E-07   0.000       0.000       0.000       0.000       0.000    
  2367360.   42.70415690   24.3177   0.000       0.000      0.3035E-03  0.8849E-08-0.9153E-03 0.6118E-03  0.000      0.000      0.000      0.000     -0.2900E-07   0.000       0.000       0.000       0.000       0.000    
  2384640.   42.70415690   24.2511   0.000       0.000      0.3021E-03  0.8759E-08-0.9110E-03 0.6089E-03  0.000      0.000      0.000      0.000     -0.2883E-07   0.000       0.000       0.000       0.000       0.000    
  2401920.   42.70415690   24.1848   0.000       0.000      0.3007E-03  0.8669E-08-0.9068E-03 0.6061E-03  0.000      0.000      0.000      0.000     -0.2866E-07   0.000       0.000       0.000       0.000       0.000    
  2419200.   42.70415690   24.1188   0.000       0.000      0.2993E-03  0.8580E-08-0.9026E-03 0.6033E-03  0.000      0.000      0.000      0.000     -0.2848E-07   0.000       0.000       0.000       0.000       0.000    
  2436480.   42.70415690   24.0647   0.000       0.000      0.2981E-03  0.6929E-08-0.8993E-03 0.6012E-03  0.000      0.000      0.000      0.000     -0.2309E-07   0.000       0.000       0.000       0.000       0.000    
  2453760.   42.70415690   24.0108   0.000       0.000      0.2970E-03  0.6902E-08-0.8959E-03 0.5989E-03  0.000      0.000      0.000      0.000     -0.2307E-07   0.000       0.000       0.000       0.000       0.000    
  2471040.   42.70415690   23.9572   0.000       0.000      0.2958E-03  0.6839E-08-0.8925E-03 0.5966E-03  0.000      0.000      0.000      0.000     -0.2293E-07   0.000       0.000       0.000       0.000       0.000    
  2488320.   42.70415690   23.9039   0.000       0.000      0.2947E-03  0.6776E-08-0.8891E-03 0.5944E-03  0.000      0.000      0.000      0.000     -0.2279E-07   0.000       0.000       0.000       0.000       0.000    
  2505600.   42.70415690   23.8509   0.000       0.000      0.2936E-03  0.6713E-08-0.8857E-03 0.5921E-03  0.000      0.000      0.000      0.000     -0.2265E-07   0.000       0.000       0.000       0.000       0.000    
  2522880.   42.70415690   23.7977   0.000       0.000      0.2925E-03  0.6707E-08-0.8823E-03 0.5898E-03  0.000      0.000      0.000      0.000     -0.2270E-07   0.000       0.000       0.000       0.000       0.000    
  2540160.   42.70415690   23.7449   0.000       0.000      0.2913E-03  0.6643E-08-0.8790E-03 0.5876E-03  0.000      0.000      0.000      0.000     -0.2256E-07   0.000       0.000       0.000       0.000       0.000    
  2557440.   42.70415690   23.6923   0.000       0.000      0.2902E-03  0.6581E-08-0.8756E-03 0.5854E-03  0.000      0.000      0.000      0.000     -0.2242E-07   0.000       0.000       0.000       0.000       0.000    
  2574720.   42.70415690   23.6399   0.000       0.000      0.2891E-03  0.6520E-08-0.8723E-03 0.5831E-03  0.000      0.000      0.000      0.000     -0.2227E-07   0.000       0.000       0.000       0.000       0.000    
  2592000.   42.70415690   23.5879   0.000       0.000      0.2880E-03  0.6459E-08-0.8690E-03 0.5809E-03  0.000      0.000      0.000      0.000     -0.2213E-07   0.000       0.000       0.000       0.000       0.000    
  2609280.   42.70415690   23.5812   0.000       0.000      0.2879E-03  0.4849E-09-0.8693E-03 0.5814E-03  0.000      0.000      0.000      0.000     -0.1664E-08   0.000       0.000       0.000       0.000       0.000    
  2626560.   42.70415690   23.5745   0.000       0.000      0.2877E-03  0.6267E-09-0.8688E-03 0.5811E-03  0.000      0.000      0.000      0.000     -0.2151E-08   0.000       0.000       0.000       0.000       0.000    
  2643840.   42.70415690   23.5679   0.000       0.000      0.2876E-03  0.6284E-09-0.8684E-03 0.5808E-03  0.000      0.000      0.000      0.000     -0.2157E-08   0.000       0.000       0.000       0.000       0.000    
  2661120.   42.70415690   23.5614   0.000       0.000      0.2875E-03  0.6274E-09-0.8680E-03 0.5805E-03  0.000      0.000      0.000      0.000     -0.2155E-08   0.000       0.000       0.000       0.000       0.000    
  2678400.   42.70415690   23.5550   0.000       0.000      0.2873E-03  0.6255E-09-0.8676E-03 0.5802E-03  0.000      0.000      0.000      0.000     -0.2149E-08   0.000       0.000       0.000       0.000       0.000    
  2695680.   42.70415690   23.6728   0.000       0.000      0.2898E-03 -0.1576E-07-0.8771E-03 0.5873E-03  0.000      0.000      0.000      0.000      0.5396E-07   0.000       0.000       0.000       0.000       0.000    
  2712960.   42.70415690   23.7901   0.000       0.000      0.2923E-03 -0.1542E-07-0.8845E-03 0.5923E-03  0.000      0.000      0.000      0.000      0.5242E-07   0.000       0.000       0.000       0.000       0.000    
  2730240.   42.70415690   23.9070   0.000       0.000      0.2948E-03 -0.1546E-07-0.8919E-03 0.5972E-03  0.000      0.000      0.000      0.000      0.5219E-07   0.000       0.000       0.000       0.000       0.000    
  2747520.   42.70415690   24.0233   0.000       0.000      0.2972E-03 -0.1551E-07-0.8993E-03 0.6022E-03  0.000      0.000      0.000      0.000      0.5197E-07   0.000       0.000       0.000       0.000       0.000    
  2764800.   42.70415690   24.1392   0.000       0.000      0.2997E-03 -0.1556E-07-0.9067E-03 0.6071E-03  0.000      0.000      0.000      0.000      0.5175E-07   0.000       0.000       0.000       0.000       0.000    
  2782080.   42.70415690   24.4319   0.000       0.000      0.3059E-03 -0.4032E-07-0.9281E-03 0.6224E-03  0.000      0.000      0.000      0.000      0.1323E-06   0.000       0.000       0.000       0.000       0.000    
  2799360.   42.70415690   24.7232   0.000       0.000      0.3121E-03 -0.4037E-07-0.9466E-03 0.6348E-03  0.000      0.000      0.000      0.000      0.1298E-06   0.000       0.000       0.000       0.000       0.000    
  2816640.   42.70415690   25.0133   0.000       0.000      0.3182E-03 -0.4098E-07-0.9651E-03 0.6471E-03  0.000      0.000      0.000      0.000      0.1290E-06   0.000       0.000       0.000       0.000       0.000    
  2833920.   42.70415690   25.3023   0.000       0.000      0.3243E-03 -0.4159E-07-0.9835E-03 0.6593E-03  0.000      0.000      0.000      0.000      0.1279E-06   0.000       0.000       0.000       0.000       0.000    
  2851200.   42.70415690   25.5900   0.000       0.000      0.3304E-03 -0.4219E-07-0.1002E-02 0.6715E-03  0.000      0.000      0.000      0.000      0.1267E-06   0.000       0.000       0.000       0.000       0.000    
  2868480.   42.70415690   25.5976   0.000       0.000      0.3306E-03  0.8430E-10-0.9979E-03 0.6673E-03  0.000      0.000      0.000      0.000     -0.2499E-09   0.000       0.000       0.000       0.000       0.000    
  2885760.   42.70415690   25.6055   0.000       0.000      0.3307E-03 -0.8998E-09-0.9983E-03 0.6676E-03  0.000      0.000      0.000      0.000      0.2667E-08   0.000       0.000       0.000       0.000       0.000    
  2903040.   42.70415690   25.6134   0.000       0.000      0.3309E-03 -0.9289E-09-0.9988E-03 0.6679E-03  0.000      0.000      0.000      0.000      0.2752E-08   0.000       0.000       0.000       0.000       0.000    
  2920320.   42.70415690   25.6212   0.000       0.000      0.3311E-03 -0.9400E-09-0.9993E-03 0.6683E-03  0.000      0.000      0.000      0.000      0.2783E-08   0.000       0.000       0.000       0.000       0.000    
  2937600.   42.70415690   25.6291   0.000       0.000      0.3312E-03 -0.9462E-09-0.9999E-03 0.6686E-03  0.000      0.000      0.000      0.000      0.2800E-08   0.000       0.000       0.000       0.000       0.000    
  2954880.   42.70415690   25.6550   0.000       0.000      0.3318E-03 -0.3719E-08-0.1002E-02 0.6700E-03  0.000      0.000      0.000      0.000      0.1099E-07   0.000       0.000       0.000       0.000       0.000    
  2972160.   42.70415690   25.6808   0.000       0.000      0.3323E-03 -0.3647E-08-0.1003E-02 0.6711E-03  0.000      0.000      0.000      0.000      0.1075E-07   0.000       0.000       0.000       0.000       0.000    
  2989440.   42.70415690   25.7064   0.000       0.000      0.3329E-03 -0.3636E-08-0.1005E-02 0.6722E-03  0.000      0.000      0.000      0.000      0.1070E-07   0.000       0.000       0.000       0.000       0.000    
  3006720.   42.70415690   25.7320   0.000       0.000      0.3334E-03 -0.3625E-08-0.1007E-02 0.6733E-03  0.000      0.000      0.000      0.000      0.1064E-07   0.000       0.000       0.000       0.000       0.000    
  3024000.   42.70415690   25.7573   0.000       0.000      0.3340E-03 -0.3613E-08-0.1008E-02 0.6744E-03  0.000      0.000      0.000      0.000      0.1058E-07   0.000       0.000       0.000       0.000       0.000    
  3041280.   42.70415690   25.8268   0.000       0.000      0.3354E-03 -0.1043E-07-0.1013E-02 0.6780E-03  0.000      0.000      0.000      0.000      0.3042E-07   0.000       0.000       0.000       0.000       0.000    
  3058560.   42.70415690   25.8960   0.000       0.000      0.3369E-03 -0.1027E-07-0.1018E-02 0.6810E-03  0.000      0.000      0.000      0.000      0.2974E-07   0.000       0.000       0.000       0.000       0.000    
  3075840.   42.70415690   25.9648   0.000       0.000      0.3383E-03 -0.1025E-07-0.1022E-02 0.6839E-03  0.000      0.000      0.000      0.000      0.2951E-07   0.000       0.000       0.000       0.000       0.000    
  3093120.   42.70415690   26.0333   0.000       0.000      0.3398E-03 -0.1024E-07-0.1027E-02 0.6868E-03  0.000      0.000      0.000      0.000      0.2928E-07   0.000       0.000       0.000       0.000       0.000    
  3110400.   42.70415690   26.1015   0.000       0.000      0.3412E-03 -0.1023E-07-0.1031E-02 0.6897E-03  0.000      0.000      0.000      0.000      0.2905E-07   0.000       0.000       0.000       0.000       0.000    
  3127680.   42.70415690   26.0970   0.000       0.000      0.3411E-03  0.1157E-08-0.1029E-02 0.6883E-03  0.000      0.000      0.000      0.000     -0.3275E-08   0.000       0.000       0.000       0.000       0.000    
  3144960.   42.70415690   26.0926   0.000       0.000      0.3411E-03  0.8915E-09-0.1029E-02 0.6881E-03  0.000      0.000      0.000      0.000     -0.2525E-08   0.000       0.000       0.000       0.000       0.000    
  3162240.   42.70415690   26.0882   0.000       0.000      0.3410E-03  0.8775E-09-0.1029E-02 0.6880E-03  0.000      0.000      0.000      0.000     -0.2487E-08   0.000       0.000       0.000       0.000       0.000    
  3179520.   42.70415690   26.0838   0.000       0.000      0.3409E-03  0.8684E-09-0.1029E-02 0.6878E-03  0.000      0.000      0.000      0.000     -0.2462E-08   0.000       0.000       0.000       0.000       0.000    
  3196800.   42.70415690   26.0793   0.000       0.000      0.3408E-03  0.8607E-09-0.1028E-02 0.6876E-03  0.000      0.000      0.000      0.000     -0.2442E-08   0.000       0.000       0.000       0.000       0.000    
  3214080.   42.70415690   26.0433   0.000       0.000      0.3400E-03  0.5785E-08-0.1026E-02 0.6856E-03  0.000      0.000      0.000      0.000     -0.1645E-07   0.000       0.000       0.000       0.000       0.000    
  3231360.   42.70415690   26.0075   0.000       0.000      0.3393E-03  0.5626E-08-0.1023E-02 0.6840E-03  0.000      0.000      0.000      0.000     -0.1606E-07   0.000       0.000       0.000       0.000       0.000    
  3248640.   42.70415690   25.9718   0.000       0.000      0.3385E-03  0.5577E-08-0.1021E-02 0.6825E-03  0.000      0.000      0.000      0.000     -0.1598E-07   0.000       0.000       0.000       0.000       0.000    
  3265920.   42.70415690   25.9362   0.000       0.000      0.3377E-03  0.5531E-08-0.1019E-02 0.6810E-03  0.000      0.000      0.000      0.000     -0.1590E-07   0.000       0.000       0.000       0.000       0.000    
  3283200.   42.70415690   25.9007   0.000       0.000      0.3370E-03  0.5487E-08-0.1017E-02 0.6795E-03  0.000      0.000      0.000      0.000     -0.1583E-07   0.000       0.000       0.000       0.000       0.000    
  3300480.   42.70415690   25.8814   0.000       0.000      0.3366E-03  0.2961E-08-0.1016E-02 0.6790E-03  0.000      0.000      0.000      0.000     -0.8566E-08   0.000       0.000       0.000       0.000       0.000    
  3317760.   42.70415690   25.8621   0.000       0.000      0.3362E-03  0.2997E-08-0.1014E-02 0.6781E-03  0.000      0.000      0.000      0.000     -0.8687E-08   0.000       0.000       0.000       0.000       0.000    
  3335040.   42.70415690   25.8429   0.000       0.000      0.3358E-03  0.2978E-08-0.1013E-02 0.6773E-03  0.000      0.000      0.000      0.000     -0.8650E-08   0.000       0.000       0.000       0.000       0.000    
  3352320.   42.70415690   25.8237   0.000       0.000      0.3354E-03  0.2959E-08-0.1012E-02 0.6765E-03  0.000      0.000      0.000      0.000     -0.8610E-08   0.000       0.000       0.000       0.000       0.000    
  3369600.   42.70415690   25.8046   0.000       0.000      0.3350E-03  0.2940E-08-0.1011E-02 0.6757E-03  0.000      0.000      0.000      0.000     -0.8570E-08   0.000       0.000       0.000       0.000       0.000    
  3386880.   42.70415690   25.8218   0.000       0.000      0.3353E-03 -0.2671E-08-0.1012E-02 0.6770E-03  0.000      0.000      0.000      0.000      0.7787E-08   0.000       0.000       0.000       0.000       0.000    
  3404160.   42.70415690   25.8389   0.000       0.000      0.3357E-03 -0.2530E-08-0.1013E-02 0.6778E-03  0.000      0.000      0.000      0.000      0.7365E-08   0.000       0.000       0.000       0.000       0.000    
  3421440.   42.70415690   25.8560   0.000       0.000      0.3360E-03 -0.2515E-08-0.1015E-02 0.6785E-03  0.000      0.000      0.000      0.000      0.7307E-08   0.000       0.000       0.000       0.000       0.000    
  3438720.   42.70415690   25.8729   0.000       0.000      0.3364E-03 -0.2501E-08-0.1016E-02 0.6792E-03  0.000      0.000      0.000      0.000      0.7257E-08   0.000       0.000       0.000       0.000       0.000    
  3456000.   42.70415690   25.8897   0.000       0.000      0.3368E-03 -0.2489E-08-0.1017E-02 0.6799E-03  0.000      0.000      0.000      0.000      0.7209E-08   0.000       0.000       0.000       0.000       0.000    
  3473280.   42.70415690   25.9295   0.000       0.000      0.3376E-03 -0.6061E-08-0.1020E-02 0.6820E-03  0.000      0.000      0.000      0.000      0.1751E-07   0.000       0.000       0.000       0.000       0.000    
  3490560.   42.70415690   25.9692   0.000       0.000      0.3384E-03 -0.5960E-08-0.1022E-02 0.6837E-03  0.000      0.000      0.000      0.000      0.1715E-07   0.000       0.000       0.000       0.000       0.000    
  3507840.   42.70415690   26.0086   0.000       0.000      0.3393E-03 -0.5940E-08-0.1025E-02 0.6853E-03  0.000      0.000      0.000      0.000      0.1703E-07   0.000       0.000       0.000       0.000       0.000    
  3525120.   42.70415690   26.0479   0.000       0.000      0.3401E-03 -0.5921E-08-0.1027E-02 0.6870E-03  0.000      0.000      0.000      0.000      0.1691E-07   0.000       0.000       0.000       0.000       0.000    
  3542400.   42.70415690   26.0870   0.000       0.000      0.3409E-03 -0.5903E-08-0.1030E-02 0.6887E-03  0.000      0.000      0.000      0.000      0.1679E-07   0.000       0.000       0.000       0.000       0.000    
  3559680.   42.70415690   26.1058   0.000       0.000      0.3413E-03 -0.2737E-08-0.1030E-02 0.6891E-03  0.000      0.000      0.000      0.000      0.7763E-08   0.000       0.000       0.000       0.000       0.000    
  3576960.   42.70415690   26.1246   0.000       0.000      0.3417E-03 -0.2797E-08-0.1032E-02 0.6899E-03  0.000      0.000      0.000      0.000      0.7917E-08   0.000       0.000       0.000       0.000       0.000    
  3594240.   42.70415690   26.1433   0.000       0.000      0.3421E-03 -0.2787E-08-0.1033E-02 0.6907E-03  0.000      0.000      0.000      0.000      0.7874E-08   0.000       0.000       0.000       0.000       0.000    
  3611520.   42.70415690   26.1619   0.000       0.000      0.3425E-03 -0.2776E-08-0.1034E-02 0.6915E-03  0.000      0.000      0.000      0.000      0.7828E-08   0.000       0.000       0.000       0.000       0.000    
  3628800.   42.70415690   26.1804   0.000       0.000      0.3429E-03 -0.2764E-08-0.1035E-02 0.6923E-03  0.000      0.000      0.000      0.000      0.7781E-08   0.000       0.000       0.000       0.000       0.000    
  3646080.   42.70415690   26.1534   0.000       0.000      0.3423E-03  0.4409E-08-0.1033E-02 0.6904E-03  0.000      0.000      0.000      0.000     -0.1242E-07   0.000       0.000       0.000       0.000       0.000    
  3663360.   42.70415690   26.1265   0.000       0.000      0.3418E-03  0.4214E-08-0.1031E-02 0.6893E-03  0.000      0.000      0.000      0.000     -0.1190E-07   0.000       0.000       0.000       0.000       0.000    
  3680640.   42.70415690   26.0997   0.000       0.000      0.3412E-03  0.4178E-08-0.1029E-02 0.6882E-03  0.000      0.000      0.000      0.000     -0.1184E-07   0.000       0.000       0.000       0.000       0.000    
  3697920.   42.70415690   26.0730   0.000       0.000      0.3406E-03  0.4146E-08-0.1028E-02 0.6870E-03  0.000      0.000      0.000      0.000     -0.1178E-07   0.000       0.000       0.000       0.000       0.000    
  3715200.   42.70415690   26.0464   0.000       0.000      0.3401E-03  0.4114E-08-0.1026E-02 0.6859E-03  0.000      0.000      0.000      0.000     -0.1172E-07   0.000       0.000       0.000       0.000       0.000    
  3732480.   42.70415690   26.0283   0.000       0.000      0.3397E-03  0.2780E-08-0.1025E-02 0.6853E-03  0.000      0.000      0.000      0.000     -0.7936E-08   0.000       0.000       0.000       0.000       0.000    
  3749760.   42.70415690   26.0102   0.000       0.000      0.3393E-03  0.2791E-08-0.1024E-02 0.6845E-03  0.000      0.000      0.000      0.000     -0.7981E-08   0.000       0.000       0.000       0.000       0.000    
  3767040.   42.70415690   25.9922   0.000       0.000      0.3389E-03  0.2773E-08-0.1023E-02 0.6837E-03  0.000      0.000      0.000      0.000     -0.7944E-08   0.000       0.000       0.000       0.000       0.000    
  3784320.   42.70415690   25.9743   0.000       0.000      0.3385E-03  0.2754E-08-0.1022E-02 0.6830E-03  0.000      0.000      0.000      0.000     -0.7906E-08   0.000       0.000       0.000       0.000       0.000    
  3801600.   42.70415690   25.9564   0.000       0.000      0.3382E-03  0.2736E-08-0.1020E-02 0.6822E-03  0.000      0.000      0.000      0.000     -0.7868E-08   0.000       0.000       0.000       0.000       0.000    
  3818880.   42.70415690   25.9676   0.000       0.000      0.3384E-03 -0.1793E-08-0.1022E-02 0.6832E-03  0.000      0.000      0.000      0.000      0.5158E-08   0.000       0.000       0.000       0.000       0.000    
  3836160.   42.70415690   25.9787   0.000       0.000      0.3386E-03 -0.1681E-08-0.1022E-02 0.6836E-03  0.000      0.000      0.000      0.000      0.4831E-08   0.000       0.000       0.000       0.000       0.000    
  3853440.   42.70415690   25.9898   0.000       0.000      0.3389E-03 -0.1670E-08-0.1023E-02 0.6841E-03  0.000      0.000      0.000      0.000      0.4792E-08   0.000       0.000       0.000       0.000       0.000    
  3870720.   42.70415690   26.0008   0.000       0.000      0.3391E-03 -0.1660E-08-0.1024E-02 0.6846E-03  0.000      0.000      0.000      0.000      0.4759E-08   0.000       0.000       0.000       0.000       0.000    
  3888000.   42.70415690   26.0118   0.000       0.000      0.3393E-03 -0.1651E-08-0.1024E-02 0.6850E-03  0.000      0.000      0.000      0.000      0.4728E-08   0.000       0.000       0.000       0.000       0.000    
  3905280.   42.70415690   26.0543   0.000       0.000      0.3402E-03 -0.6593E-08-0.1028E-02 0.6874E-03  0.000      0.000      0.000      0.000      0.1883E-07   0.000       0.000       0.000       0.000       0.000    
  3922560.   42.70415690   26.0967   0.000       0.000      0.3411E-03 -0.6461E-08-0.1030E-02 0.6892E-03  0.000      0.000      0.000      0.000      0.1837E-07   0.000       0.000       0.000       0.000       0.000    
  3939840.   42.70415690   26.1389   0.000       0.000      0.3420E-03 -0.6440E-08-0.1033E-02 0.6909E-03  0.000      0.000      0.000      0.000      0.1823E-07   0.000       0.000       0.000       0.000       0.000    
  3957120.   42.70415690   26.1809   0.000       0.000      0.3429E-03 -0.6420E-08-0.1036E-02 0.6927E-03  0.000      0.000      0.000      0.000      0.1810E-07   0.000       0.000       0.000       0.000       0.000    
  3974400.   42.70415690   26.2227   0.000       0.000      0.3438E-03 -0.6402E-08-0.1038E-02 0.6945E-03  0.000      0.000      0.000      0.000      0.1797E-07   0.000       0.000       0.000       0.000       0.000    
  3991680.   42.70415690   26.2710   0.000       0.000      0.3448E-03 -0.7443E-08-0.1041E-02 0.6967E-03  0.000      0.000      0.000      0.000      0.2079E-07   0.000       0.000       0.000       0.000       0.000    
  4008960.   42.70415690   26.3191   0.000       0.000      0.3458E-03 -0.7400E-08-0.1045E-02 0.6987E-03  0.000      0.000      0.000      0.000      0.2057E-07   0.000       0.000       0.000       0.000       0.000    
  4026240.   42.70415690   26.3669   0.000       0.000      0.3469E-03 -0.7382E-08-0.1048E-02 0.7007E-03  0.000      0.000      0.000      0.000      0.2041E-07   0.000       0.000       0.000       0.000       0.000    
  4043520.   42.70415690   26.4146   0.000       0.000      0.3479E-03 -0.7364E-08-0.1051E-02 0.7028E-03  0.000      0.000      0.000      0.000      0.2025E-07   0.000       0.000       0.000       0.000       0.000    
  4060800.   42.70415690   26.4620   0.000       0.000      0.3489E-03 -0.7346E-08-0.1054E-02 0.7048E-03  0.000      0.000      0.000      0.000      0.2010E-07   0.000       0.000       0.000       0.000       0.000    
  4078080.   42.70415690   26.4425   0.000       0.000      0.3485E-03  0.3394E-08-0.1051E-02 0.7029E-03  0.000      0.000      0.000      0.000     -0.9274E-08   0.000       0.000       0.000       0.000       0.000    
  4095360.   42.70415690   26.4231   0.000       0.000      0.3481E-03  0.3130E-08-0.1050E-02 0.7020E-03  0.000      0.000      0.000      0.000     -0.8571E-08   0.000       0.000       0.000       0.000       0.000    
  4112640.   42.70415690   26.4038   0.000       0.000      0.3476E-03  0.3101E-08-0.1049E-02 0.7012E-03  0.000      0.000      0.000      0.000     -0.8511E-08   0.000       0.000       0.000       0.000       0.000    
  4129920.   42.70415690   26.3846   0.000       0.000      0.3472E-03  0.3076E-08-0.1048E-02 0.7004E-03  0.000      0.000      0.000      0.000     -0.8462E-08   0.000       0.000       0.000       0.000       0.000    
  4147200.   42.70415690   26.3654   0.000       0.000      0.3468E-03  0.3053E-08-0.1046E-02 0.6996E-03  0.000      0.000      0.000      0.000     -0.8417E-08   0.000       0.000       0.000       0.000       0.000    
  4164480.   42.70415690   26.3215   0.000       0.000      0.3459E-03  0.6972E-08-0.1043E-02 0.6973E-03  0.000      0.000      0.000      0.000     -0.1929E-07   0.000       0.000       0.000       0.000       0.000    
  4181760.   42.70415690   26.2779   0.000       0.000      0.3450E-03  0.6824E-08-0.1040E-02 0.6955E-03  0.000      0.000      0.000      0.000     -0.1897E-07   0.000       0.000       0.000       0.000       0.000    
  4199040.   42.70415690   26.2344   0.000       0.000      0.3441E-03  0.6764E-08-0.1038E-02 0.6936E-03  0.000      0.000      0.000      0.000     -0.1889E-07   0.000       0.000       0.000       0.000       0.000    
  4216320.   42.70415690   26.1911   0.000       0.000      0.3431E-03  0.6706E-08-0.1035E-02 0.6918E-03  0.000      0.000      0.000      0.000     -0.1882E-07   0.000       0.000       0.000       0.000       0.000    
  4233600.   42.70415690   26.1480   0.000       0.000      0.3422E-03  0.6649E-08-0.1032E-02 0.6900E-03  0.000      0.000      0.000      0.000     -0.1874E-07   0.000       0.000       0.000       0.000       0.000    
  4250880.   42.70415690   26.0999   0.000       0.000      0.3412E-03  0.7401E-08-0.1029E-02 0.6878E-03  0.000      0.000      0.000      0.000     -0.2096E-07   0.000       0.000       0.000       0.000       0.000    
  4268160.   42.70415690   26.0520   0.000       0.000      0.3402E-03  0.7318E-08-0.1026E-02 0.6858E-03  0.000      0.000      0.000      0.000     -0.2083E-07   0.000       0.000       0.000       0.000       0.000    
  4285440.   42.70415690   26.0043   0.000       0.000      0.3392E-03  0.7255E-08-0.1023E-02 0.6838E-03  0.000      0.000      0.000      0.000     -0.2075E-07   0.000       0.000       0.000       0.000       0.000    
  4302720.   42.70415690   25.9568   0.000       0.000      0.3382E-03  0.7192E-08-0.1020E-02 0.6818E-03  0.000      0.000      0.000      0.000     -0.2067E-07   0.000       0.000       0.000       0.000       0.000    
  4320000.   42.70415690   25.9095   0.000       0.000      0.3372E-03  0.7131E-08-0.1017E-02 0.6798E-03  0.000      0.000      0.000      0.000     -0.2059E-07   0.000       0.000       0.000       0.000       0.000    
  4337280.   42.70415690   25.8574   0.000       0.000      0.3361E-03  0.7834E-08-0.1014E-02 0.6775E-03  0.000      0.000      0.000      0.000     -0.2272E-07   0.000       0.000       0.000       0.000       0.000    
  4354560.   42.70415690   25.8056   0.000       0.000      0.3350E-03  0.7747E-08-0.1010E-02 0.6753E-03  0.000      0.000      0.000      0.000     -0.2258E-07   0.000       0.000       0.000       0.000       0.000    
  4371840.   42.70415690   25.7540   0.000       0.000      0.3339E-03  0.7678E-08-0.1007E-02 0.6731E-03  0.000      0.000      0.000      0.000     -0.2249E-07   0.000       0.000       0.000       0.000       0.000    
  4389120.   42.70415690   25.7027   0.000       0.000      0.3328E-03  0.7610E-08-0.1004E-02 0.6709E-03  0.000      0.000      0.000      0.000     -0.2240E-07   0.000       0.000       0.000       0.000       0.000    
  4406400.   42.70415690   25.6515   0.000       0.000      0.3317E-03  0.7543E-08-0.1000E-02 0.6687E-03  0.000      0.000      0.000      0.000     -0.2230E-07   0.000       0.000       0.000       0.000       0.000    
