TOTIM (T)      HCON          HMAT      QDIR      QWELL        QMAT       QCADS      QTUB1      QTUB2      QTUB3      QTUB4      QTUB5      QTUB6       NSTOR        QFIX        QLH     FHLQ (LQ)        CAUCHY   CAUCHY (LQ)
    86400.   42.70415690   23.8565   0.000       0.000      0.2937E-03   0.000    -0.8448E-02 0.8154E-02  0.000      0.000      0.000      0.000       0.000       0.000       0.000       0.000       0.000       0.000    
   103680.   42.70415690   23.7782   0.000       0.000      0.2921E-03  0.7119E-07-0.8080E-02 0.7788E-02  0.000      0.000      0.000      0.000       0.000       0.000       0.000       0.000       0.000       0.000    
   120960.   42.70415690   23.7015   0.000       0.000      0.2904E-03  0.9475E-08-0.8035E-02 0.7744E-02  0.000      0.000      0.000      0.000       0.000       0.000       0.000       0.000       0.000       0.000    
   138240.   42.70415690   23.6262   0.000       0.000      0.2888E-03  0.8777E-08-0.7993E-02 0.7704E-02  0.000      0.000      0.000      0.000       0.000       0.000       0.000       0.000       0.000       0.000    
   155520.   42.70415690   23.5517   0.000       0.000      0.2873E-03  0.8656E-08-0.7951E-02 0.7664E-02  0.000      0.000      0.000      0.000       0.000       0.000       0.000       0.000       0.000       0.000    
   172800.   42.70415690   23.4780   0.000       0.000      0.2857E-03  0.8546E-08-0.7910E-02 0.7624E-02  0.000      0.000      0.000      0.000       0.000       0.000       0.000       0.000       0.000       0.000    
   190080.   42.70415690   23.4313   0.000       0.000      0.2847E-03  0.5341E-08-0.7884E-02 0.7599E-02  0.000      0.000      0.000      0.000       0.000       0.000       0.000       0.000       0.000       0.000    
   207360.   42.70415690   23.3850   0.000       0.000      0.2837E-03  0.5346E-08-0.7858E-02 0.7574E-02  0.000      0.000      0.000      0.000       0.000       0.000       0.000       0.000       0.000       0.000    
   224640.   42.70415690   23.3391   0.000       0.000      0.2828E-03  0.5293E-08-0.7832E-02 0.7549E-02  0.000      0.000      0.000      0.000       0.000       0.000       0.000       0.000       0.000       0.000    
   241920.   42.70415690   23.2934   0.000       0.000      0.2818E-03  0.5241E-08-0.7806E-02 0.7524E-02  0.000      0.000      0.000      0.000       0.000       0.000       0.000       0.000       0.000       0.000    
   259200.   42.70415690   23.2481   0.000       0.000      0.2808E-03  0.5190E-08-0.7780E-02 0.7499E-02  0.000      0.000      0.000      0.000       0.000       0.000       0.000       0.000       0.000       0.000    
   276480.   42.70415690   23.2101   0.000       0.000      0.2800E-03  0.4316E-08-0.7759E-02 0.7479E-02  0.000      0.000      0.000      0.000       0.000       0.000       0.000       0.000       0.000       0.000    
   293760.   42.70415690   23.1725   0.000       0.000      0.2792E-03  0.4294E-08-0.7737E-02 0.7458E-02  0.000      0.000      0.000      0.000       0.000       0.000       0.000       0.000       0.000       0.000    
   311040.   42.70415690   23.1350   0.000       0.000      0.2784E-03  0.4257E-08-0.7716E-02 0.7438E-02  0.000      0.000      0.000      0.000       0.000       0.000       0.000       0.000       0.000       0.000    
   328320.   42.70415690   23.0978   0.000       0.000      0.2776E-03  0.4221E-08-0.7695E-02 0.7417E-02  0.000      0.000      0.000      0.000       0.000       0.000       0.000       0.000       0.000       0.000    
   345600.   42.70415690   23.0608   0.000       0.000      0.2769E-03  0.4185E-08-0.7674E-02 0.7397E-02  0.000      0.000      0.000      0.000       0.000       0.000       0.000       0.000       0.000       0.000    
   362880.   42.70415690   23.0575   0.000       0.000      0.2768E-03  0.3420E-09-0.7672E-02 0.7395E-02  0.000      0.000      0.000      0.000       0.000       0.000       0.000       0.000       0.000       0.000    
   380160.   42.70415690   23.0542   0.000       0.000      0.2767E-03  0.4180E-09-0.7669E-02 0.7393E-02  0.000      0.000      0.000      0.000       0.000       0.000       0.000       0.000       0.000       0.000    
   397440.   42.70415690   23.0509   0.000       0.000      0.2766E-03  0.4188E-09-0.7667E-02 0.7390E-02  0.000      0.000      0.000      0.000       0.000       0.000       0.000       0.000       0.000       0.000    
   414720.   42.70415690   23.0475   0.000       0.000      0.2766E-03  0.4181E-09-0.7665E-02 0.7388E-02  0.000      0.000      0.000      0.000       0.000       0.000       0.000       0.000       0.000       0.000    
   432000.   42.70415690   23.0442   0.000       0.000      0.2765E-03  0.4170E-09-0.7662E-02 0.7386E-02  0.000      0.000      0.000      0.000       0.000       0.000       0.000       0.000       0.000       0.000    
   449280.   42.70415690   23.0664   0.000       0.000      0.2770E-03 -0.2482E-08-0.7674E-02 0.7397E-02  0.000      0.000      0.000      0.000       0.000       0.000       0.000       0.000       0.000       0.000    
   466560.   42.70415690   23.0884   0.000       0.000      0.2774E-03 -0.2412E-08-0.7686E-02 0.7408E-02  0.000      0.000      0.000      0.000       0.000       0.000       0.000       0.000       0.000       0.000    
   483840.   42.70415690   23.1102   0.000       0.000      0.2779E-03 -0.2399E-08-0.7697E-02 0.7420E-02  0.000      0.000      0.000      0.000       0.000       0.000       0.000       0.000       0.000       0.000    
   501120.   42.70415690   23.1319   0.000       0.000      0.2784E-03 -0.2387E-08-0.7709E-02 0.7431E-02  0.000      0.000      0.000      0.000       0.000       0.000       0.000       0.000       0.000       0.000    
   518400.   42.70415690   23.1534   0.000       0.000      0.2788E-03 -0.2376E-08-0.7720E-02 0.7442E-02  0.000      0.000      0.000      0.000       0.000       0.000       0.000       0.000       0.000       0.000    
   535680.   42.70415690   23.1550   0.000       0.000      0.2789E-03 -0.1045E-09-0.7721E-02 0.7442E-02  0.000      0.000      0.000      0.000       0.000       0.000       0.000       0.000       0.000       0.000    
   552960.   42.70415690   23.1566   0.000       0.000      0.2789E-03 -0.1493E-09-0.7721E-02 0.7442E-02  0.000      0.000      0.000      0.000       0.000       0.000       0.000       0.000       0.000       0.000    
   570240.   42.70415690   23.1582   0.000       0.000      0.2789E-03 -0.1497E-09-0.7722E-02 0.7443E-02  0.000      0.000      0.000      0.000       0.000       0.000       0.000       0.000       0.000       0.000    
   587520.   42.70415690   23.1598   0.000       0.000      0.2790E-03 -0.1494E-09-0.7722E-02 0.7443E-02  0.000      0.000      0.000      0.000       0.000       0.000       0.000       0.000       0.000       0.000    
   604800.   42.70415690   23.1614   0.000       0.000      0.2790E-03 -0.1488E-09-0.7723E-02 0.7444E-02  0.000      0.000      0.000      0.000       0.000       0.000       0.000       0.000       0.000       0.000    
   622080.   42.70415690   23.1699   0.000       0.000      0.2792E-03 -0.9489E-09-0.7727E-02 0.7448E-02  0.000      0.000      0.000      0.000       0.000       0.000       0.000       0.000       0.000       0.000    
   639360.   42.70415690   23.1784   0.000       0.000      0.2793E-03 -0.9279E-09-0.7732E-02 0.7453E-02  0.000      0.000      0.000      0.000       0.000       0.000       0.000       0.000       0.000       0.000    
   656640.   42.70415690   23.1867   0.000       0.000      0.2795E-03 -0.9227E-09-0.7736E-02 0.7457E-02  0.000      0.000      0.000      0.000       0.000       0.000       0.000       0.000       0.000       0.000    
   673920.   42.70415690   23.1951   0.000       0.000      0.2797E-03 -0.9178E-09-0.7741E-02 0.7461E-02  0.000      0.000      0.000      0.000       0.000       0.000       0.000       0.000       0.000       0.000    
   691200.   42.70415690   23.2034   0.000       0.000      0.2799E-03 -0.9130E-09-0.7745E-02 0.7465E-02  0.000      0.000      0.000      0.000       0.000       0.000       0.000       0.000       0.000       0.000    
   708480.   42.70415690   23.2801   0.000       0.000      0.2815E-03 -0.8811E-08-0.7788E-02 0.7506E-02  0.000      0.000      0.000      0.000       0.000       0.000       0.000       0.000       0.000       0.000    
   725760.   42.70415690   23.3564   0.000       0.000      0.2831E-03 -0.8649E-08-0.7830E-02 0.7547E-02  0.000      0.000      0.000      0.000       0.000       0.000       0.000       0.000       0.000       0.000    
   743040.   42.70415690   23.4321   0.000       0.000      0.2847E-03 -0.8642E-08-0.7871E-02 0.7587E-02  0.000      0.000      0.000      0.000       0.000       0.000       0.000       0.000       0.000       0.000    
   760320.   42.70415690   23.5074   0.000       0.000      0.2863E-03 -0.8637E-08-0.7913E-02 0.7627E-02  0.000      0.000      0.000      0.000       0.000       0.000       0.000       0.000       0.000       0.000    
   777600.   42.70415690   23.5822   0.000       0.000      0.2879E-03 -0.8633E-08-0.7954E-02 0.7666E-02  0.000      0.000      0.000      0.000       0.000       0.000       0.000       0.000       0.000       0.000    
   794880.   42.70415690   23.7177   0.000       0.000      0.2908E-03 -0.1591E-07-0.8030E-02 0.7739E-02  0.000      0.000      0.000      0.000       0.000       0.000       0.000       0.000       0.000       0.000    
   812160.   42.70415690   23.8523   0.000       0.000      0.2936E-03 -0.1583E-07-0.8104E-02 0.7810E-02  0.000      0.000      0.000      0.000       0.000       0.000       0.000       0.000       0.000       0.000    
   829440.   42.70415690   23.9861   0.000       0.000      0.2965E-03 -0.1588E-07-0.8178E-02 0.7882E-02  0.000      0.000      0.000      0.000       0.000       0.000       0.000       0.000       0.000       0.000    
   846720.   42.70415690   24.1191   0.000       0.000      0.2993E-03 -0.1594E-07-0.8252E-02 0.7952E-02  0.000      0.000      0.000      0.000       0.000       0.000       0.000       0.000       0.000       0.000    
   864000.   42.70415690   24.2513   0.000       0.000      0.3021E-03 -0.1599E-07-0.8325E-02 0.8023E-02  0.000      0.000      0.000      0.000       0.000       0.000       0.000       0.000       0.000       0.000    
   881280.   42.70415690   24.3285   0.000       0.000      0.3037E-03 -0.9300E-08-0.8367E-02 0.8063E-02  0.000      0.000      0.000      0.000       0.000       0.000       0.000       0.000       0.000       0.000    
   898560.   42.70415690   24.4053   0.000       0.000      0.3053E-03 -0.9431E-08-0.8410E-02 0.8105E-02  0.000      0.000      0.000      0.000       0.000       0.000       0.000       0.000       0.000       0.000    
   915840.   42.70415690   24.4816   0.000       0.000      0.3070E-03 -0.9433E-08-0.8453E-02 0.8146E-02  0.000      0.000      0.000      0.000       0.000       0.000       0.000       0.000       0.000       0.000    
   933120.   42.70415690   24.5575   0.000       0.000      0.3086E-03 -0.9432E-08-0.8495E-02 0.8187E-02  0.000      0.000      0.000      0.000       0.000       0.000       0.000       0.000       0.000       0.000    
   950400.   42.70415690   24.6329   0.000       0.000      0.3102E-03 -0.9430E-08-0.8537E-02 0.8227E-02  0.000      0.000      0.000      0.000       0.000       0.000       0.000       0.000       0.000       0.000    
   967680.   42.70415690   24.7797   0.000       0.000      0.3133E-03 -0.1860E-07-0.8620E-02 0.8307E-02  0.000      0.000      0.000      0.000       0.000       0.000       0.000       0.000       0.000       0.000    
   984960.   42.70415690   24.9255   0.000       0.000      0.3164E-03 -0.1849E-07-0.8701E-02 0.8385E-02  0.000      0.000      0.000      0.000       0.000       0.000       0.000       0.000       0.000       0.000    
  1002240.   42.70415690   25.0705   0.000       0.000      0.3194E-03 -0.1856E-07-0.8782E-02 0.8462E-02  0.000      0.000      0.000      0.000       0.000       0.000       0.000       0.000       0.000       0.000    
  1019520.   42.70415690   25.2146   0.000       0.000      0.3225E-03 -0.1863E-07-0.8862E-02 0.8539E-02  0.000      0.000      0.000      0.000       0.000       0.000       0.000       0.000       0.000       0.000    
  1036800.   42.70415690   25.3578   0.000       0.000      0.3255E-03 -0.1870E-07-0.8942E-02 0.8616E-02  0.000      0.000      0.000      0.000       0.000       0.000       0.000       0.000       0.000       0.000    
  1054080.   42.70415690   25.6036   0.000       0.000      0.3307E-03 -0.3269E-07-0.9079E-02 0.8749E-02  0.000      0.000      0.000      0.000       0.000       0.000       0.000       0.000       0.000       0.000    
  1071360.   42.70415690   25.8478   0.000       0.000      0.3359E-03 -0.3274E-07-0.9215E-02 0.8879E-02  0.000      0.000      0.000      0.000       0.000       0.000       0.000       0.000       0.000       0.000    
  1088640.   42.70415690   26.0904   0.000       0.000      0.3410E-03 -0.3948E-07-0.9350E-02 0.9009E-02  0.000      0.000      0.000      0.000       0.000       0.000       0.000       0.000       0.000       0.000    
  1105920.   42.70415690   26.3312   0.000       0.000      0.3461E-03 -0.3353E-07-0.9484E-02 0.9138E-02  0.000      0.000      0.000      0.000       0.000       0.000       0.000       0.000       0.000       0.000    
  1123200.   42.70415690   26.5704   0.000       0.000      0.3512E-03 -0.3375E-07-0.9618E-02 0.9266E-02  0.000      0.000      0.000      0.000       0.000       0.000       0.000       0.000       0.000       0.000    
  1140480.   42.70415690   26.6197   0.000       0.000      0.3522E-03 -0.6672E-08-0.9644E-02 0.9292E-02  0.000      0.000      0.000      0.000       0.000       0.000       0.000       0.000       0.000       0.000    
  1157760.   42.70415690   26.6687   0.000       0.000      0.3533E-03 -0.7150E-08-0.9673E-02 0.9320E-02  0.000      0.000      0.000      0.000       0.000       0.000       0.000       0.000       0.000       0.000    
  1175040.   42.70415690   26.7174   0.000       0.000      0.3543E-03 -0.7142E-08-0.9702E-02 0.9348E-02  0.000      0.000      0.000      0.000       0.000       0.000       0.000       0.000       0.000       0.000    
  1192320.   42.70415690   26.7659   0.000       0.000      0.3553E-03 -0.7125E-08-0.9730E-02 0.9375E-02  0.000      0.000      0.000      0.000       0.000       0.000       0.000       0.000       0.000       0.000    
  1209600.   42.70415690   26.8141   0.000       0.000      0.3563E-03 -0.7108E-08-0.9759E-02 0.9403E-02  0.000      0.000      0.000      0.000       0.000       0.000       0.000       0.000       0.000       0.000    
  1226880.   42.70415690   26.7927   0.000       0.000      0.3559E-03  0.3056E-08-0.9748E-02 0.9392E-02  0.000      0.000      0.000      0.000       0.000       0.000       0.000       0.000       0.000       0.000    
  1244160.   42.70415690   26.7715   0.000       0.000      0.3554E-03  0.2847E-08-0.9738E-02 0.9383E-02  0.000      0.000      0.000      0.000       0.000       0.000       0.000       0.000       0.000       0.000    
  1261440.   42.70415690   26.7505   0.000       0.000      0.3550E-03  0.2819E-08-0.9728E-02 0.9373E-02  0.000      0.000      0.000      0.000       0.000       0.000       0.000       0.000       0.000       0.000    
  1278720.   42.70415690   26.7298   0.000       0.000      0.3546E-03  0.2795E-08-0.9718E-02 0.9364E-02  0.000      0.000      0.000      0.000       0.000       0.000       0.000       0.000       0.000       0.000    
  1296000.   42.70415690   26.7093   0.000       0.000      0.3541E-03  0.2772E-08-0.9708E-02 0.9354E-02  0.000      0.000      0.000      0.000       0.000       0.000       0.000       0.000       0.000       0.000    
  1313280.   42.70415690   26.6669   0.000       0.000      0.3532E-03  0.5943E-08-0.9686E-02 0.9333E-02  0.000      0.000      0.000      0.000       0.000       0.000       0.000       0.000       0.000       0.000    
  1330560.   42.70415690   26.6249   0.000       0.000      0.3523E-03  0.5834E-08-0.9664E-02 0.9312E-02  0.000      0.000      0.000      0.000       0.000       0.000       0.000       0.000       0.000       0.000    
  1347840.   42.70415690   26.5832   0.000       0.000      0.3515E-03  0.5783E-08-0.9642E-02 0.9291E-02  0.000      0.000      0.000      0.000       0.000       0.000       0.000       0.000       0.000       0.000    
  1365120.   42.70415690   26.5418   0.000       0.000      0.3506E-03  0.5734E-08-0.9620E-02 0.9270E-02  0.000      0.000      0.000      0.000       0.000       0.000       0.000       0.000       0.000       0.000    
  1382400.   42.70415690   26.5007   0.000       0.000      0.3497E-03  0.5686E-08-0.9599E-02 0.9249E-02  0.000      0.000      0.000      0.000       0.000       0.000       0.000       0.000       0.000       0.000    
  1399680.   42.70415690   26.4460   0.000       0.000      0.3485E-03  0.7640E-08-0.9569E-02 0.9221E-02  0.000      0.000      0.000      0.000       0.000       0.000       0.000       0.000       0.000       0.000    
  1416960.   42.70415690   26.3916   0.000       0.000      0.3474E-03  0.7535E-08-0.9540E-02 0.9193E-02  0.000      0.000      0.000      0.000       0.000       0.000       0.000       0.000       0.000       0.000    
  1434240.   42.70415690   26.3376   0.000       0.000      0.3463E-03  0.7466E-08-0.9511E-02 0.9165E-02  0.000      0.000      0.000      0.000       0.000       0.000       0.000       0.000       0.000       0.000    
  1451520.   42.70415690   26.2840   0.000       0.000      0.3451E-03  0.7399E-08-0.9482E-02 0.9137E-02  0.000      0.000      0.000      0.000       0.000       0.000       0.000       0.000       0.000       0.000    
  1468800.   42.70415690   26.2308   0.000       0.000      0.3440E-03  0.7333E-08-0.9453E-02 0.9109E-02  0.000      0.000      0.000      0.000       0.000       0.000       0.000       0.000       0.000       0.000    
  1486080.   42.70415690   26.1670   0.000       0.000      0.3426E-03  0.8799E-08-0.9419E-02 0.9076E-02  0.000      0.000      0.000      0.000       0.000       0.000       0.000       0.000       0.000       0.000    
  1503360.   42.70415690   26.1037   0.000       0.000      0.3413E-03  0.8687E-08-0.9384E-02 0.9043E-02  0.000      0.000      0.000      0.000       0.000       0.000       0.000       0.000       0.000       0.000    
  1520640.   42.70415690   26.0407   0.000       0.000      0.3400E-03  0.8603E-08-0.9350E-02 0.9010E-02  0.000      0.000      0.000      0.000       0.000       0.000       0.000       0.000       0.000       0.000    
  1537920.   42.70415690   25.9782   0.000       0.000      0.3386E-03  0.8522E-08-0.9316E-02 0.8977E-02  0.000      0.000      0.000      0.000       0.000       0.000       0.000       0.000       0.000       0.000    
  1555200.   42.70415690   25.9161   0.000       0.000      0.3373E-03  0.8441E-08-0.9282E-02 0.8945E-02  0.000      0.000      0.000      0.000       0.000       0.000       0.000       0.000       0.000       0.000    
  1572480.   42.70415690   25.8471   0.000       0.000      0.3359E-03  0.9366E-08-0.9244E-02 0.8908E-02  0.000      0.000      0.000      0.000       0.000       0.000       0.000       0.000       0.000       0.000    
  1589760.   42.70415690   25.7786   0.000       0.000      0.3344E-03  0.9255E-08-0.9206E-02 0.8872E-02  0.000      0.000      0.000      0.000       0.000       0.000       0.000       0.000       0.000       0.000    
  1607040.   42.70415690   25.7106   0.000       0.000      0.3330E-03  0.1528E-07-0.9169E-02 0.8836E-02  0.000      0.000      0.000      0.000       0.000       0.000       0.000       0.000       0.000       0.000    
  1624320.   42.70415690   25.6434   0.000       0.000      0.3316E-03  0.9024E-08-0.9132E-02 0.8800E-02  0.000      0.000      0.000      0.000       0.000       0.000       0.000       0.000       0.000       0.000    
  1641600.   42.70415690   25.5768   0.000       0.000      0.3301E-03  0.8862E-08-0.9095E-02 0.8765E-02  0.000      0.000      0.000      0.000       0.000       0.000       0.000       0.000       0.000       0.000    
  1658880.   42.70415690   25.5090   0.000       0.000      0.3287E-03  0.9002E-08-0.9057E-02 0.8728E-02  0.000      0.000      0.000      0.000       0.000       0.000       0.000       0.000       0.000       0.000    
  1676160.   42.70415690   25.4417   0.000       0.000      0.3273E-03  0.8897E-08-0.9020E-02 0.8692E-02  0.000      0.000      0.000      0.000       0.000       0.000       0.000       0.000       0.000       0.000    
  1693440.   42.70415690   25.3749   0.000       0.000      0.3259E-03  0.8801E-08-0.8982E-02 0.8657E-02  0.000      0.000      0.000      0.000       0.000       0.000       0.000       0.000       0.000       0.000    
  1710720.   42.70415690   25.3086   0.000       0.000      0.3245E-03  0.8708E-08-0.8945E-02 0.8621E-02  0.000      0.000      0.000      0.000       0.000       0.000       0.000       0.000       0.000       0.000    
  1728000.   42.70415690   25.2427   0.000       0.000      0.3231E-03  0.8618E-08-0.8909E-02 0.8586E-02  0.000      0.000      0.000      0.000       0.000       0.000       0.000       0.000       0.000       0.000    
  1745280.   42.70415690   25.1788   0.000       0.000      0.3217E-03  0.8324E-08-0.8873E-02 0.8551E-02  0.000      0.000      0.000      0.000       0.000       0.000       0.000       0.000       0.000       0.000    
  1762560.   42.70415690   25.1153   0.000       0.000      0.3204E-03  0.8244E-08-0.8837E-02 0.8517E-02  0.000      0.000      0.000      0.000       0.000       0.000       0.000       0.000       0.000       0.000    
  1779840.   42.70415690   25.0522   0.000       0.000      0.3190E-03  0.8162E-08-0.8802E-02 0.8483E-02  0.000      0.000      0.000      0.000       0.000       0.000       0.000       0.000       0.000       0.000    
  1797120.   42.70415690   24.9895   0.000       0.000      0.3177E-03  0.8082E-08-0.8767E-02 0.8449E-02  0.000      0.000      0.000      0.000       0.000       0.000       0.000       0.000       0.000       0.000    
  1814400.   42.70415690   24.9271   0.000       0.000      0.3164E-03  0.8003E-08-0.8732E-02 0.8416E-02  0.000      0.000      0.000      0.000       0.000       0.000       0.000       0.000       0.000       0.000    
  1831680.   42.70415690   24.8614   0.000       0.000      0.3150E-03  0.8405E-08-0.8695E-02 0.8380E-02  0.000      0.000      0.000      0.000       0.000       0.000       0.000       0.000       0.000       0.000    
  1848960.   42.70415690   24.7961   0.000       0.000      0.3136E-03  0.8313E-08-0.8659E-02 0.8345E-02  0.000      0.000      0.000      0.000       0.000       0.000       0.000       0.000       0.000       0.000    
  1866240.   42.70415690   24.7311   0.000       0.000      0.3122E-03  0.8230E-08-0.8622E-02 0.8310E-02  0.000      0.000      0.000      0.000       0.000       0.000       0.000       0.000       0.000       0.000    
  1883520.   42.70415690   24.6666   0.000       0.000      0.3109E-03  0.8149E-08-0.8586E-02 0.8275E-02  0.000      0.000      0.000      0.000       0.000       0.000       0.000       0.000       0.000       0.000    
  1900800.   42.70415690   24.6024   0.000       0.000      0.3095E-03  0.8068E-08-0.8550E-02 0.8240E-02  0.000      0.000      0.000      0.000       0.000       0.000       0.000       0.000       0.000       0.000    
  1918080.   42.70415690   24.5359   0.000       0.000      0.3081E-03  0.8327E-08-0.8512E-02 0.8204E-02  0.000      0.000      0.000      0.000       0.000       0.000       0.000       0.000       0.000       0.000    
  1935360.   42.70415690   24.4698   0.000       0.000      0.3067E-03  0.8237E-08-0.8475E-02 0.8169E-02  0.000      0.000      0.000      0.000       0.000       0.000       0.000       0.000       0.000       0.000    
  1952640.   42.70415690   24.4040   0.000       0.000      0.3053E-03  0.8155E-08-0.8438E-02 0.8133E-02  0.000      0.000      0.000      0.000       0.000       0.000       0.000       0.000       0.000       0.000    
  1969920.   42.70415690   24.3387   0.000       0.000      0.3039E-03  0.8073E-08-0.8402E-02 0.8098E-02  0.000      0.000      0.000      0.000       0.000       0.000       0.000       0.000       0.000       0.000    
  1987200.   42.70415690   24.2737   0.000       0.000      0.3025E-03  0.7993E-08-0.8365E-02 0.8063E-02  0.000      0.000      0.000      0.000       0.000       0.000       0.000       0.000       0.000       0.000    
  2004480.   42.70415690   24.2104   0.000       0.000      0.3012E-03  0.7758E-08-0.8329E-02 0.8028E-02  0.000      0.000      0.000      0.000       0.000       0.000       0.000       0.000       0.000       0.000    
  2021760.   42.70415690   24.1474   0.000       0.000      0.2999E-03  0.7685E-08-0.8294E-02 0.7994E-02  0.000      0.000      0.000      0.000       0.000       0.000       0.000       0.000       0.000       0.000    
  2039040.   42.70415690   24.0847   0.000       0.000      0.2985E-03  0.7609E-08-0.8259E-02 0.7960E-02  0.000      0.000      0.000      0.000       0.000       0.000       0.000       0.000       0.000       0.000    
  2056320.   42.70415690   24.0225   0.000       0.000      0.2972E-03  0.7535E-08-0.8224E-02 0.7926E-02  0.000      0.000      0.000      0.000       0.000       0.000       0.000       0.000       0.000       0.000    
  2073600.   42.70415690   23.9605   0.000       0.000      0.2959E-03  0.7461E-08-0.8189E-02 0.7893E-02  0.000      0.000      0.000      0.000       0.000       0.000       0.000       0.000       0.000       0.000    
  2090880.   42.70415690   23.8961   0.000       0.000      0.2945E-03  0.7736E-08-0.8152E-02 0.7858E-02  0.000      0.000      0.000      0.000       0.000       0.000       0.000       0.000       0.000       0.000    
  2108160.   42.70415690   23.8320   0.000       0.000      0.2932E-03  0.7652E-08-0.8116E-02 0.7823E-02  0.000      0.000      0.000      0.000       0.000       0.000       0.000       0.000       0.000       0.000    
  2125440.   42.70415690   23.7683   0.000       0.000      0.2918E-03  0.7575E-08-0.8080E-02 0.7788E-02  0.000      0.000      0.000      0.000       0.000       0.000       0.000       0.000       0.000       0.000    
  2142720.   42.70415690   23.7049   0.000       0.000      0.2905E-03  0.7499E-08-0.8044E-02 0.7754E-02  0.000      0.000      0.000      0.000       0.000       0.000       0.000       0.000       0.000       0.000    
  2160000.   42.70415690   23.6419   0.000       0.000      0.2892E-03  0.7424E-08-0.8009E-02 0.7720E-02  0.000      0.000      0.000      0.000       0.000       0.000       0.000       0.000       0.000       0.000    
  2177280.   42.70415690   23.5772   0.000       0.000      0.2878E-03  0.7590E-08-0.7972E-02 0.7684E-02  0.000      0.000      0.000      0.000       0.000       0.000       0.000       0.000       0.000       0.000    
  2194560.   42.70415690   23.5129   0.000       0.000      0.2864E-03  0.7508E-08-0.7936E-02 0.7650E-02  0.000      0.000      0.000      0.000       0.000       0.000       0.000       0.000       0.000       0.000    
  2211840.   42.70415690   23.4490   0.000       0.000      0.2851E-03  0.7432E-08-0.7900E-02 0.7615E-02  0.000      0.000      0.000      0.000       0.000       0.000       0.000       0.000       0.000       0.000    
  2229120.   42.70415690   23.3854   0.000       0.000      0.2837E-03  0.7357E-08-0.7864E-02 0.7580E-02  0.000      0.000      0.000      0.000       0.000       0.000       0.000       0.000       0.000       0.000    
  2246400.   42.70415690   23.3222   0.000       0.000      0.2824E-03  0.7283E-08-0.7828E-02 0.7546E-02  0.000      0.000      0.000      0.000       0.000       0.000       0.000       0.000       0.000       0.000    
  2263680.   42.70415690   23.2573   0.000       0.000      0.2810E-03  0.7447E-08-0.7792E-02 0.7511E-02  0.000      0.000      0.000      0.000       0.000       0.000       0.000       0.000       0.000       0.000    
  2280960.   42.70415690   23.1927   0.000       0.000      0.2797E-03  0.7366E-08-0.7755E-02 0.7475E-02  0.000      0.000      0.000      0.000       0.000       0.000       0.000       0.000       0.000       0.000    
  2298240.   42.70415690   23.1285   0.000       0.000      0.2783E-03  0.7291E-08-0.7719E-02 0.7440E-02  0.000      0.000      0.000      0.000       0.000       0.000       0.000       0.000       0.000       0.000    
  2315520.   42.70415690   23.0647   0.000       0.000      0.2769E-03  0.7216E-08-0.7683E-02 0.7406E-02  0.000      0.000      0.000      0.000       0.000       0.000       0.000       0.000       0.000       0.000    
  2332800.   42.70415690   23.0012   0.000       0.000      0.2756E-03  0.7142E-08-0.7647E-02 0.7371E-02  0.000      0.000      0.000      0.000       0.000       0.000       0.000       0.000       0.000       0.000    
  2350080.   42.70415690   22.9367   0.000       0.000      0.2742E-03  0.7222E-08-0.7610E-02 0.7336E-02  0.000      0.000      0.000      0.000       0.000       0.000       0.000       0.000       0.000       0.000    
  2367360.   42.70415690   22.8726   0.000       0.000      0.2729E-03  0.7144E-08-0.7574E-02 0.7301E-02  0.000      0.000      0.000      0.000       0.000       0.000       0.000       0.000       0.000       0.000    
  2384640.   42.70415690   22.8089   0.000       0.000      0.2715E-03  0.7071E-08-0.7538E-02 0.7266E-02  0.000      0.000      0.000      0.000       0.000       0.000       0.000       0.000       0.000       0.000    
  2401920.   42.70415690   22.7455   0.000       0.000      0.2702E-03  0.6998E-08-0.7502E-02 0.7232E-02  0.000      0.000      0.000      0.000       0.000       0.000       0.000       0.000       0.000       0.000    
  2419200.   42.70415690   22.6824   0.000       0.000      0.2688E-03  0.6926E-08-0.7466E-02 0.7198E-02  0.000      0.000      0.000      0.000       0.000       0.000       0.000       0.000       0.000       0.000    
  2436480.   42.70415690   22.6312   0.000       0.000      0.2678E-03  0.5591E-08-0.7437E-02 0.7170E-02  0.000      0.000      0.000      0.000       0.000       0.000       0.000       0.000       0.000       0.000    
  2453760.   42.70415690   22.5803   0.000       0.000      0.2667E-03  0.5565E-08-0.7408E-02 0.7142E-02  0.000      0.000      0.000      0.000       0.000       0.000       0.000       0.000       0.000       0.000    
  2471040.   42.70415690   22.5297   0.000       0.000      0.2656E-03  0.5514E-08-0.7379E-02 0.7114E-02  0.000      0.000      0.000      0.000       0.000       0.000       0.000       0.000       0.000       0.000    
  2488320.   42.70415690   22.4793   0.000       0.000      0.2645E-03  0.5462E-08-0.7351E-02 0.7086E-02  0.000      0.000      0.000      0.000       0.000       0.000       0.000       0.000       0.000       0.000    
  2505600.   42.70415690   22.4292   0.000       0.000      0.2635E-03  0.5412E-08-0.7322E-02 0.7059E-02  0.000      0.000      0.000      0.000       0.000       0.000       0.000       0.000       0.000       0.000    
  2522880.   42.70415690   22.3789   0.000       0.000      0.2624E-03  0.5407E-08-0.7294E-02 0.7031E-02  0.000      0.000      0.000      0.000       0.000       0.000       0.000       0.000       0.000       0.000    
  2540160.   42.70415690   22.3289   0.000       0.000      0.2614E-03  0.5355E-08-0.7265E-02 0.7004E-02  0.000      0.000      0.000      0.000       0.000       0.000       0.000       0.000       0.000       0.000    
  2557440.   42.70415690   22.2792   0.000       0.000      0.2603E-03  0.5305E-08-0.7237E-02 0.6976E-02  0.000      0.000      0.000      0.000       0.000       0.000       0.000       0.000       0.000       0.000    
  2574720.   42.70415690   22.2298   0.000       0.000      0.2593E-03  0.5256E-08-0.7208E-02 0.6949E-02  0.000      0.000      0.000      0.000       0.000       0.000       0.000       0.000       0.000       0.000    
  2592000.   42.70415690   22.1806   0.000       0.000      0.2582E-03  0.5206E-08-0.7180E-02 0.6922E-02  0.000      0.000      0.000      0.000       0.000       0.000       0.000       0.000       0.000       0.000    
  2609280.   42.70415690   22.1767   0.000       0.000      0.2581E-03  0.3813E-09-0.7178E-02 0.6920E-02  0.000      0.000      0.000      0.000       0.000       0.000       0.000       0.000       0.000       0.000    
  2626560.   42.70415690   22.1728   0.000       0.000      0.2580E-03  0.4806E-09-0.7175E-02 0.6917E-02  0.000      0.000      0.000      0.000       0.000       0.000       0.000       0.000       0.000       0.000    
  2643840.   42.70415690   22.1688   0.000       0.000      0.2580E-03  0.4829E-09-0.7172E-02 0.6914E-02  0.000      0.000      0.000      0.000       0.000       0.000       0.000       0.000       0.000       0.000    
  2661120.   42.70415690   22.1648   0.000       0.000      0.2579E-03  0.4832E-09-0.7169E-02 0.6911E-02  0.000      0.000      0.000      0.000       0.000       0.000       0.000       0.000       0.000       0.000    
  2678400.   42.70415690   22.1609   0.000       0.000      0.2578E-03  0.4827E-09-0.7166E-02 0.6908E-02  0.000      0.000      0.000      0.000       0.000       0.000       0.000       0.000       0.000       0.000    
  2695680.   42.70415690   22.2809   0.000       0.000      0.2603E-03 -0.1275E-07-0.7233E-02 0.6972E-02  0.000      0.000      0.000      0.000       0.000       0.000       0.000       0.000       0.000       0.000    
  2712960.   42.70415690   22.4002   0.000       0.000      0.2629E-03 -0.1252E-07-0.7298E-02 0.7035E-02  0.000      0.000      0.000      0.000       0.000       0.000       0.000       0.000       0.000       0.000    
  2730240.   42.70415690   22.5186   0.000       0.000      0.2654E-03 -0.1255E-07-0.7362E-02 0.7097E-02  0.000      0.000      0.000      0.000       0.000       0.000       0.000       0.000       0.000       0.000    
  2747520.   42.70415690   22.6362   0.000       0.000      0.2679E-03 -0.1259E-07-0.7427E-02 0.7159E-02  0.000      0.000      0.000      0.000       0.000       0.000       0.000       0.000       0.000       0.000    
  2764800.   42.70415690   22.7531   0.000       0.000      0.2703E-03 -0.1263E-07-0.7491E-02 0.7220E-02  0.000      0.000      0.000      0.000       0.000       0.000       0.000       0.000       0.000       0.000    
  2782080.   42.70415690   23.0462   0.000       0.000      0.2765E-03 -0.3264E-07-0.7654E-02 0.7378E-02  0.000      0.000      0.000      0.000       0.000       0.000       0.000       0.000       0.000       0.000    
  2799360.   42.70415690   23.3373   0.000       0.000      0.2827E-03 -0.3275E-07-0.7814E-02 0.7532E-02  0.000      0.000      0.000      0.000       0.000       0.000       0.000       0.000       0.000       0.000    
  2816640.   42.70415690   23.6266   0.000       0.000      0.2888E-03 -0.3324E-07-0.7974E-02 0.7685E-02  0.000      0.000      0.000      0.000       0.000       0.000       0.000       0.000       0.000       0.000    
  2833920.   42.70415690   23.9141   0.000       0.000      0.2949E-03 -0.3373E-07-0.8132E-02 0.7838E-02  0.000      0.000      0.000      0.000       0.000       0.000       0.000       0.000       0.000       0.000    
  2851200.   42.70415690   24.1998   0.000       0.000      0.3010E-03 -0.3422E-07-0.8290E-02 0.7989E-02  0.000      0.000      0.000      0.000       0.000       0.000       0.000       0.000       0.000       0.000    
  2868480.   42.70415690   24.2050   0.000       0.000      0.3011E-03 -0.1558E-10-0.8291E-02 0.7989E-02  0.000      0.000      0.000      0.000       0.000       0.000       0.000       0.000       0.000       0.000    
  2885760.   42.70415690   24.2105   0.000       0.000      0.3012E-03 -0.6989E-09-0.8294E-02 0.7993E-02  0.000      0.000      0.000      0.000       0.000       0.000       0.000       0.000       0.000       0.000    
  2903040.   42.70415690   24.2159   0.000       0.000      0.3013E-03 -0.7229E-09-0.8298E-02 0.7997E-02  0.000      0.000      0.000      0.000       0.000       0.000       0.000       0.000       0.000       0.000    
  2920320.   42.70415690   24.2214   0.000       0.000      0.3014E-03 -0.7331E-09-0.8302E-02 0.8001E-02  0.000      0.000      0.000      0.000       0.000       0.000       0.000       0.000       0.000       0.000    
  2937600.   42.70415690   24.2270   0.000       0.000      0.3016E-03 -0.7394E-09-0.8306E-02 0.8004E-02  0.000      0.000      0.000      0.000       0.000       0.000       0.000       0.000       0.000       0.000    
  2954880.   42.70415690   24.2507   0.000       0.000      0.3021E-03 -0.2984E-08-0.8320E-02 0.8018E-02  0.000      0.000      0.000      0.000       0.000       0.000       0.000       0.000       0.000       0.000    
  2972160.   42.70415690   24.2743   0.000       0.000      0.3026E-03 -0.2934E-08-0.8334E-02 0.8031E-02  0.000      0.000      0.000      0.000       0.000       0.000       0.000       0.000       0.000       0.000    
  2989440.   42.70415690   24.2977   0.000       0.000      0.3031E-03 -0.2926E-08-0.8347E-02 0.8044E-02  0.000      0.000      0.000      0.000       0.000       0.000       0.000       0.000       0.000       0.000    
  3006720.   42.70415690   24.3211   0.000       0.000      0.3036E-03 -0.2918E-08-0.8361E-02 0.8058E-02  0.000      0.000      0.000      0.000       0.000       0.000       0.000       0.000       0.000       0.000    
  3024000.   42.70415690   24.3445   0.000       0.000      0.3040E-03 -0.2909E-08-0.8375E-02 0.8071E-02  0.000      0.000      0.000      0.000       0.000       0.000       0.000       0.000       0.000       0.000    
  3041280.   42.70415690   24.4119   0.000       0.000      0.3055E-03 -0.8427E-08-0.8413E-02 0.8108E-02  0.000      0.000      0.000      0.000       0.000       0.000       0.000       0.000       0.000       0.000    
  3058560.   42.70415690   24.4790   0.000       0.000      0.3069E-03 -0.8312E-08-0.8451E-02 0.8144E-02  0.000      0.000      0.000      0.000       0.000       0.000       0.000       0.000       0.000       0.000    
  3075840.   42.70415690   24.5457   0.000       0.000      0.3083E-03 -0.8300E-08-0.8488E-02 0.8180E-02  0.000      0.000      0.000      0.000       0.000       0.000       0.000       0.000       0.000       0.000    
  3093120.   42.70415690   24.6120   0.000       0.000      0.3097E-03 -0.8291E-08-0.8525E-02 0.8216E-02  0.000      0.000      0.000      0.000       0.000       0.000       0.000       0.000       0.000       0.000    
  3110400.   42.70415690   24.6779   0.000       0.000      0.3111E-03 -0.8282E-08-0.8562E-02 0.8251E-02  0.000      0.000      0.000      0.000       0.000       0.000       0.000       0.000       0.000       0.000    
  3127680.   42.70415690   24.6713   0.000       0.000      0.3110E-03  0.9356E-09-0.8559E-02 0.8248E-02  0.000      0.000      0.000      0.000       0.000       0.000       0.000       0.000       0.000       0.000    
  3144960.   42.70415690   24.6648   0.000       0.000      0.3108E-03  0.7493E-09-0.8556E-02 0.8245E-02  0.000      0.000      0.000      0.000       0.000       0.000       0.000       0.000       0.000       0.000    
  3162240.   42.70415690   24.6583   0.000       0.000      0.3107E-03  0.7367E-09-0.8553E-02 0.8242E-02  0.000      0.000      0.000      0.000       0.000       0.000       0.000       0.000       0.000       0.000    
  3179520.   42.70415690   24.6520   0.000       0.000      0.3106E-03  0.7279E-09-0.8550E-02 0.8239E-02  0.000      0.000      0.000      0.000       0.000       0.000       0.000       0.000       0.000       0.000    
  3196800.   42.70415690   24.6457   0.000       0.000      0.3104E-03  0.7203E-09-0.8547E-02 0.8237E-02  0.000      0.000      0.000      0.000       0.000       0.000       0.000       0.000       0.000       0.000    
  3214080.   42.70415690   24.6081   0.000       0.000      0.3096E-03  0.4704E-08-0.8527E-02 0.8217E-02  0.000      0.000      0.000      0.000       0.000       0.000       0.000       0.000       0.000       0.000    
  3231360.   42.70415690   24.5707   0.000       0.000      0.3088E-03  0.4586E-08-0.8507E-02 0.8198E-02  0.000      0.000      0.000      0.000       0.000       0.000       0.000       0.000       0.000       0.000    
  3248640.   42.70415690   24.5336   0.000       0.000      0.3081E-03  0.4544E-08-0.8487E-02 0.8179E-02  0.000      0.000      0.000      0.000       0.000       0.000       0.000       0.000       0.000       0.000    
  3265920.   42.70415690   24.4968   0.000       0.000      0.3073E-03  0.4504E-08-0.8467E-02 0.8160E-02  0.000      0.000      0.000      0.000       0.000       0.000       0.000       0.000       0.000       0.000    
  3283200.   42.70415690   24.4602   0.000       0.000      0.3065E-03  0.4466E-08-0.8447E-02 0.8141E-02  0.000      0.000      0.000      0.000       0.000       0.000       0.000       0.000       0.000       0.000    
  3300480.   42.70415690   24.4399   0.000       0.000      0.3061E-03  0.2421E-08-0.8436E-02 0.8130E-02  0.000      0.000      0.000      0.000       0.000       0.000       0.000       0.000       0.000       0.000    
  3317760.   42.70415690   24.4198   0.000       0.000      0.3056E-03  0.2442E-08-0.8426E-02 0.8120E-02  0.000      0.000      0.000      0.000       0.000       0.000       0.000       0.000       0.000       0.000    
  3335040.   42.70415690   24.3997   0.000       0.000      0.3052E-03  0.2426E-08-0.8415E-02 0.8110E-02  0.000      0.000      0.000      0.000       0.000       0.000       0.000       0.000       0.000       0.000    
  3352320.   42.70415690   24.3799   0.000       0.000      0.3048E-03  0.2409E-08-0.8404E-02 0.8099E-02  0.000      0.000      0.000      0.000       0.000       0.000       0.000       0.000       0.000       0.000    
  3369600.   42.70415690   24.3601   0.000       0.000      0.3044E-03  0.2393E-08-0.8394E-02 0.8089E-02  0.000      0.000      0.000      0.000       0.000       0.000       0.000       0.000       0.000       0.000    
  3386880.   42.70415690   24.3768   0.000       0.000      0.3047E-03 -0.2147E-08-0.8403E-02 0.8099E-02  0.000      0.000      0.000      0.000       0.000       0.000       0.000       0.000       0.000       0.000    
  3404160.   42.70415690   24.3933   0.000       0.000      0.3051E-03 -0.2048E-08-0.8413E-02 0.8108E-02  0.000      0.000      0.000      0.000       0.000       0.000       0.000       0.000       0.000       0.000    
  3421440.   42.70415690   24.4098   0.000       0.000      0.3054E-03 -0.2035E-08-0.8422E-02 0.8116E-02  0.000      0.000      0.000      0.000       0.000       0.000       0.000       0.000       0.000       0.000    
  3438720.   42.70415690   24.4261   0.000       0.000      0.3058E-03 -0.2024E-08-0.8431E-02 0.8125E-02  0.000      0.000      0.000      0.000       0.000       0.000       0.000       0.000       0.000       0.000    
  3456000.   42.70415690   24.4424   0.000       0.000      0.3061E-03 -0.2014E-08-0.8440E-02 0.8134E-02  0.000      0.000      0.000      0.000       0.000       0.000       0.000       0.000       0.000       0.000    
  3473280.   42.70415690   24.4816   0.000       0.000      0.3070E-03 -0.4903E-08-0.8462E-02 0.8155E-02  0.000      0.000      0.000      0.000       0.000       0.000       0.000       0.000       0.000       0.000    
  3490560.   42.70415690   24.5206   0.000       0.000      0.3078E-03 -0.4831E-08-0.8484E-02 0.8176E-02  0.000      0.000      0.000      0.000       0.000       0.000       0.000       0.000       0.000       0.000    
  3507840.   42.70415690   24.5593   0.000       0.000      0.3086E-03 -0.4813E-08-0.8505E-02 0.8197E-02  0.000      0.000      0.000      0.000       0.000       0.000       0.000       0.000       0.000       0.000    
  3525120.   42.70415690   24.5978   0.000       0.000      0.3094E-03 -0.4797E-08-0.8527E-02 0.8218E-02  0.000      0.000      0.000      0.000       0.000       0.000       0.000       0.000       0.000       0.000    
  3542400.   42.70415690   24.6360   0.000       0.000      0.3102E-03 -0.4782E-08-0.8548E-02 0.8238E-02  0.000      0.000      0.000      0.000       0.000       0.000       0.000       0.000       0.000       0.000    
  3559680.   42.70415690   24.6541   0.000       0.000      0.3106E-03 -0.2220E-08-0.8558E-02 0.8248E-02  0.000      0.000      0.000      0.000       0.000       0.000       0.000       0.000       0.000       0.000    
  3576960.   42.70415690   24.6720   0.000       0.000      0.3110E-03 -0.2260E-08-0.8568E-02 0.8257E-02  0.000      0.000      0.000      0.000       0.000       0.000       0.000       0.000       0.000       0.000    
  3594240.   42.70415690   24.6898   0.000       0.000      0.3114E-03 -0.2252E-08-0.8578E-02 0.8267E-02  0.000      0.000      0.000      0.000       0.000       0.000       0.000       0.000       0.000       0.000    
  3611520.   42.70415690   24.7075   0.000       0.000      0.3117E-03 -0.2243E-08-0.8588E-02 0.8277E-02  0.000      0.000      0.000      0.000       0.000       0.000       0.000       0.000       0.000       0.000    
  3628800.   42.70415690   24.7251   0.000       0.000      0.3121E-03 -0.2234E-08-0.8598E-02 0.8286E-02  0.000      0.000      0.000      0.000       0.000       0.000       0.000       0.000       0.000       0.000    
  3646080.   42.70415690   24.6973   0.000       0.000      0.3115E-03  0.3570E-08-0.8583E-02 0.8271E-02  0.000      0.000      0.000      0.000       0.000       0.000       0.000       0.000       0.000       0.000    
  3663360.   42.70415690   24.6697   0.000       0.000      0.3109E-03  0.3430E-08-0.8568E-02 0.8257E-02  0.000      0.000      0.000      0.000       0.000       0.000       0.000       0.000       0.000       0.000    
  3680640.   42.70415690   24.6422   0.000       0.000      0.3104E-03  0.3400E-08-0.8553E-02 0.8243E-02  0.000      0.000      0.000      0.000       0.000       0.000       0.000       0.000       0.000       0.000    
  3697920.   42.70415690   24.6150   0.000       0.000      0.3098E-03  0.3372E-08-0.8538E-02 0.8228E-02  0.000      0.000      0.000      0.000       0.000       0.000       0.000       0.000       0.000       0.000    
  3715200.   42.70415690   24.5879   0.000       0.000      0.3092E-03  0.3345E-08-0.8524E-02 0.8214E-02  0.000      0.000      0.000      0.000       0.000       0.000       0.000       0.000       0.000       0.000    
  3732480.   42.70415690   24.5693   0.000       0.000      0.3088E-03  0.2265E-08-0.8514E-02 0.8205E-02  0.000      0.000      0.000      0.000       0.000       0.000       0.000       0.000       0.000       0.000    
  3749760.   42.70415690   24.5509   0.000       0.000      0.3084E-03  0.2269E-08-0.8504E-02 0.8195E-02  0.000      0.000      0.000      0.000       0.000       0.000       0.000       0.000       0.000       0.000    
  3767040.   42.70415690   24.5326   0.000       0.000      0.3080E-03  0.2254E-08-0.8494E-02 0.8186E-02  0.000      0.000      0.000      0.000       0.000       0.000       0.000       0.000       0.000       0.000    
  3784320.   42.70415690   24.5144   0.000       0.000      0.3076E-03  0.2238E-08-0.8484E-02 0.8176E-02  0.000      0.000      0.000      0.000       0.000       0.000       0.000       0.000       0.000       0.000    
  3801600.   42.70415690   24.4964   0.000       0.000      0.3073E-03  0.2223E-08-0.8474E-02 0.8166E-02  0.000      0.000      0.000      0.000       0.000       0.000       0.000       0.000       0.000       0.000    
  3818880.   42.70415690   24.5074   0.000       0.000      0.3075E-03 -0.1442E-08-0.8480E-02 0.8173E-02  0.000      0.000      0.000      0.000       0.000       0.000       0.000       0.000       0.000       0.000    
  3836160.   42.70415690   24.5184   0.000       0.000      0.3077E-03 -0.1363E-08-0.8486E-02 0.8179E-02  0.000      0.000      0.000      0.000       0.000       0.000       0.000       0.000       0.000       0.000    
  3853440.   42.70415690   24.5293   0.000       0.000      0.3080E-03 -0.1354E-08-0.8492E-02 0.8184E-02  0.000      0.000      0.000      0.000       0.000       0.000       0.000       0.000       0.000       0.000    
  3870720.   42.70415690   24.5401   0.000       0.000      0.3082E-03 -0.1346E-08-0.8498E-02 0.8190E-02  0.000      0.000      0.000      0.000       0.000       0.000       0.000       0.000       0.000       0.000    
  3888000.   42.70415690   24.5509   0.000       0.000      0.3084E-03 -0.1338E-08-0.8504E-02 0.8196E-02  0.000      0.000      0.000      0.000       0.000       0.000       0.000       0.000       0.000       0.000    
  3905280.   42.70415690   24.5932   0.000       0.000      0.3093E-03 -0.5336E-08-0.8528E-02 0.8219E-02  0.000      0.000      0.000      0.000       0.000       0.000       0.000       0.000       0.000       0.000    
  3922560.   42.70415690   24.6353   0.000       0.000      0.3102E-03 -0.5241E-08-0.8551E-02 0.8241E-02  0.000      0.000      0.000      0.000       0.000       0.000       0.000       0.000       0.000       0.000    
  3939840.   42.70415690   24.6771   0.000       0.000      0.3111E-03 -0.5223E-08-0.8575E-02 0.8263E-02  0.000      0.000      0.000      0.000       0.000       0.000       0.000       0.000       0.000       0.000    
  3957120.   42.70415690   24.7186   0.000       0.000      0.3120E-03 -0.5206E-08-0.8598E-02 0.8286E-02  0.000      0.000      0.000      0.000       0.000       0.000       0.000       0.000       0.000       0.000    
  3974400.   42.70415690   24.7599   0.000       0.000      0.3128E-03 -0.5190E-08-0.8620E-02 0.8308E-02  0.000      0.000      0.000      0.000       0.000       0.000       0.000       0.000       0.000       0.000    
  3991680.   42.70415690   24.8076   0.000       0.000      0.3139E-03 -0.6032E-08-0.8647E-02 0.8333E-02  0.000      0.000      0.000      0.000       0.000       0.000       0.000       0.000       0.000       0.000    
  4008960.   42.70415690   24.8550   0.000       0.000      0.3149E-03 -0.5999E-08-0.8673E-02 0.8358E-02  0.000      0.000      0.000      0.000       0.000       0.000       0.000       0.000       0.000       0.000    
  4026240.   42.70415690   24.9021   0.000       0.000      0.3159E-03 -0.5984E-08-0.8699E-02 0.8384E-02  0.000      0.000      0.000      0.000       0.000       0.000       0.000       0.000       0.000       0.000    
  4043520.   42.70415690   24.9489   0.000       0.000      0.3168E-03 -0.5968E-08-0.8725E-02 0.8409E-02  0.000      0.000      0.000      0.000       0.000       0.000       0.000       0.000       0.000       0.000    
  4060800.   42.70415690   24.9954   0.000       0.000      0.3178E-03 -0.5953E-08-0.8751E-02 0.8434E-02  0.000      0.000      0.000      0.000       0.000       0.000       0.000       0.000       0.000       0.000    
  4078080.   42.70415690   24.9750   0.000       0.000      0.3174E-03  0.2739E-08-0.8740E-02 0.8422E-02  0.000      0.000      0.000      0.000       0.000       0.000       0.000       0.000       0.000       0.000    
  4095360.   42.70415690   24.9548   0.000       0.000      0.3170E-03  0.2552E-08-0.8729E-02 0.8412E-02  0.000      0.000      0.000      0.000       0.000       0.000       0.000       0.000       0.000       0.000    
  4112640.   42.70415690   24.9347   0.000       0.000      0.3165E-03  0.2527E-08-0.8718E-02 0.8401E-02  0.000      0.000      0.000      0.000       0.000       0.000       0.000       0.000       0.000       0.000    
  4129920.   42.70415690   24.9148   0.000       0.000      0.3161E-03  0.2506E-08-0.8707E-02 0.8391E-02  0.000      0.000      0.000      0.000       0.000       0.000       0.000       0.000       0.000       0.000    
  4147200.   42.70415690   24.8950   0.000       0.000      0.3157E-03  0.2486E-08-0.8697E-02 0.8381E-02  0.000      0.000      0.000      0.000       0.000       0.000       0.000       0.000       0.000       0.000    
  4164480.   42.70415690   24.8506   0.000       0.000      0.3148E-03  0.5656E-08-0.8672E-02 0.8357E-02  0.000      0.000      0.000      0.000       0.000       0.000       0.000       0.000       0.000       0.000    
  4181760.   42.70415690   24.8066   0.000       0.000      0.3138E-03  0.5545E-08-0.8648E-02 0.8334E-02  0.000      0.000      0.000      0.000       0.000       0.000       0.000       0.000       0.000       0.000    
  4199040.   42.70415690   24.7628   0.000       0.000      0.3129E-03  0.5494E-08-0.8624E-02 0.8311E-02  0.000      0.000      0.000      0.000       0.000       0.000       0.000       0.000       0.000       0.000    
  4216320.   42.70415690   24.7193   0.000       0.000      0.3120E-03  0.5446E-08-0.8600E-02 0.8288E-02  0.000      0.000      0.000      0.000       0.000       0.000       0.000       0.000       0.000       0.000    
  4233600.   42.70415690   24.6761   0.000       0.000      0.3111E-03  0.5398E-08-0.8576E-02 0.8265E-02  0.000      0.000      0.000      0.000       0.000       0.000       0.000       0.000       0.000       0.000    
  4250880.   42.70415690   24.6280   0.000       0.000      0.3101E-03  0.6004E-08-0.8550E-02 0.8240E-02  0.000      0.000      0.000      0.000       0.000       0.000       0.000       0.000       0.000       0.000    
  4268160.   42.70415690   24.5802   0.000       0.000      0.3090E-03  0.5938E-08-0.8524E-02 0.8214E-02  0.000      0.000      0.000      0.000       0.000       0.000       0.000       0.000       0.000       0.000    
  4285440.   42.70415690   24.5328   0.000       0.000      0.3080E-03  0.5885E-08-0.8497E-02 0.8189E-02  0.000      0.000      0.000      0.000       0.000       0.000       0.000       0.000       0.000       0.000    
  4302720.   42.70415690   24.4856   0.000       0.000      0.3070E-03  0.5833E-08-0.8471E-02 0.8164E-02  0.000      0.000      0.000      0.000       0.000       0.000       0.000       0.000       0.000       0.000    
  4320000.   42.70415690   24.4387   0.000       0.000      0.3060E-03  0.5782E-08-0.8445E-02 0.8139E-02  0.000      0.000      0.000      0.000       0.000       0.000       0.000       0.000       0.000       0.000    
  4337280.   42.70415690   24.3872   0.000       0.000      0.3050E-03  0.6349E-08-0.8417E-02 0.8112E-02  0.000      0.000      0.000      0.000       0.000       0.000       0.000       0.000       0.000       0.000    
  4354560.   42.70415690   24.3360   0.000       0.000      0.3039E-03  0.6280E-08-0.8388E-02 0.8084E-02  0.000      0.000      0.000      0.000       0.000       0.000       0.000       0.000       0.000       0.000    
  4371840.   42.70415690   24.2851   0.000       0.000      0.3028E-03  0.6222E-08-0.8360E-02 0.8057E-02  0.000      0.000      0.000      0.000       0.000       0.000       0.000       0.000       0.000       0.000    
  4389120.   42.70415690   24.2345   0.000       0.000      0.3017E-03  0.6166E-08-0.8332E-02 0.8030E-02  0.000      0.000      0.000      0.000       0.000       0.000       0.000       0.000       0.000       0.000    
  4406400.   42.70415690   24.1842   0.000       0.000      0.3007E-03  0.6111E-08-0.8304E-02 0.8003E-02  0.000      0.000      0.000      0.000       0.000       0.000       0.000       0.000       0.000       0.000    
