TOTIM (T)      HCON          HMAT      QDIR      QWELL        QMAT       QCADS      QTUB1      QTUB2      QTUB3      QTUB4      QTUB5      QTUB6       NSTOR        QFIX        QLH     FHLQ (LQ)        CAUCHY   CAUCHY (LQ)
    86400.   42.70415690   25.4859  0.1511E-05   0.000       0.000       0.000      0.000      0.000      0.000      0.000      0.000      0.000       0.000       0.000       0.000       0.000       0.000       0.000    
   103680.   42.70415690   25.4620  0.7491E-08   0.000       0.000       0.000      0.000      0.000      0.000      0.000      0.000      0.000       0.000       0.000       0.000       0.000       0.000       0.000    
   120960.   42.70415690   25.3951  0.7491E-08   0.000       0.000       0.000      0.000      0.000      0.000      0.000      0.000      0.000       0.000       0.000       0.000       0.000       0.000       0.000    
   138240.   42.70415690   25.3231  0.7491E-08   0.000       0.000       0.000      0.000      0.000      0.000      0.000      0.000      0.000       0.000       0.000       0.000       0.000       0.000       0.000    
   155520.   42.70415690   25.2497  0.7491E-08   0.000       0.000       0.000      0.000      0.000      0.000      0.000      0.000      0.000       0.000       0.000       0.000       0.000       0.000       0.000    
   172800.   42.70415690   25.1758  0.7491E-08   0.000       0.000       0.000      0.000      0.000      0.000      0.000      0.000      0.000       0.000       0.000       0.000       0.000       0.000       0.000    
   190080.   42.70415690   25.1284  0.5093E-06   0.000       0.000       0.000      0.000      0.000      0.000      0.000      0.000      0.000       0.000       0.000       0.000       0.000       0.000       0.000    
   207360.   42.70415690   25.0809  0.5093E-06   0.000       0.000       0.000      0.000      0.000      0.000      0.000      0.000      0.000       0.000       0.000       0.000       0.000       0.000       0.000    
   224640.   42.70415690   25.0334  0.5093E-06   0.000       0.000       0.000      0.000      0.000      0.000      0.000      0.000      0.000       0.000       0.000       0.000       0.000       0.000       0.000    
   241920.   42.70415690   24.9860  0.5093E-06   0.000       0.000       0.000      0.000      0.000      0.000      0.000      0.000      0.000       0.000       0.000       0.000       0.000       0.000       0.000    
   259200.   42.70415690   24.9388  0.5093E-06   0.000       0.000       0.000      0.000      0.000      0.000      0.000      0.000      0.000       0.000       0.000       0.000       0.000       0.000       0.000    
   276480.   42.70415690   24.8990  0.6451E-06   0.000       0.000       0.000      0.000      0.000      0.000      0.000      0.000      0.000       0.000       0.000       0.000       0.000       0.000       0.000    
   293760.   42.70415690   24.8593  0.6451E-06   0.000       0.000       0.000      0.000      0.000      0.000      0.000      0.000      0.000       0.000       0.000       0.000       0.000       0.000       0.000    
   311040.   42.70415690   24.8197  0.6451E-06   0.000       0.000       0.000      0.000      0.000      0.000      0.000      0.000      0.000       0.000       0.000       0.000       0.000       0.000       0.000    
   328320.   42.70415690   24.7804  0.6451E-06   0.000       0.000       0.000      0.000      0.000      0.000      0.000      0.000      0.000       0.000       0.000       0.000       0.000       0.000       0.000    
   345600.   42.70415690   24.7413  0.6451E-06   0.000       0.000       0.000      0.000      0.000      0.000      0.000      0.000      0.000       0.000       0.000       0.000       0.000       0.000       0.000    
   362880.   42.70415690   24.7359  0.1279E-05   0.000       0.000       0.000      0.000      0.000      0.000      0.000      0.000      0.000       0.000       0.000       0.000       0.000       0.000       0.000    
   380160.   42.70415690   24.7306  0.1279E-05   0.000       0.000       0.000      0.000      0.000      0.000      0.000      0.000      0.000       0.000       0.000       0.000       0.000       0.000       0.000    
   397440.   42.70415690   24.7254  0.1279E-05   0.000       0.000       0.000      0.000      0.000      0.000      0.000      0.000      0.000       0.000       0.000       0.000       0.000       0.000       0.000    
   414720.   42.70415690   24.7203  0.1279E-05   0.000       0.000       0.000      0.000      0.000      0.000      0.000      0.000      0.000       0.000       0.000       0.000       0.000       0.000       0.000    
   432000.   42.70415690   24.7152  0.1279E-05   0.000       0.000       0.000      0.000      0.000      0.000      0.000      0.000      0.000       0.000       0.000       0.000       0.000       0.000       0.000    
   449280.   42.70415690   24.7357  0.1761E-05   0.000       0.000       0.000      0.000      0.000      0.000      0.000      0.000      0.000       0.000       0.000       0.000       0.000       0.000       0.000    
   466560.   42.70415690   24.7562  0.1761E-05   0.000       0.000       0.000      0.000      0.000      0.000      0.000      0.000      0.000       0.000       0.000       0.000       0.000       0.000       0.000    
   483840.   42.70415690   24.7767  0.1761E-05   0.000       0.000       0.000      0.000      0.000      0.000      0.000      0.000      0.000       0.000       0.000       0.000       0.000       0.000       0.000    
   501120.   42.70415690   24.7971  0.1761E-05   0.000       0.000       0.000      0.000      0.000      0.000      0.000      0.000      0.000       0.000       0.000       0.000       0.000       0.000       0.000    
   518400.   42.70415690   24.8175  0.1761E-05   0.000       0.000       0.000      0.000      0.000      0.000      0.000      0.000      0.000       0.000       0.000       0.000       0.000       0.000       0.000    
   535680.   42.70415690   24.8181  0.1388E-05   0.000       0.000       0.000      0.000      0.000      0.000      0.000      0.000      0.000       0.000       0.000       0.000       0.000       0.000       0.000    
   552960.   42.70415690   24.8187  0.1388E-05   0.000       0.000       0.000      0.000      0.000      0.000      0.000      0.000      0.000       0.000       0.000       0.000       0.000       0.000       0.000    
   570240.   42.70415690   24.8193  0.1388E-05   0.000       0.000       0.000      0.000      0.000      0.000      0.000      0.000      0.000       0.000       0.000       0.000       0.000       0.000       0.000    
   587520.   42.70415690   24.8199  0.1388E-05   0.000       0.000       0.000      0.000      0.000      0.000      0.000      0.000      0.000       0.000       0.000       0.000       0.000       0.000       0.000    
   604800.   42.70415690   24.8206  0.1388E-05   0.000       0.000       0.000      0.000      0.000      0.000      0.000      0.000      0.000       0.000       0.000       0.000       0.000       0.000       0.000    
   622080.   42.70415690   24.8283  0.1520E-05   0.000       0.000       0.000      0.000      0.000      0.000      0.000      0.000      0.000       0.000       0.000       0.000       0.000       0.000       0.000    
   639360.   42.70415690   24.8359  0.1520E-05   0.000       0.000       0.000      0.000      0.000      0.000      0.000      0.000      0.000       0.000       0.000       0.000       0.000       0.000       0.000    
   656640.   42.70415690   24.8436  0.1520E-05   0.000       0.000       0.000      0.000      0.000      0.000      0.000      0.000      0.000       0.000       0.000       0.000       0.000       0.000       0.000    
   673920.   42.70415690   24.8513  0.1520E-05   0.000       0.000       0.000      0.000      0.000      0.000      0.000      0.000      0.000       0.000       0.000       0.000       0.000       0.000       0.000    
   691200.   42.70415690   24.8590  0.1520E-05   0.000       0.000       0.000      0.000      0.000      0.000      0.000      0.000      0.000       0.000       0.000       0.000       0.000       0.000       0.000    
   708480.   42.70415690   24.9353  0.2816E-05   0.000       0.000       0.000      0.000      0.000      0.000      0.000      0.000      0.000       0.000       0.000       0.000       0.000       0.000       0.000    
   725760.   42.70415690   25.0114  0.2816E-05   0.000       0.000       0.000      0.000      0.000      0.000      0.000      0.000      0.000       0.000       0.000       0.000       0.000       0.000       0.000    
   743040.   42.70415690   25.0873  0.2816E-05   0.000       0.000       0.000      0.000      0.000      0.000      0.000      0.000      0.000       0.000       0.000       0.000       0.000       0.000       0.000    
   760320.   42.70415690   25.1629  0.2816E-05   0.000       0.000       0.000      0.000      0.000      0.000      0.000      0.000      0.000       0.000       0.000       0.000       0.000       0.000       0.000    
   777600.   42.70415690   25.2382  0.2816E-05   0.000       0.000       0.000      0.000      0.000      0.000      0.000      0.000      0.000       0.000       0.000       0.000       0.000       0.000       0.000    
   794880.   42.70415690   25.3744  0.3973E-05   0.000       0.000       0.000      0.000      0.000      0.000      0.000      0.000      0.000       0.000       0.000       0.000       0.000       0.000       0.000    
   812160.   42.70415690   25.5103  0.3973E-05   0.000       0.000       0.000      0.000      0.000      0.000      0.000      0.000      0.000       0.000       0.000       0.000       0.000       0.000       0.000    
   829440.   42.70415690   25.6456  0.3973E-05   0.000       0.000       0.000      0.000      0.000      0.000      0.000      0.000      0.000       0.000       0.000       0.000       0.000       0.000       0.000    
   846720.   42.70415690   25.7804  0.3973E-05   0.000       0.000       0.000      0.000      0.000      0.000      0.000      0.000      0.000       0.000       0.000       0.000       0.000       0.000       0.000    
   864000.   42.70415690   25.9147  0.3973E-05   0.000       0.000       0.000      0.000      0.000      0.000      0.000      0.000      0.000       0.000       0.000       0.000       0.000       0.000       0.000    
   881280.   42.70415690   25.9942  0.2950E-05   0.000       0.000       0.000      0.000      0.000      0.000      0.000      0.000      0.000       0.000       0.000       0.000       0.000       0.000       0.000    
   898560.   42.70415690   26.0732  0.2950E-05   0.000       0.000       0.000      0.000      0.000      0.000      0.000      0.000      0.000       0.000       0.000       0.000       0.000       0.000       0.000    
   915840.   42.70415690   26.1519  0.2950E-05   0.000       0.000       0.000      0.000      0.000      0.000      0.000      0.000      0.000       0.000       0.000       0.000       0.000       0.000       0.000    
   933120.   42.70415690   26.2302  0.2950E-05   0.000       0.000       0.000      0.000      0.000      0.000      0.000      0.000      0.000       0.000       0.000       0.000       0.000       0.000       0.000    
   950400.   42.70415690   26.3082  0.2950E-05   0.000       0.000       0.000      0.000      0.000      0.000      0.000      0.000      0.000       0.000       0.000       0.000       0.000       0.000       0.000    
   967680.   42.70415690   26.4576  0.4305E-05   0.000       0.000       0.000      0.000      0.000      0.000      0.000      0.000      0.000       0.000       0.000       0.000       0.000       0.000       0.000    
   984960.   42.70415690   26.6066  0.4305E-05   0.000       0.000       0.000      0.000      0.000      0.000      0.000      0.000      0.000       0.000       0.000       0.000       0.000       0.000       0.000    
  1002240.   42.70415690   26.7549  0.4305E-05   0.000       0.000       0.000      0.000      0.000      0.000      0.000      0.000      0.000       0.000       0.000       0.000       0.000       0.000       0.000    
  1019520.   42.70415690   26.9026  0.4305E-05   0.000       0.000       0.000      0.000      0.000      0.000      0.000      0.000      0.000       0.000       0.000       0.000       0.000       0.000       0.000    
  1036800.   42.70415690   27.0496  0.4305E-05   0.000       0.000       0.000      0.000      0.000      0.000      0.000      0.000      0.000       0.000       0.000       0.000       0.000       0.000       0.000    
  1054080.   42.70415690   27.2994  0.6259E-05   0.000       0.000       0.000      0.000      0.000      0.000      0.000      0.000      0.000       0.000       0.000       0.000       0.000       0.000       0.000    
  1071360.   42.70415690   27.5484  0.6259E-05   0.000       0.000       0.000      0.000      0.000      0.000      0.000      0.000      0.000       0.000       0.000       0.000       0.000       0.000       0.000    
  1088640.   42.70415690   27.7963  0.6259E-05   0.000       0.000       0.000      0.000      0.000      0.000      0.000      0.000      0.000       0.000       0.000       0.000       0.000       0.000       0.000    
  1105920.   42.70415690   28.0431  0.6259E-05   0.000       0.000       0.000      0.000      0.000      0.000      0.000      0.000      0.000       0.000       0.000       0.000       0.000       0.000       0.000    
  1123200.   42.70415690   28.2889  0.6259E-05   0.000       0.000       0.000      0.000      0.000      0.000      0.000      0.000      0.000       0.000       0.000       0.000       0.000       0.000       0.000    
  1140480.   42.70415690   28.3450  0.2701E-05   0.000       0.000       0.000      0.000      0.000      0.000      0.000      0.000      0.000       0.000       0.000       0.000       0.000       0.000       0.000    
  1157760.   42.70415690   28.4004  0.2701E-05   0.000       0.000       0.000      0.000      0.000      0.000      0.000      0.000      0.000       0.000       0.000       0.000       0.000       0.000       0.000    
  1175040.   42.70415690   28.4554  0.2701E-05   0.000       0.000       0.000      0.000      0.000      0.000      0.000      0.000      0.000       0.000       0.000       0.000       0.000       0.000       0.000    
  1192320.   42.70415690   28.5100  0.2701E-05   0.000       0.000       0.000      0.000      0.000      0.000      0.000      0.000      0.000       0.000       0.000       0.000       0.000       0.000       0.000    
  1209600.   42.70415690   28.5643  0.2701E-05   0.000       0.000       0.000      0.000      0.000      0.000      0.000      0.000      0.000       0.000       0.000       0.000       0.000       0.000       0.000    
  1226880.   42.70415690   28.5486  0.1391E-05   0.000       0.000       0.000      0.000      0.000      0.000      0.000      0.000      0.000       0.000       0.000       0.000       0.000       0.000       0.000    
  1244160.   42.70415690   28.5328  0.1391E-05   0.000       0.000       0.000      0.000      0.000      0.000      0.000      0.000      0.000       0.000       0.000       0.000       0.000       0.000       0.000    
  1261440.   42.70415690   28.5168  0.1391E-05   0.000       0.000       0.000      0.000      0.000      0.000      0.000      0.000      0.000       0.000       0.000       0.000       0.000       0.000       0.000    
  1278720.   42.70415690   28.5008  0.1391E-05   0.000       0.000       0.000      0.000      0.000      0.000      0.000      0.000      0.000       0.000       0.000       0.000       0.000       0.000       0.000    
  1296000.   42.70415690   28.4846  0.1391E-05   0.000       0.000       0.000      0.000      0.000      0.000      0.000      0.000      0.000       0.000       0.000       0.000       0.000       0.000       0.000    
  1313280.   42.70415690   28.4464  0.9747E-06   0.000       0.000       0.000      0.000      0.000      0.000      0.000      0.000      0.000       0.000       0.000       0.000       0.000       0.000       0.000    
  1330560.   42.70415690   28.4081  0.9747E-06   0.000       0.000       0.000      0.000      0.000      0.000      0.000      0.000      0.000       0.000       0.000       0.000       0.000       0.000       0.000    
  1347840.   42.70415690   28.3698  0.9747E-06   0.000       0.000       0.000      0.000      0.000      0.000      0.000      0.000      0.000       0.000       0.000       0.000       0.000       0.000       0.000    
  1365120.   42.70415690   28.3316  0.9747E-06   0.000       0.000       0.000      0.000      0.000      0.000      0.000      0.000      0.000       0.000       0.000       0.000       0.000       0.000       0.000    
  1382400.   42.70415690   28.2934  0.9747E-06   0.000       0.000       0.000      0.000      0.000      0.000      0.000      0.000      0.000       0.000       0.000       0.000       0.000       0.000       0.000    
  1399680.   42.70415690   28.2413  0.7105E-06   0.000       0.000       0.000      0.000      0.000      0.000      0.000      0.000      0.000       0.000       0.000       0.000       0.000       0.000       0.000    
  1416960.   42.70415690   28.1893  0.7105E-06   0.000       0.000       0.000      0.000      0.000      0.000      0.000      0.000      0.000       0.000       0.000       0.000       0.000       0.000       0.000    
  1434240.   42.70415690   28.1373  0.7105E-06   0.000       0.000       0.000      0.000      0.000      0.000      0.000      0.000      0.000       0.000       0.000       0.000       0.000       0.000       0.000    
  1451520.   42.70415690   28.0856  0.7105E-06   0.000       0.000       0.000      0.000      0.000      0.000      0.000      0.000      0.000       0.000       0.000       0.000       0.000       0.000       0.000    
  1468800.   42.70415690   28.0339  0.7105E-06   0.000       0.000       0.000      0.000      0.000      0.000      0.000      0.000      0.000       0.000       0.000       0.000       0.000       0.000       0.000    
  1486080.   42.70415690   27.9715  0.5051E-06   0.000       0.000       0.000      0.000      0.000      0.000      0.000      0.000      0.000       0.000       0.000       0.000       0.000       0.000       0.000    
  1503360.   42.70415690   27.9093  0.5051E-06   0.000       0.000       0.000      0.000      0.000      0.000      0.000      0.000      0.000       0.000       0.000       0.000       0.000       0.000       0.000    
  1520640.   42.70415690   27.8473  0.5051E-06   0.000       0.000       0.000      0.000      0.000      0.000      0.000      0.000      0.000       0.000       0.000       0.000       0.000       0.000       0.000    
  1537920.   42.70415690   27.7855  0.5051E-06   0.000       0.000       0.000      0.000      0.000      0.000      0.000      0.000      0.000       0.000       0.000       0.000       0.000       0.000       0.000    
  1555200.   42.70415690   27.7239  0.5051E-06   0.000       0.000       0.000      0.000      0.000      0.000      0.000      0.000      0.000       0.000       0.000       0.000       0.000       0.000       0.000    
  1572480.   42.70415690   27.6552  0.3676E-06   0.000       0.000       0.000      0.000      0.000      0.000      0.000      0.000      0.000       0.000       0.000       0.000       0.000       0.000       0.000    
  1589760.   42.70415690   27.5868  0.3676E-06   0.000       0.000       0.000      0.000      0.000      0.000      0.000      0.000      0.000       0.000       0.000       0.000       0.000       0.000       0.000    
  1607040.   42.70415690   27.5186  0.3676E-06   0.000       0.000       0.000      0.000      0.000      0.000      0.000      0.000      0.000       0.000       0.000       0.000       0.000       0.000       0.000    
  1624320.   42.70415690   27.4507  0.3676E-06   0.000       0.000       0.000      0.000      0.000      0.000      0.000      0.000      0.000       0.000       0.000       0.000       0.000       0.000       0.000    
  1641600.   42.70415690   27.3830  0.3676E-06   0.000       0.000       0.000      0.000      0.000      0.000      0.000      0.000      0.000       0.000       0.000       0.000       0.000       0.000       0.000    
  1658880.   42.70415690   27.3139  0.3338E-06   0.000       0.000       0.000      0.000      0.000      0.000      0.000      0.000      0.000       0.000       0.000       0.000       0.000       0.000       0.000    
  1676160.   42.70415690   27.2450  0.3338E-06   0.000       0.000       0.000      0.000      0.000      0.000      0.000      0.000      0.000       0.000       0.000       0.000       0.000       0.000       0.000    
  1693440.   42.70415690   27.1765  0.3338E-06   0.000       0.000       0.000      0.000      0.000      0.000      0.000      0.000      0.000       0.000       0.000       0.000       0.000       0.000       0.000    
  1710720.   42.70415690   27.1083  0.3338E-06   0.000       0.000       0.000      0.000      0.000      0.000      0.000      0.000      0.000       0.000       0.000       0.000       0.000       0.000       0.000    
  1728000.   42.70415690   27.0404  0.3338E-06   0.000       0.000       0.000      0.000      0.000      0.000      0.000      0.000      0.000       0.000       0.000       0.000       0.000       0.000       0.000    
  1745280.   42.70415690   26.9744  0.3633E-06   0.000       0.000       0.000      0.000      0.000      0.000      0.000      0.000      0.000       0.000       0.000       0.000       0.000       0.000       0.000    
  1762560.   42.70415690   26.9088  0.3633E-06   0.000       0.000       0.000      0.000      0.000      0.000      0.000      0.000      0.000       0.000       0.000       0.000       0.000       0.000       0.000    
  1779840.   42.70415690   26.8435  0.3633E-06   0.000       0.000       0.000      0.000      0.000      0.000      0.000      0.000      0.000       0.000       0.000       0.000       0.000       0.000       0.000    
  1797120.   42.70415690   26.7785  0.3633E-06   0.000       0.000       0.000      0.000      0.000      0.000      0.000      0.000      0.000       0.000       0.000       0.000       0.000       0.000       0.000    
  1814400.   42.70415690   26.7138  0.3633E-06   0.000       0.000       0.000      0.000      0.000      0.000      0.000      0.000      0.000       0.000       0.000       0.000       0.000       0.000       0.000    
  1831680.   42.70415690   26.6457  0.2929E-06   0.000       0.000       0.000      0.000      0.000      0.000      0.000      0.000      0.000       0.000       0.000       0.000       0.000       0.000       0.000    
  1848960.   42.70415690   26.5779  0.2929E-06   0.000       0.000       0.000      0.000      0.000      0.000      0.000      0.000      0.000       0.000       0.000       0.000       0.000       0.000       0.000    
  1866240.   42.70415690   26.5105  0.2929E-06   0.000       0.000       0.000      0.000      0.000      0.000      0.000      0.000      0.000       0.000       0.000       0.000       0.000       0.000       0.000    
  1883520.   42.70415690   26.4435  0.2929E-06   0.000       0.000       0.000      0.000      0.000      0.000      0.000      0.000      0.000       0.000       0.000       0.000       0.000       0.000       0.000    
  1900800.   42.70415690   26.3767  0.2929E-06   0.000       0.000       0.000      0.000      0.000      0.000      0.000      0.000      0.000       0.000       0.000       0.000       0.000       0.000       0.000    
  1918080.   42.70415690   26.3076  0.2423E-06   0.000       0.000       0.000      0.000      0.000      0.000      0.000      0.000      0.000       0.000       0.000       0.000       0.000       0.000       0.000    
  1935360.   42.70415690   26.2389  0.2423E-06   0.000       0.000       0.000      0.000      0.000      0.000      0.000      0.000      0.000       0.000       0.000       0.000       0.000       0.000       0.000    
  1952640.   42.70415690   26.1704  0.2423E-06   0.000       0.000       0.000      0.000      0.000      0.000      0.000      0.000      0.000       0.000       0.000       0.000       0.000       0.000       0.000    
  1969920.   42.70415690   26.1024  0.2423E-06   0.000       0.000       0.000      0.000      0.000      0.000      0.000      0.000      0.000       0.000       0.000       0.000       0.000       0.000       0.000    
  1987200.   42.70415690   26.0346  0.2423E-06   0.000       0.000       0.000      0.000      0.000      0.000      0.000      0.000      0.000       0.000       0.000       0.000       0.000       0.000       0.000    
  2004480.   42.70415690   25.9685  0.2661E-06   0.000       0.000       0.000      0.000      0.000      0.000      0.000      0.000      0.000       0.000       0.000       0.000       0.000       0.000       0.000    
  2021760.   42.70415690   25.9027  0.2661E-06   0.000       0.000       0.000      0.000      0.000      0.000      0.000      0.000      0.000       0.000       0.000       0.000       0.000       0.000       0.000    
  2039040.   42.70415690   25.8372  0.2661E-06   0.000       0.000       0.000      0.000      0.000      0.000      0.000      0.000      0.000       0.000       0.000       0.000       0.000       0.000       0.000    
  2056320.   42.70415690   25.7720  0.2661E-06   0.000       0.000       0.000      0.000      0.000      0.000      0.000      0.000      0.000       0.000       0.000       0.000       0.000       0.000       0.000    
  2073600.   42.70415690   25.7072  0.2661E-06   0.000       0.000       0.000      0.000      0.000      0.000      0.000      0.000      0.000       0.000       0.000       0.000       0.000       0.000       0.000    
  2090880.   42.70415690   25.6398  0.2116E-06   0.000       0.000       0.000      0.000      0.000      0.000      0.000      0.000      0.000       0.000       0.000       0.000       0.000       0.000       0.000    
  2108160.   42.70415690   25.5728  0.2116E-06   0.000       0.000       0.000      0.000      0.000      0.000      0.000      0.000      0.000       0.000       0.000       0.000       0.000       0.000       0.000    
  2125440.   42.70415690   25.5061  0.2116E-06   0.000       0.000       0.000      0.000      0.000      0.000      0.000      0.000      0.000       0.000       0.000       0.000       0.000       0.000       0.000    
  2142720.   42.70415690   25.4397  0.2116E-06   0.000       0.000       0.000      0.000      0.000      0.000      0.000      0.000      0.000       0.000       0.000       0.000       0.000       0.000       0.000    
  2160000.   42.70415690   25.3736  0.2116E-06   0.000       0.000       0.000      0.000      0.000      0.000      0.000      0.000      0.000       0.000       0.000       0.000       0.000       0.000       0.000    
  2177280.   42.70415690   25.3059  0.1733E-06   0.000       0.000       0.000      0.000      0.000      0.000      0.000      0.000      0.000       0.000       0.000       0.000       0.000       0.000       0.000    
  2194560.   42.70415690   25.2385  0.1733E-06   0.000       0.000       0.000      0.000      0.000      0.000      0.000      0.000      0.000       0.000       0.000       0.000       0.000       0.000       0.000    
  2211840.   42.70415690   25.1714  0.1733E-06   0.000       0.000       0.000      0.000      0.000      0.000      0.000      0.000      0.000       0.000       0.000       0.000       0.000       0.000       0.000    
  2229120.   42.70415690   25.1047  0.1733E-06   0.000       0.000       0.000      0.000      0.000      0.000      0.000      0.000      0.000       0.000       0.000       0.000       0.000       0.000       0.000    
  2246400.   42.70415690   25.0383  0.1733E-06   0.000       0.000       0.000      0.000      0.000      0.000      0.000      0.000      0.000       0.000       0.000       0.000       0.000       0.000       0.000    
  2263680.   42.70415690   24.9702  0.1343E-06   0.000       0.000       0.000      0.000      0.000      0.000      0.000      0.000      0.000       0.000       0.000       0.000       0.000       0.000       0.000    
  2280960.   42.70415690   24.9024  0.1343E-06   0.000       0.000       0.000      0.000      0.000      0.000      0.000      0.000      0.000       0.000       0.000       0.000       0.000       0.000       0.000    
  2298240.   42.70415690   24.8349  0.1343E-06   0.000       0.000       0.000      0.000      0.000      0.000      0.000      0.000      0.000       0.000       0.000       0.000       0.000       0.000       0.000    
  2315520.   42.70415690   24.7678  0.1343E-06   0.000       0.000       0.000      0.000      0.000      0.000      0.000      0.000      0.000       0.000       0.000       0.000       0.000       0.000       0.000    
  2332800.   42.70415690   24.7010  0.1343E-06   0.000       0.000       0.000      0.000      0.000      0.000      0.000      0.000      0.000       0.000       0.000       0.000       0.000       0.000       0.000    
  2350080.   42.70415690   24.6332  0.1087E-06   0.000       0.000       0.000      0.000      0.000      0.000      0.000      0.000      0.000       0.000       0.000       0.000       0.000       0.000       0.000    
  2367360.   42.70415690   24.5658  0.1087E-06   0.000       0.000       0.000      0.000      0.000      0.000      0.000      0.000      0.000       0.000       0.000       0.000       0.000       0.000       0.000    
  2384640.   42.70415690   24.4987  0.1087E-06   0.000       0.000       0.000      0.000      0.000      0.000      0.000      0.000      0.000       0.000       0.000       0.000       0.000       0.000       0.000    
  2401920.   42.70415690   24.4319  0.1087E-06   0.000       0.000       0.000      0.000      0.000      0.000      0.000      0.000      0.000       0.000       0.000       0.000       0.000       0.000       0.000    
  2419200.   42.70415690   24.3655  0.1087E-06   0.000       0.000       0.000      0.000      0.000      0.000      0.000      0.000      0.000       0.000       0.000       0.000       0.000       0.000       0.000    
  2436480.   42.70415690   24.3108  0.3256E-06   0.000       0.000       0.000      0.000      0.000      0.000      0.000      0.000      0.000       0.000       0.000       0.000       0.000       0.000       0.000    
  2453760.   42.70415690   24.2565  0.3256E-06   0.000       0.000       0.000      0.000      0.000      0.000      0.000      0.000      0.000       0.000       0.000       0.000       0.000       0.000       0.000    
  2471040.   42.70415690   24.2025  0.3256E-06   0.000       0.000       0.000      0.000      0.000      0.000      0.000      0.000      0.000       0.000       0.000       0.000       0.000       0.000       0.000    
  2488320.   42.70415690   24.1488  0.3256E-06   0.000       0.000       0.000      0.000      0.000      0.000      0.000      0.000      0.000       0.000       0.000       0.000       0.000       0.000       0.000    
  2505600.   42.70415690   24.0953  0.3256E-06   0.000       0.000       0.000      0.000      0.000      0.000      0.000      0.000      0.000       0.000       0.000       0.000       0.000       0.000       0.000    
  2522880.   42.70415690   24.0418  0.3176E-06   0.000       0.000       0.000      0.000      0.000      0.000      0.000      0.000      0.000       0.000       0.000       0.000       0.000       0.000       0.000    
  2540160.   42.70415690   23.9885  0.3176E-06   0.000       0.000       0.000      0.000      0.000      0.000      0.000      0.000      0.000       0.000       0.000       0.000       0.000       0.000       0.000    
  2557440.   42.70415690   23.9354  0.3176E-06   0.000       0.000       0.000      0.000      0.000      0.000      0.000      0.000      0.000       0.000       0.000       0.000       0.000       0.000       0.000    
  2574720.   42.70415690   23.8827  0.3176E-06   0.000       0.000       0.000      0.000      0.000      0.000      0.000      0.000      0.000       0.000       0.000       0.000       0.000       0.000       0.000    
  2592000.   42.70415690   23.8302  0.3176E-06   0.000       0.000       0.000      0.000      0.000      0.000      0.000      0.000      0.000       0.000       0.000       0.000       0.000       0.000       0.000    
  2609280.   42.70415690   23.8231  0.1169E-05   0.000       0.000       0.000      0.000      0.000      0.000      0.000      0.000      0.000       0.000       0.000       0.000       0.000       0.000       0.000    
  2626560.   42.70415690   23.8162  0.1169E-05   0.000       0.000       0.000      0.000      0.000      0.000      0.000      0.000      0.000       0.000       0.000       0.000       0.000       0.000       0.000    
  2643840.   42.70415690   23.8094  0.1169E-05   0.000       0.000       0.000      0.000      0.000      0.000      0.000      0.000      0.000       0.000       0.000       0.000       0.000       0.000       0.000    
  2661120.   42.70415690   23.8026  0.1169E-05   0.000       0.000       0.000      0.000      0.000      0.000      0.000      0.000      0.000       0.000       0.000       0.000       0.000       0.000       0.000    
  2678400.   42.70415690   23.7960  0.1169E-05   0.000       0.000       0.000      0.000      0.000      0.000      0.000      0.000      0.000       0.000       0.000       0.000       0.000       0.000       0.000    
  2695680.   42.70415690   23.9137  0.3516E-05   0.000       0.000       0.000      0.000      0.000      0.000      0.000      0.000      0.000       0.000       0.000       0.000       0.000       0.000       0.000    
  2712960.   42.70415690   24.0312  0.3516E-05   0.000       0.000       0.000      0.000      0.000      0.000      0.000      0.000      0.000       0.000       0.000       0.000       0.000       0.000       0.000    
  2730240.   42.70415690   24.1484  0.3516E-05   0.000       0.000       0.000      0.000      0.000      0.000      0.000      0.000      0.000       0.000       0.000       0.000       0.000       0.000       0.000    
  2747520.   42.70415690   24.2651  0.3516E-05   0.000       0.000       0.000      0.000      0.000      0.000      0.000      0.000      0.000       0.000       0.000       0.000       0.000       0.000       0.000    
  2764800.   42.70415690   24.3815  0.3516E-05   0.000       0.000       0.000      0.000      0.000      0.000      0.000      0.000      0.000       0.000       0.000       0.000       0.000       0.000       0.000    
  2782080.   42.70415690   24.6746  0.6863E-05   0.000       0.000       0.000      0.000      0.000      0.000      0.000      0.000      0.000       0.000       0.000       0.000       0.000       0.000       0.000    
  2799360.   42.70415690   24.9669  0.6863E-05   0.000       0.000       0.000      0.000      0.000      0.000      0.000      0.000      0.000       0.000       0.000       0.000       0.000       0.000       0.000    
  2816640.   42.70415690   25.2582  0.6863E-05   0.000       0.000       0.000      0.000      0.000      0.000      0.000      0.000      0.000       0.000       0.000       0.000       0.000       0.000       0.000    
  2833920.   42.70415690   25.5484  0.6863E-05   0.000       0.000       0.000      0.000      0.000      0.000      0.000      0.000      0.000       0.000       0.000       0.000       0.000       0.000       0.000    
  2851200.   42.70415690   25.8374  0.6863E-05   0.000       0.000       0.000      0.000      0.000      0.000      0.000      0.000      0.000       0.000       0.000       0.000       0.000       0.000       0.000    
  2868480.   42.70415690   25.8463  0.1595E-05   0.000       0.000       0.000      0.000      0.000      0.000      0.000      0.000      0.000       0.000       0.000       0.000       0.000       0.000       0.000    
  2885760.   42.70415690   25.8545  0.1595E-05   0.000       0.000       0.000      0.000      0.000      0.000      0.000      0.000      0.000       0.000       0.000       0.000       0.000       0.000       0.000    
  2903040.   42.70415690   25.8627  0.1595E-05   0.000       0.000       0.000      0.000      0.000      0.000      0.000      0.000      0.000       0.000       0.000       0.000       0.000       0.000       0.000    
  2920320.   42.70415690   25.8708  0.1595E-05   0.000       0.000       0.000      0.000      0.000      0.000      0.000      0.000      0.000       0.000       0.000       0.000       0.000       0.000       0.000    
  2937600.   42.70415690   25.8788  0.1595E-05   0.000       0.000       0.000      0.000      0.000      0.000      0.000      0.000      0.000       0.000       0.000       0.000       0.000       0.000       0.000    
  2954880.   42.70415690   25.9049  0.1938E-05   0.000       0.000       0.000      0.000      0.000      0.000      0.000      0.000      0.000       0.000       0.000       0.000       0.000       0.000       0.000    
  2972160.   42.70415690   25.9309  0.1938E-05   0.000       0.000       0.000      0.000      0.000      0.000      0.000      0.000      0.000       0.000       0.000       0.000       0.000       0.000       0.000    
  2989440.   42.70415690   25.9568  0.1938E-05   0.000       0.000       0.000      0.000      0.000      0.000      0.000      0.000      0.000       0.000       0.000       0.000       0.000       0.000       0.000    
  3006720.   42.70415690   25.9825  0.1938E-05   0.000       0.000       0.000      0.000      0.000      0.000      0.000      0.000      0.000       0.000       0.000       0.000       0.000       0.000       0.000    
  3024000.   42.70415690   26.0080  0.1938E-05   0.000       0.000       0.000      0.000      0.000      0.000      0.000      0.000      0.000       0.000       0.000       0.000       0.000       0.000       0.000    
  3041280.   42.70415690   26.0778  0.2774E-05   0.000       0.000       0.000      0.000      0.000      0.000      0.000      0.000      0.000       0.000       0.000       0.000       0.000       0.000       0.000    
  3058560.   42.70415690   26.1473  0.2774E-05   0.000       0.000       0.000      0.000      0.000      0.000      0.000      0.000      0.000       0.000       0.000       0.000       0.000       0.000       0.000    
  3075840.   42.70415690   26.2165  0.2774E-05   0.000       0.000       0.000      0.000      0.000      0.000      0.000      0.000      0.000       0.000       0.000       0.000       0.000       0.000       0.000    
  3093120.   42.70415690   26.2853  0.2774E-05   0.000       0.000       0.000      0.000      0.000      0.000      0.000      0.000      0.000       0.000       0.000       0.000       0.000       0.000       0.000    
  3110400.   42.70415690   26.3539  0.2774E-05   0.000       0.000       0.000      0.000      0.000      0.000      0.000      0.000      0.000       0.000       0.000       0.000       0.000       0.000       0.000    
  3127680.   42.70415690   26.3499  0.1410E-05   0.000       0.000       0.000      0.000      0.000      0.000      0.000      0.000      0.000       0.000       0.000       0.000       0.000       0.000       0.000    
  3144960.   42.70415690   26.3456  0.1410E-05   0.000       0.000       0.000      0.000      0.000      0.000      0.000      0.000      0.000       0.000       0.000       0.000       0.000       0.000       0.000    
  3162240.   42.70415690   26.3413  0.1410E-05   0.000       0.000       0.000      0.000      0.000      0.000      0.000      0.000      0.000       0.000       0.000       0.000       0.000       0.000       0.000    
  3179520.   42.70415690   26.3370  0.1410E-05   0.000       0.000       0.000      0.000      0.000      0.000      0.000      0.000      0.000       0.000       0.000       0.000       0.000       0.000       0.000    
  3196800.   42.70415690   26.3327  0.1410E-05   0.000       0.000       0.000      0.000      0.000      0.000      0.000      0.000      0.000       0.000       0.000       0.000       0.000       0.000       0.000    
  3214080.   42.70415690   26.2968  0.8153E-06   0.000       0.000       0.000      0.000      0.000      0.000      0.000      0.000      0.000       0.000       0.000       0.000       0.000       0.000       0.000    
  3231360.   42.70415690   26.2610  0.8153E-06   0.000       0.000       0.000      0.000      0.000      0.000      0.000      0.000      0.000       0.000       0.000       0.000       0.000       0.000       0.000    
  3248640.   42.70415690   26.2253  0.8153E-06   0.000       0.000       0.000      0.000      0.000      0.000      0.000      0.000      0.000       0.000       0.000       0.000       0.000       0.000       0.000    
  3265920.   42.70415690   26.1896  0.8153E-06   0.000       0.000       0.000      0.000      0.000      0.000      0.000      0.000      0.000       0.000       0.000       0.000       0.000       0.000       0.000    
  3283200.   42.70415690   26.1541  0.8153E-06   0.000       0.000       0.000      0.000      0.000      0.000      0.000      0.000      0.000       0.000       0.000       0.000       0.000       0.000       0.000    
  3300480.   42.70415690   26.1347  0.1118E-05   0.000       0.000       0.000      0.000      0.000      0.000      0.000      0.000      0.000       0.000       0.000       0.000       0.000       0.000       0.000    
  3317760.   42.70415690   26.1154  0.1118E-05   0.000       0.000       0.000      0.000      0.000      0.000      0.000      0.000      0.000       0.000       0.000       0.000       0.000       0.000       0.000    
  3335040.   42.70415690   26.0962  0.1118E-05   0.000       0.000       0.000      0.000      0.000      0.000      0.000      0.000      0.000       0.000       0.000       0.000       0.000       0.000       0.000    
  3352320.   42.70415690   26.0770  0.1118E-05   0.000       0.000       0.000      0.000      0.000      0.000      0.000      0.000      0.000       0.000       0.000       0.000       0.000       0.000       0.000    
  3369600.   42.70415690   26.0578  0.1118E-05   0.000       0.000       0.000      0.000      0.000      0.000      0.000      0.000      0.000       0.000       0.000       0.000       0.000       0.000       0.000    
  3386880.   42.70415690   26.0750  0.1804E-05   0.000       0.000       0.000      0.000      0.000      0.000      0.000      0.000      0.000       0.000       0.000       0.000       0.000       0.000       0.000    
  3404160.   42.70415690   26.0922  0.1804E-05   0.000       0.000       0.000      0.000      0.000      0.000      0.000      0.000      0.000       0.000       0.000       0.000       0.000       0.000       0.000    
  3421440.   42.70415690   26.1093  0.1804E-05   0.000       0.000       0.000      0.000      0.000      0.000      0.000      0.000      0.000       0.000       0.000       0.000       0.000       0.000       0.000    
  3438720.   42.70415690   26.1263  0.1804E-05   0.000       0.000       0.000      0.000      0.000      0.000      0.000      0.000      0.000       0.000       0.000       0.000       0.000       0.000       0.000    
  3456000.   42.70415690   26.1433  0.1804E-05   0.000       0.000       0.000      0.000      0.000      0.000      0.000      0.000      0.000       0.000       0.000       0.000       0.000       0.000       0.000    
  3473280.   42.70415690   26.1832  0.2240E-05   0.000       0.000       0.000      0.000      0.000      0.000      0.000      0.000      0.000       0.000       0.000       0.000       0.000       0.000       0.000    
  3490560.   42.70415690   26.2230  0.2240E-05   0.000       0.000       0.000      0.000      0.000      0.000      0.000      0.000      0.000       0.000       0.000       0.000       0.000       0.000       0.000    
  3507840.   42.70415690   26.2627  0.2240E-05   0.000       0.000       0.000      0.000      0.000      0.000      0.000      0.000      0.000       0.000       0.000       0.000       0.000       0.000       0.000    
  3525120.   42.70415690   26.3021  0.2240E-05   0.000       0.000       0.000      0.000      0.000      0.000      0.000      0.000      0.000       0.000       0.000       0.000       0.000       0.000       0.000    
  3542400.   42.70415690   26.3414  0.2240E-05   0.000       0.000       0.000      0.000      0.000      0.000      0.000      0.000      0.000       0.000       0.000       0.000       0.000       0.000       0.000    
  3559680.   42.70415690   26.3605  0.1862E-05   0.000       0.000       0.000      0.000      0.000      0.000      0.000      0.000      0.000       0.000       0.000       0.000       0.000       0.000       0.000    
  3576960.   42.70415690   26.3794  0.1862E-05   0.000       0.000       0.000      0.000      0.000      0.000      0.000      0.000      0.000       0.000       0.000       0.000       0.000       0.000       0.000    
  3594240.   42.70415690   26.3982  0.1862E-05   0.000       0.000       0.000      0.000      0.000      0.000      0.000      0.000      0.000       0.000       0.000       0.000       0.000       0.000       0.000    
  3611520.   42.70415690   26.4169  0.1862E-05   0.000       0.000       0.000      0.000      0.000      0.000      0.000      0.000      0.000       0.000       0.000       0.000       0.000       0.000       0.000    
  3628800.   42.70415690   26.4356  0.1862E-05   0.000       0.000       0.000      0.000      0.000      0.000      0.000      0.000      0.000       0.000       0.000       0.000       0.000       0.000       0.000    
  3646080.   42.70415690   26.4087  0.1005E-05   0.000       0.000       0.000      0.000      0.000      0.000      0.000      0.000      0.000       0.000       0.000       0.000       0.000       0.000       0.000    
  3663360.   42.70415690   26.3818  0.1005E-05   0.000       0.000       0.000      0.000      0.000      0.000      0.000      0.000      0.000       0.000       0.000       0.000       0.000       0.000       0.000    
  3680640.   42.70415690   26.3550  0.1005E-05   0.000       0.000       0.000      0.000      0.000      0.000      0.000      0.000      0.000       0.000       0.000       0.000       0.000       0.000       0.000    
  3697920.   42.70415690   26.3282  0.1005E-05   0.000       0.000       0.000      0.000      0.000      0.000      0.000      0.000      0.000       0.000       0.000       0.000       0.000       0.000       0.000    
  3715200.   42.70415690   26.3016  0.1005E-05   0.000       0.000       0.000      0.000      0.000      0.000      0.000      0.000      0.000       0.000       0.000       0.000       0.000       0.000       0.000    
  3732480.   42.70415690   26.2834  0.1162E-05   0.000       0.000       0.000      0.000      0.000      0.000      0.000      0.000      0.000       0.000       0.000       0.000       0.000       0.000       0.000    
  3749760.   42.70415690   26.2653  0.1162E-05   0.000       0.000       0.000      0.000      0.000      0.000      0.000      0.000      0.000       0.000       0.000       0.000       0.000       0.000       0.000    
  3767040.   42.70415690   26.2472  0.1162E-05   0.000       0.000       0.000      0.000      0.000      0.000      0.000      0.000      0.000       0.000       0.000       0.000       0.000       0.000       0.000    
  3784320.   42.70415690   26.2292  0.1162E-05   0.000       0.000       0.000      0.000      0.000      0.000      0.000      0.000      0.000       0.000       0.000       0.000       0.000       0.000       0.000    
  3801600.   42.70415690   26.2113  0.1162E-05   0.000       0.000       0.000      0.000      0.000      0.000      0.000      0.000      0.000       0.000       0.000       0.000       0.000       0.000       0.000    
  3818880.   42.70415690   26.2224  0.1710E-05   0.000       0.000       0.000      0.000      0.000      0.000      0.000      0.000      0.000       0.000       0.000       0.000       0.000       0.000       0.000    
  3836160.   42.70415690   26.2336  0.1710E-05   0.000       0.000       0.000      0.000      0.000      0.000      0.000      0.000      0.000       0.000       0.000       0.000       0.000       0.000       0.000    
  3853440.   42.70415690   26.2447  0.1710E-05   0.000       0.000       0.000      0.000      0.000      0.000      0.000      0.000      0.000       0.000       0.000       0.000       0.000       0.000       0.000    
  3870720.   42.70415690   26.2558  0.1710E-05   0.000       0.000       0.000      0.000      0.000      0.000      0.000      0.000      0.000       0.000       0.000       0.000       0.000       0.000       0.000    
  3888000.   42.70415690   26.2668  0.1710E-05   0.000       0.000       0.000      0.000      0.000      0.000      0.000      0.000      0.000       0.000       0.000       0.000       0.000       0.000       0.000    
  3905280.   42.70415690   26.3094  0.2309E-05   0.000       0.000       0.000      0.000      0.000      0.000      0.000      0.000      0.000       0.000       0.000       0.000       0.000       0.000       0.000    
  3922560.   42.70415690   26.3520  0.2309E-05   0.000       0.000       0.000      0.000      0.000      0.000      0.000      0.000      0.000       0.000       0.000       0.000       0.000       0.000       0.000    
  3939840.   42.70415690   26.3943  0.2309E-05   0.000       0.000       0.000      0.000      0.000      0.000      0.000      0.000      0.000       0.000       0.000       0.000       0.000       0.000       0.000    
  3957120.   42.70415690   26.4365  0.2309E-05   0.000       0.000       0.000      0.000      0.000      0.000      0.000      0.000      0.000       0.000       0.000       0.000       0.000       0.000       0.000    
  3974400.   42.70415690   26.4785  0.2309E-05   0.000       0.000       0.000      0.000      0.000      0.000      0.000      0.000      0.000       0.000       0.000       0.000       0.000       0.000       0.000    
  3991680.   42.70415690   26.5269  0.2435E-05   0.000       0.000       0.000      0.000      0.000      0.000      0.000      0.000      0.000       0.000       0.000       0.000       0.000       0.000       0.000    
  4008960.   42.70415690   26.5752  0.2435E-05   0.000       0.000       0.000      0.000      0.000      0.000      0.000      0.000      0.000       0.000       0.000       0.000       0.000       0.000       0.000    
  4026240.   42.70415690   26.6233  0.2435E-05   0.000       0.000       0.000      0.000      0.000      0.000      0.000      0.000      0.000       0.000       0.000       0.000       0.000       0.000       0.000    
  4043520.   42.70415690   26.6712  0.2435E-05   0.000       0.000       0.000      0.000      0.000      0.000      0.000      0.000      0.000       0.000       0.000       0.000       0.000       0.000       0.000    
  4060800.   42.70415690   26.7188  0.2435E-05   0.000       0.000       0.000      0.000      0.000      0.000      0.000      0.000      0.000       0.000       0.000       0.000       0.000       0.000       0.000    
  4078080.   42.70415690   26.6996  0.1175E-05   0.000       0.000       0.000      0.000      0.000      0.000      0.000      0.000      0.000       0.000       0.000       0.000       0.000       0.000       0.000    
  4095360.   42.70415690   26.6802  0.1175E-05   0.000       0.000       0.000      0.000      0.000      0.000      0.000      0.000      0.000       0.000       0.000       0.000       0.000       0.000       0.000    
  4112640.   42.70415690   26.6609  0.1175E-05   0.000       0.000       0.000      0.000      0.000      0.000      0.000      0.000      0.000       0.000       0.000       0.000       0.000       0.000       0.000    
  4129920.   42.70415690   26.6417  0.1175E-05   0.000       0.000       0.000      0.000      0.000      0.000      0.000      0.000      0.000       0.000       0.000       0.000       0.000       0.000       0.000    
  4147200.   42.70415690   26.6225  0.1175E-05   0.000       0.000       0.000      0.000      0.000      0.000      0.000      0.000      0.000       0.000       0.000       0.000       0.000       0.000       0.000    
  4164480.   42.70415690   26.5786  0.7076E-06   0.000       0.000       0.000      0.000      0.000      0.000      0.000      0.000      0.000       0.000       0.000       0.000       0.000       0.000       0.000    
  4181760.   42.70415690   26.5349  0.7076E-06   0.000       0.000       0.000      0.000      0.000      0.000      0.000      0.000      0.000       0.000       0.000       0.000       0.000       0.000       0.000    
  4199040.   42.70415690   26.4913  0.7076E-06   0.000       0.000       0.000      0.000      0.000      0.000      0.000      0.000      0.000       0.000       0.000       0.000       0.000       0.000       0.000    
  4216320.   42.70415690   26.4478  0.7076E-06   0.000       0.000       0.000      0.000      0.000      0.000      0.000      0.000      0.000       0.000       0.000       0.000       0.000       0.000       0.000    
  4233600.   42.70415690   26.4045  0.7076E-06   0.000       0.000       0.000      0.000      0.000      0.000      0.000      0.000      0.000       0.000       0.000       0.000       0.000       0.000       0.000    
  4250880.   42.70415690   26.3563  0.6104E-06   0.000       0.000       0.000      0.000      0.000      0.000      0.000      0.000      0.000       0.000       0.000       0.000       0.000       0.000       0.000    
  4268160.   42.70415690   26.3082  0.6104E-06   0.000       0.000       0.000      0.000      0.000      0.000      0.000      0.000      0.000       0.000       0.000       0.000       0.000       0.000       0.000    
  4285440.   42.70415690   26.2603  0.6104E-06   0.000       0.000       0.000      0.000      0.000      0.000      0.000      0.000      0.000       0.000       0.000       0.000       0.000       0.000       0.000    
  4302720.   42.70415690   26.2126  0.6104E-06   0.000       0.000       0.000      0.000      0.000      0.000      0.000      0.000      0.000       0.000       0.000       0.000       0.000       0.000       0.000    
  4320000.   42.70415690   26.1651  0.6104E-06   0.000       0.000       0.000      0.000      0.000      0.000      0.000      0.000      0.000       0.000       0.000       0.000       0.000       0.000       0.000    
  4337280.   42.70415690   26.1129  0.5169E-06   0.000       0.000       0.000      0.000      0.000      0.000      0.000      0.000      0.000       0.000       0.000       0.000       0.000       0.000       0.000    
  4354560.   42.70415690   26.0609  0.5169E-06   0.000       0.000       0.000      0.000      0.000      0.000      0.000      0.000      0.000       0.000       0.000       0.000       0.000       0.000       0.000    
  4371840.   42.70415690   26.0090  0.5169E-06   0.000       0.000       0.000      0.000      0.000      0.000      0.000      0.000      0.000       0.000       0.000       0.000       0.000       0.000       0.000    
  4389120.   42.70415690   25.9574  0.5169E-06   0.000       0.000       0.000      0.000      0.000      0.000      0.000      0.000      0.000       0.000       0.000       0.000       0.000       0.000       0.000    
  4406400.   42.70415690   25.9060  0.5169E-06   0.000       0.000       0.000      0.000      0.000      0.000      0.000      0.000      0.000       0.000       0.000       0.000       0.000       0.000       0.000    
