TOTIM (T)      HCON          HMAT      QDIR      QWELL        QMAT       QCADS      QTUB1      QTUB2      QTUB3      QTUB4      QTUB5      QTUB6       NSTOR        QFIX        QLH     FHLQ (LQ)        CAUCHY   CAUCHY (LQ)
    86400.   42.70415690   23.2098   0.000       0.000      0.2800E-03   0.000    -0.1046E-01 0.1018E-01  0.000      0.000      0.000      0.000       0.000       0.000       0.000       0.000       0.000       0.000    
   103680.   42.70415690   23.1341   0.000       0.000      0.2784E-03  0.5361E-07-0.1008E-01 0.9802E-02  0.000      0.000      0.000      0.000       0.000       0.000       0.000       0.000       0.000       0.000    
   120960.   42.70415690   23.0605   0.000       0.000      0.2769E-03  0.7125E-08-0.1002E-01 0.9747E-02  0.000      0.000      0.000      0.000       0.000       0.000       0.000       0.000       0.000       0.000    
   138240.   42.70415690   22.9877   0.000       0.000      0.2753E-03  0.6627E-08-0.9971E-02 0.9695E-02  0.000      0.000      0.000      0.000       0.000       0.000       0.000       0.000       0.000       0.000    
   155520.   42.70415690   22.9154   0.000       0.000      0.2738E-03  0.6535E-08-0.9918E-02 0.9644E-02  0.000      0.000      0.000      0.000       0.000       0.000       0.000       0.000       0.000       0.000    
   172800.   42.70415690   22.8434   0.000       0.000      0.2723E-03  0.6452E-08-0.9866E-02 0.9594E-02  0.000      0.000      0.000      0.000       0.000       0.000       0.000       0.000       0.000       0.000    
   190080.   42.70415690   22.7983   0.000       0.000      0.2713E-03  0.4026E-08-0.9833E-02 0.9562E-02  0.000      0.000      0.000      0.000       0.000       0.000       0.000       0.000       0.000       0.000    
   207360.   42.70415690   22.7534   0.000       0.000      0.2704E-03  0.4030E-08-0.9800E-02 0.9530E-02  0.000      0.000      0.000      0.000       0.000       0.000       0.000       0.000       0.000       0.000    
   224640.   42.70415690   22.7086   0.000       0.000      0.2694E-03  0.3990E-08-0.9768E-02 0.9498E-02  0.000      0.000      0.000      0.000       0.000       0.000       0.000       0.000       0.000       0.000    
   241920.   42.70415690   22.6640   0.000       0.000      0.2685E-03  0.3951E-08-0.9735E-02 0.9467E-02  0.000      0.000      0.000      0.000       0.000       0.000       0.000       0.000       0.000       0.000    
   259200.   42.70415690   22.6197   0.000       0.000      0.2676E-03  0.3913E-08-0.9703E-02 0.9435E-02  0.000      0.000      0.000      0.000       0.000       0.000       0.000       0.000       0.000       0.000    
   276480.   42.70415690   22.5828   0.000       0.000      0.2668E-03  0.3251E-08-0.9676E-02 0.9409E-02  0.000      0.000      0.000      0.000       0.000       0.000       0.000       0.000       0.000       0.000    
   293760.   42.70415690   22.5461   0.000       0.000      0.2660E-03  0.3235E-08-0.9649E-02 0.9383E-02  0.000      0.000      0.000      0.000       0.000       0.000       0.000       0.000       0.000       0.000    
   311040.   42.70415690   22.5096   0.000       0.000      0.2652E-03  0.3207E-08-0.9622E-02 0.9357E-02  0.000      0.000      0.000      0.000       0.000       0.000       0.000       0.000       0.000       0.000    
   328320.   42.70415690   22.4733   0.000       0.000      0.2644E-03  0.3180E-08-0.9596E-02 0.9331E-02  0.000      0.000      0.000      0.000       0.000       0.000       0.000       0.000       0.000       0.000    
   345600.   42.70415690   22.4372   0.000       0.000      0.2637E-03  0.3153E-08-0.9569E-02 0.9305E-02  0.000      0.000      0.000      0.000       0.000       0.000       0.000       0.000       0.000       0.000    
   362880.   42.70415690   22.4348   0.000       0.000      0.2636E-03  0.2442E-09-0.9567E-02 0.9303E-02  0.000      0.000      0.000      0.000       0.000       0.000       0.000       0.000       0.000       0.000    
   380160.   42.70415690   22.4323   0.000       0.000      0.2636E-03  0.3022E-09-0.9564E-02 0.9300E-02  0.000      0.000      0.000      0.000       0.000       0.000       0.000       0.000       0.000       0.000    
   397440.   42.70415690   22.4298   0.000       0.000      0.2635E-03  0.3034E-09-0.9561E-02 0.9297E-02  0.000      0.000      0.000      0.000       0.000       0.000       0.000       0.000       0.000       0.000    
   414720.   42.70415690   22.4272   0.000       0.000      0.2635E-03  0.3036E-09-0.9558E-02 0.9295E-02  0.000      0.000      0.000      0.000       0.000       0.000       0.000       0.000       0.000       0.000    
   432000.   42.70415690   22.4246   0.000       0.000      0.2634E-03  0.3034E-09-0.9555E-02 0.9292E-02  0.000      0.000      0.000      0.000       0.000       0.000       0.000       0.000       0.000       0.000    
   449280.   42.70415690   22.4474   0.000       0.000      0.2639E-03 -0.1890E-08-0.9571E-02 0.9307E-02  0.000      0.000      0.000      0.000       0.000       0.000       0.000       0.000       0.000       0.000    
   466560.   42.70415690   22.4700   0.000       0.000      0.2644E-03 -0.1836E-08-0.9586E-02 0.9321E-02  0.000      0.000      0.000      0.000       0.000       0.000       0.000       0.000       0.000       0.000    
   483840.   42.70415690   22.4923   0.000       0.000      0.2649E-03 -0.1826E-08-0.9600E-02 0.9336E-02  0.000      0.000      0.000      0.000       0.000       0.000       0.000       0.000       0.000       0.000    
   501120.   42.70415690   22.5144   0.000       0.000      0.2653E-03 -0.1816E-08-0.9615E-02 0.9350E-02  0.000      0.000      0.000      0.000       0.000       0.000       0.000       0.000       0.000       0.000    
   518400.   42.70415690   22.5363   0.000       0.000      0.2658E-03 -0.1807E-08-0.9630E-02 0.9364E-02  0.000      0.000      0.000      0.000       0.000       0.000       0.000       0.000       0.000       0.000    
   535680.   42.70415690   22.5383   0.000       0.000      0.2658E-03 -0.8641E-10-0.9630E-02 0.9365E-02  0.000      0.000      0.000      0.000       0.000       0.000       0.000       0.000       0.000       0.000    
   552960.   42.70415690   22.5403   0.000       0.000      0.2659E-03 -0.1198E-09-0.9631E-02 0.9365E-02  0.000      0.000      0.000      0.000       0.000       0.000       0.000       0.000       0.000       0.000    
   570240.   42.70415690   22.5422   0.000       0.000      0.2659E-03 -0.1198E-09-0.9632E-02 0.9366E-02  0.000      0.000      0.000      0.000       0.000       0.000       0.000       0.000       0.000       0.000    
   587520.   42.70415690   22.5441   0.000       0.000      0.2659E-03 -0.1192E-09-0.9633E-02 0.9367E-02  0.000      0.000      0.000      0.000       0.000       0.000       0.000       0.000       0.000       0.000    
   604800.   42.70415690   22.5460   0.000       0.000      0.2660E-03 -0.1185E-09-0.9634E-02 0.9368E-02  0.000      0.000      0.000      0.000       0.000       0.000       0.000       0.000       0.000       0.000    
   622080.   42.70415690   22.5548   0.000       0.000      0.2662E-03 -0.7239E-09-0.9640E-02 0.9373E-02  0.000      0.000      0.000      0.000       0.000       0.000       0.000       0.000       0.000       0.000    
   639360.   42.70415690   22.5635   0.000       0.000      0.2664E-03 -0.7076E-09-0.9645E-02 0.9379E-02  0.000      0.000      0.000      0.000       0.000       0.000       0.000       0.000       0.000       0.000    
   656640.   42.70415690   22.5721   0.000       0.000      0.2665E-03 -0.7033E-09-0.9651E-02 0.9384E-02  0.000      0.000      0.000      0.000       0.000       0.000       0.000       0.000       0.000       0.000    
   673920.   42.70415690   22.5806   0.000       0.000      0.2667E-03 -0.6992E-09-0.9657E-02 0.9390E-02  0.000      0.000      0.000      0.000       0.000       0.000       0.000       0.000       0.000       0.000    
   691200.   42.70415690   22.5891   0.000       0.000      0.2669E-03 -0.6953E-09-0.9662E-02 0.9395E-02  0.000      0.000      0.000      0.000       0.000       0.000       0.000       0.000       0.000       0.000    
   708480.   42.70415690   22.6660   0.000       0.000      0.2685E-03 -0.6674E-08-0.9716E-02 0.9448E-02  0.000      0.000      0.000      0.000       0.000       0.000       0.000       0.000       0.000       0.000    
   725760.   42.70415690   22.7422   0.000       0.000      0.2701E-03 -0.6551E-08-0.9770E-02 0.9499E-02  0.000      0.000      0.000      0.000       0.000       0.000       0.000       0.000       0.000       0.000    
   743040.   42.70415690   22.8179   0.000       0.000      0.2717E-03 -0.6544E-08-0.9822E-02 0.9551E-02  0.000      0.000      0.000      0.000       0.000       0.000       0.000       0.000       0.000       0.000    
   760320.   42.70415690   22.8930   0.000       0.000      0.2733E-03 -0.6539E-08-0.9875E-02 0.9602E-02  0.000      0.000      0.000      0.000       0.000       0.000       0.000       0.000       0.000       0.000    
   777600.   42.70415690   22.9675   0.000       0.000      0.2749E-03 -0.6535E-08-0.9927E-02 0.9652E-02  0.000      0.000      0.000      0.000       0.000       0.000       0.000       0.000       0.000       0.000    
   794880.   42.70415690   23.1026   0.000       0.000      0.2778E-03 -0.1205E-07-0.1002E-01 0.9745E-02  0.000      0.000      0.000      0.000       0.000       0.000       0.000       0.000       0.000       0.000    
   812160.   42.70415690   23.2367   0.000       0.000      0.2806E-03 -0.1198E-07-0.1012E-01 0.9837E-02  0.000      0.000      0.000      0.000       0.000       0.000       0.000       0.000       0.000       0.000    
   829440.   42.70415690   23.3697   0.000       0.000      0.2834E-03 -0.1202E-07-0.1021E-01 0.9928E-02  0.000      0.000      0.000      0.000       0.000       0.000       0.000       0.000       0.000       0.000    
   846720.   42.70415690   23.5019   0.000       0.000      0.2862E-03 -0.1206E-07-0.1030E-01 0.1002E-01  0.000      0.000      0.000      0.000       0.000       0.000       0.000       0.000       0.000       0.000    
   864000.   42.70415690   23.6330   0.000       0.000      0.2890E-03 -0.1210E-07-0.1040E-01 0.1011E-01  0.000      0.000      0.000      0.000       0.000       0.000       0.000       0.000       0.000       0.000    
   881280.   42.70415690   23.7092   0.000       0.000      0.2906E-03 -0.7030E-08-0.1045E-01 0.1016E-01  0.000      0.000      0.000      0.000       0.000       0.000       0.000       0.000       0.000       0.000    
   898560.   42.70415690   23.7849   0.000       0.000      0.2922E-03 -0.7128E-08-0.1051E-01 0.1021E-01  0.000      0.000      0.000      0.000       0.000       0.000       0.000       0.000       0.000       0.000    
   915840.   42.70415690   23.8601   0.000       0.000      0.2938E-03 -0.7129E-08-0.1056E-01 0.1027E-01  0.000      0.000      0.000      0.000       0.000       0.000       0.000       0.000       0.000       0.000    
   933120.   42.70415690   23.9349   0.000       0.000      0.2954E-03 -0.7128E-08-0.1061E-01 0.1032E-01  0.000      0.000      0.000      0.000       0.000       0.000       0.000       0.000       0.000       0.000    
   950400.   42.70415690   24.0092   0.000       0.000      0.2970E-03 -0.7126E-08-0.1067E-01 0.1037E-01  0.000      0.000      0.000      0.000       0.000       0.000       0.000       0.000       0.000       0.000    
   967680.   42.70415690   24.1548   0.000       0.000      0.3001E-03 -0.1407E-07-0.1077E-01 0.1047E-01  0.000      0.000      0.000      0.000       0.000       0.000       0.000       0.000       0.000       0.000    
   984960.   42.70415690   24.2993   0.000       0.000      0.3031E-03 -0.1399E-07-0.1087E-01 0.1057E-01  0.000      0.000      0.000      0.000       0.000       0.000       0.000       0.000       0.000       0.000    
  1002240.   42.70415690   24.4428   0.000       0.000      0.3062E-03 -0.1404E-07-0.1097E-01 0.1067E-01  0.000      0.000      0.000      0.000       0.000       0.000       0.000       0.000       0.000       0.000    
  1019520.   42.70415690   24.5853   0.000       0.000      0.3092E-03 -0.1409E-07-0.1108E-01 0.1077E-01  0.000      0.000      0.000      0.000       0.000       0.000       0.000       0.000       0.000       0.000    
  1036800.   42.70415690   24.7269   0.000       0.000      0.3122E-03 -0.1414E-07-0.1118E-01 0.1087E-01  0.000      0.000      0.000      0.000       0.000       0.000       0.000       0.000       0.000       0.000    
  1054080.   42.70415690   24.9709   0.000       0.000      0.3174E-03 -0.2475E-07-0.1135E-01 0.1103E-01  0.000      0.000      0.000      0.000       0.000       0.000       0.000       0.000       0.000       0.000    
  1071360.   42.70415690   25.2132   0.000       0.000      0.3225E-03 -0.2479E-07-0.1152E-01 0.1120E-01  0.000      0.000      0.000      0.000       0.000       0.000       0.000       0.000       0.000       0.000    
  1088640.   42.70415690   25.4535   0.000       0.000      0.3276E-03 -0.3147E-07-0.1169E-01 0.1137E-01  0.000      0.000      0.000      0.000       0.000       0.000       0.000       0.000       0.000       0.000    
  1105920.   42.70415690   25.6918   0.000       0.000      0.3326E-03 -0.2542E-07-0.1186E-01 0.1153E-01  0.000      0.000      0.000      0.000       0.000       0.000       0.000       0.000       0.000       0.000    
  1123200.   42.70415690   25.9282   0.000       0.000      0.3376E-03 -0.2559E-07-0.1203E-01 0.1169E-01  0.000      0.000      0.000      0.000       0.000       0.000       0.000       0.000       0.000       0.000    
  1140480.   42.70415690   25.9748   0.000       0.000      0.3386E-03 -0.5012E-08-0.1207E-01 0.1173E-01  0.000      0.000      0.000      0.000       0.000       0.000       0.000       0.000       0.000       0.000    
  1157760.   42.70415690   26.0213   0.000       0.000      0.3396E-03 -0.5377E-08-0.1210E-01 0.1176E-01  0.000      0.000      0.000      0.000       0.000       0.000       0.000       0.000       0.000       0.000    
  1175040.   42.70415690   26.0676   0.000       0.000      0.3406E-03 -0.5372E-08-0.1214E-01 0.1180E-01  0.000      0.000      0.000      0.000       0.000       0.000       0.000       0.000       0.000       0.000    
  1192320.   42.70415690   26.1137   0.000       0.000      0.3416E-03 -0.5361E-08-0.1217E-01 0.1183E-01  0.000      0.000      0.000      0.000       0.000       0.000       0.000       0.000       0.000       0.000    
  1209600.   42.70415690   26.1597   0.000       0.000      0.3425E-03 -0.5350E-08-0.1221E-01 0.1187E-01  0.000      0.000      0.000      0.000       0.000       0.000       0.000       0.000       0.000       0.000    
  1226880.   42.70415690   26.1362   0.000       0.000      0.3420E-03  0.2371E-08-0.1219E-01 0.1185E-01  0.000      0.000      0.000      0.000       0.000       0.000       0.000       0.000       0.000       0.000    
  1244160.   42.70415690   26.1132   0.000       0.000      0.3416E-03  0.2209E-08-0.1218E-01 0.1184E-01  0.000      0.000      0.000      0.000       0.000       0.000       0.000       0.000       0.000       0.000    
  1261440.   42.70415690   26.0904   0.000       0.000      0.3411E-03  0.2184E-08-0.1217E-01 0.1183E-01  0.000      0.000      0.000      0.000       0.000       0.000       0.000       0.000       0.000       0.000    
  1278720.   42.70415690   26.0681   0.000       0.000      0.3406E-03  0.2163E-08-0.1215E-01 0.1181E-01  0.000      0.000      0.000      0.000       0.000       0.000       0.000       0.000       0.000       0.000    
  1296000.   42.70415690   26.0460   0.000       0.000      0.3401E-03  0.2143E-08-0.1214E-01 0.1180E-01  0.000      0.000      0.000      0.000       0.000       0.000       0.000       0.000       0.000       0.000    
  1313280.   42.70415690   26.0023   0.000       0.000      0.3392E-03  0.4550E-08-0.1211E-01 0.1177E-01  0.000      0.000      0.000      0.000       0.000       0.000       0.000       0.000       0.000       0.000    
  1330560.   42.70415690   25.9590   0.000       0.000      0.3383E-03  0.4464E-08-0.1208E-01 0.1175E-01  0.000      0.000      0.000      0.000       0.000       0.000       0.000       0.000       0.000       0.000    
  1347840.   42.70415690   25.9161   0.000       0.000      0.3374E-03  0.4422E-08-0.1206E-01 0.1172E-01  0.000      0.000      0.000      0.000       0.000       0.000       0.000       0.000       0.000       0.000    
  1365120.   42.70415690   25.8737   0.000       0.000      0.3365E-03  0.4382E-08-0.1203E-01 0.1169E-01  0.000      0.000      0.000      0.000       0.000       0.000       0.000       0.000       0.000       0.000    
  1382400.   42.70415690   25.8317   0.000       0.000      0.3356E-03  0.4343E-08-0.1200E-01 0.1167E-01  0.000      0.000      0.000      0.000       0.000       0.000       0.000       0.000       0.000       0.000    
  1399680.   42.70415690   25.7762   0.000       0.000      0.3344E-03  0.5825E-08-0.1196E-01 0.1163E-01  0.000      0.000      0.000      0.000       0.000       0.000       0.000       0.000       0.000       0.000    
  1416960.   42.70415690   25.7211   0.000       0.000      0.3333E-03  0.5742E-08-0.1193E-01 0.1159E-01  0.000      0.000      0.000      0.000       0.000       0.000       0.000       0.000       0.000       0.000    
  1434240.   42.70415690   25.6665   0.000       0.000      0.3321E-03  0.5687E-08-0.1189E-01 0.1156E-01  0.000      0.000      0.000      0.000       0.000       0.000       0.000       0.000       0.000       0.000    
  1451520.   42.70415690   25.6123   0.000       0.000      0.3310E-03  0.5634E-08-0.1185E-01 0.1152E-01  0.000      0.000      0.000      0.000       0.000       0.000       0.000       0.000       0.000       0.000    
  1468800.   42.70415690   25.5586   0.000       0.000      0.3298E-03  0.5582E-08-0.1182E-01 0.1149E-01  0.000      0.000      0.000      0.000       0.000       0.000       0.000       0.000       0.000       0.000    
  1486080.   42.70415690   25.4945   0.000       0.000      0.3285E-03  0.6693E-08-0.1177E-01 0.1144E-01  0.000      0.000      0.000      0.000       0.000       0.000       0.000       0.000       0.000       0.000    
  1503360.   42.70415690   25.4309   0.000       0.000      0.3271E-03  0.6606E-08-0.1173E-01 0.1140E-01  0.000      0.000      0.000      0.000       0.000       0.000       0.000       0.000       0.000       0.000    
  1520640.   42.70415690   25.3678   0.000       0.000      0.3258E-03  0.6540E-08-0.1168E-01 0.1136E-01  0.000      0.000      0.000      0.000       0.000       0.000       0.000       0.000       0.000       0.000    
  1537920.   42.70415690   25.3052   0.000       0.000      0.3244E-03  0.6476E-08-0.1164E-01 0.1132E-01  0.000      0.000      0.000      0.000       0.000       0.000       0.000       0.000       0.000       0.000    
  1555200.   42.70415690   25.2430   0.000       0.000      0.3231E-03  0.6413E-08-0.1160E-01 0.1127E-01  0.000      0.000      0.000      0.000       0.000       0.000       0.000       0.000       0.000       0.000    
  1572480.   42.70415690   25.1740   0.000       0.000      0.3217E-03  0.7114E-08-0.1155E-01 0.1123E-01  0.000      0.000      0.000      0.000       0.000       0.000       0.000       0.000       0.000       0.000    
  1589760.   42.70415690   25.1056   0.000       0.000      0.3202E-03  0.7028E-08-0.1150E-01 0.1118E-01  0.000      0.000      0.000      0.000       0.000       0.000       0.000       0.000       0.000       0.000    
  1607040.   42.70415690   25.0379   0.000       0.000      0.3188E-03  0.1309E-07-0.1145E-01 0.1114E-01  0.000      0.000      0.000      0.000       0.000       0.000       0.000       0.000       0.000       0.000    
  1624320.   42.70415690   24.9710   0.000       0.000      0.3174E-03  0.6830E-08-0.1141E-01 0.1109E-01  0.000      0.000      0.000      0.000       0.000       0.000       0.000       0.000       0.000       0.000    
  1641600.   42.70415690   24.9049   0.000       0.000      0.3160E-03  0.6706E-08-0.1136E-01 0.1104E-01  0.000      0.000      0.000      0.000       0.000       0.000       0.000       0.000       0.000       0.000    
  1658880.   42.70415690   24.8376   0.000       0.000      0.3145E-03  0.6810E-08-0.1131E-01 0.1100E-01  0.000      0.000      0.000      0.000       0.000       0.000       0.000       0.000       0.000       0.000    
  1676160.   42.70415690   24.7709   0.000       0.000      0.3131E-03  0.6730E-08-0.1126E-01 0.1095E-01  0.000      0.000      0.000      0.000       0.000       0.000       0.000       0.000       0.000       0.000    
  1693440.   42.70415690   24.7047   0.000       0.000      0.3117E-03  0.6656E-08-0.1122E-01 0.1091E-01  0.000      0.000      0.000      0.000       0.000       0.000       0.000       0.000       0.000       0.000    
  1710720.   42.70415690   24.6391   0.000       0.000      0.3103E-03  0.6585E-08-0.1117E-01 0.1086E-01  0.000      0.000      0.000      0.000       0.000       0.000       0.000       0.000       0.000       0.000    
  1728000.   42.70415690   24.5738   0.000       0.000      0.3090E-03  0.6515E-08-0.1112E-01 0.1082E-01  0.000      0.000      0.000      0.000       0.000       0.000       0.000       0.000       0.000       0.000    
  1745280.   42.70415690   24.5107   0.000       0.000      0.3076E-03  0.6292E-08-0.1108E-01 0.1077E-01  0.000      0.000      0.000      0.000       0.000       0.000       0.000       0.000       0.000       0.000    
  1762560.   42.70415690   24.4479   0.000       0.000      0.3063E-03  0.6231E-08-0.1103E-01 0.1073E-01  0.000      0.000      0.000      0.000       0.000       0.000       0.000       0.000       0.000       0.000    
  1779840.   42.70415690   24.3856   0.000       0.000      0.3050E-03  0.6168E-08-0.1099E-01 0.1068E-01  0.000      0.000      0.000      0.000       0.000       0.000       0.000       0.000       0.000       0.000    
  1797120.   42.70415690   24.3237   0.000       0.000      0.3037E-03  0.6106E-08-0.1095E-01 0.1064E-01  0.000      0.000      0.000      0.000       0.000       0.000       0.000       0.000       0.000       0.000    
  1814400.   42.70415690   24.2622   0.000       0.000      0.3023E-03  0.6046E-08-0.1090E-01 0.1060E-01  0.000      0.000      0.000      0.000       0.000       0.000       0.000       0.000       0.000       0.000    
  1831680.   42.70415690   24.1974   0.000       0.000      0.3010E-03  0.6350E-08-0.1085E-01 0.1055E-01  0.000      0.000      0.000      0.000       0.000       0.000       0.000       0.000       0.000       0.000    
  1848960.   42.70415690   24.1330   0.000       0.000      0.2996E-03  0.6279E-08-0.1081E-01 0.1051E-01  0.000      0.000      0.000      0.000       0.000       0.000       0.000       0.000       0.000       0.000    
  1866240.   42.70415690   24.0690   0.000       0.000      0.2983E-03  0.6216E-08-0.1076E-01 0.1046E-01  0.000      0.000      0.000      0.000       0.000       0.000       0.000       0.000       0.000       0.000    
  1883520.   42.70415690   24.0054   0.000       0.000      0.2969E-03  0.6154E-08-0.1072E-01 0.1042E-01  0.000      0.000      0.000      0.000       0.000       0.000       0.000       0.000       0.000       0.000    
  1900800.   42.70415690   23.9422   0.000       0.000      0.2956E-03  0.6092E-08-0.1067E-01 0.1038E-01  0.000      0.000      0.000      0.000       0.000       0.000       0.000       0.000       0.000       0.000    
  1918080.   42.70415690   23.8767   0.000       0.000      0.2942E-03  0.6288E-08-0.1062E-01 0.1033E-01  0.000      0.000      0.000      0.000       0.000       0.000       0.000       0.000       0.000       0.000    
  1935360.   42.70415690   23.8116   0.000       0.000      0.2928E-03  0.6219E-08-0.1058E-01 0.1028E-01  0.000      0.000      0.000      0.000       0.000       0.000       0.000       0.000       0.000       0.000    
  1952640.   42.70415690   23.7470   0.000       0.000      0.2914E-03  0.6156E-08-0.1053E-01 0.1024E-01  0.000      0.000      0.000      0.000       0.000       0.000       0.000       0.000       0.000       0.000    
  1969920.   42.70415690   23.6827   0.000       0.000      0.2901E-03  0.6094E-08-0.1048E-01 0.1019E-01  0.000      0.000      0.000      0.000       0.000       0.000       0.000       0.000       0.000       0.000    
  1987200.   42.70415690   23.6188   0.000       0.000      0.2887E-03  0.6033E-08-0.1044E-01 0.1015E-01  0.000      0.000      0.000      0.000       0.000       0.000       0.000       0.000       0.000       0.000    
  2004480.   42.70415690   23.5566   0.000       0.000      0.2874E-03  0.5855E-08-0.1039E-01 0.1011E-01  0.000      0.000      0.000      0.000       0.000       0.000       0.000       0.000       0.000       0.000    
  2021760.   42.70415690   23.4947   0.000       0.000      0.2861E-03  0.5799E-08-0.1035E-01 0.1006E-01  0.000      0.000      0.000      0.000       0.000       0.000       0.000       0.000       0.000       0.000    
  2039040.   42.70415690   23.4332   0.000       0.000      0.2848E-03  0.5741E-08-0.1030E-01 0.1002E-01  0.000      0.000      0.000      0.000       0.000       0.000       0.000       0.000       0.000       0.000    
  2056320.   42.70415690   23.3721   0.000       0.000      0.2835E-03  0.5685E-08-0.1026E-01 0.9976E-02  0.000      0.000      0.000      0.000       0.000       0.000       0.000       0.000       0.000       0.000    
  2073600.   42.70415690   23.3114   0.000       0.000      0.2822E-03  0.5628E-08-0.1022E-01 0.9933E-02  0.000      0.000      0.000      0.000       0.000       0.000       0.000       0.000       0.000       0.000    
  2090880.   42.70415690   23.2481   0.000       0.000      0.2809E-03  0.5836E-08-0.1017E-01 0.9889E-02  0.000      0.000      0.000      0.000       0.000       0.000       0.000       0.000       0.000       0.000    
  2108160.   42.70415690   23.1852   0.000       0.000      0.2795E-03  0.5772E-08-0.1012E-01 0.9845E-02  0.000      0.000      0.000      0.000       0.000       0.000       0.000       0.000       0.000       0.000    
  2125440.   42.70415690   23.1227   0.000       0.000      0.2782E-03  0.5714E-08-0.1008E-01 0.9801E-02  0.000      0.000      0.000      0.000       0.000       0.000       0.000       0.000       0.000       0.000    
  2142720.   42.70415690   23.0605   0.000       0.000      0.2769E-03  0.5656E-08-0.1003E-01 0.9757E-02  0.000      0.000      0.000      0.000       0.000       0.000       0.000       0.000       0.000       0.000    
  2160000.   42.70415690   22.9987   0.000       0.000      0.2756E-03  0.5599E-08-0.9989E-02 0.9713E-02  0.000      0.000      0.000      0.000       0.000       0.000       0.000       0.000       0.000       0.000    
  2177280.   42.70415690   22.9353   0.000       0.000      0.2742E-03  0.5724E-08-0.9943E-02 0.9669E-02  0.000      0.000      0.000      0.000       0.000       0.000       0.000       0.000       0.000       0.000    
  2194560.   42.70415690   22.8722   0.000       0.000      0.2729E-03  0.5662E-08-0.9897E-02 0.9624E-02  0.000      0.000      0.000      0.000       0.000       0.000       0.000       0.000       0.000       0.000    
  2211840.   42.70415690   22.8096   0.000       0.000      0.2716E-03  0.5605E-08-0.9852E-02 0.9580E-02  0.000      0.000      0.000      0.000       0.000       0.000       0.000       0.000       0.000       0.000    
  2229120.   42.70415690   22.7472   0.000       0.000      0.2703E-03  0.5547E-08-0.9806E-02 0.9536E-02  0.000      0.000      0.000      0.000       0.000       0.000       0.000       0.000       0.000       0.000    
  2246400.   42.70415690   22.6853   0.000       0.000      0.2689E-03  0.5491E-08-0.9761E-02 0.9492E-02  0.000      0.000      0.000      0.000       0.000       0.000       0.000       0.000       0.000       0.000    
  2263680.   42.70415690   22.6217   0.000       0.000      0.2676E-03  0.5615E-08-0.9715E-02 0.9448E-02  0.000      0.000      0.000      0.000       0.000       0.000       0.000       0.000       0.000       0.000    
  2280960.   42.70415690   22.5584   0.000       0.000      0.2663E-03  0.5554E-08-0.9669E-02 0.9403E-02  0.000      0.000      0.000      0.000       0.000       0.000       0.000       0.000       0.000       0.000    
  2298240.   42.70415690   22.4955   0.000       0.000      0.2649E-03  0.5496E-08-0.9623E-02 0.9359E-02  0.000      0.000      0.000      0.000       0.000       0.000       0.000       0.000       0.000       0.000    
  2315520.   42.70415690   22.4330   0.000       0.000      0.2636E-03  0.5439E-08-0.9578E-02 0.9314E-02  0.000      0.000      0.000      0.000       0.000       0.000       0.000       0.000       0.000       0.000    
  2332800.   42.70415690   22.3708   0.000       0.000      0.2623E-03  0.5383E-08-0.9533E-02 0.9270E-02  0.000      0.000      0.000      0.000       0.000       0.000       0.000       0.000       0.000       0.000    
  2350080.   42.70415690   22.3077   0.000       0.000      0.2609E-03  0.5444E-08-0.9487E-02 0.9226E-02  0.000      0.000      0.000      0.000       0.000       0.000       0.000       0.000       0.000       0.000    
  2367360.   42.70415690   22.2449   0.000       0.000      0.2596E-03  0.5385E-08-0.9441E-02 0.9182E-02  0.000      0.000      0.000      0.000       0.000       0.000       0.000       0.000       0.000       0.000    
  2384640.   42.70415690   22.1825   0.000       0.000      0.2583E-03  0.5329E-08-0.9396E-02 0.9137E-02  0.000      0.000      0.000      0.000       0.000       0.000       0.000       0.000       0.000       0.000    
  2401920.   42.70415690   22.1205   0.000       0.000      0.2570E-03  0.5273E-08-0.9351E-02 0.9094E-02  0.000      0.000      0.000      0.000       0.000       0.000       0.000       0.000       0.000       0.000    
  2419200.   42.70415690   22.0589   0.000       0.000      0.2557E-03  0.5218E-08-0.9306E-02 0.9050E-02  0.000      0.000      0.000      0.000       0.000       0.000       0.000       0.000       0.000       0.000    
  2436480.   42.70415690   22.0090   0.000       0.000      0.2546E-03  0.4208E-08-0.9269E-02 0.9014E-02  0.000      0.000      0.000      0.000       0.000       0.000       0.000       0.000       0.000       0.000    
  2453760.   42.70415690   21.9594   0.000       0.000      0.2536E-03  0.4189E-08-0.9233E-02 0.8979E-02  0.000      0.000      0.000      0.000       0.000       0.000       0.000       0.000       0.000       0.000    
  2471040.   42.70415690   21.9101   0.000       0.000      0.2525E-03  0.4150E-08-0.9196E-02 0.8944E-02  0.000      0.000      0.000      0.000       0.000       0.000       0.000       0.000       0.000       0.000    
  2488320.   42.70415690   21.8611   0.000       0.000      0.2515E-03  0.4111E-08-0.9160E-02 0.8909E-02  0.000      0.000      0.000      0.000       0.000       0.000       0.000       0.000       0.000       0.000    
  2505600.   42.70415690   21.8123   0.000       0.000      0.2504E-03  0.4073E-08-0.9124E-02 0.8874E-02  0.000      0.000      0.000      0.000       0.000       0.000       0.000       0.000       0.000       0.000    
  2522880.   42.70415690   21.7634   0.000       0.000      0.2494E-03  0.4070E-08-0.9088E-02 0.8839E-02  0.000      0.000      0.000      0.000       0.000       0.000       0.000       0.000       0.000       0.000    
  2540160.   42.70415690   21.7147   0.000       0.000      0.2484E-03  0.4031E-08-0.9052E-02 0.8804E-02  0.000      0.000      0.000      0.000       0.000       0.000       0.000       0.000       0.000       0.000    
  2557440.   42.70415690   21.6663   0.000       0.000      0.2473E-03  0.3993E-08-0.9017E-02 0.8769E-02  0.000      0.000      0.000      0.000       0.000       0.000       0.000       0.000       0.000       0.000    
  2574720.   42.70415690   21.6182   0.000       0.000      0.2463E-03  0.3955E-08-0.8981E-02 0.8735E-02  0.000      0.000      0.000      0.000       0.000       0.000       0.000       0.000       0.000       0.000    
  2592000.   42.70415690   21.5703   0.000       0.000      0.2453E-03  0.3918E-08-0.8946E-02 0.8701E-02  0.000      0.000      0.000      0.000       0.000       0.000       0.000       0.000       0.000       0.000    
  2609280.   42.70415690   21.5677   0.000       0.000      0.2453E-03  0.2683E-09-0.8943E-02 0.8698E-02  0.000      0.000      0.000      0.000       0.000       0.000       0.000       0.000       0.000       0.000    
  2626560.   42.70415690   21.5650   0.000       0.000      0.2452E-03  0.3440E-09-0.8939E-02 0.8694E-02  0.000      0.000      0.000      0.000       0.000       0.000       0.000       0.000       0.000       0.000    
  2643840.   42.70415690   21.5622   0.000       0.000      0.2451E-03  0.3466E-09-0.8936E-02 0.8691E-02  0.000      0.000      0.000      0.000       0.000       0.000       0.000       0.000       0.000       0.000    
  2661120.   42.70415690   21.5593   0.000       0.000      0.2451E-03  0.3476E-09-0.8932E-02 0.8687E-02  0.000      0.000      0.000      0.000       0.000       0.000       0.000       0.000       0.000       0.000    
  2678400.   42.70415690   21.5563   0.000       0.000      0.2450E-03  0.3481E-09-0.8929E-02 0.8684E-02  0.000      0.000      0.000      0.000       0.000       0.000       0.000       0.000       0.000       0.000    
  2695680.   42.70415690   21.6772   0.000       0.000      0.2476E-03 -0.9664E-08-0.9014E-02 0.8766E-02  0.000      0.000      0.000      0.000       0.000       0.000       0.000       0.000       0.000       0.000    
  2712960.   42.70415690   21.7971   0.000       0.000      0.2501E-03 -0.9487E-08-0.9096E-02 0.8846E-02  0.000      0.000      0.000      0.000       0.000       0.000       0.000       0.000       0.000       0.000    
  2730240.   42.70415690   21.9160   0.000       0.000      0.2526E-03 -0.9509E-08-0.9179E-02 0.8926E-02  0.000      0.000      0.000      0.000       0.000       0.000       0.000       0.000       0.000       0.000    
  2747520.   42.70415690   22.0339   0.000       0.000      0.2551E-03 -0.9535E-08-0.9260E-02 0.9005E-02  0.000      0.000      0.000      0.000       0.000       0.000       0.000       0.000       0.000       0.000    
  2764800.   42.70415690   22.1508   0.000       0.000      0.2576E-03 -0.9562E-08-0.9342E-02 0.9084E-02  0.000      0.000      0.000      0.000       0.000       0.000       0.000       0.000       0.000       0.000    
  2782080.   42.70415690   22.4437   0.000       0.000      0.2638E-03 -0.2471E-07-0.9548E-02 0.9285E-02  0.000      0.000      0.000      0.000       0.000       0.000       0.000       0.000       0.000       0.000    
  2799360.   42.70415690   22.7342   0.000       0.000      0.2700E-03 -0.2479E-07-0.9752E-02 0.9482E-02  0.000      0.000      0.000      0.000       0.000       0.000       0.000       0.000       0.000       0.000    
  2816640.   42.70415690   23.0225   0.000       0.000      0.2761E-03 -0.2517E-07-0.9954E-02 0.9678E-02  0.000      0.000      0.000      0.000       0.000       0.000       0.000       0.000       0.000       0.000    
  2833920.   42.70415690   23.3086   0.000       0.000      0.2821E-03 -0.2554E-07-0.1016E-01 0.9873E-02  0.000      0.000      0.000      0.000       0.000       0.000       0.000       0.000       0.000       0.000    
  2851200.   42.70415690   23.5926   0.000       0.000      0.2882E-03 -0.2590E-07-0.1036E-01 0.1007E-01  0.000      0.000      0.000      0.000       0.000       0.000       0.000       0.000       0.000       0.000    
  2868480.   42.70415690   23.5962   0.000       0.000      0.2882E-03  0.1374E-10-0.1036E-01 0.1007E-01  0.000      0.000      0.000      0.000       0.000       0.000       0.000       0.000       0.000       0.000    
  2885760.   42.70415690   23.6001   0.000       0.000      0.2883E-03 -0.5043E-09-0.1036E-01 0.1007E-01  0.000      0.000      0.000      0.000       0.000       0.000       0.000       0.000       0.000       0.000    
  2903040.   42.70415690   23.6041   0.000       0.000      0.2884E-03 -0.5235E-09-0.1037E-01 0.1008E-01  0.000      0.000      0.000      0.000       0.000       0.000       0.000       0.000       0.000       0.000    
  2920320.   42.70415690   23.6083   0.000       0.000      0.2885E-03 -0.5328E-09-0.1037E-01 0.1008E-01  0.000      0.000      0.000      0.000       0.000       0.000       0.000       0.000       0.000       0.000    
  2937600.   42.70415690   23.6126   0.000       0.000      0.2886E-03 -0.5389E-09-0.1037E-01 0.1009E-01  0.000      0.000      0.000      0.000       0.000       0.000       0.000       0.000       0.000       0.000    
  2954880.   42.70415690   23.6351   0.000       0.000      0.2891E-03 -0.2241E-08-0.1039E-01 0.1010E-01  0.000      0.000      0.000      0.000       0.000       0.000       0.000       0.000       0.000       0.000    
  2972160.   42.70415690   23.6576   0.000       0.000      0.2895E-03 -0.2204E-08-0.1041E-01 0.1012E-01  0.000      0.000      0.000      0.000       0.000       0.000       0.000       0.000       0.000       0.000    
  2989440.   42.70415690   23.6801   0.000       0.000      0.2900E-03 -0.2198E-08-0.1043E-01 0.1014E-01  0.000      0.000      0.000      0.000       0.000       0.000       0.000       0.000       0.000       0.000    
  3006720.   42.70415690   23.7025   0.000       0.000      0.2905E-03 -0.2193E-08-0.1044E-01 0.1015E-01  0.000      0.000      0.000      0.000       0.000       0.000       0.000       0.000       0.000       0.000    
  3024000.   42.70415690   23.7249   0.000       0.000      0.2910E-03 -0.2187E-08-0.1046E-01 0.1017E-01  0.000      0.000      0.000      0.000       0.000       0.000       0.000       0.000       0.000       0.000    
  3041280.   42.70415690   23.7914   0.000       0.000      0.2924E-03 -0.6368E-08-0.1051E-01 0.1022E-01  0.000      0.000      0.000      0.000       0.000       0.000       0.000       0.000       0.000       0.000    
  3058560.   42.70415690   23.8575   0.000       0.000      0.2938E-03 -0.6280E-08-0.1056E-01 0.1026E-01  0.000      0.000      0.000      0.000       0.000       0.000       0.000       0.000       0.000       0.000    
  3075840.   42.70415690   23.9232   0.000       0.000      0.2952E-03 -0.6271E-08-0.1060E-01 0.1031E-01  0.000      0.000      0.000      0.000       0.000       0.000       0.000       0.000       0.000       0.000    
  3093120.   42.70415690   23.9884   0.000       0.000      0.2966E-03 -0.6264E-08-0.1065E-01 0.1035E-01  0.000      0.000      0.000      0.000       0.000       0.000       0.000       0.000       0.000       0.000    
  3110400.   42.70415690   24.0533   0.000       0.000      0.2979E-03 -0.6256E-08-0.1070E-01 0.1040E-01  0.000      0.000      0.000      0.000       0.000       0.000       0.000       0.000       0.000       0.000    
  3127680.   42.70415690   24.0456   0.000       0.000      0.2978E-03  0.7284E-09-0.1069E-01 0.1039E-01  0.000      0.000      0.000      0.000       0.000       0.000       0.000       0.000       0.000       0.000    
  3144960.   42.70415690   24.0382   0.000       0.000      0.2976E-03  0.5862E-09-0.1069E-01 0.1039E-01  0.000      0.000      0.000      0.000       0.000       0.000       0.000       0.000       0.000       0.000    
  3162240.   42.70415690   24.0309   0.000       0.000      0.2974E-03  0.5756E-09-0.1068E-01 0.1039E-01  0.000      0.000      0.000      0.000       0.000       0.000       0.000       0.000       0.000       0.000    
  3179520.   42.70415690   24.0237   0.000       0.000      0.2973E-03  0.5678E-09-0.1068E-01 0.1038E-01  0.000      0.000      0.000      0.000       0.000       0.000       0.000       0.000       0.000       0.000    
  3196800.   42.70415690   24.0167   0.000       0.000      0.2971E-03  0.5609E-09-0.1068E-01 0.1038E-01  0.000      0.000      0.000      0.000       0.000       0.000       0.000       0.000       0.000       0.000    
  3214080.   42.70415690   23.9784   0.000       0.000      0.2963E-03  0.3578E-08-0.1065E-01 0.1035E-01  0.000      0.000      0.000      0.000       0.000       0.000       0.000       0.000       0.000       0.000    
  3231360.   42.70415690   23.9404   0.000       0.000      0.2955E-03  0.3487E-08-0.1063E-01 0.1033E-01  0.000      0.000      0.000      0.000       0.000       0.000       0.000       0.000       0.000       0.000    
  3248640.   42.70415690   23.9029   0.000       0.000      0.2947E-03  0.3454E-08-0.1060E-01 0.1031E-01  0.000      0.000      0.000      0.000       0.000       0.000       0.000       0.000       0.000       0.000    
  3265920.   42.70415690   23.8656   0.000       0.000      0.2939E-03  0.3422E-08-0.1057E-01 0.1028E-01  0.000      0.000      0.000      0.000       0.000       0.000       0.000       0.000       0.000       0.000    
  3283200.   42.70415690   23.8287   0.000       0.000      0.2932E-03  0.3392E-08-0.1055E-01 0.1026E-01  0.000      0.000      0.000      0.000       0.000       0.000       0.000       0.000       0.000       0.000    
  3300480.   42.70415690   23.8081   0.000       0.000      0.2927E-03  0.1841E-08-0.1054E-01 0.1024E-01  0.000      0.000      0.000      0.000       0.000       0.000       0.000       0.000       0.000       0.000    
  3317760.   42.70415690   23.7877   0.000       0.000      0.2923E-03  0.1856E-08-0.1052E-01 0.1023E-01  0.000      0.000      0.000      0.000       0.000       0.000       0.000       0.000       0.000       0.000    
  3335040.   42.70415690   23.7675   0.000       0.000      0.2919E-03  0.1843E-08-0.1051E-01 0.1022E-01  0.000      0.000      0.000      0.000       0.000       0.000       0.000       0.000       0.000       0.000    
  3352320.   42.70415690   23.7474   0.000       0.000      0.2914E-03  0.1830E-08-0.1049E-01 0.1020E-01  0.000      0.000      0.000      0.000       0.000       0.000       0.000       0.000       0.000       0.000    
  3369600.   42.70415690   23.7275   0.000       0.000      0.2910E-03  0.1817E-08-0.1048E-01 0.1019E-01  0.000      0.000      0.000      0.000       0.000       0.000       0.000       0.000       0.000       0.000    
  3386880.   42.70415690   23.7440   0.000       0.000      0.2914E-03 -0.1623E-08-0.1049E-01 0.1020E-01  0.000      0.000      0.000      0.000       0.000       0.000       0.000       0.000       0.000       0.000    
  3404160.   42.70415690   23.7604   0.000       0.000      0.2917E-03 -0.1547E-08-0.1050E-01 0.1021E-01  0.000      0.000      0.000      0.000       0.000       0.000       0.000       0.000       0.000       0.000    
  3421440.   42.70415690   23.7766   0.000       0.000      0.2921E-03 -0.1538E-08-0.1052E-01 0.1022E-01  0.000      0.000      0.000      0.000       0.000       0.000       0.000       0.000       0.000       0.000    
  3438720.   42.70415690   23.7928   0.000       0.000      0.2924E-03 -0.1529E-08-0.1053E-01 0.1024E-01  0.000      0.000      0.000      0.000       0.000       0.000       0.000       0.000       0.000       0.000    
  3456000.   42.70415690   23.8088   0.000       0.000      0.2927E-03 -0.1521E-08-0.1054E-01 0.1025E-01  0.000      0.000      0.000      0.000       0.000       0.000       0.000       0.000       0.000       0.000    
  3473280.   42.70415690   23.8477   0.000       0.000      0.2936E-03 -0.3710E-08-0.1057E-01 0.1027E-01  0.000      0.000      0.000      0.000       0.000       0.000       0.000       0.000       0.000       0.000    
  3490560.   42.70415690   23.8864   0.000       0.000      0.2944E-03 -0.3654E-08-0.1060E-01 0.1030E-01  0.000      0.000      0.000      0.000       0.000       0.000       0.000       0.000       0.000       0.000    
  3507840.   42.70415690   23.9248   0.000       0.000      0.2952E-03 -0.3641E-08-0.1062E-01 0.1033E-01  0.000      0.000      0.000      0.000       0.000       0.000       0.000       0.000       0.000       0.000    
  3525120.   42.70415690   23.9629   0.000       0.000      0.2960E-03 -0.3628E-08-0.1065E-01 0.1035E-01  0.000      0.000      0.000      0.000       0.000       0.000       0.000       0.000       0.000       0.000    
  3542400.   42.70415690   24.0008   0.000       0.000      0.2968E-03 -0.3616E-08-0.1068E-01 0.1038E-01  0.000      0.000      0.000      0.000       0.000       0.000       0.000       0.000       0.000       0.000    
  3559680.   42.70415690   24.0184   0.000       0.000      0.2972E-03 -0.1675E-08-0.1069E-01 0.1039E-01  0.000      0.000      0.000      0.000       0.000       0.000       0.000       0.000       0.000       0.000    
  3576960.   42.70415690   24.0359   0.000       0.000      0.2976E-03 -0.1705E-08-0.1070E-01 0.1040E-01  0.000      0.000      0.000      0.000       0.000       0.000       0.000       0.000       0.000       0.000    
  3594240.   42.70415690   24.0533   0.000       0.000      0.2979E-03 -0.1698E-08-0.1071E-01 0.1042E-01  0.000      0.000      0.000      0.000       0.000       0.000       0.000       0.000       0.000       0.000    
  3611520.   42.70415690   24.0706   0.000       0.000      0.2983E-03 -0.1692E-08-0.1073E-01 0.1043E-01  0.000      0.000      0.000      0.000       0.000       0.000       0.000       0.000       0.000       0.000    
  3628800.   42.70415690   24.0878   0.000       0.000      0.2987E-03 -0.1685E-08-0.1074E-01 0.1044E-01  0.000      0.000      0.000      0.000       0.000       0.000       0.000       0.000       0.000       0.000    
  3646080.   42.70415690   24.0596   0.000       0.000      0.2981E-03  0.2712E-08-0.1072E-01 0.1042E-01  0.000      0.000      0.000      0.000       0.000       0.000       0.000       0.000       0.000       0.000    
  3663360.   42.70415690   24.0317   0.000       0.000      0.2975E-03  0.2605E-08-0.1070E-01 0.1040E-01  0.000      0.000      0.000      0.000       0.000       0.000       0.000       0.000       0.000       0.000    
  3680640.   42.70415690   24.0040   0.000       0.000      0.2969E-03  0.2581E-08-0.1068E-01 0.1039E-01  0.000      0.000      0.000      0.000       0.000       0.000       0.000       0.000       0.000       0.000    
  3697920.   42.70415690   23.9765   0.000       0.000      0.2963E-03  0.2559E-08-0.1066E-01 0.1037E-01  0.000      0.000      0.000      0.000       0.000       0.000       0.000       0.000       0.000       0.000    
  3715200.   42.70415690   23.9493   0.000       0.000      0.2957E-03  0.2538E-08-0.1064E-01 0.1035E-01  0.000      0.000      0.000      0.000       0.000       0.000       0.000       0.000       0.000       0.000    
  3732480.   42.70415690   23.9306   0.000       0.000      0.2953E-03  0.1719E-08-0.1063E-01 0.1034E-01  0.000      0.000      0.000      0.000       0.000       0.000       0.000       0.000       0.000       0.000    
  3749760.   42.70415690   23.9121   0.000       0.000      0.2949E-03  0.1721E-08-0.1062E-01 0.1032E-01  0.000      0.000      0.000      0.000       0.000       0.000       0.000       0.000       0.000       0.000    
  3767040.   42.70415690   23.8938   0.000       0.000      0.2945E-03  0.1709E-08-0.1061E-01 0.1031E-01  0.000      0.000      0.000      0.000       0.000       0.000       0.000       0.000       0.000       0.000    
  3784320.   42.70415690   23.8756   0.000       0.000      0.2942E-03  0.1697E-08-0.1059E-01 0.1030E-01  0.000      0.000      0.000      0.000       0.000       0.000       0.000       0.000       0.000       0.000    
  3801600.   42.70415690   23.8575   0.000       0.000      0.2938E-03  0.1685E-08-0.1058E-01 0.1029E-01  0.000      0.000      0.000      0.000       0.000       0.000       0.000       0.000       0.000       0.000    
  3818880.   42.70415690   23.8685   0.000       0.000      0.2940E-03 -0.1092E-08-0.1059E-01 0.1030E-01  0.000      0.000      0.000      0.000       0.000       0.000       0.000       0.000       0.000       0.000    
  3836160.   42.70415690   23.8795   0.000       0.000      0.2942E-03 -0.1032E-08-0.1060E-01 0.1030E-01  0.000      0.000      0.000      0.000       0.000       0.000       0.000       0.000       0.000       0.000    
  3853440.   42.70415690   23.8903   0.000       0.000      0.2945E-03 -0.1024E-08-0.1060E-01 0.1031E-01  0.000      0.000      0.000      0.000       0.000       0.000       0.000       0.000       0.000       0.000    
  3870720.   42.70415690   23.9011   0.000       0.000      0.2947E-03 -0.1018E-08-0.1061E-01 0.1032E-01  0.000      0.000      0.000      0.000       0.000       0.000       0.000       0.000       0.000       0.000    
  3888000.   42.70415690   23.9118   0.000       0.000      0.2949E-03 -0.1012E-08-0.1062E-01 0.1032E-01  0.000      0.000      0.000      0.000       0.000       0.000       0.000       0.000       0.000       0.000    
  3905280.   42.70415690   23.9540   0.000       0.000      0.2958E-03 -0.4040E-08-0.1065E-01 0.1035E-01  0.000      0.000      0.000      0.000       0.000       0.000       0.000       0.000       0.000       0.000    
  3922560.   42.70415690   23.9959   0.000       0.000      0.2967E-03 -0.3968E-08-0.1068E-01 0.1038E-01  0.000      0.000      0.000      0.000       0.000       0.000       0.000       0.000       0.000       0.000    
  3939840.   42.70415690   24.0375   0.000       0.000      0.2976E-03 -0.3954E-08-0.1071E-01 0.1041E-01  0.000      0.000      0.000      0.000       0.000       0.000       0.000       0.000       0.000       0.000    
  3957120.   42.70415690   24.0787   0.000       0.000      0.2985E-03 -0.3940E-08-0.1074E-01 0.1044E-01  0.000      0.000      0.000      0.000       0.000       0.000       0.000       0.000       0.000       0.000    
  3974400.   42.70415690   24.1197   0.000       0.000      0.2993E-03 -0.3928E-08-0.1077E-01 0.1047E-01  0.000      0.000      0.000      0.000       0.000       0.000       0.000       0.000       0.000       0.000    
  3991680.   42.70415690   24.1671   0.000       0.000      0.3003E-03 -0.4564E-08-0.1080E-01 0.1050E-01  0.000      0.000      0.000      0.000       0.000       0.000       0.000       0.000       0.000       0.000    
  4008960.   42.70415690   24.2141   0.000       0.000      0.3013E-03 -0.4539E-08-0.1083E-01 0.1053E-01  0.000      0.000      0.000      0.000       0.000       0.000       0.000       0.000       0.000       0.000    
  4026240.   42.70415690   24.2608   0.000       0.000      0.3023E-03 -0.4527E-08-0.1087E-01 0.1056E-01  0.000      0.000      0.000      0.000       0.000       0.000       0.000       0.000       0.000       0.000    
  4043520.   42.70415690   24.3071   0.000       0.000      0.3033E-03 -0.4514E-08-0.1090E-01 0.1060E-01  0.000      0.000      0.000      0.000       0.000       0.000       0.000       0.000       0.000       0.000    
  4060800.   42.70415690   24.3532   0.000       0.000      0.3043E-03 -0.4502E-08-0.1093E-01 0.1063E-01  0.000      0.000      0.000      0.000       0.000       0.000       0.000       0.000       0.000       0.000    
  4078080.   42.70415690   24.3323   0.000       0.000      0.3038E-03  0.2084E-08-0.1092E-01 0.1061E-01  0.000      0.000      0.000      0.000       0.000       0.000       0.000       0.000       0.000       0.000    
  4095360.   42.70415690   24.3117   0.000       0.000      0.3034E-03  0.1941E-08-0.1090E-01 0.1060E-01  0.000      0.000      0.000      0.000       0.000       0.000       0.000       0.000       0.000       0.000    
  4112640.   42.70415690   24.2913   0.000       0.000      0.3030E-03  0.1922E-08-0.1089E-01 0.1059E-01  0.000      0.000      0.000      0.000       0.000       0.000       0.000       0.000       0.000       0.000    
  4129920.   42.70415690   24.2711   0.000       0.000      0.3025E-03  0.1905E-08-0.1088E-01 0.1057E-01  0.000      0.000      0.000      0.000       0.000       0.000       0.000       0.000       0.000       0.000    
  4147200.   42.70415690   24.2511   0.000       0.000      0.3021E-03  0.1889E-08-0.1086E-01 0.1056E-01  0.000      0.000      0.000      0.000       0.000       0.000       0.000       0.000       0.000       0.000    
  4164480.   42.70415690   24.2065   0.000       0.000      0.3012E-03  0.4290E-08-0.1083E-01 0.1053E-01  0.000      0.000      0.000      0.000       0.000       0.000       0.000       0.000       0.000       0.000    
  4181760.   42.70415690   24.1623   0.000       0.000      0.3002E-03  0.4204E-08-0.1080E-01 0.1050E-01  0.000      0.000      0.000      0.000       0.000       0.000       0.000       0.000       0.000       0.000    
  4199040.   42.70415690   24.1185   0.000       0.000      0.2993E-03  0.4164E-08-0.1077E-01 0.1047E-01  0.000      0.000      0.000      0.000       0.000       0.000       0.000       0.000       0.000       0.000    
  4216320.   42.70415690   24.0750   0.000       0.000      0.2984E-03  0.4127E-08-0.1074E-01 0.1044E-01  0.000      0.000      0.000      0.000       0.000       0.000       0.000       0.000       0.000       0.000    
  4233600.   42.70415690   24.0319   0.000       0.000      0.2975E-03  0.4090E-08-0.1071E-01 0.1041E-01  0.000      0.000      0.000      0.000       0.000       0.000       0.000       0.000       0.000       0.000    
  4250880.   42.70415690   23.9839   0.000       0.000      0.2965E-03  0.4548E-08-0.1068E-01 0.1038E-01  0.000      0.000      0.000      0.000       0.000       0.000       0.000       0.000       0.000       0.000    
  4268160.   42.70415690   23.9363   0.000       0.000      0.2954E-03  0.4497E-08-0.1064E-01 0.1035E-01  0.000      0.000      0.000      0.000       0.000       0.000       0.000       0.000       0.000       0.000    
  4285440.   42.70415690   23.8891   0.000       0.000      0.2944E-03  0.4455E-08-0.1061E-01 0.1032E-01  0.000      0.000      0.000      0.000       0.000       0.000       0.000       0.000       0.000       0.000    
  4302720.   42.70415690   23.8422   0.000       0.000      0.2935E-03  0.4415E-08-0.1058E-01 0.1028E-01  0.000      0.000      0.000      0.000       0.000       0.000       0.000       0.000       0.000       0.000    
  4320000.   42.70415690   23.7956   0.000       0.000      0.2925E-03  0.4375E-08-0.1054E-01 0.1025E-01  0.000      0.000      0.000      0.000       0.000       0.000       0.000       0.000       0.000       0.000    
  4337280.   42.70415690   23.7444   0.000       0.000      0.2914E-03  0.4804E-08-0.1051E-01 0.1022E-01  0.000      0.000      0.000      0.000       0.000       0.000       0.000       0.000       0.000       0.000    
  4354560.   42.70415690   23.6936   0.000       0.000      0.2903E-03  0.4751E-08-0.1047E-01 0.1018E-01  0.000      0.000      0.000      0.000       0.000       0.000       0.000       0.000       0.000       0.000    
  4371840.   42.70415690   23.6431   0.000       0.000      0.2892E-03  0.4706E-08-0.1044E-01 0.1015E-01  0.000      0.000      0.000      0.000       0.000       0.000       0.000       0.000       0.000       0.000    
  4389120.   42.70415690   23.5930   0.000       0.000      0.2882E-03  0.4663E-08-0.1040E-01 0.1011E-01  0.000      0.000      0.000      0.000       0.000       0.000       0.000       0.000       0.000       0.000    
  4406400.   42.70415690   23.5432   0.000       0.000      0.2871E-03  0.4620E-08-0.1036E-01 0.1008E-01  0.000      0.000      0.000      0.000       0.000       0.000       0.000       0.000       0.000       0.000    
