TOTIM (T)      HCON          HMAT      QDIR      QWELL        QMAT       QCADS      QTUB1      QTUB2      QTUB3      QTUB4      QTUB5      QTUB6       NSTOR        QFIX        QLH     FHLQ (LQ)        CAUCHY   CAUCHY (LQ)
    86400.   42.70415690   22.3996   0.000       0.000      0.2630E-03   0.000    -0.6753E-02 0.6490E-02  0.000      0.000      0.000      0.000       0.000       0.000       0.000       0.000       0.000       0.000    
   103680.   42.70415690   22.3211   0.000       0.000      0.2613E-03  0.2322E-07-0.6459E-02 0.6197E-02  0.000      0.000      0.000      0.000       0.000       0.000       0.000       0.000       0.000       0.000    
   120960.   42.70415690   22.2445   0.000       0.000      0.2597E-03  0.2191E-08-0.6421E-02 0.6162E-02  0.000      0.000      0.000      0.000       0.000       0.000       0.000       0.000       0.000       0.000    
   138240.   42.70415690   22.1695   0.000       0.000      0.2581E-03  0.2071E-08-0.6386E-02 0.6128E-02  0.000      0.000      0.000      0.000       0.000       0.000       0.000       0.000       0.000       0.000    
   155520.   42.70415690   22.0959   0.000       0.000      0.2566E-03  0.2043E-08-0.6351E-02 0.6094E-02  0.000      0.000      0.000      0.000       0.000       0.000       0.000       0.000       0.000       0.000    
   172800.   42.70415690   22.0234   0.000       0.000      0.2550E-03  0.2017E-08-0.6316E-02 0.6061E-02  0.000      0.000      0.000      0.000       0.000       0.000       0.000       0.000       0.000       0.000    
   190080.   42.70415690   21.9782   0.000       0.000      0.2541E-03  0.1244E-08-0.6294E-02 0.6040E-02  0.000      0.000      0.000      0.000       0.000       0.000       0.000       0.000       0.000       0.000    
   207360.   42.70415690   21.9335   0.000       0.000      0.2531E-03  0.1253E-08-0.6272E-02 0.6019E-02  0.000      0.000      0.000      0.000       0.000       0.000       0.000       0.000       0.000       0.000    
   224640.   42.70415690   21.8893   0.000       0.000      0.2522E-03  0.1241E-08-0.6250E-02 0.5998E-02  0.000      0.000      0.000      0.000       0.000       0.000       0.000       0.000       0.000       0.000    
   241920.   42.70415690   21.8454   0.000       0.000      0.2512E-03  0.1228E-08-0.6229E-02 0.5977E-02  0.000      0.000      0.000      0.000       0.000       0.000       0.000       0.000       0.000       0.000    
   259200.   42.70415690   21.8020   0.000       0.000      0.2503E-03  0.1216E-08-0.6207E-02 0.5957E-02  0.000      0.000      0.000      0.000       0.000       0.000       0.000       0.000       0.000       0.000    
   276480.   42.70415690   21.7660   0.000       0.000      0.2496E-03  0.1006E-08-0.6189E-02 0.5940E-02  0.000      0.000      0.000      0.000       0.000       0.000       0.000       0.000       0.000       0.000    
   293760.   42.70415690   21.7303   0.000       0.000      0.2488E-03  0.1003E-08-0.6172E-02 0.5923E-02  0.000      0.000      0.000      0.000       0.000       0.000       0.000       0.000       0.000       0.000    
   311040.   42.70415690   21.6948   0.000       0.000      0.2480E-03  0.9940E-09-0.6154E-02 0.5906E-02  0.000      0.000      0.000      0.000       0.000       0.000       0.000       0.000       0.000       0.000    
   328320.   42.70415690   21.6596   0.000       0.000      0.2473E-03  0.9854E-09-0.6136E-02 0.5889E-02  0.000      0.000      0.000      0.000       0.000       0.000       0.000       0.000       0.000       0.000    
   345600.   42.70415690   21.6246   0.000       0.000      0.2466E-03  0.9769E-09-0.6119E-02 0.5872E-02  0.000      0.000      0.000      0.000       0.000       0.000       0.000       0.000       0.000       0.000    
   362880.   42.70415690   21.6231   0.000       0.000      0.2465E-03  0.5122E-10-0.6118E-02 0.5871E-02  0.000      0.000      0.000      0.000       0.000       0.000       0.000       0.000       0.000       0.000    
   380160.   42.70415690   21.6215   0.000       0.000      0.2465E-03  0.7933E-10-0.6116E-02 0.5870E-02  0.000      0.000      0.000      0.000       0.000       0.000       0.000       0.000       0.000       0.000    
   397440.   42.70415690   21.6197   0.000       0.000      0.2465E-03  0.8048E-10-0.6115E-02 0.5868E-02  0.000      0.000      0.000      0.000       0.000       0.000       0.000       0.000       0.000       0.000    
   414720.   42.70415690   21.6179   0.000       0.000      0.2464E-03  0.8126E-10-0.6113E-02 0.5867E-02  0.000      0.000      0.000      0.000       0.000       0.000       0.000       0.000       0.000       0.000    
   432000.   42.70415690   21.6159   0.000       0.000      0.2464E-03  0.8186E-10-0.6112E-02 0.5865E-02  0.000      0.000      0.000      0.000       0.000       0.000       0.000       0.000       0.000       0.000    
   449280.   42.70415690   21.6392   0.000       0.000      0.2469E-03 -0.6160E-09-0.6123E-02 0.5876E-02  0.000      0.000      0.000      0.000       0.000       0.000       0.000       0.000       0.000       0.000    
   466560.   42.70415690   21.6622   0.000       0.000      0.2474E-03 -0.5910E-09-0.6133E-02 0.5886E-02  0.000      0.000      0.000      0.000       0.000       0.000       0.000       0.000       0.000       0.000    
   483840.   42.70415690   21.6848   0.000       0.000      0.2478E-03 -0.5867E-09-0.6144E-02 0.5896E-02  0.000      0.000      0.000      0.000       0.000       0.000       0.000       0.000       0.000       0.000    
   501120.   42.70415690   21.7072   0.000       0.000      0.2483E-03 -0.5826E-09-0.6154E-02 0.5906E-02  0.000      0.000      0.000      0.000       0.000       0.000       0.000       0.000       0.000       0.000    
   518400.   42.70415690   21.7292   0.000       0.000      0.2488E-03 -0.5788E-09-0.6164E-02 0.5915E-02  0.000      0.000      0.000      0.000       0.000       0.000       0.000       0.000       0.000       0.000    
   535680.   42.70415690   21.7314   0.000       0.000      0.2488E-03 -0.2996E-10-0.6165E-02 0.5916E-02  0.000      0.000      0.000      0.000       0.000       0.000       0.000       0.000       0.000       0.000    
   552960.   42.70415690   21.7335   0.000       0.000      0.2489E-03 -0.4545E-10-0.6165E-02 0.5917E-02  0.000      0.000      0.000      0.000       0.000       0.000       0.000       0.000       0.000       0.000    
   570240.   42.70415690   21.7356   0.000       0.000      0.2489E-03 -0.4507E-10-0.6166E-02 0.5917E-02  0.000      0.000      0.000      0.000       0.000       0.000       0.000       0.000       0.000       0.000    
   587520.   42.70415690   21.7377   0.000       0.000      0.2490E-03 -0.4455E-10-0.6167E-02 0.5918E-02  0.000      0.000      0.000      0.000       0.000       0.000       0.000       0.000       0.000       0.000    
   604800.   42.70415690   21.7398   0.000       0.000      0.2490E-03 -0.4400E-10-0.6168E-02 0.5919E-02  0.000      0.000      0.000      0.000       0.000       0.000       0.000       0.000       0.000       0.000    
   622080.   42.70415690   21.7487   0.000       0.000      0.2492E-03 -0.2365E-09-0.6172E-02 0.5923E-02  0.000      0.000      0.000      0.000       0.000       0.000       0.000       0.000       0.000       0.000    
   639360.   42.70415690   21.7576   0.000       0.000      0.2494E-03 -0.2291E-09-0.6176E-02 0.5927E-02  0.000      0.000      0.000      0.000       0.000       0.000       0.000       0.000       0.000       0.000    
   656640.   42.70415690   21.7663   0.000       0.000      0.2496E-03 -0.2273E-09-0.6180E-02 0.5930E-02  0.000      0.000      0.000      0.000       0.000       0.000       0.000       0.000       0.000       0.000    
   673920.   42.70415690   21.7749   0.000       0.000      0.2497E-03 -0.2256E-09-0.6184E-02 0.5934E-02  0.000      0.000      0.000      0.000       0.000       0.000       0.000       0.000       0.000       0.000    
   691200.   42.70415690   21.7835   0.000       0.000      0.2499E-03 -0.2240E-09-0.6188E-02 0.5938E-02  0.000      0.000      0.000      0.000       0.000       0.000       0.000       0.000       0.000       0.000    
   708480.   42.70415690   21.8601   0.000       0.000      0.2516E-03 -0.2129E-08-0.6225E-02 0.5974E-02  0.000      0.000      0.000      0.000       0.000       0.000       0.000       0.000       0.000       0.000    
   725760.   42.70415690   21.9359   0.000       0.000      0.2532E-03 -0.2070E-08-0.6261E-02 0.6008E-02  0.000      0.000      0.000      0.000       0.000       0.000       0.000       0.000       0.000       0.000    
   743040.   42.70415690   22.0109   0.000       0.000      0.2547E-03 -0.2066E-08-0.6297E-02 0.6043E-02  0.000      0.000      0.000      0.000       0.000       0.000       0.000       0.000       0.000       0.000    
   760320.   42.70415690   22.0852   0.000       0.000      0.2563E-03 -0.2063E-08-0.6333E-02 0.6077E-02  0.000      0.000      0.000      0.000       0.000       0.000       0.000       0.000       0.000       0.000    
   777600.   42.70415690   22.1587   0.000       0.000      0.2579E-03 -0.2061E-08-0.6369E-02 0.6111E-02  0.000      0.000      0.000      0.000       0.000       0.000       0.000       0.000       0.000       0.000    
   794880.   42.70415690   22.2926   0.000       0.000      0.2607E-03 -0.3818E-08-0.6434E-02 0.6173E-02  0.000      0.000      0.000      0.000       0.000       0.000       0.000       0.000       0.000       0.000    
   812160.   42.70415690   22.4251   0.000       0.000      0.2635E-03 -0.3778E-08-0.6498E-02 0.6234E-02  0.000      0.000      0.000      0.000       0.000       0.000       0.000       0.000       0.000       0.000    
   829440.   42.70415690   22.5564   0.000       0.000      0.2663E-03 -0.3789E-08-0.6561E-02 0.6295E-02  0.000      0.000      0.000      0.000       0.000       0.000       0.000       0.000       0.000       0.000    
   846720.   42.70415690   22.6866   0.000       0.000      0.2691E-03 -0.3800E-08-0.6624E-02 0.6355E-02  0.000      0.000      0.000      0.000       0.000       0.000       0.000       0.000       0.000       0.000    
   864000.   42.70415690   22.8157   0.000       0.000      0.2718E-03 -0.3812E-08-0.6687E-02 0.6415E-02  0.000      0.000      0.000      0.000       0.000       0.000       0.000       0.000       0.000       0.000    
   881280.   42.70415690   22.8899   0.000       0.000      0.2734E-03 -0.2189E-08-0.6722E-02 0.6449E-02  0.000      0.000      0.000      0.000       0.000       0.000       0.000       0.000       0.000       0.000    
   898560.   42.70415690   22.9637   0.000       0.000      0.2750E-03 -0.2236E-08-0.6759E-02 0.6484E-02  0.000      0.000      0.000      0.000       0.000       0.000       0.000       0.000       0.000       0.000    
   915840.   42.70415690   23.0371   0.000       0.000      0.2765E-03 -0.2236E-08-0.6795E-02 0.6518E-02  0.000      0.000      0.000      0.000       0.000       0.000       0.000       0.000       0.000       0.000    
   933120.   42.70415690   23.1100   0.000       0.000      0.2781E-03 -0.2235E-08-0.6831E-02 0.6552E-02  0.000      0.000      0.000      0.000       0.000       0.000       0.000       0.000       0.000       0.000    
   950400.   42.70415690   23.1825   0.000       0.000      0.2796E-03 -0.2234E-08-0.6866E-02 0.6587E-02  0.000      0.000      0.000      0.000       0.000       0.000       0.000       0.000       0.000       0.000    
   967680.   42.70415690   23.3260   0.000       0.000      0.2826E-03 -0.4455E-08-0.6937E-02 0.6654E-02  0.000      0.000      0.000      0.000       0.000       0.000       0.000       0.000       0.000       0.000    
   984960.   42.70415690   23.4682   0.000       0.000      0.2857E-03 -0.4406E-08-0.7006E-02 0.6720E-02  0.000      0.000      0.000      0.000       0.000       0.000       0.000       0.000       0.000       0.000    
  1002240.   42.70415690   23.6093   0.000       0.000      0.2886E-03 -0.4421E-08-0.7075E-02 0.6786E-02  0.000      0.000      0.000      0.000       0.000       0.000       0.000       0.000       0.000       0.000    
  1019520.   42.70415690   23.7493   0.000       0.000      0.2916E-03 -0.4436E-08-0.7143E-02 0.6851E-02  0.000      0.000      0.000      0.000       0.000       0.000       0.000       0.000       0.000       0.000    
  1036800.   42.70415690   23.8882   0.000       0.000      0.2946E-03 -0.4450E-08-0.7211E-02 0.6916E-02  0.000      0.000      0.000      0.000       0.000       0.000       0.000       0.000       0.000       0.000    
  1054080.   42.70415690   24.1291   0.000       0.000      0.2997E-03 -0.7845E-08-0.7329E-02 0.7029E-02  0.000      0.000      0.000      0.000       0.000       0.000       0.000       0.000       0.000       0.000    
  1071360.   42.70415690   24.3678   0.000       0.000      0.3047E-03 -0.7822E-08-0.7444E-02 0.7140E-02  0.000      0.000      0.000      0.000       0.000       0.000       0.000       0.000       0.000       0.000    
  1088640.   42.70415690   24.6046   0.000       0.000      0.3097E-03 -0.1439E-07-0.7559E-02 0.7249E-02  0.000      0.000      0.000      0.000       0.000       0.000       0.000       0.000       0.000       0.000    
  1105920.   42.70415690   24.8395   0.000       0.000      0.3147E-03 -0.8141E-08-0.7674E-02 0.7359E-02  0.000      0.000      0.000      0.000       0.000       0.000       0.000       0.000       0.000       0.000    
  1123200.   42.70415690   25.0724   0.000       0.000      0.3197E-03 -0.8195E-08-0.7787E-02 0.7467E-02  0.000      0.000      0.000      0.000       0.000       0.000       0.000       0.000       0.000       0.000    
  1140480.   42.70415690   25.1161   0.000       0.000      0.3206E-03 -0.1484E-08-0.7808E-02 0.7487E-02  0.000      0.000      0.000      0.000       0.000       0.000       0.000       0.000       0.000       0.000    
  1157760.   42.70415690   25.1600   0.000       0.000      0.3215E-03 -0.1671E-08-0.7831E-02 0.7509E-02  0.000      0.000      0.000      0.000       0.000       0.000       0.000       0.000       0.000       0.000    
  1175040.   42.70415690   25.2039   0.000       0.000      0.3225E-03 -0.1672E-08-0.7854E-02 0.7531E-02  0.000      0.000      0.000      0.000       0.000       0.000       0.000       0.000       0.000       0.000    
  1192320.   42.70415690   25.2478   0.000       0.000      0.3234E-03 -0.1671E-08-0.7876E-02 0.7553E-02  0.000      0.000      0.000      0.000       0.000       0.000       0.000       0.000       0.000       0.000    
  1209600.   42.70415690   25.2917   0.000       0.000      0.3243E-03 -0.1669E-08-0.7899E-02 0.7575E-02  0.000      0.000      0.000      0.000       0.000       0.000       0.000       0.000       0.000       0.000    
  1226880.   42.70415690   25.2664   0.000       0.000      0.3238E-03  0.8458E-09-0.7888E-02 0.7564E-02  0.000      0.000      0.000      0.000       0.000       0.000       0.000       0.000       0.000       0.000    
  1244160.   42.70415690   25.2417   0.000       0.000      0.3233E-03  0.7647E-09-0.7878E-02 0.7555E-02  0.000      0.000      0.000      0.000       0.000       0.000       0.000       0.000       0.000       0.000    
  1261440.   42.70415690   25.2176   0.000       0.000      0.3227E-03  0.7534E-09-0.7868E-02 0.7545E-02  0.000      0.000      0.000      0.000       0.000       0.000       0.000       0.000       0.000       0.000    
  1278720.   42.70415690   25.1940   0.000       0.000      0.3222E-03  0.7433E-09-0.7858E-02 0.7536E-02  0.000      0.000      0.000      0.000       0.000       0.000       0.000       0.000       0.000       0.000    
  1296000.   42.70415690   25.1708   0.000       0.000      0.3218E-03  0.7338E-09-0.7848E-02 0.7526E-02  0.000      0.000      0.000      0.000       0.000       0.000       0.000       0.000       0.000       0.000    
  1313280.   42.70415690   25.1261   0.000       0.000      0.3208E-03  0.1515E-08-0.7828E-02 0.7507E-02  0.000      0.000      0.000      0.000       0.000       0.000       0.000       0.000       0.000       0.000    
  1330560.   42.70415690   25.0821   0.000       0.000      0.3199E-03  0.1476E-08-0.7808E-02 0.7488E-02  0.000      0.000      0.000      0.000       0.000       0.000       0.000       0.000       0.000       0.000    
  1347840.   42.70415690   25.0386   0.000       0.000      0.3189E-03  0.1459E-08-0.7788E-02 0.7469E-02  0.000      0.000      0.000      0.000       0.000       0.000       0.000       0.000       0.000       0.000    
  1365120.   42.70415690   24.9956   0.000       0.000      0.3180E-03  0.1443E-08-0.7768E-02 0.7450E-02  0.000      0.000      0.000      0.000       0.000       0.000       0.000       0.000       0.000       0.000    
  1382400.   42.70415690   24.9532   0.000       0.000      0.3171E-03  0.1428E-08-0.7749E-02 0.7431E-02  0.000      0.000      0.000      0.000       0.000       0.000       0.000       0.000       0.000       0.000    
  1399680.   42.70415690   24.8973   0.000       0.000      0.3160E-03  0.1908E-08-0.7722E-02 0.7406E-02  0.000      0.000      0.000      0.000       0.000       0.000       0.000       0.000       0.000       0.000    
  1416960.   42.70415690   24.8421   0.000       0.000      0.3148E-03  0.1873E-08-0.7697E-02 0.7382E-02  0.000      0.000      0.000      0.000       0.000       0.000       0.000       0.000       0.000       0.000    
  1434240.   42.70415690   24.7874   0.000       0.000      0.3136E-03  0.1853E-08-0.7671E-02 0.7357E-02  0.000      0.000      0.000      0.000       0.000       0.000       0.000       0.000       0.000       0.000    
  1451520.   42.70415690   24.7332   0.000       0.000      0.3125E-03  0.1833E-08-0.7646E-02 0.7333E-02  0.000      0.000      0.000      0.000       0.000       0.000       0.000       0.000       0.000       0.000    
  1468800.   42.70415690   24.6796   0.000       0.000      0.3113E-03  0.1814E-08-0.7620E-02 0.7309E-02  0.000      0.000      0.000      0.000       0.000       0.000       0.000       0.000       0.000       0.000    
  1486080.   42.70415690   24.6157   0.000       0.000      0.3100E-03  0.2173E-08-0.7590E-02 0.7280E-02  0.000      0.000      0.000      0.000       0.000       0.000       0.000       0.000       0.000       0.000    
  1503360.   42.70415690   24.5524   0.000       0.000      0.3086E-03  0.2139E-08-0.7560E-02 0.7251E-02  0.000      0.000      0.000      0.000       0.000       0.000       0.000       0.000       0.000       0.000    
  1520640.   42.70415690   24.4896   0.000       0.000      0.3073E-03  0.2115E-08-0.7530E-02 0.7223E-02  0.000      0.000      0.000      0.000       0.000       0.000       0.000       0.000       0.000       0.000    
  1537920.   42.70415690   24.4275   0.000       0.000      0.3060E-03  0.2092E-08-0.7500E-02 0.7194E-02  0.000      0.000      0.000      0.000       0.000       0.000       0.000       0.000       0.000       0.000    
  1555200.   42.70415690   24.3658   0.000       0.000      0.3047E-03  0.2070E-08-0.7471E-02 0.7166E-02  0.000      0.000      0.000      0.000       0.000       0.000       0.000       0.000       0.000       0.000    
  1572480.   42.70415690   24.2974   0.000       0.000      0.3032E-03  0.2296E-08-0.7438E-02 0.7135E-02  0.000      0.000      0.000      0.000       0.000       0.000       0.000       0.000       0.000       0.000    
  1589760.   42.70415690   24.2297   0.000       0.000      0.3018E-03  0.2264E-08-0.7406E-02 0.7104E-02  0.000      0.000      0.000      0.000       0.000       0.000       0.000       0.000       0.000       0.000    
  1607040.   42.70415690   24.1625   0.000       0.000      0.3004E-03  0.8415E-08-0.7374E-02 0.7073E-02  0.000      0.000      0.000      0.000       0.000       0.000       0.000       0.000       0.000       0.000    
  1624320.   42.70415690   24.0959   0.000       0.000      0.2990E-03  0.2149E-08-0.7341E-02 0.7042E-02  0.000      0.000      0.000      0.000       0.000       0.000       0.000       0.000       0.000       0.000    
  1641600.   42.70415690   24.0301   0.000       0.000      0.2976E-03  0.2109E-08-0.7310E-02 0.7012E-02  0.000      0.000      0.000      0.000       0.000       0.000       0.000       0.000       0.000       0.000    
  1658880.   42.70415690   23.9632   0.000       0.000      0.2961E-03  0.2143E-08-0.7277E-02 0.6981E-02  0.000      0.000      0.000      0.000       0.000       0.000       0.000       0.000       0.000       0.000    
  1676160.   42.70415690   23.8969   0.000       0.000      0.2947E-03  0.2116E-08-0.7245E-02 0.6951E-02  0.000      0.000      0.000      0.000       0.000       0.000       0.000       0.000       0.000       0.000    
  1693440.   42.70415690   23.8313   0.000       0.000      0.2934E-03  0.2092E-08-0.7214E-02 0.6920E-02  0.000      0.000      0.000      0.000       0.000       0.000       0.000       0.000       0.000       0.000    
  1710720.   42.70415690   23.7663   0.000       0.000      0.2920E-03  0.2068E-08-0.7182E-02 0.6890E-02  0.000      0.000      0.000      0.000       0.000       0.000       0.000       0.000       0.000       0.000    
  1728000.   42.70415690   23.7019   0.000       0.000      0.2906E-03  0.2045E-08-0.7151E-02 0.6860E-02  0.000      0.000      0.000      0.000       0.000       0.000       0.000       0.000       0.000       0.000    
  1745280.   42.70415690   23.6397   0.000       0.000      0.2893E-03  0.1973E-08-0.7121E-02 0.6831E-02  0.000      0.000      0.000      0.000       0.000       0.000       0.000       0.000       0.000       0.000    
  1762560.   42.70415690   23.5779   0.000       0.000      0.2880E-03  0.1953E-08-0.7090E-02 0.6802E-02  0.000      0.000      0.000      0.000       0.000       0.000       0.000       0.000       0.000       0.000    
  1779840.   42.70415690   23.5167   0.000       0.000      0.2867E-03  0.1933E-08-0.7060E-02 0.6774E-02  0.000      0.000      0.000      0.000       0.000       0.000       0.000       0.000       0.000       0.000    
  1797120.   42.70415690   23.4559   0.000       0.000      0.2854E-03  0.1912E-08-0.7031E-02 0.6745E-02  0.000      0.000      0.000      0.000       0.000       0.000       0.000       0.000       0.000       0.000    
  1814400.   42.70415690   23.3956   0.000       0.000      0.2841E-03  0.1893E-08-0.7001E-02 0.6717E-02  0.000      0.000      0.000      0.000       0.000       0.000       0.000       0.000       0.000       0.000    
  1831680.   42.70415690   23.3320   0.000       0.000      0.2828E-03  0.1989E-08-0.6970E-02 0.6687E-02  0.000      0.000      0.000      0.000       0.000       0.000       0.000       0.000       0.000       0.000    
  1848960.   42.70415690   23.2689   0.000       0.000      0.2814E-03  0.1965E-08-0.6939E-02 0.6658E-02  0.000      0.000      0.000      0.000       0.000       0.000       0.000       0.000       0.000       0.000    
  1866240.   42.70415690   23.2062   0.000       0.000      0.2801E-03  0.1944E-08-0.6908E-02 0.6628E-02  0.000      0.000      0.000      0.000       0.000       0.000       0.000       0.000       0.000       0.000    
  1883520.   42.70415690   23.1440   0.000       0.000      0.2788E-03  0.1924E-08-0.6878E-02 0.6599E-02  0.000      0.000      0.000      0.000       0.000       0.000       0.000       0.000       0.000       0.000    
  1900800.   42.70415690   23.0822   0.000       0.000      0.2775E-03  0.1904E-08-0.6847E-02 0.6570E-02  0.000      0.000      0.000      0.000       0.000       0.000       0.000       0.000       0.000       0.000    
  1918080.   42.70415690   23.0182   0.000       0.000      0.2761E-03  0.1966E-08-0.6816E-02 0.6540E-02  0.000      0.000      0.000      0.000       0.000       0.000       0.000       0.000       0.000       0.000    
  1935360.   42.70415690   22.9546   0.000       0.000      0.2748E-03  0.1943E-08-0.6784E-02 0.6510E-02  0.000      0.000      0.000      0.000       0.000       0.000       0.000       0.000       0.000       0.000    
  1952640.   42.70415690   22.8915   0.000       0.000      0.2734E-03  0.1923E-08-0.6753E-02 0.6480E-02  0.000      0.000      0.000      0.000       0.000       0.000       0.000       0.000       0.000       0.000    
  1969920.   42.70415690   22.8287   0.000       0.000      0.2721E-03  0.1902E-08-0.6722E-02 0.6450E-02  0.000      0.000      0.000      0.000       0.000       0.000       0.000       0.000       0.000       0.000    
  1987200.   42.70415690   22.7664   0.000       0.000      0.2708E-03  0.1883E-08-0.6692E-02 0.6421E-02  0.000      0.000      0.000      0.000       0.000       0.000       0.000       0.000       0.000       0.000    
  2004480.   42.70415690   22.7057   0.000       0.000      0.2695E-03  0.1825E-08-0.6662E-02 0.6392E-02  0.000      0.000      0.000      0.000       0.000       0.000       0.000       0.000       0.000       0.000    
  2021760.   42.70415690   22.6455   0.000       0.000      0.2682E-03  0.1808E-08-0.6632E-02 0.6364E-02  0.000      0.000      0.000      0.000       0.000       0.000       0.000       0.000       0.000       0.000    
  2039040.   42.70415690   22.5856   0.000       0.000      0.2669E-03  0.1789E-08-0.6602E-02 0.6335E-02  0.000      0.000      0.000      0.000       0.000       0.000       0.000       0.000       0.000       0.000    
  2056320.   42.70415690   22.5260   0.000       0.000      0.2657E-03  0.1771E-08-0.6573E-02 0.6307E-02  0.000      0.000      0.000      0.000       0.000       0.000       0.000       0.000       0.000       0.000    
  2073600.   42.70415690   22.4669   0.000       0.000      0.2644E-03  0.1753E-08-0.6543E-02 0.6279E-02  0.000      0.000      0.000      0.000       0.000       0.000       0.000       0.000       0.000       0.000    
  2090880.   42.70415690   22.4052   0.000       0.000      0.2631E-03  0.1819E-08-0.6513E-02 0.6250E-02  0.000      0.000      0.000      0.000       0.000       0.000       0.000       0.000       0.000       0.000    
  2108160.   42.70415690   22.3440   0.000       0.000      0.2618E-03  0.1798E-08-0.6483E-02 0.6221E-02  0.000      0.000      0.000      0.000       0.000       0.000       0.000       0.000       0.000       0.000    
  2125440.   42.70415690   22.2831   0.000       0.000      0.2605E-03  0.1779E-08-0.6452E-02 0.6192E-02  0.000      0.000      0.000      0.000       0.000       0.000       0.000       0.000       0.000       0.000    
  2142720.   42.70415690   22.2226   0.000       0.000      0.2592E-03  0.1761E-08-0.6423E-02 0.6163E-02  0.000      0.000      0.000      0.000       0.000       0.000       0.000       0.000       0.000       0.000    
  2160000.   42.70415690   22.1626   0.000       0.000      0.2580E-03  0.1742E-08-0.6393E-02 0.6135E-02  0.000      0.000      0.000      0.000       0.000       0.000       0.000       0.000       0.000       0.000    
  2177280.   42.70415690   22.1008   0.000       0.000      0.2567E-03  0.1782E-08-0.6362E-02 0.6105E-02  0.000      0.000      0.000      0.000       0.000       0.000       0.000       0.000       0.000       0.000    
  2194560.   42.70415690   22.0395   0.000       0.000      0.2554E-03  0.1762E-08-0.6332E-02 0.6076E-02  0.000      0.000      0.000      0.000       0.000       0.000       0.000       0.000       0.000       0.000    
  2211840.   42.70415690   21.9785   0.000       0.000      0.2541E-03  0.1743E-08-0.6301E-02 0.6047E-02  0.000      0.000      0.000      0.000       0.000       0.000       0.000       0.000       0.000       0.000    
  2229120.   42.70415690   21.9179   0.000       0.000      0.2528E-03  0.1725E-08-0.6271E-02 0.6019E-02  0.000      0.000      0.000      0.000       0.000       0.000       0.000       0.000       0.000       0.000    
  2246400.   42.70415690   21.8577   0.000       0.000      0.2515E-03  0.1707E-08-0.6241E-02 0.5990E-02  0.000      0.000      0.000      0.000       0.000       0.000       0.000       0.000       0.000       0.000    
  2263680.   42.70415690   21.7959   0.000       0.000      0.2502E-03  0.1746E-08-0.6211E-02 0.5961E-02  0.000      0.000      0.000      0.000       0.000       0.000       0.000       0.000       0.000       0.000    
  2280960.   42.70415690   21.7344   0.000       0.000      0.2489E-03  0.1726E-08-0.6180E-02 0.5931E-02  0.000      0.000      0.000      0.000       0.000       0.000       0.000       0.000       0.000       0.000    
  2298240.   42.70415690   21.6733   0.000       0.000      0.2476E-03  0.1707E-08-0.6150E-02 0.5902E-02  0.000      0.000      0.000      0.000       0.000       0.000       0.000       0.000       0.000       0.000    
  2315520.   42.70415690   21.6126   0.000       0.000      0.2463E-03  0.1689E-08-0.6120E-02 0.5873E-02  0.000      0.000      0.000      0.000       0.000       0.000       0.000       0.000       0.000       0.000    
  2332800.   42.70415690   21.5522   0.000       0.000      0.2450E-03  0.1671E-08-0.6090E-02 0.5845E-02  0.000      0.000      0.000      0.000       0.000       0.000       0.000       0.000       0.000       0.000    
  2350080.   42.70415690   21.4909   0.000       0.000      0.2437E-03  0.1690E-08-0.6059E-02 0.5815E-02  0.000      0.000      0.000      0.000       0.000       0.000       0.000       0.000       0.000       0.000    
  2367360.   42.70415690   21.4300   0.000       0.000      0.2424E-03  0.1671E-08-0.6029E-02 0.5786E-02  0.000      0.000      0.000      0.000       0.000       0.000       0.000       0.000       0.000       0.000    
  2384640.   42.70415690   21.3694   0.000       0.000      0.2411E-03  0.1653E-08-0.5999E-02 0.5758E-02  0.000      0.000      0.000      0.000       0.000       0.000       0.000       0.000       0.000       0.000    
  2401920.   42.70415690   21.3092   0.000       0.000      0.2399E-03  0.1636E-08-0.5969E-02 0.5729E-02  0.000      0.000      0.000      0.000       0.000       0.000       0.000       0.000       0.000       0.000    
  2419200.   42.70415690   21.2494   0.000       0.000      0.2386E-03  0.1618E-08-0.5939E-02 0.5700E-02  0.000      0.000      0.000      0.000       0.000       0.000       0.000       0.000       0.000       0.000    
  2436480.   42.70415690   21.2014   0.000       0.000      0.2376E-03  0.1297E-08-0.5915E-02 0.5677E-02  0.000      0.000      0.000      0.000       0.000       0.000       0.000       0.000       0.000       0.000    
  2453760.   42.70415690   21.1536   0.000       0.000      0.2366E-03  0.1294E-08-0.5891E-02 0.5654E-02  0.000      0.000      0.000      0.000       0.000       0.000       0.000       0.000       0.000       0.000    
  2471040.   42.70415690   21.1061   0.000       0.000      0.2356E-03  0.1282E-08-0.5867E-02 0.5632E-02  0.000      0.000      0.000      0.000       0.000       0.000       0.000       0.000       0.000       0.000    
  2488320.   42.70415690   21.0588   0.000       0.000      0.2346E-03  0.1270E-08-0.5843E-02 0.5609E-02  0.000      0.000      0.000      0.000       0.000       0.000       0.000       0.000       0.000       0.000    
  2505600.   42.70415690   21.0117   0.000       0.000      0.2336E-03  0.1258E-08-0.5820E-02 0.5586E-02  0.000      0.000      0.000      0.000       0.000       0.000       0.000       0.000       0.000       0.000    
  2522880.   42.70415690   20.9645   0.000       0.000      0.2326E-03  0.1257E-08-0.5796E-02 0.5563E-02  0.000      0.000      0.000      0.000       0.000       0.000       0.000       0.000       0.000       0.000    
  2540160.   42.70415690   20.9176   0.000       0.000      0.2316E-03  0.1245E-08-0.5772E-02 0.5541E-02  0.000      0.000      0.000      0.000       0.000       0.000       0.000       0.000       0.000       0.000    
  2557440.   42.70415690   20.8709   0.000       0.000      0.2306E-03  0.1233E-08-0.5749E-02 0.5518E-02  0.000      0.000      0.000      0.000       0.000       0.000       0.000       0.000       0.000       0.000    
  2574720.   42.70415690   20.8244   0.000       0.000      0.2296E-03  0.1221E-08-0.5725E-02 0.5496E-02  0.000      0.000      0.000      0.000       0.000       0.000       0.000       0.000       0.000       0.000    
  2592000.   42.70415690   20.7782   0.000       0.000      0.2286E-03  0.1210E-08-0.5702E-02 0.5474E-02  0.000      0.000      0.000      0.000       0.000       0.000       0.000       0.000       0.000       0.000    
  2609280.   42.70415690   20.7771   0.000       0.000      0.2286E-03  0.5033E-10-0.5701E-02 0.5473E-02  0.000      0.000      0.000      0.000       0.000       0.000       0.000       0.000       0.000       0.000    
  2626560.   42.70415690   20.7757   0.000       0.000      0.2286E-03  0.8633E-10-0.5699E-02 0.5471E-02  0.000      0.000      0.000      0.000       0.000       0.000       0.000       0.000       0.000       0.000    
  2643840.   42.70415690   20.7740   0.000       0.000      0.2285E-03  0.8815E-10-0.5698E-02 0.5469E-02  0.000      0.000      0.000      0.000       0.000       0.000       0.000       0.000       0.000       0.000    
  2661120.   42.70415690   20.7722   0.000       0.000      0.2285E-03  0.8946E-10-0.5696E-02 0.5467E-02  0.000      0.000      0.000      0.000       0.000       0.000       0.000       0.000       0.000       0.000    
  2678400.   42.70415690   20.7703   0.000       0.000      0.2284E-03  0.9052E-10-0.5694E-02 0.5466E-02  0.000      0.000      0.000      0.000       0.000       0.000       0.000       0.000       0.000       0.000    
  2695680.   42.70415690   20.8916   0.000       0.000      0.2310E-03 -0.3091E-08-0.5753E-02 0.5522E-02  0.000      0.000      0.000      0.000       0.000       0.000       0.000       0.000       0.000       0.000    
  2712960.   42.70415690   21.0114   0.000       0.000      0.2336E-03 -0.3002E-08-0.5810E-02 0.5576E-02  0.000      0.000      0.000      0.000       0.000       0.000       0.000       0.000       0.000       0.000    
  2730240.   42.70415690   21.1298   0.000       0.000      0.2361E-03 -0.3008E-08-0.5866E-02 0.5630E-02  0.000      0.000      0.000      0.000       0.000       0.000       0.000       0.000       0.000       0.000    
  2747520.   42.70415690   21.2469   0.000       0.000      0.2385E-03 -0.3014E-08-0.5922E-02 0.5683E-02  0.000      0.000      0.000      0.000       0.000       0.000       0.000       0.000       0.000       0.000    
  2764800.   42.70415690   21.3628   0.000       0.000      0.2410E-03 -0.3020E-08-0.5977E-02 0.5736E-02  0.000      0.000      0.000      0.000       0.000       0.000       0.000       0.000       0.000       0.000    
  2782080.   42.70415690   21.6537   0.000       0.000      0.2472E-03 -0.7845E-08-0.6119E-02 0.5872E-02  0.000      0.000      0.000      0.000       0.000       0.000       0.000       0.000       0.000       0.000    
  2799360.   42.70415690   21.9415   0.000       0.000      0.2533E-03 -0.7824E-08-0.6257E-02 0.6004E-02  0.000      0.000      0.000      0.000       0.000       0.000       0.000       0.000       0.000       0.000    
  2816640.   42.70415690   22.2265   0.000       0.000      0.2593E-03 -0.7941E-08-0.6394E-02 0.6135E-02  0.000      0.000      0.000      0.000       0.000       0.000       0.000       0.000       0.000       0.000    
  2833920.   42.70415690   22.5088   0.000       0.000      0.2653E-03 -0.8058E-08-0.6531E-02 0.6265E-02  0.000      0.000      0.000      0.000       0.000       0.000       0.000       0.000       0.000       0.000    
  2851200.   42.70415690   22.7888   0.000       0.000      0.2712E-03 -0.8172E-08-0.6666E-02 0.6395E-02  0.000      0.000      0.000      0.000       0.000       0.000       0.000       0.000       0.000       0.000    
  2868480.   42.70415690   22.7891   0.000       0.000      0.2713E-03  0.1167E-09-0.6664E-02 0.6393E-02  0.000      0.000      0.000      0.000       0.000       0.000       0.000       0.000       0.000       0.000    
  2885760.   42.70415690   22.7903   0.000       0.000      0.2713E-03 -0.1315E-09-0.6666E-02 0.6395E-02  0.000      0.000      0.000      0.000       0.000       0.000       0.000       0.000       0.000       0.000    
  2903040.   42.70415690   22.7922   0.000       0.000      0.2713E-03 -0.1392E-09-0.6669E-02 0.6397E-02  0.000      0.000      0.000      0.000       0.000       0.000       0.000       0.000       0.000       0.000    
  2920320.   42.70415690   22.7945   0.000       0.000      0.2714E-03 -0.1439E-09-0.6671E-02 0.6399E-02  0.000      0.000      0.000      0.000       0.000       0.000       0.000       0.000       0.000       0.000    
  2937600.   42.70415690   22.7973   0.000       0.000      0.2714E-03 -0.1474E-09-0.6673E-02 0.6402E-02  0.000      0.000      0.000      0.000       0.000       0.000       0.000       0.000       0.000       0.000    
  2954880.   42.70415690   22.8184   0.000       0.000      0.2719E-03 -0.6925E-09-0.6685E-02 0.6413E-02  0.000      0.000      0.000      0.000       0.000       0.000       0.000       0.000       0.000       0.000    
  2972160.   42.70415690   22.8395   0.000       0.000      0.2723E-03 -0.6762E-09-0.6696E-02 0.6423E-02  0.000      0.000      0.000      0.000       0.000       0.000       0.000       0.000       0.000       0.000    
  2989440.   42.70415690   22.8607   0.000       0.000      0.2728E-03 -0.6751E-09-0.6707E-02 0.6434E-02  0.000      0.000      0.000      0.000       0.000       0.000       0.000       0.000       0.000       0.000    
  3006720.   42.70415690   22.8820   0.000       0.000      0.2732E-03 -0.6739E-09-0.6718E-02 0.6444E-02  0.000      0.000      0.000      0.000       0.000       0.000       0.000       0.000       0.000       0.000    
  3024000.   42.70415690   22.9032   0.000       0.000      0.2737E-03 -0.6726E-09-0.6729E-02 0.6455E-02  0.000      0.000      0.000      0.000       0.000       0.000       0.000       0.000       0.000       0.000    
  3041280.   42.70415690   22.9684   0.000       0.000      0.2751E-03 -0.2009E-08-0.6761E-02 0.6486E-02  0.000      0.000      0.000      0.000       0.000       0.000       0.000       0.000       0.000       0.000    
  3058560.   42.70415690   23.0332   0.000       0.000      0.2764E-03 -0.1968E-08-0.6793E-02 0.6516E-02  0.000      0.000      0.000      0.000       0.000       0.000       0.000       0.000       0.000       0.000    
  3075840.   42.70415690   23.0974   0.000       0.000      0.2778E-03 -0.1964E-08-0.6824E-02 0.6547E-02  0.000      0.000      0.000      0.000       0.000       0.000       0.000       0.000       0.000       0.000    
  3093120.   42.70415690   23.1612   0.000       0.000      0.2791E-03 -0.1962E-08-0.6856E-02 0.6577E-02  0.000      0.000      0.000      0.000       0.000       0.000       0.000       0.000       0.000       0.000    
  3110400.   42.70415690   23.2246   0.000       0.000      0.2805E-03 -0.1959E-08-0.6887E-02 0.6607E-02  0.000      0.000      0.000      0.000       0.000       0.000       0.000       0.000       0.000       0.000    
  3127680.   42.70415690   23.2157   0.000       0.000      0.2803E-03  0.2748E-09-0.6883E-02 0.6602E-02  0.000      0.000      0.000      0.000       0.000       0.000       0.000       0.000       0.000       0.000    
  3144960.   42.70415690   23.2072   0.000       0.000      0.2801E-03  0.2061E-09-0.6880E-02 0.6599E-02  0.000      0.000      0.000      0.000       0.000       0.000       0.000       0.000       0.000       0.000    
  3162240.   42.70415690   23.1990   0.000       0.000      0.2799E-03  0.2015E-09-0.6876E-02 0.6596E-02  0.000      0.000      0.000      0.000       0.000       0.000       0.000       0.000       0.000       0.000    
  3179520.   42.70415690   23.1910   0.000       0.000      0.2798E-03  0.1977E-09-0.6873E-02 0.6593E-02  0.000      0.000      0.000      0.000       0.000       0.000       0.000       0.000       0.000       0.000    
  3196800.   42.70415690   23.1833   0.000       0.000      0.2796E-03  0.1944E-09-0.6870E-02 0.6591E-02  0.000      0.000      0.000      0.000       0.000       0.000       0.000       0.000       0.000       0.000    
  3214080.   42.70415690   23.1445   0.000       0.000      0.2788E-03  0.1158E-08-0.6852E-02 0.6573E-02  0.000      0.000      0.000      0.000       0.000       0.000       0.000       0.000       0.000       0.000    
  3231360.   42.70415690   23.1063   0.000       0.000      0.2780E-03  0.1117E-08-0.6834E-02 0.6556E-02  0.000      0.000      0.000      0.000       0.000       0.000       0.000       0.000       0.000       0.000    
  3248640.   42.70415690   23.0685   0.000       0.000      0.2772E-03  0.1105E-08-0.6816E-02 0.6539E-02  0.000      0.000      0.000      0.000       0.000       0.000       0.000       0.000       0.000       0.000    
  3265920.   42.70415690   23.0311   0.000       0.000      0.2764E-03  0.1093E-08-0.6799E-02 0.6522E-02  0.000      0.000      0.000      0.000       0.000       0.000       0.000       0.000       0.000       0.000    
  3283200.   42.70415690   22.9942   0.000       0.000      0.2756E-03  0.1082E-08-0.6781E-02 0.6506E-02  0.000      0.000      0.000      0.000       0.000       0.000       0.000       0.000       0.000       0.000    
  3300480.   42.70415690   22.9736   0.000       0.000      0.2752E-03  0.5853E-09-0.6772E-02 0.6497E-02  0.000      0.000      0.000      0.000       0.000       0.000       0.000       0.000       0.000       0.000    
  3317760.   42.70415690   22.9533   0.000       0.000      0.2747E-03  0.5941E-09-0.6763E-02 0.6488E-02  0.000      0.000      0.000      0.000       0.000       0.000       0.000       0.000       0.000       0.000    
  3335040.   42.70415690   22.9331   0.000       0.000      0.2743E-03  0.5891E-09-0.6753E-02 0.6479E-02  0.000      0.000      0.000      0.000       0.000       0.000       0.000       0.000       0.000       0.000    
  3352320.   42.70415690   22.9131   0.000       0.000      0.2739E-03  0.5841E-09-0.6744E-02 0.6470E-02  0.000      0.000      0.000      0.000       0.000       0.000       0.000       0.000       0.000       0.000    
  3369600.   42.70415690   22.8933   0.000       0.000      0.2735E-03  0.5792E-09-0.6734E-02 0.6461E-02  0.000      0.000      0.000      0.000       0.000       0.000       0.000       0.000       0.000       0.000    
  3386880.   42.70415690   22.9097   0.000       0.000      0.2738E-03 -0.5197E-09-0.6743E-02 0.6469E-02  0.000      0.000      0.000      0.000       0.000       0.000       0.000       0.000       0.000       0.000    
  3404160.   42.70415690   22.9260   0.000       0.000      0.2742E-03 -0.4848E-09-0.6751E-02 0.6476E-02  0.000      0.000      0.000      0.000       0.000       0.000       0.000       0.000       0.000       0.000    
  3421440.   42.70415690   22.9420   0.000       0.000      0.2745E-03 -0.4815E-09-0.6758E-02 0.6484E-02  0.000      0.000      0.000      0.000       0.000       0.000       0.000       0.000       0.000       0.000    
  3438720.   42.70415690   22.9579   0.000       0.000      0.2748E-03 -0.4785E-09-0.6766E-02 0.6491E-02  0.000      0.000      0.000      0.000       0.000       0.000       0.000       0.000       0.000       0.000    
  3456000.   42.70415690   22.9737   0.000       0.000      0.2752E-03 -0.4758E-09-0.6774E-02 0.6499E-02  0.000      0.000      0.000      0.000       0.000       0.000       0.000       0.000       0.000       0.000    
  3473280.   42.70415690   23.0122   0.000       0.000      0.2760E-03 -0.1175E-08-0.6793E-02 0.6517E-02  0.000      0.000      0.000      0.000       0.000       0.000       0.000       0.000       0.000       0.000    
  3490560.   42.70415690   23.0504   0.000       0.000      0.2768E-03 -0.1150E-08-0.6811E-02 0.6535E-02  0.000      0.000      0.000      0.000       0.000       0.000       0.000       0.000       0.000       0.000    
  3507840.   42.70415690   23.0883   0.000       0.000      0.2776E-03 -0.1145E-08-0.6830E-02 0.6552E-02  0.000      0.000      0.000      0.000       0.000       0.000       0.000       0.000       0.000       0.000    
  3525120.   42.70415690   23.1258   0.000       0.000      0.2784E-03 -0.1140E-08-0.6848E-02 0.6570E-02  0.000      0.000      0.000      0.000       0.000       0.000       0.000       0.000       0.000       0.000    
  3542400.   42.70415690   23.1630   0.000       0.000      0.2792E-03 -0.1136E-08-0.6866E-02 0.6587E-02  0.000      0.000      0.000      0.000       0.000       0.000       0.000       0.000       0.000       0.000    
  3559680.   42.70415690   23.1800   0.000       0.000      0.2795E-03 -0.5150E-09-0.6874E-02 0.6595E-02  0.000      0.000      0.000      0.000       0.000       0.000       0.000       0.000       0.000       0.000    
  3576960.   42.70415690   23.1969   0.000       0.000      0.2799E-03 -0.5307E-09-0.6883E-02 0.6603E-02  0.000      0.000      0.000      0.000       0.000       0.000       0.000       0.000       0.000       0.000    
  3594240.   42.70415690   23.2137   0.000       0.000      0.2803E-03 -0.5287E-09-0.6891E-02 0.6611E-02  0.000      0.000      0.000      0.000       0.000       0.000       0.000       0.000       0.000       0.000    
  3611520.   42.70415690   23.2305   0.000       0.000      0.2806E-03 -0.5266E-09-0.6900E-02 0.6619E-02  0.000      0.000      0.000      0.000       0.000       0.000       0.000       0.000       0.000       0.000    
  3628800.   42.70415690   23.2472   0.000       0.000      0.2810E-03 -0.5244E-09-0.6908E-02 0.6627E-02  0.000      0.000      0.000      0.000       0.000       0.000       0.000       0.000       0.000       0.000    
  3646080.   42.70415690   23.2186   0.000       0.000      0.2804E-03  0.8805E-09-0.6894E-02 0.6614E-02  0.000      0.000      0.000      0.000       0.000       0.000       0.000       0.000       0.000       0.000    
  3663360.   42.70415690   23.1905   0.000       0.000      0.2798E-03  0.8314E-09-0.6881E-02 0.6601E-02  0.000      0.000      0.000      0.000       0.000       0.000       0.000       0.000       0.000       0.000    
  3680640.   42.70415690   23.1627   0.000       0.000      0.2792E-03  0.8227E-09-0.6868E-02 0.6589E-02  0.000      0.000      0.000      0.000       0.000       0.000       0.000       0.000       0.000       0.000    
  3697920.   42.70415690   23.1352   0.000       0.000      0.2786E-03  0.8146E-09-0.6855E-02 0.6576E-02  0.000      0.000      0.000      0.000       0.000       0.000       0.000       0.000       0.000       0.000    
  3715200.   42.70415690   23.1081   0.000       0.000      0.2780E-03  0.8069E-09-0.6842E-02 0.6564E-02  0.000      0.000      0.000      0.000       0.000       0.000       0.000       0.000       0.000       0.000    
  3732480.   42.70415690   23.0895   0.000       0.000      0.2776E-03  0.5443E-09-0.6833E-02 0.6556E-02  0.000      0.000      0.000      0.000       0.000       0.000       0.000       0.000       0.000       0.000    
  3749760.   42.70415690   23.0711   0.000       0.000      0.2772E-03  0.5470E-09-0.6825E-02 0.6547E-02  0.000      0.000      0.000      0.000       0.000       0.000       0.000       0.000       0.000       0.000    
  3767040.   42.70415690   23.0529   0.000       0.000      0.2768E-03  0.5425E-09-0.6816E-02 0.6539E-02  0.000      0.000      0.000      0.000       0.000       0.000       0.000       0.000       0.000       0.000    
  3784320.   42.70415690   23.0348   0.000       0.000      0.2765E-03  0.5381E-09-0.6807E-02 0.6531E-02  0.000      0.000      0.000      0.000       0.000       0.000       0.000       0.000       0.000       0.000    
  3801600.   42.70415690   23.0169   0.000       0.000      0.2761E-03  0.5338E-09-0.6799E-02 0.6523E-02  0.000      0.000      0.000      0.000       0.000       0.000       0.000       0.000       0.000       0.000    
  3818880.   42.70415690   23.0280   0.000       0.000      0.2763E-03 -0.3533E-09-0.6804E-02 0.6528E-02  0.000      0.000      0.000      0.000       0.000       0.000       0.000       0.000       0.000       0.000    
  3836160.   42.70415690   23.0390   0.000       0.000      0.2765E-03 -0.3252E-09-0.6810E-02 0.6533E-02  0.000      0.000      0.000      0.000       0.000       0.000       0.000       0.000       0.000       0.000    
  3853440.   42.70415690   23.0498   0.000       0.000      0.2768E-03 -0.3227E-09-0.6815E-02 0.6538E-02  0.000      0.000      0.000      0.000       0.000       0.000       0.000       0.000       0.000       0.000    
  3870720.   42.70415690   23.0605   0.000       0.000      0.2770E-03 -0.3204E-09-0.6820E-02 0.6543E-02  0.000      0.000      0.000      0.000       0.000       0.000       0.000       0.000       0.000       0.000    
  3888000.   42.70415690   23.0710   0.000       0.000      0.2772E-03 -0.3183E-09-0.6825E-02 0.6548E-02  0.000      0.000      0.000      0.000       0.000       0.000       0.000       0.000       0.000       0.000    
  3905280.   42.70415690   23.1130   0.000       0.000      0.2781E-03 -0.1285E-08-0.6846E-02 0.6567E-02  0.000      0.000      0.000      0.000       0.000       0.000       0.000       0.000       0.000       0.000    
  3922560.   42.70415690   23.1545   0.000       0.000      0.2790E-03 -0.1252E-08-0.6866E-02 0.6587E-02  0.000      0.000      0.000      0.000       0.000       0.000       0.000       0.000       0.000       0.000    
  3939840.   42.70415690   23.1956   0.000       0.000      0.2799E-03 -0.1247E-08-0.6885E-02 0.6606E-02  0.000      0.000      0.000      0.000       0.000       0.000       0.000       0.000       0.000       0.000    
  3957120.   42.70415690   23.2364   0.000       0.000      0.2807E-03 -0.1242E-08-0.6905E-02 0.6624E-02  0.000      0.000      0.000      0.000       0.000       0.000       0.000       0.000       0.000       0.000    
  3974400.   42.70415690   23.2768   0.000       0.000      0.2816E-03 -0.1237E-08-0.6925E-02 0.6643E-02  0.000      0.000      0.000      0.000       0.000       0.000       0.000       0.000       0.000       0.000    
  3991680.   42.70415690   23.3234   0.000       0.000      0.2826E-03 -0.1440E-08-0.6947E-02 0.6665E-02  0.000      0.000      0.000      0.000       0.000       0.000       0.000       0.000       0.000       0.000    
  4008960.   42.70415690   23.3697   0.000       0.000      0.2836E-03 -0.1429E-08-0.6970E-02 0.6686E-02  0.000      0.000      0.000      0.000       0.000       0.000       0.000       0.000       0.000       0.000    
  4026240.   42.70415690   23.4157   0.000       0.000      0.2845E-03 -0.1424E-08-0.6992E-02 0.6708E-02  0.000      0.000      0.000      0.000       0.000       0.000       0.000       0.000       0.000       0.000    
  4043520.   42.70415690   23.4612   0.000       0.000      0.2855E-03 -0.1420E-08-0.7014E-02 0.6729E-02  0.000      0.000      0.000      0.000       0.000       0.000       0.000       0.000       0.000       0.000    
  4060800.   42.70415690   23.5065   0.000       0.000      0.2865E-03 -0.1415E-08-0.7036E-02 0.6750E-02  0.000      0.000      0.000      0.000       0.000       0.000       0.000       0.000       0.000       0.000    
  4078080.   42.70415690   23.4850   0.000       0.000      0.2860E-03  0.6904E-09-0.7026E-02 0.6740E-02  0.000      0.000      0.000      0.000       0.000       0.000       0.000       0.000       0.000       0.000    
  4095360.   42.70415690   23.4640   0.000       0.000      0.2856E-03  0.6231E-09-0.7016E-02 0.6730E-02  0.000      0.000      0.000      0.000       0.000       0.000       0.000       0.000       0.000       0.000    
  4112640.   42.70415690   23.4432   0.000       0.000      0.2851E-03  0.6159E-09-0.7006E-02 0.6721E-02  0.000      0.000      0.000      0.000       0.000       0.000       0.000       0.000       0.000       0.000    
  4129920.   42.70415690   23.4228   0.000       0.000      0.2847E-03  0.6095E-09-0.6997E-02 0.6712E-02  0.000      0.000      0.000      0.000       0.000       0.000       0.000       0.000       0.000       0.000    
  4147200.   42.70415690   23.4027   0.000       0.000      0.2843E-03  0.6036E-09-0.6987E-02 0.6703E-02  0.000      0.000      0.000      0.000       0.000       0.000       0.000       0.000       0.000       0.000    
  4164480.   42.70415690   23.3582   0.000       0.000      0.2833E-03  0.1370E-08-0.6966E-02 0.6683E-02  0.000      0.000      0.000      0.000       0.000       0.000       0.000       0.000       0.000       0.000    
  4181760.   42.70415690   23.3141   0.000       0.000      0.2824E-03  0.1333E-08-0.6945E-02 0.6663E-02  0.000      0.000      0.000      0.000       0.000       0.000       0.000       0.000       0.000       0.000    
  4199040.   42.70415690   23.2706   0.000       0.000      0.2815E-03  0.1320E-08-0.6924E-02 0.6643E-02  0.000      0.000      0.000      0.000       0.000       0.000       0.000       0.000       0.000       0.000    
  4216320.   42.70415690   23.2274   0.000       0.000      0.2805E-03  0.1306E-08-0.6904E-02 0.6623E-02  0.000      0.000      0.000      0.000       0.000       0.000       0.000       0.000       0.000       0.000    
  4233600.   42.70415690   23.1847   0.000       0.000      0.2796E-03  0.1293E-08-0.6883E-02 0.6604E-02  0.000      0.000      0.000      0.000       0.000       0.000       0.000       0.000       0.000       0.000    
  4250880.   42.70415690   23.1373   0.000       0.000      0.2786E-03  0.1439E-08-0.6860E-02 0.6582E-02  0.000      0.000      0.000      0.000       0.000       0.000       0.000       0.000       0.000       0.000    
  4268160.   42.70415690   23.0902   0.000       0.000      0.2776E-03  0.1420E-08-0.6838E-02 0.6560E-02  0.000      0.000      0.000      0.000       0.000       0.000       0.000       0.000       0.000       0.000    
  4285440.   42.70415690   23.0436   0.000       0.000      0.2766E-03  0.1405E-08-0.6815E-02 0.6538E-02  0.000      0.000      0.000      0.000       0.000       0.000       0.000       0.000       0.000       0.000    
  4302720.   42.70415690   22.9973   0.000       0.000      0.2757E-03  0.1392E-08-0.6793E-02 0.6517E-02  0.000      0.000      0.000      0.000       0.000       0.000       0.000       0.000       0.000       0.000    
  4320000.   42.70415690   22.9515   0.000       0.000      0.2747E-03  0.1378E-08-0.6771E-02 0.6496E-02  0.000      0.000      0.000      0.000       0.000       0.000       0.000       0.000       0.000       0.000    
  4337280.   42.70415690   22.9010   0.000       0.000      0.2736E-03  0.1514E-08-0.6746E-02 0.6472E-02  0.000      0.000      0.000      0.000       0.000       0.000       0.000       0.000       0.000       0.000    
  4354560.   42.70415690   22.8510   0.000       0.000      0.2726E-03  0.1495E-08-0.6722E-02 0.6449E-02  0.000      0.000      0.000      0.000       0.000       0.000       0.000       0.000       0.000       0.000    
  4371840.   42.70415690   22.8014   0.000       0.000      0.2715E-03  0.1480E-08-0.6698E-02 0.6426E-02  0.000      0.000      0.000      0.000       0.000       0.000       0.000       0.000       0.000       0.000    
  4389120.   42.70415690   22.7521   0.000       0.000      0.2705E-03  0.1465E-08-0.6674E-02 0.6403E-02  0.000      0.000      0.000      0.000       0.000       0.000       0.000       0.000       0.000       0.000    
  4406400.   42.70415690   22.7033   0.000       0.000      0.2694E-03  0.1451E-08-0.6650E-02 0.6381E-02  0.000      0.000      0.000      0.000       0.000       0.000       0.000       0.000       0.000       0.000    
