TOTIM (T)      HCON          HMAT      QDIR      QWELL        QMAT       QCADS      QTUB1      QTUB2      QTUB3      QTUB4      QTUB5      QTUB6       NSTOR        QFIX        QLH     FHLQ (LQ)        CAUCHY   CAUCHY (LQ)
    86400.   42.70415690   23.3584   0.000       0.000      0.2833E-03   0.000    -0.2907E-02 0.2623E-02  0.000      0.000      0.000      0.000       0.000       0.000       0.000       0.000       0.000       0.000    
   103680.   42.70415690   23.2816   0.000       0.000      0.2817E-03  0.4721E-07-0.2299E-02 0.2017E-02  0.000      0.000      0.000      0.000       0.000       0.000       0.000       0.000       0.000       0.000    
   120960.   42.70415690   23.2070   0.000       0.000      0.2801E-03  0.2909E-08-0.2287E-02 0.2007E-02  0.000      0.000      0.000      0.000       0.000       0.000       0.000       0.000       0.000       0.000    
   138240.   42.70415690   23.1336   0.000       0.000      0.2785E-03  0.2772E-08-0.2275E-02 0.1996E-02  0.000      0.000      0.000      0.000       0.000       0.000       0.000       0.000       0.000       0.000    
   155520.   42.70415690   23.0609   0.000       0.000      0.2770E-03  0.2740E-08-0.2263E-02 0.1986E-02  0.000      0.000      0.000      0.000       0.000       0.000       0.000       0.000       0.000       0.000    
   172800.   42.70415690   22.9887   0.000       0.000      0.2755E-03  0.2707E-08-0.2251E-02 0.1975E-02  0.000      0.000      0.000      0.000       0.000       0.000       0.000       0.000       0.000       0.000    
   190080.   42.70415690   22.9435   0.000       0.000      0.2745E-03  0.1658E-08-0.2244E-02 0.1969E-02  0.000      0.000      0.000      0.000       0.000       0.000       0.000       0.000       0.000       0.000    
   207360.   42.70415690   22.8985   0.000       0.000      0.2736E-03  0.1681E-08-0.2236E-02 0.1963E-02  0.000      0.000      0.000      0.000       0.000       0.000       0.000       0.000       0.000       0.000    
   224640.   42.70415690   22.8536   0.000       0.000      0.2726E-03  0.1665E-08-0.2229E-02 0.1956E-02  0.000      0.000      0.000      0.000       0.000       0.000       0.000       0.000       0.000       0.000    
   241920.   42.70415690   22.8090   0.000       0.000      0.2717E-03  0.1650E-08-0.2221E-02 0.1949E-02  0.000      0.000      0.000      0.000       0.000       0.000       0.000       0.000       0.000       0.000    
   259200.   42.70415690   22.7647   0.000       0.000      0.2707E-03  0.1635E-08-0.2214E-02 0.1943E-02  0.000      0.000      0.000      0.000       0.000       0.000       0.000       0.000       0.000       0.000    
   276480.   42.70415690   22.7277   0.000       0.000      0.2699E-03  0.1348E-08-0.2207E-02 0.1937E-02  0.000      0.000      0.000      0.000       0.000       0.000       0.000       0.000       0.000       0.000    
   293760.   42.70415690   22.6909   0.000       0.000      0.2692E-03  0.1347E-08-0.2201E-02 0.1932E-02  0.000      0.000      0.000      0.000       0.000       0.000       0.000       0.000       0.000       0.000    
   311040.   42.70415690   22.6543   0.000       0.000      0.2684E-03  0.1336E-08-0.2195E-02 0.1927E-02  0.000      0.000      0.000      0.000       0.000       0.000       0.000       0.000       0.000       0.000    
   328320.   42.70415690   22.6179   0.000       0.000      0.2676E-03  0.1325E-08-0.2189E-02 0.1921E-02  0.000      0.000      0.000      0.000       0.000       0.000       0.000       0.000       0.000       0.000    
   345600.   42.70415690   22.5817   0.000       0.000      0.2668E-03  0.1314E-08-0.2182E-02 0.1916E-02  0.000      0.000      0.000      0.000       0.000       0.000       0.000       0.000       0.000       0.000    
   362880.   42.70415690   22.5792   0.000       0.000      0.2668E-03  0.5320E-10-0.2183E-02 0.1916E-02  0.000      0.000      0.000      0.000       0.000       0.000       0.000       0.000       0.000       0.000    
   380160.   42.70415690   22.5767   0.000       0.000      0.2667E-03  0.1020E-09-0.2182E-02 0.1915E-02  0.000      0.000      0.000      0.000       0.000       0.000       0.000       0.000       0.000       0.000    
   397440.   42.70415690   22.5741   0.000       0.000      0.2667E-03  0.1036E-09-0.2182E-02 0.1915E-02  0.000      0.000      0.000      0.000       0.000       0.000       0.000       0.000       0.000       0.000    
   414720.   42.70415690   22.5714   0.000       0.000      0.2666E-03  0.1046E-09-0.2181E-02 0.1915E-02  0.000      0.000      0.000      0.000       0.000       0.000       0.000       0.000       0.000       0.000    
   432000.   42.70415690   22.5688   0.000       0.000      0.2666E-03  0.1054E-09-0.2181E-02 0.1914E-02  0.000      0.000      0.000      0.000       0.000       0.000       0.000       0.000       0.000       0.000    
   449280.   42.70415690   22.5916   0.000       0.000      0.2671E-03 -0.8450E-09-0.2185E-02 0.1918E-02  0.000      0.000      0.000      0.000       0.000       0.000       0.000       0.000       0.000       0.000    
   466560.   42.70415690   22.6142   0.000       0.000      0.2675E-03 -0.8031E-09-0.2189E-02 0.1921E-02  0.000      0.000      0.000      0.000       0.000       0.000       0.000       0.000       0.000       0.000    
   483840.   42.70415690   22.6367   0.000       0.000      0.2680E-03 -0.7972E-09-0.2193E-02 0.1925E-02  0.000      0.000      0.000      0.000       0.000       0.000       0.000       0.000       0.000       0.000    
   501120.   42.70415690   22.6589   0.000       0.000      0.2685E-03 -0.7918E-09-0.2196E-02 0.1928E-02  0.000      0.000      0.000      0.000       0.000       0.000       0.000       0.000       0.000       0.000    
   518400.   42.70415690   22.6810   0.000       0.000      0.2689E-03 -0.7867E-09-0.2200E-02 0.1931E-02  0.000      0.000      0.000      0.000       0.000       0.000       0.000       0.000       0.000       0.000    
   535680.   42.70415690   22.6831   0.000       0.000      0.2690E-03 -0.3903E-10-0.2200E-02 0.1931E-02  0.000      0.000      0.000      0.000       0.000       0.000       0.000       0.000       0.000       0.000    
   552960.   42.70415690   22.6853   0.000       0.000      0.2690E-03 -0.6620E-10-0.2200E-02 0.1931E-02  0.000      0.000      0.000      0.000       0.000       0.000       0.000       0.000       0.000       0.000    
   570240.   42.70415690   22.6874   0.000       0.000      0.2691E-03 -0.6544E-10-0.2201E-02 0.1932E-02  0.000      0.000      0.000      0.000       0.000       0.000       0.000       0.000       0.000       0.000    
   587520.   42.70415690   22.6894   0.000       0.000      0.2691E-03 -0.6451E-10-0.2201E-02 0.1932E-02  0.000      0.000      0.000      0.000       0.000       0.000       0.000       0.000       0.000       0.000    
   604800.   42.70415690   22.6915   0.000       0.000      0.2692E-03 -0.6356E-10-0.2201E-02 0.1932E-02  0.000      0.000      0.000      0.000       0.000       0.000       0.000       0.000       0.000       0.000    
   622080.   42.70415690   22.7004   0.000       0.000      0.2694E-03 -0.3256E-09-0.2203E-02 0.1934E-02  0.000      0.000      0.000      0.000       0.000       0.000       0.000       0.000       0.000       0.000    
   639360.   42.70415690   22.7093   0.000       0.000      0.2695E-03 -0.3131E-09-0.2204E-02 0.1935E-02  0.000      0.000      0.000      0.000       0.000       0.000       0.000       0.000       0.000       0.000    
   656640.   42.70415690   22.7181   0.000       0.000      0.2697E-03 -0.3105E-09-0.2206E-02 0.1936E-02  0.000      0.000      0.000      0.000       0.000       0.000       0.000       0.000       0.000       0.000    
   673920.   42.70415690   22.7268   0.000       0.000      0.2699E-03 -0.3081E-09-0.2207E-02 0.1937E-02  0.000      0.000      0.000      0.000       0.000       0.000       0.000       0.000       0.000       0.000    
   691200.   42.70415690   22.7354   0.000       0.000      0.2701E-03 -0.3057E-09-0.2209E-02 0.1939E-02  0.000      0.000      0.000      0.000       0.000       0.000       0.000       0.000       0.000       0.000    
   708480.   42.70415690   22.8125   0.000       0.000      0.2717E-03 -0.2901E-08-0.2223E-02 0.1951E-02  0.000      0.000      0.000      0.000       0.000       0.000       0.000       0.000       0.000       0.000    
   725760.   42.70415690   22.8890   0.000       0.000      0.2734E-03 -0.2799E-08-0.2236E-02 0.1963E-02  0.000      0.000      0.000      0.000       0.000       0.000       0.000       0.000       0.000       0.000    
   743040.   42.70415690   22.9649   0.000       0.000      0.2750E-03 -0.2794E-08-0.2249E-02 0.1974E-02  0.000      0.000      0.000      0.000       0.000       0.000       0.000       0.000       0.000       0.000    
   760320.   42.70415690   23.0403   0.000       0.000      0.2766E-03 -0.2790E-08-0.2262E-02 0.1985E-02  0.000      0.000      0.000      0.000       0.000       0.000       0.000       0.000       0.000       0.000    
   777600.   42.70415690   23.1152   0.000       0.000      0.2782E-03 -0.2787E-08-0.2275E-02 0.1996E-02  0.000      0.000      0.000      0.000       0.000       0.000       0.000       0.000       0.000       0.000    
   794880.   42.70415690   23.2508   0.000       0.000      0.2810E-03 -0.5181E-08-0.2299E-02 0.2018E-02  0.000      0.000      0.000      0.000       0.000       0.000       0.000       0.000       0.000       0.000    
   812160.   42.70415690   23.3855   0.000       0.000      0.2839E-03 -0.5107E-08-0.2322E-02 0.2038E-02  0.000      0.000      0.000      0.000       0.000       0.000       0.000       0.000       0.000       0.000    
   829440.   42.70415690   23.5192   0.000       0.000      0.2867E-03 -0.5122E-08-0.2344E-02 0.2058E-02  0.000      0.000      0.000      0.000       0.000       0.000       0.000       0.000       0.000       0.000    
   846720.   42.70415690   23.6520   0.000       0.000      0.2895E-03 -0.5137E-08-0.2367E-02 0.2078E-02  0.000      0.000      0.000      0.000       0.000       0.000       0.000       0.000       0.000       0.000    
   864000.   42.70415690   23.7840   0.000       0.000      0.2923E-03 -0.5152E-08-0.2390E-02 0.2097E-02  0.000      0.000      0.000      0.000       0.000       0.000       0.000       0.000       0.000       0.000    
   881280.   42.70415690   23.8610   0.000       0.000      0.2940E-03 -0.2941E-08-0.2402E-02 0.2108E-02  0.000      0.000      0.000      0.000       0.000       0.000       0.000       0.000       0.000       0.000    
   898560.   42.70415690   23.9375   0.000       0.000      0.2956E-03 -0.3023E-08-0.2415E-02 0.2119E-02  0.000      0.000      0.000      0.000       0.000       0.000       0.000       0.000       0.000       0.000    
   915840.   42.70415690   24.0136   0.000       0.000      0.2972E-03 -0.3022E-08-0.2428E-02 0.2131E-02  0.000      0.000      0.000      0.000       0.000       0.000       0.000       0.000       0.000       0.000    
   933120.   42.70415690   24.0891   0.000       0.000      0.2988E-03 -0.3020E-08-0.2441E-02 0.2142E-02  0.000      0.000      0.000      0.000       0.000       0.000       0.000       0.000       0.000       0.000    
   950400.   42.70415690   24.1642   0.000       0.000      0.3004E-03 -0.3018E-08-0.2454E-02 0.2153E-02  0.000      0.000      0.000      0.000       0.000       0.000       0.000       0.000       0.000       0.000    
   967680.   42.70415690   24.3105   0.000       0.000      0.3035E-03 -0.6045E-08-0.2480E-02 0.2176E-02  0.000      0.000      0.000      0.000       0.000       0.000       0.000       0.000       0.000       0.000    
   984960.   42.70415690   24.4557   0.000       0.000      0.3066E-03 -0.5953E-08-0.2504E-02 0.2198E-02  0.000      0.000      0.000      0.000       0.000       0.000       0.000       0.000       0.000       0.000    
  1002240.   42.70415690   24.6000   0.000       0.000      0.3096E-03 -0.5973E-08-0.2529E-02 0.2219E-02  0.000      0.000      0.000      0.000       0.000       0.000       0.000       0.000       0.000       0.000    
  1019520.   42.70415690   24.7434   0.000       0.000      0.3127E-03 -0.5992E-08-0.2554E-02 0.2241E-02  0.000      0.000      0.000      0.000       0.000       0.000       0.000       0.000       0.000       0.000    
  1036800.   42.70415690   24.8859   0.000       0.000      0.3157E-03 -0.6012E-08-0.2578E-02 0.2262E-02  0.000      0.000      0.000      0.000       0.000       0.000       0.000       0.000       0.000       0.000    
  1054080.   42.70415690   25.1308   0.000       0.000      0.3209E-03 -0.1064E-07-0.2621E-02 0.2301E-02  0.000      0.000      0.000      0.000       0.000       0.000       0.000       0.000       0.000       0.000    
  1071360.   42.70415690   25.3740   0.000       0.000      0.3260E-03 -0.1057E-07-0.2663E-02 0.2337E-02  0.000      0.000      0.000      0.000       0.000       0.000       0.000       0.000       0.000       0.000    
  1088640.   42.70415690   25.6140   0.000       0.000      0.3311E-03 -0.3318E-07-0.3049E-02 0.2718E-02  0.000      0.000      0.000      0.000       0.000       0.000       0.000       0.000       0.000       0.000    
  1105920.   42.70415690   25.8516   0.000       0.000      0.3362E-03 -0.1137E-07-0.3094E-02 0.2758E-02  0.000      0.000      0.000      0.000       0.000       0.000       0.000       0.000       0.000       0.000    
  1123200.   42.70415690   26.0875   0.000       0.000      0.3412E-03 -0.1145E-07-0.3139E-02 0.2797E-02  0.000      0.000      0.000      0.000       0.000       0.000       0.000       0.000       0.000       0.000    
  1140480.   42.70415690   26.1338   0.000       0.000      0.3422E-03 -0.1966E-08-0.3144E-02 0.2802E-02  0.000      0.000      0.000      0.000       0.000       0.000       0.000       0.000       0.000       0.000    
  1157760.   42.70415690   26.1801   0.000       0.000      0.3431E-03 -0.2313E-08-0.3153E-02 0.2810E-02  0.000      0.000      0.000      0.000       0.000       0.000       0.000       0.000       0.000       0.000    
  1175040.   42.70415690   26.2262   0.000       0.000      0.3441E-03 -0.2316E-08-0.3162E-02 0.2818E-02  0.000      0.000      0.000      0.000       0.000       0.000       0.000       0.000       0.000       0.000    
  1192320.   42.70415690   26.2722   0.000       0.000      0.3451E-03 -0.2316E-08-0.3171E-02 0.2826E-02  0.000      0.000      0.000      0.000       0.000       0.000       0.000       0.000       0.000       0.000    
  1209600.   42.70415690   26.3181   0.000       0.000      0.3461E-03 -0.2314E-08-0.3180E-02 0.2834E-02  0.000      0.000      0.000      0.000       0.000       0.000       0.000       0.000       0.000       0.000    
  1226880.   42.70415690   26.2945   0.000       0.000      0.3456E-03  0.1240E-08-0.3174E-02 0.2828E-02  0.000      0.000      0.000      0.000       0.000       0.000       0.000       0.000       0.000       0.000    
  1244160.   42.70415690   26.2712   0.000       0.000      0.3451E-03  0.1096E-08-0.3170E-02 0.2825E-02  0.000      0.000      0.000      0.000       0.000       0.000       0.000       0.000       0.000       0.000    
  1261440.   42.70415690   26.2483   0.000       0.000      0.3446E-03  0.1080E-08-0.3165E-02 0.2821E-02  0.000      0.000      0.000      0.000       0.000       0.000       0.000       0.000       0.000       0.000    
  1278720.   42.70415690   26.2256   0.000       0.000      0.3441E-03  0.1065E-08-0.3161E-02 0.2817E-02  0.000      0.000      0.000      0.000       0.000       0.000       0.000       0.000       0.000       0.000    
  1296000.   42.70415690   26.2032   0.000       0.000      0.3436E-03  0.1051E-08-0.3157E-02 0.2813E-02  0.000      0.000      0.000      0.000       0.000       0.000       0.000       0.000       0.000       0.000    
  1313280.   42.70415690   26.1591   0.000       0.000      0.3427E-03  0.2154E-08-0.3148E-02 0.2806E-02  0.000      0.000      0.000      0.000       0.000       0.000       0.000       0.000       0.000       0.000    
  1330560.   42.70415690   26.1154   0.000       0.000      0.3418E-03  0.2089E-08-0.3140E-02 0.2798E-02  0.000      0.000      0.000      0.000       0.000       0.000       0.000       0.000       0.000       0.000    
  1347840.   42.70415690   26.0721   0.000       0.000      0.3408E-03  0.2065E-08-0.3132E-02 0.2791E-02  0.000      0.000      0.000      0.000       0.000       0.000       0.000       0.000       0.000       0.000    
  1365120.   42.70415690   26.0292   0.000       0.000      0.3399E-03  0.2042E-08-0.3124E-02 0.2784E-02  0.000      0.000      0.000      0.000       0.000       0.000       0.000       0.000       0.000       0.000    
  1382400.   42.70415690   25.9866   0.000       0.000      0.3390E-03  0.2020E-08-0.3116E-02 0.2777E-02  0.000      0.000      0.000      0.000       0.000       0.000       0.000       0.000       0.000       0.000    
  1399680.   42.70415690   25.9305   0.000       0.000      0.3378E-03  0.2697E-08-0.3105E-02 0.2767E-02  0.000      0.000      0.000      0.000       0.000       0.000       0.000       0.000       0.000       0.000    
  1416960.   42.70415690   25.8749   0.000       0.000      0.3367E-03  0.2642E-08-0.3094E-02 0.2758E-02  0.000      0.000      0.000      0.000       0.000       0.000       0.000       0.000       0.000       0.000    
  1434240.   42.70415690   25.8198   0.000       0.000      0.3355E-03  0.2612E-08-0.3084E-02 0.2748E-02  0.000      0.000      0.000      0.000       0.000       0.000       0.000       0.000       0.000       0.000    
  1451520.   42.70415690   25.7650   0.000       0.000      0.3343E-03  0.2584E-08-0.3073E-02 0.2739E-02  0.000      0.000      0.000      0.000       0.000       0.000       0.000       0.000       0.000       0.000    
  1468800.   42.70415690   25.7108   0.000       0.000      0.3332E-03  0.2556E-08-0.3063E-02 0.2730E-02  0.000      0.000      0.000      0.000       0.000       0.000       0.000       0.000       0.000       0.000    
  1486080.   42.70415690   25.6461   0.000       0.000      0.3318E-03  0.3063E-08-0.3051E-02 0.2719E-02  0.000      0.000      0.000      0.000       0.000       0.000       0.000       0.000       0.000       0.000    
  1503360.   42.70415690   25.5819   0.000       0.000      0.3304E-03  0.3009E-08-0.3038E-02 0.2708E-02  0.000      0.000      0.000      0.000       0.000       0.000       0.000       0.000       0.000       0.000    
  1520640.   42.70415690   25.5182   0.000       0.000      0.3291E-03  0.2975E-08-0.3026E-02 0.2697E-02  0.000      0.000      0.000      0.000       0.000       0.000       0.000       0.000       0.000       0.000    
  1537920.   42.70415690   25.4549   0.000       0.000      0.3278E-03  0.2942E-08-0.3014E-02 0.2686E-02  0.000      0.000      0.000      0.000       0.000       0.000       0.000       0.000       0.000       0.000    
  1555200.   42.70415690   25.3922   0.000       0.000      0.3264E-03  0.2910E-08-0.3002E-02 0.2676E-02  0.000      0.000      0.000      0.000       0.000       0.000       0.000       0.000       0.000       0.000    
  1572480.   42.70415690   25.3226   0.000       0.000      0.3250E-03  0.3229E-08-0.2989E-02 0.2664E-02  0.000      0.000      0.000      0.000       0.000       0.000       0.000       0.000       0.000       0.000    
  1589760.   42.70415690   25.2536   0.000       0.000      0.3235E-03  0.3180E-08-0.2975E-02 0.2652E-02  0.000      0.000      0.000      0.000       0.000       0.000       0.000       0.000       0.000       0.000    
  1607040.   42.70415690   25.1867   0.000       0.000      0.3221E-03  0.2449E-07-0.2626E-02 0.2304E-02  0.000      0.000      0.000      0.000       0.000       0.000       0.000       0.000       0.000       0.000    
  1624320.   42.70415690   25.1210   0.000       0.000      0.3207E-03  0.2875E-08-0.2616E-02 0.2295E-02  0.000      0.000      0.000      0.000       0.000       0.000       0.000       0.000       0.000       0.000    
  1641600.   42.70415690   25.0561   0.000       0.000      0.3193E-03  0.2823E-08-0.2605E-02 0.2286E-02  0.000      0.000      0.000      0.000       0.000       0.000       0.000       0.000       0.000       0.000    
  1658880.   42.70415690   24.9897   0.000       0.000      0.3179E-03  0.2875E-08-0.2594E-02 0.2276E-02  0.000      0.000      0.000      0.000       0.000       0.000       0.000       0.000       0.000       0.000    
  1676160.   42.70415690   24.9237   0.000       0.000      0.3165E-03  0.2842E-08-0.2583E-02 0.2266E-02  0.000      0.000      0.000      0.000       0.000       0.000       0.000       0.000       0.000       0.000    
  1693440.   42.70415690   24.8580   0.000       0.000      0.3151E-03  0.2812E-08-0.2572E-02 0.2256E-02  0.000      0.000      0.000      0.000       0.000       0.000       0.000       0.000       0.000       0.000    
  1710720.   42.70415690   24.7926   0.000       0.000      0.3137E-03  0.2782E-08-0.2560E-02 0.2247E-02  0.000      0.000      0.000      0.000       0.000       0.000       0.000       0.000       0.000       0.000    
  1728000.   42.70415690   24.7276   0.000       0.000      0.3123E-03  0.2753E-08-0.2549E-02 0.2237E-02  0.000      0.000      0.000      0.000       0.000       0.000       0.000       0.000       0.000       0.000    
  1745280.   42.70415690   24.6646   0.000       0.000      0.3110E-03  0.2656E-08-0.2539E-02 0.2228E-02  0.000      0.000      0.000      0.000       0.000       0.000       0.000       0.000       0.000       0.000    
  1762560.   42.70415690   24.6019   0.000       0.000      0.3097E-03  0.2631E-08-0.2528E-02 0.2218E-02  0.000      0.000      0.000      0.000       0.000       0.000       0.000       0.000       0.000       0.000    
  1779840.   42.70415690   24.5395   0.000       0.000      0.3084E-03  0.2603E-08-0.2517E-02 0.2209E-02  0.000      0.000      0.000      0.000       0.000       0.000       0.000       0.000       0.000       0.000    
  1797120.   42.70415690   24.4775   0.000       0.000      0.3070E-03  0.2576E-08-0.2507E-02 0.2200E-02  0.000      0.000      0.000      0.000       0.000       0.000       0.000       0.000       0.000       0.000    
  1814400.   42.70415690   24.4159   0.000       0.000      0.3057E-03  0.2550E-08-0.2496E-02 0.2191E-02  0.000      0.000      0.000      0.000       0.000       0.000       0.000       0.000       0.000       0.000    
  1831680.   42.70415690   24.3509   0.000       0.000      0.3044E-03  0.2682E-08-0.2485E-02 0.2181E-02  0.000      0.000      0.000      0.000       0.000       0.000       0.000       0.000       0.000       0.000    
  1848960.   42.70415690   24.2863   0.000       0.000      0.3030E-03  0.2648E-08-0.2474E-02 0.2171E-02  0.000      0.000      0.000      0.000       0.000       0.000       0.000       0.000       0.000       0.000    
  1866240.   42.70415690   24.2220   0.000       0.000      0.3016E-03  0.2620E-08-0.2463E-02 0.2162E-02  0.000      0.000      0.000      0.000       0.000       0.000       0.000       0.000       0.000       0.000    
  1883520.   42.70415690   24.1582   0.000       0.000      0.3003E-03  0.2593E-08-0.2452E-02 0.2152E-02  0.000      0.000      0.000      0.000       0.000       0.000       0.000       0.000       0.000       0.000    
  1900800.   42.70415690   24.0947   0.000       0.000      0.2989E-03  0.2566E-08-0.2441E-02 0.2143E-02  0.000      0.000      0.000      0.000       0.000       0.000       0.000       0.000       0.000       0.000    
  1918080.   42.70415690   24.0290   0.000       0.000      0.2975E-03  0.2651E-08-0.2430E-02 0.2133E-02  0.000      0.000      0.000      0.000       0.000       0.000       0.000       0.000       0.000       0.000    
  1935360.   42.70415690   23.9636   0.000       0.000      0.2961E-03  0.2619E-08-0.2419E-02 0.2123E-02  0.000      0.000      0.000      0.000       0.000       0.000       0.000       0.000       0.000       0.000    
  1952640.   42.70415690   23.8986   0.000       0.000      0.2948E-03  0.2591E-08-0.2408E-02 0.2113E-02  0.000      0.000      0.000      0.000       0.000       0.000       0.000       0.000       0.000       0.000    
  1969920.   42.70415690   23.8340   0.000       0.000      0.2934E-03  0.2564E-08-0.2397E-02 0.2103E-02  0.000      0.000      0.000      0.000       0.000       0.000       0.000       0.000       0.000       0.000    
  1987200.   42.70415690   23.7698   0.000       0.000      0.2920E-03  0.2537E-08-0.2386E-02 0.2094E-02  0.000      0.000      0.000      0.000       0.000       0.000       0.000       0.000       0.000       0.000    
  2004480.   42.70415690   23.7073   0.000       0.000      0.2907E-03  0.2459E-08-0.2375E-02 0.2085E-02  0.000      0.000      0.000      0.000       0.000       0.000       0.000       0.000       0.000       0.000    
  2021760.   42.70415690   23.6451   0.000       0.000      0.2894E-03  0.2436E-08-0.2365E-02 0.2075E-02  0.000      0.000      0.000      0.000       0.000       0.000       0.000       0.000       0.000       0.000    
  2039040.   42.70415690   23.5832   0.000       0.000      0.2881E-03  0.2411E-08-0.2354E-02 0.2066E-02  0.000      0.000      0.000      0.000       0.000       0.000       0.000       0.000       0.000       0.000    
  2056320.   42.70415690   23.5218   0.000       0.000      0.2868E-03  0.2386E-08-0.2344E-02 0.2057E-02  0.000      0.000      0.000      0.000       0.000       0.000       0.000       0.000       0.000       0.000    
  2073600.   42.70415690   23.4607   0.000       0.000      0.2855E-03  0.2362E-08-0.2333E-02 0.2048E-02  0.000      0.000      0.000      0.000       0.000       0.000       0.000       0.000       0.000       0.000    
  2090880.   42.70415690   23.3971   0.000       0.000      0.2841E-03  0.2452E-08-0.2322E-02 0.2038E-02  0.000      0.000      0.000      0.000       0.000       0.000       0.000       0.000       0.000       0.000    
  2108160.   42.70415690   23.3338   0.000       0.000      0.2828E-03  0.2422E-08-0.2311E-02 0.2029E-02  0.000      0.000      0.000      0.000       0.000       0.000       0.000       0.000       0.000       0.000    
  2125440.   42.70415690   23.2709   0.000       0.000      0.2815E-03  0.2397E-08-0.2301E-02 0.2019E-02  0.000      0.000      0.000      0.000       0.000       0.000       0.000       0.000       0.000       0.000    
  2142720.   42.70415690   23.2085   0.000       0.000      0.2801E-03  0.2372E-08-0.2290E-02 0.2010E-02  0.000      0.000      0.000      0.000       0.000       0.000       0.000       0.000       0.000       0.000    
  2160000.   42.70415690   23.1463   0.000       0.000      0.2788E-03  0.2347E-08-0.2279E-02 0.2000E-02  0.000      0.000      0.000      0.000       0.000       0.000       0.000       0.000       0.000       0.000    
  2177280.   42.70415690   23.0825   0.000       0.000      0.2775E-03  0.2401E-08-0.2268E-02 0.1991E-02  0.000      0.000      0.000      0.000       0.000       0.000       0.000       0.000       0.000       0.000    
  2194560.   42.70415690   23.0191   0.000       0.000      0.2761E-03  0.2373E-08-0.2257E-02 0.1981E-02  0.000      0.000      0.000      0.000       0.000       0.000       0.000       0.000       0.000       0.000    
  2211840.   42.70415690   22.9561   0.000       0.000      0.2748E-03  0.2348E-08-0.2247E-02 0.1972E-02  0.000      0.000      0.000      0.000       0.000       0.000       0.000       0.000       0.000       0.000    
  2229120.   42.70415690   22.8934   0.000       0.000      0.2735E-03  0.2323E-08-0.2236E-02 0.1962E-02  0.000      0.000      0.000      0.000       0.000       0.000       0.000       0.000       0.000       0.000    
  2246400.   42.70415690   22.8311   0.000       0.000      0.2721E-03  0.2298E-08-0.2225E-02 0.1953E-02  0.000      0.000      0.000      0.000       0.000       0.000       0.000       0.000       0.000       0.000    
  2263680.   42.70415690   22.7671   0.000       0.000      0.2708E-03  0.2352E-08-0.2214E-02 0.1943E-02  0.000      0.000      0.000      0.000       0.000       0.000       0.000       0.000       0.000       0.000    
  2280960.   42.70415690   22.7035   0.000       0.000      0.2694E-03  0.2324E-08-0.2203E-02 0.1934E-02  0.000      0.000      0.000      0.000       0.000       0.000       0.000       0.000       0.000       0.000    
  2298240.   42.70415690   22.6402   0.000       0.000      0.2681E-03  0.2299E-08-0.2193E-02 0.1924E-02  0.000      0.000      0.000      0.000       0.000       0.000       0.000       0.000       0.000       0.000    
  2315520.   42.70415690   22.5774   0.000       0.000      0.2668E-03  0.2275E-08-0.2182E-02 0.1915E-02  0.000      0.000      0.000      0.000       0.000       0.000       0.000       0.000       0.000       0.000    
  2332800.   42.70415690   22.5149   0.000       0.000      0.2654E-03  0.2251E-08-0.2171E-02 0.1906E-02  0.000      0.000      0.000      0.000       0.000       0.000       0.000       0.000       0.000       0.000    
  2350080.   42.70415690   22.4514   0.000       0.000      0.2641E-03  0.2277E-08-0.2160E-02 0.1896E-02  0.000      0.000      0.000      0.000       0.000       0.000       0.000       0.000       0.000       0.000    
  2367360.   42.70415690   22.3882   0.000       0.000      0.2627E-03  0.2250E-08-0.2149E-02 0.1887E-02  0.000      0.000      0.000      0.000       0.000       0.000       0.000       0.000       0.000       0.000    
  2384640.   42.70415690   22.3255   0.000       0.000      0.2614E-03  0.2226E-08-0.2139E-02 0.1877E-02  0.000      0.000      0.000      0.000       0.000       0.000       0.000       0.000       0.000       0.000    
  2401920.   42.70415690   22.2631   0.000       0.000      0.2601E-03  0.2202E-08-0.2128E-02 0.1868E-02  0.000      0.000      0.000      0.000       0.000       0.000       0.000       0.000       0.000       0.000    
  2419200.   42.70415690   22.2010   0.000       0.000      0.2588E-03  0.2179E-08-0.2117E-02 0.1859E-02  0.000      0.000      0.000      0.000       0.000       0.000       0.000       0.000       0.000       0.000    
  2436480.   42.70415690   22.1508   0.000       0.000      0.2577E-03  0.1742E-08-0.2109E-02 0.1851E-02  0.000      0.000      0.000      0.000       0.000       0.000       0.000       0.000       0.000       0.000    
  2453760.   42.70415690   22.1009   0.000       0.000      0.2566E-03  0.1741E-08-0.2100E-02 0.1844E-02  0.000      0.000      0.000      0.000       0.000       0.000       0.000       0.000       0.000       0.000    
  2471040.   42.70415690   22.0513   0.000       0.000      0.2556E-03  0.1725E-08-0.2092E-02 0.1836E-02  0.000      0.000      0.000      0.000       0.000       0.000       0.000       0.000       0.000       0.000    
  2488320.   42.70415690   22.0019   0.000       0.000      0.2545E-03  0.1708E-08-0.2083E-02 0.1829E-02  0.000      0.000      0.000      0.000       0.000       0.000       0.000       0.000       0.000       0.000    
  2505600.   42.70415690   21.9528   0.000       0.000      0.2535E-03  0.1692E-08-0.2075E-02 0.1821E-02  0.000      0.000      0.000      0.000       0.000       0.000       0.000       0.000       0.000       0.000    
  2522880.   42.70415690   21.9035   0.000       0.000      0.2525E-03  0.1691E-08-0.2066E-02 0.1814E-02  0.000      0.000      0.000      0.000       0.000       0.000       0.000       0.000       0.000       0.000    
  2540160.   42.70415690   21.8546   0.000       0.000      0.2514E-03  0.1674E-08-0.2058E-02 0.1807E-02  0.000      0.000      0.000      0.000       0.000       0.000       0.000       0.000       0.000       0.000    
  2557440.   42.70415690   21.8059   0.000       0.000      0.2504E-03  0.1658E-08-0.2050E-02 0.1799E-02  0.000      0.000      0.000      0.000       0.000       0.000       0.000       0.000       0.000       0.000    
  2574720.   42.70415690   21.7575   0.000       0.000      0.2494E-03  0.1642E-08-0.2041E-02 0.1792E-02  0.000      0.000      0.000      0.000       0.000       0.000       0.000       0.000       0.000       0.000    
  2592000.   42.70415690   21.7093   0.000       0.000      0.2483E-03  0.1627E-08-0.2033E-02 0.1785E-02  0.000      0.000      0.000      0.000       0.000       0.000       0.000       0.000       0.000       0.000    
  2609280.   42.70415690   21.7064   0.000       0.000      0.2483E-03  0.4871E-10-0.2033E-02 0.1785E-02  0.000      0.000      0.000      0.000       0.000       0.000       0.000       0.000       0.000       0.000    
  2626560.   42.70415690   21.7035   0.000       0.000      0.2482E-03  0.1106E-09-0.2033E-02 0.1785E-02  0.000      0.000      0.000      0.000       0.000       0.000       0.000       0.000       0.000       0.000    
  2643840.   42.70415690   21.7004   0.000       0.000      0.2482E-03  0.1129E-09-0.2032E-02 0.1784E-02  0.000      0.000      0.000      0.000       0.000       0.000       0.000       0.000       0.000       0.000    
  2661120.   42.70415690   21.6974   0.000       0.000      0.2481E-03  0.1145E-09-0.2032E-02 0.1784E-02  0.000      0.000      0.000      0.000       0.000       0.000       0.000       0.000       0.000       0.000    
  2678400.   42.70415690   21.6944   0.000       0.000      0.2480E-03  0.1158E-09-0.2031E-02 0.1783E-02  0.000      0.000      0.000      0.000       0.000       0.000       0.000       0.000       0.000       0.000    
  2695680.   42.70415690   21.8153   0.000       0.000      0.2506E-03 -0.4217E-08-0.2054E-02 0.1803E-02  0.000      0.000      0.000      0.000       0.000       0.000       0.000       0.000       0.000       0.000    
  2712960.   42.70415690   21.9353   0.000       0.000      0.2531E-03 -0.4060E-08-0.2074E-02 0.1821E-02  0.000      0.000      0.000      0.000       0.000       0.000       0.000       0.000       0.000       0.000    
  2730240.   42.70415690   22.0544   0.000       0.000      0.2557E-03 -0.4068E-08-0.2094E-02 0.1839E-02  0.000      0.000      0.000      0.000       0.000       0.000       0.000       0.000       0.000       0.000    
  2747520.   42.70415690   22.1727   0.000       0.000      0.2582E-03 -0.4077E-08-0.2114E-02 0.1856E-02  0.000      0.000      0.000      0.000       0.000       0.000       0.000       0.000       0.000       0.000    
  2764800.   42.70415690   22.2902   0.000       0.000      0.2607E-03 -0.4086E-08-0.2134E-02 0.1874E-02  0.000      0.000      0.000      0.000       0.000       0.000       0.000       0.000       0.000       0.000    
  2782080.   42.70415690   22.5838   0.000       0.000      0.2669E-03 -0.1066E-07-0.2187E-02 0.1921E-02  0.000      0.000      0.000      0.000       0.000       0.000       0.000       0.000       0.000       0.000    
  2799360.   42.70415690   22.8752   0.000       0.000      0.2731E-03 -0.1058E-07-0.2237E-02 0.1964E-02  0.000      0.000      0.000      0.000       0.000       0.000       0.000       0.000       0.000       0.000    
  2816640.   42.70415690   23.1647   0.000       0.000      0.2792E-03 -0.1074E-07-0.2286E-02 0.2007E-02  0.000      0.000      0.000      0.000       0.000       0.000       0.000       0.000       0.000       0.000    
  2833920.   42.70415690   23.4523   0.000       0.000      0.2853E-03 -0.1090E-07-0.2335E-02 0.2050E-02  0.000      0.000      0.000      0.000       0.000       0.000       0.000       0.000       0.000       0.000    
  2851200.   42.70415690   23.7380   0.000       0.000      0.2914E-03 -0.1105E-07-0.2384E-02 0.2092E-02  0.000      0.000      0.000      0.000       0.000       0.000       0.000       0.000       0.000       0.000    
  2868480.   42.70415690   23.7433   0.000       0.000      0.2915E-03  0.2471E-09-0.2380E-02 0.2088E-02  0.000      0.000      0.000      0.000       0.000       0.000       0.000       0.000       0.000       0.000    
  2885760.   42.70415690   23.7488   0.000       0.000      0.2916E-03 -0.1857E-09-0.2381E-02 0.2089E-02  0.000      0.000      0.000      0.000       0.000       0.000       0.000       0.000       0.000       0.000    
  2903040.   42.70415690   23.7542   0.000       0.000      0.2917E-03 -0.1937E-09-0.2382E-02 0.2090E-02  0.000      0.000      0.000      0.000       0.000       0.000       0.000       0.000       0.000       0.000    
  2920320.   42.70415690   23.7596   0.000       0.000      0.2918E-03 -0.1981E-09-0.2383E-02 0.2091E-02  0.000      0.000      0.000      0.000       0.000       0.000       0.000       0.000       0.000       0.000    
  2937600.   42.70415690   23.7650   0.000       0.000      0.2919E-03 -0.2012E-09-0.2384E-02 0.2092E-02  0.000      0.000      0.000      0.000       0.000       0.000       0.000       0.000       0.000       0.000    
  2954880.   42.70415690   23.7884   0.000       0.000      0.2924E-03 -0.9428E-09-0.2388E-02 0.2096E-02  0.000      0.000      0.000      0.000       0.000       0.000       0.000       0.000       0.000       0.000    
  2972160.   42.70415690   23.8117   0.000       0.000      0.2929E-03 -0.9131E-09-0.2392E-02 0.2099E-02  0.000      0.000      0.000      0.000       0.000       0.000       0.000       0.000       0.000       0.000    
  2989440.   42.70415690   23.8348   0.000       0.000      0.2934E-03 -0.9108E-09-0.2396E-02 0.2103E-02  0.000      0.000      0.000      0.000       0.000       0.000       0.000       0.000       0.000       0.000    
  3006720.   42.70415690   23.8578   0.000       0.000      0.2939E-03 -0.9085E-09-0.2400E-02 0.2106E-02  0.000      0.000      0.000      0.000       0.000       0.000       0.000       0.000       0.000       0.000    
  3024000.   42.70415690   23.8806   0.000       0.000      0.2944E-03 -0.9061E-09-0.2404E-02 0.2110E-02  0.000      0.000      0.000      0.000       0.000       0.000       0.000       0.000       0.000       0.000    
  3041280.   42.70415690   23.9476   0.000       0.000      0.2958E-03 -0.2728E-08-0.2416E-02 0.2121E-02  0.000      0.000      0.000      0.000       0.000       0.000       0.000       0.000       0.000       0.000    
  3058560.   42.70415690   24.0140   0.000       0.000      0.2972E-03 -0.2655E-08-0.2428E-02 0.2131E-02  0.000      0.000      0.000      0.000       0.000       0.000       0.000       0.000       0.000       0.000    
  3075840.   42.70415690   24.0801   0.000       0.000      0.2986E-03 -0.2651E-08-0.2439E-02 0.2140E-02  0.000      0.000      0.000      0.000       0.000       0.000       0.000       0.000       0.000       0.000    
  3093120.   42.70415690   24.1457   0.000       0.000      0.3000E-03 -0.2647E-08-0.2450E-02 0.2150E-02  0.000      0.000      0.000      0.000       0.000       0.000       0.000       0.000       0.000       0.000    
  3110400.   42.70415690   24.2110   0.000       0.000      0.3014E-03 -0.2643E-08-0.2461E-02 0.2160E-02  0.000      0.000      0.000      0.000       0.000       0.000       0.000       0.000       0.000       0.000    
  3127680.   42.70415690   24.2037   0.000       0.000      0.3012E-03  0.4018E-09-0.2459E-02 0.2158E-02  0.000      0.000      0.000      0.000       0.000       0.000       0.000       0.000       0.000       0.000    
  3144960.   42.70415690   24.1965   0.000       0.000      0.3011E-03  0.2828E-09-0.2458E-02 0.2157E-02  0.000      0.000      0.000      0.000       0.000       0.000       0.000       0.000       0.000       0.000    
  3162240.   42.70415690   24.1894   0.000       0.000      0.3009E-03  0.2770E-09-0.2457E-02 0.2156E-02  0.000      0.000      0.000      0.000       0.000       0.000       0.000       0.000       0.000       0.000    
  3179520.   42.70415690   24.1824   0.000       0.000      0.3008E-03  0.2723E-09-0.2455E-02 0.2155E-02  0.000      0.000      0.000      0.000       0.000       0.000       0.000       0.000       0.000       0.000    
  3196800.   42.70415690   24.1755   0.000       0.000      0.3006E-03  0.2680E-09-0.2454E-02 0.2154E-02  0.000      0.000      0.000      0.000       0.000       0.000       0.000       0.000       0.000       0.000    
  3214080.   42.70415690   24.1373   0.000       0.000      0.2998E-03  0.1581E-08-0.2447E-02 0.2147E-02  0.000      0.000      0.000      0.000       0.000       0.000       0.000       0.000       0.000       0.000    
  3231360.   42.70415690   24.0993   0.000       0.000      0.2990E-03  0.1515E-08-0.2441E-02 0.2142E-02  0.000      0.000      0.000      0.000       0.000       0.000       0.000       0.000       0.000       0.000    
  3248640.   42.70415690   24.0617   0.000       0.000      0.2982E-03  0.1498E-08-0.2435E-02 0.2136E-02  0.000      0.000      0.000      0.000       0.000       0.000       0.000       0.000       0.000       0.000    
  3265920.   42.70415690   24.0243   0.000       0.000      0.2974E-03  0.1483E-08-0.2428E-02 0.2131E-02  0.000      0.000      0.000      0.000       0.000       0.000       0.000       0.000       0.000       0.000    
  3283200.   42.70415690   23.9872   0.000       0.000      0.2966E-03  0.1467E-08-0.2422E-02 0.2125E-02  0.000      0.000      0.000      0.000       0.000       0.000       0.000       0.000       0.000       0.000    
  3300480.   42.70415690   23.9664   0.000       0.000      0.2962E-03  0.7905E-09-0.2419E-02 0.2123E-02  0.000      0.000      0.000      0.000       0.000       0.000       0.000       0.000       0.000       0.000    
  3317760.   42.70415690   23.9457   0.000       0.000      0.2958E-03  0.8081E-09-0.2415E-02 0.2119E-02  0.000      0.000      0.000      0.000       0.000       0.000       0.000       0.000       0.000       0.000    
  3335040.   42.70415690   23.9252   0.000       0.000      0.2953E-03  0.8011E-09-0.2412E-02 0.2116E-02  0.000      0.000      0.000      0.000       0.000       0.000       0.000       0.000       0.000       0.000    
  3352320.   42.70415690   23.9049   0.000       0.000      0.2949E-03  0.7940E-09-0.2408E-02 0.2113E-02  0.000      0.000      0.000      0.000       0.000       0.000       0.000       0.000       0.000       0.000    
  3369600.   42.70415690   23.8847   0.000       0.000      0.2945E-03  0.7871E-09-0.2405E-02 0.2110E-02  0.000      0.000      0.000      0.000       0.000       0.000       0.000       0.000       0.000       0.000    
  3386880.   42.70415690   23.9010   0.000       0.000      0.2948E-03 -0.7106E-09-0.2408E-02 0.2114E-02  0.000      0.000      0.000      0.000       0.000       0.000       0.000       0.000       0.000       0.000    
  3404160.   42.70415690   23.9172   0.000       0.000      0.2952E-03 -0.6508E-09-0.2411E-02 0.2116E-02  0.000      0.000      0.000      0.000       0.000       0.000       0.000       0.000       0.000       0.000    
  3421440.   42.70415690   23.9332   0.000       0.000      0.2955E-03 -0.6467E-09-0.2414E-02 0.2118E-02  0.000      0.000      0.000      0.000       0.000       0.000       0.000       0.000       0.000       0.000    
  3438720.   42.70415690   23.9492   0.000       0.000      0.2958E-03 -0.6431E-09-0.2417E-02 0.2121E-02  0.000      0.000      0.000      0.000       0.000       0.000       0.000       0.000       0.000       0.000    
  3456000.   42.70415690   23.9651   0.000       0.000      0.2962E-03 -0.6396E-09-0.2419E-02 0.2123E-02  0.000      0.000      0.000      0.000       0.000       0.000       0.000       0.000       0.000       0.000    
  3473280.   42.70415690   24.0040   0.000       0.000      0.2970E-03 -0.1592E-08-0.2426E-02 0.2129E-02  0.000      0.000      0.000      0.000       0.000       0.000       0.000       0.000       0.000       0.000    
  3490560.   42.70415690   24.0426   0.000       0.000      0.2978E-03 -0.1550E-08-0.2433E-02 0.2135E-02  0.000      0.000      0.000      0.000       0.000       0.000       0.000       0.000       0.000       0.000    
  3507840.   42.70415690   24.0810   0.000       0.000      0.2986E-03 -0.1544E-08-0.2439E-02 0.2141E-02  0.000      0.000      0.000      0.000       0.000       0.000       0.000       0.000       0.000       0.000    
  3525120.   42.70415690   24.1192   0.000       0.000      0.2994E-03 -0.1538E-08-0.2446E-02 0.2146E-02  0.000      0.000      0.000      0.000       0.000       0.000       0.000       0.000       0.000       0.000    
  3542400.   42.70415690   24.1571   0.000       0.000      0.3002E-03 -0.1532E-08-0.2452E-02 0.2152E-02  0.000      0.000      0.000      0.000       0.000       0.000       0.000       0.000       0.000       0.000    
  3559680.   42.70415690   24.1748   0.000       0.000      0.3006E-03 -0.6866E-09-0.2455E-02 0.2154E-02  0.000      0.000      0.000      0.000       0.000       0.000       0.000       0.000       0.000       0.000    
  3576960.   42.70415690   24.1924   0.000       0.000      0.3010E-03 -0.7151E-09-0.2458E-02 0.2157E-02  0.000      0.000      0.000      0.000       0.000       0.000       0.000       0.000       0.000       0.000    
  3594240.   42.70415690   24.2099   0.000       0.000      0.3014E-03 -0.7124E-09-0.2461E-02 0.2160E-02  0.000      0.000      0.000      0.000       0.000       0.000       0.000       0.000       0.000       0.000    
  3611520.   42.70415690   24.2274   0.000       0.000      0.3017E-03 -0.7094E-09-0.2464E-02 0.2162E-02  0.000      0.000      0.000      0.000       0.000       0.000       0.000       0.000       0.000       0.000    
  3628800.   42.70415690   24.2447   0.000       0.000      0.3021E-03 -0.7065E-09-0.2467E-02 0.2165E-02  0.000      0.000      0.000      0.000       0.000       0.000       0.000       0.000       0.000       0.000    
  3646080.   42.70415690   24.2166   0.000       0.000      0.3015E-03  0.1208E-08-0.2461E-02 0.2160E-02  0.000      0.000      0.000      0.000       0.000       0.000       0.000       0.000       0.000       0.000    
  3663360.   42.70415690   24.1887   0.000       0.000      0.3009E-03  0.1125E-08-0.2457E-02 0.2156E-02  0.000      0.000      0.000      0.000       0.000       0.000       0.000       0.000       0.000       0.000    
  3680640.   42.70415690   24.1610   0.000       0.000      0.3003E-03  0.1114E-08-0.2452E-02 0.2152E-02  0.000      0.000      0.000      0.000       0.000       0.000       0.000       0.000       0.000       0.000    
  3697920.   42.70415690   24.1335   0.000       0.000      0.2997E-03  0.1103E-08-0.2447E-02 0.2148E-02  0.000      0.000      0.000      0.000       0.000       0.000       0.000       0.000       0.000       0.000    
  3715200.   42.70415690   24.1062   0.000       0.000      0.2992E-03  0.1092E-08-0.2443E-02 0.2144E-02  0.000      0.000      0.000      0.000       0.000       0.000       0.000       0.000       0.000       0.000    
  3732480.   42.70415690   24.0874   0.000       0.000      0.2988E-03  0.7347E-09-0.2440E-02 0.2141E-02  0.000      0.000      0.000      0.000       0.000       0.000       0.000       0.000       0.000       0.000    
  3749760.   42.70415690   24.0688   0.000       0.000      0.2984E-03  0.7414E-09-0.2437E-02 0.2138E-02  0.000      0.000      0.000      0.000       0.000       0.000       0.000       0.000       0.000       0.000    
  3767040.   42.70415690   24.0503   0.000       0.000      0.2980E-03  0.7353E-09-0.2433E-02 0.2135E-02  0.000      0.000      0.000      0.000       0.000       0.000       0.000       0.000       0.000       0.000    
  3784320.   42.70415690   24.0319   0.000       0.000      0.2976E-03  0.7292E-09-0.2430E-02 0.2133E-02  0.000      0.000      0.000      0.000       0.000       0.000       0.000       0.000       0.000       0.000    
  3801600.   42.70415690   24.0137   0.000       0.000      0.2972E-03  0.7232E-09-0.2427E-02 0.2130E-02  0.000      0.000      0.000      0.000       0.000       0.000       0.000       0.000       0.000       0.000    
  3818880.   42.70415690   24.0246   0.000       0.000      0.2974E-03 -0.4855E-09-0.2430E-02 0.2132E-02  0.000      0.000      0.000      0.000       0.000       0.000       0.000       0.000       0.000       0.000    
  3836160.   42.70415690   24.0354   0.000       0.000      0.2977E-03 -0.4374E-09-0.2431E-02 0.2134E-02  0.000      0.000      0.000      0.000       0.000       0.000       0.000       0.000       0.000       0.000    
  3853440.   42.70415690   24.0461   0.000       0.000      0.2979E-03 -0.4342E-09-0.2433E-02 0.2135E-02  0.000      0.000      0.000      0.000       0.000       0.000       0.000       0.000       0.000       0.000    
  3870720.   42.70415690   24.0568   0.000       0.000      0.2981E-03 -0.4314E-09-0.2435E-02 0.2137E-02  0.000      0.000      0.000      0.000       0.000       0.000       0.000       0.000       0.000       0.000    
  3888000.   42.70415690   24.0674   0.000       0.000      0.2983E-03 -0.4287E-09-0.2437E-02 0.2139E-02  0.000      0.000      0.000      0.000       0.000       0.000       0.000       0.000       0.000       0.000    
  3905280.   42.70415690   24.1096   0.000       0.000      0.2992E-03 -0.1747E-08-0.2445E-02 0.2145E-02  0.000      0.000      0.000      0.000       0.000       0.000       0.000       0.000       0.000       0.000    
  3922560.   42.70415690   24.1515   0.000       0.000      0.3001E-03 -0.1690E-08-0.2452E-02 0.2152E-02  0.000      0.000      0.000      0.000       0.000       0.000       0.000       0.000       0.000       0.000    
  3939840.   42.70415690   24.1932   0.000       0.000      0.3010E-03 -0.1683E-08-0.2459E-02 0.2158E-02  0.000      0.000      0.000      0.000       0.000       0.000       0.000       0.000       0.000       0.000    
  3957120.   42.70415690   24.2345   0.000       0.000      0.3019E-03 -0.1677E-08-0.2466E-02 0.2164E-02  0.000      0.000      0.000      0.000       0.000       0.000       0.000       0.000       0.000       0.000    
  3974400.   42.70415690   24.2756   0.000       0.000      0.3028E-03 -0.1670E-08-0.2473E-02 0.2170E-02  0.000      0.000      0.000      0.000       0.000       0.000       0.000       0.000       0.000       0.000    
  3991680.   42.70415690   24.3231   0.000       0.000      0.3038E-03 -0.1947E-08-0.2481E-02 0.2177E-02  0.000      0.000      0.000      0.000       0.000       0.000       0.000       0.000       0.000       0.000    
  4008960.   42.70415690   24.3703   0.000       0.000      0.3048E-03 -0.1930E-08-0.2489E-02 0.2184E-02  0.000      0.000      0.000      0.000       0.000       0.000       0.000       0.000       0.000       0.000    
  4026240.   42.70415690   24.4172   0.000       0.000      0.3058E-03 -0.1924E-08-0.2497E-02 0.2191E-02  0.000      0.000      0.000      0.000       0.000       0.000       0.000       0.000       0.000       0.000    
  4043520.   42.70415690   24.4638   0.000       0.000      0.3068E-03 -0.1918E-08-0.2505E-02 0.2198E-02  0.000      0.000      0.000      0.000       0.000       0.000       0.000       0.000       0.000       0.000    
  4060800.   42.70415690   24.5101   0.000       0.000      0.3077E-03 -0.1912E-08-0.2513E-02 0.2205E-02  0.000      0.000      0.000      0.000       0.000       0.000       0.000       0.000       0.000       0.000    
  4078080.   42.70415690   24.4895   0.000       0.000      0.3073E-03  0.9583E-09-0.2508E-02 0.2201E-02  0.000      0.000      0.000      0.000       0.000       0.000       0.000       0.000       0.000       0.000    
  4095360.   42.70415690   24.4691   0.000       0.000      0.3069E-03  0.8425E-09-0.2505E-02 0.2198E-02  0.000      0.000      0.000      0.000       0.000       0.000       0.000       0.000       0.000       0.000    
  4112640.   42.70415690   24.4488   0.000       0.000      0.3064E-03  0.8332E-09-0.2501E-02 0.2195E-02  0.000      0.000      0.000      0.000       0.000       0.000       0.000       0.000       0.000       0.000    
  4129920.   42.70415690   24.4287   0.000       0.000      0.3060E-03  0.8250E-09-0.2498E-02 0.2192E-02  0.000      0.000      0.000      0.000       0.000       0.000       0.000       0.000       0.000       0.000    
  4147200.   42.70415690   24.4087   0.000       0.000      0.3056E-03  0.8172E-09-0.2495E-02 0.2189E-02  0.000      0.000      0.000      0.000       0.000       0.000       0.000       0.000       0.000       0.000    
  4164480.   42.70415690   24.3642   0.000       0.000      0.3046E-03  0.1861E-08-0.2487E-02 0.2182E-02  0.000      0.000      0.000      0.000       0.000       0.000       0.000       0.000       0.000       0.000    
  4181760.   42.70415690   24.3200   0.000       0.000      0.3037E-03  0.1803E-08-0.2479E-02 0.2175E-02  0.000      0.000      0.000      0.000       0.000       0.000       0.000       0.000       0.000       0.000    
  4199040.   42.70415690   24.2760   0.000       0.000      0.3028E-03  0.1785E-08-0.2472E-02 0.2169E-02  0.000      0.000      0.000      0.000       0.000       0.000       0.000       0.000       0.000       0.000    
  4216320.   42.70415690   24.2324   0.000       0.000      0.3018E-03  0.1767E-08-0.2464E-02 0.2162E-02  0.000      0.000      0.000      0.000       0.000       0.000       0.000       0.000       0.000       0.000    
  4233600.   42.70415690   24.1891   0.000       0.000      0.3009E-03  0.1749E-08-0.2457E-02 0.2156E-02  0.000      0.000      0.000      0.000       0.000       0.000       0.000       0.000       0.000       0.000    
  4250880.   42.70415690   24.1409   0.000       0.000      0.2999E-03  0.1947E-08-0.2449E-02 0.2149E-02  0.000      0.000      0.000      0.000       0.000       0.000       0.000       0.000       0.000       0.000    
  4268160.   42.70415690   24.0931   0.000       0.000      0.2989E-03  0.1919E-08-0.2440E-02 0.2142E-02  0.000      0.000      0.000      0.000       0.000       0.000       0.000       0.000       0.000       0.000    
  4285440.   42.70415690   24.0455   0.000       0.000      0.2979E-03  0.1900E-08-0.2432E-02 0.2135E-02  0.000      0.000      0.000      0.000       0.000       0.000       0.000       0.000       0.000       0.000    
  4302720.   42.70415690   23.9983   0.000       0.000      0.2969E-03  0.1881E-08-0.2424E-02 0.2127E-02  0.000      0.000      0.000      0.000       0.000       0.000       0.000       0.000       0.000       0.000    
  4320000.   42.70415690   23.9514   0.000       0.000      0.2959E-03  0.1863E-08-0.2416E-02 0.2121E-02  0.000      0.000      0.000      0.000       0.000       0.000       0.000       0.000       0.000       0.000    
  4337280.   42.70415690   23.8999   0.000       0.000      0.2948E-03  0.2048E-08-0.2408E-02 0.2113E-02  0.000      0.000      0.000      0.000       0.000       0.000       0.000       0.000       0.000       0.000    
  4354560.   42.70415690   23.8487   0.000       0.000      0.2937E-03  0.2020E-08-0.2399E-02 0.2105E-02  0.000      0.000      0.000      0.000       0.000       0.000       0.000       0.000       0.000       0.000    
  4371840.   42.70415690   23.7979   0.000       0.000      0.2926E-03  0.2000E-08-0.2390E-02 0.2098E-02  0.000      0.000      0.000      0.000       0.000       0.000       0.000       0.000       0.000       0.000    
  4389120.   42.70415690   23.7474   0.000       0.000      0.2916E-03  0.1980E-08-0.2382E-02 0.2090E-02  0.000      0.000      0.000      0.000       0.000       0.000       0.000       0.000       0.000       0.000    
  4406400.   42.70415690   23.6973   0.000       0.000      0.2905E-03  0.1960E-08-0.2373E-02 0.2082E-02  0.000      0.000      0.000      0.000       0.000       0.000       0.000       0.000       0.000       0.000    
