TOTIM (T)      HCON          HMAT      QDIR      QWELL        QMAT       QCADS      QTUB1      QTUB2      QTUB3      QTUB4      QTUB5      QTUB6       NSTOR        QFIX        QLH     FHLQ (LQ)        CAUCHY   CAUCHY (LQ)
    86400.   42.70415690   23.7868   0.000       0.000      0.2924E-03   0.000    -0.1184E-02 0.8915E-03  0.000      0.000      0.000      0.000       0.000       0.000       0.000       0.000       0.000       0.000    
   103680.   42.70415690   23.7299   0.000       0.000      0.2912E-03  0.5168E-07-0.5850E-03 0.2938E-03  0.000      0.000      0.000      0.000       0.000       0.000       0.000       0.000       0.000       0.000    
   120960.   42.70415690   23.6660   0.000       0.000      0.2898E-03  0.2952E-08-0.5823E-03 0.2925E-03  0.000      0.000      0.000      0.000       0.000       0.000       0.000       0.000       0.000       0.000    
   138240.   42.70415690   23.5982   0.000       0.000      0.2884E-03  0.2815E-08-0.5794E-03 0.2910E-03  0.000      0.000      0.000      0.000       0.000       0.000       0.000       0.000       0.000       0.000    
   155520.   42.70415690   23.5286   0.000       0.000      0.2869E-03  0.2784E-08-0.5765E-03 0.2896E-03  0.000      0.000      0.000      0.000       0.000       0.000       0.000       0.000       0.000       0.000    
   172800.   42.70415690   23.4582   0.000       0.000      0.2854E-03  0.2752E-08-0.5735E-03 0.2881E-03  0.000      0.000      0.000      0.000       0.000       0.000       0.000       0.000       0.000       0.000    
   190080.   42.70415690   23.4139   0.000       0.000      0.2845E-03  0.1683E-08-0.5721E-03 0.2876E-03  0.000      0.000      0.000      0.000       0.000       0.000       0.000       0.000       0.000       0.000    
   207360.   42.70415690   23.3694   0.000       0.000      0.2835E-03  0.1708E-08-0.5702E-03 0.2867E-03  0.000      0.000      0.000      0.000       0.000       0.000       0.000       0.000       0.000       0.000    
   224640.   42.70415690   23.3247   0.000       0.000      0.2826E-03  0.1693E-08-0.5683E-03 0.2857E-03  0.000      0.000      0.000      0.000       0.000       0.000       0.000       0.000       0.000       0.000    
   241920.   42.70415690   23.2800   0.000       0.000      0.2817E-03  0.1678E-08-0.5665E-03 0.2848E-03  0.000      0.000      0.000      0.000       0.000       0.000       0.000       0.000       0.000       0.000    
   259200.   42.70415690   23.2354   0.000       0.000      0.2807E-03  0.1662E-08-0.5646E-03 0.2838E-03  0.000      0.000      0.000      0.000       0.000       0.000       0.000       0.000       0.000       0.000    
   276480.   42.70415690   23.1981   0.000       0.000      0.2799E-03  0.1371E-08-0.5631E-03 0.2832E-03  0.000      0.000      0.000      0.000       0.000       0.000       0.000       0.000       0.000       0.000    
   293760.   42.70415690   23.1609   0.000       0.000      0.2791E-03  0.1370E-08-0.5615E-03 0.2824E-03  0.000      0.000      0.000      0.000       0.000       0.000       0.000       0.000       0.000       0.000    
   311040.   42.70415690   23.1238   0.000       0.000      0.2783E-03  0.1359E-08-0.5600E-03 0.2816E-03  0.000      0.000      0.000      0.000       0.000       0.000       0.000       0.000       0.000       0.000    
   328320.   42.70415690   23.0869   0.000       0.000      0.2776E-03  0.1347E-08-0.5584E-03 0.2808E-03  0.000      0.000      0.000      0.000       0.000       0.000       0.000       0.000       0.000       0.000    
   345600.   42.70415690   23.0502   0.000       0.000      0.2768E-03  0.1336E-08-0.5568E-03 0.2800E-03  0.000      0.000      0.000      0.000       0.000       0.000       0.000       0.000       0.000       0.000    
   362880.   42.70415690   23.0471   0.000       0.000      0.2767E-03  0.5162E-10-0.5573E-03 0.2806E-03  0.000      0.000      0.000      0.000       0.000       0.000       0.000       0.000       0.000       0.000    
   380160.   42.70415690   23.0441   0.000       0.000      0.2767E-03  0.1038E-09-0.5572E-03 0.2805E-03  0.000      0.000      0.000      0.000       0.000       0.000       0.000       0.000       0.000       0.000    
   397440.   42.70415690   23.0410   0.000       0.000      0.2766E-03  0.1054E-09-0.5571E-03 0.2805E-03  0.000      0.000      0.000      0.000       0.000       0.000       0.000       0.000       0.000       0.000    
   414720.   42.70415690   23.0379   0.000       0.000      0.2765E-03  0.1064E-09-0.5569E-03 0.2804E-03  0.000      0.000      0.000      0.000       0.000       0.000       0.000       0.000       0.000       0.000    
   432000.   42.70415690   23.0349   0.000       0.000      0.2765E-03  0.1072E-09-0.5568E-03 0.2803E-03  0.000      0.000      0.000      0.000       0.000       0.000       0.000       0.000       0.000       0.000    
   449280.   42.70415690   23.0573   0.000       0.000      0.2769E-03 -0.8612E-09-0.5582E-03 0.2813E-03  0.000      0.000      0.000      0.000       0.000       0.000       0.000       0.000       0.000       0.000    
   466560.   42.70415690   23.0796   0.000       0.000      0.2774E-03 -0.8167E-09-0.5592E-03 0.2818E-03  0.000      0.000      0.000      0.000       0.000       0.000       0.000       0.000       0.000       0.000    
   483840.   42.70415690   23.1018   0.000       0.000      0.2779E-03 -0.8108E-09-0.5601E-03 0.2822E-03  0.000      0.000      0.000      0.000       0.000       0.000       0.000       0.000       0.000       0.000    
   501120.   42.70415690   23.1238   0.000       0.000      0.2783E-03 -0.8053E-09-0.5610E-03 0.2827E-03  0.000      0.000      0.000      0.000       0.000       0.000       0.000       0.000       0.000       0.000    
   518400.   42.70415690   23.1457   0.000       0.000      0.2788E-03 -0.8001E-09-0.5620E-03 0.2832E-03  0.000      0.000      0.000      0.000       0.000       0.000       0.000       0.000       0.000       0.000    
   535680.   42.70415690   23.1477   0.000       0.000      0.2788E-03 -0.3828E-10-0.5617E-03 0.2828E-03  0.000      0.000      0.000      0.000       0.000       0.000       0.000       0.000       0.000       0.000    
   552960.   42.70415690   23.1497   0.000       0.000      0.2789E-03 -0.6742E-10-0.5618E-03 0.2829E-03  0.000      0.000      0.000      0.000       0.000       0.000       0.000       0.000       0.000       0.000    
   570240.   42.70415690   23.1517   0.000       0.000      0.2789E-03 -0.6664E-10-0.5618E-03 0.2829E-03  0.000      0.000      0.000      0.000       0.000       0.000       0.000       0.000       0.000       0.000    
   587520.   42.70415690   23.1536   0.000       0.000      0.2790E-03 -0.6569E-10-0.5619E-03 0.2829E-03  0.000      0.000      0.000      0.000       0.000       0.000       0.000       0.000       0.000       0.000    
   604800.   42.70415690   23.1554   0.000       0.000      0.2790E-03 -0.6472E-10-0.5620E-03 0.2830E-03  0.000      0.000      0.000      0.000       0.000       0.000       0.000       0.000       0.000       0.000    
   622080.   42.70415690   23.1643   0.000       0.000      0.2792E-03 -0.3318E-09-0.5625E-03 0.2833E-03  0.000      0.000      0.000      0.000       0.000       0.000       0.000       0.000       0.000       0.000    
   639360.   42.70415690   23.1730   0.000       0.000      0.2794E-03 -0.3185E-09-0.5629E-03 0.2835E-03  0.000      0.000      0.000      0.000       0.000       0.000       0.000       0.000       0.000       0.000    
   656640.   42.70415690   23.1817   0.000       0.000      0.2796E-03 -0.3159E-09-0.5632E-03 0.2837E-03  0.000      0.000      0.000      0.000       0.000       0.000       0.000       0.000       0.000       0.000    
   673920.   42.70415690   23.1903   0.000       0.000      0.2798E-03 -0.3134E-09-0.5636E-03 0.2839E-03  0.000      0.000      0.000      0.000       0.000       0.000       0.000       0.000       0.000       0.000    
   691200.   42.70415690   23.1989   0.000       0.000      0.2799E-03 -0.3110E-09-0.5640E-03 0.2840E-03  0.000      0.000      0.000      0.000       0.000       0.000       0.000       0.000       0.000       0.000    
   708480.   42.70415690   23.2759   0.000       0.000      0.2816E-03 -0.2955E-08-0.5685E-03 0.2870E-03  0.000      0.000      0.000      0.000       0.000       0.000       0.000       0.000       0.000       0.000    
   725760.   42.70415690   23.3525   0.000       0.000      0.2832E-03 -0.2846E-08-0.5718E-03 0.2886E-03  0.000      0.000      0.000      0.000       0.000       0.000       0.000       0.000       0.000       0.000    
   743040.   42.70415690   23.4287   0.000       0.000      0.2848E-03 -0.2841E-08-0.5750E-03 0.2902E-03  0.000      0.000      0.000      0.000       0.000       0.000       0.000       0.000       0.000       0.000    
   760320.   42.70415690   23.5044   0.000       0.000      0.2864E-03 -0.2838E-08-0.5782E-03 0.2918E-03  0.000      0.000      0.000      0.000       0.000       0.000       0.000       0.000       0.000       0.000    
   777600.   42.70415690   23.5797   0.000       0.000      0.2880E-03 -0.2834E-08-0.5814E-03 0.2934E-03  0.000      0.000      0.000      0.000       0.000       0.000       0.000       0.000       0.000       0.000    
   794880.   42.70415690   23.7158   0.000       0.000      0.2909E-03 -0.5274E-08-0.5883E-03 0.2975E-03  0.000      0.000      0.000      0.000       0.000       0.000       0.000       0.000       0.000       0.000    
   812160.   42.70415690   23.8510   0.000       0.000      0.2938E-03 -0.5194E-08-0.5941E-03 0.3003E-03  0.000      0.000      0.000      0.000       0.000       0.000       0.000       0.000       0.000       0.000    
   829440.   42.70415690   23.9855   0.000       0.000      0.2966E-03 -0.5209E-08-0.5998E-03 0.3032E-03  0.000      0.000      0.000      0.000       0.000       0.000       0.000       0.000       0.000       0.000    
   846720.   42.70415690   24.1192   0.000       0.000      0.2994E-03 -0.5225E-08-0.6055E-03 0.3060E-03  0.000      0.000      0.000      0.000       0.000       0.000       0.000       0.000       0.000       0.000    
   864000.   42.70415690   24.2521   0.000       0.000      0.3023E-03 -0.5240E-08-0.6111E-03 0.3088E-03  0.000      0.000      0.000      0.000       0.000       0.000       0.000       0.000       0.000       0.000    
   881280.   42.70415690   24.3301   0.000       0.000      0.3039E-03 -0.2987E-08-0.6134E-03 0.3095E-03  0.000      0.000      0.000      0.000       0.000       0.000       0.000       0.000       0.000       0.000    
   898560.   42.70415690   24.4076   0.000       0.000      0.3056E-03 -0.3075E-08-0.6167E-03 0.3111E-03  0.000      0.000      0.000      0.000       0.000       0.000       0.000       0.000       0.000       0.000    
   915840.   42.70415690   24.4846   0.000       0.000      0.3072E-03 -0.3074E-08-0.6200E-03 0.3128E-03  0.000      0.000      0.000      0.000       0.000       0.000       0.000       0.000       0.000       0.000    
   933120.   42.70415690   24.5611   0.000       0.000      0.3088E-03 -0.3072E-08-0.6232E-03 0.3144E-03  0.000      0.000      0.000      0.000       0.000       0.000       0.000       0.000       0.000       0.000    
   950400.   42.70415690   24.6371   0.000       0.000      0.3104E-03 -0.3070E-08-0.6264E-03 0.3160E-03  0.000      0.000      0.000      0.000       0.000       0.000       0.000       0.000       0.000       0.000    
   967680.   42.70415690   24.7844   0.000       0.000      0.3136E-03 -0.6153E-08-0.6340E-03 0.3205E-03  0.000      0.000      0.000      0.000       0.000       0.000       0.000       0.000       0.000       0.000    
   984960.   42.70415690   24.9308   0.000       0.000      0.3167E-03 -0.6054E-08-0.6402E-03 0.3236E-03  0.000      0.000      0.000      0.000       0.000       0.000       0.000       0.000       0.000       0.000    
  1002240.   42.70415690   25.0763   0.000       0.000      0.3197E-03 -0.6074E-08-0.6464E-03 0.3267E-03  0.000      0.000      0.000      0.000       0.000       0.000       0.000       0.000       0.000       0.000    
  1019520.   42.70415690   25.2210   0.000       0.000      0.3228E-03 -0.6094E-08-0.6526E-03 0.3298E-03  0.000      0.000      0.000      0.000       0.000       0.000       0.000       0.000       0.000       0.000    
  1036800.   42.70415690   25.3648   0.000       0.000      0.3259E-03 -0.6114E-08-0.6587E-03 0.3328E-03  0.000      0.000      0.000      0.000       0.000       0.000       0.000       0.000       0.000       0.000    
  1054080.   42.70415690   25.6111   0.000       0.000      0.3311E-03 -0.1083E-07-0.6711E-03 0.3400E-03  0.000      0.000      0.000      0.000       0.000       0.000       0.000       0.000       0.000       0.000    
  1071360.   42.70415690   25.8561   0.000       0.000      0.3363E-03 -0.1075E-07-0.6815E-03 0.3452E-03  0.000      0.000      0.000      0.000       0.000       0.000       0.000       0.000       0.000       0.000    
  1088640.   42.70415690   26.0858   0.000       0.000      0.3411E-03 -0.3585E-07-0.1037E-02 0.6963E-03  0.000      0.000      0.000      0.000       0.000       0.000       0.000       0.000       0.000       0.000    
  1105920.   42.70415690   26.3194   0.000       0.000      0.3461E-03 -0.1162E-07-0.1052E-02 0.7061E-03  0.000      0.000      0.000      0.000       0.000       0.000       0.000       0.000       0.000       0.000    
  1123200.   42.70415690   26.5542   0.000       0.000      0.3511E-03 -0.1170E-07-0.1067E-02 0.7161E-03  0.000      0.000      0.000      0.000       0.000       0.000       0.000       0.000       0.000       0.000    
  1140480.   42.70415690   26.6005   0.000       0.000      0.3520E-03 -0.1988E-08-0.1067E-02 0.7145E-03  0.000      0.000      0.000      0.000       0.000       0.000       0.000       0.000       0.000       0.000    
  1157760.   42.70415690   26.6474   0.000       0.000      0.3530E-03 -0.2363E-08-0.1070E-02 0.7165E-03  0.000      0.000      0.000      0.000       0.000       0.000       0.000       0.000       0.000       0.000    
  1175040.   42.70415690   26.6943   0.000       0.000      0.3540E-03 -0.2367E-08-0.1073E-02 0.7185E-03  0.000      0.000      0.000      0.000       0.000       0.000       0.000       0.000       0.000       0.000    
  1192320.   42.70415690   26.7413   0.000       0.000      0.3550E-03 -0.2367E-08-0.1076E-02 0.7206E-03  0.000      0.000      0.000      0.000       0.000       0.000       0.000       0.000       0.000       0.000    
  1209600.   42.70415690   26.7882   0.000       0.000      0.3560E-03 -0.2366E-08-0.1079E-02 0.7226E-03  0.000      0.000      0.000      0.000       0.000       0.000       0.000       0.000       0.000       0.000    
  1226880.   42.70415690   26.7657   0.000       0.000      0.3555E-03  0.1276E-08-0.1076E-02 0.7203E-03  0.000      0.000      0.000      0.000       0.000       0.000       0.000       0.000       0.000       0.000    
  1244160.   42.70415690   26.7434   0.000       0.000      0.3551E-03  0.1120E-08-0.1074E-02 0.7194E-03  0.000      0.000      0.000      0.000       0.000       0.000       0.000       0.000       0.000       0.000    
  1261440.   42.70415690   26.7213   0.000       0.000      0.3546E-03  0.1104E-08-0.1073E-02 0.7185E-03  0.000      0.000      0.000      0.000       0.000       0.000       0.000       0.000       0.000       0.000    
  1278720.   42.70415690   26.6995   0.000       0.000      0.3541E-03  0.1088E-08-0.1072E-02 0.7176E-03  0.000      0.000      0.000      0.000       0.000       0.000       0.000       0.000       0.000       0.000    
  1296000.   42.70415690   26.6779   0.000       0.000      0.3537E-03  0.1074E-08-0.1070E-02 0.7167E-03  0.000      0.000      0.000      0.000       0.000       0.000       0.000       0.000       0.000       0.000    
  1313280.   42.70415690   26.6345   0.000       0.000      0.3528E-03  0.2204E-08-0.1067E-02 0.7144E-03  0.000      0.000      0.000      0.000       0.000       0.000       0.000       0.000       0.000       0.000    
  1330560.   42.70415690   26.5914   0.000       0.000      0.3519E-03  0.2136E-08-0.1064E-02 0.7126E-03  0.000      0.000      0.000      0.000       0.000       0.000       0.000       0.000       0.000       0.000    
  1347840.   42.70415690   26.5486   0.000       0.000      0.3509E-03  0.2111E-08-0.1062E-02 0.7108E-03  0.000      0.000      0.000      0.000       0.000       0.000       0.000       0.000       0.000       0.000    
  1365120.   42.70415690   26.5062   0.000       0.000      0.3500E-03  0.2088E-08-0.1059E-02 0.7090E-03  0.000      0.000      0.000      0.000       0.000       0.000       0.000       0.000       0.000       0.000    
  1382400.   42.70415690   26.4641   0.000       0.000      0.3492E-03  0.2065E-08-0.1056E-02 0.7072E-03  0.000      0.000      0.000      0.000       0.000       0.000       0.000       0.000       0.000       0.000    
  1399680.   42.70415690   26.4084   0.000       0.000      0.3480E-03  0.2759E-08-0.1053E-02 0.7046E-03  0.000      0.000      0.000      0.000       0.000       0.000       0.000       0.000       0.000       0.000    
  1416960.   42.70415690   26.3531   0.000       0.000      0.3468E-03  0.2701E-08-0.1049E-02 0.7023E-03  0.000      0.000      0.000      0.000       0.000       0.000       0.000       0.000       0.000       0.000    
  1434240.   42.70415690   26.2982   0.000       0.000      0.3456E-03  0.2671E-08-0.1046E-02 0.7000E-03  0.000      0.000      0.000      0.000       0.000       0.000       0.000       0.000       0.000       0.000    
  1451520.   42.70415690   26.2436   0.000       0.000      0.3445E-03  0.2641E-08-0.1042E-02 0.6976E-03  0.000      0.000      0.000      0.000       0.000       0.000       0.000       0.000       0.000       0.000    
  1468800.   42.70415690   26.1895   0.000       0.000      0.3433E-03  0.2613E-08-0.1039E-02 0.6954E-03  0.000      0.000      0.000      0.000       0.000       0.000       0.000       0.000       0.000       0.000    
  1486080.   42.70415690   26.1248   0.000       0.000      0.3420E-03  0.3132E-08-0.1034E-02 0.6924E-03  0.000      0.000      0.000      0.000       0.000       0.000       0.000       0.000       0.000       0.000    
  1503360.   42.70415690   26.0607   0.000       0.000      0.3406E-03  0.3076E-08-0.1030E-02 0.6897E-03  0.000      0.000      0.000      0.000       0.000       0.000       0.000       0.000       0.000       0.000    
  1520640.   42.70415690   25.9969   0.000       0.000      0.3393E-03  0.3042E-08-0.1026E-02 0.6870E-03  0.000      0.000      0.000      0.000       0.000       0.000       0.000       0.000       0.000       0.000    
  1537920.   42.70415690   25.9336   0.000       0.000      0.3379E-03  0.3008E-08-0.1022E-02 0.6843E-03  0.000      0.000      0.000      0.000       0.000       0.000       0.000       0.000       0.000       0.000    
  1555200.   42.70415690   25.8708   0.000       0.000      0.3366E-03  0.2975E-08-0.1018E-02 0.6816E-03  0.000      0.000      0.000      0.000       0.000       0.000       0.000       0.000       0.000       0.000    
  1572480.   42.70415690   25.8010   0.000       0.000      0.3351E-03  0.3302E-08-0.1014E-02 0.6785E-03  0.000      0.000      0.000      0.000       0.000       0.000       0.000       0.000       0.000       0.000    
  1589760.   42.70415690   25.7318   0.000       0.000      0.3336E-03  0.3251E-08-0.1009E-02 0.6756E-03  0.000      0.000      0.000      0.000       0.000       0.000       0.000       0.000       0.000       0.000    
  1607040.   42.70415690   25.6765   0.000       0.000      0.3325E-03  0.2691E-07-0.6681E-03 0.3356E-03  0.000      0.000      0.000      0.000       0.000       0.000       0.000       0.000       0.000       0.000    
  1624320.   42.70415690   25.6164   0.000       0.000      0.3312E-03  0.2920E-08-0.6655E-03 0.3343E-03  0.000      0.000      0.000      0.000       0.000       0.000       0.000       0.000       0.000       0.000    
  1641600.   42.70415690   25.5541   0.000       0.000      0.3299E-03  0.2869E-08-0.6629E-03 0.3330E-03  0.000      0.000      0.000      0.000       0.000       0.000       0.000       0.000       0.000       0.000    
  1658880.   42.70415690   25.4892   0.000       0.000      0.3285E-03  0.2922E-08-0.6601E-03 0.3316E-03  0.000      0.000      0.000      0.000       0.000       0.000       0.000       0.000       0.000       0.000    
  1676160.   42.70415690   25.4239   0.000       0.000      0.3271E-03  0.2889E-08-0.6574E-03 0.3302E-03  0.000      0.000      0.000      0.000       0.000       0.000       0.000       0.000       0.000       0.000    
  1693440.   42.70415690   25.3586   0.000       0.000      0.3257E-03  0.2859E-08-0.6546E-03 0.3289E-03  0.000      0.000      0.000      0.000       0.000       0.000       0.000       0.000       0.000       0.000    
  1710720.   42.70415690   25.2933   0.000       0.000      0.3243E-03  0.2828E-08-0.6518E-03 0.3275E-03  0.000      0.000      0.000      0.000       0.000       0.000       0.000       0.000       0.000       0.000    
  1728000.   42.70415690   25.2282   0.000       0.000      0.3230E-03  0.2799E-08-0.6491E-03 0.3261E-03  0.000      0.000      0.000      0.000       0.000       0.000       0.000       0.000       0.000       0.000    
  1745280.   42.70415690   25.1649   0.000       0.000      0.3216E-03  0.2700E-08-0.6464E-03 0.3248E-03  0.000      0.000      0.000      0.000       0.000       0.000       0.000       0.000       0.000       0.000    
  1762560.   42.70415690   25.1018   0.000       0.000      0.3203E-03  0.2675E-08-0.6437E-03 0.3234E-03  0.000      0.000      0.000      0.000       0.000       0.000       0.000       0.000       0.000       0.000    
  1779840.   42.70415690   25.0390   0.000       0.000      0.3190E-03  0.2647E-08-0.6410E-03 0.3221E-03  0.000      0.000      0.000      0.000       0.000       0.000       0.000       0.000       0.000       0.000    
  1797120.   42.70415690   24.9765   0.000       0.000      0.3176E-03  0.2620E-08-0.6384E-03 0.3208E-03  0.000      0.000      0.000      0.000       0.000       0.000       0.000       0.000       0.000       0.000    
  1814400.   42.70415690   24.9143   0.000       0.000      0.3163E-03  0.2593E-08-0.6358E-03 0.3194E-03  0.000      0.000      0.000      0.000       0.000       0.000       0.000       0.000       0.000       0.000    
  1831680.   42.70415690   24.8487   0.000       0.000      0.3149E-03  0.2728E-08-0.6329E-03 0.3180E-03  0.000      0.000      0.000      0.000       0.000       0.000       0.000       0.000       0.000       0.000    
  1848960.   42.70415690   24.7834   0.000       0.000      0.3135E-03  0.2693E-08-0.6301E-03 0.3166E-03  0.000      0.000      0.000      0.000       0.000       0.000       0.000       0.000       0.000       0.000    
  1866240.   42.70415690   24.7185   0.000       0.000      0.3122E-03  0.2665E-08-0.6274E-03 0.3152E-03  0.000      0.000      0.000      0.000       0.000       0.000       0.000       0.000       0.000       0.000    
  1883520.   42.70415690   24.6540   0.000       0.000      0.3108E-03  0.2637E-08-0.6246E-03 0.3138E-03  0.000      0.000      0.000      0.000       0.000       0.000       0.000       0.000       0.000       0.000    
  1900800.   42.70415690   24.5898   0.000       0.000      0.3094E-03  0.2609E-08-0.6219E-03 0.3125E-03  0.000      0.000      0.000      0.000       0.000       0.000       0.000       0.000       0.000       0.000    
  1918080.   42.70415690   24.5233   0.000       0.000      0.3080E-03  0.2696E-08-0.6190E-03 0.3110E-03  0.000      0.000      0.000      0.000       0.000       0.000       0.000       0.000       0.000       0.000    
  1935360.   42.70415690   24.4571   0.000       0.000      0.3066E-03  0.2663E-08-0.6162E-03 0.3096E-03  0.000      0.000      0.000      0.000       0.000       0.000       0.000       0.000       0.000       0.000    
  1952640.   42.70415690   24.3913   0.000       0.000      0.3052E-03  0.2635E-08-0.6134E-03 0.3082E-03  0.000      0.000      0.000      0.000       0.000       0.000       0.000       0.000       0.000       0.000    
  1969920.   42.70415690   24.3259   0.000       0.000      0.3038E-03  0.2607E-08-0.6106E-03 0.3068E-03  0.000      0.000      0.000      0.000       0.000       0.000       0.000       0.000       0.000       0.000    
  1987200.   42.70415690   24.2609   0.000       0.000      0.3025E-03  0.2580E-08-0.6079E-03 0.3054E-03  0.000      0.000      0.000      0.000       0.000       0.000       0.000       0.000       0.000       0.000    
  2004480.   42.70415690   24.1975   0.000       0.000      0.3011E-03  0.2501E-08-0.6052E-03 0.3041E-03  0.000      0.000      0.000      0.000       0.000       0.000       0.000       0.000       0.000       0.000    
  2021760.   42.70415690   24.1345   0.000       0.000      0.2998E-03  0.2477E-08-0.6025E-03 0.3028E-03  0.000      0.000      0.000      0.000       0.000       0.000       0.000       0.000       0.000       0.000    
  2039040.   42.70415690   24.0718   0.000       0.000      0.2984E-03  0.2452E-08-0.5999E-03 0.3014E-03  0.000      0.000      0.000      0.000       0.000       0.000       0.000       0.000       0.000       0.000    
  2056320.   42.70415690   24.0095   0.000       0.000      0.2971E-03  0.2427E-08-0.5972E-03 0.3001E-03  0.000      0.000      0.000      0.000       0.000       0.000       0.000       0.000       0.000       0.000    
  2073600.   42.70415690   23.9475   0.000       0.000      0.2958E-03  0.2402E-08-0.5946E-03 0.2988E-03  0.000      0.000      0.000      0.000       0.000       0.000       0.000       0.000       0.000       0.000    
  2090880.   42.70415690   23.8830   0.000       0.000      0.2944E-03  0.2494E-08-0.5918E-03 0.2974E-03  0.000      0.000      0.000      0.000       0.000       0.000       0.000       0.000       0.000       0.000    
  2108160.   42.70415690   23.8189   0.000       0.000      0.2931E-03  0.2463E-08-0.5891E-03 0.2960E-03  0.000      0.000      0.000      0.000       0.000       0.000       0.000       0.000       0.000       0.000    
  2125440.   42.70415690   23.7551   0.000       0.000      0.2917E-03  0.2437E-08-0.5864E-03 0.2946E-03  0.000      0.000      0.000      0.000       0.000       0.000       0.000       0.000       0.000       0.000    
  2142720.   42.70415690   23.6917   0.000       0.000      0.2904E-03  0.2412E-08-0.5837E-03 0.2933E-03  0.000      0.000      0.000      0.000       0.000       0.000       0.000       0.000       0.000       0.000    
  2160000.   42.70415690   23.6286   0.000       0.000      0.2890E-03  0.2387E-08-0.5810E-03 0.2919E-03  0.000      0.000      0.000      0.000       0.000       0.000       0.000       0.000       0.000       0.000    
  2177280.   42.70415690   23.5639   0.000       0.000      0.2877E-03  0.2442E-08-0.5782E-03 0.2905E-03  0.000      0.000      0.000      0.000       0.000       0.000       0.000       0.000       0.000       0.000    
  2194560.   42.70415690   23.4996   0.000       0.000      0.2863E-03  0.2413E-08-0.5755E-03 0.2892E-03  0.000      0.000      0.000      0.000       0.000       0.000       0.000       0.000       0.000       0.000    
  2211840.   42.70415690   23.4356   0.000       0.000      0.2850E-03  0.2388E-08-0.5728E-03 0.2878E-03  0.000      0.000      0.000      0.000       0.000       0.000       0.000       0.000       0.000       0.000    
  2229120.   42.70415690   23.3720   0.000       0.000      0.2836E-03  0.2362E-08-0.5701E-03 0.2864E-03  0.000      0.000      0.000      0.000       0.000       0.000       0.000       0.000       0.000       0.000    
  2246400.   42.70415690   23.3088   0.000       0.000      0.2823E-03  0.2338E-08-0.5674E-03 0.2851E-03  0.000      0.000      0.000      0.000       0.000       0.000       0.000       0.000       0.000       0.000    
  2263680.   42.70415690   23.2438   0.000       0.000      0.2809E-03  0.2393E-08-0.5646E-03 0.2837E-03  0.000      0.000      0.000      0.000       0.000       0.000       0.000       0.000       0.000       0.000    
  2280960.   42.70415690   23.1792   0.000       0.000      0.2795E-03  0.2364E-08-0.5618E-03 0.2823E-03  0.000      0.000      0.000      0.000       0.000       0.000       0.000       0.000       0.000       0.000    
  2298240.   42.70415690   23.1150   0.000       0.000      0.2782E-03  0.2339E-08-0.5591E-03 0.2809E-03  0.000      0.000      0.000      0.000       0.000       0.000       0.000       0.000       0.000       0.000    
  2315520.   42.70415690   23.0511   0.000       0.000      0.2768E-03  0.2314E-08-0.5564E-03 0.2796E-03  0.000      0.000      0.000      0.000       0.000       0.000       0.000       0.000       0.000       0.000    
  2332800.   42.70415690   22.9876   0.000       0.000      0.2755E-03  0.2289E-08-0.5537E-03 0.2782E-03  0.000      0.000      0.000      0.000       0.000       0.000       0.000       0.000       0.000       0.000    
  2350080.   42.70415690   22.9231   0.000       0.000      0.2741E-03  0.2316E-08-0.5509E-03 0.2768E-03  0.000      0.000      0.000      0.000       0.000       0.000       0.000       0.000       0.000       0.000    
  2367360.   42.70415690   22.8590   0.000       0.000      0.2727E-03  0.2289E-08-0.5482E-03 0.2755E-03  0.000      0.000      0.000      0.000       0.000       0.000       0.000       0.000       0.000       0.000    
  2384640.   42.70415690   22.7953   0.000       0.000      0.2714E-03  0.2264E-08-0.5455E-03 0.2741E-03  0.000      0.000      0.000      0.000       0.000       0.000       0.000       0.000       0.000       0.000    
  2401920.   42.70415690   22.7318   0.000       0.000      0.2700E-03  0.2240E-08-0.5428E-03 0.2728E-03  0.000      0.000      0.000      0.000       0.000       0.000       0.000       0.000       0.000       0.000    
  2419200.   42.70415690   22.6688   0.000       0.000      0.2687E-03  0.2216E-08-0.5401E-03 0.2714E-03  0.000      0.000      0.000      0.000       0.000       0.000       0.000       0.000       0.000       0.000    
  2436480.   42.70415690   22.6176   0.000       0.000      0.2676E-03  0.1771E-08-0.5381E-03 0.2705E-03  0.000      0.000      0.000      0.000       0.000       0.000       0.000       0.000       0.000       0.000    
  2453760.   42.70415690   22.5667   0.000       0.000      0.2665E-03  0.1771E-08-0.5360E-03 0.2695E-03  0.000      0.000      0.000      0.000       0.000       0.000       0.000       0.000       0.000       0.000    
  2471040.   42.70415690   22.5160   0.000       0.000      0.2655E-03  0.1754E-08-0.5338E-03 0.2684E-03  0.000      0.000      0.000      0.000       0.000       0.000       0.000       0.000       0.000       0.000    
  2488320.   42.70415690   22.4657   0.000       0.000      0.2644E-03  0.1738E-08-0.5317E-03 0.2673E-03  0.000      0.000      0.000      0.000       0.000       0.000       0.000       0.000       0.000       0.000    
  2505600.   42.70415690   22.4156   0.000       0.000      0.2633E-03  0.1721E-08-0.5296E-03 0.2662E-03  0.000      0.000      0.000      0.000       0.000       0.000       0.000       0.000       0.000       0.000    
  2522880.   42.70415690   22.3654   0.000       0.000      0.2623E-03  0.1720E-08-0.5274E-03 0.2652E-03  0.000      0.000      0.000      0.000       0.000       0.000       0.000       0.000       0.000       0.000    
  2540160.   42.70415690   22.3155   0.000       0.000      0.2612E-03  0.1703E-08-0.5253E-03 0.2641E-03  0.000      0.000      0.000      0.000       0.000       0.000       0.000       0.000       0.000       0.000    
  2557440.   42.70415690   22.2658   0.000       0.000      0.2602E-03  0.1687E-08-0.5232E-03 0.2630E-03  0.000      0.000      0.000      0.000       0.000       0.000       0.000       0.000       0.000       0.000    
  2574720.   42.70415690   22.2165   0.000       0.000      0.2591E-03  0.1671E-08-0.5211E-03 0.2620E-03  0.000      0.000      0.000      0.000       0.000       0.000       0.000       0.000       0.000       0.000    
  2592000.   42.70415690   22.1674   0.000       0.000      0.2581E-03  0.1655E-08-0.5190E-03 0.2609E-03  0.000      0.000      0.000      0.000       0.000       0.000       0.000       0.000       0.000       0.000    
  2609280.   42.70415690   22.1636   0.000       0.000      0.2580E-03  0.4653E-10-0.5197E-03 0.2617E-03  0.000      0.000      0.000      0.000       0.000       0.000       0.000       0.000       0.000       0.000    
  2626560.   42.70415690   22.1598   0.000       0.000      0.2579E-03  0.1127E-09-0.5195E-03 0.2616E-03  0.000      0.000      0.000      0.000       0.000       0.000       0.000       0.000       0.000       0.000    
  2643840.   42.70415690   22.1561   0.000       0.000      0.2578E-03  0.1149E-09-0.5194E-03 0.2615E-03  0.000      0.000      0.000      0.000       0.000       0.000       0.000       0.000       0.000       0.000    
  2661120.   42.70415690   22.1523   0.000       0.000      0.2577E-03  0.1165E-09-0.5192E-03 0.2615E-03  0.000      0.000      0.000      0.000       0.000       0.000       0.000       0.000       0.000       0.000    
  2678400.   42.70415690   22.1486   0.000       0.000      0.2577E-03  0.1178E-09-0.5190E-03 0.2614E-03  0.000      0.000      0.000      0.000       0.000       0.000       0.000       0.000       0.000       0.000    
  2695680.   42.70415690   22.2691   0.000       0.000      0.2602E-03 -0.4297E-08-0.5265E-03 0.2663E-03  0.000      0.000      0.000      0.000       0.000       0.000       0.000       0.000       0.000       0.000    
  2712960.   42.70415690   22.3888   0.000       0.000      0.2628E-03 -0.4129E-08-0.5316E-03 0.2688E-03  0.000      0.000      0.000      0.000       0.000       0.000       0.000       0.000       0.000       0.000    
  2730240.   42.70415690   22.5079   0.000       0.000      0.2653E-03 -0.4137E-08-0.5366E-03 0.2713E-03  0.000      0.000      0.000      0.000       0.000       0.000       0.000       0.000       0.000       0.000    
  2747520.   42.70415690   22.6263   0.000       0.000      0.2678E-03 -0.4147E-08-0.5416E-03 0.2738E-03  0.000      0.000      0.000      0.000       0.000       0.000       0.000       0.000       0.000       0.000    
  2764800.   42.70415690   22.7440   0.000       0.000      0.2703E-03 -0.4156E-08-0.5466E-03 0.2763E-03  0.000      0.000      0.000      0.000       0.000       0.000       0.000       0.000       0.000       0.000    
  2782080.   42.70415690   23.0381   0.000       0.000      0.2765E-03 -0.1085E-07-0.5624E-03 0.2859E-03  0.000      0.000      0.000      0.000       0.000       0.000       0.000       0.000       0.000       0.000    
  2799360.   42.70415690   23.3305   0.000       0.000      0.2827E-03 -0.1076E-07-0.5748E-03 0.2921E-03  0.000      0.000      0.000      0.000       0.000       0.000       0.000       0.000       0.000       0.000    
  2816640.   42.70415690   23.6213   0.000       0.000      0.2889E-03 -0.1092E-07-0.5872E-03 0.2983E-03  0.000      0.000      0.000      0.000       0.000       0.000       0.000       0.000       0.000       0.000    
  2833920.   42.70415690   23.9104   0.000       0.000      0.2950E-03 -0.1108E-07-0.5994E-03 0.3044E-03  0.000      0.000      0.000      0.000       0.000       0.000       0.000       0.000       0.000       0.000    
  2851200.   42.70415690   24.1979   0.000       0.000      0.3011E-03 -0.1124E-07-0.6116E-03 0.3105E-03  0.000      0.000      0.000      0.000       0.000       0.000       0.000       0.000       0.000       0.000    
  2868480.   42.70415690   24.2049   0.000       0.000      0.3013E-03  0.2730E-09-0.6067E-03 0.3054E-03  0.000      0.000      0.000      0.000       0.000       0.000       0.000       0.000       0.000       0.000    
  2885760.   42.70415690   24.2118   0.000       0.000      0.3014E-03 -0.1900E-09-0.6070E-03 0.3056E-03  0.000      0.000      0.000      0.000       0.000       0.000       0.000       0.000       0.000       0.000    
  2903040.   42.70415690   24.2184   0.000       0.000      0.3016E-03 -0.1979E-09-0.6073E-03 0.3057E-03  0.000      0.000      0.000      0.000       0.000       0.000       0.000       0.000       0.000       0.000    
  2920320.   42.70415690   24.2249   0.000       0.000      0.3017E-03 -0.2022E-09-0.6076E-03 0.3059E-03  0.000      0.000      0.000      0.000       0.000       0.000       0.000       0.000       0.000       0.000    
  2937600.   42.70415690   24.2313   0.000       0.000      0.3018E-03 -0.2053E-09-0.6078E-03 0.3060E-03  0.000      0.000      0.000      0.000       0.000       0.000       0.000       0.000       0.000       0.000    
  2954880.   42.70415690   24.2556   0.000       0.000      0.3023E-03 -0.9607E-09-0.6092E-03 0.3069E-03  0.000      0.000      0.000      0.000       0.000       0.000       0.000       0.000       0.000       0.000    
  2972160.   42.70415690   24.2797   0.000       0.000      0.3029E-03 -0.9290E-09-0.6102E-03 0.3074E-03  0.000      0.000      0.000      0.000       0.000       0.000       0.000       0.000       0.000       0.000    
  2989440.   42.70415690   24.3036   0.000       0.000      0.3034E-03 -0.9266E-09-0.6113E-03 0.3079E-03  0.000      0.000      0.000      0.000       0.000       0.000       0.000       0.000       0.000       0.000    
  3006720.   42.70415690   24.3273   0.000       0.000      0.3039E-03 -0.9242E-09-0.6123E-03 0.3084E-03  0.000      0.000      0.000      0.000       0.000       0.000       0.000       0.000       0.000       0.000    
  3024000.   42.70415690   24.3508   0.000       0.000      0.3044E-03 -0.9216E-09-0.6133E-03 0.3089E-03  0.000      0.000      0.000      0.000       0.000       0.000       0.000       0.000       0.000       0.000    
  3041280.   42.70415690   24.4184   0.000       0.000      0.3058E-03 -0.2778E-08-0.6170E-03 0.3112E-03  0.000      0.000      0.000      0.000       0.000       0.000       0.000       0.000       0.000       0.000    
  3058560.   42.70415690   24.4857   0.000       0.000      0.3072E-03 -0.2700E-08-0.6198E-03 0.3126E-03  0.000      0.000      0.000      0.000       0.000       0.000       0.000       0.000       0.000       0.000    
  3075840.   42.70415690   24.5525   0.000       0.000      0.3086E-03 -0.2696E-08-0.6227E-03 0.3140E-03  0.000      0.000      0.000      0.000       0.000       0.000       0.000       0.000       0.000       0.000    
  3093120.   42.70415690   24.6189   0.000       0.000      0.3100E-03 -0.2691E-08-0.6255E-03 0.3154E-03  0.000      0.000      0.000      0.000       0.000       0.000       0.000       0.000       0.000       0.000    
  3110400.   42.70415690   24.6850   0.000       0.000      0.3114E-03 -0.2688E-08-0.6283E-03 0.3169E-03  0.000      0.000      0.000      0.000       0.000       0.000       0.000       0.000       0.000       0.000    
  3127680.   42.70415690   24.6785   0.000       0.000      0.3113E-03  0.4145E-09-0.6267E-03 0.3154E-03  0.000      0.000      0.000      0.000       0.000       0.000       0.000       0.000       0.000       0.000    
  3144960.   42.70415690   24.6720   0.000       0.000      0.3112E-03  0.2873E-09-0.6264E-03 0.3152E-03  0.000      0.000      0.000      0.000       0.000       0.000       0.000       0.000       0.000       0.000    
  3162240.   42.70415690   24.6655   0.000       0.000      0.3110E-03  0.2815E-09-0.6261E-03 0.3151E-03  0.000      0.000      0.000      0.000       0.000       0.000       0.000       0.000       0.000       0.000    
  3179520.   42.70415690   24.6590   0.000       0.000      0.3109E-03  0.2767E-09-0.6258E-03 0.3150E-03  0.000      0.000      0.000      0.000       0.000       0.000       0.000       0.000       0.000       0.000    
  3196800.   42.70415690   24.6526   0.000       0.000      0.3108E-03  0.2724E-09-0.6256E-03 0.3148E-03  0.000      0.000      0.000      0.000       0.000       0.000       0.000       0.000       0.000       0.000    
  3214080.   42.70415690   24.6147   0.000       0.000      0.3100E-03  0.1610E-08-0.6234E-03 0.3134E-03  0.000      0.000      0.000      0.000       0.000       0.000       0.000       0.000       0.000       0.000    
  3231360.   42.70415690   24.5771   0.000       0.000      0.3092E-03  0.1540E-08-0.6218E-03 0.3126E-03  0.000      0.000      0.000      0.000       0.000       0.000       0.000       0.000       0.000       0.000    
  3248640.   42.70415690   24.5397   0.000       0.000      0.3084E-03  0.1524E-08-0.6202E-03 0.3118E-03  0.000      0.000      0.000      0.000       0.000       0.000       0.000       0.000       0.000       0.000    
  3265920.   42.70415690   24.5025   0.000       0.000      0.3076E-03  0.1508E-08-0.6186E-03 0.3110E-03  0.000      0.000      0.000      0.000       0.000       0.000       0.000       0.000       0.000       0.000    
  3283200.   42.70415690   24.4655   0.000       0.000      0.3068E-03  0.1492E-08-0.6171E-03 0.3103E-03  0.000      0.000      0.000      0.000       0.000       0.000       0.000       0.000       0.000       0.000    
  3300480.   42.70415690   24.4448   0.000       0.000      0.3064E-03  0.8027E-09-0.6165E-03 0.3101E-03  0.000      0.000      0.000      0.000       0.000       0.000       0.000       0.000       0.000       0.000    
  3317760.   42.70415690   24.4242   0.000       0.000      0.3059E-03  0.8219E-09-0.6156E-03 0.3097E-03  0.000      0.000      0.000      0.000       0.000       0.000       0.000       0.000       0.000       0.000    
  3335040.   42.70415690   24.4038   0.000       0.000      0.3055E-03  0.8147E-09-0.6147E-03 0.3093E-03  0.000      0.000      0.000      0.000       0.000       0.000       0.000       0.000       0.000       0.000    
  3352320.   42.70415690   24.3835   0.000       0.000      0.3051E-03  0.8076E-09-0.6139E-03 0.3088E-03  0.000      0.000      0.000      0.000       0.000       0.000       0.000       0.000       0.000       0.000    
  3369600.   42.70415690   24.3633   0.000       0.000      0.3046E-03  0.8005E-09-0.6130E-03 0.3084E-03  0.000      0.000      0.000      0.000       0.000       0.000       0.000       0.000       0.000       0.000    
  3386880.   42.70415690   24.3796   0.000       0.000      0.3050E-03 -0.7255E-09-0.6144E-03 0.3094E-03  0.000      0.000      0.000      0.000       0.000       0.000       0.000       0.000       0.000       0.000    
  3404160.   42.70415690   24.3958   0.000       0.000      0.3053E-03 -0.6616E-09-0.6151E-03 0.3098E-03  0.000      0.000      0.000      0.000       0.000       0.000       0.000       0.000       0.000       0.000    
  3421440.   42.70415690   24.4120   0.000       0.000      0.3057E-03 -0.6575E-09-0.6158E-03 0.3101E-03  0.000      0.000      0.000      0.000       0.000       0.000       0.000       0.000       0.000       0.000    
  3438720.   42.70415690   24.4281   0.000       0.000      0.3060E-03 -0.6538E-09-0.6165E-03 0.3105E-03  0.000      0.000      0.000      0.000       0.000       0.000       0.000       0.000       0.000       0.000    
  3456000.   42.70415690   24.4442   0.000       0.000      0.3063E-03 -0.6504E-09-0.6171E-03 0.3108E-03  0.000      0.000      0.000      0.000       0.000       0.000       0.000       0.000       0.000       0.000    
  3473280.   42.70415690   24.4832   0.000       0.000      0.3072E-03 -0.1621E-08-0.6192E-03 0.3121E-03  0.000      0.000      0.000      0.000       0.000       0.000       0.000       0.000       0.000       0.000    
  3490560.   42.70415690   24.5221   0.000       0.000      0.3080E-03 -0.1576E-08-0.6209E-03 0.3129E-03  0.000      0.000      0.000      0.000       0.000       0.000       0.000       0.000       0.000       0.000    
  3507840.   42.70415690   24.5607   0.000       0.000      0.3088E-03 -0.1570E-08-0.6225E-03 0.3137E-03  0.000      0.000      0.000      0.000       0.000       0.000       0.000       0.000       0.000       0.000    
  3525120.   42.70415690   24.5992   0.000       0.000      0.3096E-03 -0.1564E-08-0.6242E-03 0.3145E-03  0.000      0.000      0.000      0.000       0.000       0.000       0.000       0.000       0.000       0.000    
  3542400.   42.70415690   24.6374   0.000       0.000      0.3104E-03 -0.1558E-08-0.6258E-03 0.3153E-03  0.000      0.000      0.000      0.000       0.000       0.000       0.000       0.000       0.000       0.000    
  3559680.   42.70415690   24.6555   0.000       0.000      0.3108E-03 -0.6965E-09-0.6262E-03 0.3154E-03  0.000      0.000      0.000      0.000       0.000       0.000       0.000       0.000       0.000       0.000    
  3576960.   42.70415690   24.6734   0.000       0.000      0.3112E-03 -0.7272E-09-0.6269E-03 0.3157E-03  0.000      0.000      0.000      0.000       0.000       0.000       0.000       0.000       0.000       0.000    
  3594240.   42.70415690   24.6912   0.000       0.000      0.3116E-03 -0.7245E-09-0.6277E-03 0.3161E-03  0.000      0.000      0.000      0.000       0.000       0.000       0.000       0.000       0.000       0.000    
  3611520.   42.70415690   24.7089   0.000       0.000      0.3120E-03 -0.7215E-09-0.6284E-03 0.3165E-03  0.000      0.000      0.000      0.000       0.000       0.000       0.000       0.000       0.000       0.000    
  3628800.   42.70415690   24.7265   0.000       0.000      0.3123E-03 -0.7185E-09-0.6292E-03 0.3169E-03  0.000      0.000      0.000      0.000       0.000       0.000       0.000       0.000       0.000       0.000    
  3646080.   42.70415690   24.6987   0.000       0.000      0.3117E-03  0.1232E-08-0.6272E-03 0.3154E-03  0.000      0.000      0.000      0.000       0.000       0.000       0.000       0.000       0.000       0.000    
  3663360.   42.70415690   24.6710   0.000       0.000      0.3111E-03  0.1144E-08-0.6260E-03 0.3148E-03  0.000      0.000      0.000      0.000       0.000       0.000       0.000       0.000       0.000       0.000    
  3680640.   42.70415690   24.6434   0.000       0.000      0.3106E-03  0.1132E-08-0.6248E-03 0.3143E-03  0.000      0.000      0.000      0.000       0.000       0.000       0.000       0.000       0.000       0.000    
  3697920.   42.70415690   24.6160   0.000       0.000      0.3100E-03  0.1121E-08-0.6237E-03 0.3137E-03  0.000      0.000      0.000      0.000       0.000       0.000       0.000       0.000       0.000       0.000    
  3715200.   42.70415690   24.5887   0.000       0.000      0.3094E-03  0.1111E-08-0.6225E-03 0.3131E-03  0.000      0.000      0.000      0.000       0.000       0.000       0.000       0.000       0.000       0.000    
  3732480.   42.70415690   24.5700   0.000       0.000      0.3090E-03  0.7465E-09-0.6219E-03 0.3129E-03  0.000      0.000      0.000      0.000       0.000       0.000       0.000       0.000       0.000       0.000    
  3749760.   42.70415690   24.5514   0.000       0.000      0.3086E-03  0.7540E-09-0.6211E-03 0.3125E-03  0.000      0.000      0.000      0.000       0.000       0.000       0.000       0.000       0.000       0.000    
  3767040.   42.70415690   24.5328   0.000       0.000      0.3082E-03  0.7478E-09-0.6203E-03 0.3121E-03  0.000      0.000      0.000      0.000       0.000       0.000       0.000       0.000       0.000       0.000    
  3784320.   42.70415690   24.5144   0.000       0.000      0.3078E-03  0.7416E-09-0.6195E-03 0.3117E-03  0.000      0.000      0.000      0.000       0.000       0.000       0.000       0.000       0.000       0.000    
  3801600.   42.70415690   24.4962   0.000       0.000      0.3074E-03  0.7355E-09-0.6187E-03 0.3113E-03  0.000      0.000      0.000      0.000       0.000       0.000       0.000       0.000       0.000       0.000    
  3818880.   42.70415690   24.5070   0.000       0.000      0.3077E-03 -0.4961E-09-0.6197E-03 0.3121E-03  0.000      0.000      0.000      0.000       0.000       0.000       0.000       0.000       0.000       0.000    
  3836160.   42.70415690   24.5178   0.000       0.000      0.3079E-03 -0.4447E-09-0.6202E-03 0.3123E-03  0.000      0.000      0.000      0.000       0.000       0.000       0.000       0.000       0.000       0.000    
  3853440.   42.70415690   24.5286   0.000       0.000      0.3081E-03 -0.4414E-09-0.6206E-03 0.3125E-03  0.000      0.000      0.000      0.000       0.000       0.000       0.000       0.000       0.000       0.000    
  3870720.   42.70415690   24.5393   0.000       0.000      0.3084E-03 -0.4386E-09-0.6211E-03 0.3127E-03  0.000      0.000      0.000      0.000       0.000       0.000       0.000       0.000       0.000       0.000    
  3888000.   42.70415690   24.5499   0.000       0.000      0.3086E-03 -0.4359E-09-0.6216E-03 0.3130E-03  0.000      0.000      0.000      0.000       0.000       0.000       0.000       0.000       0.000       0.000    
  3905280.   42.70415690   24.5922   0.000       0.000      0.3095E-03 -0.1779E-08-0.6239E-03 0.3145E-03  0.000      0.000      0.000      0.000       0.000       0.000       0.000       0.000       0.000       0.000    
  3922560.   42.70415690   24.6343   0.000       0.000      0.3104E-03 -0.1719E-08-0.6257E-03 0.3154E-03  0.000      0.000      0.000      0.000       0.000       0.000       0.000       0.000       0.000       0.000    
  3939840.   42.70415690   24.6761   0.000       0.000      0.3113E-03 -0.1712E-08-0.6275E-03 0.3162E-03  0.000      0.000      0.000      0.000       0.000       0.000       0.000       0.000       0.000       0.000    
  3957120.   42.70415690   24.7177   0.000       0.000      0.3121E-03 -0.1705E-08-0.6293E-03 0.3171E-03  0.000      0.000      0.000      0.000       0.000       0.000       0.000       0.000       0.000       0.000    
  3974400.   42.70415690   24.7591   0.000       0.000      0.3130E-03 -0.1699E-08-0.6310E-03 0.3180E-03  0.000      0.000      0.000      0.000       0.000       0.000       0.000       0.000       0.000       0.000    
  3991680.   42.70415690   24.8069   0.000       0.000      0.3140E-03 -0.1981E-08-0.6332E-03 0.3192E-03  0.000      0.000      0.000      0.000       0.000       0.000       0.000       0.000       0.000       0.000    
  4008960.   42.70415690   24.8544   0.000       0.000      0.3150E-03 -0.1963E-08-0.6352E-03 0.3202E-03  0.000      0.000      0.000      0.000       0.000       0.000       0.000       0.000       0.000       0.000    
  4026240.   42.70415690   24.9017   0.000       0.000      0.3160E-03 -0.1956E-08-0.6372E-03 0.3212E-03  0.000      0.000      0.000      0.000       0.000       0.000       0.000       0.000       0.000       0.000    
  4043520.   42.70415690   24.9486   0.000       0.000      0.3170E-03 -0.1950E-08-0.6392E-03 0.3222E-03  0.000      0.000      0.000      0.000       0.000       0.000       0.000       0.000       0.000       0.000    
  4060800.   42.70415690   24.9954   0.000       0.000      0.3180E-03 -0.1944E-08-0.6412E-03 0.3232E-03  0.000      0.000      0.000      0.000       0.000       0.000       0.000       0.000       0.000       0.000    
  4078080.   42.70415690   24.9751   0.000       0.000      0.3176E-03  0.9800E-09-0.6391E-03 0.3215E-03  0.000      0.000      0.000      0.000       0.000       0.000       0.000       0.000       0.000       0.000    
  4095360.   42.70415690   24.9550   0.000       0.000      0.3172E-03  0.8565E-09-0.6382E-03 0.3210E-03  0.000      0.000      0.000      0.000       0.000       0.000       0.000       0.000       0.000       0.000    
  4112640.   42.70415690   24.9349   0.000       0.000      0.3167E-03  0.8471E-09-0.6374E-03 0.3206E-03  0.000      0.000      0.000      0.000       0.000       0.000       0.000       0.000       0.000       0.000    
  4129920.   42.70415690   24.9150   0.000       0.000      0.3163E-03  0.8388E-09-0.6365E-03 0.3202E-03  0.000      0.000      0.000      0.000       0.000       0.000       0.000       0.000       0.000       0.000    
  4147200.   42.70415690   24.8951   0.000       0.000      0.3159E-03  0.8309E-09-0.6357E-03 0.3198E-03  0.000      0.000      0.000      0.000       0.000       0.000       0.000       0.000       0.000       0.000    
  4164480.   42.70415690   24.8507   0.000       0.000      0.3150E-03  0.1895E-08-0.6333E-03 0.3184E-03  0.000      0.000      0.000      0.000       0.000       0.000       0.000       0.000       0.000       0.000    
  4181760.   42.70415690   24.8064   0.000       0.000      0.3140E-03  0.1834E-08-0.6315E-03 0.3174E-03  0.000      0.000      0.000      0.000       0.000       0.000       0.000       0.000       0.000       0.000    
  4199040.   42.70415690   24.7625   0.000       0.000      0.3131E-03  0.1815E-08-0.6296E-03 0.3165E-03  0.000      0.000      0.000      0.000       0.000       0.000       0.000       0.000       0.000       0.000    
  4216320.   42.70415690   24.7187   0.000       0.000      0.3122E-03  0.1796E-08-0.6277E-03 0.3156E-03  0.000      0.000      0.000      0.000       0.000       0.000       0.000       0.000       0.000       0.000    
  4233600.   42.70415690   24.6753   0.000       0.000      0.3112E-03  0.1779E-08-0.6259E-03 0.3146E-03  0.000      0.000      0.000      0.000       0.000       0.000       0.000       0.000       0.000       0.000    
  4250880.   42.70415690   24.6269   0.000       0.000      0.3102E-03  0.1981E-08-0.6237E-03 0.3135E-03  0.000      0.000      0.000      0.000       0.000       0.000       0.000       0.000       0.000       0.000    
  4268160.   42.70415690   24.5789   0.000       0.000      0.3092E-03  0.1952E-08-0.6217E-03 0.3125E-03  0.000      0.000      0.000      0.000       0.000       0.000       0.000       0.000       0.000       0.000    
  4285440.   42.70415690   24.5311   0.000       0.000      0.3082E-03  0.1932E-08-0.6197E-03 0.3115E-03  0.000      0.000      0.000      0.000       0.000       0.000       0.000       0.000       0.000       0.000    
  4302720.   42.70415690   24.4836   0.000       0.000      0.3072E-03  0.1913E-08-0.6177E-03 0.3105E-03  0.000      0.000      0.000      0.000       0.000       0.000       0.000       0.000       0.000       0.000    
  4320000.   42.70415690   24.4364   0.000       0.000      0.3062E-03  0.1894E-08-0.6157E-03 0.3095E-03  0.000      0.000      0.000      0.000       0.000       0.000       0.000       0.000       0.000       0.000    
  4337280.   42.70415690   24.3845   0.000       0.000      0.3051E-03  0.2083E-08-0.6134E-03 0.3083E-03  0.000      0.000      0.000      0.000       0.000       0.000       0.000       0.000       0.000       0.000    
  4354560.   42.70415690   24.3330   0.000       0.000      0.3040E-03  0.2054E-08-0.6112E-03 0.3072E-03  0.000      0.000      0.000      0.000       0.000       0.000       0.000       0.000       0.000       0.000    
  4371840.   42.70415690   24.2817   0.000       0.000      0.3029E-03  0.2033E-08-0.6090E-03 0.3061E-03  0.000      0.000      0.000      0.000       0.000       0.000       0.000       0.000       0.000       0.000    
  4389120.   42.70415690   24.2308   0.000       0.000      0.3018E-03  0.2013E-08-0.6068E-03 0.3050E-03  0.000      0.000      0.000      0.000       0.000       0.000       0.000       0.000       0.000       0.000    
  4406400.   42.70415690   24.1802   0.000       0.000      0.3007E-03  0.1993E-08-0.6047E-03 0.3039E-03  0.000      0.000      0.000      0.000       0.000       0.000       0.000       0.000       0.000       0.000    
