TOTIM (T)      HCON          HMAT      QDIR      QWELL        QMAT       QCADS      QTUB1      QTUB2      QTUB3      QTUB4      QTUB5      QTUB6       NSTOR        QFIX        QLH     FHLQ (LQ)        CAUCHY   CAUCHY (LQ)
    86400.   42.70415690   24.7330   0.000       0.000      0.3122E-03   0.000    -0.4809E-02 0.4497E-02  0.000      0.000      0.000      0.000       0.000       0.000       0.000       0.000       0.000       0.000    
   103680.   42.70415690   24.6537   0.000       0.000      0.3106E-03  0.9130E-07-0.4460E-02 0.4150E-02  0.000      0.000      0.000      0.000       0.000       0.000       0.000       0.000       0.000       0.000    
   120960.   42.70415690   24.5754   0.000       0.000      0.3089E-03  0.1142E-07-0.4435E-02 0.4126E-02  0.000      0.000      0.000      0.000       0.000       0.000       0.000       0.000       0.000       0.000    
   138240.   42.70415690   24.4982   0.000       0.000      0.3073E-03  0.1053E-07-0.4413E-02 0.4105E-02  0.000      0.000      0.000      0.000       0.000       0.000       0.000       0.000       0.000       0.000    
   155520.   42.70415690   24.4218   0.000       0.000      0.3057E-03  0.1039E-07-0.4390E-02 0.4085E-02  0.000      0.000      0.000      0.000       0.000       0.000       0.000       0.000       0.000       0.000    
   172800.   42.70415690   24.3462   0.000       0.000      0.3041E-03  0.1026E-07-0.4368E-02 0.4064E-02  0.000      0.000      0.000      0.000       0.000       0.000       0.000       0.000       0.000       0.000    
   190080.   42.70415690   24.2979   0.000       0.000      0.3030E-03  0.6412E-08-0.4354E-02 0.4051E-02  0.000      0.000      0.000      0.000       0.000       0.000       0.000       0.000       0.000       0.000    
   207360.   42.70415690   24.2501   0.000       0.000      0.3020E-03  0.6425E-08-0.4340E-02 0.4038E-02  0.000      0.000      0.000      0.000       0.000       0.000       0.000       0.000       0.000       0.000    
   224640.   42.70415690   24.2027   0.000       0.000      0.3010E-03  0.6362E-08-0.4326E-02 0.4025E-02  0.000      0.000      0.000      0.000       0.000       0.000       0.000       0.000       0.000       0.000    
   241920.   42.70415690   24.1557   0.000       0.000      0.3000E-03  0.6299E-08-0.4312E-02 0.4012E-02  0.000      0.000      0.000      0.000       0.000       0.000       0.000       0.000       0.000       0.000    
   259200.   42.70415690   24.1090   0.000       0.000      0.2990E-03  0.6239E-08-0.4298E-02 0.3999E-02  0.000      0.000      0.000      0.000       0.000       0.000       0.000       0.000       0.000       0.000    
   276480.   42.70415690   24.0698   0.000       0.000      0.2982E-03  0.5189E-08-0.4287E-02 0.3988E-02  0.000      0.000      0.000      0.000       0.000       0.000       0.000       0.000       0.000       0.000    
   293760.   42.70415690   24.0309   0.000       0.000      0.2974E-03  0.5165E-08-0.4275E-02 0.3978E-02  0.000      0.000      0.000      0.000       0.000       0.000       0.000       0.000       0.000       0.000    
   311040.   42.70415690   23.9922   0.000       0.000      0.2966E-03  0.5121E-08-0.4263E-02 0.3967E-02  0.000      0.000      0.000      0.000       0.000       0.000       0.000       0.000       0.000       0.000    
   328320.   42.70415690   23.9538   0.000       0.000      0.2958E-03  0.5077E-08-0.4252E-02 0.3956E-02  0.000      0.000      0.000      0.000       0.000       0.000       0.000       0.000       0.000       0.000    
   345600.   42.70415690   23.9156   0.000       0.000      0.2949E-03  0.5034E-08-0.4240E-02 0.3945E-02  0.000      0.000      0.000      0.000       0.000       0.000       0.000       0.000       0.000       0.000    
   362880.   42.70415690   23.9111   0.000       0.000      0.2949E-03  0.4212E-09-0.4239E-02 0.3945E-02  0.000      0.000      0.000      0.000       0.000       0.000       0.000       0.000       0.000       0.000    
   380160.   42.70415690   23.9067   0.000       0.000      0.2948E-03  0.5201E-09-0.4238E-02 0.3943E-02  0.000      0.000      0.000      0.000       0.000       0.000       0.000       0.000       0.000       0.000    
   397440.   42.70415690   23.9022   0.000       0.000      0.2947E-03  0.5204E-09-0.4237E-02 0.3942E-02  0.000      0.000      0.000      0.000       0.000       0.000       0.000       0.000       0.000       0.000    
   414720.   42.70415690   23.8978   0.000       0.000      0.2946E-03  0.5188E-09-0.4235E-02 0.3941E-02  0.000      0.000      0.000      0.000       0.000       0.000       0.000       0.000       0.000       0.000    
   432000.   42.70415690   23.8935   0.000       0.000      0.2945E-03  0.5167E-09-0.4234E-02 0.3939E-02  0.000      0.000      0.000      0.000       0.000       0.000       0.000       0.000       0.000       0.000    
   449280.   42.70415690   23.9147   0.000       0.000      0.2949E-03 -0.2964E-08-0.4240E-02 0.3945E-02  0.000      0.000      0.000      0.000       0.000       0.000       0.000       0.000       0.000       0.000    
   466560.   42.70415690   23.9357   0.000       0.000      0.2954E-03 -0.2874E-08-0.4246E-02 0.3951E-02  0.000      0.000      0.000      0.000       0.000       0.000       0.000       0.000       0.000       0.000    
   483840.   42.70415690   23.9567   0.000       0.000      0.2958E-03 -0.2860E-08-0.4253E-02 0.3957E-02  0.000      0.000      0.000      0.000       0.000       0.000       0.000       0.000       0.000       0.000    
   501120.   42.70415690   23.9776   0.000       0.000      0.2963E-03 -0.2847E-08-0.4259E-02 0.3962E-02  0.000      0.000      0.000      0.000       0.000       0.000       0.000       0.000       0.000       0.000    
   518400.   42.70415690   23.9983   0.000       0.000      0.2967E-03 -0.2835E-08-0.4265E-02 0.3968E-02  0.000      0.000      0.000      0.000       0.000       0.000       0.000       0.000       0.000       0.000    
   535680.   42.70415690   23.9993   0.000       0.000      0.2967E-03 -0.1095E-09-0.4265E-02 0.3968E-02  0.000      0.000      0.000      0.000       0.000       0.000       0.000       0.000       0.000       0.000    
   552960.   42.70415690   24.0003   0.000       0.000      0.2967E-03 -0.1689E-09-0.4265E-02 0.3968E-02  0.000      0.000      0.000      0.000       0.000       0.000       0.000       0.000       0.000       0.000    
   570240.   42.70415690   24.0013   0.000       0.000      0.2968E-03 -0.1700E-09-0.4265E-02 0.3968E-02  0.000      0.000      0.000      0.000       0.000       0.000       0.000       0.000       0.000       0.000    
   587520.   42.70415690   24.0023   0.000       0.000      0.2968E-03 -0.1701E-09-0.4265E-02 0.3969E-02  0.000      0.000      0.000      0.000       0.000       0.000       0.000       0.000       0.000       0.000    
   604800.   42.70415690   24.0034   0.000       0.000      0.2968E-03 -0.1699E-09-0.4266E-02 0.3969E-02  0.000      0.000      0.000      0.000       0.000       0.000       0.000       0.000       0.000       0.000    
   622080.   42.70415690   24.0114   0.000       0.000      0.2970E-03 -0.1130E-08-0.4268E-02 0.3971E-02  0.000      0.000      0.000      0.000       0.000       0.000       0.000       0.000       0.000       0.000    
   639360.   42.70415690   24.0194   0.000       0.000      0.2971E-03 -0.1104E-08-0.4270E-02 0.3973E-02  0.000      0.000      0.000      0.000       0.000       0.000       0.000       0.000       0.000       0.000    
   656640.   42.70415690   24.0274   0.000       0.000      0.2973E-03 -0.1098E-08-0.4273E-02 0.3975E-02  0.000      0.000      0.000      0.000       0.000       0.000       0.000       0.000       0.000       0.000    
   673920.   42.70415690   24.0353   0.000       0.000      0.2975E-03 -0.1093E-08-0.4275E-02 0.3977E-02  0.000      0.000      0.000      0.000       0.000       0.000       0.000       0.000       0.000       0.000    
   691200.   42.70415690   24.0432   0.000       0.000      0.2976E-03 -0.1088E-08-0.4277E-02 0.3980E-02  0.000      0.000      0.000      0.000       0.000       0.000       0.000       0.000       0.000       0.000    
   708480.   42.70415690   24.1197   0.000       0.000      0.2993E-03 -0.1057E-07-0.4301E-02 0.4002E-02  0.000      0.000      0.000      0.000       0.000       0.000       0.000       0.000       0.000       0.000    
   725760.   42.70415690   24.1957   0.000       0.000      0.3009E-03 -0.1036E-07-0.4323E-02 0.4023E-02  0.000      0.000      0.000      0.000       0.000       0.000       0.000       0.000       0.000       0.000    
   743040.   42.70415690   24.2712   0.000       0.000      0.3025E-03 -0.1035E-07-0.4346E-02 0.4043E-02  0.000      0.000      0.000      0.000       0.000       0.000       0.000       0.000       0.000       0.000    
   760320.   42.70415690   24.3465   0.000       0.000      0.3041E-03 -0.1034E-07-0.4368E-02 0.4064E-02  0.000      0.000      0.000      0.000       0.000       0.000       0.000       0.000       0.000       0.000    
   777600.   42.70415690   24.4213   0.000       0.000      0.3057E-03 -0.1034E-07-0.4390E-02 0.4085E-02  0.000      0.000      0.000      0.000       0.000       0.000       0.000       0.000       0.000       0.000    
   794880.   42.70415690   24.5570   0.000       0.000      0.3085E-03 -0.1908E-07-0.4431E-02 0.4123E-02  0.000      0.000      0.000      0.000       0.000       0.000       0.000       0.000       0.000       0.000    
   812160.   42.70415690   24.6920   0.000       0.000      0.3114E-03 -0.1896E-07-0.4472E-02 0.4160E-02  0.000      0.000      0.000      0.000       0.000       0.000       0.000       0.000       0.000       0.000    
   829440.   42.70415690   24.8263   0.000       0.000      0.3142E-03 -0.1903E-07-0.4511E-02 0.4197E-02  0.000      0.000      0.000      0.000       0.000       0.000       0.000       0.000       0.000       0.000    
   846720.   42.70415690   24.9599   0.000       0.000      0.3171E-03 -0.1909E-07-0.4551E-02 0.4234E-02  0.000      0.000      0.000      0.000       0.000       0.000       0.000       0.000       0.000       0.000    
   864000.   42.70415690   25.0928   0.000       0.000      0.3199E-03 -0.1916E-07-0.4591E-02 0.4271E-02  0.000      0.000      0.000      0.000       0.000       0.000       0.000       0.000       0.000       0.000    
   881280.   42.70415690   25.1710   0.000       0.000      0.3215E-03 -0.1114E-07-0.4613E-02 0.4292E-02  0.000      0.000      0.000      0.000       0.000       0.000       0.000       0.000       0.000       0.000    
   898560.   42.70415690   25.2489   0.000       0.000      0.3232E-03 -0.1131E-07-0.4636E-02 0.4313E-02  0.000      0.000      0.000      0.000       0.000       0.000       0.000       0.000       0.000       0.000    
   915840.   42.70415690   25.3263   0.000       0.000      0.3248E-03 -0.1131E-07-0.4660E-02 0.4335E-02  0.000      0.000      0.000      0.000       0.000       0.000       0.000       0.000       0.000       0.000    
   933120.   42.70415690   25.4035   0.000       0.000      0.3264E-03 -0.1131E-07-0.4683E-02 0.4356E-02  0.000      0.000      0.000      0.000       0.000       0.000       0.000       0.000       0.000       0.000    
   950400.   42.70415690   25.4802   0.000       0.000      0.3281E-03 -0.1131E-07-0.4706E-02 0.4377E-02  0.000      0.000      0.000      0.000       0.000       0.000       0.000       0.000       0.000       0.000    
   967680.   42.70415690   25.6284   0.000       0.000      0.3312E-03 -0.2231E-07-0.4751E-02 0.4419E-02  0.000      0.000      0.000      0.000       0.000       0.000       0.000       0.000       0.000       0.000    
   984960.   42.70415690   25.7757   0.000       0.000      0.3343E-03 -0.2216E-07-0.4794E-02 0.4460E-02  0.000      0.000      0.000      0.000       0.000       0.000       0.000       0.000       0.000       0.000    
  1002240.   42.70415690   25.9222   0.000       0.000      0.3374E-03 -0.2225E-07-0.4838E-02 0.4501E-02  0.000      0.000      0.000      0.000       0.000       0.000       0.000       0.000       0.000       0.000    
  1019520.   42.70415690   26.0680   0.000       0.000      0.3405E-03 -0.2233E-07-0.4882E-02 0.4541E-02  0.000      0.000      0.000      0.000       0.000       0.000       0.000       0.000       0.000       0.000    
  1036800.   42.70415690   26.2131   0.000       0.000      0.3436E-03 -0.2241E-07-0.4925E-02 0.4581E-02  0.000      0.000      0.000      0.000       0.000       0.000       0.000       0.000       0.000       0.000    
  1054080.   42.70415690   26.4609   0.000       0.000      0.3488E-03 -0.3918E-07-0.5000E-02 0.4651E-02  0.000      0.000      0.000      0.000       0.000       0.000       0.000       0.000       0.000       0.000    
  1071360.   42.70415690   26.7073   0.000       0.000      0.3541E-03 -0.3922E-07-0.5073E-02 0.4719E-02  0.000      0.000      0.000      0.000       0.000       0.000       0.000       0.000       0.000       0.000    
  1088640.   42.70415690   26.9524   0.000       0.000      0.3592E-03 -0.4600E-07-0.5146E-02 0.4787E-02  0.000      0.000      0.000      0.000       0.000       0.000       0.000       0.000       0.000       0.000    
  1105920.   42.70415690   27.1961   0.000       0.000      0.3644E-03 -0.4014E-07-0.5219E-02 0.4854E-02  0.000      0.000      0.000      0.000       0.000       0.000       0.000       0.000       0.000       0.000    
  1123200.   42.70415690   27.4385   0.000       0.000      0.3695E-03 -0.4040E-07-0.5291E-02 0.4922E-02  0.000      0.000      0.000      0.000       0.000       0.000       0.000       0.000       0.000       0.000    
  1140480.   42.70415690   27.4912   0.000       0.000      0.3706E-03 -0.7991E-08-0.5304E-02 0.4934E-02  0.000      0.000      0.000      0.000       0.000       0.000       0.000       0.000       0.000       0.000    
  1157760.   42.70415690   27.5437   0.000       0.000      0.3718E-03 -0.8619E-08-0.5320E-02 0.4949E-02  0.000      0.000      0.000      0.000       0.000       0.000       0.000       0.000       0.000       0.000    
  1175040.   42.70415690   27.5959   0.000       0.000      0.3729E-03 -0.8608E-08-0.5336E-02 0.4963E-02  0.000      0.000      0.000      0.000       0.000       0.000       0.000       0.000       0.000       0.000    
  1192320.   42.70415690   27.6477   0.000       0.000      0.3740E-03 -0.8587E-08-0.5352E-02 0.4978E-02  0.000      0.000      0.000      0.000       0.000       0.000       0.000       0.000       0.000       0.000    
  1209600.   42.70415690   27.6993   0.000       0.000      0.3750E-03 -0.8564E-08-0.5368E-02 0.4993E-02  0.000      0.000      0.000      0.000       0.000       0.000       0.000       0.000       0.000       0.000    
  1226880.   42.70415690   27.6811   0.000       0.000      0.3747E-03  0.3605E-08-0.5362E-02 0.4987E-02  0.000      0.000      0.000      0.000       0.000       0.000       0.000       0.000       0.000       0.000    
  1244160.   42.70415690   27.6630   0.000       0.000      0.3743E-03  0.3337E-08-0.5357E-02 0.4983E-02  0.000      0.000      0.000      0.000       0.000       0.000       0.000       0.000       0.000       0.000    
  1261440.   42.70415690   27.6449   0.000       0.000      0.3739E-03  0.3308E-08-0.5352E-02 0.4978E-02  0.000      0.000      0.000      0.000       0.000       0.000       0.000       0.000       0.000       0.000    
  1278720.   42.70415690   27.6269   0.000       0.000      0.3735E-03  0.3283E-08-0.5347E-02 0.4973E-02  0.000      0.000      0.000      0.000       0.000       0.000       0.000       0.000       0.000       0.000    
  1296000.   42.70415690   27.6089   0.000       0.000      0.3731E-03  0.3260E-08-0.5342E-02 0.4969E-02  0.000      0.000      0.000      0.000       0.000       0.000       0.000       0.000       0.000       0.000    
  1313280.   42.70415690   27.5689   0.000       0.000      0.3723E-03  0.7060E-08-0.5330E-02 0.4958E-02  0.000      0.000      0.000      0.000       0.000       0.000       0.000       0.000       0.000       0.000    
  1330560.   42.70415690   27.5291   0.000       0.000      0.3714E-03  0.6927E-08-0.5318E-02 0.4947E-02  0.000      0.000      0.000      0.000       0.000       0.000       0.000       0.000       0.000       0.000    
  1347840.   42.70415690   27.4895   0.000       0.000      0.3706E-03  0.6870E-08-0.5307E-02 0.4936E-02  0.000      0.000      0.000      0.000       0.000       0.000       0.000       0.000       0.000       0.000    
  1365120.   42.70415690   27.4500   0.000       0.000      0.3698E-03  0.6815E-08-0.5295E-02 0.4926E-02  0.000      0.000      0.000      0.000       0.000       0.000       0.000       0.000       0.000       0.000    
  1382400.   42.70415690   27.4107   0.000       0.000      0.3689E-03  0.6761E-08-0.5284E-02 0.4915E-02  0.000      0.000      0.000      0.000       0.000       0.000       0.000       0.000       0.000       0.000    
  1399680.   42.70415690   27.3575   0.000       0.000      0.3678E-03  0.9105E-08-0.5268E-02 0.4900E-02  0.000      0.000      0.000      0.000       0.000       0.000       0.000       0.000       0.000       0.000    
  1416960.   42.70415690   27.3046   0.000       0.000      0.3667E-03  0.8978E-08-0.5253E-02 0.4886E-02  0.000      0.000      0.000      0.000       0.000       0.000       0.000       0.000       0.000       0.000    
  1434240.   42.70415690   27.2519   0.000       0.000      0.3656E-03  0.8899E-08-0.5237E-02 0.4872E-02  0.000      0.000      0.000      0.000       0.000       0.000       0.000       0.000       0.000       0.000    
  1451520.   42.70415690   27.1995   0.000       0.000      0.3645E-03  0.8822E-08-0.5222E-02 0.4857E-02  0.000      0.000      0.000      0.000       0.000       0.000       0.000       0.000       0.000       0.000    
  1468800.   42.70415690   27.1472   0.000       0.000      0.3634E-03  0.8746E-08-0.5206E-02 0.4843E-02  0.000      0.000      0.000      0.000       0.000       0.000       0.000       0.000       0.000       0.000    
  1486080.   42.70415690   27.0844   0.000       0.000      0.3620E-03  0.1050E-07-0.5188E-02 0.4826E-02  0.000      0.000      0.000      0.000       0.000       0.000       0.000       0.000       0.000       0.000    
  1503360.   42.70415690   27.0218   0.000       0.000      0.3607E-03  0.1037E-07-0.5169E-02 0.4809E-02  0.000      0.000      0.000      0.000       0.000       0.000       0.000       0.000       0.000       0.000    
  1520640.   42.70415690   26.9595   0.000       0.000      0.3594E-03  0.1027E-07-0.5151E-02 0.4791E-02  0.000      0.000      0.000      0.000       0.000       0.000       0.000       0.000       0.000       0.000    
  1537920.   42.70415690   26.8975   0.000       0.000      0.3581E-03  0.1018E-07-0.5133E-02 0.4774E-02  0.000      0.000      0.000      0.000       0.000       0.000       0.000       0.000       0.000       0.000    
  1555200.   42.70415690   26.8358   0.000       0.000      0.3568E-03  0.1009E-07-0.5114E-02 0.4757E-02  0.000      0.000      0.000      0.000       0.000       0.000       0.000       0.000       0.000       0.000    
  1572480.   42.70415690   26.7671   0.000       0.000      0.3553E-03  0.1120E-07-0.5094E-02 0.4739E-02  0.000      0.000      0.000      0.000       0.000       0.000       0.000       0.000       0.000       0.000    
  1589760.   42.70415690   26.6988   0.000       0.000      0.3539E-03  0.1106E-07-0.5074E-02 0.4720E-02  0.000      0.000      0.000      0.000       0.000       0.000       0.000       0.000       0.000       0.000    
  1607040.   42.70415690   26.6308   0.000       0.000      0.3524E-03  0.1705E-07-0.5054E-02 0.4701E-02  0.000      0.000      0.000      0.000       0.000       0.000       0.000       0.000       0.000       0.000    
  1624320.   42.70415690   26.5633   0.000       0.000      0.3510E-03  0.1081E-07-0.5033E-02 0.4682E-02  0.000      0.000      0.000      0.000       0.000       0.000       0.000       0.000       0.000       0.000    
  1641600.   42.70415690   26.4962   0.000       0.000      0.3496E-03  0.1062E-07-0.5013E-02 0.4664E-02  0.000      0.000      0.000      0.000       0.000       0.000       0.000       0.000       0.000       0.000    
  1658880.   42.70415690   26.4278   0.000       0.000      0.3481E-03  0.1079E-07-0.4993E-02 0.4645E-02  0.000      0.000      0.000      0.000       0.000       0.000       0.000       0.000       0.000       0.000    
  1676160.   42.70415690   26.3599   0.000       0.000      0.3467E-03  0.1067E-07-0.4973E-02 0.4626E-02  0.000      0.000      0.000      0.000       0.000       0.000       0.000       0.000       0.000       0.000    
  1693440.   42.70415690   26.2923   0.000       0.000      0.3453E-03  0.1055E-07-0.4953E-02 0.4607E-02  0.000      0.000      0.000      0.000       0.000       0.000       0.000       0.000       0.000       0.000    
  1710720.   42.70415690   26.2252   0.000       0.000      0.3438E-03  0.1044E-07-0.4933E-02 0.4589E-02  0.000      0.000      0.000      0.000       0.000       0.000       0.000       0.000       0.000       0.000    
  1728000.   42.70415690   26.1584   0.000       0.000      0.3424E-03  0.1033E-07-0.4913E-02 0.4570E-02  0.000      0.000      0.000      0.000       0.000       0.000       0.000       0.000       0.000       0.000    
  1745280.   42.70415690   26.0936   0.000       0.000      0.3411E-03  0.9984E-08-0.4893E-02 0.4552E-02  0.000      0.000      0.000      0.000       0.000       0.000       0.000       0.000       0.000       0.000    
  1762560.   42.70415690   26.0291   0.000       0.000      0.3397E-03  0.9890E-08-0.4874E-02 0.4534E-02  0.000      0.000      0.000      0.000       0.000       0.000       0.000       0.000       0.000       0.000    
  1779840.   42.70415690   25.9649   0.000       0.000      0.3383E-03  0.9793E-08-0.4855E-02 0.4517E-02  0.000      0.000      0.000      0.000       0.000       0.000       0.000       0.000       0.000       0.000    
  1797120.   42.70415690   25.9011   0.000       0.000      0.3370E-03  0.9698E-08-0.4836E-02 0.4499E-02  0.000      0.000      0.000      0.000       0.000       0.000       0.000       0.000       0.000       0.000    
  1814400.   42.70415690   25.8377   0.000       0.000      0.3356E-03  0.9604E-08-0.4817E-02 0.4481E-02  0.000      0.000      0.000      0.000       0.000       0.000       0.000       0.000       0.000       0.000    
  1831680.   42.70415690   25.7708   0.000       0.000      0.3342E-03  0.1009E-07-0.4797E-02 0.4463E-02  0.000      0.000      0.000      0.000       0.000       0.000       0.000       0.000       0.000       0.000    
  1848960.   42.70415690   25.7043   0.000       0.000      0.3328E-03  0.9976E-08-0.4777E-02 0.4444E-02  0.000      0.000      0.000      0.000       0.000       0.000       0.000       0.000       0.000       0.000    
  1866240.   42.70415690   25.6382   0.000       0.000      0.3314E-03  0.9878E-08-0.4757E-02 0.4426E-02  0.000      0.000      0.000      0.000       0.000       0.000       0.000       0.000       0.000       0.000    
  1883520.   42.70415690   25.5724   0.000       0.000      0.3300E-03  0.9782E-08-0.4738E-02 0.4408E-02  0.000      0.000      0.000      0.000       0.000       0.000       0.000       0.000       0.000       0.000    
  1900800.   42.70415690   25.5069   0.000       0.000      0.3286E-03  0.9686E-08-0.4718E-02 0.4389E-02  0.000      0.000      0.000      0.000       0.000       0.000       0.000       0.000       0.000       0.000    
  1918080.   42.70415690   25.4391   0.000       0.000      0.3272E-03  0.9997E-08-0.4698E-02 0.4370E-02  0.000      0.000      0.000      0.000       0.000       0.000       0.000       0.000       0.000       0.000    
  1935360.   42.70415690   25.3717   0.000       0.000      0.3258E-03  0.9890E-08-0.4678E-02 0.4352E-02  0.000      0.000      0.000      0.000       0.000       0.000       0.000       0.000       0.000       0.000    
  1952640.   42.70415690   25.3046   0.000       0.000      0.3244E-03  0.9792E-08-0.4657E-02 0.4333E-02  0.000      0.000      0.000      0.000       0.000       0.000       0.000       0.000       0.000       0.000    
  1969920.   42.70415690   25.2378   0.000       0.000      0.3229E-03  0.9695E-08-0.4637E-02 0.4315E-02  0.000      0.000      0.000      0.000       0.000       0.000       0.000       0.000       0.000       0.000    
  1987200.   42.70415690   25.1714   0.000       0.000      0.3215E-03  0.9599E-08-0.4618E-02 0.4296E-02  0.000      0.000      0.000      0.000       0.000       0.000       0.000       0.000       0.000       0.000    
  2004480.   42.70415690   25.1067   0.000       0.000      0.3202E-03  0.9318E-08-0.4598E-02 0.4278E-02  0.000      0.000      0.000      0.000       0.000       0.000       0.000       0.000       0.000       0.000    
  2021760.   42.70415690   25.0422   0.000       0.000      0.3188E-03  0.9231E-08-0.4579E-02 0.4260E-02  0.000      0.000      0.000      0.000       0.000       0.000       0.000       0.000       0.000       0.000    
  2039040.   42.70415690   24.9781   0.000       0.000      0.3174E-03  0.9141E-08-0.4560E-02 0.4242E-02  0.000      0.000      0.000      0.000       0.000       0.000       0.000       0.000       0.000       0.000    
  2056320.   42.70415690   24.9144   0.000       0.000      0.3161E-03  0.9052E-08-0.4541E-02 0.4225E-02  0.000      0.000      0.000      0.000       0.000       0.000       0.000       0.000       0.000       0.000    
  2073600.   42.70415690   24.8509   0.000       0.000      0.3148E-03  0.8964E-08-0.4522E-02 0.4207E-02  0.000      0.000      0.000      0.000       0.000       0.000       0.000       0.000       0.000       0.000    
  2090880.   42.70415690   24.7849   0.000       0.000      0.3134E-03  0.9295E-08-0.4502E-02 0.4189E-02  0.000      0.000      0.000      0.000       0.000       0.000       0.000       0.000       0.000       0.000    
  2108160.   42.70415690   24.7193   0.000       0.000      0.3120E-03  0.9193E-08-0.4482E-02 0.4170E-02  0.000      0.000      0.000      0.000       0.000       0.000       0.000       0.000       0.000       0.000    
  2125440.   42.70415690   24.6540   0.000       0.000      0.3106E-03  0.9102E-08-0.4463E-02 0.4152E-02  0.000      0.000      0.000      0.000       0.000       0.000       0.000       0.000       0.000       0.000    
  2142720.   42.70415690   24.5891   0.000       0.000      0.3092E-03  0.9011E-08-0.4443E-02 0.4134E-02  0.000      0.000      0.000      0.000       0.000       0.000       0.000       0.000       0.000       0.000    
  2160000.   42.70415690   24.5245   0.000       0.000      0.3078E-03  0.8922E-08-0.4424E-02 0.4116E-02  0.000      0.000      0.000      0.000       0.000       0.000       0.000       0.000       0.000       0.000    
  2177280.   42.70415690   24.4582   0.000       0.000      0.3064E-03  0.9121E-08-0.4404E-02 0.4098E-02  0.000      0.000      0.000      0.000       0.000       0.000       0.000       0.000       0.000       0.000    
  2194560.   42.70415690   24.3923   0.000       0.000      0.3050E-03  0.9023E-08-0.4384E-02 0.4079E-02  0.000      0.000      0.000      0.000       0.000       0.000       0.000       0.000       0.000       0.000    
  2211840.   42.70415690   24.3268   0.000       0.000      0.3037E-03  0.8933E-08-0.4365E-02 0.4061E-02  0.000      0.000      0.000      0.000       0.000       0.000       0.000       0.000       0.000       0.000    
  2229120.   42.70415690   24.2615   0.000       0.000      0.3023E-03  0.8843E-08-0.4345E-02 0.4043E-02  0.000      0.000      0.000      0.000       0.000       0.000       0.000       0.000       0.000       0.000    
  2246400.   42.70415690   24.1966   0.000       0.000      0.3009E-03  0.8754E-08-0.4326E-02 0.4025E-02  0.000      0.000      0.000      0.000       0.000       0.000       0.000       0.000       0.000       0.000    
  2263680.   42.70415690   24.1301   0.000       0.000      0.2995E-03  0.8952E-08-0.4306E-02 0.4006E-02  0.000      0.000      0.000      0.000       0.000       0.000       0.000       0.000       0.000       0.000    
  2280960.   42.70415690   24.0638   0.000       0.000      0.2981E-03  0.8855E-08-0.4286E-02 0.3988E-02  0.000      0.000      0.000      0.000       0.000       0.000       0.000       0.000       0.000       0.000    
  2298240.   42.70415690   23.9979   0.000       0.000      0.2967E-03  0.8765E-08-0.4266E-02 0.3969E-02  0.000      0.000      0.000      0.000       0.000       0.000       0.000       0.000       0.000       0.000    
  2315520.   42.70415690   23.9324   0.000       0.000      0.2953E-03  0.8676E-08-0.4246E-02 0.3951E-02  0.000      0.000      0.000      0.000       0.000       0.000       0.000       0.000       0.000       0.000    
  2332800.   42.70415690   23.8672   0.000       0.000      0.2939E-03  0.8587E-08-0.4227E-02 0.3933E-02  0.000      0.000      0.000      0.000       0.000       0.000       0.000       0.000       0.000       0.000    
  2350080.   42.70415690   23.8010   0.000       0.000      0.2925E-03  0.8684E-08-0.4207E-02 0.3915E-02  0.000      0.000      0.000      0.000       0.000       0.000       0.000       0.000       0.000       0.000    
  2367360.   42.70415690   23.7351   0.000       0.000      0.2911E-03  0.8591E-08-0.4187E-02 0.3896E-02  0.000      0.000      0.000      0.000       0.000       0.000       0.000       0.000       0.000       0.000    
  2384640.   42.70415690   23.6696   0.000       0.000      0.2897E-03  0.8503E-08-0.4168E-02 0.3878E-02  0.000      0.000      0.000      0.000       0.000       0.000       0.000       0.000       0.000       0.000    
  2401920.   42.70415690   23.6045   0.000       0.000      0.2884E-03  0.8415E-08-0.4148E-02 0.3860E-02  0.000      0.000      0.000      0.000       0.000       0.000       0.000       0.000       0.000       0.000    
  2419200.   42.70415690   23.5396   0.000       0.000      0.2870E-03  0.8329E-08-0.4129E-02 0.3842E-02  0.000      0.000      0.000      0.000       0.000       0.000       0.000       0.000       0.000       0.000    
  2436480.   42.70415690   23.4867   0.000       0.000      0.2859E-03  0.6727E-08-0.4113E-02 0.3827E-02  0.000      0.000      0.000      0.000       0.000       0.000       0.000       0.000       0.000       0.000    
  2453760.   42.70415690   23.4339   0.000       0.000      0.2847E-03  0.6699E-08-0.4097E-02 0.3812E-02  0.000      0.000      0.000      0.000       0.000       0.000       0.000       0.000       0.000       0.000    
  2471040.   42.70415690   23.3815   0.000       0.000      0.2836E-03  0.6637E-08-0.4081E-02 0.3798E-02  0.000      0.000      0.000      0.000       0.000       0.000       0.000       0.000       0.000       0.000    
  2488320.   42.70415690   23.3293   0.000       0.000      0.2825E-03  0.6576E-08-0.4066E-02 0.3783E-02  0.000      0.000      0.000      0.000       0.000       0.000       0.000       0.000       0.000       0.000    
  2505600.   42.70415690   23.2774   0.000       0.000      0.2814E-03  0.6515E-08-0.4050E-02 0.3769E-02  0.000      0.000      0.000      0.000       0.000       0.000       0.000       0.000       0.000       0.000    
  2522880.   42.70415690   23.2254   0.000       0.000      0.2803E-03  0.6509E-08-0.4034E-02 0.3754E-02  0.000      0.000      0.000      0.000       0.000       0.000       0.000       0.000       0.000       0.000    
  2540160.   42.70415690   23.1736   0.000       0.000      0.2792E-03  0.6447E-08-0.4019E-02 0.3740E-02  0.000      0.000      0.000      0.000       0.000       0.000       0.000       0.000       0.000       0.000    
  2557440.   42.70415690   23.1222   0.000       0.000      0.2781E-03  0.6387E-08-0.4003E-02 0.3725E-02  0.000      0.000      0.000      0.000       0.000       0.000       0.000       0.000       0.000       0.000    
  2574720.   42.70415690   23.0710   0.000       0.000      0.2771E-03  0.6327E-08-0.3988E-02 0.3711E-02  0.000      0.000      0.000      0.000       0.000       0.000       0.000       0.000       0.000       0.000    
  2592000.   42.70415690   23.0200   0.000       0.000      0.2760E-03  0.6268E-08-0.3973E-02 0.3697E-02  0.000      0.000      0.000      0.000       0.000       0.000       0.000       0.000       0.000       0.000    
  2609280.   42.70415690   23.0144   0.000       0.000      0.2759E-03  0.4739E-09-0.3971E-02 0.3696E-02  0.000      0.000      0.000      0.000       0.000       0.000       0.000       0.000       0.000       0.000    
  2626560.   42.70415690   23.0088   0.000       0.000      0.2757E-03  0.6030E-09-0.3970E-02 0.3694E-02  0.000      0.000      0.000      0.000       0.000       0.000       0.000       0.000       0.000       0.000    
  2643840.   42.70415690   23.0031   0.000       0.000      0.2756E-03  0.6048E-09-0.3968E-02 0.3692E-02  0.000      0.000      0.000      0.000       0.000       0.000       0.000       0.000       0.000       0.000    
  2661120.   42.70415690   22.9976   0.000       0.000      0.2755E-03  0.6040E-09-0.3966E-02 0.3690E-02  0.000      0.000      0.000      0.000       0.000       0.000       0.000       0.000       0.000       0.000    
  2678400.   42.70415690   22.9920   0.000       0.000      0.2754E-03  0.6024E-09-0.3964E-02 0.3689E-02  0.000      0.000      0.000      0.000       0.000       0.000       0.000       0.000       0.000       0.000    
  2695680.   42.70415690   23.1106   0.000       0.000      0.2779E-03 -0.1529E-07-0.4001E-02 0.3723E-02  0.000      0.000      0.000      0.000       0.000       0.000       0.000       0.000       0.000       0.000    
  2712960.   42.70415690   23.2285   0.000       0.000      0.2804E-03 -0.1498E-07-0.4036E-02 0.3755E-02  0.000      0.000      0.000      0.000       0.000       0.000       0.000       0.000       0.000       0.000    
  2730240.   42.70415690   23.3458   0.000       0.000      0.2829E-03 -0.1502E-07-0.4070E-02 0.3788E-02  0.000      0.000      0.000      0.000       0.000       0.000       0.000       0.000       0.000       0.000    
  2747520.   42.70415690   23.4625   0.000       0.000      0.2853E-03 -0.1507E-07-0.4105E-02 0.3820E-02  0.000      0.000      0.000      0.000       0.000       0.000       0.000       0.000       0.000       0.000    
  2764800.   42.70415690   23.5786   0.000       0.000      0.2878E-03 -0.1512E-07-0.4139E-02 0.3852E-02  0.000      0.000      0.000      0.000       0.000       0.000       0.000       0.000       0.000       0.000    
  2782080.   42.70415690   23.8712   0.000       0.000      0.2940E-03 -0.3914E-07-0.4229E-02 0.3935E-02  0.000      0.000      0.000      0.000       0.000       0.000       0.000       0.000       0.000       0.000    
  2799360.   42.70415690   24.1622   0.000       0.000      0.3002E-03 -0.3922E-07-0.4315E-02 0.4015E-02  0.000      0.000      0.000      0.000       0.000       0.000       0.000       0.000       0.000       0.000    
  2816640.   42.70415690   24.4516   0.000       0.000      0.3063E-03 -0.3981E-07-0.4401E-02 0.4095E-02  0.000      0.000      0.000      0.000       0.000       0.000       0.000       0.000       0.000       0.000    
  2833920.   42.70415690   24.7397   0.000       0.000      0.3124E-03 -0.4041E-07-0.4486E-02 0.4174E-02  0.000      0.000      0.000      0.000       0.000       0.000       0.000       0.000       0.000       0.000    
  2851200.   42.70415690   25.0264   0.000       0.000      0.3185E-03 -0.4099E-07-0.4572E-02 0.4253E-02  0.000      0.000      0.000      0.000       0.000       0.000       0.000       0.000       0.000       0.000    
  2868480.   42.70415690   25.0330   0.000       0.000      0.3186E-03  0.2632E-10-0.4570E-02 0.4251E-02  0.000      0.000      0.000      0.000       0.000       0.000       0.000       0.000       0.000       0.000    
  2885760.   42.70415690   25.0399   0.000       0.000      0.3188E-03 -0.8680E-09-0.4572E-02 0.4253E-02  0.000      0.000      0.000      0.000       0.000       0.000       0.000       0.000       0.000       0.000    
  2903040.   42.70415690   25.0469   0.000       0.000      0.3189E-03 -0.8963E-09-0.4574E-02 0.4255E-02  0.000      0.000      0.000      0.000       0.000       0.000       0.000       0.000       0.000       0.000    
  2920320.   42.70415690   25.0540   0.000       0.000      0.3191E-03 -0.9073E-09-0.4576E-02 0.4257E-02  0.000      0.000      0.000      0.000       0.000       0.000       0.000       0.000       0.000       0.000    
  2937600.   42.70415690   25.0611   0.000       0.000      0.3192E-03 -0.9135E-09-0.4579E-02 0.4260E-02  0.000      0.000      0.000      0.000       0.000       0.000       0.000       0.000       0.000       0.000    
  2954880.   42.70415690   25.0863   0.000       0.000      0.3197E-03 -0.3604E-08-0.4587E-02 0.4267E-02  0.000      0.000      0.000      0.000       0.000       0.000       0.000       0.000       0.000       0.000    
  2972160.   42.70415690   25.1114   0.000       0.000      0.3203E-03 -0.3538E-08-0.4594E-02 0.4274E-02  0.000      0.000      0.000      0.000       0.000       0.000       0.000       0.000       0.000       0.000    
  2989440.   42.70415690   25.1363   0.000       0.000      0.3208E-03 -0.3528E-08-0.4602E-02 0.4281E-02  0.000      0.000      0.000      0.000       0.000       0.000       0.000       0.000       0.000       0.000    
  3006720.   42.70415690   25.1611   0.000       0.000      0.3213E-03 -0.3517E-08-0.4609E-02 0.4288E-02  0.000      0.000      0.000      0.000       0.000       0.000       0.000       0.000       0.000       0.000    
  3024000.   42.70415690   25.1857   0.000       0.000      0.3218E-03 -0.3506E-08-0.4617E-02 0.4295E-02  0.000      0.000      0.000      0.000       0.000       0.000       0.000       0.000       0.000       0.000    
  3041280.   42.70415690   25.2545   0.000       0.000      0.3233E-03 -0.1012E-07-0.4638E-02 0.4315E-02  0.000      0.000      0.000      0.000       0.000       0.000       0.000       0.000       0.000       0.000    
  3058560.   42.70415690   25.3229   0.000       0.000      0.3247E-03 -0.9973E-08-0.4658E-02 0.4334E-02  0.000      0.000      0.000      0.000       0.000       0.000       0.000       0.000       0.000       0.000    
  3075840.   42.70415690   25.3909   0.000       0.000      0.3262E-03 -0.9960E-08-0.4679E-02 0.4352E-02  0.000      0.000      0.000      0.000       0.000       0.000       0.000       0.000       0.000       0.000    
  3093120.   42.70415690   25.4586   0.000       0.000      0.3276E-03 -0.9949E-08-0.4699E-02 0.4371E-02  0.000      0.000      0.000      0.000       0.000       0.000       0.000       0.000       0.000       0.000    
  3110400.   42.70415690   25.5259   0.000       0.000      0.3290E-03 -0.9938E-08-0.4719E-02 0.4390E-02  0.000      0.000      0.000      0.000       0.000       0.000       0.000       0.000       0.000       0.000    
  3127680.   42.70415690   25.5206   0.000       0.000      0.3289E-03  0.1114E-08-0.4716E-02 0.4388E-02  0.000      0.000      0.000      0.000       0.000       0.000       0.000       0.000       0.000       0.000    
  3144960.   42.70415690   25.5154   0.000       0.000      0.3288E-03  0.8717E-09-0.4715E-02 0.4386E-02  0.000      0.000      0.000      0.000       0.000       0.000       0.000       0.000       0.000       0.000    
  3162240.   42.70415690   25.5103   0.000       0.000      0.3287E-03  0.8578E-09-0.4714E-02 0.4385E-02  0.000      0.000      0.000      0.000       0.000       0.000       0.000       0.000       0.000       0.000    
  3179520.   42.70415690   25.5052   0.000       0.000      0.3286E-03  0.8487E-09-0.4712E-02 0.4384E-02  0.000      0.000      0.000      0.000       0.000       0.000       0.000       0.000       0.000       0.000    
  3196800.   42.70415690   25.5001   0.000       0.000      0.3285E-03  0.8409E-09-0.4711E-02 0.4382E-02  0.000      0.000      0.000      0.000       0.000       0.000       0.000       0.000       0.000       0.000    
  3214080.   42.70415690   25.4635   0.000       0.000      0.3277E-03  0.5619E-08-0.4700E-02 0.4372E-02  0.000      0.000      0.000      0.000       0.000       0.000       0.000       0.000       0.000       0.000    
  3231360.   42.70415690   25.4272   0.000       0.000      0.3270E-03  0.5471E-08-0.4689E-02 0.4362E-02  0.000      0.000      0.000      0.000       0.000       0.000       0.000       0.000       0.000       0.000    
  3248640.   42.70415690   25.3910   0.000       0.000      0.3262E-03  0.5423E-08-0.4678E-02 0.4352E-02  0.000      0.000      0.000      0.000       0.000       0.000       0.000       0.000       0.000       0.000    
  3265920.   42.70415690   25.3550   0.000       0.000      0.3254E-03  0.5378E-08-0.4668E-02 0.4342E-02  0.000      0.000      0.000      0.000       0.000       0.000       0.000       0.000       0.000       0.000    
  3283200.   42.70415690   25.3192   0.000       0.000      0.3247E-03  0.5334E-08-0.4657E-02 0.4333E-02  0.000      0.000      0.000      0.000       0.000       0.000       0.000       0.000       0.000       0.000    
  3300480.   42.70415690   25.2995   0.000       0.000      0.3242E-03  0.2883E-08-0.4652E-02 0.4328E-02  0.000      0.000      0.000      0.000       0.000       0.000       0.000       0.000       0.000       0.000    
  3317760.   42.70415690   25.2799   0.000       0.000      0.3238E-03  0.2914E-08-0.4646E-02 0.4322E-02  0.000      0.000      0.000      0.000       0.000       0.000       0.000       0.000       0.000       0.000    
  3335040.   42.70415690   25.2604   0.000       0.000      0.3234E-03  0.2896E-08-0.4640E-02 0.4317E-02  0.000      0.000      0.000      0.000       0.000       0.000       0.000       0.000       0.000       0.000    
  3352320.   42.70415690   25.2410   0.000       0.000      0.3230E-03  0.2877E-08-0.4635E-02 0.4312E-02  0.000      0.000      0.000      0.000       0.000       0.000       0.000       0.000       0.000       0.000    
  3369600.   42.70415690   25.2216   0.000       0.000      0.3226E-03  0.2858E-08-0.4629E-02 0.4306E-02  0.000      0.000      0.000      0.000       0.000       0.000       0.000       0.000       0.000       0.000    
  3386880.   42.70415690   25.2387   0.000       0.000      0.3230E-03 -0.2586E-08-0.4635E-02 0.4312E-02  0.000      0.000      0.000      0.000       0.000       0.000       0.000       0.000       0.000       0.000    
  3404160.   42.70415690   25.2555   0.000       0.000      0.3233E-03 -0.2457E-08-0.4640E-02 0.4316E-02  0.000      0.000      0.000      0.000       0.000       0.000       0.000       0.000       0.000       0.000    
  3421440.   42.70415690   25.2723   0.000       0.000      0.3237E-03 -0.2442E-08-0.4645E-02 0.4321E-02  0.000      0.000      0.000      0.000       0.000       0.000       0.000       0.000       0.000       0.000    
  3438720.   42.70415690   25.2890   0.000       0.000      0.3240E-03 -0.2429E-08-0.4650E-02 0.4326E-02  0.000      0.000      0.000      0.000       0.000       0.000       0.000       0.000       0.000       0.000    
  3456000.   42.70415690   25.3055   0.000       0.000      0.3244E-03 -0.2417E-08-0.4655E-02 0.4330E-02  0.000      0.000      0.000      0.000       0.000       0.000       0.000       0.000       0.000       0.000    
  3473280.   42.70415690   25.3451   0.000       0.000      0.3252E-03 -0.5883E-08-0.4667E-02 0.4341E-02  0.000      0.000      0.000      0.000       0.000       0.000       0.000       0.000       0.000       0.000    
  3490560.   42.70415690   25.3844   0.000       0.000      0.3260E-03 -0.5790E-08-0.4678E-02 0.4352E-02  0.000      0.000      0.000      0.000       0.000       0.000       0.000       0.000       0.000       0.000    
  3507840.   42.70415690   25.4236   0.000       0.000      0.3269E-03 -0.5770E-08-0.4690E-02 0.4363E-02  0.000      0.000      0.000      0.000       0.000       0.000       0.000       0.000       0.000       0.000    
  3525120.   42.70415690   25.4625   0.000       0.000      0.3277E-03 -0.5752E-08-0.4702E-02 0.4374E-02  0.000      0.000      0.000      0.000       0.000       0.000       0.000       0.000       0.000       0.000    
  3542400.   42.70415690   25.5012   0.000       0.000      0.3285E-03 -0.5734E-08-0.4713E-02 0.4385E-02  0.000      0.000      0.000      0.000       0.000       0.000       0.000       0.000       0.000       0.000    
  3559680.   42.70415690   25.5197   0.000       0.000      0.3289E-03 -0.2662E-08-0.4718E-02 0.4390E-02  0.000      0.000      0.000      0.000       0.000       0.000       0.000       0.000       0.000       0.000    
  3576960.   42.70415690   25.5381   0.000       0.000      0.3293E-03 -0.2716E-08-0.4724E-02 0.4395E-02  0.000      0.000      0.000      0.000       0.000       0.000       0.000       0.000       0.000       0.000    
  3594240.   42.70415690   25.5565   0.000       0.000      0.3297E-03 -0.2706E-08-0.4729E-02 0.4400E-02  0.000      0.000      0.000      0.000       0.000       0.000       0.000       0.000       0.000       0.000    
  3611520.   42.70415690   25.5747   0.000       0.000      0.3301E-03 -0.2695E-08-0.4735E-02 0.4405E-02  0.000      0.000      0.000      0.000       0.000       0.000       0.000       0.000       0.000       0.000    
  3628800.   42.70415690   25.5929   0.000       0.000      0.3305E-03 -0.2684E-08-0.4740E-02 0.4410E-02  0.000      0.000      0.000      0.000       0.000       0.000       0.000       0.000       0.000       0.000    
  3646080.   42.70415690   25.5655   0.000       0.000      0.3299E-03  0.4276E-08-0.4732E-02 0.4402E-02  0.000      0.000      0.000      0.000       0.000       0.000       0.000       0.000       0.000       0.000    
  3663360.   42.70415690   25.5384   0.000       0.000      0.3293E-03  0.4097E-08-0.4724E-02 0.4394E-02  0.000      0.000      0.000      0.000       0.000       0.000       0.000       0.000       0.000       0.000    
  3680640.   42.70415690   25.5114   0.000       0.000      0.3287E-03  0.4062E-08-0.4716E-02 0.4387E-02  0.000      0.000      0.000      0.000       0.000       0.000       0.000       0.000       0.000       0.000    
  3697920.   42.70415690   25.4845   0.000       0.000      0.3282E-03  0.4030E-08-0.4708E-02 0.4380E-02  0.000      0.000      0.000      0.000       0.000       0.000       0.000       0.000       0.000       0.000    
  3715200.   42.70415690   25.4578   0.000       0.000      0.3276E-03  0.3999E-08-0.4700E-02 0.4372E-02  0.000      0.000      0.000      0.000       0.000       0.000       0.000       0.000       0.000       0.000    
  3732480.   42.70415690   25.4396   0.000       0.000      0.3272E-03  0.2704E-08-0.4695E-02 0.4367E-02  0.000      0.000      0.000      0.000       0.000       0.000       0.000       0.000       0.000       0.000    
  3749760.   42.70415690   25.4214   0.000       0.000      0.3268E-03  0.2712E-08-0.4689E-02 0.4362E-02  0.000      0.000      0.000      0.000       0.000       0.000       0.000       0.000       0.000       0.000    
  3767040.   42.70415690   25.4033   0.000       0.000      0.3264E-03  0.2695E-08-0.4684E-02 0.4357E-02  0.000      0.000      0.000      0.000       0.000       0.000       0.000       0.000       0.000       0.000    
  3784320.   42.70415690   25.3853   0.000       0.000      0.3261E-03  0.2677E-08-0.4679E-02 0.4353E-02  0.000      0.000      0.000      0.000       0.000       0.000       0.000       0.000       0.000       0.000    
  3801600.   42.70415690   25.3673   0.000       0.000      0.3257E-03  0.2659E-08-0.4673E-02 0.4348E-02  0.000      0.000      0.000      0.000       0.000       0.000       0.000       0.000       0.000       0.000    
  3818880.   42.70415690   25.3785   0.000       0.000      0.3259E-03 -0.1736E-08-0.4677E-02 0.4351E-02  0.000      0.000      0.000      0.000       0.000       0.000       0.000       0.000       0.000       0.000    
  3836160.   42.70415690   25.3895   0.000       0.000      0.3262E-03 -0.1633E-08-0.4680E-02 0.4354E-02  0.000      0.000      0.000      0.000       0.000       0.000       0.000       0.000       0.000       0.000    
  3853440.   42.70415690   25.4005   0.000       0.000      0.3264E-03 -0.1622E-08-0.4684E-02 0.4357E-02  0.000      0.000      0.000      0.000       0.000       0.000       0.000       0.000       0.000       0.000    
  3870720.   42.70415690   25.4114   0.000       0.000      0.3266E-03 -0.1613E-08-0.4687E-02 0.4360E-02  0.000      0.000      0.000      0.000       0.000       0.000       0.000       0.000       0.000       0.000    
  3888000.   42.70415690   25.4223   0.000       0.000      0.3268E-03 -0.1604E-08-0.4690E-02 0.4363E-02  0.000      0.000      0.000      0.000       0.000       0.000       0.000       0.000       0.000       0.000    
  3905280.   42.70415690   25.4648   0.000       0.000      0.3277E-03 -0.6399E-08-0.4703E-02 0.4375E-02  0.000      0.000      0.000      0.000       0.000       0.000       0.000       0.000       0.000       0.000    
  3922560.   42.70415690   25.5070   0.000       0.000      0.3286E-03 -0.6278E-08-0.4716E-02 0.4387E-02  0.000      0.000      0.000      0.000       0.000       0.000       0.000       0.000       0.000       0.000    
  3939840.   42.70415690   25.5490   0.000       0.000      0.3295E-03 -0.6257E-08-0.4728E-02 0.4399E-02  0.000      0.000      0.000      0.000       0.000       0.000       0.000       0.000       0.000       0.000    
  3957120.   42.70415690   25.5907   0.000       0.000      0.3304E-03 -0.6238E-08-0.4741E-02 0.4410E-02  0.000      0.000      0.000      0.000       0.000       0.000       0.000       0.000       0.000       0.000    
  3974400.   42.70415690   25.6323   0.000       0.000      0.3313E-03 -0.6219E-08-0.4753E-02 0.4422E-02  0.000      0.000      0.000      0.000       0.000       0.000       0.000       0.000       0.000       0.000    
  3991680.   42.70415690   25.6803   0.000       0.000      0.3323E-03 -0.7229E-08-0.4767E-02 0.4435E-02  0.000      0.000      0.000      0.000       0.000       0.000       0.000       0.000       0.000       0.000    
  4008960.   42.70415690   25.7281   0.000       0.000      0.3333E-03 -0.7190E-08-0.4782E-02 0.4448E-02  0.000      0.000      0.000      0.000       0.000       0.000       0.000       0.000       0.000       0.000    
  4026240.   42.70415690   25.7756   0.000       0.000      0.3343E-03 -0.7171E-08-0.4796E-02 0.4461E-02  0.000      0.000      0.000      0.000       0.000       0.000       0.000       0.000       0.000       0.000    
  4043520.   42.70415690   25.8229   0.000       0.000      0.3353E-03 -0.7153E-08-0.4810E-02 0.4474E-02  0.000      0.000      0.000      0.000       0.000       0.000       0.000       0.000       0.000       0.000    
  4060800.   42.70415690   25.8699   0.000       0.000      0.3363E-03 -0.7136E-08-0.4824E-02 0.4487E-02  0.000      0.000      0.000      0.000       0.000       0.000       0.000       0.000       0.000       0.000    
  4078080.   42.70415690   25.8501   0.000       0.000      0.3359E-03  0.3285E-08-0.4817E-02 0.4481E-02  0.000      0.000      0.000      0.000       0.000       0.000       0.000       0.000       0.000       0.000    
  4095360.   42.70415690   25.8304   0.000       0.000      0.3355E-03  0.3044E-08-0.4811E-02 0.4476E-02  0.000      0.000      0.000      0.000       0.000       0.000       0.000       0.000       0.000       0.000    
  4112640.   42.70415690   25.8108   0.000       0.000      0.3351E-03  0.3015E-08-0.4805E-02 0.4470E-02  0.000      0.000      0.000      0.000       0.000       0.000       0.000       0.000       0.000       0.000    
  4129920.   42.70415690   25.7914   0.000       0.000      0.3347E-03  0.2991E-08-0.4800E-02 0.4465E-02  0.000      0.000      0.000      0.000       0.000       0.000       0.000       0.000       0.000       0.000    
  4147200.   42.70415690   25.7720   0.000       0.000      0.3343E-03  0.2969E-08-0.4794E-02 0.4460E-02  0.000      0.000      0.000      0.000       0.000       0.000       0.000       0.000       0.000       0.000    
  4164480.   42.70415690   25.7280   0.000       0.000      0.3333E-03  0.6771E-08-0.4781E-02 0.4447E-02  0.000      0.000      0.000      0.000       0.000       0.000       0.000       0.000       0.000       0.000    
  4181760.   42.70415690   25.6843   0.000       0.000      0.3324E-03  0.6632E-08-0.4768E-02 0.4435E-02  0.000      0.000      0.000      0.000       0.000       0.000       0.000       0.000       0.000       0.000    
  4199040.   42.70415690   25.6407   0.000       0.000      0.3315E-03  0.6573E-08-0.4755E-02 0.4423E-02  0.000      0.000      0.000      0.000       0.000       0.000       0.000       0.000       0.000       0.000    
  4216320.   42.70415690   25.5974   0.000       0.000      0.3306E-03  0.6517E-08-0.4742E-02 0.4411E-02  0.000      0.000      0.000      0.000       0.000       0.000       0.000       0.000       0.000       0.000    
  4233600.   42.70415690   25.5543   0.000       0.000      0.3296E-03  0.6462E-08-0.4729E-02 0.4400E-02  0.000      0.000      0.000      0.000       0.000       0.000       0.000       0.000       0.000       0.000    
  4250880.   42.70415690   25.5063   0.000       0.000      0.3286E-03  0.7190E-08-0.4715E-02 0.4386E-02  0.000      0.000      0.000      0.000       0.000       0.000       0.000       0.000       0.000       0.000    
  4268160.   42.70415690   25.4585   0.000       0.000      0.3276E-03  0.7111E-08-0.4701E-02 0.4373E-02  0.000      0.000      0.000      0.000       0.000       0.000       0.000       0.000       0.000       0.000    
  4285440.   42.70415690   25.4109   0.000       0.000      0.3266E-03  0.7049E-08-0.4687E-02 0.4360E-02  0.000      0.000      0.000      0.000       0.000       0.000       0.000       0.000       0.000       0.000    
  4302720.   42.70415690   25.3636   0.000       0.000      0.3256E-03  0.6988E-08-0.4673E-02 0.4347E-02  0.000      0.000      0.000      0.000       0.000       0.000       0.000       0.000       0.000       0.000    
  4320000.   42.70415690   25.3165   0.000       0.000      0.3246E-03  0.6928E-08-0.4659E-02 0.4334E-02  0.000      0.000      0.000      0.000       0.000       0.000       0.000       0.000       0.000       0.000    
  4337280.   42.70415690   25.2646   0.000       0.000      0.3235E-03  0.7610E-08-0.4643E-02 0.4320E-02  0.000      0.000      0.000      0.000       0.000       0.000       0.000       0.000       0.000       0.000    
  4354560.   42.70415690   25.2131   0.000       0.000      0.3224E-03  0.7526E-08-0.4628E-02 0.4305E-02  0.000      0.000      0.000      0.000       0.000       0.000       0.000       0.000       0.000       0.000    
  4371840.   42.70415690   25.1618   0.000       0.000      0.3213E-03  0.7459E-08-0.4612E-02 0.4291E-02  0.000      0.000      0.000      0.000       0.000       0.000       0.000       0.000       0.000       0.000    
  4389120.   42.70415690   25.1107   0.000       0.000      0.3203E-03  0.7393E-08-0.4597E-02 0.4277E-02  0.000      0.000      0.000      0.000       0.000       0.000       0.000       0.000       0.000       0.000    
  4406400.   42.70415690   25.0599   0.000       0.000      0.3192E-03  0.7327E-08-0.4582E-02 0.4263E-02  0.000      0.000      0.000      0.000       0.000       0.000       0.000       0.000       0.000       0.000    
