TOTIM (T)      HCON          HMAT      QDIR      QWELL        QMAT       QCADS      QTUB1      QTUB2      QTUB3      QTUB4      QTUB5      QTUB6       NSTOR        QFIX        QLH     FHLQ (LQ)        CAUCHY   CAUCHY (LQ)
    86400.   42.70415690   24.9085   0.000       0.000      0.3159E-03   0.000    -0.3868E-02 0.3552E-02  0.000      0.000      0.000      0.000       0.000       0.000       0.000       0.000       0.000       0.000    
   103680.   42.70415690   24.8295   0.000       0.000      0.3143E-03  0.9440E-07-0.3524E-02 0.3210E-02  0.000      0.000      0.000      0.000       0.000       0.000       0.000       0.000       0.000       0.000    
   120960.   42.70415690   24.7516   0.000       0.000      0.3127E-03  0.1160E-07-0.3504E-02 0.3192E-02  0.000      0.000      0.000      0.000       0.000       0.000       0.000       0.000       0.000       0.000    
   138240.   42.70415690   24.6746   0.000       0.000      0.3110E-03  0.1070E-07-0.3487E-02 0.3176E-02  0.000      0.000      0.000      0.000       0.000       0.000       0.000       0.000       0.000       0.000    
   155520.   42.70415690   24.5984   0.000       0.000      0.3094E-03  0.1055E-07-0.3469E-02 0.3160E-02  0.000      0.000      0.000      0.000       0.000       0.000       0.000       0.000       0.000       0.000    
   172800.   42.70415690   24.5229   0.000       0.000      0.3078E-03  0.1042E-07-0.3452E-02 0.3144E-02  0.000      0.000      0.000      0.000       0.000       0.000       0.000       0.000       0.000       0.000    
   190080.   42.70415690   24.4746   0.000       0.000      0.3068E-03  0.6512E-08-0.3441E-02 0.3134E-02  0.000      0.000      0.000      0.000       0.000       0.000       0.000       0.000       0.000       0.000    
   207360.   42.70415690   24.4267   0.000       0.000      0.3058E-03  0.6528E-08-0.3430E-02 0.3124E-02  0.000      0.000      0.000      0.000       0.000       0.000       0.000       0.000       0.000       0.000    
   224640.   42.70415690   24.3792   0.000       0.000      0.3048E-03  0.6463E-08-0.3419E-02 0.3114E-02  0.000      0.000      0.000      0.000       0.000       0.000       0.000       0.000       0.000       0.000    
   241920.   42.70415690   24.3320   0.000       0.000      0.3038E-03  0.6400E-08-0.3408E-02 0.3104E-02  0.000      0.000      0.000      0.000       0.000       0.000       0.000       0.000       0.000       0.000    
   259200.   42.70415690   24.2852   0.000       0.000      0.3028E-03  0.6339E-08-0.3397E-02 0.3094E-02  0.000      0.000      0.000      0.000       0.000       0.000       0.000       0.000       0.000       0.000    
   276480.   42.70415690   24.2458   0.000       0.000      0.3019E-03  0.5272E-08-0.3388E-02 0.3086E-02  0.000      0.000      0.000      0.000       0.000       0.000       0.000       0.000       0.000       0.000    
   293760.   42.70415690   24.2067   0.000       0.000      0.3011E-03  0.5248E-08-0.3379E-02 0.3078E-02  0.000      0.000      0.000      0.000       0.000       0.000       0.000       0.000       0.000       0.000    
   311040.   42.70415690   24.1678   0.000       0.000      0.3003E-03  0.5203E-08-0.3370E-02 0.3069E-02  0.000      0.000      0.000      0.000       0.000       0.000       0.000       0.000       0.000       0.000    
   328320.   42.70415690   24.1292   0.000       0.000      0.2995E-03  0.5159E-08-0.3361E-02 0.3061E-02  0.000      0.000      0.000      0.000       0.000       0.000       0.000       0.000       0.000       0.000    
   345600.   42.70415690   24.0907   0.000       0.000      0.2987E-03  0.5115E-08-0.3352E-02 0.3053E-02  0.000      0.000      0.000      0.000       0.000       0.000       0.000       0.000       0.000       0.000    
   362880.   42.70415690   24.0861   0.000       0.000      0.2986E-03  0.4275E-09-0.3351E-02 0.3052E-02  0.000      0.000      0.000      0.000       0.000       0.000       0.000       0.000       0.000       0.000    
   380160.   42.70415690   24.0814   0.000       0.000      0.2985E-03  0.5304E-09-0.3350E-02 0.3051E-02  0.000      0.000      0.000      0.000       0.000       0.000       0.000       0.000       0.000       0.000    
   397440.   42.70415690   24.0768   0.000       0.000      0.2984E-03  0.5306E-09-0.3349E-02 0.3050E-02  0.000      0.000      0.000      0.000       0.000       0.000       0.000       0.000       0.000       0.000    
   414720.   42.70415690   24.0722   0.000       0.000      0.2983E-03  0.5289E-09-0.3347E-02 0.3049E-02  0.000      0.000      0.000      0.000       0.000       0.000       0.000       0.000       0.000       0.000    
   432000.   42.70415690   24.0676   0.000       0.000      0.2982E-03  0.5267E-09-0.3346E-02 0.3048E-02  0.000      0.000      0.000      0.000       0.000       0.000       0.000       0.000       0.000       0.000    
   449280.   42.70415690   24.0886   0.000       0.000      0.2986E-03 -0.3010E-08-0.3352E-02 0.3053E-02  0.000      0.000      0.000      0.000       0.000       0.000       0.000       0.000       0.000       0.000    
   466560.   42.70415690   24.1095   0.000       0.000      0.2991E-03 -0.2918E-08-0.3356E-02 0.3057E-02  0.000      0.000      0.000      0.000       0.000       0.000       0.000       0.000       0.000       0.000    
   483840.   42.70415690   24.1303   0.000       0.000      0.2995E-03 -0.2903E-08-0.3361E-02 0.3062E-02  0.000      0.000      0.000      0.000       0.000       0.000       0.000       0.000       0.000       0.000    
   501120.   42.70415690   24.1511   0.000       0.000      0.2999E-03 -0.2890E-08-0.3366E-02 0.3066E-02  0.000      0.000      0.000      0.000       0.000       0.000       0.000       0.000       0.000       0.000    
   518400.   42.70415690   24.1717   0.000       0.000      0.3004E-03 -0.2878E-08-0.3371E-02 0.3070E-02  0.000      0.000      0.000      0.000       0.000       0.000       0.000       0.000       0.000       0.000    
   535680.   42.70415690   24.1725   0.000       0.000      0.3004E-03 -0.1086E-09-0.3371E-02 0.3070E-02  0.000      0.000      0.000      0.000       0.000       0.000       0.000       0.000       0.000       0.000    
   552960.   42.70415690   24.1734   0.000       0.000      0.3004E-03 -0.1704E-09-0.3371E-02 0.3070E-02  0.000      0.000      0.000      0.000       0.000       0.000       0.000       0.000       0.000       0.000    
   570240.   42.70415690   24.1743   0.000       0.000      0.3004E-03 -0.1716E-09-0.3371E-02 0.3070E-02  0.000      0.000      0.000      0.000       0.000       0.000       0.000       0.000       0.000       0.000    
   587520.   42.70415690   24.1752   0.000       0.000      0.3004E-03 -0.1718E-09-0.3371E-02 0.3071E-02  0.000      0.000      0.000      0.000       0.000       0.000       0.000       0.000       0.000       0.000    
   604800.   42.70415690   24.1762   0.000       0.000      0.3005E-03 -0.1716E-09-0.3371E-02 0.3071E-02  0.000      0.000      0.000      0.000       0.000       0.000       0.000       0.000       0.000       0.000    
   622080.   42.70415690   24.1841   0.000       0.000      0.3006E-03 -0.1148E-08-0.3373E-02 0.3073E-02  0.000      0.000      0.000      0.000       0.000       0.000       0.000       0.000       0.000       0.000    
   639360.   42.70415690   24.1920   0.000       0.000      0.3008E-03 -0.1121E-08-0.3375E-02 0.3074E-02  0.000      0.000      0.000      0.000       0.000       0.000       0.000       0.000       0.000       0.000    
   656640.   42.70415690   24.1999   0.000       0.000      0.3010E-03 -0.1115E-08-0.3377E-02 0.3076E-02  0.000      0.000      0.000      0.000       0.000       0.000       0.000       0.000       0.000       0.000    
   673920.   42.70415690   24.2078   0.000       0.000      0.3011E-03 -0.1109E-08-0.3379E-02 0.3077E-02  0.000      0.000      0.000      0.000       0.000       0.000       0.000       0.000       0.000       0.000    
   691200.   42.70415690   24.2156   0.000       0.000      0.3013E-03 -0.1104E-08-0.3380E-02 0.3079E-02  0.000      0.000      0.000      0.000       0.000       0.000       0.000       0.000       0.000       0.000    
   708480.   42.70415690   24.2920   0.000       0.000      0.3029E-03 -0.1074E-07-0.3399E-02 0.3096E-02  0.000      0.000      0.000      0.000       0.000       0.000       0.000       0.000       0.000       0.000    
   725760.   42.70415690   24.3680   0.000       0.000      0.3045E-03 -0.1052E-07-0.3417E-02 0.3112E-02  0.000      0.000      0.000      0.000       0.000       0.000       0.000       0.000       0.000       0.000    
   743040.   42.70415690   24.4436   0.000       0.000      0.3061E-03 -0.1051E-07-0.3434E-02 0.3128E-02  0.000      0.000      0.000      0.000       0.000       0.000       0.000       0.000       0.000       0.000    
   760320.   42.70415690   24.5188   0.000       0.000      0.3077E-03 -0.1051E-07-0.3452E-02 0.3144E-02  0.000      0.000      0.000      0.000       0.000       0.000       0.000       0.000       0.000       0.000    
   777600.   42.70415690   24.5937   0.000       0.000      0.3093E-03 -0.1050E-07-0.3469E-02 0.3160E-02  0.000      0.000      0.000      0.000       0.000       0.000       0.000       0.000       0.000       0.000    
   794880.   42.70415690   24.7295   0.000       0.000      0.3122E-03 -0.1938E-07-0.3502E-02 0.3190E-02  0.000      0.000      0.000      0.000       0.000       0.000       0.000       0.000       0.000       0.000    
   812160.   42.70415690   24.8645   0.000       0.000      0.3150E-03 -0.1926E-07-0.3534E-02 0.3219E-02  0.000      0.000      0.000      0.000       0.000       0.000       0.000       0.000       0.000       0.000    
   829440.   42.70415690   24.9989   0.000       0.000      0.3179E-03 -0.1932E-07-0.3565E-02 0.3247E-02  0.000      0.000      0.000      0.000       0.000       0.000       0.000       0.000       0.000       0.000    
   846720.   42.70415690   25.1327   0.000       0.000      0.3207E-03 -0.1939E-07-0.3596E-02 0.3275E-02  0.000      0.000      0.000      0.000       0.000       0.000       0.000       0.000       0.000       0.000    
   864000.   42.70415690   25.2659   0.000       0.000      0.3235E-03 -0.1946E-07-0.3627E-02 0.3304E-02  0.000      0.000      0.000      0.000       0.000       0.000       0.000       0.000       0.000       0.000    
   881280.   42.70415690   25.3442   0.000       0.000      0.3252E-03 -0.1131E-07-0.3645E-02 0.3320E-02  0.000      0.000      0.000      0.000       0.000       0.000       0.000       0.000       0.000       0.000    
   898560.   42.70415690   25.4223   0.000       0.000      0.3268E-03 -0.1149E-07-0.3663E-02 0.3336E-02  0.000      0.000      0.000      0.000       0.000       0.000       0.000       0.000       0.000       0.000    
   915840.   42.70415690   25.5000   0.000       0.000      0.3285E-03 -0.1149E-07-0.3681E-02 0.3353E-02  0.000      0.000      0.000      0.000       0.000       0.000       0.000       0.000       0.000       0.000    
   933120.   42.70415690   25.5774   0.000       0.000      0.3301E-03 -0.1149E-07-0.3699E-02 0.3369E-02  0.000      0.000      0.000      0.000       0.000       0.000       0.000       0.000       0.000       0.000    
   950400.   42.70415690   25.6544   0.000       0.000      0.3318E-03 -0.1149E-07-0.3717E-02 0.3386E-02  0.000      0.000      0.000      0.000       0.000       0.000       0.000       0.000       0.000       0.000    
   967680.   42.70415690   25.8028   0.000       0.000      0.3349E-03 -0.2266E-07-0.3753E-02 0.3418E-02  0.000      0.000      0.000      0.000       0.000       0.000       0.000       0.000       0.000       0.000    
   984960.   42.70415690   25.9504   0.000       0.000      0.3380E-03 -0.2251E-07-0.3788E-02 0.3450E-02  0.000      0.000      0.000      0.000       0.000       0.000       0.000       0.000       0.000       0.000    
  1002240.   42.70415690   26.0973   0.000       0.000      0.3411E-03 -0.2260E-07-0.3822E-02 0.3481E-02  0.000      0.000      0.000      0.000       0.000       0.000       0.000       0.000       0.000       0.000    
  1019520.   42.70415690   26.2435   0.000       0.000      0.3442E-03 -0.2268E-07-0.3856E-02 0.3512E-02  0.000      0.000      0.000      0.000       0.000       0.000       0.000       0.000       0.000       0.000    
  1036800.   42.70415690   26.3889   0.000       0.000      0.3473E-03 -0.2277E-07-0.3890E-02 0.3543E-02  0.000      0.000      0.000      0.000       0.000       0.000       0.000       0.000       0.000       0.000    
  1054080.   42.70415690   26.6371   0.000       0.000      0.3526E-03 -0.3980E-07-0.3949E-02 0.3597E-02  0.000      0.000      0.000      0.000       0.000       0.000       0.000       0.000       0.000       0.000    
  1071360.   42.70415690   26.8840   0.000       0.000      0.3578E-03 -0.3983E-07-0.4007E-02 0.3649E-02  0.000      0.000      0.000      0.000       0.000       0.000       0.000       0.000       0.000       0.000    
  1088640.   42.70415690   27.1296   0.000       0.000      0.3630E-03 -0.4662E-07-0.4064E-02 0.3701E-02  0.000      0.000      0.000      0.000       0.000       0.000       0.000       0.000       0.000       0.000    
  1105920.   42.70415690   27.3740   0.000       0.000      0.3682E-03 -0.4077E-07-0.4122E-02 0.3754E-02  0.000      0.000      0.000      0.000       0.000       0.000       0.000       0.000       0.000       0.000    
  1123200.   42.70415690   27.6170   0.000       0.000      0.3733E-03 -0.4104E-07-0.4178E-02 0.3805E-02  0.000      0.000      0.000      0.000       0.000       0.000       0.000       0.000       0.000       0.000    
  1140480.   42.70415690   27.6704   0.000       0.000      0.3744E-03 -0.8106E-08-0.4188E-02 0.3814E-02  0.000      0.000      0.000      0.000       0.000       0.000       0.000       0.000       0.000       0.000    
  1157760.   42.70415690   27.7236   0.000       0.000      0.3756E-03 -0.8760E-08-0.4201E-02 0.3826E-02  0.000      0.000      0.000      0.000       0.000       0.000       0.000       0.000       0.000       0.000    
  1175040.   42.70415690   27.7764   0.000       0.000      0.3767E-03 -0.8749E-08-0.4214E-02 0.3837E-02  0.000      0.000      0.000      0.000       0.000       0.000       0.000       0.000       0.000       0.000    
  1192320.   42.70415690   27.8289   0.000       0.000      0.3778E-03 -0.8727E-08-0.4226E-02 0.3848E-02  0.000      0.000      0.000      0.000       0.000       0.000       0.000       0.000       0.000       0.000    
  1209600.   42.70415690   27.8811   0.000       0.000      0.3789E-03 -0.8704E-08-0.4239E-02 0.3860E-02  0.000      0.000      0.000      0.000       0.000       0.000       0.000       0.000       0.000       0.000    
  1226880.   42.70415690   27.8636   0.000       0.000      0.3785E-03  0.3659E-08-0.4234E-02 0.3855E-02  0.000      0.000      0.000      0.000       0.000       0.000       0.000       0.000       0.000       0.000    
  1244160.   42.70415690   27.8460   0.000       0.000      0.3782E-03  0.3382E-08-0.4230E-02 0.3852E-02  0.000      0.000      0.000      0.000       0.000       0.000       0.000       0.000       0.000       0.000    
  1261440.   42.70415690   27.8285   0.000       0.000      0.3778E-03  0.3352E-08-0.4226E-02 0.3848E-02  0.000      0.000      0.000      0.000       0.000       0.000       0.000       0.000       0.000       0.000    
  1278720.   42.70415690   27.8111   0.000       0.000      0.3774E-03  0.3328E-08-0.4222E-02 0.3845E-02  0.000      0.000      0.000      0.000       0.000       0.000       0.000       0.000       0.000       0.000    
  1296000.   42.70415690   27.7936   0.000       0.000      0.3770E-03  0.3305E-08-0.4218E-02 0.3841E-02  0.000      0.000      0.000      0.000       0.000       0.000       0.000       0.000       0.000       0.000    
  1313280.   42.70415690   27.7541   0.000       0.000      0.3762E-03  0.7166E-08-0.4209E-02 0.3833E-02  0.000      0.000      0.000      0.000       0.000       0.000       0.000       0.000       0.000       0.000    
  1330560.   42.70415690   27.7147   0.000       0.000      0.3754E-03  0.7029E-08-0.4200E-02 0.3824E-02  0.000      0.000      0.000      0.000       0.000       0.000       0.000       0.000       0.000       0.000    
  1347840.   42.70415690   27.6754   0.000       0.000      0.3745E-03  0.6972E-08-0.4191E-02 0.3816E-02  0.000      0.000      0.000      0.000       0.000       0.000       0.000       0.000       0.000       0.000    
  1365120.   42.70415690   27.6363   0.000       0.000      0.3737E-03  0.6916E-08-0.4182E-02 0.3808E-02  0.000      0.000      0.000      0.000       0.000       0.000       0.000       0.000       0.000       0.000    
  1382400.   42.70415690   27.5973   0.000       0.000      0.3729E-03  0.6862E-08-0.4173E-02 0.3800E-02  0.000      0.000      0.000      0.000       0.000       0.000       0.000       0.000       0.000       0.000    
  1399680.   42.70415690   27.5444   0.000       0.000      0.3718E-03  0.9243E-08-0.4160E-02 0.3789E-02  0.000      0.000      0.000      0.000       0.000       0.000       0.000       0.000       0.000       0.000    
  1416960.   42.70415690   27.4918   0.000       0.000      0.3707E-03  0.9114E-08-0.4148E-02 0.3778E-02  0.000      0.000      0.000      0.000       0.000       0.000       0.000       0.000       0.000       0.000    
  1434240.   42.70415690   27.4394   0.000       0.000      0.3695E-03  0.9034E-08-0.4136E-02 0.3767E-02  0.000      0.000      0.000      0.000       0.000       0.000       0.000       0.000       0.000       0.000    
  1451520.   42.70415690   27.3871   0.000       0.000      0.3684E-03  0.8956E-08-0.4124E-02 0.3756E-02  0.000      0.000      0.000      0.000       0.000       0.000       0.000       0.000       0.000       0.000    
  1468800.   42.70415690   27.3351   0.000       0.000      0.3673E-03  0.8879E-08-0.4112E-02 0.3745E-02  0.000      0.000      0.000      0.000       0.000       0.000       0.000       0.000       0.000       0.000    
  1486080.   42.70415690   27.2724   0.000       0.000      0.3660E-03  0.1067E-07-0.4097E-02 0.3731E-02  0.000      0.000      0.000      0.000       0.000       0.000       0.000       0.000       0.000       0.000    
  1503360.   42.70415690   27.2099   0.000       0.000      0.3647E-03  0.1053E-07-0.4083E-02 0.3718E-02  0.000      0.000      0.000      0.000       0.000       0.000       0.000       0.000       0.000       0.000    
  1520640.   42.70415690   27.1478   0.000       0.000      0.3634E-03  0.1043E-07-0.4068E-02 0.3705E-02  0.000      0.000      0.000      0.000       0.000       0.000       0.000       0.000       0.000       0.000    
  1537920.   42.70415690   27.0859   0.000       0.000      0.3621E-03  0.1034E-07-0.4054E-02 0.3692E-02  0.000      0.000      0.000      0.000       0.000       0.000       0.000       0.000       0.000       0.000    
  1555200.   42.70415690   27.0242   0.000       0.000      0.3608E-03  0.1024E-07-0.4040E-02 0.3679E-02  0.000      0.000      0.000      0.000       0.000       0.000       0.000       0.000       0.000       0.000    
  1572480.   42.70415690   26.9556   0.000       0.000      0.3593E-03  0.1137E-07-0.4024E-02 0.3664E-02  0.000      0.000      0.000      0.000       0.000       0.000       0.000       0.000       0.000       0.000    
  1589760.   42.70415690   26.8873   0.000       0.000      0.3579E-03  0.1124E-07-0.4008E-02 0.3650E-02  0.000      0.000      0.000      0.000       0.000       0.000       0.000       0.000       0.000       0.000    
  1607040.   42.70415690   26.8193   0.000       0.000      0.3564E-03  0.1722E-07-0.3992E-02 0.3636E-02  0.000      0.000      0.000      0.000       0.000       0.000       0.000       0.000       0.000       0.000    
  1624320.   42.70415690   26.7517   0.000       0.000      0.3550E-03  0.1098E-07-0.3976E-02 0.3621E-02  0.000      0.000      0.000      0.000       0.000       0.000       0.000       0.000       0.000       0.000    
  1641600.   42.70415690   26.6846   0.000       0.000      0.3536E-03  0.1079E-07-0.3960E-02 0.3607E-02  0.000      0.000      0.000      0.000       0.000       0.000       0.000       0.000       0.000       0.000    
  1658880.   42.70415690   26.6160   0.000       0.000      0.3521E-03  0.1096E-07-0.3944E-02 0.3592E-02  0.000      0.000      0.000      0.000       0.000       0.000       0.000       0.000       0.000       0.000    
  1676160.   42.70415690   26.5479   0.000       0.000      0.3507E-03  0.1083E-07-0.3928E-02 0.3578E-02  0.000      0.000      0.000      0.000       0.000       0.000       0.000       0.000       0.000       0.000    
  1693440.   42.70415690   26.4802   0.000       0.000      0.3492E-03  0.1072E-07-0.3913E-02 0.3563E-02  0.000      0.000      0.000      0.000       0.000       0.000       0.000       0.000       0.000       0.000    
  1710720.   42.70415690   26.4128   0.000       0.000      0.3478E-03  0.1061E-07-0.3897E-02 0.3549E-02  0.000      0.000      0.000      0.000       0.000       0.000       0.000       0.000       0.000       0.000    
  1728000.   42.70415690   26.3458   0.000       0.000      0.3464E-03  0.1050E-07-0.3881E-02 0.3535E-02  0.000      0.000      0.000      0.000       0.000       0.000       0.000       0.000       0.000       0.000    
  1745280.   42.70415690   26.2808   0.000       0.000      0.3450E-03  0.1014E-07-0.3866E-02 0.3521E-02  0.000      0.000      0.000      0.000       0.000       0.000       0.000       0.000       0.000       0.000    
  1762560.   42.70415690   26.2161   0.000       0.000      0.3437E-03  0.1005E-07-0.3851E-02 0.3507E-02  0.000      0.000      0.000      0.000       0.000       0.000       0.000       0.000       0.000       0.000    
  1779840.   42.70415690   26.1517   0.000       0.000      0.3423E-03  0.9949E-08-0.3836E-02 0.3493E-02  0.000      0.000      0.000      0.000       0.000       0.000       0.000       0.000       0.000       0.000    
  1797120.   42.70415690   26.0877   0.000       0.000      0.3409E-03  0.9852E-08-0.3821E-02 0.3480E-02  0.000      0.000      0.000      0.000       0.000       0.000       0.000       0.000       0.000       0.000    
  1814400.   42.70415690   26.0240   0.000       0.000      0.3396E-03  0.9757E-08-0.3806E-02 0.3466E-02  0.000      0.000      0.000      0.000       0.000       0.000       0.000       0.000       0.000       0.000    
  1831680.   42.70415690   25.9569   0.000       0.000      0.3382E-03  0.1025E-07-0.3790E-02 0.3452E-02  0.000      0.000      0.000      0.000       0.000       0.000       0.000       0.000       0.000       0.000    
  1848960.   42.70415690   25.8901   0.000       0.000      0.3368E-03  0.1014E-07-0.3774E-02 0.3438E-02  0.000      0.000      0.000      0.000       0.000       0.000       0.000       0.000       0.000       0.000    
  1866240.   42.70415690   25.8237   0.000       0.000      0.3354E-03  0.1004E-07-0.3759E-02 0.3423E-02  0.000      0.000      0.000      0.000       0.000       0.000       0.000       0.000       0.000       0.000    
  1883520.   42.70415690   25.7576   0.000       0.000      0.3340E-03  0.9937E-08-0.3743E-02 0.3409E-02  0.000      0.000      0.000      0.000       0.000       0.000       0.000       0.000       0.000       0.000    
  1900800.   42.70415690   25.6919   0.000       0.000      0.3326E-03  0.9840E-08-0.3728E-02 0.3395E-02  0.000      0.000      0.000      0.000       0.000       0.000       0.000       0.000       0.000       0.000    
  1918080.   42.70415690   25.6238   0.000       0.000      0.3311E-03  0.1016E-07-0.3712E-02 0.3381E-02  0.000      0.000      0.000      0.000       0.000       0.000       0.000       0.000       0.000       0.000    
  1935360.   42.70415690   25.5561   0.000       0.000      0.3297E-03  0.1005E-07-0.3696E-02 0.3366E-02  0.000      0.000      0.000      0.000       0.000       0.000       0.000       0.000       0.000       0.000    
  1952640.   42.70415690   25.4888   0.000       0.000      0.3283E-03  0.9948E-08-0.3680E-02 0.3352E-02  0.000      0.000      0.000      0.000       0.000       0.000       0.000       0.000       0.000       0.000    
  1969920.   42.70415690   25.4217   0.000       0.000      0.3268E-03  0.9850E-08-0.3664E-02 0.3338E-02  0.000      0.000      0.000      0.000       0.000       0.000       0.000       0.000       0.000       0.000    
  1987200.   42.70415690   25.3551   0.000       0.000      0.3254E-03  0.9752E-08-0.3649E-02 0.3323E-02  0.000      0.000      0.000      0.000       0.000       0.000       0.000       0.000       0.000       0.000    
  2004480.   42.70415690   25.2900   0.000       0.000      0.3241E-03  0.9467E-08-0.3634E-02 0.3310E-02  0.000      0.000      0.000      0.000       0.000       0.000       0.000       0.000       0.000       0.000    
  2021760.   42.70415690   25.2253   0.000       0.000      0.3227E-03  0.9379E-08-0.3618E-02 0.3296E-02  0.000      0.000      0.000      0.000       0.000       0.000       0.000       0.000       0.000       0.000    
  2039040.   42.70415690   25.1609   0.000       0.000      0.3213E-03  0.9287E-08-0.3603E-02 0.3282E-02  0.000      0.000      0.000      0.000       0.000       0.000       0.000       0.000       0.000       0.000    
  2056320.   42.70415690   25.0968   0.000       0.000      0.3200E-03  0.9197E-08-0.3588E-02 0.3268E-02  0.000      0.000      0.000      0.000       0.000       0.000       0.000       0.000       0.000       0.000    
  2073600.   42.70415690   25.0331   0.000       0.000      0.3186E-03  0.9108E-08-0.3573E-02 0.3255E-02  0.000      0.000      0.000      0.000       0.000       0.000       0.000       0.000       0.000       0.000    
  2090880.   42.70415690   24.9668   0.000       0.000      0.3172E-03  0.9444E-08-0.3558E-02 0.3240E-02  0.000      0.000      0.000      0.000       0.000       0.000       0.000       0.000       0.000       0.000    
  2108160.   42.70415690   24.9009   0.000       0.000      0.3158E-03  0.9341E-08-0.3542E-02 0.3226E-02  0.000      0.000      0.000      0.000       0.000       0.000       0.000       0.000       0.000       0.000    
  2125440.   42.70415690   24.8353   0.000       0.000      0.3144E-03  0.9248E-08-0.3527E-02 0.3212E-02  0.000      0.000      0.000      0.000       0.000       0.000       0.000       0.000       0.000       0.000    
  2142720.   42.70415690   24.7700   0.000       0.000      0.3130E-03  0.9156E-08-0.3512E-02 0.3198E-02  0.000      0.000      0.000      0.000       0.000       0.000       0.000       0.000       0.000       0.000    
  2160000.   42.70415690   24.7051   0.000       0.000      0.3117E-03  0.9065E-08-0.3496E-02 0.3185E-02  0.000      0.000      0.000      0.000       0.000       0.000       0.000       0.000       0.000       0.000    
  2177280.   42.70415690   24.6385   0.000       0.000      0.3103E-03  0.9268E-08-0.3481E-02 0.3170E-02  0.000      0.000      0.000      0.000       0.000       0.000       0.000       0.000       0.000       0.000    
  2194560.   42.70415690   24.5723   0.000       0.000      0.3089E-03  0.9168E-08-0.3465E-02 0.3156E-02  0.000      0.000      0.000      0.000       0.000       0.000       0.000       0.000       0.000       0.000    
  2211840.   42.70415690   24.5064   0.000       0.000      0.3075E-03  0.9076E-08-0.3450E-02 0.3142E-02  0.000      0.000      0.000      0.000       0.000       0.000       0.000       0.000       0.000       0.000    
  2229120.   42.70415690   24.4409   0.000       0.000      0.3061E-03  0.8985E-08-0.3434E-02 0.3128E-02  0.000      0.000      0.000      0.000       0.000       0.000       0.000       0.000       0.000       0.000    
  2246400.   42.70415690   24.3756   0.000       0.000      0.3047E-03  0.8895E-08-0.3419E-02 0.3114E-02  0.000      0.000      0.000      0.000       0.000       0.000       0.000       0.000       0.000       0.000    
  2263680.   42.70415690   24.3087   0.000       0.000      0.3033E-03  0.9096E-08-0.3403E-02 0.3100E-02  0.000      0.000      0.000      0.000       0.000       0.000       0.000       0.000       0.000       0.000    
  2280960.   42.70415690   24.2421   0.000       0.000      0.3019E-03  0.8997E-08-0.3388E-02 0.3086E-02  0.000      0.000      0.000      0.000       0.000       0.000       0.000       0.000       0.000       0.000    
  2298240.   42.70415690   24.1759   0.000       0.000      0.3005E-03  0.8906E-08-0.3372E-02 0.3072E-02  0.000      0.000      0.000      0.000       0.000       0.000       0.000       0.000       0.000       0.000    
  2315520.   42.70415690   24.1100   0.000       0.000      0.2991E-03  0.8815E-08-0.3357E-02 0.3057E-02  0.000      0.000      0.000      0.000       0.000       0.000       0.000       0.000       0.000       0.000    
  2332800.   42.70415690   24.0445   0.000       0.000      0.2977E-03  0.8726E-08-0.3341E-02 0.3043E-02  0.000      0.000      0.000      0.000       0.000       0.000       0.000       0.000       0.000       0.000    
  2350080.   42.70415690   23.9779   0.000       0.000      0.2963E-03  0.8824E-08-0.3325E-02 0.3029E-02  0.000      0.000      0.000      0.000       0.000       0.000       0.000       0.000       0.000       0.000    
  2367360.   42.70415690   23.9117   0.000       0.000      0.2949E-03  0.8729E-08-0.3310E-02 0.3015E-02  0.000      0.000      0.000      0.000       0.000       0.000       0.000       0.000       0.000       0.000    
  2384640.   42.70415690   23.8459   0.000       0.000      0.2935E-03  0.8640E-08-0.3294E-02 0.3001E-02  0.000      0.000      0.000      0.000       0.000       0.000       0.000       0.000       0.000       0.000    
  2401920.   42.70415690   23.7804   0.000       0.000      0.2921E-03  0.8551E-08-0.3279E-02 0.2987E-02  0.000      0.000      0.000      0.000       0.000       0.000       0.000       0.000       0.000       0.000    
  2419200.   42.70415690   23.7152   0.000       0.000      0.2907E-03  0.8464E-08-0.3264E-02 0.2973E-02  0.000      0.000      0.000      0.000       0.000       0.000       0.000       0.000       0.000       0.000    
  2436480.   42.70415690   23.6619   0.000       0.000      0.2896E-03  0.6836E-08-0.3251E-02 0.2962E-02  0.000      0.000      0.000      0.000       0.000       0.000       0.000       0.000       0.000       0.000    
  2453760.   42.70415690   23.6088   0.000       0.000      0.2885E-03  0.6807E-08-0.3239E-02 0.2950E-02  0.000      0.000      0.000      0.000       0.000       0.000       0.000       0.000       0.000       0.000    
  2471040.   42.70415690   23.5560   0.000       0.000      0.2873E-03  0.6745E-08-0.3226E-02 0.2939E-02  0.000      0.000      0.000      0.000       0.000       0.000       0.000       0.000       0.000       0.000    
  2488320.   42.70415690   23.5035   0.000       0.000      0.2862E-03  0.6683E-08-0.3214E-02 0.2928E-02  0.000      0.000      0.000      0.000       0.000       0.000       0.000       0.000       0.000       0.000    
  2505600.   42.70415690   23.4512   0.000       0.000      0.2851E-03  0.6621E-08-0.3202E-02 0.2917E-02  0.000      0.000      0.000      0.000       0.000       0.000       0.000       0.000       0.000       0.000    
  2522880.   42.70415690   23.3988   0.000       0.000      0.2840E-03  0.6615E-08-0.3189E-02 0.2905E-02  0.000      0.000      0.000      0.000       0.000       0.000       0.000       0.000       0.000       0.000    
  2540160.   42.70415690   23.3467   0.000       0.000      0.2829E-03  0.6552E-08-0.3177E-02 0.2894E-02  0.000      0.000      0.000      0.000       0.000       0.000       0.000       0.000       0.000       0.000    
  2557440.   42.70415690   23.2949   0.000       0.000      0.2818E-03  0.6491E-08-0.3165E-02 0.2883E-02  0.000      0.000      0.000      0.000       0.000       0.000       0.000       0.000       0.000       0.000    
  2574720.   42.70415690   23.2434   0.000       0.000      0.2807E-03  0.6430E-08-0.3153E-02 0.2872E-02  0.000      0.000      0.000      0.000       0.000       0.000       0.000       0.000       0.000       0.000    
  2592000.   42.70415690   23.1921   0.000       0.000      0.2796E-03  0.6370E-08-0.3141E-02 0.2861E-02  0.000      0.000      0.000      0.000       0.000       0.000       0.000       0.000       0.000       0.000    
  2609280.   42.70415690   23.1862   0.000       0.000      0.2795E-03  0.4814E-09-0.3140E-02 0.2860E-02  0.000      0.000      0.000      0.000       0.000       0.000       0.000       0.000       0.000       0.000    
  2626560.   42.70415690   23.1802   0.000       0.000      0.2794E-03  0.6155E-09-0.3138E-02 0.2859E-02  0.000      0.000      0.000      0.000       0.000       0.000       0.000       0.000       0.000       0.000    
  2643840.   42.70415690   23.1743   0.000       0.000      0.2792E-03  0.6173E-09-0.3137E-02 0.2858E-02  0.000      0.000      0.000      0.000       0.000       0.000       0.000       0.000       0.000       0.000    
  2661120.   42.70415690   23.1684   0.000       0.000      0.2791E-03  0.6163E-09-0.3135E-02 0.2856E-02  0.000      0.000      0.000      0.000       0.000       0.000       0.000       0.000       0.000       0.000    
  2678400.   42.70415690   23.1625   0.000       0.000      0.2790E-03  0.6146E-09-0.3134E-02 0.2855E-02  0.000      0.000      0.000      0.000       0.000       0.000       0.000       0.000       0.000       0.000    
  2695680.   42.70415690   23.2809   0.000       0.000      0.2815E-03 -0.1554E-07-0.3163E-02 0.2882E-02  0.000      0.000      0.000      0.000       0.000       0.000       0.000       0.000       0.000       0.000    
  2712960.   42.70415690   23.3986   0.000       0.000      0.2840E-03 -0.1522E-07-0.3191E-02 0.2907E-02  0.000      0.000      0.000      0.000       0.000       0.000       0.000       0.000       0.000       0.000    
  2730240.   42.70415690   23.5157   0.000       0.000      0.2865E-03 -0.1526E-07-0.3218E-02 0.2931E-02  0.000      0.000      0.000      0.000       0.000       0.000       0.000       0.000       0.000       0.000    
  2747520.   42.70415690   23.6322   0.000       0.000      0.2889E-03 -0.1531E-07-0.3245E-02 0.2956E-02  0.000      0.000      0.000      0.000       0.000       0.000       0.000       0.000       0.000       0.000    
  2764800.   42.70415690   23.7482   0.000       0.000      0.2914E-03 -0.1535E-07-0.3272E-02 0.2981E-02  0.000      0.000      0.000      0.000       0.000       0.000       0.000       0.000       0.000       0.000    
  2782080.   42.70415690   24.0408   0.000       0.000      0.2976E-03 -0.3976E-07-0.3343E-02 0.3045E-02  0.000      0.000      0.000      0.000       0.000       0.000       0.000       0.000       0.000       0.000    
  2799360.   42.70415690   24.3318   0.000       0.000      0.3038E-03 -0.3984E-07-0.3411E-02 0.3107E-02  0.000      0.000      0.000      0.000       0.000       0.000       0.000       0.000       0.000       0.000    
  2816640.   42.70415690   24.6215   0.000       0.000      0.3099E-03 -0.4044E-07-0.3478E-02 0.3168E-02  0.000      0.000      0.000      0.000       0.000       0.000       0.000       0.000       0.000       0.000    
  2833920.   42.70415690   24.9097   0.000       0.000      0.3160E-03 -0.4104E-07-0.3545E-02 0.3230E-02  0.000      0.000      0.000      0.000       0.000       0.000       0.000       0.000       0.000       0.000    
  2851200.   42.70415690   25.1967   0.000       0.000      0.3221E-03 -0.4163E-07-0.3612E-02 0.3290E-02  0.000      0.000      0.000      0.000       0.000       0.000       0.000       0.000       0.000       0.000    
  2868480.   42.70415690   25.2035   0.000       0.000      0.3222E-03  0.4508E-10-0.3610E-02 0.3288E-02  0.000      0.000      0.000      0.000       0.000       0.000       0.000       0.000       0.000       0.000    
  2885760.   42.70415690   25.2107   0.000       0.000      0.3224E-03 -0.8849E-09-0.3612E-02 0.3289E-02  0.000      0.000      0.000      0.000       0.000       0.000       0.000       0.000       0.000       0.000    
  2903040.   42.70415690   25.2180   0.000       0.000      0.3225E-03 -0.9136E-09-0.3614E-02 0.3291E-02  0.000      0.000      0.000      0.000       0.000       0.000       0.000       0.000       0.000       0.000    
  2920320.   42.70415690   25.2254   0.000       0.000      0.3227E-03 -0.9247E-09-0.3615E-02 0.3293E-02  0.000      0.000      0.000      0.000       0.000       0.000       0.000       0.000       0.000       0.000    
  2937600.   42.70415690   25.2327   0.000       0.000      0.3228E-03 -0.9309E-09-0.3617E-02 0.3294E-02  0.000      0.000      0.000      0.000       0.000       0.000       0.000       0.000       0.000       0.000    
  2954880.   42.70415690   25.2582   0.000       0.000      0.3234E-03 -0.3665E-08-0.3624E-02 0.3300E-02  0.000      0.000      0.000      0.000       0.000       0.000       0.000       0.000       0.000       0.000    
  2972160.   42.70415690   25.2835   0.000       0.000      0.3239E-03 -0.3597E-08-0.3630E-02 0.3306E-02  0.000      0.000      0.000      0.000       0.000       0.000       0.000       0.000       0.000       0.000    
  2989440.   42.70415690   25.3087   0.000       0.000      0.3244E-03 -0.3586E-08-0.3635E-02 0.3311E-02  0.000      0.000      0.000      0.000       0.000       0.000       0.000       0.000       0.000       0.000    
  3006720.   42.70415690   25.3338   0.000       0.000      0.3250E-03 -0.3575E-08-0.3641E-02 0.3316E-02  0.000      0.000      0.000      0.000       0.000       0.000       0.000       0.000       0.000       0.000    
  3024000.   42.70415690   25.3587   0.000       0.000      0.3255E-03 -0.3564E-08-0.3647E-02 0.3322E-02  0.000      0.000      0.000      0.000       0.000       0.000       0.000       0.000       0.000       0.000    
  3041280.   42.70415690   25.4277   0.000       0.000      0.3270E-03 -0.1029E-07-0.3664E-02 0.3337E-02  0.000      0.000      0.000      0.000       0.000       0.000       0.000       0.000       0.000       0.000    
  3058560.   42.70415690   25.4964   0.000       0.000      0.3284E-03 -0.1013E-07-0.3680E-02 0.3352E-02  0.000      0.000      0.000      0.000       0.000       0.000       0.000       0.000       0.000       0.000    
  3075840.   42.70415690   25.5646   0.000       0.000      0.3299E-03 -0.1012E-07-0.3696E-02 0.3366E-02  0.000      0.000      0.000      0.000       0.000       0.000       0.000       0.000       0.000       0.000    
  3093120.   42.70415690   25.6325   0.000       0.000      0.3313E-03 -0.1011E-07-0.3712E-02 0.3381E-02  0.000      0.000      0.000      0.000       0.000       0.000       0.000       0.000       0.000       0.000    
  3110400.   42.70415690   25.7001   0.000       0.000      0.3327E-03 -0.1010E-07-0.3728E-02 0.3395E-02  0.000      0.000      0.000      0.000       0.000       0.000       0.000       0.000       0.000       0.000    
  3127680.   42.70415690   25.6951   0.000       0.000      0.3326E-03  0.1134E-08-0.3726E-02 0.3393E-02  0.000      0.000      0.000      0.000       0.000       0.000       0.000       0.000       0.000       0.000    
  3144960.   42.70415690   25.6902   0.000       0.000      0.3325E-03  0.8825E-09-0.3725E-02 0.3392E-02  0.000      0.000      0.000      0.000       0.000       0.000       0.000       0.000       0.000       0.000    
  3162240.   42.70415690   25.6853   0.000       0.000      0.3324E-03  0.8686E-09-0.3724E-02 0.3391E-02  0.000      0.000      0.000      0.000       0.000       0.000       0.000       0.000       0.000       0.000    
  3179520.   42.70415690   25.6804   0.000       0.000      0.3323E-03  0.8594E-09-0.3723E-02 0.3390E-02  0.000      0.000      0.000      0.000       0.000       0.000       0.000       0.000       0.000       0.000    
  3196800.   42.70415690   25.6755   0.000       0.000      0.3322E-03  0.8517E-09-0.3721E-02 0.3389E-02  0.000      0.000      0.000      0.000       0.000       0.000       0.000       0.000       0.000       0.000    
  3214080.   42.70415690   25.6391   0.000       0.000      0.3314E-03  0.5707E-08-0.3713E-02 0.3381E-02  0.000      0.000      0.000      0.000       0.000       0.000       0.000       0.000       0.000       0.000    
  3231360.   42.70415690   25.6030   0.000       0.000      0.3307E-03  0.5555E-08-0.3704E-02 0.3374E-02  0.000      0.000      0.000      0.000       0.000       0.000       0.000       0.000       0.000       0.000    
  3248640.   42.70415690   25.5669   0.000       0.000      0.3299E-03  0.5506E-08-0.3696E-02 0.3366E-02  0.000      0.000      0.000      0.000       0.000       0.000       0.000       0.000       0.000       0.000    
  3265920.   42.70415690   25.5311   0.000       0.000      0.3292E-03  0.5461E-08-0.3688E-02 0.3358E-02  0.000      0.000      0.000      0.000       0.000       0.000       0.000       0.000       0.000       0.000    
  3283200.   42.70415690   25.4954   0.000       0.000      0.3284E-03  0.5416E-08-0.3679E-02 0.3351E-02  0.000      0.000      0.000      0.000       0.000       0.000       0.000       0.000       0.000       0.000    
  3300480.   42.70415690   25.4758   0.000       0.000      0.3280E-03  0.2925E-08-0.3675E-02 0.3347E-02  0.000      0.000      0.000      0.000       0.000       0.000       0.000       0.000       0.000       0.000    
  3317760.   42.70415690   25.4564   0.000       0.000      0.3276E-03  0.2959E-08-0.3671E-02 0.3343E-02  0.000      0.000      0.000      0.000       0.000       0.000       0.000       0.000       0.000       0.000    
  3335040.   42.70415690   25.4370   0.000       0.000      0.3272E-03  0.2940E-08-0.3666E-02 0.3339E-02  0.000      0.000      0.000      0.000       0.000       0.000       0.000       0.000       0.000       0.000    
  3352320.   42.70415690   25.4176   0.000       0.000      0.3268E-03  0.2921E-08-0.3662E-02 0.3335E-02  0.000      0.000      0.000      0.000       0.000       0.000       0.000       0.000       0.000       0.000    
  3369600.   42.70415690   25.3983   0.000       0.000      0.3263E-03  0.2902E-08-0.3657E-02 0.3331E-02  0.000      0.000      0.000      0.000       0.000       0.000       0.000       0.000       0.000       0.000    
  3386880.   42.70415690   25.4154   0.000       0.000      0.3267E-03 -0.2630E-08-0.3662E-02 0.3335E-02  0.000      0.000      0.000      0.000       0.000       0.000       0.000       0.000       0.000       0.000    
  3404160.   42.70415690   25.4324   0.000       0.000      0.3271E-03 -0.2497E-08-0.3666E-02 0.3339E-02  0.000      0.000      0.000      0.000       0.000       0.000       0.000       0.000       0.000       0.000    
  3421440.   42.70415690   25.4492   0.000       0.000      0.3274E-03 -0.2481E-08-0.3670E-02 0.3342E-02  0.000      0.000      0.000      0.000       0.000       0.000       0.000       0.000       0.000       0.000    
  3438720.   42.70415690   25.4659   0.000       0.000      0.3278E-03 -0.2468E-08-0.3673E-02 0.3346E-02  0.000      0.000      0.000      0.000       0.000       0.000       0.000       0.000       0.000       0.000    
  3456000.   42.70415690   25.4826   0.000       0.000      0.3281E-03 -0.2455E-08-0.3677E-02 0.3349E-02  0.000      0.000      0.000      0.000       0.000       0.000       0.000       0.000       0.000       0.000    
  3473280.   42.70415690   25.5222   0.000       0.000      0.3290E-03 -0.5977E-08-0.3687E-02 0.3358E-02  0.000      0.000      0.000      0.000       0.000       0.000       0.000       0.000       0.000       0.000    
  3490560.   42.70415690   25.5616   0.000       0.000      0.3298E-03 -0.5882E-08-0.3696E-02 0.3366E-02  0.000      0.000      0.000      0.000       0.000       0.000       0.000       0.000       0.000       0.000    
  3507840.   42.70415690   25.6009   0.000       0.000      0.3306E-03 -0.5861E-08-0.3705E-02 0.3375E-02  0.000      0.000      0.000      0.000       0.000       0.000       0.000       0.000       0.000       0.000    
  3525120.   42.70415690   25.6399   0.000       0.000      0.3315E-03 -0.5843E-08-0.3714E-02 0.3383E-02  0.000      0.000      0.000      0.000       0.000       0.000       0.000       0.000       0.000       0.000    
  3542400.   42.70415690   25.6787   0.000       0.000      0.3323E-03 -0.5824E-08-0.3724E-02 0.3391E-02  0.000      0.000      0.000      0.000       0.000       0.000       0.000       0.000       0.000       0.000    
  3559680.   42.70415690   25.6973   0.000       0.000      0.3327E-03 -0.2703E-08-0.3728E-02 0.3395E-02  0.000      0.000      0.000      0.000       0.000       0.000       0.000       0.000       0.000       0.000    
  3576960.   42.70415690   25.7158   0.000       0.000      0.3331E-03 -0.2759E-08-0.3732E-02 0.3399E-02  0.000      0.000      0.000      0.000       0.000       0.000       0.000       0.000       0.000       0.000    
  3594240.   42.70415690   25.7343   0.000       0.000      0.3335E-03 -0.2749E-08-0.3736E-02 0.3403E-02  0.000      0.000      0.000      0.000       0.000       0.000       0.000       0.000       0.000       0.000    
  3611520.   42.70415690   25.7526   0.000       0.000      0.3338E-03 -0.2738E-08-0.3741E-02 0.3407E-02  0.000      0.000      0.000      0.000       0.000       0.000       0.000       0.000       0.000       0.000    
  3628800.   42.70415690   25.7709   0.000       0.000      0.3342E-03 -0.2727E-08-0.3745E-02 0.3411E-02  0.000      0.000      0.000      0.000       0.000       0.000       0.000       0.000       0.000       0.000    
  3646080.   42.70415690   25.7436   0.000       0.000      0.3337E-03  0.4346E-08-0.3738E-02 0.3404E-02  0.000      0.000      0.000      0.000       0.000       0.000       0.000       0.000       0.000       0.000    
  3663360.   42.70415690   25.7166   0.000       0.000      0.3331E-03  0.4160E-08-0.3732E-02 0.3399E-02  0.000      0.000      0.000      0.000       0.000       0.000       0.000       0.000       0.000       0.000    
  3680640.   42.70415690   25.6896   0.000       0.000      0.3325E-03  0.4125E-08-0.3725E-02 0.3393E-02  0.000      0.000      0.000      0.000       0.000       0.000       0.000       0.000       0.000       0.000    
  3697920.   42.70415690   25.6629   0.000       0.000      0.3319E-03  0.4092E-08-0.3719E-02 0.3387E-02  0.000      0.000      0.000      0.000       0.000       0.000       0.000       0.000       0.000       0.000    
  3715200.   42.70415690   25.6362   0.000       0.000      0.3314E-03  0.4061E-08-0.3713E-02 0.3382E-02  0.000      0.000      0.000      0.000       0.000       0.000       0.000       0.000       0.000       0.000    
  3732480.   42.70415690   25.6180   0.000       0.000      0.3310E-03  0.2745E-08-0.3709E-02 0.3378E-02  0.000      0.000      0.000      0.000       0.000       0.000       0.000       0.000       0.000       0.000    
  3749760.   42.70415690   25.5998   0.000       0.000      0.3306E-03  0.2754E-08-0.3705E-02 0.3374E-02  0.000      0.000      0.000      0.000       0.000       0.000       0.000       0.000       0.000       0.000    
  3767040.   42.70415690   25.5818   0.000       0.000      0.3302E-03  0.2737E-08-0.3701E-02 0.3370E-02  0.000      0.000      0.000      0.000       0.000       0.000       0.000       0.000       0.000       0.000    
  3784320.   42.70415690   25.5638   0.000       0.000      0.3298E-03  0.2719E-08-0.3696E-02 0.3366E-02  0.000      0.000      0.000      0.000       0.000       0.000       0.000       0.000       0.000       0.000    
  3801600.   42.70415690   25.5459   0.000       0.000      0.3295E-03  0.2701E-08-0.3692E-02 0.3363E-02  0.000      0.000      0.000      0.000       0.000       0.000       0.000       0.000       0.000       0.000    
  3818880.   42.70415690   25.5570   0.000       0.000      0.3297E-03 -0.1765E-08-0.3695E-02 0.3365E-02  0.000      0.000      0.000      0.000       0.000       0.000       0.000       0.000       0.000       0.000    
  3836160.   42.70415690   25.5681   0.000       0.000      0.3299E-03 -0.1659E-08-0.3698E-02 0.3368E-02  0.000      0.000      0.000      0.000       0.000       0.000       0.000       0.000       0.000       0.000    
  3853440.   42.70415690   25.5791   0.000       0.000      0.3302E-03 -0.1648E-08-0.3700E-02 0.3370E-02  0.000      0.000      0.000      0.000       0.000       0.000       0.000       0.000       0.000       0.000    
  3870720.   42.70415690   25.5901   0.000       0.000      0.3304E-03 -0.1638E-08-0.3703E-02 0.3373E-02  0.000      0.000      0.000      0.000       0.000       0.000       0.000       0.000       0.000       0.000    
  3888000.   42.70415690   25.6010   0.000       0.000      0.3306E-03 -0.1629E-08-0.3705E-02 0.3375E-02  0.000      0.000      0.000      0.000       0.000       0.000       0.000       0.000       0.000       0.000    
  3905280.   42.70415690   25.6434   0.000       0.000      0.3315E-03 -0.6502E-08-0.3716E-02 0.3384E-02  0.000      0.000      0.000      0.000       0.000       0.000       0.000       0.000       0.000       0.000    
  3922560.   42.70415690   25.6857   0.000       0.000      0.3324E-03 -0.6376E-08-0.3726E-02 0.3393E-02  0.000      0.000      0.000      0.000       0.000       0.000       0.000       0.000       0.000       0.000    
  3939840.   42.70415690   25.7277   0.000       0.000      0.3333E-03 -0.6355E-08-0.3736E-02 0.3402E-02  0.000      0.000      0.000      0.000       0.000       0.000       0.000       0.000       0.000       0.000    
  3957120.   42.70415690   25.7696   0.000       0.000      0.3342E-03 -0.6336E-08-0.3745E-02 0.3411E-02  0.000      0.000      0.000      0.000       0.000       0.000       0.000       0.000       0.000       0.000    
  3974400.   42.70415690   25.8112   0.000       0.000      0.3351E-03 -0.6317E-08-0.3755E-02 0.3420E-02  0.000      0.000      0.000      0.000       0.000       0.000       0.000       0.000       0.000       0.000    
  3991680.   42.70415690   25.8593   0.000       0.000      0.3361E-03 -0.7343E-08-0.3766E-02 0.3430E-02  0.000      0.000      0.000      0.000       0.000       0.000       0.000       0.000       0.000       0.000    
  4008960.   42.70415690   25.9071   0.000       0.000      0.3371E-03 -0.7303E-08-0.3778E-02 0.3440E-02  0.000      0.000      0.000      0.000       0.000       0.000       0.000       0.000       0.000       0.000    
  4026240.   42.70415690   25.9547   0.000       0.000      0.3381E-03 -0.7284E-08-0.3789E-02 0.3451E-02  0.000      0.000      0.000      0.000       0.000       0.000       0.000       0.000       0.000       0.000    
  4043520.   42.70415690   26.0021   0.000       0.000      0.3391E-03 -0.7266E-08-0.3800E-02 0.3461E-02  0.000      0.000      0.000      0.000       0.000       0.000       0.000       0.000       0.000       0.000    
  4060800.   42.70415690   26.0493   0.000       0.000      0.3401E-03 -0.7248E-08-0.3811E-02 0.3471E-02  0.000      0.000      0.000      0.000       0.000       0.000       0.000       0.000       0.000       0.000    
  4078080.   42.70415690   26.0295   0.000       0.000      0.3397E-03  0.3341E-08-0.3805E-02 0.3466E-02  0.000      0.000      0.000      0.000       0.000       0.000       0.000       0.000       0.000       0.000    
  4095360.   42.70415690   26.0100   0.000       0.000      0.3393E-03  0.3090E-08-0.3801E-02 0.3461E-02  0.000      0.000      0.000      0.000       0.000       0.000       0.000       0.000       0.000       0.000    
  4112640.   42.70415690   25.9905   0.000       0.000      0.3389E-03  0.3061E-08-0.3796E-02 0.3457E-02  0.000      0.000      0.000      0.000       0.000       0.000       0.000       0.000       0.000       0.000    
  4129920.   42.70415690   25.9711   0.000       0.000      0.3385E-03  0.3037E-08-0.3792E-02 0.3453E-02  0.000      0.000      0.000      0.000       0.000       0.000       0.000       0.000       0.000       0.000    
  4147200.   42.70415690   25.9518   0.000       0.000      0.3381E-03  0.3014E-08-0.3787E-02 0.3449E-02  0.000      0.000      0.000      0.000       0.000       0.000       0.000       0.000       0.000       0.000    
  4164480.   42.70415690   25.9079   0.000       0.000      0.3371E-03  0.6878E-08-0.3777E-02 0.3440E-02  0.000      0.000      0.000      0.000       0.000       0.000       0.000       0.000       0.000       0.000    
  4181760.   42.70415690   25.8642   0.000       0.000      0.3362E-03  0.6735E-08-0.3766E-02 0.3430E-02  0.000      0.000      0.000      0.000       0.000       0.000       0.000       0.000       0.000       0.000    
  4199040.   42.70415690   25.8207   0.000       0.000      0.3353E-03  0.6676E-08-0.3756E-02 0.3421E-02  0.000      0.000      0.000      0.000       0.000       0.000       0.000       0.000       0.000       0.000    
  4216320.   42.70415690   25.7774   0.000       0.000      0.3344E-03  0.6618E-08-0.3746E-02 0.3412E-02  0.000      0.000      0.000      0.000       0.000       0.000       0.000       0.000       0.000       0.000    
  4233600.   42.70415690   25.7343   0.000       0.000      0.3335E-03  0.6562E-08-0.3736E-02 0.3403E-02  0.000      0.000      0.000      0.000       0.000       0.000       0.000       0.000       0.000       0.000    
  4250880.   42.70415690   25.6862   0.000       0.000      0.3324E-03  0.7303E-08-0.3725E-02 0.3392E-02  0.000      0.000      0.000      0.000       0.000       0.000       0.000       0.000       0.000       0.000    
  4268160.   42.70415690   25.6384   0.000       0.000      0.3314E-03  0.7222E-08-0.3714E-02 0.3382E-02  0.000      0.000      0.000      0.000       0.000       0.000       0.000       0.000       0.000       0.000    
  4285440.   42.70415690   25.5908   0.000       0.000      0.3304E-03  0.7160E-08-0.3703E-02 0.3372E-02  0.000      0.000      0.000      0.000       0.000       0.000       0.000       0.000       0.000       0.000    
  4302720.   42.70415690   25.5434   0.000       0.000      0.3294E-03  0.7098E-08-0.3692E-02 0.3362E-02  0.000      0.000      0.000      0.000       0.000       0.000       0.000       0.000       0.000       0.000    
  4320000.   42.70415690   25.4963   0.000       0.000      0.3284E-03  0.7037E-08-0.3681E-02 0.3352E-02  0.000      0.000      0.000      0.000       0.000       0.000       0.000       0.000       0.000       0.000    
  4337280.   42.70415690   25.4444   0.000       0.000      0.3273E-03  0.7730E-08-0.3668E-02 0.3341E-02  0.000      0.000      0.000      0.000       0.000       0.000       0.000       0.000       0.000       0.000    
  4354560.   42.70415690   25.3927   0.000       0.000      0.3262E-03  0.7645E-08-0.3656E-02 0.3330E-02  0.000      0.000      0.000      0.000       0.000       0.000       0.000       0.000       0.000       0.000    
  4371840.   42.70415690   25.3414   0.000       0.000      0.3251E-03  0.7577E-08-0.3644E-02 0.3319E-02  0.000      0.000      0.000      0.000       0.000       0.000       0.000       0.000       0.000       0.000    
  4389120.   42.70415690   25.2902   0.000       0.000      0.3241E-03  0.7509E-08-0.3632E-02 0.3308E-02  0.000      0.000      0.000      0.000       0.000       0.000       0.000       0.000       0.000       0.000    
  4406400.   42.70415690   25.2393   0.000       0.000      0.3230E-03  0.7443E-08-0.3621E-02 0.3298E-02  0.000      0.000      0.000      0.000       0.000       0.000       0.000       0.000       0.000       0.000    
