TOTIM (T)      HCON          HMAT      QDIR      QWELL        QMAT       QCADS      QTUB1      QTUB2      QTUB3      QTUB4      QTUB5      QTUB6       NSTOR        QFIX        QLH     FHLQ (LQ)        CAUCHY   CAUCHY (LQ)
    86400.   42.70415690   24.0624  0.1511E-05   0.000       0.000       0.000      0.000      0.000      0.000      0.000      0.000      0.000       0.000       0.000       0.000       0.000       0.000       0.000    
   103680.   42.70415690   24.0592  0.7491E-08   0.000       0.000       0.000      0.000      0.000      0.000      0.000      0.000      0.000       0.000       0.000       0.000       0.000       0.000       0.000    
   120960.   42.70415690   24.0017  0.7491E-08   0.000       0.000       0.000      0.000      0.000      0.000      0.000      0.000      0.000       0.000       0.000       0.000       0.000       0.000       0.000    
   138240.   42.70415690   23.9354  0.7491E-08   0.000       0.000       0.000      0.000      0.000      0.000      0.000      0.000      0.000       0.000       0.000       0.000       0.000       0.000       0.000    
   155520.   42.70415690   23.8664  0.7491E-08   0.000       0.000       0.000      0.000      0.000      0.000      0.000      0.000      0.000       0.000       0.000       0.000       0.000       0.000       0.000    
   172800.   42.70415690   23.7961  0.7491E-08   0.000       0.000       0.000      0.000      0.000      0.000      0.000      0.000      0.000       0.000       0.000       0.000       0.000       0.000       0.000    
   190080.   42.70415690   23.7517  0.5093E-06   0.000       0.000       0.000      0.000      0.000      0.000      0.000      0.000      0.000       0.000       0.000       0.000       0.000       0.000       0.000    
   207360.   42.70415690   23.7070  0.5093E-06   0.000       0.000       0.000      0.000      0.000      0.000      0.000      0.000      0.000       0.000       0.000       0.000       0.000       0.000       0.000    
   224640.   42.70415690   23.6621  0.5093E-06   0.000       0.000       0.000      0.000      0.000      0.000      0.000      0.000      0.000       0.000       0.000       0.000       0.000       0.000       0.000    
   241920.   42.70415690   23.6171  0.5093E-06   0.000       0.000       0.000      0.000      0.000      0.000      0.000      0.000      0.000       0.000       0.000       0.000       0.000       0.000       0.000    
   259200.   42.70415690   23.5721  0.5093E-06   0.000       0.000       0.000      0.000      0.000      0.000      0.000      0.000      0.000       0.000       0.000       0.000       0.000       0.000       0.000    
   276480.   42.70415690   23.5344  0.6451E-06   0.000       0.000       0.000      0.000      0.000      0.000      0.000      0.000      0.000       0.000       0.000       0.000       0.000       0.000       0.000    
   293760.   42.70415690   23.4968  0.6451E-06   0.000       0.000       0.000      0.000      0.000      0.000      0.000      0.000      0.000       0.000       0.000       0.000       0.000       0.000       0.000    
   311040.   42.70415690   23.4594  0.6451E-06   0.000       0.000       0.000      0.000      0.000      0.000      0.000      0.000      0.000       0.000       0.000       0.000       0.000       0.000       0.000    
   328320.   42.70415690   23.4221  0.6451E-06   0.000       0.000       0.000      0.000      0.000      0.000      0.000      0.000      0.000       0.000       0.000       0.000       0.000       0.000       0.000    
   345600.   42.70415690   23.3849  0.6451E-06   0.000       0.000       0.000      0.000      0.000      0.000      0.000      0.000      0.000       0.000       0.000       0.000       0.000       0.000       0.000    
   362880.   42.70415690   23.3814  0.1279E-05   0.000       0.000       0.000      0.000      0.000      0.000      0.000      0.000      0.000       0.000       0.000       0.000       0.000       0.000       0.000    
   380160.   42.70415690   23.3781  0.1279E-05   0.000       0.000       0.000      0.000      0.000      0.000      0.000      0.000      0.000       0.000       0.000       0.000       0.000       0.000       0.000    
   397440.   42.70415690   23.3748  0.1279E-05   0.000       0.000       0.000      0.000      0.000      0.000      0.000      0.000      0.000       0.000       0.000       0.000       0.000       0.000       0.000    
   414720.   42.70415690   23.3715  0.1279E-05   0.000       0.000       0.000      0.000      0.000      0.000      0.000      0.000      0.000       0.000       0.000       0.000       0.000       0.000       0.000    
   432000.   42.70415690   23.3682  0.1279E-05   0.000       0.000       0.000      0.000      0.000      0.000      0.000      0.000      0.000       0.000       0.000       0.000       0.000       0.000       0.000    
   449280.   42.70415690   23.3904  0.1761E-05   0.000       0.000       0.000      0.000      0.000      0.000      0.000      0.000      0.000       0.000       0.000       0.000       0.000       0.000       0.000    
   466560.   42.70415690   23.4126  0.1761E-05   0.000       0.000       0.000      0.000      0.000      0.000      0.000      0.000      0.000       0.000       0.000       0.000       0.000       0.000       0.000    
   483840.   42.70415690   23.4347  0.1761E-05   0.000       0.000       0.000      0.000      0.000      0.000      0.000      0.000      0.000       0.000       0.000       0.000       0.000       0.000       0.000    
   501120.   42.70415690   23.4566  0.1761E-05   0.000       0.000       0.000      0.000      0.000      0.000      0.000      0.000      0.000       0.000       0.000       0.000       0.000       0.000       0.000    
   518400.   42.70415690   23.4785  0.1761E-05   0.000       0.000       0.000      0.000      0.000      0.000      0.000      0.000      0.000       0.000       0.000       0.000       0.000       0.000       0.000    
   535680.   42.70415690   23.4804  0.1388E-05   0.000       0.000       0.000      0.000      0.000      0.000      0.000      0.000      0.000       0.000       0.000       0.000       0.000       0.000       0.000    
   552960.   42.70415690   23.4823  0.1388E-05   0.000       0.000       0.000      0.000      0.000      0.000      0.000      0.000      0.000       0.000       0.000       0.000       0.000       0.000       0.000    
   570240.   42.70415690   23.4842  0.1388E-05   0.000       0.000       0.000      0.000      0.000      0.000      0.000      0.000      0.000       0.000       0.000       0.000       0.000       0.000       0.000    
   587520.   42.70415690   23.4860  0.1388E-05   0.000       0.000       0.000      0.000      0.000      0.000      0.000      0.000      0.000       0.000       0.000       0.000       0.000       0.000       0.000    
   604800.   42.70415690   23.4878  0.1388E-05   0.000       0.000       0.000      0.000      0.000      0.000      0.000      0.000      0.000       0.000       0.000       0.000       0.000       0.000       0.000    
   622080.   42.70415690   23.4965  0.1520E-05   0.000       0.000       0.000      0.000      0.000      0.000      0.000      0.000      0.000       0.000       0.000       0.000       0.000       0.000       0.000    
   639360.   42.70415690   23.5052  0.1520E-05   0.000       0.000       0.000      0.000      0.000      0.000      0.000      0.000      0.000       0.000       0.000       0.000       0.000       0.000       0.000    
   656640.   42.70415690   23.5139  0.1520E-05   0.000       0.000       0.000      0.000      0.000      0.000      0.000      0.000      0.000       0.000       0.000       0.000       0.000       0.000       0.000    
   673920.   42.70415690   23.5224  0.1520E-05   0.000       0.000       0.000      0.000      0.000      0.000      0.000      0.000      0.000       0.000       0.000       0.000       0.000       0.000       0.000    
   691200.   42.70415690   23.5310  0.1520E-05   0.000       0.000       0.000      0.000      0.000      0.000      0.000      0.000      0.000       0.000       0.000       0.000       0.000       0.000       0.000    
   708480.   42.70415690   23.6080  0.2816E-05   0.000       0.000       0.000      0.000      0.000      0.000      0.000      0.000      0.000       0.000       0.000       0.000       0.000       0.000       0.000    
   725760.   42.70415690   23.6849  0.2816E-05   0.000       0.000       0.000      0.000      0.000      0.000      0.000      0.000      0.000       0.000       0.000       0.000       0.000       0.000       0.000    
   743040.   42.70415690   23.7613  0.2816E-05   0.000       0.000       0.000      0.000      0.000      0.000      0.000      0.000      0.000       0.000       0.000       0.000       0.000       0.000       0.000    
   760320.   42.70415690   23.8374  0.2816E-05   0.000       0.000       0.000      0.000      0.000      0.000      0.000      0.000      0.000       0.000       0.000       0.000       0.000       0.000       0.000    
   777600.   42.70415690   23.9130  0.2816E-05   0.000       0.000       0.000      0.000      0.000      0.000      0.000      0.000      0.000       0.000       0.000       0.000       0.000       0.000       0.000    
   794880.   42.70415690   24.0495  0.3973E-05   0.000       0.000       0.000      0.000      0.000      0.000      0.000      0.000      0.000       0.000       0.000       0.000       0.000       0.000       0.000    
   812160.   42.70415690   24.1854  0.3973E-05   0.000       0.000       0.000      0.000      0.000      0.000      0.000      0.000      0.000       0.000       0.000       0.000       0.000       0.000       0.000    
   829440.   42.70415690   24.3206  0.3973E-05   0.000       0.000       0.000      0.000      0.000      0.000      0.000      0.000      0.000       0.000       0.000       0.000       0.000       0.000       0.000    
   846720.   42.70415690   24.4551  0.3973E-05   0.000       0.000       0.000      0.000      0.000      0.000      0.000      0.000      0.000       0.000       0.000       0.000       0.000       0.000       0.000    
   864000.   42.70415690   24.5888  0.3973E-05   0.000       0.000       0.000      0.000      0.000      0.000      0.000      0.000      0.000       0.000       0.000       0.000       0.000       0.000       0.000    
   881280.   42.70415690   24.6676  0.2950E-05   0.000       0.000       0.000      0.000      0.000      0.000      0.000      0.000      0.000       0.000       0.000       0.000       0.000       0.000       0.000    
   898560.   42.70415690   24.7457  0.2950E-05   0.000       0.000       0.000      0.000      0.000      0.000      0.000      0.000      0.000       0.000       0.000       0.000       0.000       0.000       0.000    
   915840.   42.70415690   24.8234  0.2950E-05   0.000       0.000       0.000      0.000      0.000      0.000      0.000      0.000      0.000       0.000       0.000       0.000       0.000       0.000       0.000    
   933120.   42.70415690   24.9005  0.2950E-05   0.000       0.000       0.000      0.000      0.000      0.000      0.000      0.000      0.000       0.000       0.000       0.000       0.000       0.000       0.000    
   950400.   42.70415690   24.9772  0.2950E-05   0.000       0.000       0.000      0.000      0.000      0.000      0.000      0.000      0.000       0.000       0.000       0.000       0.000       0.000       0.000    
   967680.   42.70415690   25.1251  0.4305E-05   0.000       0.000       0.000      0.000      0.000      0.000      0.000      0.000      0.000       0.000       0.000       0.000       0.000       0.000       0.000    
   984960.   42.70415690   25.2724  0.4305E-05   0.000       0.000       0.000      0.000      0.000      0.000      0.000      0.000      0.000       0.000       0.000       0.000       0.000       0.000       0.000    
  1002240.   42.70415690   25.4189  0.4305E-05   0.000       0.000       0.000      0.000      0.000      0.000      0.000      0.000      0.000       0.000       0.000       0.000       0.000       0.000       0.000    
  1019520.   42.70415690   25.5645  0.4305E-05   0.000       0.000       0.000      0.000      0.000      0.000      0.000      0.000      0.000       0.000       0.000       0.000       0.000       0.000       0.000    
  1036800.   42.70415690   25.7093  0.4305E-05   0.000       0.000       0.000      0.000      0.000      0.000      0.000      0.000      0.000       0.000       0.000       0.000       0.000       0.000       0.000    
  1054080.   42.70415690   25.9568  0.6259E-05   0.000       0.000       0.000      0.000      0.000      0.000      0.000      0.000      0.000       0.000       0.000       0.000       0.000       0.000       0.000    
  1071360.   42.70415690   26.2031  0.6259E-05   0.000       0.000       0.000      0.000      0.000      0.000      0.000      0.000      0.000       0.000       0.000       0.000       0.000       0.000       0.000    
  1088640.   42.70415690   26.4221  0.6259E-05   0.000       0.000       0.000      0.000      0.000      0.000      0.000      0.000      0.000       0.000       0.000       0.000       0.000       0.000       0.000    
  1105920.   42.70415690   26.6548  0.6259E-05   0.000       0.000       0.000      0.000      0.000      0.000      0.000      0.000      0.000       0.000       0.000       0.000       0.000       0.000       0.000    
  1123200.   42.70415690   26.8902  0.6259E-05   0.000       0.000       0.000      0.000      0.000      0.000      0.000      0.000      0.000       0.000       0.000       0.000       0.000       0.000       0.000    
  1140480.   42.70415690   26.9377  0.2701E-05   0.000       0.000       0.000      0.000      0.000      0.000      0.000      0.000      0.000       0.000       0.000       0.000       0.000       0.000       0.000    
  1157760.   42.70415690   26.9853  0.2701E-05   0.000       0.000       0.000      0.000      0.000      0.000      0.000      0.000      0.000       0.000       0.000       0.000       0.000       0.000       0.000    
  1175040.   42.70415690   27.0329  0.2701E-05   0.000       0.000       0.000      0.000      0.000      0.000      0.000      0.000      0.000       0.000       0.000       0.000       0.000       0.000       0.000    
  1192320.   42.70415690   27.0807  0.2701E-05   0.000       0.000       0.000      0.000      0.000      0.000      0.000      0.000      0.000       0.000       0.000       0.000       0.000       0.000       0.000    
  1209600.   42.70415690   27.1283  0.2701E-05   0.000       0.000       0.000      0.000      0.000      0.000      0.000      0.000      0.000       0.000       0.000       0.000       0.000       0.000       0.000    
  1226880.   42.70415690   27.1065  0.1391E-05   0.000       0.000       0.000      0.000      0.000      0.000      0.000      0.000      0.000       0.000       0.000       0.000       0.000       0.000       0.000    
  1244160.   42.70415690   27.0848  0.1391E-05   0.000       0.000       0.000      0.000      0.000      0.000      0.000      0.000      0.000       0.000       0.000       0.000       0.000       0.000       0.000    
  1261440.   42.70415690   27.0632  0.1391E-05   0.000       0.000       0.000      0.000      0.000      0.000      0.000      0.000      0.000       0.000       0.000       0.000       0.000       0.000       0.000    
  1278720.   42.70415690   27.0418  0.1391E-05   0.000       0.000       0.000      0.000      0.000      0.000      0.000      0.000      0.000       0.000       0.000       0.000       0.000       0.000       0.000    
  1296000.   42.70415690   27.0206  0.1391E-05   0.000       0.000       0.000      0.000      0.000      0.000      0.000      0.000      0.000       0.000       0.000       0.000       0.000       0.000       0.000    
  1313280.   42.70415690   26.9776  0.9747E-06   0.000       0.000       0.000      0.000      0.000      0.000      0.000      0.000      0.000       0.000       0.000       0.000       0.000       0.000       0.000    
  1330560.   42.70415690   26.9348  0.9747E-06   0.000       0.000       0.000      0.000      0.000      0.000      0.000      0.000      0.000       0.000       0.000       0.000       0.000       0.000       0.000    
  1347840.   42.70415690   26.8924  0.9747E-06   0.000       0.000       0.000      0.000      0.000      0.000      0.000      0.000      0.000       0.000       0.000       0.000       0.000       0.000       0.000    
  1365120.   42.70415690   26.8502  0.9747E-06   0.000       0.000       0.000      0.000      0.000      0.000      0.000      0.000      0.000       0.000       0.000       0.000       0.000       0.000       0.000    
  1382400.   42.70415690   26.8083  0.9747E-06   0.000       0.000       0.000      0.000      0.000      0.000      0.000      0.000      0.000       0.000       0.000       0.000       0.000       0.000       0.000    
  1399680.   42.70415690   26.7527  0.7105E-06   0.000       0.000       0.000      0.000      0.000      0.000      0.000      0.000      0.000       0.000       0.000       0.000       0.000       0.000       0.000    
  1416960.   42.70415690   26.6975  0.7105E-06   0.000       0.000       0.000      0.000      0.000      0.000      0.000      0.000      0.000       0.000       0.000       0.000       0.000       0.000       0.000    
  1434240.   42.70415690   26.6426  0.7105E-06   0.000       0.000       0.000      0.000      0.000      0.000      0.000      0.000      0.000       0.000       0.000       0.000       0.000       0.000       0.000    
  1451520.   42.70415690   26.5881  0.7105E-06   0.000       0.000       0.000      0.000      0.000      0.000      0.000      0.000      0.000       0.000       0.000       0.000       0.000       0.000       0.000    
  1468800.   42.70415690   26.5340  0.7105E-06   0.000       0.000       0.000      0.000      0.000      0.000      0.000      0.000      0.000       0.000       0.000       0.000       0.000       0.000       0.000    
  1486080.   42.70415690   26.4694  0.5051E-06   0.000       0.000       0.000      0.000      0.000      0.000      0.000      0.000      0.000       0.000       0.000       0.000       0.000       0.000       0.000    
  1503360.   42.70415690   26.4051  0.5051E-06   0.000       0.000       0.000      0.000      0.000      0.000      0.000      0.000      0.000       0.000       0.000       0.000       0.000       0.000       0.000    
  1520640.   42.70415690   26.3413  0.5051E-06   0.000       0.000       0.000      0.000      0.000      0.000      0.000      0.000      0.000       0.000       0.000       0.000       0.000       0.000       0.000    
  1537920.   42.70415690   26.2778  0.5051E-06   0.000       0.000       0.000      0.000      0.000      0.000      0.000      0.000      0.000       0.000       0.000       0.000       0.000       0.000       0.000    
  1555200.   42.70415690   26.2148  0.5051E-06   0.000       0.000       0.000      0.000      0.000      0.000      0.000      0.000      0.000       0.000       0.000       0.000       0.000       0.000       0.000    
  1572480.   42.70415690   26.1449  0.3676E-06   0.000       0.000       0.000      0.000      0.000      0.000      0.000      0.000      0.000       0.000       0.000       0.000       0.000       0.000       0.000    
  1589760.   42.70415690   26.0755  0.3676E-06   0.000       0.000       0.000      0.000      0.000      0.000      0.000      0.000      0.000       0.000       0.000       0.000       0.000       0.000       0.000    
  1607040.   42.70415690   26.0320  0.3676E-06   0.000       0.000       0.000      0.000      0.000      0.000      0.000      0.000      0.000       0.000       0.000       0.000       0.000       0.000       0.000    
  1624320.   42.70415690   25.9739  0.3676E-06   0.000       0.000       0.000      0.000      0.000      0.000      0.000      0.000      0.000       0.000       0.000       0.000       0.000       0.000       0.000    
  1641600.   42.70415690   25.9121  0.3676E-06   0.000       0.000       0.000      0.000      0.000      0.000      0.000      0.000      0.000       0.000       0.000       0.000       0.000       0.000       0.000    
  1658880.   42.70415690   25.8473  0.3338E-06   0.000       0.000       0.000      0.000      0.000      0.000      0.000      0.000      0.000       0.000       0.000       0.000       0.000       0.000       0.000    
  1676160.   42.70415690   25.7819  0.3338E-06   0.000       0.000       0.000      0.000      0.000      0.000      0.000      0.000      0.000       0.000       0.000       0.000       0.000       0.000       0.000    
  1693440.   42.70415690   25.7164  0.3338E-06   0.000       0.000       0.000      0.000      0.000      0.000      0.000      0.000      0.000       0.000       0.000       0.000       0.000       0.000       0.000    
  1710720.   42.70415690   25.6509  0.3338E-06   0.000       0.000       0.000      0.000      0.000      0.000      0.000      0.000      0.000       0.000       0.000       0.000       0.000       0.000       0.000    
  1728000.   42.70415690   25.5855  0.3338E-06   0.000       0.000       0.000      0.000      0.000      0.000      0.000      0.000      0.000       0.000       0.000       0.000       0.000       0.000       0.000    
  1745280.   42.70415690   25.5218  0.3633E-06   0.000       0.000       0.000      0.000      0.000      0.000      0.000      0.000      0.000       0.000       0.000       0.000       0.000       0.000       0.000    
  1762560.   42.70415690   25.4583  0.3633E-06   0.000       0.000       0.000      0.000      0.000      0.000      0.000      0.000      0.000       0.000       0.000       0.000       0.000       0.000       0.000    
  1779840.   42.70415690   25.3951  0.3633E-06   0.000       0.000       0.000      0.000      0.000      0.000      0.000      0.000      0.000       0.000       0.000       0.000       0.000       0.000       0.000    
  1797120.   42.70415690   25.3322  0.3633E-06   0.000       0.000       0.000      0.000      0.000      0.000      0.000      0.000      0.000       0.000       0.000       0.000       0.000       0.000       0.000    
  1814400.   42.70415690   25.2695  0.3633E-06   0.000       0.000       0.000      0.000      0.000      0.000      0.000      0.000      0.000       0.000       0.000       0.000       0.000       0.000       0.000    
  1831680.   42.70415690   25.2034  0.2929E-06   0.000       0.000       0.000      0.000      0.000      0.000      0.000      0.000      0.000       0.000       0.000       0.000       0.000       0.000       0.000    
  1848960.   42.70415690   25.1377  0.2929E-06   0.000       0.000       0.000      0.000      0.000      0.000      0.000      0.000      0.000       0.000       0.000       0.000       0.000       0.000       0.000    
  1866240.   42.70415690   25.0723  0.2929E-06   0.000       0.000       0.000      0.000      0.000      0.000      0.000      0.000      0.000       0.000       0.000       0.000       0.000       0.000       0.000    
  1883520.   42.70415690   25.0072  0.2929E-06   0.000       0.000       0.000      0.000      0.000      0.000      0.000      0.000      0.000       0.000       0.000       0.000       0.000       0.000       0.000    
  1900800.   42.70415690   24.9425  0.2929E-06   0.000       0.000       0.000      0.000      0.000      0.000      0.000      0.000      0.000       0.000       0.000       0.000       0.000       0.000       0.000    
  1918080.   42.70415690   24.8754  0.2423E-06   0.000       0.000       0.000      0.000      0.000      0.000      0.000      0.000      0.000       0.000       0.000       0.000       0.000       0.000       0.000    
  1935360.   42.70415690   24.8087  0.2423E-06   0.000       0.000       0.000      0.000      0.000      0.000      0.000      0.000      0.000       0.000       0.000       0.000       0.000       0.000       0.000    
  1952640.   42.70415690   24.7423  0.2423E-06   0.000       0.000       0.000      0.000      0.000      0.000      0.000      0.000      0.000       0.000       0.000       0.000       0.000       0.000       0.000    
  1969920.   42.70415690   24.6763  0.2423E-06   0.000       0.000       0.000      0.000      0.000      0.000      0.000      0.000      0.000       0.000       0.000       0.000       0.000       0.000       0.000    
  1987200.   42.70415690   24.6107  0.2423E-06   0.000       0.000       0.000      0.000      0.000      0.000      0.000      0.000      0.000       0.000       0.000       0.000       0.000       0.000       0.000    
  2004480.   42.70415690   24.5467  0.2661E-06   0.000       0.000       0.000      0.000      0.000      0.000      0.000      0.000      0.000       0.000       0.000       0.000       0.000       0.000       0.000    
  2021760.   42.70415690   24.4831  0.2661E-06   0.000       0.000       0.000      0.000      0.000      0.000      0.000      0.000      0.000       0.000       0.000       0.000       0.000       0.000       0.000    
  2039040.   42.70415690   24.4198  0.2661E-06   0.000       0.000       0.000      0.000      0.000      0.000      0.000      0.000      0.000       0.000       0.000       0.000       0.000       0.000       0.000    
  2056320.   42.70415690   24.3569  0.2661E-06   0.000       0.000       0.000      0.000      0.000      0.000      0.000      0.000      0.000       0.000       0.000       0.000       0.000       0.000       0.000    
  2073600.   42.70415690   24.2943  0.2661E-06   0.000       0.000       0.000      0.000      0.000      0.000      0.000      0.000      0.000       0.000       0.000       0.000       0.000       0.000       0.000    
  2090880.   42.70415690   24.2292  0.2116E-06   0.000       0.000       0.000      0.000      0.000      0.000      0.000      0.000      0.000       0.000       0.000       0.000       0.000       0.000       0.000    
  2108160.   42.70415690   24.1644  0.2116E-06   0.000       0.000       0.000      0.000      0.000      0.000      0.000      0.000      0.000       0.000       0.000       0.000       0.000       0.000       0.000    
  2125440.   42.70415690   24.1000  0.2116E-06   0.000       0.000       0.000      0.000      0.000      0.000      0.000      0.000      0.000       0.000       0.000       0.000       0.000       0.000       0.000    
  2142720.   42.70415690   24.0360  0.2116E-06   0.000       0.000       0.000      0.000      0.000      0.000      0.000      0.000      0.000       0.000       0.000       0.000       0.000       0.000       0.000    
  2160000.   42.70415690   23.9723  0.2116E-06   0.000       0.000       0.000      0.000      0.000      0.000      0.000      0.000      0.000       0.000       0.000       0.000       0.000       0.000       0.000    
  2177280.   42.70415690   23.9070  0.1733E-06   0.000       0.000       0.000      0.000      0.000      0.000      0.000      0.000      0.000       0.000       0.000       0.000       0.000       0.000       0.000    
  2194560.   42.70415690   23.8420  0.1733E-06   0.000       0.000       0.000      0.000      0.000      0.000      0.000      0.000      0.000       0.000       0.000       0.000       0.000       0.000       0.000    
  2211840.   42.70415690   23.7773  0.1733E-06   0.000       0.000       0.000      0.000      0.000      0.000      0.000      0.000      0.000       0.000       0.000       0.000       0.000       0.000       0.000    
  2229120.   42.70415690   23.7131  0.1733E-06   0.000       0.000       0.000      0.000      0.000      0.000      0.000      0.000      0.000       0.000       0.000       0.000       0.000       0.000       0.000    
  2246400.   42.70415690   23.6492  0.1733E-06   0.000       0.000       0.000      0.000      0.000      0.000      0.000      0.000      0.000       0.000       0.000       0.000       0.000       0.000       0.000    
  2263680.   42.70415690   23.5835  0.1343E-06   0.000       0.000       0.000      0.000      0.000      0.000      0.000      0.000      0.000       0.000       0.000       0.000       0.000       0.000       0.000    
  2280960.   42.70415690   23.5183  0.1343E-06   0.000       0.000       0.000      0.000      0.000      0.000      0.000      0.000      0.000       0.000       0.000       0.000       0.000       0.000       0.000    
  2298240.   42.70415690   23.4534  0.1343E-06   0.000       0.000       0.000      0.000      0.000      0.000      0.000      0.000      0.000       0.000       0.000       0.000       0.000       0.000       0.000    
  2315520.   42.70415690   23.3888  0.1343E-06   0.000       0.000       0.000      0.000      0.000      0.000      0.000      0.000      0.000       0.000       0.000       0.000       0.000       0.000       0.000    
  2332800.   42.70415690   23.3247  0.1343E-06   0.000       0.000       0.000      0.000      0.000      0.000      0.000      0.000      0.000       0.000       0.000       0.000       0.000       0.000       0.000    
  2350080.   42.70415690   23.2595  0.1087E-06   0.000       0.000       0.000      0.000      0.000      0.000      0.000      0.000      0.000       0.000       0.000       0.000       0.000       0.000       0.000    
  2367360.   42.70415690   23.1946  0.1087E-06   0.000       0.000       0.000      0.000      0.000      0.000      0.000      0.000      0.000       0.000       0.000       0.000       0.000       0.000       0.000    
  2384640.   42.70415690   23.1302  0.1087E-06   0.000       0.000       0.000      0.000      0.000      0.000      0.000      0.000      0.000       0.000       0.000       0.000       0.000       0.000       0.000    
  2401920.   42.70415690   23.0661  0.1087E-06   0.000       0.000       0.000      0.000      0.000      0.000      0.000      0.000      0.000       0.000       0.000       0.000       0.000       0.000       0.000    
  2419200.   42.70415690   23.0023  0.1087E-06   0.000       0.000       0.000      0.000      0.000      0.000      0.000      0.000      0.000       0.000       0.000       0.000       0.000       0.000       0.000    
  2436480.   42.70415690   22.9504  0.3256E-06   0.000       0.000       0.000      0.000      0.000      0.000      0.000      0.000      0.000       0.000       0.000       0.000       0.000       0.000       0.000    
  2453760.   42.70415690   22.8988  0.3256E-06   0.000       0.000       0.000      0.000      0.000      0.000      0.000      0.000      0.000       0.000       0.000       0.000       0.000       0.000       0.000    
  2471040.   42.70415690   22.8475  0.3256E-06   0.000       0.000       0.000      0.000      0.000      0.000      0.000      0.000      0.000       0.000       0.000       0.000       0.000       0.000       0.000    
  2488320.   42.70415690   22.7965  0.3256E-06   0.000       0.000       0.000      0.000      0.000      0.000      0.000      0.000      0.000       0.000       0.000       0.000       0.000       0.000       0.000    
  2505600.   42.70415690   22.7458  0.3256E-06   0.000       0.000       0.000      0.000      0.000      0.000      0.000      0.000      0.000       0.000       0.000       0.000       0.000       0.000       0.000    
  2522880.   42.70415690   22.6950  0.3176E-06   0.000       0.000       0.000      0.000      0.000      0.000      0.000      0.000      0.000       0.000       0.000       0.000       0.000       0.000       0.000    
  2540160.   42.70415690   22.6444  0.3176E-06   0.000       0.000       0.000      0.000      0.000      0.000      0.000      0.000      0.000       0.000       0.000       0.000       0.000       0.000       0.000    
  2557440.   42.70415690   22.5941  0.3176E-06   0.000       0.000       0.000      0.000      0.000      0.000      0.000      0.000      0.000       0.000       0.000       0.000       0.000       0.000       0.000    
  2574720.   42.70415690   22.5441  0.3176E-06   0.000       0.000       0.000      0.000      0.000      0.000      0.000      0.000      0.000       0.000       0.000       0.000       0.000       0.000       0.000    
  2592000.   42.70415690   22.4944  0.3176E-06   0.000       0.000       0.000      0.000      0.000      0.000      0.000      0.000      0.000       0.000       0.000       0.000       0.000       0.000       0.000    
  2609280.   42.70415690   22.4900  0.1169E-05   0.000       0.000       0.000      0.000      0.000      0.000      0.000      0.000      0.000       0.000       0.000       0.000       0.000       0.000       0.000    
  2626560.   42.70415690   22.4857  0.1169E-05   0.000       0.000       0.000      0.000      0.000      0.000      0.000      0.000      0.000       0.000       0.000       0.000       0.000       0.000       0.000    
  2643840.   42.70415690   22.4816  0.1169E-05   0.000       0.000       0.000      0.000      0.000      0.000      0.000      0.000      0.000       0.000       0.000       0.000       0.000       0.000       0.000    
  2661120.   42.70415690   22.4774  0.1169E-05   0.000       0.000       0.000      0.000      0.000      0.000      0.000      0.000      0.000       0.000       0.000       0.000       0.000       0.000       0.000    
  2678400.   42.70415690   22.4734  0.1169E-05   0.000       0.000       0.000      0.000      0.000      0.000      0.000      0.000      0.000       0.000       0.000       0.000       0.000       0.000       0.000    
  2695680.   42.70415690   22.5935  0.3516E-05   0.000       0.000       0.000      0.000      0.000      0.000      0.000      0.000      0.000       0.000       0.000       0.000       0.000       0.000       0.000    
  2712960.   42.70415690   22.7135  0.3516E-05   0.000       0.000       0.000      0.000      0.000      0.000      0.000      0.000      0.000       0.000       0.000       0.000       0.000       0.000       0.000    
  2730240.   42.70415690   22.8328  0.3516E-05   0.000       0.000       0.000      0.000      0.000      0.000      0.000      0.000      0.000       0.000       0.000       0.000       0.000       0.000       0.000    
  2747520.   42.70415690   22.9516  0.3516E-05   0.000       0.000       0.000      0.000      0.000      0.000      0.000      0.000      0.000       0.000       0.000       0.000       0.000       0.000       0.000    
  2764800.   42.70415690   23.0698  0.3516E-05   0.000       0.000       0.000      0.000      0.000      0.000      0.000      0.000      0.000       0.000       0.000       0.000       0.000       0.000       0.000    
  2782080.   42.70415690   23.3645  0.6863E-05   0.000       0.000       0.000      0.000      0.000      0.000      0.000      0.000      0.000       0.000       0.000       0.000       0.000       0.000       0.000    
  2799360.   42.70415690   23.6581  0.6863E-05   0.000       0.000       0.000      0.000      0.000      0.000      0.000      0.000      0.000       0.000       0.000       0.000       0.000       0.000       0.000    
  2816640.   42.70415690   23.9503  0.6863E-05   0.000       0.000       0.000      0.000      0.000      0.000      0.000      0.000      0.000       0.000       0.000       0.000       0.000       0.000       0.000    
  2833920.   42.70415690   24.2409  0.6863E-05   0.000       0.000       0.000      0.000      0.000      0.000      0.000      0.000      0.000       0.000       0.000       0.000       0.000       0.000       0.000    
  2851200.   42.70415690   24.5299  0.6863E-05   0.000       0.000       0.000      0.000      0.000      0.000      0.000      0.000      0.000       0.000       0.000       0.000       0.000       0.000       0.000    
  2868480.   42.70415690   24.5385  0.1595E-05   0.000       0.000       0.000      0.000      0.000      0.000      0.000      0.000      0.000       0.000       0.000       0.000       0.000       0.000       0.000    
  2885760.   42.70415690   24.5461  0.1595E-05   0.000       0.000       0.000      0.000      0.000      0.000      0.000      0.000      0.000       0.000       0.000       0.000       0.000       0.000       0.000    
  2903040.   42.70415690   24.5533  0.1595E-05   0.000       0.000       0.000      0.000      0.000      0.000      0.000      0.000      0.000       0.000       0.000       0.000       0.000       0.000       0.000    
  2920320.   42.70415690   24.5603  0.1595E-05   0.000       0.000       0.000      0.000      0.000      0.000      0.000      0.000      0.000       0.000       0.000       0.000       0.000       0.000       0.000    
  2937600.   42.70415690   24.5671  0.1595E-05   0.000       0.000       0.000      0.000      0.000      0.000      0.000      0.000      0.000       0.000       0.000       0.000       0.000       0.000       0.000    
  2954880.   42.70415690   24.5918  0.1938E-05   0.000       0.000       0.000      0.000      0.000      0.000      0.000      0.000      0.000       0.000       0.000       0.000       0.000       0.000       0.000    
  2972160.   42.70415690   24.6164  0.1938E-05   0.000       0.000       0.000      0.000      0.000      0.000      0.000      0.000      0.000       0.000       0.000       0.000       0.000       0.000       0.000    
  2989440.   42.70415690   24.6407  0.1938E-05   0.000       0.000       0.000      0.000      0.000      0.000      0.000      0.000      0.000       0.000       0.000       0.000       0.000       0.000       0.000    
  3006720.   42.70415690   24.6648  0.1938E-05   0.000       0.000       0.000      0.000      0.000      0.000      0.000      0.000      0.000       0.000       0.000       0.000       0.000       0.000       0.000    
  3024000.   42.70415690   24.6887  0.1938E-05   0.000       0.000       0.000      0.000      0.000      0.000      0.000      0.000      0.000       0.000       0.000       0.000       0.000       0.000       0.000    
  3041280.   42.70415690   24.7568  0.2774E-05   0.000       0.000       0.000      0.000      0.000      0.000      0.000      0.000      0.000       0.000       0.000       0.000       0.000       0.000       0.000    
  3058560.   42.70415690   24.8245  0.2774E-05   0.000       0.000       0.000      0.000      0.000      0.000      0.000      0.000      0.000       0.000       0.000       0.000       0.000       0.000       0.000    
  3075840.   42.70415690   24.8919  0.2774E-05   0.000       0.000       0.000      0.000      0.000      0.000      0.000      0.000      0.000       0.000       0.000       0.000       0.000       0.000       0.000    
  3093120.   42.70415690   24.9589  0.2774E-05   0.000       0.000       0.000      0.000      0.000      0.000      0.000      0.000      0.000       0.000       0.000       0.000       0.000       0.000       0.000    
  3110400.   42.70415690   25.0256  0.2774E-05   0.000       0.000       0.000      0.000      0.000      0.000      0.000      0.000      0.000       0.000       0.000       0.000       0.000       0.000       0.000    
  3127680.   42.70415690   25.0196  0.1410E-05   0.000       0.000       0.000      0.000      0.000      0.000      0.000      0.000      0.000       0.000       0.000       0.000       0.000       0.000       0.000    
  3144960.   42.70415690   25.0135  0.1410E-05   0.000       0.000       0.000      0.000      0.000      0.000      0.000      0.000      0.000       0.000       0.000       0.000       0.000       0.000       0.000    
  3162240.   42.70415690   25.0073  0.1410E-05   0.000       0.000       0.000      0.000      0.000      0.000      0.000      0.000      0.000       0.000       0.000       0.000       0.000       0.000       0.000    
  3179520.   42.70415690   25.0011  0.1410E-05   0.000       0.000       0.000      0.000      0.000      0.000      0.000      0.000      0.000       0.000       0.000       0.000       0.000       0.000       0.000    
  3196800.   42.70415690   24.9949  0.1410E-05   0.000       0.000       0.000      0.000      0.000      0.000      0.000      0.000      0.000       0.000       0.000       0.000       0.000       0.000       0.000    
  3214080.   42.70415690   24.9572  0.8153E-06   0.000       0.000       0.000      0.000      0.000      0.000      0.000      0.000      0.000       0.000       0.000       0.000       0.000       0.000       0.000    
  3231360.   42.70415690   24.9197  0.8153E-06   0.000       0.000       0.000      0.000      0.000      0.000      0.000      0.000      0.000       0.000       0.000       0.000       0.000       0.000       0.000    
  3248640.   42.70415690   24.8823  0.8153E-06   0.000       0.000       0.000      0.000      0.000      0.000      0.000      0.000      0.000       0.000       0.000       0.000       0.000       0.000       0.000    
  3265920.   42.70415690   24.8451  0.8153E-06   0.000       0.000       0.000      0.000      0.000      0.000      0.000      0.000      0.000       0.000       0.000       0.000       0.000       0.000       0.000    
  3283200.   42.70415690   24.8081  0.8153E-06   0.000       0.000       0.000      0.000      0.000      0.000      0.000      0.000      0.000       0.000       0.000       0.000       0.000       0.000       0.000    
  3300480.   42.70415690   24.7874  0.1118E-05   0.000       0.000       0.000      0.000      0.000      0.000      0.000      0.000      0.000       0.000       0.000       0.000       0.000       0.000       0.000    
  3317760.   42.70415690   24.7668  0.1118E-05   0.000       0.000       0.000      0.000      0.000      0.000      0.000      0.000      0.000       0.000       0.000       0.000       0.000       0.000       0.000    
  3335040.   42.70415690   24.7464  0.1118E-05   0.000       0.000       0.000      0.000      0.000      0.000      0.000      0.000      0.000       0.000       0.000       0.000       0.000       0.000       0.000    
  3352320.   42.70415690   24.7261  0.1118E-05   0.000       0.000       0.000      0.000      0.000      0.000      0.000      0.000      0.000       0.000       0.000       0.000       0.000       0.000       0.000    
  3369600.   42.70415690   24.7059  0.1118E-05   0.000       0.000       0.000      0.000      0.000      0.000      0.000      0.000      0.000       0.000       0.000       0.000       0.000       0.000       0.000    
  3386880.   42.70415690   24.7222  0.1804E-05   0.000       0.000       0.000      0.000      0.000      0.000      0.000      0.000      0.000       0.000       0.000       0.000       0.000       0.000       0.000    
  3404160.   42.70415690   24.7385  0.1804E-05   0.000       0.000       0.000      0.000      0.000      0.000      0.000      0.000      0.000       0.000       0.000       0.000       0.000       0.000       0.000    
  3421440.   42.70415690   24.7548  0.1804E-05   0.000       0.000       0.000      0.000      0.000      0.000      0.000      0.000      0.000       0.000       0.000       0.000       0.000       0.000       0.000    
  3438720.   42.70415690   24.7710  0.1804E-05   0.000       0.000       0.000      0.000      0.000      0.000      0.000      0.000      0.000       0.000       0.000       0.000       0.000       0.000       0.000    
  3456000.   42.70415690   24.7872  0.1804E-05   0.000       0.000       0.000      0.000      0.000      0.000      0.000      0.000      0.000       0.000       0.000       0.000       0.000       0.000       0.000    
  3473280.   42.70415690   24.8264  0.2240E-05   0.000       0.000       0.000      0.000      0.000      0.000      0.000      0.000      0.000       0.000       0.000       0.000       0.000       0.000       0.000    
  3490560.   42.70415690   24.8655  0.2240E-05   0.000       0.000       0.000      0.000      0.000      0.000      0.000      0.000      0.000       0.000       0.000       0.000       0.000       0.000       0.000    
  3507840.   42.70415690   24.9044  0.2240E-05   0.000       0.000       0.000      0.000      0.000      0.000      0.000      0.000      0.000       0.000       0.000       0.000       0.000       0.000       0.000    
  3525120.   42.70415690   24.9431  0.2240E-05   0.000       0.000       0.000      0.000      0.000      0.000      0.000      0.000      0.000       0.000       0.000       0.000       0.000       0.000       0.000    
  3542400.   42.70415690   24.9816  0.2240E-05   0.000       0.000       0.000      0.000      0.000      0.000      0.000      0.000      0.000       0.000       0.000       0.000       0.000       0.000       0.000    
  3559680.   42.70415690   24.9999  0.1862E-05   0.000       0.000       0.000      0.000      0.000      0.000      0.000      0.000      0.000       0.000       0.000       0.000       0.000       0.000       0.000    
  3576960.   42.70415690   25.0180  0.1862E-05   0.000       0.000       0.000      0.000      0.000      0.000      0.000      0.000      0.000       0.000       0.000       0.000       0.000       0.000       0.000    
  3594240.   42.70415690   25.0360  0.1862E-05   0.000       0.000       0.000      0.000      0.000      0.000      0.000      0.000      0.000       0.000       0.000       0.000       0.000       0.000       0.000    
  3611520.   42.70415690   25.0540  0.1862E-05   0.000       0.000       0.000      0.000      0.000      0.000      0.000      0.000      0.000       0.000       0.000       0.000       0.000       0.000       0.000    
  3628800.   42.70415690   25.0718  0.1862E-05   0.000       0.000       0.000      0.000      0.000      0.000      0.000      0.000      0.000       0.000       0.000       0.000       0.000       0.000       0.000    
  3646080.   42.70415690   25.0441  0.1005E-05   0.000       0.000       0.000      0.000      0.000      0.000      0.000      0.000      0.000       0.000       0.000       0.000       0.000       0.000       0.000    
  3663360.   42.70415690   25.0164  0.1005E-05   0.000       0.000       0.000      0.000      0.000      0.000      0.000      0.000      0.000       0.000       0.000       0.000       0.000       0.000       0.000    
  3680640.   42.70415690   24.9888  0.1005E-05   0.000       0.000       0.000      0.000      0.000      0.000      0.000      0.000      0.000       0.000       0.000       0.000       0.000       0.000       0.000    
  3697920.   42.70415690   24.9614  0.1005E-05   0.000       0.000       0.000      0.000      0.000      0.000      0.000      0.000      0.000       0.000       0.000       0.000       0.000       0.000       0.000    
  3715200.   42.70415690   24.9341  0.1005E-05   0.000       0.000       0.000      0.000      0.000      0.000      0.000      0.000      0.000       0.000       0.000       0.000       0.000       0.000       0.000    
  3732480.   42.70415690   24.9153  0.1162E-05   0.000       0.000       0.000      0.000      0.000      0.000      0.000      0.000      0.000       0.000       0.000       0.000       0.000       0.000       0.000    
  3749760.   42.70415690   24.8966  0.1162E-05   0.000       0.000       0.000      0.000      0.000      0.000      0.000      0.000      0.000       0.000       0.000       0.000       0.000       0.000       0.000    
  3767040.   42.70415690   24.8781  0.1162E-05   0.000       0.000       0.000      0.000      0.000      0.000      0.000      0.000      0.000       0.000       0.000       0.000       0.000       0.000       0.000    
  3784320.   42.70415690   24.8596  0.1162E-05   0.000       0.000       0.000      0.000      0.000      0.000      0.000      0.000      0.000       0.000       0.000       0.000       0.000       0.000       0.000    
  3801600.   42.70415690   24.8413  0.1162E-05   0.000       0.000       0.000      0.000      0.000      0.000      0.000      0.000      0.000       0.000       0.000       0.000       0.000       0.000       0.000    
  3818880.   42.70415690   24.8521  0.1710E-05   0.000       0.000       0.000      0.000      0.000      0.000      0.000      0.000      0.000       0.000       0.000       0.000       0.000       0.000       0.000    
  3836160.   42.70415690   24.8629  0.1710E-05   0.000       0.000       0.000      0.000      0.000      0.000      0.000      0.000      0.000       0.000       0.000       0.000       0.000       0.000       0.000    
  3853440.   42.70415690   24.8737  0.1710E-05   0.000       0.000       0.000      0.000      0.000      0.000      0.000      0.000      0.000       0.000       0.000       0.000       0.000       0.000       0.000    
  3870720.   42.70415690   24.8845  0.1710E-05   0.000       0.000       0.000      0.000      0.000      0.000      0.000      0.000      0.000       0.000       0.000       0.000       0.000       0.000       0.000    
  3888000.   42.70415690   24.8952  0.1710E-05   0.000       0.000       0.000      0.000      0.000      0.000      0.000      0.000      0.000       0.000       0.000       0.000       0.000       0.000       0.000    
  3905280.   42.70415690   24.9375  0.2309E-05   0.000       0.000       0.000      0.000      0.000      0.000      0.000      0.000      0.000       0.000       0.000       0.000       0.000       0.000       0.000    
  3922560.   42.70415690   24.9798  0.2309E-05   0.000       0.000       0.000      0.000      0.000      0.000      0.000      0.000      0.000       0.000       0.000       0.000       0.000       0.000       0.000    
  3939840.   42.70415690   25.0218  0.2309E-05   0.000       0.000       0.000      0.000      0.000      0.000      0.000      0.000      0.000       0.000       0.000       0.000       0.000       0.000       0.000    
  3957120.   42.70415690   25.0636  0.2309E-05   0.000       0.000       0.000      0.000      0.000      0.000      0.000      0.000      0.000       0.000       0.000       0.000       0.000       0.000       0.000    
  3974400.   42.70415690   25.1052  0.2309E-05   0.000       0.000       0.000      0.000      0.000      0.000      0.000      0.000      0.000       0.000       0.000       0.000       0.000       0.000       0.000    
  3991680.   42.70415690   25.1533  0.2435E-05   0.000       0.000       0.000      0.000      0.000      0.000      0.000      0.000      0.000       0.000       0.000       0.000       0.000       0.000       0.000    
  4008960.   42.70415690   25.2011  0.2435E-05   0.000       0.000       0.000      0.000      0.000      0.000      0.000      0.000      0.000       0.000       0.000       0.000       0.000       0.000       0.000    
  4026240.   42.70415690   25.2486  0.2435E-05   0.000       0.000       0.000      0.000      0.000      0.000      0.000      0.000      0.000       0.000       0.000       0.000       0.000       0.000       0.000    
  4043520.   42.70415690   25.2959  0.2435E-05   0.000       0.000       0.000      0.000      0.000      0.000      0.000      0.000      0.000       0.000       0.000       0.000       0.000       0.000       0.000    
  4060800.   42.70415690   25.3430  0.2435E-05   0.000       0.000       0.000      0.000      0.000      0.000      0.000      0.000      0.000       0.000       0.000       0.000       0.000       0.000       0.000    
  4078080.   42.70415690   25.3230  0.1175E-05   0.000       0.000       0.000      0.000      0.000      0.000      0.000      0.000      0.000       0.000       0.000       0.000       0.000       0.000       0.000    
  4095360.   42.70415690   25.3030  0.1175E-05   0.000       0.000       0.000      0.000      0.000      0.000      0.000      0.000      0.000       0.000       0.000       0.000       0.000       0.000       0.000    
  4112640.   42.70415690   25.2830  0.1175E-05   0.000       0.000       0.000      0.000      0.000      0.000      0.000      0.000      0.000       0.000       0.000       0.000       0.000       0.000       0.000    
  4129920.   42.70415690   25.2631  0.1175E-05   0.000       0.000       0.000      0.000      0.000      0.000      0.000      0.000      0.000       0.000       0.000       0.000       0.000       0.000       0.000    
  4147200.   42.70415690   25.2433  0.1175E-05   0.000       0.000       0.000      0.000      0.000      0.000      0.000      0.000      0.000       0.000       0.000       0.000       0.000       0.000       0.000    
  4164480.   42.70415690   25.1988  0.7076E-06   0.000       0.000       0.000      0.000      0.000      0.000      0.000      0.000      0.000       0.000       0.000       0.000       0.000       0.000       0.000    
  4181760.   42.70415690   25.1545  0.7076E-06   0.000       0.000       0.000      0.000      0.000      0.000      0.000      0.000      0.000       0.000       0.000       0.000       0.000       0.000       0.000    
  4199040.   42.70415690   25.1104  0.7076E-06   0.000       0.000       0.000      0.000      0.000      0.000      0.000      0.000      0.000       0.000       0.000       0.000       0.000       0.000       0.000    
  4216320.   42.70415690   25.0665  0.7076E-06   0.000       0.000       0.000      0.000      0.000      0.000      0.000      0.000      0.000       0.000       0.000       0.000       0.000       0.000       0.000    
  4233600.   42.70415690   25.0229  0.7076E-06   0.000       0.000       0.000      0.000      0.000      0.000      0.000      0.000      0.000       0.000       0.000       0.000       0.000       0.000       0.000    
  4250880.   42.70415690   24.9743  0.6104E-06   0.000       0.000       0.000      0.000      0.000      0.000      0.000      0.000      0.000       0.000       0.000       0.000       0.000       0.000       0.000    
  4268160.   42.70415690   24.9261  0.6104E-06   0.000       0.000       0.000      0.000      0.000      0.000      0.000      0.000      0.000       0.000       0.000       0.000       0.000       0.000       0.000    
  4285440.   42.70415690   24.8780  0.6104E-06   0.000       0.000       0.000      0.000      0.000      0.000      0.000      0.000      0.000       0.000       0.000       0.000       0.000       0.000       0.000    
  4302720.   42.70415690   24.8303  0.6104E-06   0.000       0.000       0.000      0.000      0.000      0.000      0.000      0.000      0.000       0.000       0.000       0.000       0.000       0.000       0.000    
  4320000.   42.70415690   24.7828  0.6104E-06   0.000       0.000       0.000      0.000      0.000      0.000      0.000      0.000      0.000       0.000       0.000       0.000       0.000       0.000       0.000    
  4337280.   42.70415690   24.7307  0.5169E-06   0.000       0.000       0.000      0.000      0.000      0.000      0.000      0.000      0.000       0.000       0.000       0.000       0.000       0.000       0.000    
  4354560.   42.70415690   24.6788  0.5169E-06   0.000       0.000       0.000      0.000      0.000      0.000      0.000      0.000      0.000       0.000       0.000       0.000       0.000       0.000       0.000    
  4371840.   42.70415690   24.6273  0.5169E-06   0.000       0.000       0.000      0.000      0.000      0.000      0.000      0.000      0.000       0.000       0.000       0.000       0.000       0.000       0.000    
  4389120.   42.70415690   24.5760  0.5169E-06   0.000       0.000       0.000      0.000      0.000      0.000      0.000      0.000      0.000       0.000       0.000       0.000       0.000       0.000       0.000    
  4406400.   42.70415690   24.5251  0.5169E-06   0.000       0.000       0.000      0.000      0.000      0.000      0.000      0.000      0.000       0.000       0.000       0.000       0.000       0.000       0.000    
