TOTIM (T)      HCON          HMAT      QDIR      QWELL        QMAT       QCADS      QTUB1      QTUB2      QTUB3      QTUB4      QTUB5      QTUB6       NSTOR        QFIX        QLH     FHLQ (LQ)        CAUCHY   CAUCHY (LQ)
    86400.   42.70415690   23.1371   0.000       0.000      0.2786E-03   0.000    -0.3747E-02 0.3469E-02  0.000      0.000      0.000      0.000       0.000       0.000       0.000       0.000       0.000       0.000    
   103680.   42.70415690   23.0590   0.000       0.000      0.2770E-03  0.4326E-07-0.3135E-02 0.2858E-02  0.000      0.000      0.000      0.000       0.000       0.000       0.000       0.000       0.000       0.000    
   120960.   42.70415690   22.9829   0.000       0.000      0.2754E-03  0.2828E-08-0.3118E-02 0.2842E-02  0.000      0.000      0.000      0.000       0.000       0.000       0.000       0.000       0.000       0.000    
   138240.   42.70415690   22.9083   0.000       0.000      0.2738E-03  0.2692E-08-0.3101E-02 0.2827E-02  0.000      0.000      0.000      0.000       0.000       0.000       0.000       0.000       0.000       0.000    
   155520.   42.70415690   22.8349   0.000       0.000      0.2722E-03  0.2660E-08-0.3085E-02 0.2812E-02  0.000      0.000      0.000      0.000       0.000       0.000       0.000       0.000       0.000       0.000    
   172800.   42.70415690   22.7622   0.000       0.000      0.2707E-03  0.2628E-08-0.3068E-02 0.2797E-02  0.000      0.000      0.000      0.000       0.000       0.000       0.000       0.000       0.000       0.000    
   190080.   42.70415690   22.7168   0.000       0.000      0.2697E-03  0.1611E-08-0.3058E-02 0.2788E-02  0.000      0.000      0.000      0.000       0.000       0.000       0.000       0.000       0.000       0.000    
   207360.   42.70415690   22.6717   0.000       0.000      0.2688E-03  0.1631E-08-0.3047E-02 0.2779E-02  0.000      0.000      0.000      0.000       0.000       0.000       0.000       0.000       0.000       0.000    
   224640.   42.70415690   22.6269   0.000       0.000      0.2678E-03  0.1616E-08-0.3037E-02 0.2769E-02  0.000      0.000      0.000      0.000       0.000       0.000       0.000       0.000       0.000       0.000    
   241920.   42.70415690   22.5824   0.000       0.000      0.2669E-03  0.1601E-08-0.3027E-02 0.2760E-02  0.000      0.000      0.000      0.000       0.000       0.000       0.000       0.000       0.000       0.000    
   259200.   42.70415690   22.5382   0.000       0.000      0.2659E-03  0.1586E-08-0.3016E-02 0.2750E-02  0.000      0.000      0.000      0.000       0.000       0.000       0.000       0.000       0.000       0.000    
   276480.   42.70415690   22.5014   0.000       0.000      0.2651E-03  0.1309E-08-0.3008E-02 0.2743E-02  0.000      0.000      0.000      0.000       0.000       0.000       0.000       0.000       0.000       0.000    
   293760.   42.70415690   22.4649   0.000       0.000      0.2644E-03  0.1307E-08-0.2999E-02 0.2735E-02  0.000      0.000      0.000      0.000       0.000       0.000       0.000       0.000       0.000       0.000    
   311040.   42.70415690   22.4285   0.000       0.000      0.2636E-03  0.1296E-08-0.2991E-02 0.2727E-02  0.000      0.000      0.000      0.000       0.000       0.000       0.000       0.000       0.000       0.000    
   328320.   42.70415690   22.3924   0.000       0.000      0.2628E-03  0.1285E-08-0.2982E-02 0.2719E-02  0.000      0.000      0.000      0.000       0.000       0.000       0.000       0.000       0.000       0.000    
   345600.   42.70415690   22.3565   0.000       0.000      0.2621E-03  0.1274E-08-0.2974E-02 0.2711E-02  0.000      0.000      0.000      0.000       0.000       0.000       0.000       0.000       0.000       0.000    
   362880.   42.70415690   22.3542   0.000       0.000      0.2620E-03  0.5364E-10-0.2974E-02 0.2712E-02  0.000      0.000      0.000      0.000       0.000       0.000       0.000       0.000       0.000       0.000    
   380160.   42.70415690   22.3518   0.000       0.000      0.2620E-03  0.9901E-10-0.2973E-02 0.2711E-02  0.000      0.000      0.000      0.000       0.000       0.000       0.000       0.000       0.000       0.000    
   397440.   42.70415690   22.3495   0.000       0.000      0.2619E-03  0.1005E-09-0.2972E-02 0.2710E-02  0.000      0.000      0.000      0.000       0.000       0.000       0.000       0.000       0.000       0.000    
   414720.   42.70415690   22.3470   0.000       0.000      0.2619E-03  0.1015E-09-0.2972E-02 0.2710E-02  0.000      0.000      0.000      0.000       0.000       0.000       0.000       0.000       0.000       0.000    
   432000.   42.70415690   22.3445   0.000       0.000      0.2618E-03  0.1024E-09-0.2971E-02 0.2709E-02  0.000      0.000      0.000      0.000       0.000       0.000       0.000       0.000       0.000       0.000    
   449280.   42.70415690   22.3675   0.000       0.000      0.2623E-03 -0.8180E-09-0.2977E-02 0.2714E-02  0.000      0.000      0.000      0.000       0.000       0.000       0.000       0.000       0.000       0.000    
   466560.   42.70415690   22.3902   0.000       0.000      0.2628E-03 -0.7789E-09-0.2982E-02 0.2719E-02  0.000      0.000      0.000      0.000       0.000       0.000       0.000       0.000       0.000       0.000    
   483840.   42.70415690   22.4126   0.000       0.000      0.2633E-03 -0.7732E-09-0.2987E-02 0.2724E-02  0.000      0.000      0.000      0.000       0.000       0.000       0.000       0.000       0.000       0.000    
   501120.   42.70415690   22.4349   0.000       0.000      0.2637E-03 -0.7679E-09-0.2992E-02 0.2729E-02  0.000      0.000      0.000      0.000       0.000       0.000       0.000       0.000       0.000       0.000    
   518400.   42.70415690   22.4570   0.000       0.000      0.2642E-03 -0.7629E-09-0.2997E-02 0.2733E-02  0.000      0.000      0.000      0.000       0.000       0.000       0.000       0.000       0.000       0.000    
   535680.   42.70415690   22.4592   0.000       0.000      0.2642E-03 -0.3882E-10-0.2998E-02 0.2733E-02  0.000      0.000      0.000      0.000       0.000       0.000       0.000       0.000       0.000       0.000    
   552960.   42.70415690   22.4613   0.000       0.000      0.2643E-03 -0.6399E-10-0.2998E-02 0.2734E-02  0.000      0.000      0.000      0.000       0.000       0.000       0.000       0.000       0.000       0.000    
   570240.   42.70415690   22.4634   0.000       0.000      0.2643E-03 -0.6326E-10-0.2999E-02 0.2734E-02  0.000      0.000      0.000      0.000       0.000       0.000       0.000       0.000       0.000       0.000    
   587520.   42.70415690   22.4655   0.000       0.000      0.2644E-03 -0.6238E-10-0.2999E-02 0.2735E-02  0.000      0.000      0.000      0.000       0.000       0.000       0.000       0.000       0.000       0.000    
   604800.   42.70415690   22.4675   0.000       0.000      0.2644E-03 -0.6146E-10-0.2999E-02 0.2735E-02  0.000      0.000      0.000      0.000       0.000       0.000       0.000       0.000       0.000       0.000    
   622080.   42.70415690   22.4765   0.000       0.000      0.2646E-03 -0.3153E-09-0.3002E-02 0.2737E-02  0.000      0.000      0.000      0.000       0.000       0.000       0.000       0.000       0.000       0.000    
   639360.   42.70415690   22.4853   0.000       0.000      0.2648E-03 -0.3035E-09-0.3004E-02 0.2739E-02  0.000      0.000      0.000      0.000       0.000       0.000       0.000       0.000       0.000       0.000    
   656640.   42.70415690   22.4941   0.000       0.000      0.2650E-03 -0.3010E-09-0.3006E-02 0.2741E-02  0.000      0.000      0.000      0.000       0.000       0.000       0.000       0.000       0.000       0.000    
   673920.   42.70415690   22.5028   0.000       0.000      0.2652E-03 -0.2987E-09-0.3008E-02 0.2743E-02  0.000      0.000      0.000      0.000       0.000       0.000       0.000       0.000       0.000       0.000    
   691200.   42.70415690   22.5114   0.000       0.000      0.2654E-03 -0.2964E-09-0.3010E-02 0.2744E-02  0.000      0.000      0.000      0.000       0.000       0.000       0.000       0.000       0.000       0.000    
   708480.   42.70415690   22.5884   0.000       0.000      0.2670E-03 -0.2810E-08-0.3029E-02 0.2762E-02  0.000      0.000      0.000      0.000       0.000       0.000       0.000       0.000       0.000       0.000    
   725760.   42.70415690   22.6647   0.000       0.000      0.2686E-03 -0.2715E-08-0.3047E-02 0.2778E-02  0.000      0.000      0.000      0.000       0.000       0.000       0.000       0.000       0.000       0.000    
   743040.   42.70415690   22.7405   0.000       0.000      0.2702E-03 -0.2710E-08-0.3065E-02 0.2794E-02  0.000      0.000      0.000      0.000       0.000       0.000       0.000       0.000       0.000       0.000    
   760320.   42.70415690   22.8156   0.000       0.000      0.2718E-03 -0.2706E-08-0.3082E-02 0.2810E-02  0.000      0.000      0.000      0.000       0.000       0.000       0.000       0.000       0.000       0.000    
   777600.   42.70415690   22.8902   0.000       0.000      0.2734E-03 -0.2703E-08-0.3100E-02 0.2826E-02  0.000      0.000      0.000      0.000       0.000       0.000       0.000       0.000       0.000       0.000    
   794880.   42.70415690   23.0254   0.000       0.000      0.2763E-03 -0.5022E-08-0.3132E-02 0.2856E-02  0.000      0.000      0.000      0.000       0.000       0.000       0.000       0.000       0.000       0.000    
   812160.   42.70415690   23.1596   0.000       0.000      0.2791E-03 -0.4954E-08-0.3164E-02 0.2885E-02  0.000      0.000      0.000      0.000       0.000       0.000       0.000       0.000       0.000       0.000    
   829440.   42.70415690   23.2928   0.000       0.000      0.2819E-03 -0.4968E-08-0.3195E-02 0.2913E-02  0.000      0.000      0.000      0.000       0.000       0.000       0.000       0.000       0.000       0.000    
   846720.   42.70415690   23.4250   0.000       0.000      0.2847E-03 -0.4983E-08-0.3226E-02 0.2941E-02  0.000      0.000      0.000      0.000       0.000       0.000       0.000       0.000       0.000       0.000    
   864000.   42.70415690   23.5563   0.000       0.000      0.2875E-03 -0.4997E-08-0.3257E-02 0.2969E-02  0.000      0.000      0.000      0.000       0.000       0.000       0.000       0.000       0.000       0.000    
   881280.   42.70415690   23.6327   0.000       0.000      0.2891E-03 -0.2856E-08-0.3274E-02 0.2985E-02  0.000      0.000      0.000      0.000       0.000       0.000       0.000       0.000       0.000       0.000    
   898560.   42.70415690   23.7086   0.000       0.000      0.2907E-03 -0.2932E-08-0.3292E-02 0.3001E-02  0.000      0.000      0.000      0.000       0.000       0.000       0.000       0.000       0.000       0.000    
   915840.   42.70415690   23.7840   0.000       0.000      0.2923E-03 -0.2931E-08-0.3310E-02 0.3017E-02  0.000      0.000      0.000      0.000       0.000       0.000       0.000       0.000       0.000       0.000    
   933120.   42.70415690   23.8590   0.000       0.000      0.2939E-03 -0.2929E-08-0.3327E-02 0.3033E-02  0.000      0.000      0.000      0.000       0.000       0.000       0.000       0.000       0.000       0.000    
   950400.   42.70415690   23.9334   0.000       0.000      0.2955E-03 -0.2927E-08-0.3345E-02 0.3049E-02  0.000      0.000      0.000      0.000       0.000       0.000       0.000       0.000       0.000       0.000    
   967680.   42.70415690   24.0790   0.000       0.000      0.2986E-03 -0.5858E-08-0.3380E-02 0.3082E-02  0.000      0.000      0.000      0.000       0.000       0.000       0.000       0.000       0.000       0.000    
   984960.   42.70415690   24.2236   0.000       0.000      0.3017E-03 -0.5774E-08-0.3414E-02 0.3113E-02  0.000      0.000      0.000      0.000       0.000       0.000       0.000       0.000       0.000       0.000    
  1002240.   42.70415690   24.3672   0.000       0.000      0.3047E-03 -0.5793E-08-0.3448E-02 0.3144E-02  0.000      0.000      0.000      0.000       0.000       0.000       0.000       0.000       0.000       0.000    
  1019520.   42.70415690   24.5098   0.000       0.000      0.3077E-03 -0.5812E-08-0.3482E-02 0.3174E-02  0.000      0.000      0.000      0.000       0.000       0.000       0.000       0.000       0.000       0.000    
  1036800.   42.70415690   24.6514   0.000       0.000      0.3107E-03 -0.5832E-08-0.3515E-02 0.3204E-02  0.000      0.000      0.000      0.000       0.000       0.000       0.000       0.000       0.000       0.000    
  1054080.   42.70415690   24.8954   0.000       0.000      0.3159E-03 -0.1031E-07-0.3574E-02 0.3258E-02  0.000      0.000      0.000      0.000       0.000       0.000       0.000       0.000       0.000       0.000    
  1071360.   42.70415690   25.1376   0.000       0.000      0.3210E-03 -0.1025E-07-0.3631E-02 0.3310E-02  0.000      0.000      0.000      0.000       0.000       0.000       0.000       0.000       0.000       0.000    
  1088640.   42.70415690   25.3774   0.000       0.000      0.3261E-03 -0.3038E-07-0.4032E-02 0.3706E-02  0.000      0.000      0.000      0.000       0.000       0.000       0.000       0.000       0.000       0.000    
  1105920.   42.70415690   25.6150   0.000       0.000      0.3312E-03 -0.1098E-07-0.4092E-02 0.3761E-02  0.000      0.000      0.000      0.000       0.000       0.000       0.000       0.000       0.000       0.000    
  1123200.   42.70415690   25.8506   0.000       0.000      0.3361E-03 -0.1106E-07-0.4152E-02 0.3816E-02  0.000      0.000      0.000      0.000       0.000       0.000       0.000       0.000       0.000       0.000    
  1140480.   42.70415690   25.8965   0.000       0.000      0.3371E-03 -0.1915E-08-0.4160E-02 0.3823E-02  0.000      0.000      0.000      0.000       0.000       0.000       0.000       0.000       0.000       0.000    
  1157760.   42.70415690   25.9423   0.000       0.000      0.3381E-03 -0.2234E-08-0.4172E-02 0.3834E-02  0.000      0.000      0.000      0.000       0.000       0.000       0.000       0.000       0.000       0.000    
  1175040.   42.70415690   25.9880   0.000       0.000      0.3391E-03 -0.2237E-08-0.4184E-02 0.3845E-02  0.000      0.000      0.000      0.000       0.000       0.000       0.000       0.000       0.000       0.000    
  1192320.   42.70415690   26.0336   0.000       0.000      0.3400E-03 -0.2237E-08-0.4196E-02 0.3856E-02  0.000      0.000      0.000      0.000       0.000       0.000       0.000       0.000       0.000       0.000    
  1209600.   42.70415690   26.0790   0.000       0.000      0.3410E-03 -0.2235E-08-0.4208E-02 0.3867E-02  0.000      0.000      0.000      0.000       0.000       0.000       0.000       0.000       0.000       0.000    
  1226880.   42.70415690   26.0550   0.000       0.000      0.3405E-03  0.1191E-08-0.4201E-02 0.3860E-02  0.000      0.000      0.000      0.000       0.000       0.000       0.000       0.000       0.000       0.000    
  1244160.   42.70415690   26.0315   0.000       0.000      0.3400E-03  0.1057E-08-0.4195E-02 0.3855E-02  0.000      0.000      0.000      0.000       0.000       0.000       0.000       0.000       0.000       0.000    
  1261440.   42.70415690   26.0082   0.000       0.000      0.3395E-03  0.1041E-08-0.4189E-02 0.3850E-02  0.000      0.000      0.000      0.000       0.000       0.000       0.000       0.000       0.000       0.000    
  1278720.   42.70415690   25.9853   0.000       0.000      0.3390E-03  0.1027E-08-0.4183E-02 0.3844E-02  0.000      0.000      0.000      0.000       0.000       0.000       0.000       0.000       0.000       0.000    
  1296000.   42.70415690   25.9627   0.000       0.000      0.3385E-03  0.1014E-08-0.4178E-02 0.3839E-02  0.000      0.000      0.000      0.000       0.000       0.000       0.000       0.000       0.000       0.000    
  1313280.   42.70415690   25.9185   0.000       0.000      0.3376E-03  0.2077E-08-0.4166E-02 0.3829E-02  0.000      0.000      0.000      0.000       0.000       0.000       0.000       0.000       0.000       0.000    
  1330560.   42.70415690   25.8747   0.000       0.000      0.3367E-03  0.2016E-08-0.4155E-02 0.3819E-02  0.000      0.000      0.000      0.000       0.000       0.000       0.000       0.000       0.000       0.000    
  1347840.   42.70415690   25.8313   0.000       0.000      0.3357E-03  0.1993E-08-0.4144E-02 0.3809E-02  0.000      0.000      0.000      0.000       0.000       0.000       0.000       0.000       0.000       0.000    
  1365120.   42.70415690   25.7884   0.000       0.000      0.3348E-03  0.1971E-08-0.4133E-02 0.3799E-02  0.000      0.000      0.000      0.000       0.000       0.000       0.000       0.000       0.000       0.000    
  1382400.   42.70415690   25.7459   0.000       0.000      0.3339E-03  0.1949E-08-0.4123E-02 0.3789E-02  0.000      0.000      0.000      0.000       0.000       0.000       0.000       0.000       0.000       0.000    
  1399680.   42.70415690   25.6898   0.000       0.000      0.3327E-03  0.2602E-08-0.4108E-02 0.3776E-02  0.000      0.000      0.000      0.000       0.000       0.000       0.000       0.000       0.000       0.000    
  1416960.   42.70415690   25.6343   0.000       0.000      0.3316E-03  0.2550E-08-0.4094E-02 0.3763E-02  0.000      0.000      0.000      0.000       0.000       0.000       0.000       0.000       0.000       0.000    
  1434240.   42.70415690   25.5792   0.000       0.000      0.3304E-03  0.2521E-08-0.4080E-02 0.3750E-02  0.000      0.000      0.000      0.000       0.000       0.000       0.000       0.000       0.000       0.000    
  1451520.   42.70415690   25.5246   0.000       0.000      0.3292E-03  0.2494E-08-0.4066E-02 0.3737E-02  0.000      0.000      0.000      0.000       0.000       0.000       0.000       0.000       0.000       0.000    
  1468800.   42.70415690   25.4705   0.000       0.000      0.3281E-03  0.2466E-08-0.4053E-02 0.3724E-02  0.000      0.000      0.000      0.000       0.000       0.000       0.000       0.000       0.000       0.000    
  1486080.   42.70415690   25.4059   0.000       0.000      0.3267E-03  0.2955E-08-0.4036E-02 0.3709E-02  0.000      0.000      0.000      0.000       0.000       0.000       0.000       0.000       0.000       0.000    
  1503360.   42.70415690   25.3419   0.000       0.000      0.3254E-03  0.2904E-08-0.4020E-02 0.3694E-02  0.000      0.000      0.000      0.000       0.000       0.000       0.000       0.000       0.000       0.000    
  1520640.   42.70415690   25.2784   0.000       0.000      0.3240E-03  0.2872E-08-0.4003E-02 0.3679E-02  0.000      0.000      0.000      0.000       0.000       0.000       0.000       0.000       0.000       0.000    
  1537920.   42.70415690   25.2155   0.000       0.000      0.3227E-03  0.2840E-08-0.3987E-02 0.3665E-02  0.000      0.000      0.000      0.000       0.000       0.000       0.000       0.000       0.000       0.000    
  1555200.   42.70415690   25.1529   0.000       0.000      0.3214E-03  0.2809E-08-0.3971E-02 0.3650E-02  0.000      0.000      0.000      0.000       0.000       0.000       0.000       0.000       0.000       0.000    
  1572480.   42.70415690   25.0837   0.000       0.000      0.3199E-03  0.3116E-08-0.3953E-02 0.3634E-02  0.000      0.000      0.000      0.000       0.000       0.000       0.000       0.000       0.000       0.000    
  1589760.   42.70415690   25.0149   0.000       0.000      0.3184E-03  0.3069E-08-0.3936E-02 0.3617E-02  0.000      0.000      0.000      0.000       0.000       0.000       0.000       0.000       0.000       0.000    
  1607040.   42.70415690   24.9474   0.000       0.000      0.3170E-03  0.2203E-07-0.3583E-02 0.3266E-02  0.000      0.000      0.000      0.000       0.000       0.000       0.000       0.000       0.000       0.000    
  1624320.   42.70415690   24.8810   0.000       0.000      0.3156E-03  0.2792E-08-0.3568E-02 0.3252E-02  0.000      0.000      0.000      0.000       0.000       0.000       0.000       0.000       0.000       0.000    
  1641600.   42.70415690   24.8155   0.000       0.000      0.3142E-03  0.2741E-08-0.3553E-02 0.3238E-02  0.000      0.000      0.000      0.000       0.000       0.000       0.000       0.000       0.000       0.000    
  1658880.   42.70415690   24.7487   0.000       0.000      0.3128E-03  0.2791E-08-0.3537E-02 0.3225E-02  0.000      0.000      0.000      0.000       0.000       0.000       0.000       0.000       0.000       0.000    
  1676160.   42.70415690   24.6825   0.000       0.000      0.3114E-03  0.2759E-08-0.3522E-02 0.3211E-02  0.000      0.000      0.000      0.000       0.000       0.000       0.000       0.000       0.000       0.000    
  1693440.   42.70415690   24.6167   0.000       0.000      0.3100E-03  0.2729E-08-0.3507E-02 0.3197E-02  0.000      0.000      0.000      0.000       0.000       0.000       0.000       0.000       0.000       0.000    
  1710720.   42.70415690   24.5514   0.000       0.000      0.3086E-03  0.2700E-08-0.3491E-02 0.3183E-02  0.000      0.000      0.000      0.000       0.000       0.000       0.000       0.000       0.000       0.000    
  1728000.   42.70415690   24.4865   0.000       0.000      0.3072E-03  0.2671E-08-0.3476E-02 0.3169E-02  0.000      0.000      0.000      0.000       0.000       0.000       0.000       0.000       0.000       0.000    
  1745280.   42.70415690   24.4236   0.000       0.000      0.3059E-03  0.2577E-08-0.3462E-02 0.3156E-02  0.000      0.000      0.000      0.000       0.000       0.000       0.000       0.000       0.000       0.000    
  1762560.   42.70415690   24.3611   0.000       0.000      0.3046E-03  0.2552E-08-0.3447E-02 0.3142E-02  0.000      0.000      0.000      0.000       0.000       0.000       0.000       0.000       0.000       0.000    
  1779840.   42.70415690   24.2990   0.000       0.000      0.3033E-03  0.2526E-08-0.3432E-02 0.3129E-02  0.000      0.000      0.000      0.000       0.000       0.000       0.000       0.000       0.000       0.000    
  1797120.   42.70415690   24.2372   0.000       0.000      0.3019E-03  0.2500E-08-0.3418E-02 0.3116E-02  0.000      0.000      0.000      0.000       0.000       0.000       0.000       0.000       0.000       0.000    
  1814400.   42.70415690   24.1759   0.000       0.000      0.3006E-03  0.2474E-08-0.3403E-02 0.3103E-02  0.000      0.000      0.000      0.000       0.000       0.000       0.000       0.000       0.000       0.000    
  1831680.   42.70415690   24.1112   0.000       0.000      0.2993E-03  0.2602E-08-0.3388E-02 0.3089E-02  0.000      0.000      0.000      0.000       0.000       0.000       0.000       0.000       0.000       0.000    
  1848960.   42.70415690   24.0470   0.000       0.000      0.2979E-03  0.2569E-08-0.3373E-02 0.3075E-02  0.000      0.000      0.000      0.000       0.000       0.000       0.000       0.000       0.000       0.000    
  1866240.   42.70415690   23.9831   0.000       0.000      0.2966E-03  0.2542E-08-0.3358E-02 0.3061E-02  0.000      0.000      0.000      0.000       0.000       0.000       0.000       0.000       0.000       0.000    
  1883520.   42.70415690   23.9196   0.000       0.000      0.2952E-03  0.2515E-08-0.3343E-02 0.3048E-02  0.000      0.000      0.000      0.000       0.000       0.000       0.000       0.000       0.000       0.000    
  1900800.   42.70415690   23.8566   0.000       0.000      0.2939E-03  0.2489E-08-0.3328E-02 0.3034E-02  0.000      0.000      0.000      0.000       0.000       0.000       0.000       0.000       0.000       0.000    
  1918080.   42.70415690   23.7912   0.000       0.000      0.2925E-03  0.2571E-08-0.3313E-02 0.3020E-02  0.000      0.000      0.000      0.000       0.000       0.000       0.000       0.000       0.000       0.000    
  1935360.   42.70415690   23.7262   0.000       0.000      0.2911E-03  0.2540E-08-0.3297E-02 0.3006E-02  0.000      0.000      0.000      0.000       0.000       0.000       0.000       0.000       0.000       0.000    
  1952640.   42.70415690   23.6617   0.000       0.000      0.2897E-03  0.2513E-08-0.3282E-02 0.2993E-02  0.000      0.000      0.000      0.000       0.000       0.000       0.000       0.000       0.000       0.000    
  1969920.   42.70415690   23.5975   0.000       0.000      0.2884E-03  0.2487E-08-0.3267E-02 0.2979E-02  0.000      0.000      0.000      0.000       0.000       0.000       0.000       0.000       0.000       0.000    
  1987200.   42.70415690   23.5338   0.000       0.000      0.2870E-03  0.2461E-08-0.3252E-02 0.2965E-02  0.000      0.000      0.000      0.000       0.000       0.000       0.000       0.000       0.000       0.000    
  2004480.   42.70415690   23.4716   0.000       0.000      0.2857E-03  0.2386E-08-0.3237E-02 0.2952E-02  0.000      0.000      0.000      0.000       0.000       0.000       0.000       0.000       0.000       0.000    
  2021760.   42.70415690   23.4099   0.000       0.000      0.2844E-03  0.2363E-08-0.3223E-02 0.2938E-02  0.000      0.000      0.000      0.000       0.000       0.000       0.000       0.000       0.000       0.000    
  2039040.   42.70415690   23.3485   0.000       0.000      0.2831E-03  0.2339E-08-0.3208E-02 0.2925E-02  0.000      0.000      0.000      0.000       0.000       0.000       0.000       0.000       0.000       0.000    
  2056320.   42.70415690   23.2875   0.000       0.000      0.2818E-03  0.2315E-08-0.3194E-02 0.2912E-02  0.000      0.000      0.000      0.000       0.000       0.000       0.000       0.000       0.000       0.000    
  2073600.   42.70415690   23.2268   0.000       0.000      0.2805E-03  0.2291E-08-0.3180E-02 0.2899E-02  0.000      0.000      0.000      0.000       0.000       0.000       0.000       0.000       0.000       0.000    
  2090880.   42.70415690   23.1637   0.000       0.000      0.2792E-03  0.2378E-08-0.3165E-02 0.2886E-02  0.000      0.000      0.000      0.000       0.000       0.000       0.000       0.000       0.000       0.000    
  2108160.   42.70415690   23.1009   0.000       0.000      0.2779E-03  0.2349E-08-0.3150E-02 0.2872E-02  0.000      0.000      0.000      0.000       0.000       0.000       0.000       0.000       0.000       0.000    
  2125440.   42.70415690   23.0385   0.000       0.000      0.2765E-03  0.2325E-08-0.3135E-02 0.2859E-02  0.000      0.000      0.000      0.000       0.000       0.000       0.000       0.000       0.000       0.000    
  2142720.   42.70415690   22.9765   0.000       0.000      0.2752E-03  0.2300E-08-0.3121E-02 0.2845E-02  0.000      0.000      0.000      0.000       0.000       0.000       0.000       0.000       0.000       0.000    
  2160000.   42.70415690   22.9148   0.000       0.000      0.2739E-03  0.2276E-08-0.3106E-02 0.2832E-02  0.000      0.000      0.000      0.000       0.000       0.000       0.000       0.000       0.000       0.000    
  2177280.   42.70415690   22.8515   0.000       0.000      0.2726E-03  0.2329E-08-0.3091E-02 0.2818E-02  0.000      0.000      0.000      0.000       0.000       0.000       0.000       0.000       0.000       0.000    
  2194560.   42.70415690   22.7886   0.000       0.000      0.2712E-03  0.2302E-08-0.3076E-02 0.2805E-02  0.000      0.000      0.000      0.000       0.000       0.000       0.000       0.000       0.000       0.000    
  2211840.   42.70415690   22.7260   0.000       0.000      0.2699E-03  0.2277E-08-0.3061E-02 0.2791E-02  0.000      0.000      0.000      0.000       0.000       0.000       0.000       0.000       0.000       0.000    
  2229120.   42.70415690   22.6638   0.000       0.000      0.2686E-03  0.2253E-08-0.3047E-02 0.2778E-02  0.000      0.000      0.000      0.000       0.000       0.000       0.000       0.000       0.000       0.000    
  2246400.   42.70415690   22.6020   0.000       0.000      0.2673E-03  0.2229E-08-0.3032E-02 0.2765E-02  0.000      0.000      0.000      0.000       0.000       0.000       0.000       0.000       0.000       0.000    
  2263680.   42.70415690   22.5385   0.000       0.000      0.2659E-03  0.2282E-08-0.3017E-02 0.2751E-02  0.000      0.000      0.000      0.000       0.000       0.000       0.000       0.000       0.000       0.000    
  2280960.   42.70415690   22.4754   0.000       0.000      0.2646E-03  0.2255E-08-0.3002E-02 0.2737E-02  0.000      0.000      0.000      0.000       0.000       0.000       0.000       0.000       0.000       0.000    
  2298240.   42.70415690   22.4126   0.000       0.000      0.2633E-03  0.2230E-08-0.2987E-02 0.2724E-02  0.000      0.000      0.000      0.000       0.000       0.000       0.000       0.000       0.000       0.000    
  2315520.   42.70415690   22.3502   0.000       0.000      0.2619E-03  0.2207E-08-0.2973E-02 0.2711E-02  0.000      0.000      0.000      0.000       0.000       0.000       0.000       0.000       0.000       0.000    
  2332800.   42.70415690   22.2882   0.000       0.000      0.2606E-03  0.2183E-08-0.2958E-02 0.2697E-02  0.000      0.000      0.000      0.000       0.000       0.000       0.000       0.000       0.000       0.000    
  2350080.   42.70415690   22.2252   0.000       0.000      0.2593E-03  0.2208E-08-0.2943E-02 0.2684E-02  0.000      0.000      0.000      0.000       0.000       0.000       0.000       0.000       0.000       0.000    
  2367360.   42.70415690   22.1626   0.000       0.000      0.2580E-03  0.2183E-08-0.2928E-02 0.2670E-02  0.000      0.000      0.000      0.000       0.000       0.000       0.000       0.000       0.000       0.000    
  2384640.   42.70415690   22.1004   0.000       0.000      0.2566E-03  0.2159E-08-0.2913E-02 0.2657E-02  0.000      0.000      0.000      0.000       0.000       0.000       0.000       0.000       0.000       0.000    
  2401920.   42.70415690   22.0385   0.000       0.000      0.2553E-03  0.2136E-08-0.2899E-02 0.2643E-02  0.000      0.000      0.000      0.000       0.000       0.000       0.000       0.000       0.000       0.000    
  2419200.   42.70415690   21.9770   0.000       0.000      0.2540E-03  0.2113E-08-0.2884E-02 0.2630E-02  0.000      0.000      0.000      0.000       0.000       0.000       0.000       0.000       0.000       0.000    
  2436480.   42.70415690   21.9273   0.000       0.000      0.2530E-03  0.1690E-08-0.2873E-02 0.2620E-02  0.000      0.000      0.000      0.000       0.000       0.000       0.000       0.000       0.000       0.000    
  2453760.   42.70415690   21.8779   0.000       0.000      0.2519E-03  0.1689E-08-0.2861E-02 0.2609E-02  0.000      0.000      0.000      0.000       0.000       0.000       0.000       0.000       0.000       0.000    
  2471040.   42.70415690   21.8287   0.000       0.000      0.2509E-03  0.1673E-08-0.2849E-02 0.2598E-02  0.000      0.000      0.000      0.000       0.000       0.000       0.000       0.000       0.000       0.000    
  2488320.   42.70415690   21.7798   0.000       0.000      0.2498E-03  0.1657E-08-0.2838E-02 0.2588E-02  0.000      0.000      0.000      0.000       0.000       0.000       0.000       0.000       0.000       0.000    
  2505600.   42.70415690   21.7312   0.000       0.000      0.2488E-03  0.1641E-08-0.2826E-02 0.2577E-02  0.000      0.000      0.000      0.000       0.000       0.000       0.000       0.000       0.000       0.000    
  2522880.   42.70415690   21.6824   0.000       0.000      0.2478E-03  0.1640E-08-0.2815E-02 0.2567E-02  0.000      0.000      0.000      0.000       0.000       0.000       0.000       0.000       0.000       0.000    
  2540160.   42.70415690   21.6339   0.000       0.000      0.2467E-03  0.1624E-08-0.2803E-02 0.2556E-02  0.000      0.000      0.000      0.000       0.000       0.000       0.000       0.000       0.000       0.000    
  2557440.   42.70415690   21.5857   0.000       0.000      0.2457E-03  0.1608E-08-0.2792E-02 0.2546E-02  0.000      0.000      0.000      0.000       0.000       0.000       0.000       0.000       0.000       0.000    
  2574720.   42.70415690   21.5377   0.000       0.000      0.2447E-03  0.1593E-08-0.2780E-02 0.2536E-02  0.000      0.000      0.000      0.000       0.000       0.000       0.000       0.000       0.000       0.000    
  2592000.   42.70415690   21.4900   0.000       0.000      0.2437E-03  0.1578E-08-0.2769E-02 0.2525E-02  0.000      0.000      0.000      0.000       0.000       0.000       0.000       0.000       0.000       0.000    
  2609280.   42.70415690   21.4875   0.000       0.000      0.2436E-03  0.4967E-10-0.2769E-02 0.2525E-02  0.000      0.000      0.000      0.000       0.000       0.000       0.000       0.000       0.000       0.000    
  2626560.   42.70415690   21.4849   0.000       0.000      0.2436E-03  0.1072E-09-0.2768E-02 0.2525E-02  0.000      0.000      0.000      0.000       0.000       0.000       0.000       0.000       0.000       0.000    
  2643840.   42.70415690   21.4823   0.000       0.000      0.2435E-03  0.1095E-09-0.2768E-02 0.2524E-02  0.000      0.000      0.000      0.000       0.000       0.000       0.000       0.000       0.000       0.000    
  2661120.   42.70415690   21.4795   0.000       0.000      0.2435E-03  0.1111E-09-0.2767E-02 0.2523E-02  0.000      0.000      0.000      0.000       0.000       0.000       0.000       0.000       0.000       0.000    
  2678400.   42.70415690   21.4767   0.000       0.000      0.2434E-03  0.1124E-09-0.2766E-02 0.2523E-02  0.000      0.000      0.000      0.000       0.000       0.000       0.000       0.000       0.000       0.000    
  2695680.   42.70415690   21.5978   0.000       0.000      0.2460E-03 -0.4083E-08-0.2796E-02 0.2550E-02  0.000      0.000      0.000      0.000       0.000       0.000       0.000       0.000       0.000       0.000    
  2712960.   42.70415690   21.7178   0.000       0.000      0.2485E-03 -0.3938E-08-0.2824E-02 0.2576E-02  0.000      0.000      0.000      0.000       0.000       0.000       0.000       0.000       0.000       0.000    
  2730240.   42.70415690   21.8367   0.000       0.000      0.2510E-03 -0.3946E-08-0.2852E-02 0.2601E-02  0.000      0.000      0.000      0.000       0.000       0.000       0.000       0.000       0.000       0.000    
  2747520.   42.70415690   21.9548   0.000       0.000      0.2536E-03 -0.3954E-08-0.2880E-02 0.2626E-02  0.000      0.000      0.000      0.000       0.000       0.000       0.000       0.000       0.000       0.000    
  2764800.   42.70415690   22.0719   0.000       0.000      0.2560E-03 -0.3963E-08-0.2907E-02 0.2651E-02  0.000      0.000      0.000      0.000       0.000       0.000       0.000       0.000       0.000       0.000    
  2782080.   42.70415690   22.3649   0.000       0.000      0.2622E-03 -0.1033E-07-0.2979E-02 0.2717E-02  0.000      0.000      0.000      0.000       0.000       0.000       0.000       0.000       0.000       0.000    
  2799360.   42.70415690   22.6556   0.000       0.000      0.2684E-03 -0.1026E-07-0.3047E-02 0.2779E-02  0.000      0.000      0.000      0.000       0.000       0.000       0.000       0.000       0.000       0.000    
  2816640.   42.70415690   22.9440   0.000       0.000      0.2745E-03 -0.1041E-07-0.3115E-02 0.2840E-02  0.000      0.000      0.000      0.000       0.000       0.000       0.000       0.000       0.000       0.000    
  2833920.   42.70415690   23.2304   0.000       0.000      0.2806E-03 -0.1057E-07-0.3182E-02 0.2901E-02  0.000      0.000      0.000      0.000       0.000       0.000       0.000       0.000       0.000       0.000    
  2851200.   42.70415690   23.5148   0.000       0.000      0.2866E-03 -0.1072E-07-0.3248E-02 0.2962E-02  0.000      0.000      0.000      0.000       0.000       0.000       0.000       0.000       0.000       0.000    
  2868480.   42.70415690   23.5189   0.000       0.000      0.2867E-03  0.2230E-09-0.3245E-02 0.2958E-02  0.000      0.000      0.000      0.000       0.000       0.000       0.000       0.000       0.000       0.000    
  2885760.   42.70415690   23.5234   0.000       0.000      0.2868E-03 -0.1786E-09-0.3246E-02 0.2959E-02  0.000      0.000      0.000      0.000       0.000       0.000       0.000       0.000       0.000       0.000    
  2903040.   42.70415690   23.5280   0.000       0.000      0.2869E-03 -0.1867E-09-0.3247E-02 0.2960E-02  0.000      0.000      0.000      0.000       0.000       0.000       0.000       0.000       0.000       0.000    
  2920320.   42.70415690   23.5327   0.000       0.000      0.2870E-03 -0.1912E-09-0.3249E-02 0.2962E-02  0.000      0.000      0.000      0.000       0.000       0.000       0.000       0.000       0.000       0.000    
  2937600.   42.70415690   23.5374   0.000       0.000      0.2871E-03 -0.1944E-09-0.3250E-02 0.2963E-02  0.000      0.000      0.000      0.000       0.000       0.000       0.000       0.000       0.000       0.000    
  2954880.   42.70415690   23.5603   0.000       0.000      0.2876E-03 -0.9127E-09-0.3256E-02 0.2968E-02  0.000      0.000      0.000      0.000       0.000       0.000       0.000       0.000       0.000       0.000    
  2972160.   42.70415690   23.5831   0.000       0.000      0.2881E-03 -0.8853E-09-0.3261E-02 0.2973E-02  0.000      0.000      0.000      0.000       0.000       0.000       0.000       0.000       0.000       0.000    
  2989440.   42.70415690   23.6058   0.000       0.000      0.2886E-03 -0.8831E-09-0.3267E-02 0.2978E-02  0.000      0.000      0.000      0.000       0.000       0.000       0.000       0.000       0.000       0.000    
  3006720.   42.70415690   23.6284   0.000       0.000      0.2890E-03 -0.8810E-09-0.3272E-02 0.2983E-02  0.000      0.000      0.000      0.000       0.000       0.000       0.000       0.000       0.000       0.000    
  3024000.   42.70415690   23.6508   0.000       0.000      0.2895E-03 -0.8787E-09-0.3278E-02 0.2988E-02  0.000      0.000      0.000      0.000       0.000       0.000       0.000       0.000       0.000       0.000    
  3041280.   42.70415690   23.7174   0.000       0.000      0.2909E-03 -0.2643E-08-0.3294E-02 0.3003E-02  0.000      0.000      0.000      0.000       0.000       0.000       0.000       0.000       0.000       0.000    
  3058560.   42.70415690   23.7834   0.000       0.000      0.2923E-03 -0.2575E-08-0.3310E-02 0.3017E-02  0.000      0.000      0.000      0.000       0.000       0.000       0.000       0.000       0.000       0.000    
  3075840.   42.70415690   23.8491   0.000       0.000      0.2937E-03 -0.2571E-08-0.3325E-02 0.3031E-02  0.000      0.000      0.000      0.000       0.000       0.000       0.000       0.000       0.000       0.000    
  3093120.   42.70415690   23.9143   0.000       0.000      0.2951E-03 -0.2567E-08-0.3341E-02 0.3045E-02  0.000      0.000      0.000      0.000       0.000       0.000       0.000       0.000       0.000       0.000    
  3110400.   42.70415690   23.9791   0.000       0.000      0.2965E-03 -0.2563E-08-0.3356E-02 0.3059E-02  0.000      0.000      0.000      0.000       0.000       0.000       0.000       0.000       0.000       0.000    
  3127680.   42.70415690   23.9714   0.000       0.000      0.2963E-03  0.3851E-09-0.3353E-02 0.3057E-02  0.000      0.000      0.000      0.000       0.000       0.000       0.000       0.000       0.000       0.000    
  3144960.   42.70415690   23.9639   0.000       0.000      0.2962E-03  0.2745E-09-0.3351E-02 0.3055E-02  0.000      0.000      0.000      0.000       0.000       0.000       0.000       0.000       0.000       0.000    
  3162240.   42.70415690   23.9566   0.000       0.000      0.2960E-03  0.2688E-09-0.3350E-02 0.3054E-02  0.000      0.000      0.000      0.000       0.000       0.000       0.000       0.000       0.000       0.000    
  3179520.   42.70415690   23.9494   0.000       0.000      0.2958E-03  0.2641E-09-0.3348E-02 0.3052E-02  0.000      0.000      0.000      0.000       0.000       0.000       0.000       0.000       0.000       0.000    
  3196800.   42.70415690   23.9423   0.000       0.000      0.2957E-03  0.2599E-09-0.3346E-02 0.3051E-02  0.000      0.000      0.000      0.000       0.000       0.000       0.000       0.000       0.000       0.000    
  3214080.   42.70415690   23.9039   0.000       0.000      0.2949E-03  0.1531E-08-0.3337E-02 0.3042E-02  0.000      0.000      0.000      0.000       0.000       0.000       0.000       0.000       0.000       0.000    
  3231360.   42.70415690   23.8659   0.000       0.000      0.2941E-03  0.1469E-08-0.3328E-02 0.3034E-02  0.000      0.000      0.000      0.000       0.000       0.000       0.000       0.000       0.000       0.000    
  3248640.   42.70415690   23.8282   0.000       0.000      0.2933E-03  0.1453E-08-0.3319E-02 0.3026E-02  0.000      0.000      0.000      0.000       0.000       0.000       0.000       0.000       0.000       0.000    
  3265920.   42.70415690   23.7908   0.000       0.000      0.2925E-03  0.1438E-08-0.3311E-02 0.3018E-02  0.000      0.000      0.000      0.000       0.000       0.000       0.000       0.000       0.000       0.000    
  3283200.   42.70415690   23.7537   0.000       0.000      0.2917E-03  0.1423E-08-0.3302E-02 0.3010E-02  0.000      0.000      0.000      0.000       0.000       0.000       0.000       0.000       0.000       0.000    
  3300480.   42.70415690   23.7330   0.000       0.000      0.2913E-03  0.7676E-09-0.3298E-02 0.3006E-02  0.000      0.000      0.000      0.000       0.000       0.000       0.000       0.000       0.000       0.000    
  3317760.   42.70415690   23.7124   0.000       0.000      0.2908E-03  0.7836E-09-0.3293E-02 0.3002E-02  0.000      0.000      0.000      0.000       0.000       0.000       0.000       0.000       0.000       0.000    
  3335040.   42.70415690   23.6919   0.000       0.000      0.2904E-03  0.7768E-09-0.3288E-02 0.2998E-02  0.000      0.000      0.000      0.000       0.000       0.000       0.000       0.000       0.000       0.000    
  3352320.   42.70415690   23.6717   0.000       0.000      0.2900E-03  0.7700E-09-0.3283E-02 0.2993E-02  0.000      0.000      0.000      0.000       0.000       0.000       0.000       0.000       0.000       0.000    
  3369600.   42.70415690   23.6516   0.000       0.000      0.2895E-03  0.7632E-09-0.3279E-02 0.2989E-02  0.000      0.000      0.000      0.000       0.000       0.000       0.000       0.000       0.000       0.000    
  3386880.   42.70415690   23.6679   0.000       0.000      0.2899E-03 -0.6872E-09-0.3283E-02 0.2993E-02  0.000      0.000      0.000      0.000       0.000       0.000       0.000       0.000       0.000       0.000    
  3404160.   42.70415690   23.6841   0.000       0.000      0.2902E-03 -0.6315E-09-0.3287E-02 0.2997E-02  0.000      0.000      0.000      0.000       0.000       0.000       0.000       0.000       0.000       0.000    
  3421440.   42.70415690   23.7002   0.000       0.000      0.2906E-03 -0.6275E-09-0.3291E-02 0.3000E-02  0.000      0.000      0.000      0.000       0.000       0.000       0.000       0.000       0.000       0.000    
  3438720.   42.70415690   23.7161   0.000       0.000      0.2909E-03 -0.6240E-09-0.3294E-02 0.3003E-02  0.000      0.000      0.000      0.000       0.000       0.000       0.000       0.000       0.000       0.000    
  3456000.   42.70415690   23.7320   0.000       0.000      0.2912E-03 -0.6206E-09-0.3298E-02 0.3007E-02  0.000      0.000      0.000      0.000       0.000       0.000       0.000       0.000       0.000       0.000    
  3473280.   42.70415690   23.7708   0.000       0.000      0.2921E-03 -0.1543E-08-0.3307E-02 0.3015E-02  0.000      0.000      0.000      0.000       0.000       0.000       0.000       0.000       0.000       0.000    
  3490560.   42.70415690   23.8093   0.000       0.000      0.2929E-03 -0.1504E-08-0.3317E-02 0.3024E-02  0.000      0.000      0.000      0.000       0.000       0.000       0.000       0.000       0.000       0.000    
  3507840.   42.70415690   23.8476   0.000       0.000      0.2937E-03 -0.1498E-08-0.3326E-02 0.3032E-02  0.000      0.000      0.000      0.000       0.000       0.000       0.000       0.000       0.000       0.000    
  3525120.   42.70415690   23.8856   0.000       0.000      0.2945E-03 -0.1492E-08-0.3334E-02 0.3040E-02  0.000      0.000      0.000      0.000       0.000       0.000       0.000       0.000       0.000       0.000    
  3542400.   42.70415690   23.9234   0.000       0.000      0.2953E-03 -0.1486E-08-0.3343E-02 0.3048E-02  0.000      0.000      0.000      0.000       0.000       0.000       0.000       0.000       0.000       0.000    
  3559680.   42.70415690   23.9409   0.000       0.000      0.2957E-03 -0.6673E-09-0.3347E-02 0.3051E-02  0.000      0.000      0.000      0.000       0.000       0.000       0.000       0.000       0.000       0.000    
  3576960.   42.70415690   23.9584   0.000       0.000      0.2960E-03 -0.6936E-09-0.3351E-02 0.3055E-02  0.000      0.000      0.000      0.000       0.000       0.000       0.000       0.000       0.000       0.000    
  3594240.   42.70415690   23.9757   0.000       0.000      0.2964E-03 -0.6910E-09-0.3355E-02 0.3059E-02  0.000      0.000      0.000      0.000       0.000       0.000       0.000       0.000       0.000       0.000    
  3611520.   42.70415690   23.9930   0.000       0.000      0.2968E-03 -0.6882E-09-0.3359E-02 0.3063E-02  0.000      0.000      0.000      0.000       0.000       0.000       0.000       0.000       0.000       0.000    
  3628800.   42.70415690   24.0102   0.000       0.000      0.2971E-03 -0.6853E-09-0.3363E-02 0.3066E-02  0.000      0.000      0.000      0.000       0.000       0.000       0.000       0.000       0.000       0.000    
  3646080.   42.70415690   23.9819   0.000       0.000      0.2965E-03  0.1169E-08-0.3356E-02 0.3060E-02  0.000      0.000      0.000      0.000       0.000       0.000       0.000       0.000       0.000       0.000    
  3663360.   42.70415690   23.9540   0.000       0.000      0.2959E-03  0.1091E-08-0.3350E-02 0.3054E-02  0.000      0.000      0.000      0.000       0.000       0.000       0.000       0.000       0.000       0.000    
  3680640.   42.70415690   23.9263   0.000       0.000      0.2954E-03  0.1080E-08-0.3343E-02 0.3048E-02  0.000      0.000      0.000      0.000       0.000       0.000       0.000       0.000       0.000       0.000    
  3697920.   42.70415690   23.8988   0.000       0.000      0.2948E-03  0.1070E-08-0.3337E-02 0.3042E-02  0.000      0.000      0.000      0.000       0.000       0.000       0.000       0.000       0.000       0.000    
  3715200.   42.70415690   23.8715   0.000       0.000      0.2942E-03  0.1060E-08-0.3330E-02 0.3036E-02  0.000      0.000      0.000      0.000       0.000       0.000       0.000       0.000       0.000       0.000    
  3732480.   42.70415690   23.8528   0.000       0.000      0.2938E-03  0.7132E-09-0.3326E-02 0.3032E-02  0.000      0.000      0.000      0.000       0.000       0.000       0.000       0.000       0.000       0.000    
  3749760.   42.70415690   23.8342   0.000       0.000      0.2934E-03  0.7191E-09-0.3322E-02 0.3028E-02  0.000      0.000      0.000      0.000       0.000       0.000       0.000       0.000       0.000       0.000    
  3767040.   42.70415690   23.8158   0.000       0.000      0.2930E-03  0.7131E-09-0.3318E-02 0.3025E-02  0.000      0.000      0.000      0.000       0.000       0.000       0.000       0.000       0.000       0.000    
  3784320.   42.70415690   23.7975   0.000       0.000      0.2926E-03  0.7072E-09-0.3313E-02 0.3021E-02  0.000      0.000      0.000      0.000       0.000       0.000       0.000       0.000       0.000       0.000    
  3801600.   42.70415690   23.7793   0.000       0.000      0.2922E-03  0.7014E-09-0.3309E-02 0.3017E-02  0.000      0.000      0.000      0.000       0.000       0.000       0.000       0.000       0.000       0.000    
  3818880.   42.70415690   23.7903   0.000       0.000      0.2925E-03 -0.4692E-09-0.3312E-02 0.3020E-02  0.000      0.000      0.000      0.000       0.000       0.000       0.000       0.000       0.000       0.000    
  3836160.   42.70415690   23.8011   0.000       0.000      0.2927E-03 -0.4244E-09-0.3315E-02 0.3022E-02  0.000      0.000      0.000      0.000       0.000       0.000       0.000       0.000       0.000       0.000    
  3853440.   42.70415690   23.8119   0.000       0.000      0.2929E-03 -0.4213E-09-0.3317E-02 0.3024E-02  0.000      0.000      0.000      0.000       0.000       0.000       0.000       0.000       0.000       0.000    
  3870720.   42.70415690   23.8225   0.000       0.000      0.2932E-03 -0.4185E-09-0.3320E-02 0.3026E-02  0.000      0.000      0.000      0.000       0.000       0.000       0.000       0.000       0.000       0.000    
  3888000.   42.70415690   23.8331   0.000       0.000      0.2934E-03 -0.4159E-09-0.3322E-02 0.3029E-02  0.000      0.000      0.000      0.000       0.000       0.000       0.000       0.000       0.000       0.000    
  3905280.   42.70415690   23.8753   0.000       0.000      0.2943E-03 -0.1692E-08-0.3333E-02 0.3038E-02  0.000      0.000      0.000      0.000       0.000       0.000       0.000       0.000       0.000       0.000    
  3922560.   42.70415690   23.9171   0.000       0.000      0.2952E-03 -0.1640E-08-0.3342E-02 0.3047E-02  0.000      0.000      0.000      0.000       0.000       0.000       0.000       0.000       0.000       0.000    
  3939840.   42.70415690   23.9586   0.000       0.000      0.2960E-03 -0.1633E-08-0.3352E-02 0.3056E-02  0.000      0.000      0.000      0.000       0.000       0.000       0.000       0.000       0.000       0.000    
  3957120.   42.70415690   23.9998   0.000       0.000      0.2969E-03 -0.1626E-08-0.3362E-02 0.3065E-02  0.000      0.000      0.000      0.000       0.000       0.000       0.000       0.000       0.000       0.000    
  3974400.   42.70415690   24.0408   0.000       0.000      0.2978E-03 -0.1620E-08-0.3371E-02 0.3074E-02  0.000      0.000      0.000      0.000       0.000       0.000       0.000       0.000       0.000       0.000    
  3991680.   42.70415690   24.0881   0.000       0.000      0.2988E-03 -0.1888E-08-0.3383E-02 0.3084E-02  0.000      0.000      0.000      0.000       0.000       0.000       0.000       0.000       0.000       0.000    
  4008960.   42.70415690   24.1351   0.000       0.000      0.2998E-03 -0.1872E-08-0.3394E-02 0.3094E-02  0.000      0.000      0.000      0.000       0.000       0.000       0.000       0.000       0.000       0.000    
  4026240.   42.70415690   24.1818   0.000       0.000      0.3008E-03 -0.1866E-08-0.3405E-02 0.3104E-02  0.000      0.000      0.000      0.000       0.000       0.000       0.000       0.000       0.000       0.000    
  4043520.   42.70415690   24.2281   0.000       0.000      0.3018E-03 -0.1860E-08-0.3415E-02 0.3114E-02  0.000      0.000      0.000      0.000       0.000       0.000       0.000       0.000       0.000       0.000    
  4060800.   42.70415690   24.2742   0.000       0.000      0.3027E-03 -0.1854E-08-0.3426E-02 0.3123E-02  0.000      0.000      0.000      0.000       0.000       0.000       0.000       0.000       0.000       0.000    
  4078080.   42.70415690   24.2534   0.000       0.000      0.3023E-03  0.9252E-09-0.3420E-02 0.3118E-02  0.000      0.000      0.000      0.000       0.000       0.000       0.000       0.000       0.000       0.000    
  4095360.   42.70415690   24.2328   0.000       0.000      0.3019E-03  0.8174E-09-0.3415E-02 0.3114E-02  0.000      0.000      0.000      0.000       0.000       0.000       0.000       0.000       0.000       0.000    
  4112640.   42.70415690   24.2124   0.000       0.000      0.3014E-03  0.8084E-09-0.3411E-02 0.3109E-02  0.000      0.000      0.000      0.000       0.000       0.000       0.000       0.000       0.000       0.000    
  4129920.   42.70415690   24.1922   0.000       0.000      0.3010E-03  0.8003E-09-0.3406E-02 0.3105E-02  0.000      0.000      0.000      0.000       0.000       0.000       0.000       0.000       0.000       0.000    
  4147200.   42.70415690   24.1722   0.000       0.000      0.3006E-03  0.7927E-09-0.3401E-02 0.3101E-02  0.000      0.000      0.000      0.000       0.000       0.000       0.000       0.000       0.000       0.000    
  4164480.   42.70415690   24.1277   0.000       0.000      0.2996E-03  0.1804E-08-0.3391E-02 0.3091E-02  0.000      0.000      0.000      0.000       0.000       0.000       0.000       0.000       0.000       0.000    
  4181760.   42.70415690   24.0835   0.000       0.000      0.2987E-03  0.1749E-08-0.3380E-02 0.3082E-02  0.000      0.000      0.000      0.000       0.000       0.000       0.000       0.000       0.000       0.000    
  4199040.   42.70415690   24.0396   0.000       0.000      0.2978E-03  0.1731E-08-0.3370E-02 0.3072E-02  0.000      0.000      0.000      0.000       0.000       0.000       0.000       0.000       0.000       0.000    
  4216320.   42.70415690   23.9961   0.000       0.000      0.2968E-03  0.1714E-08-0.3360E-02 0.3063E-02  0.000      0.000      0.000      0.000       0.000       0.000       0.000       0.000       0.000       0.000    
  4233600.   42.70415690   23.9529   0.000       0.000      0.2959E-03  0.1697E-08-0.3350E-02 0.3054E-02  0.000      0.000      0.000      0.000       0.000       0.000       0.000       0.000       0.000       0.000    
  4250880.   42.70415690   23.9049   0.000       0.000      0.2949E-03  0.1888E-08-0.3338E-02 0.3044E-02  0.000      0.000      0.000      0.000       0.000       0.000       0.000       0.000       0.000       0.000    
  4268160.   42.70415690   23.8572   0.000       0.000      0.2939E-03  0.1862E-08-0.3327E-02 0.3033E-02  0.000      0.000      0.000      0.000       0.000       0.000       0.000       0.000       0.000       0.000    
  4285440.   42.70415690   23.8099   0.000       0.000      0.2929E-03  0.1843E-08-0.3316E-02 0.3023E-02  0.000      0.000      0.000      0.000       0.000       0.000       0.000       0.000       0.000       0.000    
  4302720.   42.70415690   23.7629   0.000       0.000      0.2919E-03  0.1825E-08-0.3305E-02 0.3013E-02  0.000      0.000      0.000      0.000       0.000       0.000       0.000       0.000       0.000       0.000    
  4320000.   42.70415690   23.7163   0.000       0.000      0.2909E-03  0.1807E-08-0.3294E-02 0.3003E-02  0.000      0.000      0.000      0.000       0.000       0.000       0.000       0.000       0.000       0.000    
  4337280.   42.70415690   23.6650   0.000       0.000      0.2898E-03  0.1986E-08-0.3282E-02 0.2992E-02  0.000      0.000      0.000      0.000       0.000       0.000       0.000       0.000       0.000       0.000    
  4354560.   42.70415690   23.6141   0.000       0.000      0.2887E-03  0.1959E-08-0.3270E-02 0.2981E-02  0.000      0.000      0.000      0.000       0.000       0.000       0.000       0.000       0.000       0.000    
  4371840.   42.70415690   23.5635   0.000       0.000      0.2877E-03  0.1939E-08-0.3258E-02 0.2971E-02  0.000      0.000      0.000      0.000       0.000       0.000       0.000       0.000       0.000       0.000    
  4389120.   42.70415690   23.5133   0.000       0.000      0.2866E-03  0.1920E-08-0.3246E-02 0.2960E-02  0.000      0.000      0.000      0.000       0.000       0.000       0.000       0.000       0.000       0.000    
  4406400.   42.70415690   23.4635   0.000       0.000      0.2855E-03  0.1901E-08-0.3235E-02 0.2949E-02  0.000      0.000      0.000      0.000       0.000       0.000       0.000       0.000       0.000       0.000    
