   TOTIM (T)     FLOWRATE     DIAM.         RE           RT
        86400.   0.63526E-02  0.53169       11634.       877.97    
       103680.   0.59963E-02  0.53169       10982.       930.14    
       120960.   0.59626E-02  0.53169       10920.       935.41    
       138240.   0.59320E-02  0.53169       10864.       940.23    
       155520.   0.59015E-02  0.53169       10808.       945.08    
       172800.   0.58713E-02  0.53169       10753.       949.94    
       190080.   0.58523E-02  0.53169       10718.       953.02    
       207360.   0.58331E-02  0.53169       10683.       956.16    
       224640.   0.58140E-02  0.53169       10648.       959.30    
       241920.   0.57951E-02  0.53169       10613.       962.44    
       259200.   0.57762E-02  0.53169       10579.       965.58    
       276480.   0.57605E-02  0.53169       10550.       968.22    
       293760.   0.57447E-02  0.53169       10521.       970.87    
       311040.   0.57291E-02  0.53169       10492.       973.53    
       328320.   0.57135E-02  0.53169       10464.       976.18    
       345600.   0.56980E-02  0.53169       10436.       978.83    
       362880.   0.56966E-02  0.53169       10433.       979.08    
       380160.   0.56947E-02  0.53169       10429.       979.41    
       397440.   0.56928E-02  0.53169       10426.       979.73    
       414720.   0.56909E-02  0.53169       10423.       980.05    
       432000.   0.56891E-02  0.53169       10419.       980.37    
       449280.   0.56979E-02  0.53169       10435.       978.86    
       466560.   0.57063E-02  0.53169       10451.       977.42    
       483840.   0.57146E-02  0.53169       10466.       975.99    
       501120.   0.57230E-02  0.53169       10481.       974.57    
       518400.   0.57313E-02  0.53169       10496.       973.16    
       535680.   0.57313E-02  0.53169       10497.       973.15    
       552960.   0.57317E-02  0.53169       10497.       973.09    
       570240.   0.57320E-02  0.53169       10498.       973.03    
       587520.   0.57324E-02  0.53169       10498.       972.97    
       604800.   0.57327E-02  0.53169       10499.       972.91    
       622080.   0.57360E-02  0.53169       10505.       972.35    
       639360.   0.57392E-02  0.53169       10511.       971.81    
       656640.   0.57424E-02  0.53169       10517.       971.27    
       673920.   0.57455E-02  0.53169       10523.       970.74    
       691200.   0.57487E-02  0.53169       10528.       970.21    
       708480.   0.57803E-02  0.53169       10586.       964.89    
       725760.   0.58109E-02  0.53169       10642.       959.82    
       743040.   0.58413E-02  0.53169       10698.       954.82    
       760320.   0.58716E-02  0.53169       10753.       949.89    
       777600.   0.59018E-02  0.53169       10809.       945.04    
       794880.   0.59572E-02  0.53169       10910.       936.24    
       812160.   0.60116E-02  0.53169       11010.       927.78    
       829440.   0.60657E-02  0.53169       11109.       919.50    
       846720.   0.61196E-02  0.53169       11208.       911.41    
       864000.   0.61732E-02  0.53169       11306.       903.49    
       881280.   0.62040E-02  0.53169       11362.       899.00    
       898560.   0.62354E-02  0.53169       11420.       894.47    
       915840.   0.62667E-02  0.53169       11477.       890.00    
       933120.   0.62979E-02  0.53169       11534.       885.60    
       950400.   0.63289E-02  0.53169       11591.       881.26    
       967680.   0.63896E-02  0.53169       11702.       872.89    
       984960.   0.64490E-02  0.53169       11811.       864.85    
      1002240.   0.65081E-02  0.53169       11919.       856.99    
      1019520.   0.65670E-02  0.53169       12027.       849.31    
      1036800.   0.66255E-02  0.53169       12134.       841.81    
      1054080.   0.67267E-02  0.53169       12320.       829.14    
      1071360.   0.68261E-02  0.53169       12502.       817.07    
      1088640.   0.69247E-02  0.53169       12682.       805.44    
      1105920.   0.70233E-02  0.53169       12863.       794.13    
      1123200.   0.71211E-02  0.53169       13042.       783.22    
      1140480.   0.71403E-02  0.53169       13077.       781.12    
      1157760.   0.71617E-02  0.53169       13116.       778.78    
      1175040.   0.71830E-02  0.53169       13155.       776.47    
      1192320.   0.72043E-02  0.53169       13194.       774.18    
      1209600.   0.72253E-02  0.53169       13233.       771.93    
      1226880.   0.72174E-02  0.53169       13218.       772.77    
      1244160.   0.72104E-02  0.53169       13205.       773.52    
      1261440.   0.72035E-02  0.53169       13193.       774.27    
      1278720.   0.71965E-02  0.53169       13180.       775.02    
      1296000.   0.71895E-02  0.53169       13167.       775.77    
      1313280.   0.71734E-02  0.53169       13138.       777.52    
      1330560.   0.71576E-02  0.53169       13109.       779.23    
      1347840.   0.71418E-02  0.53169       13080.       780.95    
      1365120.   0.71261E-02  0.53169       13051.       782.67    
      1382400.   0.71105E-02  0.53169       13022.       784.40    
      1399680.   0.70891E-02  0.53169       12983.       786.76    
      1416960.   0.70679E-02  0.53169       12944.       789.12    
      1434240.   0.70468E-02  0.53169       12906.       791.48    
      1451520.   0.70258E-02  0.53169       12867.       793.84    
      1468800.   0.70049E-02  0.53169       12829.       796.21    
      1486080.   0.69796E-02  0.53169       12783.       799.10    
      1503360.   0.69545E-02  0.53169       12737.       801.99    
      1520640.   0.69295E-02  0.53169       12691.       804.88    
      1537920.   0.69046E-02  0.53169       12645.       807.78    
      1555200.   0.68798E-02  0.53169       12600.       810.69    
      1572480.   0.68521E-02  0.53169       12549.       813.97    
      1589760.   0.68246E-02  0.53169       12499.       817.25    
      1607040.   0.67975E-02  0.53169       12449.       820.51    
      1624320.   0.67701E-02  0.53169       12399.       823.83    
      1641600.   0.67431E-02  0.53169       12349.       827.13    
      1658880.   0.67155E-02  0.53169       12299.       830.53    
      1676160.   0.66880E-02  0.53169       12249.       833.94    
      1693440.   0.66608E-02  0.53169       12199.       837.36    
      1710720.   0.66336E-02  0.53169       12149.       840.78    
      1728000.   0.66066E-02  0.53169       12100.       844.21    
      1745280.   0.65804E-02  0.53169       12052.       847.57    
      1762560.   0.65544E-02  0.53169       12004.       850.95    
      1779840.   0.65284E-02  0.53169       11956.       854.33    
      1797120.   0.65026E-02  0.53169       11909.       857.72    
      1814400.   0.64770E-02  0.53169       11862.       861.11    
      1831680.   0.64499E-02  0.53169       11813.       864.73    
      1848960.   0.64230E-02  0.53169       11763.       868.35    
      1866240.   0.63963E-02  0.53169       11714.       871.98    
      1883520.   0.63696E-02  0.53169       11666.       875.63    
      1900800.   0.63432E-02  0.53169       11617.       879.28    
      1918080.   0.63157E-02  0.53169       11567.       883.10    
      1935360.   0.62884E-02  0.53169       11517.       886.93    
      1952640.   0.62613E-02  0.53169       11467.       890.78    
      1969920.   0.62343E-02  0.53169       11418.       894.64    
      1987200.   0.62074E-02  0.53169       11368.       898.51    
      2004480.   0.61812E-02  0.53169       11320.       902.32    
      2021760.   0.61551E-02  0.53169       11273.       906.14    
      2039040.   0.61292E-02  0.53169       11225.       909.98    
      2056320.   0.61034E-02  0.53169       11178.       913.82    
      2073600.   0.60777E-02  0.53169       11131.       917.68    
      2090880.   0.60510E-02  0.53169       11082.       921.74    
      2108160.   0.60244E-02  0.53169       11033.       925.80    
      2125440.   0.59980E-02  0.53169       10985.       929.88    
      2142720.   0.59717E-02  0.53169       10937.       933.98    
      2160000.   0.59455E-02  0.53169       10889.       938.09    
      2177280.   0.59187E-02  0.53169       10840.       942.34    
      2194560.   0.58920E-02  0.53169       10791.       946.61    
      2211840.   0.58654E-02  0.53169       10742.       950.90    
      2229120.   0.58390E-02  0.53169       10694.       955.20    
      2246400.   0.58127E-02  0.53169       10646.       959.52    
      2263680.   0.57857E-02  0.53169       10596.       964.00    
      2280960.   0.57589E-02  0.53169       10547.       968.49    
      2298240.   0.57322E-02  0.53169       10498.       973.00    
      2315520.   0.57057E-02  0.53169       10450.       977.52    
      2332800.   0.56792E-02  0.53169       10401.       982.07    
      2350080.   0.56524E-02  0.53169       10352.       986.73    
      2367360.   0.56257E-02  0.53169       10303.       991.41    
      2384640.   0.55992E-02  0.53169       10255.       996.11    
      2401920.   0.55728E-02  0.53169       10206.       1000.8    
      2419200.   0.55465E-02  0.53169       10158.       1005.6    
      2436480.   0.55252E-02  0.53169       10119.       1009.5    
      2453760.   0.55038E-02  0.53169       10080.       1013.4    
      2471040.   0.54825E-02  0.53169       10041.       1017.3    
      2488320.   0.54613E-02  0.53169       10002.       1021.3    
      2505600.   0.54402E-02  0.53169       9963.4       1025.2    
      2522880.   0.54191E-02  0.53169       9924.7       1029.2    
      2540160.   0.53981E-02  0.53169       9886.2       1033.2    
      2557440.   0.53772E-02  0.53169       9848.0       1037.2    
      2574720.   0.53564E-02  0.53169       9809.9       1041.3    
      2592000.   0.53358E-02  0.53169       9772.1       1045.3    
      2609280.   0.53339E-02  0.53169       9768.8       1045.6    
      2626560.   0.53315E-02  0.53169       9764.3       1046.1    
      2643840.   0.53291E-02  0.53169       9759.9       1046.6    
      2661120.   0.53267E-02  0.53169       9755.5       1047.1    
      2678400.   0.53243E-02  0.53169       9751.2       1047.5    
      2695680.   0.53737E-02  0.53169       9841.5       1037.9    
      2712960.   0.54211E-02  0.53169       9928.3       1028.8    
      2730240.   0.54682E-02  0.53169       10015.       1020.0    
      2747520.   0.55151E-02  0.53169       10100.       1011.3    
      2764800.   0.55618E-02  0.53169       10186.       1002.8    
      2782080.   0.56819E-02  0.53169       10406.       981.60    
      2799360.   0.57991E-02  0.53169       10621.       961.77    
      2816640.   0.59157E-02  0.53169       10834.       942.82    
      2833920.   0.60317E-02  0.53169       11047.       924.69    
      2851200.   0.61472E-02  0.53169       11258.       907.31    
      2868480.   0.61463E-02  0.53169       11256.       907.45    
      2885760.   0.61492E-02  0.53169       11262.       907.02    
      2903040.   0.61521E-02  0.53169       11267.       906.58    
      2920320.   0.61551E-02  0.53169       11273.       906.15    
      2937600.   0.61581E-02  0.53169       11278.       905.71    
      2954880.   0.61686E-02  0.53169       11297.       904.17    
      2972160.   0.61788E-02  0.53169       11316.       902.67    
      2989440.   0.61889E-02  0.53169       11335.       901.19    
      3006720.   0.61990E-02  0.53169       11353.       899.73    
      3024000.   0.62090E-02  0.53169       11371.       898.27    
      3041280.   0.62374E-02  0.53169       11423.       894.19    
      3058560.   0.62651E-02  0.53169       11474.       890.24    
      3075840.   0.62926E-02  0.53169       11524.       886.35    
      3093120.   0.63199E-02  0.53169       11574.       882.52    
      3110400.   0.63471E-02  0.53169       11624.       878.73    
      3127680.   0.63442E-02  0.53169       11619.       879.14    
      3144960.   0.63422E-02  0.53169       11615.       879.41    
      3162240.   0.63402E-02  0.53169       11612.       879.68    
      3179520.   0.63383E-02  0.53169       11608.       879.96    
      3196800.   0.63363E-02  0.53169       11605.       880.23    
      3214080.   0.63213E-02  0.53169       11577.       882.32    
      3231360.   0.63068E-02  0.53169       11550.       884.35    
      3248640.   0.62923E-02  0.53169       11524.       886.39    
      3265920.   0.62779E-02  0.53169       11497.       888.43    
      3283200.   0.62635E-02  0.53169       11471.       890.46    
      3300480.   0.62559E-02  0.53169       11457.       891.55    
      3317760.   0.62480E-02  0.53169       11443.       892.67    
      3335040.   0.62402E-02  0.53169       11429.       893.78    
      3352320.   0.62325E-02  0.53169       11414.       894.90    
      3369600.   0.62247E-02  0.53169       11400.       896.01    
      3386880.   0.62321E-02  0.53169       11414.       894.95    
      3404160.   0.62389E-02  0.53169       11426.       893.97    
      3421440.   0.62457E-02  0.53169       11439.       893.00    
      3438720.   0.62524E-02  0.53169       11451.       892.04    
      3456000.   0.62591E-02  0.53169       11463.       891.08    
      3473280.   0.62754E-02  0.53169       11493.       888.77    
      3490560.   0.62913E-02  0.53169       11522.       886.53    
      3507840.   0.63071E-02  0.53169       11551.       884.31    
      3525120.   0.63228E-02  0.53169       11580.       882.11    
      3542400.   0.63384E-02  0.53169       11608.       879.94    
      3559680.   0.63456E-02  0.53169       11622.       878.94    
      3576960.   0.63531E-02  0.53169       11635.       877.90    
      3594240.   0.63605E-02  0.53169       11649.       876.88    
      3611520.   0.63679E-02  0.53169       11662.       875.86    
      3628800.   0.63753E-02  0.53169       11676.       874.85    
      3646080.   0.63638E-02  0.53169       11655.       876.43    
      3663360.   0.63529E-02  0.53169       11635.       877.94    
      3680640.   0.63420E-02  0.53169       11615.       879.44    
      3697920.   0.63313E-02  0.53169       11595.       880.93    
      3715200.   0.63205E-02  0.53169       11576.       882.43    
      3732480.   0.63133E-02  0.53169       11562.       883.44    
      3749760.   0.63060E-02  0.53169       11549.       884.46    
      3767040.   0.62988E-02  0.53169       11536.       885.48    
      3784320.   0.62915E-02  0.53169       11522.       886.50    
      3801600.   0.62843E-02  0.53169       11509.       887.51    
      3818880.   0.62892E-02  0.53169       11518.       886.83    
      3836160.   0.62937E-02  0.53169       11526.       886.20    
      3853440.   0.62981E-02  0.53169       11535.       885.57    
      3870720.   0.63025E-02  0.53169       11543.       884.95    
      3888000.   0.63069E-02  0.53169       11551.       884.34    
      3905280.   0.63244E-02  0.53169       11583.       881.89    
      3922560.   0.63414E-02  0.53169       11614.       879.52    
      3939840.   0.63583E-02  0.53169       11645.       877.18    
      3957120.   0.63752E-02  0.53169       11676.       874.87    
      3974400.   0.63919E-02  0.53169       11706.       872.57    
      3991680.   0.64114E-02  0.53169       11742.       869.93    
      4008960.   0.64306E-02  0.53169       11777.       867.32    
      4026240.   0.64498E-02  0.53169       11812.       864.74    
      4043520.   0.64689E-02  0.53169       11847.       862.19    
      4060800.   0.64879E-02  0.53169       11882.       859.67    
      4078080.   0.64791E-02  0.53169       11866.       860.83    
      4095360.   0.64712E-02  0.53169       11852.       861.88    
      4112640.   0.64634E-02  0.53169       11837.       862.93    
      4129920.   0.64556E-02  0.53169       11823.       863.97    
      4147200.   0.64478E-02  0.53169       11809.       865.01    
      4164480.   0.64298E-02  0.53169       11776.       867.43    
      4181760.   0.64122E-02  0.53169       11744.       869.81    
      4199040.   0.63947E-02  0.53169       11711.       872.19    
      4216320.   0.63773E-02  0.53169       11680.       874.57    
      4233600.   0.63599E-02  0.53169       11648.       876.96    
      4250880.   0.63405E-02  0.53169       11612.       879.64    
      4268160.   0.63213E-02  0.53169       11577.       882.32    
      4285440.   0.63021E-02  0.53169       11542.       885.00    
      4302720.   0.62831E-02  0.53169       11507.       887.69    
      4320000.   0.62641E-02  0.53169       11472.       890.38    
      4337280.   0.62431E-02  0.53169       11434.       893.37    
      4354560.   0.62223E-02  0.53169       11396.       896.35    
      4371840.   0.62016E-02  0.53169       11358.       899.34    
      4389120.   0.61811E-02  0.53169       11320.       902.34    
      4406400.   0.61606E-02  0.53169       11283.       905.34    
