TOTIM (T)      HCON          HMAT      QDIR      QWELL        QMAT       QCADS      QTUB1      QTUB2      QTUB3      QTUB4      QTUB5      QTUB6       NSTOR        QFIX        QLH     FHLQ (LQ)        CAUCHY   CAUCHY (LQ)
    86400.   10.69995974   10.7589   0.000       0.000      0.5895E-03   0.000    -0.2888E-01 0.2829E-01  0.000      0.000      0.000      0.000       0.000       0.000       0.000       0.000       0.000       0.000    
   172800.   10.68244181   10.7403   0.000       0.000      0.5781E-03  0.1014E-05-0.2868E-01 0.2810E-01  0.000      0.000      0.000      0.000       0.000       0.000       0.000       0.000       0.000       0.000    
   259200.   10.68276870   10.7405   0.000       0.000      0.5773E-03 -0.1892E-07-0.2867E-01 0.2810E-01  0.000      0.000      0.000      0.000       0.000       0.000       0.000       0.000       0.000       0.000    
   345600.   10.68117625   10.7387   0.000       0.000      0.5755E-03  0.9216E-07-0.2864E-01 0.2806E-01  0.000      0.000      0.000      0.000       0.000       0.000       0.000       0.000       0.000       0.000    
   432000.   10.69287636   10.7511   0.000       0.000      0.5826E-03 -0.6771E-06-0.2876E-01 0.2818E-01  0.000      0.000      0.000      0.000       0.000       0.000       0.000       0.000       0.000       0.000    
   518400.   10.69982086   10.7586   0.000       0.000      0.5874E-03 -0.4019E-06-0.2883E-01 0.2824E-01  0.000      0.000      0.000      0.000       0.000       0.000       0.000       0.000       0.000       0.000    
   604800.   10.70183912   10.7608   0.000       0.000      0.5894E-03 -0.1168E-06-0.2886E-01 0.2828E-01  0.000      0.000      0.000      0.000       0.000       0.000       0.000       0.000       0.000       0.000    
   691200.   10.71980289   10.7800   0.000       0.000      0.6016E-03 -0.1040E-05-0.2908E-01 0.2848E-01  0.000      0.000      0.000      0.000       0.000       0.000       0.000       0.000       0.000       0.000    
   777600.   10.76863849   10.8320   0.000       0.000      0.6331E-03 -0.2826E-05-0.2962E-01 0.2899E-01  0.000      0.000      0.000      0.000       0.000       0.000       0.000       0.000       0.000       0.000    
   864000.   10.84069628   10.9086   0.000       0.000      0.6792E-03 -0.4170E-05-0.3041E-01 0.2973E-01  0.000      0.000      0.000      0.000       0.000       0.000       0.000       0.000       0.000       0.000    
   950400.   10.87323181   10.9437   0.000       0.000      0.7044E-03 -0.1883E-05-0.3084E-01 0.3013E-01  0.000      0.000      0.000      0.000       0.000       0.000       0.000       0.000       0.000       0.000    
  1036800.   10.95150639   11.0268   0.000       0.000      0.7532E-03 -0.4530E-05-0.3172E-01 0.3097E-01  0.000      0.000      0.000      0.000       0.000       0.000       0.000       0.000       0.000       0.000    
  1123200.   11.09235212   11.1755   0.000       0.000      0.8319E-03 -0.8151E-05-0.3312E-01 0.3229E-01  0.000      0.000      0.000      0.000       0.000       0.000       0.000       0.000       0.000       0.000    
  1209600.   11.07522350   11.1589   0.000       0.000      0.8372E-03  0.9912E-06-0.3319E-01 0.3235E-01  0.000      0.000      0.000      0.000       0.000       0.000       0.000       0.000       0.000       0.000    
  1296000.   11.05448176   11.1381   0.000       0.000      0.8359E-03  0.1200E-05-0.3326E-01 0.3242E-01  0.000      0.000      0.000      0.000       0.000       0.000       0.000       0.000       0.000       0.000    
  1382400.   11.03345767   11.1164   0.000       0.000      0.8295E-03  0.1217E-05-0.3321E-01 0.3238E-01  0.000      0.000      0.000      0.000       0.000       0.000       0.000       0.000       0.000       0.000    
  1468800.   11.01267922   11.0947   0.000       0.000      0.8199E-03  0.1202E-05-0.3310E-01 0.3228E-01  0.000      0.000      0.000      0.000       0.000       0.000       0.000       0.000       0.000       0.000    
  1555200.   10.99041041   11.0712   0.000       0.000      0.8075E-03  0.1289E-05-0.3294E-01 0.3214E-01  0.000      0.000      0.000      0.000       0.000       0.000       0.000       0.000       0.000       0.000    
  1641600.   10.96800051   11.0473   0.000       0.000      0.7933E-03  0.1297E-05-0.3276E-01 0.3197E-01  0.000      0.000      0.000      0.000       0.000       0.000       0.000       0.000       0.000       0.000    
  1728000.   10.94898887   11.0270   0.000       0.000      0.7797E-03  0.1100E-05-0.3259E-01 0.3181E-01  0.000      0.000      0.000      0.000       0.000       0.000       0.000       0.000       0.000       0.000    
  1814400.   10.93229056   11.0090   0.000       0.000      0.7666E-03  0.9663E-06-0.3242E-01 0.3165E-01  0.000      0.000      0.000      0.000       0.000       0.000       0.000       0.000       0.000       0.000    
  1900800.   10.91357487   10.9888   0.000       0.000      0.7521E-03  0.1083E-05-0.3222E-01 0.3147E-01  0.000      0.000      0.000      0.000       0.000       0.000       0.000       0.000       0.000       0.000    
  1987200.   10.89643796   10.9702   0.000       0.000      0.7380E-03  0.9917E-06-0.3203E-01 0.3129E-01  0.000      0.000      0.000      0.000       0.000       0.000       0.000       0.000       0.000       0.000    
  2073600.   10.88229730   10.9548   0.000       0.000      0.7253E-03  0.8183E-06-0.3186E-01 0.3114E-01  0.000      0.000      0.000      0.000       0.000       0.000       0.000       0.000       0.000       0.000    
  2160000.   10.86589877   10.9370   0.000       0.000      0.7114E-03  0.9490E-06-0.3167E-01 0.3096E-01  0.000      0.000      0.000      0.000       0.000       0.000       0.000       0.000       0.000       0.000    
  2246400.   10.84972565   10.9195   0.000       0.000      0.6976E-03  0.9359E-06-0.3147E-01 0.3077E-01  0.000      0.000      0.000      0.000       0.000       0.000       0.000       0.000       0.000       0.000    
  2332800.   10.83392013   10.9023   0.000       0.000      0.6838E-03  0.9147E-06-0.3127E-01 0.3058E-01  0.000      0.000      0.000      0.000       0.000       0.000       0.000       0.000       0.000       0.000    
  2419200.   10.81855259   10.8856   0.000       0.000      0.6703E-03  0.8893E-06-0.3106E-01 0.3039E-01  0.000      0.000      0.000      0.000       0.000       0.000       0.000       0.000       0.000       0.000    
  2505600.   10.81158008   10.8777   0.000       0.000      0.6616E-03  0.4035E-06-0.3094E-01 0.3028E-01  0.000      0.000      0.000      0.000       0.000       0.000       0.000       0.000       0.000       0.000    
  2592000.   10.80149035   10.8667   0.000       0.000      0.6518E-03  0.5839E-06-0.3079E-01 0.3014E-01  0.000      0.000      0.000      0.000       0.000       0.000       0.000       0.000       0.000       0.000    
  2678400.   10.82047101   10.8864   0.000       0.000      0.6592E-03 -0.1098E-05-0.3094E-01 0.3028E-01  0.000      0.000      0.000      0.000       0.000       0.000       0.000       0.000       0.000       0.000    
  2764800.   10.89590077   10.9659   0.000       0.000      0.6996E-03 -0.4365E-05-0.3166E-01 0.3096E-01  0.000      0.000      0.000      0.000       0.000       0.000       0.000       0.000       0.000       0.000    
  2851200.   11.08140278   11.1610   0.000       0.000      0.7964E-03 -0.1074E-04-0.3338E-01 0.3259E-01  0.000      0.000      0.000      0.000       0.000       0.000       0.000       0.000       0.000       0.000    
  2937600.   11.04803555   11.1273   0.000       0.000      0.7925E-03  0.1931E-05-0.3324E-01 0.3245E-01  0.000      0.000      0.000      0.000       0.000       0.000       0.000       0.000       0.000       0.000    
  3024000.   11.05499882   11.1353   0.000       0.000      0.8031E-03 -0.4030E-06-0.3353E-01 0.3273E-01  0.000      0.000      0.000      0.000       0.000       0.000       0.000       0.000       0.000       0.000    
  3110400.   11.05675982   11.1376   0.000       0.000      0.8081E-03 -0.1019E-06-0.3365E-01 0.3284E-01  0.000      0.000      0.000      0.000       0.000       0.000       0.000       0.000       0.000       0.000    
  3196800.   11.04489395   11.1254   0.000       0.000      0.8047E-03  0.6867E-06-0.3362E-01 0.3282E-01  0.000      0.000      0.000      0.000       0.000       0.000       0.000       0.000       0.000       0.000    
  3283200.   11.02689563   11.1065   0.000       0.000      0.7965E-03  0.1042E-05-0.3352E-01 0.3272E-01  0.000      0.000      0.000      0.000       0.000       0.000       0.000       0.000       0.000       0.000    
  3369600.   11.02963580   11.1093   0.000       0.000      0.7969E-03 -0.1586E-06-0.3358E-01 0.3278E-01  0.000      0.000      0.000      0.000       0.000       0.000       0.000       0.000       0.000       0.000    
  3456000.   11.04426386   11.1246   0.000       0.000      0.8029E-03 -0.8465E-06-0.3372E-01 0.3292E-01  0.000      0.000      0.000      0.000       0.000       0.000       0.000       0.000       0.000       0.000    
  3542400.   11.06728250   11.1487   0.000       0.000      0.8137E-03 -0.1332E-05-0.3395E-01 0.3314E-01  0.000      0.000      0.000      0.000       0.000       0.000       0.000       0.000       0.000       0.000    
  3628800.   11.07591649   11.1578   0.000       0.000      0.8184E-03 -0.4997E-06-0.3407E-01 0.3326E-01  0.000      0.000      0.000      0.000       0.000       0.000       0.000       0.000       0.000       0.000    
  3715200.   11.06429648   11.1456   0.000       0.000      0.8133E-03  0.6725E-06-0.3403E-01 0.3322E-01  0.000      0.000      0.000      0.000       0.000       0.000       0.000       0.000       0.000       0.000    
  3801600.   11.06806401   11.1495   0.000       0.000      0.8143E-03 -0.2180E-06-0.3410E-01 0.3329E-01  0.000      0.000      0.000      0.000       0.000       0.000       0.000       0.000       0.000       0.000    
  3888000.   11.08096708   11.1629   0.000       0.000      0.8193E-03 -0.7467E-06-0.3424E-01 0.3342E-01  0.000      0.000      0.000      0.000       0.000       0.000       0.000       0.000       0.000       0.000    
  3974400.   11.10994272   11.1932   0.000       0.000      0.8324E-03 -0.1677E-05-0.3452E-01 0.3369E-01  0.000      0.000      0.000      0.000       0.000       0.000       0.000       0.000       0.000       0.000    
  4060800.   11.13328846   11.2177   0.000       0.000      0.8437E-03 -0.1351E-05-0.3476E-01 0.3392E-01  0.000      0.000      0.000      0.000       0.000       0.000       0.000       0.000       0.000       0.000    
  4147200.   11.12168401   11.2056   0.000       0.000      0.8396E-03  0.6716E-06-0.3473E-01 0.3389E-01  0.000      0.000      0.000      0.000       0.000       0.000       0.000       0.000       0.000       0.000    
  4233600.   11.10328714   11.1864   0.000       0.000      0.8307E-03  0.1065E-05-0.3464E-01 0.3380E-01  0.000      0.000      0.000      0.000       0.000       0.000       0.000       0.000       0.000       0.000    
  4320000.   11.08798354   11.1701   0.000       0.000      0.8216E-03  0.8856E-06-0.3453E-01 0.3371E-01  0.000      0.000      0.000      0.000       0.000       0.000       0.000       0.000       0.000       0.000    
  4406400.   11.07147207   11.1526   0.000       0.000      0.8109E-03  0.9555E-06-0.3439E-01 0.3358E-01  0.000      0.000      0.000      0.000       0.000       0.000       0.000       0.000       0.000       0.000    
  4492800.   11.05826562   11.1384   0.000       0.000      0.8012E-03  0.7643E-06-0.3427E-01 0.3346E-01  0.000      0.000      0.000      0.000       0.000       0.000       0.000       0.000       0.000       0.000    
  4579200.   11.04117507   11.1201   0.000       0.000      0.7893E-03  0.9890E-06-0.3410E-01 0.3331E-01  0.000      0.000      0.000      0.000       0.000       0.000       0.000       0.000       0.000       0.000    
  4665600.   11.02307690   11.1007   0.000       0.000      0.7765E-03  0.1047E-05-0.3392E-01 0.3314E-01  0.000      0.000      0.000      0.000       0.000       0.000       0.000       0.000       0.000       0.000    
  4752000.   11.04876887   11.1272   0.000       0.000      0.7848E-03 -0.1487E-05-0.3411E-01 0.3333E-01  0.000      0.000      0.000      0.000       0.000       0.000       0.000       0.000       0.000       0.000    
  4838400.   11.08596605   11.1660   0.000       0.000      0.8004E-03 -0.2153E-05-0.3441E-01 0.3362E-01  0.000      0.000      0.000      0.000       0.000       0.000       0.000       0.000       0.000       0.000    
  4924800.   11.12768210   11.2097   0.000       0.000      0.8201E-03 -0.2414E-05-0.3480E-01 0.3398E-01  0.000      0.000      0.000      0.000       0.000       0.000       0.000       0.000       0.000       0.000    
  5011200.   11.15388375   11.2373   0.000       0.000      0.8341E-03 -0.1516E-05-0.3507E-01 0.3424E-01  0.000      0.000      0.000      0.000       0.000       0.000       0.000       0.000       0.000       0.000    
  5097600.   11.14127802   11.2244   0.000       0.000      0.8307E-03  0.7295E-06-0.3505E-01 0.3422E-01  0.000      0.000      0.000      0.000       0.000       0.000       0.000       0.000       0.000       0.000    
  5184000.   11.12274342   11.2050   0.000       0.000      0.8228E-03  0.1073E-05-0.3496E-01 0.3413E-01  0.000      0.000      0.000      0.000       0.000       0.000       0.000       0.000       0.000       0.000    
  5270400.   11.10628515   11.1877   0.000       0.000      0.8139E-03  0.9524E-06-0.3484E-01 0.3403E-01  0.000      0.000      0.000      0.000       0.000       0.000       0.000       0.000       0.000       0.000    
  5356800.   11.08751771   11.1678   0.000       0.000      0.8028E-03  0.1086E-05-0.3468E-01 0.3388E-01  0.000      0.000      0.000      0.000       0.000       0.000       0.000       0.000       0.000       0.000    
  5443200.   11.09710731   11.1775   0.000       0.000      0.8043E-03 -0.5550E-06-0.3475E-01 0.3395E-01  0.000      0.000      0.000      0.000       0.000       0.000       0.000       0.000       0.000       0.000    
  5529600.   11.10950943   11.1903   0.000       0.000      0.8080E-03 -0.7177E-06-0.3484E-01 0.3404E-01  0.000      0.000      0.000      0.000       0.000       0.000       0.000       0.000       0.000       0.000    
  5616000.   11.12303518   11.2044   0.000       0.000      0.8132E-03 -0.7827E-06-0.3497E-01 0.3416E-01  0.000      0.000      0.000      0.000       0.000       0.000       0.000       0.000       0.000       0.000    
  5702400.   11.13179441   11.2135   0.000       0.000      0.8168E-03 -0.5069E-06-0.3507E-01 0.3425E-01  0.000      0.000      0.000      0.000       0.000       0.000       0.000       0.000       0.000       0.000    
  5788800.   11.12747320   11.2089   0.000       0.000      0.8146E-03  0.2501E-06-0.3506E-01 0.3425E-01  0.000      0.000      0.000      0.000       0.000       0.000       0.000       0.000       0.000       0.000    
  5875200.   11.12840640   11.2098   0.000       0.000      0.8143E-03 -0.5400E-07-0.3509E-01 0.3428E-01  0.000      0.000      0.000      0.000       0.000       0.000       0.000       0.000       0.000       0.000    
  5961600.   11.12421421   11.2054   0.000       0.000      0.8114E-03  0.2426E-06-0.3507E-01 0.3426E-01  0.000      0.000      0.000      0.000       0.000       0.000       0.000       0.000       0.000       0.000    
  6048000.   11.11146418   11.1919   0.000       0.000      0.8042E-03  0.7378E-06-0.3498E-01 0.3417E-01  0.000      0.000      0.000      0.000       0.000       0.000       0.000       0.000       0.000       0.000    
  6134400.   11.09492676   11.1744   0.000       0.000      0.7946E-03  0.9570E-06-0.3484E-01 0.3404E-01  0.000      0.000      0.000      0.000       0.000       0.000       0.000       0.000       0.000       0.000    
  6220800.   11.07674746   11.1551   0.000       0.000      0.7834E-03  0.1052E-05-0.3467E-01 0.3389E-01  0.000      0.000      0.000      0.000       0.000       0.000       0.000       0.000       0.000       0.000    
  6307200.   11.05799838   11.1351   0.000       0.000      0.7713E-03  0.1085E-05-0.3448E-01 0.3371E-01  0.000      0.000      0.000      0.000       0.000       0.000       0.000       0.000       0.000       0.000    
  6393600.   11.03925742   11.1151   0.000       0.000      0.7587E-03  0.1085E-05-0.3429E-01 0.3353E-01  0.000      0.000      0.000      0.000       0.000       0.000       0.000       0.000       0.000       0.000    
  6480000.   11.02075519   11.0953   0.000       0.000      0.7459E-03  0.1071E-05-0.3408E-01 0.3333E-01  0.000      0.000      0.000      0.000       0.000       0.000       0.000       0.000       0.000       0.000    
  6566400.   11.00251012   11.0758   0.000       0.000      0.7329E-03  0.1056E-05-0.3387E-01 0.3314E-01  0.000      0.000      0.000      0.000       0.000       0.000       0.000       0.000       0.000       0.000    
  6652800.   10.98456429   11.0566   0.000       0.000      0.7200E-03  0.1039E-05-0.3366E-01 0.3293E-01  0.000      0.000      0.000      0.000       0.000       0.000       0.000       0.000       0.000       0.000    
  6739200.   10.96716339   11.0379   0.000       0.000      0.7072E-03  0.1007E-05-0.3344E-01 0.3273E-01  0.000      0.000      0.000      0.000       0.000       0.000       0.000       0.000       0.000       0.000    
  6825600.   10.94989545   11.0193   0.000       0.000      0.6945E-03  0.9993E-06-0.3322E-01 0.3253E-01  0.000      0.000      0.000      0.000       0.000       0.000       0.000       0.000       0.000       0.000    
  6912000.   10.93280191   11.0010   0.000       0.000      0.6819E-03  0.9892E-06-0.3301E-01 0.3232E-01  0.000      0.000      0.000      0.000       0.000       0.000       0.000       0.000       0.000       0.000    
  6998400.   10.91612024   10.9831   0.000       0.000      0.6694E-03  0.9654E-06-0.3279E-01 0.3212E-01  0.000      0.000      0.000      0.000       0.000       0.000       0.000       0.000       0.000       0.000    
  7084800.   10.90006626   10.9658   0.000       0.000      0.6574E-03  0.9290E-06-0.3257E-01 0.3191E-01  0.000      0.000      0.000      0.000       0.000       0.000       0.000       0.000       0.000       0.000    
  7171200.   10.88457236   10.9491   0.000       0.000      0.6457E-03  0.8966E-06-0.3236E-01 0.3171E-01  0.000      0.000      0.000      0.000       0.000       0.000       0.000       0.000       0.000       0.000    
  7257600.   10.86949376   10.9329   0.000       0.000      0.6343E-03  0.8726E-06-0.3214E-01 0.3151E-01  0.000      0.000      0.000      0.000       0.000       0.000       0.000       0.000       0.000       0.000    
  7344000.   10.85497673   10.9173   0.000       0.000      0.6233E-03  0.8401E-06-0.3194E-01 0.3131E-01  0.000      0.000      0.000      0.000       0.000       0.000       0.000       0.000       0.000       0.000    
  7430400.   10.84194498   10.9033   0.000       0.000      0.6133E-03  0.7542E-06-0.3174E-01 0.3113E-01  0.000      0.000      0.000      0.000       0.000       0.000       0.000       0.000       0.000       0.000    
  7516800.   10.82913012   10.8895   0.000       0.000      0.6036E-03  0.7416E-06-0.3155E-01 0.3094E-01  0.000      0.000      0.000      0.000       0.000       0.000       0.000       0.000       0.000       0.000    
  7603200.   10.81599423   10.8754   0.000       0.000      0.5938E-03  0.7602E-06-0.3135E-01 0.3076E-01  0.000      0.000      0.000      0.000       0.000       0.000       0.000       0.000       0.000       0.000    
  7689600.   10.80327734   10.8617   0.000       0.000      0.5844E-03  0.7359E-06-0.3116E-01 0.3058E-01  0.000      0.000      0.000      0.000       0.000       0.000       0.000       0.000       0.000       0.000    
  7776000.   10.79150795   10.8491   0.000       0.000      0.5757E-03  0.6811E-06-0.3098E-01 0.3040E-01  0.000      0.000      0.000      0.000       0.000       0.000       0.000       0.000       0.000       0.000    
  7862400.   10.77961797   10.8363   0.000       0.000      0.5670E-03  0.6881E-06-0.3079E-01 0.3022E-01  0.000      0.000      0.000      0.000       0.000       0.000       0.000       0.000       0.000       0.000    
  7948800.   10.76811293   10.8240   0.000       0.000      0.5586E-03  0.6658E-06-0.3061E-01 0.3005E-01  0.000      0.000      0.000      0.000       0.000       0.000       0.000       0.000       0.000       0.000    
  8035200.   10.75696901   10.8120   0.000       0.000      0.5505E-03  0.6449E-06-0.3043E-01 0.2988E-01  0.000      0.000      0.000      0.000       0.000       0.000       0.000       0.000       0.000       0.000    
  8121600.   10.74616432   10.8004   0.000       0.000      0.5428E-03  0.6253E-06-0.3026E-01 0.2971E-01  0.000      0.000      0.000      0.000       0.000       0.000       0.000       0.000       0.000       0.000    
  8208000.   10.73567929   10.7892   0.000       0.000      0.5353E-03  0.6068E-06-0.3009E-01 0.2955E-01  0.000      0.000      0.000      0.000       0.000       0.000       0.000       0.000       0.000       0.000    
  8294400.   10.72549552   10.7783   0.000       0.000      0.5282E-03  0.5893E-06-0.2992E-01 0.2939E-01  0.000      0.000      0.000      0.000       0.000       0.000       0.000       0.000       0.000       0.000    
  8380800.   10.77124150   10.8268   0.000       0.000      0.5554E-03 -0.2647E-05-0.3036E-01 0.2980E-01  0.000      0.000      0.000      0.000       0.000       0.000       0.000       0.000       0.000       0.000    
  8467200.   10.77580741   10.8319   0.000       0.000      0.5607E-03 -0.2642E-06-0.3038E-01 0.2982E-01  0.000      0.000      0.000      0.000       0.000       0.000       0.000       0.000       0.000       0.000    
  8553600.   10.77662559   10.8330   0.000       0.000      0.5642E-03 -0.4735E-07-0.3041E-01 0.2984E-01  0.000      0.000      0.000      0.000       0.000       0.000       0.000       0.000       0.000       0.000    
  8640000.   10.77251037   10.8289   0.000       0.000      0.5642E-03  0.2381E-06-0.3037E-01 0.2980E-01  0.000      0.000      0.000      0.000       0.000       0.000       0.000       0.000       0.000       0.000    
  8726400.   10.76597355   10.8222   0.000       0.000      0.5621E-03  0.3783E-06-0.3029E-01 0.2973E-01  0.000      0.000      0.000      0.000       0.000       0.000       0.000       0.000       0.000       0.000    
  8812800.   10.75819452   10.8141   0.000       0.000      0.5588E-03  0.4502E-06-0.3020E-01 0.2964E-01  0.000      0.000      0.000      0.000       0.000       0.000       0.000       0.000       0.000       0.000    
  8899200.   10.74833806   10.8037   0.000       0.000      0.5537E-03  0.5704E-06-0.3007E-01 0.2952E-01  0.000      0.000      0.000      0.000       0.000       0.000       0.000       0.000       0.000       0.000    
  8985600.   10.74504906   10.8003   0.000       0.000      0.5522E-03  0.1903E-06-0.3001E-01 0.2946E-01  0.000      0.000      0.000      0.000       0.000       0.000       0.000       0.000       0.000       0.000    
  9072000.   10.75274088   10.8085   0.000       0.000      0.5575E-03 -0.4451E-06-0.3007E-01 0.2951E-01  0.000      0.000      0.000      0.000       0.000       0.000       0.000       0.000       0.000       0.000    
  9158400.   10.74880266   10.8044   0.000       0.000      0.5565E-03  0.2279E-06-0.3001E-01 0.2945E-01  0.000      0.000      0.000      0.000       0.000       0.000       0.000       0.000       0.000       0.000    
  9244800.   10.77662011   10.8341   0.000       0.000      0.5745E-03 -0.1610E-05-0.3029E-01 0.2972E-01  0.000      0.000      0.000      0.000       0.000       0.000       0.000       0.000       0.000       0.000    
  9331200.   10.84702181   10.9088   0.000       0.000      0.6179E-03 -0.4074E-05-0.3102E-01 0.3040E-01  0.000      0.000      0.000      0.000       0.000       0.000       0.000       0.000       0.000       0.000    
  9417600.   11.01866542   11.0901   0.000       0.000      0.7145E-03 -0.9933E-05-0.3269E-01 0.3198E-01  0.000      0.000      0.000      0.000       0.000       0.000       0.000       0.000       0.000       0.000    
  9504000.   11.14519787   11.2241   0.000       0.000      0.7889E-03 -0.7322E-05-0.3394E-01 0.3316E-01  0.000      0.000      0.000      0.000       0.000       0.000       0.000       0.000       0.000       0.000    
  9590400.   11.12286168   11.2025   0.000       0.000      0.7963E-03  0.1293E-05-0.3404E-01 0.3324E-01  0.000      0.000      0.000      0.000       0.000       0.000       0.000       0.000       0.000       0.000    
  9676800.   11.09485731   11.1743   0.000       0.000      0.7947E-03  0.1621E-05-0.3407E-01 0.3327E-01  0.000      0.000      0.000      0.000       0.000       0.000       0.000       0.000       0.000       0.000    
  9763200.   11.06478087   11.1434   0.000       0.000      0.7862E-03  0.1741E-05-0.3394E-01 0.3316E-01  0.000      0.000      0.000      0.000       0.000       0.000       0.000       0.000       0.000       0.000    
  9849600.   11.03602783   11.1135   0.000       0.000      0.7743E-03  0.1664E-05-0.3376E-01 0.3298E-01  0.000      0.000      0.000      0.000       0.000       0.000       0.000       0.000       0.000       0.000    
  9936000.   11.05448872   11.1328   0.000       0.000      0.7829E-03 -0.1068E-05-0.3395E-01 0.3317E-01  0.000      0.000      0.000      0.000       0.000       0.000       0.000       0.000       0.000       0.000    
 10022400.   11.06987719   11.1490   0.000       0.000      0.7908E-03 -0.8905E-06-0.3410E-01 0.3331E-01  0.000      0.000      0.000      0.000       0.000       0.000       0.000       0.000       0.000       0.000    
 10108800.   11.07458844   11.1540   0.000       0.000      0.7943E-03 -0.2726E-06-0.3420E-01 0.3340E-01  0.000      0.000      0.000      0.000       0.000       0.000       0.000       0.000       0.000       0.000    
 10195200.   11.08712002   11.1672   0.000       0.000      0.8011E-03 -0.7252E-06-0.3436E-01 0.3356E-01  0.000      0.000      0.000      0.000       0.000       0.000       0.000       0.000       0.000       0.000    
 10281600.   11.09382202   11.1743   0.000       0.000      0.8052E-03 -0.3878E-06-0.3447E-01 0.3367E-01  0.000      0.000      0.000      0.000       0.000       0.000       0.000       0.000       0.000       0.000    
 10368000.   11.08158547   11.1616   0.000       0.000      0.8000E-03  0.7081E-06-0.3442E-01 0.3362E-01  0.000      0.000      0.000      0.000       0.000       0.000       0.000       0.000       0.000       0.000    
 10454400.   11.06251347   11.1415   0.000       0.000      0.7903E-03  0.1104E-05-0.3430E-01 0.3350E-01  0.000      0.000      0.000      0.000       0.000       0.000       0.000       0.000       0.000       0.000    
 10540800.   11.06148230   11.1403   0.000       0.000      0.7878E-03  0.5967E-07-0.3430E-01 0.3351E-01  0.000      0.000      0.000      0.000       0.000       0.000       0.000       0.000       0.000       0.000    
 10627200.   11.06981067   11.1488   0.000       0.000      0.7898E-03 -0.4820E-06-0.3438E-01 0.3359E-01  0.000      0.000      0.000      0.000       0.000       0.000       0.000       0.000       0.000       0.000    
 10713600.   11.07044533   11.1493   0.000       0.000      0.7888E-03 -0.3673E-07-0.3440E-01 0.3361E-01  0.000      0.000      0.000      0.000       0.000       0.000       0.000       0.000       0.000       0.000    
 10800000.   11.06115349   11.1395   0.000       0.000      0.7832E-03  0.5377E-06-0.3434E-01 0.3355E-01  0.000      0.000      0.000      0.000       0.000       0.000       0.000       0.000       0.000       0.000    
 10886400.   11.04571999   11.1231   0.000       0.000      0.7740E-03  0.8931E-06-0.3422E-01 0.3344E-01  0.000      0.000      0.000      0.000       0.000       0.000       0.000       0.000       0.000       0.000    
 10972800.   11.02705154   11.1033   0.000       0.000      0.7623E-03  0.1080E-05-0.3405E-01 0.3329E-01  0.000      0.000      0.000      0.000       0.000       0.000       0.000       0.000       0.000       0.000    
 11059200.   11.00531686   11.0802   0.000       0.000      0.7484E-03  0.1258E-05-0.3384E-01 0.3309E-01  0.000      0.000      0.000      0.000       0.000       0.000       0.000       0.000       0.000       0.000    
 11145600.   10.98344980   11.0568   0.000       0.000      0.7336E-03  0.1265E-05-0.3361E-01 0.3288E-01  0.000      0.000      0.000      0.000       0.000       0.000       0.000       0.000       0.000       0.000    
 11232000.   10.96245438   11.0343   0.000       0.000      0.7187E-03  0.1215E-05-0.3338E-01 0.3266E-01  0.000      0.000      0.000      0.000       0.000       0.000       0.000       0.000       0.000       0.000    
 11318400.   10.94237284   11.0128   0.000       0.000      0.7039E-03  0.1162E-05-0.3314E-01 0.3244E-01  0.000      0.000      0.000      0.000       0.000       0.000       0.000       0.000       0.000       0.000    
 11404800.   10.94655706   11.0167   0.000       0.000      0.7016E-03 -0.2421E-06-0.3313E-01 0.3242E-01  0.000      0.000      0.000      0.000       0.000       0.000       0.000       0.000       0.000       0.000    
 11491200.   10.92876426   10.9977   0.000       0.000      0.6892E-03  0.1030E-05-0.3291E-01 0.3222E-01  0.000      0.000      0.000      0.000       0.000       0.000       0.000       0.000       0.000       0.000    
 11577600.   10.95469375   11.0246   0.000       0.000      0.6995E-03 -0.1501E-05-0.3312E-01 0.3242E-01  0.000      0.000      0.000      0.000       0.000       0.000       0.000       0.000       0.000       0.000    
 11664000.   11.02713153   11.1006   0.000       0.000      0.7347E-03 -0.4192E-05-0.3375E-01 0.3302E-01  0.000      0.000      0.000      0.000       0.000       0.000       0.000       0.000       0.000       0.000    
 11750400.   11.20049077   11.2823   0.000       0.000      0.8182E-03 -0.1003E-04-0.3525E-01 0.3444E-01  0.000      0.000      0.000      0.000       0.000       0.000       0.000       0.000       0.000       0.000    
 11836800.   11.16804498   11.2495   0.000       0.000      0.8150E-03  0.1878E-05-0.3513E-01 0.3431E-01  0.000      0.000      0.000      0.000       0.000       0.000       0.000       0.000       0.000       0.000    
 11923200.   11.13835754   11.2192   0.000       0.000      0.8085E-03  0.1718E-05-0.3509E-01 0.3428E-01  0.000      0.000      0.000      0.000       0.000       0.000       0.000       0.000       0.000       0.000    
 12009600.   11.11058830   11.1904   0.000       0.000      0.7979E-03  0.1607E-05-0.3494E-01 0.3414E-01  0.000      0.000      0.000      0.000       0.000       0.000       0.000       0.000       0.000       0.000    
 12096000.   11.10356049   11.1830   0.000       0.000      0.7941E-03  0.4067E-06-0.3490E-01 0.3411E-01  0.000      0.000      0.000      0.000       0.000       0.000       0.000       0.000       0.000       0.000    
 12182400.   11.09430990   11.1732   0.000       0.000      0.7887E-03  0.5353E-06-0.3483E-01 0.3404E-01  0.000      0.000      0.000      0.000       0.000       0.000       0.000       0.000       0.000       0.000    
 12268800.   11.07902748   11.1570   0.000       0.000      0.7802E-03  0.8844E-06-0.3470E-01 0.3392E-01  0.000      0.000      0.000      0.000       0.000       0.000       0.000       0.000       0.000       0.000    
 12355200.   11.06009332   11.1370   0.000       0.000      0.7692E-03  0.1096E-05-0.3453E-01 0.3376E-01  0.000      0.000      0.000      0.000       0.000       0.000       0.000       0.000       0.000       0.000    
 12441600.   11.04650082   11.1225   0.000       0.000      0.7599E-03  0.7866E-06-0.3440E-01 0.3364E-01  0.000      0.000      0.000      0.000       0.000       0.000       0.000       0.000       0.000       0.000    
 12528000.   11.09187323   11.1697   0.000       0.000      0.7786E-03 -0.2626E-05-0.3477E-01 0.3399E-01  0.000      0.000      0.000      0.000       0.000       0.000       0.000       0.000       0.000       0.000    
 12614400.   11.14416501   11.2244   0.000       0.000      0.8028E-03 -0.3026E-05-0.3521E-01 0.3441E-01  0.000      0.000      0.000      0.000       0.000       0.000       0.000       0.000       0.000       0.000    
 12700800.   11.13597019   11.2162   0.000       0.000      0.8019E-03  0.4742E-06-0.3520E-01 0.3440E-01  0.000      0.000      0.000      0.000       0.000       0.000       0.000       0.000       0.000       0.000    
 12787200.   11.12036306   11.2000   0.000       0.000      0.7962E-03  0.9032E-06-0.3514E-01 0.3434E-01  0.000      0.000      0.000      0.000       0.000       0.000       0.000       0.000       0.000       0.000    
 12873600.   11.09948239   11.1781   0.000       0.000      0.7862E-03  0.1208E-05-0.3499E-01 0.3421E-01  0.000      0.000      0.000      0.000       0.000       0.000       0.000       0.000       0.000       0.000    
 12960000.   11.10412189   11.1828   0.000       0.000      0.7865E-03 -0.2685E-06-0.3503E-01 0.3425E-01  0.000      0.000      0.000      0.000       0.000       0.000       0.000       0.000       0.000       0.000    
 13046400.   11.09475857   11.1728   0.000       0.000      0.7808E-03  0.5419E-06-0.3495E-01 0.3417E-01  0.000      0.000      0.000      0.000       0.000       0.000       0.000       0.000       0.000       0.000    
 13132800.   11.08083132   11.1581   0.000       0.000      0.7727E-03  0.8060E-06-0.3483E-01 0.3406E-01  0.000      0.000      0.000      0.000       0.000       0.000       0.000       0.000       0.000       0.000    
 13219200.   11.07098375   11.1476   0.000       0.000      0.7659E-03  0.5699E-06-0.3474E-01 0.3397E-01  0.000      0.000      0.000      0.000       0.000       0.000       0.000       0.000       0.000       0.000    
 13305600.   11.05670736   11.1324   0.000       0.000      0.7567E-03  0.8262E-06-0.3459E-01 0.3384E-01  0.000      0.000      0.000      0.000       0.000       0.000       0.000       0.000       0.000       0.000    
 13392000.   11.07795165   11.1544   0.000       0.000      0.7642E-03 -0.1229E-05-0.3476E-01 0.3399E-01  0.000      0.000      0.000      0.000       0.000       0.000       0.000       0.000       0.000       0.000    
 13478400.   11.09398033   11.1711   0.000       0.000      0.7708E-03 -0.9276E-06-0.3488E-01 0.3411E-01  0.000      0.000      0.000      0.000       0.000       0.000       0.000       0.000       0.000       0.000    
 13564800.   11.08952077   11.1664   0.000       0.000      0.7689E-03  0.2581E-06-0.3486E-01 0.3409E-01  0.000      0.000      0.000      0.000       0.000       0.000       0.000       0.000       0.000       0.000    
 13651200.   11.07995318   11.1564   0.000       0.000      0.7641E-03  0.5537E-06-0.3480E-01 0.3403E-01  0.000      0.000      0.000      0.000       0.000       0.000       0.000       0.000       0.000       0.000    
 13737600.   11.06631421   11.1420   0.000       0.000      0.7566E-03  0.7893E-06-0.3469E-01 0.3393E-01  0.000      0.000      0.000      0.000       0.000       0.000       0.000       0.000       0.000       0.000    
 13824000.   11.11072690   11.1883   0.000       0.000      0.7757E-03 -0.2570E-05-0.3506E-01 0.3428E-01  0.000      0.000      0.000      0.000       0.000       0.000       0.000       0.000       0.000       0.000    
 13910400.   11.17469074   11.2552   0.000       0.000      0.8056E-03 -0.3702E-05-0.3559E-01 0.3479E-01  0.000      0.000      0.000      0.000       0.000       0.000       0.000       0.000       0.000       0.000    
 13996800.   11.17337779   11.2543   0.000       0.000      0.8090E-03  0.7598E-07-0.3565E-01 0.3484E-01  0.000      0.000      0.000      0.000       0.000       0.000       0.000       0.000       0.000       0.000    
 14083200.   11.15880624   11.2393   0.000       0.000      0.8053E-03  0.8433E-06-0.3562E-01 0.3481E-01  0.000      0.000      0.000      0.000       0.000       0.000       0.000       0.000       0.000       0.000    
 14169600.   11.17351885   11.2548   0.000       0.000      0.8126E-03 -0.8514E-06-0.3579E-01 0.3497E-01  0.000      0.000      0.000      0.000       0.000       0.000       0.000       0.000       0.000       0.000    
 14256000.   11.18580929   11.2677   0.000       0.000      0.8189E-03 -0.7113E-06-0.3591E-01 0.3509E-01  0.000      0.000      0.000      0.000       0.000       0.000       0.000       0.000       0.000       0.000    
 14342400.   11.24708165   11.3317   0.000       0.000      0.8465E-03 -0.3546E-05-0.3645E-01 0.3560E-01  0.000      0.000      0.000      0.000       0.000       0.000       0.000       0.000       0.000       0.000    
 14428800.   11.40487316   11.4963   0.000       0.000      0.9145E-03 -0.9131E-05-0.3771E-01 0.3680E-01  0.000      0.000      0.000      0.000       0.000       0.000       0.000       0.000       0.000       0.000    
 14515200.   11.40128244   11.4936   0.000       0.000      0.9228E-03  0.2078E-06-0.3783E-01 0.3690E-01  0.000      0.000      0.000      0.000       0.000       0.000       0.000       0.000       0.000       0.000    
 14601600.   11.42573008   11.5197   0.000       0.000      0.9397E-03 -0.1415E-05-0.3822E-01 0.3729E-01  0.000      0.000      0.000      0.000       0.000       0.000       0.000       0.000       0.000       0.000    
 14688000.   11.47846822   11.5750   0.000       0.000      0.9651E-03 -0.3052E-05-0.3874E-01 0.3778E-01  0.000      0.000      0.000      0.000       0.000       0.000       0.000       0.000       0.000       0.000    
 14774400.   11.49770696   11.5955   0.000       0.000      0.9778E-03 -0.1113E-05-0.3901E-01 0.3803E-01  0.000      0.000      0.000      0.000       0.000       0.000       0.000       0.000       0.000       0.000    
 14860800.   11.48794678   11.5858   0.000       0.000      0.9786E-03  0.5648E-06-0.3908E-01 0.3810E-01  0.000      0.000      0.000      0.000       0.000       0.000       0.000       0.000       0.000       0.000    
 14947200.   11.47430766   11.5719   0.000       0.000      0.9756E-03  0.7893E-06-0.3910E-01 0.3812E-01  0.000      0.000      0.000      0.000       0.000       0.000       0.000       0.000       0.000       0.000    
 15033600.   11.45246660   11.5492   0.000       0.000      0.9675E-03  0.1264E-05-0.3901E-01 0.3804E-01  0.000      0.000      0.000      0.000       0.000       0.000       0.000       0.000       0.000       0.000    
 15120000.   11.42685169   11.5225   0.000       0.000      0.9560E-03  0.1482E-05-0.3887E-01 0.3791E-01  0.000      0.000      0.000      0.000       0.000       0.000       0.000       0.000       0.000       0.000    
 15206400.   11.39746090   11.4916   0.000       0.000      0.9415E-03  0.1701E-05-0.3868E-01 0.3773E-01  0.000      0.000      0.000      0.000       0.000       0.000       0.000       0.000       0.000       0.000    
 15292800.   11.36611496   11.4586   0.000       0.000      0.9249E-03  0.1814E-05-0.3844E-01 0.3751E-01  0.000      0.000      0.000      0.000       0.000       0.000       0.000       0.000       0.000       0.000    
 15379200.   11.40603101   11.4996   0.000       0.000      0.9355E-03 -0.2310E-05-0.3872E-01 0.3778E-01  0.000      0.000      0.000      0.000       0.000       0.000       0.000       0.000       0.000       0.000    
 15465600.   11.42508702   11.5191   0.000       0.000      0.9404E-03 -0.1103E-05-0.3884E-01 0.3790E-01  0.000      0.000      0.000      0.000       0.000       0.000       0.000       0.000       0.000       0.000    
 15552000.   11.41048278   11.5038   0.000       0.000      0.9335E-03  0.8452E-06-0.3878E-01 0.3784E-01  0.000      0.000      0.000      0.000       0.000       0.000       0.000       0.000       0.000       0.000    
 15638400.   11.38355413   11.4756   0.000       0.000      0.9209E-03  0.1558E-05-0.3861E-01 0.3769E-01  0.000      0.000      0.000      0.000       0.000       0.000       0.000       0.000       0.000       0.000    
 15724800.   11.35501959   11.4456   0.000       0.000      0.9061E-03  0.1651E-05-0.3841E-01 0.3750E-01  0.000      0.000      0.000      0.000       0.000       0.000       0.000       0.000       0.000       0.000    
 15811200.   11.32657451   11.4156   0.000       0.000      0.8901E-03  0.1646E-05-0.3817E-01 0.3728E-01  0.000      0.000      0.000      0.000       0.000       0.000       0.000       0.000       0.000       0.000    
 15897600.   11.29925539   11.3866   0.000       0.000      0.8737E-03  0.1581E-05-0.3792E-01 0.3705E-01  0.000      0.000      0.000      0.000       0.000       0.000       0.000       0.000       0.000       0.000    
 15984000.   11.27979297   11.3658   0.000       0.000      0.8601E-03  0.1126E-05-0.3772E-01 0.3686E-01  0.000      0.000      0.000      0.000       0.000       0.000       0.000       0.000       0.000       0.000    
 16070400.   11.25485768   11.3393   0.000       0.000      0.8442E-03  0.1443E-05-0.3747E-01 0.3663E-01  0.000      0.000      0.000      0.000       0.000       0.000       0.000       0.000       0.000       0.000    
 16156800.   11.23062780   11.3135   0.000       0.000      0.8285E-03  0.1402E-05-0.3722E-01 0.3639E-01  0.000      0.000      0.000      0.000       0.000       0.000       0.000       0.000       0.000       0.000    
 16243200.   11.20674494   11.2880   0.000       0.000      0.8128E-03  0.1382E-05-0.3697E-01 0.3616E-01  0.000      0.000      0.000      0.000       0.000       0.000       0.000       0.000       0.000       0.000    
 16329600.   11.18366208   11.2634   0.000       0.000      0.7973E-03  0.1336E-05-0.3672E-01 0.3592E-01  0.000      0.000      0.000      0.000       0.000       0.000       0.000       0.000       0.000       0.000    
 16416000.   11.16131277   11.2395   0.000       0.000      0.7822E-03  0.1293E-05-0.3646E-01 0.3568E-01  0.000      0.000      0.000      0.000       0.000       0.000       0.000       0.000       0.000       0.000    
 16502400.   11.13972596   11.2165   0.000       0.000      0.7674E-03  0.1249E-05-0.3621E-01 0.3544E-01  0.000      0.000      0.000      0.000       0.000       0.000       0.000       0.000       0.000       0.000    
 16588800.   11.11892068   11.1942   0.000       0.000      0.7530E-03  0.1204E-05-0.3596E-01 0.3521E-01  0.000      0.000      0.000      0.000       0.000       0.000       0.000       0.000       0.000       0.000    
 16675200.   11.09888156   11.1728   0.000       0.000      0.7392E-03  0.1160E-05-0.3572E-01 0.3498E-01  0.000      0.000      0.000      0.000       0.000       0.000       0.000       0.000       0.000       0.000    
 16761600.   11.08328369   11.1560   0.000       0.000      0.7275E-03  0.9027E-06-0.3551E-01 0.3478E-01  0.000      0.000      0.000      0.000       0.000       0.000       0.000       0.000       0.000       0.000    
 16848000.   11.07131702   11.1431   0.000       0.000      0.7179E-03  0.6925E-06-0.3533E-01 0.3461E-01  0.000      0.000      0.000      0.000       0.000       0.000       0.000       0.000       0.000       0.000    
 16934400.   11.07284270   11.1444   0.000       0.000      0.7152E-03 -0.8829E-07-0.3528E-01 0.3456E-01  0.000      0.000      0.000      0.000       0.000       0.000       0.000       0.000       0.000       0.000    
 17020800.   11.06748996   11.1385   0.000       0.000      0.7105E-03  0.3098E-06-0.3517E-01 0.3446E-01  0.000      0.000      0.000      0.000       0.000       0.000       0.000       0.000       0.000       0.000    
 17107200.   11.05031444   11.1204   0.000       0.000      0.7006E-03  0.9940E-06-0.3498E-01 0.3428E-01  0.000      0.000      0.000      0.000       0.000       0.000       0.000       0.000       0.000       0.000    
 17193600.   11.03379956   11.1029   0.000       0.000      0.6907E-03  0.9557E-06-0.3479E-01 0.3410E-01  0.000      0.000      0.000      0.000       0.000       0.000       0.000       0.000       0.000       0.000    
 17280000.   11.01696848   11.0850   0.000       0.000      0.6804E-03  0.9740E-06-0.3459E-01 0.3390E-01  0.000      0.000      0.000      0.000       0.000       0.000       0.000       0.000       0.000       0.000    
 17366400.   11.00025748   11.0672   0.000       0.000      0.6699E-03  0.9671E-06-0.3438E-01 0.3370E-01  0.000      0.000      0.000      0.000       0.000       0.000       0.000       0.000       0.000       0.000    
 17452800.   10.98399525   11.0499   0.000       0.000      0.6595E-03  0.9411E-06-0.3416E-01 0.3350E-01  0.000      0.000      0.000      0.000       0.000       0.000       0.000       0.000       0.000       0.000    
 17539200.   10.96823793   11.0332   0.000       0.000      0.6493E-03  0.9119E-06-0.3396E-01 0.3331E-01  0.000      0.000      0.000      0.000       0.000       0.000       0.000       0.000       0.000       0.000    
 17625600.   10.95300692   11.0170   0.000       0.000      0.6395E-03  0.8814E-06-0.3375E-01 0.3311E-01  0.000      0.000      0.000      0.000       0.000       0.000       0.000       0.000       0.000       0.000    
 17712000.   10.94377124   11.0070   0.000       0.000      0.6327E-03  0.5345E-06-0.3360E-01 0.3296E-01  0.000      0.000      0.000      0.000       0.000       0.000       0.000       0.000       0.000       0.000    
 17798400.   10.92995493   10.9924   0.000       0.000      0.6240E-03  0.7996E-06-0.3340E-01 0.3278E-01  0.000      0.000      0.000      0.000       0.000       0.000       0.000       0.000       0.000       0.000    
 17884800.   10.91583830   10.9774   0.000       0.000      0.6152E-03  0.8169E-06-0.3321E-01 0.3260E-01  0.000      0.000      0.000      0.000       0.000       0.000       0.000       0.000       0.000       0.000    
 17971200.   10.90221686   10.9629   0.000       0.000      0.6066E-03  0.7883E-06-0.3302E-01 0.3241E-01  0.000      0.000      0.000      0.000       0.000       0.000       0.000       0.000       0.000       0.000    
 18057600.   10.88903510   10.9489   0.000       0.000      0.5982E-03  0.7628E-06-0.3283E-01 0.3223E-01  0.000      0.000      0.000      0.000       0.000       0.000       0.000       0.000       0.000       0.000    
 18144000.   10.87625642   10.9353   0.000       0.000      0.5900E-03  0.7395E-06-0.3264E-01 0.3205E-01  0.000      0.000      0.000      0.000       0.000       0.000       0.000       0.000       0.000       0.000    
 18230400.   10.86385633   10.9221   0.000       0.000      0.5822E-03  0.7176E-06-0.3246E-01 0.3188E-01  0.000      0.000      0.000      0.000       0.000       0.000       0.000       0.000       0.000       0.000    
 18316800.   10.85182106   10.9093   0.000       0.000      0.5746E-03  0.6965E-06-0.3228E-01 0.3170E-01  0.000      0.000      0.000      0.000       0.000       0.000       0.000       0.000       0.000       0.000    
 18403200.   10.84012201   10.8968   0.000       0.000      0.5672E-03  0.6770E-06-0.3210E-01 0.3153E-01  0.000      0.000      0.000      0.000       0.000       0.000       0.000       0.000       0.000       0.000    
 18489600.   10.82874470   10.8848   0.000       0.000      0.5601E-03  0.6584E-06-0.3193E-01 0.3137E-01  0.000      0.000      0.000      0.000       0.000       0.000       0.000       0.000       0.000       0.000    
 18576000.   10.81767626   10.8730   0.000       0.000      0.5532E-03  0.6405E-06-0.3176E-01 0.3120E-01  0.000      0.000      0.000      0.000       0.000       0.000       0.000       0.000       0.000       0.000    
 18662400.   10.80689769   10.8616   0.000       0.000      0.5466E-03  0.6238E-06-0.3159E-01 0.3104E-01  0.000      0.000      0.000      0.000       0.000       0.000       0.000       0.000       0.000       0.000    
 18748800.   10.79639753   10.8504   0.000       0.000      0.5402E-03  0.6076E-06-0.3142E-01 0.3088E-01  0.000      0.000      0.000      0.000       0.000       0.000       0.000       0.000       0.000       0.000    
 18835200.   10.79713089   10.8512   0.000       0.000      0.5404E-03 -0.4244E-07-0.3137E-01 0.3083E-01  0.000      0.000      0.000      0.000       0.000       0.000       0.000       0.000       0.000       0.000    
 18921600.   10.78873569   10.8423   0.000       0.000      0.5360E-03  0.4858E-06-0.3124E-01 0.3070E-01  0.000      0.000      0.000      0.000       0.000       0.000       0.000       0.000       0.000       0.000    
 19008000.   10.77800112   10.8310   0.000       0.000      0.5303E-03  0.6212E-06-0.3108E-01 0.3055E-01  0.000      0.000      0.000      0.000       0.000       0.000       0.000       0.000       0.000       0.000    
 19094400.   10.76768682   10.8201   0.000       0.000      0.5245E-03  0.5969E-06-0.3093E-01 0.3040E-01  0.000      0.000      0.000      0.000       0.000       0.000       0.000       0.000       0.000       0.000    
 19180800.   10.75772664   10.8096   0.000       0.000      0.5188E-03  0.5764E-06-0.3077E-01 0.3026E-01  0.000      0.000      0.000      0.000       0.000       0.000       0.000       0.000       0.000       0.000    
 19267200.   10.74833350   10.7997   0.000       0.000      0.5134E-03  0.5436E-06-0.3062E-01 0.3011E-01  0.000      0.000      0.000      0.000       0.000       0.000       0.000       0.000       0.000       0.000    
 19353600.   10.73894853   10.7898   0.000       0.000      0.5080E-03  0.5431E-06-0.3047E-01 0.2996E-01  0.000      0.000      0.000      0.000       0.000       0.000       0.000       0.000       0.000       0.000    
 19440000.   10.72982516   10.7801   0.000       0.000      0.5028E-03  0.5280E-06-0.3032E-01 0.2982E-01  0.000      0.000      0.000      0.000       0.000       0.000       0.000       0.000       0.000       0.000    
 19526400.   10.72094213   10.7707   0.000       0.000      0.4977E-03  0.5141E-06-0.3018E-01 0.2968E-01  0.000      0.000      0.000      0.000       0.000       0.000       0.000       0.000       0.000       0.000    
 19612800.   10.71228321   10.7616   0.000       0.000      0.4927E-03  0.5011E-06-0.3003E-01 0.2954E-01  0.000      0.000      0.000      0.000       0.000       0.000       0.000       0.000       0.000       0.000    
 19699200.   10.70383303   10.7526   0.000       0.000      0.4879E-03  0.4890E-06-0.2989E-01 0.2940E-01  0.000      0.000      0.000      0.000       0.000       0.000       0.000       0.000       0.000       0.000    
 19785600.   10.69558020   10.7439   0.000       0.000      0.4832E-03  0.4776E-06-0.2975E-01 0.2927E-01  0.000      0.000      0.000      0.000       0.000       0.000       0.000       0.000       0.000       0.000    
 19872000.   10.68751485   10.7354   0.000       0.000      0.4786E-03  0.4667E-06-0.2961E-01 0.2913E-01  0.000      0.000      0.000      0.000       0.000       0.000       0.000       0.000       0.000       0.000    
 19958400.   10.68988294   10.7380   0.000       0.000      0.4809E-03 -0.1370E-06-0.2959E-01 0.2911E-01  0.000      0.000      0.000      0.000       0.000       0.000       0.000       0.000       0.000       0.000    
 20044800.   10.69644339   10.7451   0.000       0.000      0.4865E-03 -0.3797E-06-0.2963E-01 0.2914E-01  0.000      0.000      0.000      0.000       0.000       0.000       0.000       0.000       0.000       0.000    
 20131200.   10.68670497   10.7349   0.000       0.000      0.4823E-03  0.5636E-06-0.2949E-01 0.2901E-01  0.000      0.000      0.000      0.000       0.000       0.000       0.000       0.000       0.000       0.000    
 20217600.   10.68084583   10.7289   0.000       0.000      0.4802E-03  0.3391E-06-0.2940E-01 0.2892E-01  0.000      0.000      0.000      0.000       0.000       0.000       0.000       0.000       0.000       0.000    
 20304000.   10.67416652   10.7219   0.000       0.000      0.4772E-03  0.3865E-06-0.2930E-01 0.2882E-01  0.000      0.000      0.000      0.000       0.000       0.000       0.000       0.000       0.000       0.000    
 20390400.   10.66554795   10.7128   0.000       0.000      0.4729E-03  0.4988E-06-0.2916E-01 0.2869E-01  0.000      0.000      0.000      0.000       0.000       0.000       0.000       0.000       0.000       0.000    
 20476800.   10.65726642   10.7041   0.000       0.000      0.4685E-03  0.4793E-06-0.2903E-01 0.2856E-01  0.000      0.000      0.000      0.000       0.000       0.000       0.000       0.000       0.000       0.000    
 20563200.   10.64927496   10.6957   0.000       0.000      0.4641E-03  0.4625E-06-0.2890E-01 0.2844E-01  0.000      0.000      0.000      0.000       0.000       0.000       0.000       0.000       0.000       0.000    
 20649600.   10.64154717   10.6875   0.000       0.000      0.4598E-03  0.4472E-06-0.2877E-01 0.2831E-01  0.000      0.000      0.000      0.000       0.000       0.000       0.000       0.000       0.000       0.000    
 20736000.   10.63405570   10.6796   0.000       0.000      0.4556E-03  0.4335E-06-0.2864E-01 0.2819E-01  0.000      0.000      0.000      0.000       0.000       0.000       0.000       0.000       0.000       0.000    
 20822400.   10.62677758   10.6719   0.000       0.000      0.4515E-03  0.4212E-06-0.2851E-01 0.2806E-01  0.000      0.000      0.000      0.000       0.000       0.000       0.000       0.000       0.000       0.000    
 20908800.   10.61969647   10.6644   0.000       0.000      0.4475E-03  0.4098E-06-0.2839E-01 0.2794E-01  0.000      0.000      0.000      0.000       0.000       0.000       0.000       0.000       0.000       0.000    
 20995200.   10.61279648   10.6572   0.000       0.000      0.4436E-03  0.3993E-06-0.2827E-01 0.2782E-01  0.000      0.000      0.000      0.000       0.000       0.000       0.000       0.000       0.000       0.000    
 21081600.   10.60606537   10.6500   0.000       0.000      0.4398E-03  0.3895E-06-0.2814E-01 0.2770E-01  0.000      0.000      0.000      0.000       0.000       0.000       0.000       0.000       0.000       0.000    
 21168000.   10.59949037   10.6431   0.000       0.000      0.4361E-03  0.3805E-06-0.2802E-01 0.2759E-01  0.000      0.000      0.000      0.000       0.000       0.000       0.000       0.000       0.000       0.000    
 21254400.   10.59306117   10.6363   0.000       0.000      0.4325E-03  0.3721E-06-0.2791E-01 0.2747E-01  0.000      0.000      0.000      0.000       0.000       0.000       0.000       0.000       0.000       0.000    
 21340800.   10.58676966   10.6297   0.000       0.000      0.4290E-03  0.3641E-06-0.2779E-01 0.2736E-01  0.000      0.000      0.000      0.000       0.000       0.000       0.000       0.000       0.000       0.000    
 21427200.   10.58060839   10.6232   0.000       0.000      0.4256E-03  0.3566E-06-0.2767E-01 0.2725E-01  0.000      0.000      0.000      0.000       0.000       0.000       0.000       0.000       0.000       0.000    
 21513600.   10.57603273   10.6184   0.000       0.000      0.4234E-03  0.2648E-06-0.2758E-01 0.2715E-01  0.000      0.000      0.000      0.000       0.000       0.000       0.000       0.000       0.000       0.000    
 21600000.   10.58604821   10.6293   0.000       0.000      0.4321E-03 -0.5796E-06-0.2767E-01 0.2724E-01  0.000      0.000      0.000      0.000       0.000       0.000       0.000       0.000       0.000       0.000    
 21686400.   10.57845122   10.6213   0.000       0.000      0.4285E-03  0.4396E-06-0.2755E-01 0.2712E-01  0.000      0.000      0.000      0.000       0.000       0.000       0.000       0.000       0.000       0.000    
 21772800.   10.57133653   10.6139   0.000       0.000      0.4251E-03  0.4117E-06-0.2744E-01 0.2701E-01  0.000      0.000      0.000      0.000       0.000       0.000       0.000       0.000       0.000       0.000    
 21859200.   10.56462367   10.6068   0.000       0.000      0.4217E-03  0.3885E-06-0.2733E-01 0.2690E-01  0.000      0.000      0.000      0.000       0.000       0.000       0.000       0.000       0.000       0.000    
 21945600.   10.55821983   10.6000   0.000       0.000      0.4183E-03  0.3706E-06-0.2721E-01 0.2679E-01  0.000      0.000      0.000      0.000       0.000       0.000       0.000       0.000       0.000       0.000    
 22032000.   10.55206485   10.5936   0.000       0.000      0.4149E-03  0.3562E-06-0.2710E-01 0.2668E-01  0.000      0.000      0.000      0.000       0.000       0.000       0.000       0.000       0.000       0.000    
 22118400.   10.54611475   10.5873   0.000       0.000      0.4116E-03  0.3443E-06-0.2699E-01 0.2658E-01  0.000      0.000      0.000      0.000       0.000       0.000       0.000       0.000       0.000       0.000    
 22204800.   10.54034030   10.5812   0.000       0.000      0.4084E-03  0.3342E-06-0.2688E-01 0.2647E-01  0.000      0.000      0.000      0.000       0.000       0.000       0.000       0.000       0.000       0.000    
 22291200.   10.53471982   10.5752   0.000       0.000      0.4052E-03  0.3253E-06-0.2677E-01 0.2637E-01  0.000      0.000      0.000      0.000       0.000       0.000       0.000       0.000       0.000       0.000    
 22377600.   10.52923792   10.5695   0.000       0.000      0.4022E-03  0.3172E-06-0.2666E-01 0.2626E-01  0.000      0.000      0.000      0.000       0.000       0.000       0.000       0.000       0.000       0.000    
 22464000.   10.54142847   10.5827   0.000       0.000      0.4132E-03 -0.7055E-06-0.2680E-01 0.2639E-01  0.000      0.000      0.000      0.000       0.000       0.000       0.000       0.000       0.000       0.000    
 22550400.   10.53649745   10.5776   0.000       0.000      0.4113E-03  0.2854E-06-0.2670E-01 0.2629E-01  0.000      0.000      0.000      0.000       0.000       0.000       0.000       0.000       0.000       0.000    
 22636800.   10.53433144   10.5755   0.000       0.000      0.4118E-03  0.1253E-06-0.2667E-01 0.2625E-01  0.000      0.000      0.000      0.000       0.000       0.000       0.000       0.000       0.000       0.000    
 22723200.   10.57925910   10.6241   0.000       0.000      0.4483E-03 -0.2600E-05-0.2724E-01 0.2680E-01  0.000      0.000      0.000      0.000       0.000       0.000       0.000       0.000       0.000       0.000    
 22809600.   10.57826670   10.6234   0.000       0.000      0.4514E-03  0.5743E-07-0.2722E-01 0.2677E-01  0.000      0.000      0.000      0.000       0.000       0.000       0.000       0.000       0.000       0.000    
 22896000.   10.57505546   10.6204   0.000       0.000      0.4532E-03  0.1858E-06-0.2722E-01 0.2677E-01  0.000      0.000      0.000      0.000       0.000       0.000       0.000       0.000       0.000       0.000    
 22982400.   10.57081413   10.6161   0.000       0.000      0.4533E-03  0.2454E-06-0.2718E-01 0.2673E-01  0.000      0.000      0.000      0.000       0.000       0.000       0.000       0.000       0.000       0.000    
 23068800.   10.56601260   10.6112   0.000       0.000      0.4521E-03  0.2779E-06-0.2713E-01 0.2667E-01  0.000      0.000      0.000      0.000       0.000       0.000       0.000       0.000       0.000       0.000    
 23155200.   10.56006689   10.6050   0.000       0.000      0.4496E-03  0.3441E-06-0.2704E-01 0.2659E-01  0.000      0.000      0.000      0.000       0.000       0.000       0.000       0.000       0.000       0.000    
 23241600.   10.55368089   10.5983   0.000       0.000      0.4463E-03  0.3696E-06-0.2695E-01 0.2650E-01  0.000      0.000      0.000      0.000       0.000       0.000       0.000       0.000       0.000       0.000    
 23328000.   10.54689264   10.5911   0.000       0.000      0.4424E-03  0.3928E-06-0.2685E-01 0.2640E-01  0.000      0.000      0.000      0.000       0.000       0.000       0.000       0.000       0.000       0.000    
 23414400.   10.54008042   10.5839   0.000       0.000      0.4381E-03  0.3942E-06-0.2674E-01 0.2630E-01  0.000      0.000      0.000      0.000       0.000       0.000       0.000       0.000       0.000       0.000    
 23500800.   10.53357123   10.5769   0.000       0.000      0.4338E-03  0.3767E-06-0.2663E-01 0.2620E-01  0.000      0.000      0.000      0.000       0.000       0.000       0.000       0.000       0.000       0.000    
 23587200.   10.52725474   10.5702   0.000       0.000      0.4295E-03  0.3655E-06-0.2652E-01 0.2609E-01  0.000      0.000      0.000      0.000       0.000       0.000       0.000       0.000       0.000       0.000    
 23673600.   10.52102626   10.5635   0.000       0.000      0.4251E-03  0.3604E-06-0.2641E-01 0.2599E-01  0.000      0.000      0.000      0.000       0.000       0.000       0.000       0.000       0.000       0.000    
 23760000.   10.51478602   10.5568   0.000       0.000      0.4205E-03  0.3611E-06-0.2630E-01 0.2588E-01  0.000      0.000      0.000      0.000       0.000       0.000       0.000       0.000       0.000       0.000    
 23846400.   10.50870801   10.5503   0.000       0.000      0.4161E-03  0.3517E-06-0.2619E-01 0.2577E-01  0.000      0.000      0.000      0.000       0.000       0.000       0.000       0.000       0.000       0.000    
 23932800.   10.50288069   10.5441   0.000       0.000      0.4117E-03  0.3372E-06-0.2607E-01 0.2566E-01  0.000      0.000      0.000      0.000       0.000       0.000       0.000       0.000       0.000       0.000    
 24019200.   10.49727153   10.5380   0.000       0.000      0.4074E-03  0.3246E-06-0.2596E-01 0.2556E-01  0.000      0.000      0.000      0.000     -0.1099E-06   0.000       0.000       0.000       0.000       0.000    
 24105600.   10.49182715   10.5322   0.000       0.000      0.4033E-03  0.3151E-06-0.2586E-01 0.2546E-01  0.000      0.000      0.000      0.000     -0.4588E-06   0.000       0.000       0.000       0.000       0.000    
 24192000.   10.48648456   10.5264   0.000       0.000      0.3993E-03  0.3092E-06-0.2576E-01 0.2536E-01  0.000      0.000      0.000      0.000     -0.6387E-06   0.000       0.000       0.000       0.000       0.000    
 24278400.   10.48123431   10.5208   0.000       0.000      0.3954E-03  0.3038E-06-0.2565E-01 0.2525E-01  0.000      0.000      0.000      0.000     -0.7649E-06   0.000       0.000       0.000       0.000       0.000    
 24364800.   10.47610846   10.5153   0.000       0.000      0.3916E-03  0.2966E-06-0.2555E-01 0.2515E-01  0.000      0.000      0.000      0.000     -0.8566E-06   0.000       0.000       0.000       0.000       0.000    
 24451200.   10.47111935   10.5099   0.000       0.000      0.3880E-03  0.2887E-06-0.2545E-01 0.2506E-01  0.000      0.000      0.000      0.000     -0.9252E-06   0.000       0.000       0.000       0.000       0.000    
 24537600.   10.46625894   10.5047   0.000       0.000      0.3845E-03  0.2813E-06-0.2534E-01 0.2496E-01  0.000      0.000      0.000      0.000     -0.9794E-06   0.000       0.000       0.000       0.000       0.000    
 24624000.   10.46151881   10.4996   0.000       0.000      0.3812E-03  0.2743E-06-0.2525E-01 0.2486E-01  0.000      0.000      0.000      0.000     -0.1023E-05   0.000       0.000       0.000       0.000       0.000    
 24710400.   10.45688592   10.4947   0.000       0.000      0.3780E-03  0.2681E-06-0.2515E-01 0.2477E-01  0.000      0.000      0.000      0.000     -0.1061E-05   0.000       0.000       0.000       0.000       0.000    
 24796800.   10.45235278   10.4898   0.000       0.000      0.3749E-03  0.2623E-06-0.2505E-01 0.2467E-01  0.000      0.000      0.000      0.000     -0.1092E-05   0.000       0.000       0.000       0.000       0.000    
 24883200.   10.44813136   10.4853   0.000       0.000      0.3721E-03  0.2443E-06-0.2496E-01 0.2458E-01  0.000      0.000      0.000      0.000     -0.1062E-05   0.000       0.000       0.000       0.000       0.000    
 24969600.   10.44816385   10.4856   0.000       0.000      0.3742E-03 -0.1881E-08-0.2493E-01 0.2456E-01  0.000      0.000      0.000      0.000      0.8340E-08   0.000       0.000       0.000       0.000       0.000    
 25056000.   10.44372431   10.4808   0.000       0.000      0.3703E-03  0.2569E-06-0.2484E-01 0.2446E-01  0.000      0.000      0.000      0.000     -0.1162E-05   0.000       0.000       0.000       0.000       0.000    
 25142400.   10.43927095   10.4760   0.000       0.000      0.3675E-03  0.2577E-06-0.2475E-01 0.2438E-01  0.000      0.000      0.000      0.000     -0.1210E-05   0.000       0.000       0.000       0.000       0.000    
 25228800.   10.44324672   10.4807   0.000       0.000      0.3746E-03 -0.2301E-06-0.2478E-01 0.2441E-01  0.000      0.000      0.000      0.000      0.1082E-05   0.000       0.000       0.000       0.000       0.000    
 25315200.   10.43940152   10.4765   0.000       0.000      0.3706E-03  0.2225E-06-0.2470E-01 0.2433E-01  0.000      0.000      0.000      0.000     -0.1046E-05   0.000       0.000       0.000       0.000       0.000    
 25401600.   10.43974651   10.4771   0.000       0.000      0.3736E-03 -0.1997E-07-0.2469E-01 0.2432E-01  0.000      0.000      0.000      0.000      0.9514E-07   0.000       0.000       0.000       0.000       0.000    
 25488000.   10.43983049   10.4774   0.000       0.000      0.3753E-03 -0.4860E-08-0.2467E-01 0.2430E-01  0.000      0.000      0.000      0.000      0.2312E-07   0.000       0.000       0.000       0.000       0.000    
 25574400.   10.44262282   10.4806   0.000       0.000      0.3802E-03 -0.1616E-06-0.2470E-01 0.2432E-01  0.000      0.000      0.000      0.000      0.7601E-06   0.000       0.000       0.000       0.000       0.000    
 25660800.   10.43928945   10.4770   0.000       0.000      0.3775E-03  0.1929E-06-0.2463E-01 0.2426E-01  0.000      0.000      0.000      0.000     -0.9093E-06   0.000       0.000       0.000       0.000       0.000    
 25747200.   10.44546575   10.4842   0.000       0.000      0.3874E-03 -0.3574E-06-0.2472E-01 0.2434E-01  0.000      0.000      0.000      0.000      0.1666E-05   0.000       0.000       0.000       0.000       0.000    
 25833600.   10.48125921   10.5239   0.000       0.000      0.4269E-03 -0.2071E-05-0.2525E-01 0.2483E-01  0.000      0.000      0.000      0.000      0.7696E-05   0.000       0.000       0.000       0.000       0.000    
 25920000.   10.53234997   10.5791   0.000       0.000      0.4680E-03 -0.2957E-05-0.2598E-01 0.2552E-01  0.000      0.000      0.000      0.000      0.1968E-05   0.000       0.000       0.000       0.000       0.000    
 26006400.   10.58469421   10.6358   0.000       0.000      0.5106E-03 -0.3029E-05-0.2670E-01 0.2619E-01  0.000      0.000      0.000      0.000       0.000       0.000       0.000       0.000       0.000       0.000    
 26092800.   10.59952943   10.6524   0.000       0.000      0.5291E-03 -0.8585E-06-0.2698E-01 0.2645E-01  0.000      0.000      0.000      0.000       0.000       0.000       0.000       0.000       0.000       0.000    
 26179200.   10.59547604   10.6488   0.000       0.000      0.5334E-03  0.2346E-06-0.2705E-01 0.2651E-01  0.000      0.000      0.000      0.000       0.000       0.000       0.000       0.000       0.000       0.000    
 26265600.   10.58734628   10.6406   0.000       0.000      0.5323E-03  0.4705E-06-0.2703E-01 0.2650E-01  0.000      0.000      0.000      0.000       0.000       0.000       0.000       0.000       0.000       0.000    
 26352000.   10.57804616   10.6309   0.000       0.000      0.5284E-03  0.5382E-06-0.2696E-01 0.2644E-01  0.000      0.000      0.000      0.000       0.000       0.000       0.000       0.000       0.000       0.000    
 26438400.   10.56852261   10.6208   0.000       0.000      0.5229E-03  0.5511E-06-0.2687E-01 0.2635E-01  0.000      0.000      0.000      0.000       0.000       0.000       0.000       0.000       0.000       0.000    
 26524800.   10.55901700   10.6107   0.000       0.000      0.5164E-03  0.5501E-06-0.2676E-01 0.2624E-01  0.000      0.000      0.000      0.000       0.000       0.000       0.000       0.000       0.000       0.000    
 26611200.   10.54930927   10.6002   0.000       0.000      0.5089E-03  0.5618E-06-0.2664E-01 0.2613E-01  0.000      0.000      0.000      0.000       0.000       0.000       0.000       0.000       0.000       0.000    
 26697600.   10.54011045   10.5902   0.000       0.000      0.5012E-03  0.5323E-06-0.2651E-01 0.2601E-01  0.000      0.000      0.000      0.000       0.000       0.000       0.000       0.000       0.000       0.000    
 26784000.   10.53125560   10.5806   0.000       0.000      0.4934E-03  0.5124E-06-0.2638E-01 0.2589E-01  0.000      0.000      0.000      0.000       0.000       0.000       0.000       0.000       0.000       0.000    
 26870400.   10.55881636   10.6102   0.000       0.000      0.5141E-03 -0.1595E-05-0.2674E-01 0.2622E-01  0.000      0.000      0.000      0.000       0.000       0.000       0.000       0.000       0.000       0.000    
 26956800.   10.57671603   10.6295   0.000       0.000      0.5279E-03 -0.1036E-05-0.2696E-01 0.2643E-01  0.000      0.000      0.000      0.000       0.000       0.000       0.000       0.000       0.000       0.000    
 27043200.   10.59383794   10.6481   0.000       0.000      0.5423E-03 -0.9909E-06-0.2720E-01 0.2666E-01  0.000      0.000      0.000      0.000       0.000       0.000       0.000       0.000       0.000       0.000    
 27129600.   10.59961209   10.6545   0.000       0.000      0.5487E-03 -0.3342E-06-0.2732E-01 0.2677E-01  0.000      0.000      0.000      0.000       0.000       0.000       0.000       0.000       0.000       0.000    
 27216000.   10.60953414   10.6653   0.000       0.000      0.5578E-03 -0.5742E-06-0.2748E-01 0.2693E-01  0.000      0.000      0.000      0.000       0.000       0.000       0.000       0.000       0.000       0.000    
 27302400.   10.63366619   10.6913   0.000       0.000      0.5767E-03 -0.1397E-05-0.2781E-01 0.2724E-01  0.000      0.000      0.000      0.000       0.000       0.000       0.000       0.000       0.000       0.000    
 27388800.   10.68095440   10.7421   0.000       0.000      0.6112E-03 -0.2737E-05-0.2841E-01 0.2780E-01  0.000      0.000      0.000      0.000       0.000       0.000       0.000       0.000       0.000       0.000    
 27475200.   10.72272711   10.7870   0.000       0.000      0.6426E-03 -0.2417E-05-0.2896E-01 0.2832E-01  0.000      0.000      0.000      0.000       0.000       0.000       0.000       0.000       0.000       0.000    
 27561600.   10.72101200   10.7857   0.000       0.000      0.6471E-03  0.9925E-07-0.2905E-01 0.2840E-01  0.000      0.000      0.000      0.000       0.000       0.000       0.000       0.000       0.000       0.000    
 27648000.   10.71227310   10.7768   0.000       0.000      0.6453E-03  0.5057E-06-0.2906E-01 0.2841E-01  0.000      0.000      0.000      0.000       0.000       0.000       0.000       0.000       0.000       0.000    
 27734400.   10.69979874   10.7637   0.000       0.000      0.6387E-03  0.7219E-06-0.2898E-01 0.2834E-01  0.000      0.000      0.000      0.000       0.000       0.000       0.000       0.000       0.000       0.000    
 27820800.   10.68875107   10.7519   0.000       0.000      0.6314E-03  0.6393E-06-0.2889E-01 0.2826E-01  0.000      0.000      0.000      0.000       0.000       0.000       0.000       0.000       0.000       0.000    
 27907200.   10.68012905   10.7426   0.000       0.000      0.6246E-03  0.4990E-06-0.2881E-01 0.2818E-01  0.000      0.000      0.000      0.000       0.000       0.000       0.000       0.000       0.000       0.000    
 27993600.   10.70044798   10.7641   0.000       0.000      0.6363E-03 -0.1176E-05-0.2905E-01 0.2841E-01  0.000      0.000      0.000      0.000       0.000       0.000       0.000       0.000       0.000       0.000    
 28080000.   10.73150952   10.7971   0.000       0.000      0.6557E-03 -0.1798E-05-0.2940E-01 0.2875E-01  0.000      0.000      0.000      0.000       0.000       0.000       0.000       0.000       0.000       0.000    
 28166400.   10.74828070   10.8150   0.000       0.000      0.6676E-03 -0.9706E-06-0.2963E-01 0.2896E-01  0.000      0.000      0.000      0.000       0.000       0.000       0.000       0.000       0.000       0.000    
 28252800.   10.74176070   10.8083   0.000       0.000      0.6653E-03  0.3773E-06-0.2963E-01 0.2896E-01  0.000      0.000      0.000      0.000       0.000       0.000       0.000       0.000       0.000       0.000    
 28339200.   10.73022863   10.7961   0.000       0.000      0.6584E-03  0.6674E-06-0.2956E-01 0.2890E-01  0.000      0.000      0.000      0.000       0.000       0.000       0.000       0.000       0.000       0.000    
 28425600.   10.71711905   10.7820   0.000       0.000      0.6490E-03  0.7587E-06-0.2944E-01 0.2879E-01  0.000      0.000      0.000      0.000       0.000       0.000       0.000       0.000       0.000       0.000    
 28512000.   10.70360905   10.7674   0.000       0.000      0.6383E-03  0.7818E-06-0.2929E-01 0.2865E-01  0.000      0.000      0.000      0.000       0.000       0.000       0.000       0.000       0.000       0.000    
 28598400.   10.69019119   10.7529   0.000       0.000      0.6269E-03  0.7765E-06-0.2913E-01 0.2851E-01  0.000      0.000      0.000      0.000       0.000       0.000       0.000       0.000       0.000       0.000    
 28684800.   10.67708276   10.7386   0.000       0.000      0.6152E-03  0.7586E-06-0.2897E-01 0.2835E-01  0.000      0.000      0.000      0.000       0.000       0.000       0.000       0.000       0.000       0.000    
 28771200.   10.66435285   10.7247   0.000       0.000      0.6034E-03  0.7367E-06-0.2880E-01 0.2819E-01  0.000      0.000      0.000      0.000       0.000       0.000       0.000       0.000       0.000       0.000    
 28857600.   10.65206044   10.7112   0.000       0.000      0.5917E-03  0.7114E-06-0.2862E-01 0.2803E-01  0.000      0.000      0.000      0.000       0.000       0.000       0.000       0.000       0.000       0.000    
 28944000.   10.64008733   10.6981   0.000       0.000      0.5800E-03  0.6929E-06-0.2845E-01 0.2786E-01  0.000      0.000      0.000      0.000       0.000       0.000       0.000       0.000       0.000       0.000    
 29030400.   10.62839306   10.6852   0.000       0.000      0.5685E-03  0.6768E-06-0.2827E-01 0.2770E-01  0.000      0.000      0.000      0.000       0.000       0.000       0.000       0.000       0.000       0.000    
 29116800.   10.61711650   10.6728   0.000       0.000      0.5572E-03  0.6526E-06-0.2809E-01 0.2753E-01  0.000      0.000      0.000      0.000       0.000       0.000       0.000       0.000       0.000       0.000    
 29203200.   10.60609538   10.6607   0.000       0.000      0.5462E-03  0.6378E-06-0.2791E-01 0.2737E-01  0.000      0.000      0.000      0.000       0.000       0.000       0.000       0.000       0.000       0.000    
 29289600.   10.59551939   10.6491   0.000       0.000      0.5355E-03  0.6120E-06-0.2774E-01 0.2720E-01  0.000      0.000      0.000      0.000       0.000       0.000       0.000       0.000       0.000       0.000    
 29376000.   10.58543142   10.6380   0.000       0.000      0.5252E-03  0.5838E-06-0.2757E-01 0.2704E-01  0.000      0.000      0.000      0.000       0.000       0.000       0.000       0.000       0.000       0.000    
 29462400.   10.57578933   10.6273   0.000       0.000      0.5154E-03  0.5580E-06-0.2740E-01 0.2688E-01  0.000      0.000      0.000      0.000       0.000       0.000       0.000       0.000       0.000       0.000    
 29548800.   10.56651241   10.6171   0.000       0.000      0.5060E-03  0.5369E-06-0.2723E-01 0.2673E-01  0.000      0.000      0.000      0.000       0.000       0.000       0.000       0.000       0.000       0.000    
 29635200.   10.55755378   10.6072   0.000       0.000      0.4969E-03  0.5184E-06-0.2707E-01 0.2657E-01  0.000      0.000      0.000      0.000       0.000       0.000       0.000       0.000       0.000       0.000    
 29721600.   10.54891725   10.5977   0.000       0.000      0.4882E-03  0.4998E-06-0.2691E-01 0.2642E-01  0.000      0.000      0.000      0.000       0.000       0.000       0.000       0.000       0.000       0.000    
 29808000.   10.54050065   10.5885   0.000       0.000      0.4798E-03  0.4871E-06-0.2676E-01 0.2628E-01  0.000      0.000      0.000      0.000       0.000       0.000       0.000       0.000       0.000       0.000    
 29894400.   10.53233826   10.5795   0.000       0.000      0.4717E-03  0.4724E-06-0.2660E-01 0.2613E-01  0.000      0.000      0.000      0.000       0.000       0.000       0.000       0.000       0.000       0.000    
 29980800.   10.52442141   10.5708   0.000       0.000      0.4639E-03  0.4582E-06-0.2645E-01 0.2598E-01  0.000      0.000      0.000      0.000       0.000       0.000       0.000       0.000       0.000       0.000    
 30067200.   10.51682260   10.5625   0.000       0.000      0.4565E-03  0.4397E-06-0.2630E-01 0.2584E-01  0.000      0.000      0.000      0.000       0.000       0.000       0.000       0.000       0.000       0.000    
 30153600.   10.50951047   10.5544   0.000       0.000      0.4494E-03  0.4232E-06-0.2615E-01 0.2570E-01  0.000      0.000      0.000      0.000       0.000       0.000       0.000       0.000       0.000       0.000    
 30240000.   10.50247569   10.5467   0.000       0.000      0.4425E-03  0.4071E-06-0.2601E-01 0.2557E-01  0.000      0.000      0.000      0.000       0.000       0.000       0.000       0.000       0.000       0.000    
 30326400.   10.49569272   10.5393   0.000       0.000      0.4358E-03  0.3925E-06-0.2587E-01 0.2543E-01  0.000      0.000      0.000      0.000     -0.2178E-06   0.000       0.000       0.000       0.000       0.000    
 30412800.   10.48912454   10.5321   0.000       0.000      0.4295E-03  0.3801E-06-0.2574E-01 0.2531E-01  0.000      0.000      0.000      0.000     -0.6544E-06   0.000       0.000       0.000       0.000       0.000    
 30499200.   10.48275789   10.5251   0.000       0.000      0.4236E-03  0.3684E-06-0.2560E-01 0.2518E-01  0.000      0.000      0.000      0.000     -0.8656E-06   0.000       0.000       0.000       0.000       0.000    
 30585600.   10.47657258   10.5184   0.000       0.000      0.4179E-03  0.3579E-06-0.2548E-01 0.2506E-01  0.000      0.000      0.000      0.000     -0.1009E-05   0.000       0.000       0.000       0.000       0.000    
 30672000.   10.47056988   10.5118   0.000       0.000      0.4125E-03  0.3474E-06-0.2535E-01 0.2493E-01  0.000      0.000      0.000      0.000     -0.1114E-05   0.000       0.000       0.000       0.000       0.000    
 30758400.   10.46474022   10.5055   0.000       0.000      0.4074E-03  0.3374E-06-0.2522E-01 0.2481E-01  0.000      0.000      0.000      0.000     -0.1193E-05   0.000       0.000       0.000       0.000       0.000    
 30844800.   10.45907386   10.4993   0.000       0.000      0.4025E-03  0.3279E-06-0.2510E-01 0.2470E-01  0.000      0.000      0.000      0.000     -0.1255E-05   0.000       0.000       0.000       0.000       0.000    
 30931200.   10.45355226   10.4933   0.000       0.000      0.3977E-03  0.3195E-06-0.2498E-01 0.2458E-01  0.000      0.000      0.000      0.000     -0.1306E-05   0.000       0.000       0.000       0.000       0.000    
 31017600.   10.44816947   10.4875   0.000       0.000      0.3932E-03  0.3115E-06-0.2486E-01 0.2447E-01  0.000      0.000      0.000      0.000     -0.1346E-05   0.000       0.000       0.000       0.000       0.000    
 31104000.   10.44292910   10.4818   0.000       0.000      0.3889E-03  0.3033E-06-0.2475E-01 0.2436E-01  0.000      0.000      0.000      0.000     -0.1376E-05   0.000       0.000       0.000       0.000       0.000    
 31190400.   10.43782386   10.4763   0.000       0.000      0.3847E-03  0.2954E-06-0.2463E-01 0.2425E-01  0.000      0.000      0.000      0.000     -0.1399E-05   0.000       0.000       0.000       0.000       0.000    
 31276800.   10.43360851   10.4718   0.000       0.000      0.3816E-03  0.2439E-06-0.2453E-01 0.2415E-01  0.000      0.000      0.000      0.000     -0.1197E-05   0.000       0.000       0.000       0.000       0.000    
 31363200.   10.42872316   10.4665   0.000       0.000      0.3776E-03  0.2827E-06-0.2442E-01 0.2404E-01  0.000      0.000      0.000      0.000     -0.1431E-05   0.000       0.000       0.000       0.000       0.000    
 31449600.   10.42394531   10.4613   0.000       0.000      0.3739E-03  0.2765E-06-0.2432E-01 0.2394E-01  0.000      0.000      0.000      0.000     -0.1444E-05   0.000       0.000       0.000       0.000       0.000    
 31536000.   10.41928780   10.4563   0.000       0.000      0.3704E-03  0.2695E-06-0.2421E-01 0.2384E-01  0.000      0.000      0.000      0.000     -0.1449E-05   0.000       0.000       0.000       0.000       0.000    
 31622400.   10.41437593   10.4510   0.000       0.000      0.3665E-03  0.2843E-06-0.2410E-01 0.2373E-01  0.000      0.000      0.000      0.000     -0.1570E-05   0.000       0.000       0.000       0.000       0.000    
