TOTIM (T)      HCON          HMAT      QDIR      QWELL        QMAT       QCADS      QTUB1      QTUB2      QTUB3      QTUB4      QTUB5      QTUB6       NSTOR        QFIX        QLH     FHLQ (LQ)        CAUCHY   CAUCHY (LQ)
    86400.   10.27671712   10.3683   0.000       0.000      0.9158E-03   0.000    -0.1954     0.1945      0.000      0.000      0.000      0.000       0.000       0.000       0.000       0.000       0.000       0.000    
   172800.   10.26761779   10.3555   0.000       0.000      0.8785E-03  0.5266E-06-0.1931     0.1922      0.000      0.000      0.000      0.000     -0.4417E-05   0.000       0.000       0.000       0.000       0.000    
   259200.   10.26838132   10.3573   0.000       0.000      0.8894E-03 -0.4419E-07-0.1931     0.1922      0.000      0.000      0.000      0.000      0.3730E-06   0.000       0.000       0.000       0.000       0.000    
   345600.   10.26787061   10.3567   0.000       0.000      0.8886E-03  0.2956E-07-0.1929     0.1920      0.000      0.000      0.000      0.000     -0.2495E-06   0.000       0.000       0.000       0.000       0.000    
   432000.   10.27416193   10.3657   0.000       0.000      0.9157E-03 -0.3641E-06-0.1944     0.1935      0.000      0.000      0.000      0.000      0.3060E-05   0.000       0.000       0.000       0.000       0.000    
   518400.   10.27750782   10.3700   0.000       0.000      0.9245E-03 -0.1936E-06-0.1953     0.1944      0.000      0.000      0.000      0.000      0.1615E-05   0.000       0.000       0.000       0.000       0.000    
   604800.   10.27818548   10.3705   0.000       0.000      0.9235E-03 -0.3922E-07-0.1956     0.1947      0.000      0.000      0.000      0.000      0.3260E-06   0.000       0.000       0.000       0.000       0.000    
   691200.   10.28732628   10.3832   0.000       0.000      0.9587E-03 -0.5290E-06-0.1980     0.1970      0.000      0.000      0.000      0.000      0.4363E-05   0.000       0.000       0.000       0.000       0.000    
   777600.   10.31232979   10.4172   0.000       0.000      0.1049E-02 -0.1447E-05-0.2043     0.2033      0.000      0.000      0.000      0.000      0.1158E-04   0.000       0.000       0.000       0.000       0.000    
   864000.   10.34867879   10.4651   0.000       0.000      0.1164E-02 -0.2104E-05-0.2133     0.2122      0.000      0.000      0.000      0.000      0.1577E-04   0.000       0.000       0.000       0.000       0.000    
   950400.   10.36234177   10.4803   0.000       0.000      0.1180E-02 -0.7907E-06-0.2175     0.2163      0.000      0.000      0.000      0.000      0.5559E-05   0.000       0.000       0.000       0.000       0.000    
  1036800.   10.40159888   10.5315   0.000       0.000      0.1299E-02 -0.2272E-05-0.2268     0.2255      0.000      0.000      0.000      0.000      0.1464E-04   0.000       0.000       0.000       0.000       0.000    
  1123200.   10.47477847   10.6258   0.000       0.000      0.1511E-02 -0.4235E-05-0.2424     0.2409      0.000      0.000      0.000      0.000      0.2003E-04   0.000       0.000       0.000       0.000       0.000    
  1209600.   10.45643568   10.5953   0.000       0.000      0.1389E-02  0.1062E-05-0.2411     0.2397      0.000      0.000      0.000      0.000     -0.3856E-05   0.000       0.000       0.000       0.000       0.000    
  1296000.   10.44080264   10.5736   0.000       0.000      0.1328E-02  0.9047E-06-0.2393     0.2380      0.000      0.000      0.000      0.000     -0.3990E-05   0.000       0.000       0.000       0.000       0.000    
  1382400.   10.42757742   10.5561   0.000       0.000      0.1285E-02  0.7653E-06-0.2372     0.2359      0.000      0.000      0.000      0.000     -0.3794E-05   0.000       0.000       0.000       0.000       0.000    
  1468800.   10.41573650   10.5407   0.000       0.000      0.1250E-02  0.6852E-06-0.2350     0.2338      0.000      0.000      0.000      0.000     -0.3682E-05   0.000       0.000       0.000       0.000       0.000    
  1555200.   10.40376860   10.5254   0.000       0.000      0.1216E-02  0.6926E-06-0.2326     0.2314      0.000      0.000      0.000      0.000     -0.3968E-05   0.000       0.000       0.000       0.000       0.000    
  1641600.   10.39222711   10.5107   0.000       0.000      0.1184E-02  0.6679E-06-0.2301     0.2289      0.000      0.000      0.000      0.000     -0.4042E-05   0.000       0.000       0.000       0.000       0.000    
  1728000.   10.38287211   10.4990   0.000       0.000      0.1161E-02  0.5414E-06-0.2279     0.2268      0.000      0.000      0.000      0.000     -0.3420E-05   0.000       0.000       0.000       0.000       0.000    
  1814400.   10.37487164   10.4890   0.000       0.000      0.1141E-02  0.4630E-06-0.2260     0.2248      0.000      0.000      0.000      0.000     -0.3021E-05   0.000       0.000       0.000       0.000       0.000    
  1900800.   10.36580692   10.4775   0.000       0.000      0.1117E-02  0.5246E-06-0.2238     0.2227      0.000      0.000      0.000      0.000     -0.3524E-05   0.000       0.000       0.000       0.000       0.000    
  1987200.   10.35773635   10.4673   0.000       0.000      0.1096E-02  0.4670E-06-0.2217     0.2206      0.000      0.000      0.000      0.000     -0.3224E-05   0.000       0.000       0.000       0.000       0.000    
  2073600.   10.35132316   10.4594   0.000       0.000      0.1081E-02  0.3711E-06-0.2200     0.2189      0.000      0.000      0.000      0.000     -0.2617E-05   0.000       0.000       0.000       0.000       0.000    
  2160000.   10.34364903   10.4496   0.000       0.000      0.1060E-02  0.4441E-06-0.2179     0.2169      0.000      0.000      0.000      0.000     -0.3193E-05   0.000       0.000       0.000       0.000       0.000    
  2246400.   10.33618799   10.4401   0.000       0.000      0.1040E-02  0.4318E-06-0.2159     0.2149      0.000      0.000      0.000      0.000     -0.3166E-05   0.000       0.000       0.000       0.000       0.000    
  2332800.   10.32899114   10.4310   0.000       0.000      0.1020E-02  0.4165E-06-0.2139     0.2129      0.000      0.000      0.000      0.000     -0.3110E-05   0.000       0.000       0.000       0.000       0.000    
  2419200.   10.32206995   10.4223   0.000       0.000      0.1002E-02  0.4005E-06-0.2120     0.2110      0.000      0.000      0.000      0.000     -0.3040E-05   0.000       0.000       0.000       0.000       0.000    
  2505600.   10.31960154   10.4197   0.000       0.000      0.1001E-02  0.1428E-06-0.2110     0.2100      0.000      0.000      0.000      0.000     -0.1096E-05   0.000       0.000       0.000       0.000       0.000    
  2592000.   10.31519753   10.4140   0.000       0.000      0.9884E-03  0.2549E-06-0.2097     0.2087      0.000      0.000      0.000      0.000     -0.1969E-05   0.000       0.000       0.000       0.000       0.000    
  2678400.   10.32611836   10.4297   0.000       0.000      0.1036E-02 -0.6320E-06-0.2119     0.2109      0.000      0.000      0.000      0.000      0.4849E-05   0.000       0.000       0.000       0.000       0.000    
  2764800.   10.36627375   10.4842   0.000       0.000      0.1179E-02 -0.2324E-05-0.2209     0.2197      0.000      0.000      0.000      0.000      0.1675E-04   0.000       0.000       0.000       0.000       0.000    
  2851200.   10.46520822   10.6142   0.000       0.000      0.1490E-02 -0.5725E-05-0.2416     0.2401      0.000      0.000      0.000      0.000      0.3123E-04   0.000       0.000       0.000       0.000       0.000    
  2937600.   10.43737448   10.5694   0.000       0.000      0.1320E-02  0.1611E-05-0.2385     0.2372      0.000      0.000      0.000      0.000     -0.6908E-05   0.000       0.000       0.000       0.000       0.000    
  3024000.   10.43772400   10.5694   0.000       0.000      0.1316E-02 -0.2023E-07-0.2396     0.2383      0.000      0.000      0.000      0.000      0.9789E-07   0.000       0.000       0.000       0.000       0.000    
  3110400.   10.43648453   10.5670   0.000       0.000      0.1305E-02  0.7173E-07-0.2400     0.2387      0.000      0.000      0.000      0.000     -0.3483E-06   0.000       0.000       0.000       0.000       0.000    
  3196800.   10.42844992   10.5558   0.000       0.000      0.1273E-02  0.4650E-06-0.2388     0.2376      0.000      0.000      0.000      0.000     -0.2333E-05   0.000       0.000       0.000       0.000       0.000    
  3283200.   10.41801910   10.5419   0.000       0.000      0.1239E-02  0.6036E-06-0.2370     0.2357      0.000      0.000      0.000      0.000     -0.3213E-05   0.000       0.000       0.000       0.000       0.000    
  3369600.   10.41970205   10.5448   0.000       0.000      0.1251E-02 -0.9739E-07-0.2373     0.2360      0.000      0.000      0.000      0.000      0.5319E-06   0.000       0.000       0.000       0.000       0.000    
  3456000.   10.42746336   10.5551   0.000       0.000      0.1277E-02 -0.4491E-06-0.2389     0.2376      0.000      0.000      0.000      0.000      0.2386E-05   0.000       0.000       0.000       0.000       0.000    
  3542400.   10.43917168   10.5702   0.000       0.000      0.1311E-02 -0.6776E-06-0.2414     0.2401      0.000      0.000      0.000      0.000      0.3379E-05   0.000       0.000       0.000       0.000       0.000    
  3628800.   10.44230446   10.5734   0.000       0.000      0.1311E-02 -0.1813E-06-0.2424     0.2411      0.000      0.000      0.000      0.000      0.8561E-06   0.000       0.000       0.000       0.000       0.000    
  3715200.   10.43455527   10.5624   0.000       0.000      0.1278E-02  0.4484E-06-0.2412     0.2400      0.000      0.000      0.000      0.000     -0.2155E-05   0.000       0.000       0.000       0.000       0.000    
  3801600.   10.43624630   10.5648   0.000       0.000      0.1286E-02 -0.9786E-07-0.2417     0.2404      0.000      0.000      0.000      0.000      0.4811E-06   0.000       0.000       0.000       0.000       0.000    
  3888000.   10.44281152   10.5734   0.000       0.000      0.1306E-02 -0.3799E-06-0.2431     0.2418      0.000      0.000      0.000      0.000      0.1811E-05   0.000       0.000       0.000       0.000       0.000    
  3974400.   10.45780117   10.5929   0.000       0.000      0.1350E-02 -0.8675E-06-0.2462     0.2448      0.000      0.000      0.000      0.000      0.3766E-05   0.000       0.000       0.000       0.000       0.000    
  4060800.   10.46881352   10.6063   0.000       0.000      0.1374E-02 -0.6373E-06-0.2487     0.2473      0.000      0.000      0.000      0.000      0.2394E-05   0.000       0.000       0.000       0.000       0.000    
  4147200.   10.46022861   10.5936   0.000       0.000      0.1334E-02  0.4968E-06-0.2476     0.2463      0.000      0.000      0.000      0.000     -0.1837E-05   0.000       0.000       0.000       0.000       0.000    
  4233600.   10.44929444   10.5790   0.000       0.000      0.1297E-02  0.6328E-06-0.2458     0.2445      0.000      0.000      0.000      0.000     -0.2628E-05   0.000       0.000       0.000       0.000       0.000    
  4320000.   10.44106791   10.5685   0.000       0.000      0.1274E-02  0.4761E-06-0.2442     0.2429      0.000      0.000      0.000      0.000     -0.2167E-05   0.000       0.000       0.000       0.000       0.000    
  4406400.   10.43256008   10.5576   0.000       0.000      0.1251E-02  0.4924E-06-0.2424     0.2412      0.000      0.000      0.000      0.000     -0.2395E-05   0.000       0.000       0.000       0.000       0.000    
  4492800.   10.42613932   10.5497   0.000       0.000      0.1235E-02  0.3716E-06-0.2410     0.2397      0.000      0.000      0.000      0.000     -0.1904E-05   0.000       0.000       0.000       0.000       0.000    
  4579200.   10.41764656   10.5388   0.000       0.000      0.1211E-02  0.4915E-06-0.2391     0.2379      0.000      0.000      0.000      0.000     -0.2637E-05   0.000       0.000       0.000       0.000       0.000    
  4665600.   10.40884022   10.5276   0.000       0.000      0.1188E-02  0.5096E-06-0.2370     0.2358      0.000      0.000      0.000      0.000     -0.2869E-05   0.000       0.000       0.000       0.000       0.000    
  4752000.   10.42404608   10.5489   0.000       0.000      0.1249E-02 -0.8800E-06-0.2397     0.2385      0.000      0.000      0.000      0.000      0.4868E-05   0.000       0.000       0.000       0.000       0.000    
  4838400.   10.44394255   10.5748   0.000       0.000      0.1309E-02 -0.1151E-05-0.2437     0.2424      0.000      0.000      0.000      0.000      0.5712E-05   0.000       0.000       0.000       0.000       0.000    
  4924800.   10.46509135   10.6016   0.000       0.000      0.1365E-02 -0.1224E-05-0.2481     0.2468      0.000      0.000      0.000      0.000      0.5087E-05   0.000       0.000       0.000       0.000       0.000    
  5011200.   10.47682196   10.6153   0.000       0.000      0.1384E-02 -0.6789E-06-0.2510     0.2496      0.000      0.000      0.000      0.000      0.2276E-05   0.000       0.000       0.000       0.000       0.000    
  5097600.   10.46718756   10.6009   0.000       0.000      0.1337E-02  0.5575E-06-0.2498     0.2485      0.000      0.000      0.000      0.000     -0.1837E-05   0.000       0.000       0.000       0.000       0.000    
  5184000.   10.45602511   10.5860   0.000       0.000      0.1300E-02  0.6460E-06-0.2480     0.2467      0.000      0.000      0.000      0.000     -0.2480E-05   0.000       0.000       0.000       0.000       0.000    
  5270400.   10.44712812   10.5746   0.000       0.000      0.1275E-02  0.5149E-06-0.2463     0.2450      0.000      0.000      0.000      0.000     -0.2210E-05   0.000       0.000       0.000       0.000       0.000    
  5356800.   10.43744149   10.5622   0.000       0.000      0.1247E-02  0.5606E-06-0.2443     0.2430      0.000      0.000      0.000      0.000     -0.2614E-05   0.000       0.000       0.000       0.000       0.000    
  5443200.   10.44365366   10.5713   0.000       0.000      0.1276E-02 -0.3595E-06-0.2452     0.2440      0.000      0.000      0.000      0.000      0.1700E-05   0.000       0.000       0.000       0.000       0.000    
  5529600.   10.45043540   10.5801   0.000       0.000      0.1297E-02 -0.3925E-06-0.2465     0.2452      0.000      0.000      0.000      0.000      0.1757E-05   0.000       0.000       0.000       0.000       0.000    
  5616000.   10.45724692   10.5887   0.000       0.000      0.1314E-02 -0.3942E-06-0.2480     0.2466      0.000      0.000      0.000      0.000      0.1654E-05   0.000       0.000       0.000       0.000       0.000    
  5702400.   10.46110259   10.5931   0.000       0.000      0.1320E-02 -0.2231E-06-0.2489     0.2476      0.000      0.000      0.000      0.000      0.8830E-06   0.000       0.000       0.000       0.000       0.000    
  5788800.   10.45776873   10.5881   0.000       0.000      0.1304E-02  0.1929E-06-0.2485     0.2472      0.000      0.000      0.000      0.000     -0.7612E-06   0.000       0.000       0.000       0.000       0.000    
  5875200.   10.45789481   10.5883   0.000       0.000      0.1304E-02 -0.7296E-08-0.2486     0.2473      0.000      0.000      0.000      0.000      0.2933E-07   0.000       0.000       0.000       0.000       0.000    
  5961600.   10.45524713   10.5846   0.000       0.000      0.1293E-02  0.1532E-06-0.2482     0.2469      0.000      0.000      0.000      0.000     -0.6246E-06   0.000       0.000       0.000       0.000       0.000    
  6048000.   10.44813961   10.5751   0.000       0.000      0.1270E-02  0.4113E-06-0.2469     0.2456      0.000      0.000      0.000      0.000     -0.1763E-05   0.000       0.000       0.000       0.000       0.000    
  6134400.   10.43947404   10.5639   0.000       0.000      0.1244E-02  0.5015E-06-0.2451     0.2439      0.000      0.000      0.000      0.000     -0.2309E-05   0.000       0.000       0.000       0.000       0.000    
  6220800.   10.43036128   10.5522   0.000       0.000      0.1219E-02  0.5274E-06-0.2432     0.2420      0.000      0.000      0.000      0.000     -0.2601E-05   0.000       0.000       0.000       0.000       0.000    
  6307200.   10.42126504   10.5407   0.000       0.000      0.1195E-02  0.5264E-06-0.2411     0.2399      0.000      0.000      0.000      0.000     -0.2759E-05   0.000       0.000       0.000       0.000       0.000    
  6393600.   10.41239656   10.5296   0.000       0.000      0.1172E-02  0.5132E-06-0.2390     0.2378      0.000      0.000      0.000      0.000     -0.2834E-05   0.000       0.000       0.000       0.000       0.000    
  6480000.   10.40380622   10.5189   0.000       0.000      0.1151E-02  0.4971E-06-0.2369     0.2358      0.000      0.000      0.000      0.000     -0.2872E-05   0.000       0.000       0.000       0.000       0.000    
  6566400.   10.39545447   10.5084   0.000       0.000      0.1130E-02  0.4833E-06-0.2348     0.2337      0.000      0.000      0.000      0.000     -0.2904E-05   0.000       0.000       0.000       0.000       0.000    
  6652800.   10.38733501   10.4983   0.000       0.000      0.1110E-02  0.4699E-06-0.2327     0.2316      0.000      0.000      0.000      0.000     -0.2924E-05   0.000       0.000       0.000       0.000       0.000    
  6739200.   10.37956024   10.4886   0.000       0.000      0.1090E-02  0.4499E-06-0.2306     0.2296      0.000      0.000      0.000      0.000     -0.2887E-05   0.000       0.000       0.000       0.000       0.000    
  6825600.   10.37188533   10.4790   0.000       0.000      0.1071E-02  0.4441E-06-0.2286     0.2275      0.000      0.000      0.000      0.000     -0.2930E-05   0.000       0.000       0.000       0.000       0.000    
  6912000.   10.36433494   10.4696   0.000       0.000      0.1052E-02  0.4369E-06-0.2265     0.2255      0.000      0.000      0.000      0.000     -0.2957E-05   0.000       0.000       0.000       0.000       0.000    
  6998400.   10.35703285   10.4605   0.000       0.000      0.1034E-02  0.4226E-06-0.2245     0.2234      0.000      0.000      0.000      0.000     -0.2926E-05   0.000       0.000       0.000       0.000       0.000    
  7084800.   10.35007930   10.4518   0.000       0.000      0.1017E-02  0.4024E-06-0.2225     0.2215      0.000      0.000      0.000      0.000     -0.2845E-05   0.000       0.000       0.000       0.000       0.000    
  7171200.   10.34341972   10.4435   0.000       0.000      0.1001E-02  0.3854E-06-0.2206     0.2196      0.000      0.000      0.000      0.000     -0.2777E-05   0.000       0.000       0.000       0.000       0.000    
  7257600.   10.33696930   10.4355   0.000       0.000      0.9851E-03  0.3733E-06-0.2187     0.2177      0.000      0.000      0.000      0.000     -0.2736E-05   0.000       0.000       0.000       0.000       0.000    
  7344000.   10.33080506   10.4278   0.000       0.000      0.9700E-03  0.3567E-06-0.2168     0.2158      0.000      0.000      0.000      0.000     -0.2655E-05   0.000       0.000       0.000       0.000       0.000    
  7430400.   10.32540452   10.4212   0.000       0.000      0.9575E-03  0.3125E-06-0.2151     0.2142      0.000      0.000      0.000      0.000     -0.2358E-05   0.000       0.000       0.000       0.000       0.000    
  7516800.   10.32005823   10.4145   0.000       0.000      0.9444E-03  0.3094E-06-0.2135     0.2125      0.000      0.000      0.000      0.000     -0.2363E-05   0.000       0.000       0.000       0.000       0.000    
  7603200.   10.31451166   10.4075   0.000       0.000      0.9303E-03  0.3210E-06-0.2117     0.2108      0.000      0.000      0.000      0.000     -0.2481E-05   0.000       0.000       0.000       0.000       0.000    
  7689600.   10.30918693   10.4009   0.000       0.000      0.9171E-03  0.3081E-06-0.2101     0.2092      0.000      0.000      0.000      0.000     -0.2409E-05   0.000       0.000       0.000       0.000       0.000    
  7776000.   10.30434669   10.3949   0.000       0.000      0.9055E-03  0.2801E-06-0.2085     0.2076      0.000      0.000      0.000      0.000     -0.2212E-05   0.000       0.000       0.000       0.000       0.000    
  7862400.   10.29940550   10.3887   0.000       0.000      0.8930E-03  0.2859E-06-0.2069     0.2060      0.000      0.000      0.000      0.000     -0.2279E-05   0.000       0.000       0.000       0.000       0.000    
  7948800.   10.29465291   10.3828   0.000       0.000      0.8812E-03  0.2750E-06-0.2054     0.2045      0.000      0.000      0.000      0.000     -0.2212E-05   0.000       0.000       0.000       0.000       0.000    
  8035200.   10.29007095   10.3771   0.000       0.000      0.8699E-03  0.2652E-06-0.2038     0.2030      0.000      0.000      0.000      0.000     -0.2151E-05   0.000       0.000       0.000       0.000       0.000    
  8121600.   10.28564474   10.3715   0.000       0.000      0.8589E-03  0.2561E-06-0.2023     0.2015      0.000      0.000      0.000      0.000     -0.2094E-05   0.000       0.000       0.000       0.000       0.000    
  8208000.   10.28136294   10.3662   0.000       0.000      0.8483E-03  0.2478E-06-0.2009     0.2000      0.000      0.000      0.000      0.000     -0.2041E-05   0.000       0.000       0.000       0.000       0.000    
  8294400.   10.27721589   10.3610   0.000       0.000      0.8380E-03  0.2400E-06-0.1995     0.1986      0.000      0.000      0.000      0.000     -0.1991E-05   0.000       0.000       0.000       0.000       0.000    
  8380800.   10.30210958   10.3966   0.000       0.000      0.9445E-03 -0.1441E-05-0.2052     0.2043      0.000      0.000      0.000      0.000      0.1174E-04   0.000       0.000       0.000       0.000       0.000    
  8467200.   10.30355250   10.3968   0.000       0.000      0.9326E-03 -0.8350E-07-0.2059     0.2049      0.000      0.000      0.000      0.000      0.6644E-06   0.000       0.000       0.000       0.000       0.000    
  8553600.   10.30343390   10.3962   0.000       0.000      0.9278E-03  0.6863E-08-0.2060     0.2051      0.000      0.000      0.000      0.000     -0.5454E-07   0.000       0.000       0.000       0.000       0.000    
  8640000.   10.30112115   10.3929   0.000       0.000      0.9174E-03  0.1338E-06-0.2055     0.2046      0.000      0.000      0.000      0.000     -0.1066E-05   0.000       0.000       0.000       0.000       0.000    
  8726400.   10.29787355   10.3885   0.000       0.000      0.9061E-03  0.1879E-06-0.2047     0.2038      0.000      0.000      0.000      0.000     -0.1505E-05   0.000       0.000       0.000       0.000       0.000    
  8812800.   10.29421918   10.3837   0.000       0.000      0.8948E-03  0.2115E-06-0.2037     0.2028      0.000      0.000      0.000      0.000     -0.1704E-05   0.000       0.000       0.000       0.000       0.000    
  8899200.   10.28964708   10.3777   0.000       0.000      0.8807E-03  0.2646E-06-0.2024     0.2015      0.000      0.000      0.000      0.000     -0.2148E-05   0.000       0.000       0.000       0.000       0.000    
  8985600.   10.28865073   10.3769   0.000       0.000      0.8822E-03  0.5766E-07-0.2019     0.2010      0.000      0.000      0.000      0.000     -0.4704E-06   0.000       0.000       0.000       0.000       0.000    
  9072000.   10.29322004   10.3836   0.000       0.000      0.9035E-03 -0.2644E-06-0.2028     0.2019      0.000      0.000      0.000      0.000      0.2151E-05   0.000       0.000       0.000       0.000       0.000    
  9158400.   10.29125381   10.3806   0.000       0.000      0.8935E-03  0.1138E-06-0.2023     0.2014      0.000      0.000      0.000      0.000     -0.9233E-06   0.000       0.000       0.000       0.000       0.000    
  9244800.   10.30607180   10.4015   0.000       0.000      0.9541E-03 -0.8575E-06-0.2058     0.2048      0.000      0.000      0.000      0.000      0.6877E-05   0.000       0.000       0.000       0.000       0.000    
  9331200.   10.34257940   10.4509   0.000       0.000      0.1083E-02 -0.2113E-05-0.2145     0.2134      0.000      0.000      0.000      0.000      0.1607E-04   0.000       0.000       0.000       0.000       0.000    
  9417600.   10.43288487   10.5702   0.000       0.000      0.1373E-02 -0.5226E-05-0.2342     0.2329      0.000      0.000      0.000      0.000      0.3271E-04   0.000       0.000       0.000       0.000       0.000    
  9504000.   10.49475611   10.6453   0.000       0.000      0.1506E-02 -0.3581E-05-0.2481     0.2466      0.000      0.000      0.000      0.000      0.1285E-04   0.000       0.000       0.000       0.000       0.000    
  9590400.   10.47213921   10.6092   0.000       0.000      0.1370E-02  0.1309E-05-0.2464     0.2450      0.000      0.000      0.000      0.000     -0.3266E-05   0.000       0.000       0.000       0.000       0.000    
  9676800.   10.45219755   10.5818   0.000       0.000      0.1296E-02  0.1154E-05-0.2439     0.2426      0.000      0.000      0.000      0.000     -0.4390E-05   0.000       0.000       0.000       0.000       0.000    
  9763200.   10.43421913   10.5582   0.000       0.000      0.1240E-02  0.1040E-05-0.2409     0.2396      0.000      0.000      0.000      0.000     -0.4810E-05   0.000       0.000       0.000       0.000       0.000    
  9849600.   10.41857653   10.5381   0.000       0.000      0.1196E-02  0.9052E-06-0.2379     0.2367      0.000      0.000      0.000      0.000     -0.4725E-05   0.000       0.000       0.000       0.000       0.000    
  9936000.   10.42952087   10.5541   0.000       0.000      0.1245E-02 -0.6334E-06-0.2398     0.2386      0.000      0.000      0.000      0.000      0.3355E-05   0.000       0.000       0.000       0.000       0.000    
 10022400.   10.43731902   10.5641   0.000       0.000      0.1267E-02 -0.4513E-06-0.2415     0.2403      0.000      0.000      0.000      0.000      0.2250E-05   0.000       0.000       0.000       0.000       0.000    
 10108800.   10.43867636   10.5652   0.000       0.000      0.1265E-02 -0.7855E-07-0.2421     0.2408      0.000      0.000      0.000      0.000      0.3789E-06   0.000       0.000       0.000       0.000       0.000    
 10195200.   10.44454001   10.5727   0.000       0.000      0.1282E-02 -0.3393E-06-0.2435     0.2422      0.000      0.000      0.000      0.000      0.1591E-05   0.000       0.000       0.000       0.000       0.000    
 10281600.   10.44698263   10.5754   0.000       0.000      0.1284E-02 -0.1414E-06-0.2443     0.2430      0.000      0.000      0.000      0.000      0.6403E-06   0.000       0.000       0.000       0.000       0.000    
 10368000.   10.43914066   10.5644   0.000       0.000      0.1253E-02  0.4538E-06-0.2431     0.2418      0.000      0.000      0.000      0.000     -0.2103E-05   0.000       0.000       0.000       0.000       0.000    
 10454400.   10.42845367   10.5503   0.000       0.000      0.1219E-02  0.6185E-06-0.2411     0.2399      0.000      0.000      0.000      0.000     -0.3074E-05   0.000       0.000       0.000       0.000       0.000    
 10540800.   10.42838593   10.5509   0.000       0.000      0.1226E-02  0.3920E-08-0.2410     0.2397      0.000      0.000      0.000      0.000     -0.2021E-07   0.000       0.000       0.000       0.000       0.000    
 10627200.   10.43307108   10.5574   0.000       0.000      0.1243E-02 -0.2711E-06-0.2418     0.2406      0.000      0.000      0.000      0.000      0.1377E-05   0.000       0.000       0.000       0.000       0.000    
 10713600.   10.43298751   10.5569   0.000       0.000      0.1240E-02  0.4837E-08-0.2419     0.2407      0.000      0.000      0.000      0.000     -0.2418E-07   0.000       0.000       0.000       0.000       0.000    
 10800000.   10.42754150   10.5495   0.000       0.000      0.1220E-02  0.3152E-06-0.2410     0.2397      0.000      0.000      0.000      0.000     -0.1605E-05   0.000       0.000       0.000       0.000       0.000    
 10886400.   10.41922484   10.5386   0.000       0.000      0.1193E-02  0.4813E-06-0.2393     0.2381      0.000      0.000      0.000      0.000     -0.2560E-05   0.000       0.000       0.000       0.000       0.000    
 10972800.   10.40967328   10.5262   0.000       0.000      0.1166E-02  0.5528E-06-0.2372     0.2361      0.000      0.000      0.000      0.000     -0.3092E-05   0.000       0.000       0.000       0.000       0.000    
 11059200.   10.39889066   10.5124   0.000       0.000      0.1135E-02  0.6240E-06-0.2348     0.2337      0.000      0.000      0.000      0.000     -0.3671E-05   0.000       0.000       0.000       0.000       0.000    
 11145600.   10.38842139   10.4992   0.000       0.000      0.1108E-02  0.6059E-06-0.2323     0.2312      0.000      0.000      0.000      0.000     -0.3735E-05   0.000       0.000       0.000       0.000       0.000    
 11232000.   10.37866130   10.4870   0.000       0.000      0.1083E-02  0.5648E-06-0.2299     0.2288      0.000      0.000      0.000      0.000     -0.3623E-05   0.000       0.000       0.000       0.000       0.000    
 11318400.   10.36951561   10.4755   0.000       0.000      0.1060E-02  0.5293E-06-0.2275     0.2264      0.000      0.000      0.000      0.000     -0.3511E-05   0.000       0.000       0.000       0.000       0.000    
 11404800.   10.37340018   10.4819   0.000       0.000      0.1085E-02 -0.2248E-06-0.2278     0.2267      0.000      0.000      0.000      0.000      0.1505E-05   0.000       0.000       0.000       0.000       0.000    
 11491200.   10.36459453   10.4699   0.000       0.000      0.1053E-02  0.5096E-06-0.2257     0.2247      0.000      0.000      0.000      0.000     -0.3439E-05   0.000       0.000       0.000       0.000       0.000    
 11577600.   10.37962412   10.4912   0.000       0.000      0.1116E-02 -0.8698E-06-0.2286     0.2275      0.000      0.000      0.000      0.000      0.5808E-05   0.000       0.000       0.000       0.000       0.000    
 11664000.   10.41850833   10.5430   0.000       0.000      0.1245E-02 -0.2250E-05-0.2366     0.2354      0.000      0.000      0.000      0.000      0.1353E-04   0.000       0.000       0.000       0.000       0.000    
 11750400.   10.51150095   10.6640   0.000       0.000      0.1525E-02 -0.5382E-05-0.2548     0.2533      0.000      0.000      0.000      0.000      0.1750E-04   0.000       0.000       0.000       0.000       0.000    
 11836800.   10.48409754   10.6208   0.000       0.000      0.1367E-02  0.1586E-05-0.2520     0.2506      0.000      0.000      0.000      0.000     -0.1540E-05   0.000       0.000       0.000       0.000       0.000    
 11923200.   10.46428332   10.5940   0.000       0.000      0.1297E-02  0.1147E-05-0.2492     0.2479      0.000      0.000      0.000      0.000     -0.3612E-05   0.000       0.000       0.000       0.000       0.000    
 12009600.   10.44841254   10.5734   0.000       0.000      0.1250E-02  0.9184E-06-0.2464     0.2452      0.000      0.000      0.000      0.000     -0.3747E-05   0.000       0.000       0.000       0.000       0.000    
 12096000.   10.44516384   10.5700   0.000       0.000      0.1248E-02  0.1880E-06-0.2457     0.2445      0.000      0.000      0.000      0.000     -0.8439E-06   0.000       0.000       0.000       0.000       0.000    
 12182400.   10.44044882   10.5640   0.000       0.000      0.1236E-02  0.2729E-06-0.2447     0.2435      0.000      0.000      0.000      0.000     -0.1267E-05   0.000       0.000       0.000       0.000       0.000    
 12268800.   10.43246975   10.5537   0.000       0.000      0.1212E-02  0.4618E-06-0.2431     0.2419      0.000      0.000      0.000      0.000     -0.2252E-05   0.000       0.000       0.000       0.000       0.000    
 12355200.   10.42284972   10.5414   0.000       0.000      0.1185E-02  0.5567E-06-0.2411     0.2399      0.000      0.000      0.000      0.000     -0.2884E-05   0.000       0.000       0.000       0.000       0.000    
 12441600.   10.41651205   10.5336   0.000       0.000      0.1171E-02  0.3668E-06-0.2395     0.2384      0.000      0.000      0.000      0.000     -0.1993E-05   0.000       0.000       0.000       0.000       0.000    
 12528000.   10.44232754   10.5690   0.000       0.000      0.1267E-02 -0.1494E-05-0.2443     0.2430      0.000      0.000      0.000      0.000      0.7640E-05   0.000       0.000       0.000       0.000       0.000    
 12614400.   10.46969671   10.6041   0.000       0.000      0.1344E-02 -0.1584E-05-0.2498     0.2485      0.000      0.000      0.000      0.000      0.6467E-05   0.000       0.000       0.000       0.000       0.000    
 12700800.   10.46210761   10.5917   0.000       0.000      0.1296E-02  0.4392E-06-0.2491     0.2478      0.000      0.000      0.000      0.000     -0.1593E-05   0.000       0.000       0.000       0.000       0.000    
 12787200.   10.45226387   10.5783   0.000       0.000      0.1260E-02  0.5697E-06-0.2476     0.2463      0.000      0.000      0.000      0.000     -0.2305E-05   0.000       0.000       0.000       0.000       0.000    
 12873600.   10.44076137   10.5632   0.000       0.000      0.1225E-02  0.6657E-06-0.2454     0.2442      0.000      0.000      0.000      0.000     -0.2994E-05   0.000       0.000       0.000       0.000       0.000    
 12960000.   10.44403871   10.5684   0.000       0.000      0.1243E-02 -0.1897E-06-0.2459     0.2446      0.000      0.000      0.000      0.000      0.8837E-06   0.000       0.000       0.000       0.000       0.000    
 13046400.   10.43897031   10.5615   0.000       0.000      0.1225E-02  0.2933E-06-0.2449     0.2436      0.000      0.000      0.000      0.000     -0.1377E-05   0.000       0.000       0.000       0.000       0.000    
 13132800.   10.43169553   10.5520   0.000       0.000      0.1203E-02  0.4210E-06-0.2434     0.2422      0.000      0.000      0.000      0.000     -0.2070E-05   0.000       0.000       0.000       0.000       0.000    
 13219200.   10.42702749   10.5463   0.000       0.000      0.1193E-02  0.2701E-06-0.2423     0.2411      0.000      0.000      0.000      0.000     -0.1384E-05   0.000       0.000       0.000       0.000       0.000    
 13305600.   10.41998298   10.5373   0.000       0.000      0.1173E-02  0.4077E-06-0.2407     0.2395      0.000      0.000      0.000      0.000     -0.2167E-05   0.000       0.000       0.000       0.000       0.000    
 13392000.   10.43249566   10.5547   0.000       0.000      0.1222E-02 -0.7241E-06-0.2429     0.2417      0.000      0.000      0.000      0.000      0.3784E-05   0.000       0.000       0.000       0.000       0.000    
 13478400.   10.44082483   10.5652   0.000       0.000      0.1244E-02 -0.4820E-06-0.2446     0.2434      0.000      0.000      0.000      0.000      0.2348E-05   0.000       0.000       0.000       0.000       0.000    
 13564800.   10.43746214   10.5600   0.000       0.000      0.1225E-02  0.1946E-06-0.2442     0.2430      0.000      0.000      0.000      0.000     -0.9304E-06   0.000       0.000       0.000       0.000       0.000    
 13651200.   10.43195140   10.5525   0.000       0.000      0.1206E-02  0.3189E-06-0.2432     0.2420      0.000      0.000      0.000      0.000     -0.1576E-05   0.000       0.000       0.000       0.000       0.000    
 13737600.   10.42475884   10.5431   0.000       0.000      0.1184E-02  0.4162E-06-0.2417     0.2405      0.000      0.000      0.000      0.000     -0.2147E-05   0.000       0.000       0.000       0.000       0.000    
 13824000.   10.44971771   10.5772   0.000       0.000      0.1275E-02 -0.1444E-05-0.2464     0.2451      0.000      0.000      0.000      0.000      0.6993E-05   0.000       0.000       0.000       0.000       0.000    
 13910400.   10.48345143   10.6206   0.000       0.000      0.1371E-02 -0.1952E-05-0.2530     0.2517      0.000      0.000      0.000      0.000      0.6933E-05   0.000       0.000       0.000       0.000       0.000    
 13996800.   10.47904242   10.6121   0.000       0.000      0.1330E-02  0.2552E-06-0.2531     0.2517      0.000      0.000      0.000      0.000     -0.6918E-06   0.000       0.000       0.000       0.000       0.000    
 14083200.   10.46911498   10.5982   0.000       0.000      0.1291E-02  0.5745E-06-0.2517     0.2504      0.000      0.000      0.000      0.000     -0.1823E-05   0.000       0.000       0.000       0.000       0.000    
 14169600.   10.47683237   10.6087   0.000       0.000      0.1319E-02 -0.4466E-06-0.2532     0.2519      0.000      0.000      0.000      0.000      0.1447E-05   0.000       0.000       0.000       0.000       0.000    
 14256000.   10.48262563   10.6158   0.000       0.000      0.1332E-02 -0.3353E-06-0.2545     0.2532      0.000      0.000      0.000      0.000      0.9441E-06   0.000       0.000       0.000       0.000       0.000    
 14342400.   10.51553596   10.6588   0.000       0.000      0.1433E-02 -0.1905E-05-0.2607     0.2593      0.000      0.000      0.000      0.000      0.1758E-05   0.000       0.000       0.000       0.000       0.000    
 14428800.   10.60138557   10.7690   0.000       0.000      0.1676E-02 -0.4968E-05-0.2758     0.2741      0.000      0.000      0.000      0.000       0.000       0.000       0.000       0.000       0.000       0.000    
 14515200.   10.58990586   10.7480   0.000       0.000      0.1581E-02  0.6643E-06-0.2759     0.2743      0.000      0.000      0.000      0.000       0.000       0.000       0.000       0.000       0.000       0.000    
 14601600.   10.59896701   10.7584   0.000       0.000      0.1595E-02 -0.5244E-06-0.2785     0.2769      0.000      0.000      0.000      0.000       0.000       0.000       0.000       0.000       0.000       0.000    
 14688000.   10.62511512   10.7910   0.000       0.000      0.1659E-02 -0.1513E-05-0.2835     0.2818      0.000      0.000      0.000      0.000       0.000       0.000       0.000       0.000       0.000       0.000    
 14774400.   10.63105896   10.7964   0.000       0.000      0.1653E-02 -0.3440E-06-0.2854     0.2838      0.000      0.000      0.000      0.000       0.000       0.000       0.000       0.000       0.000       0.000    
 14860800.   10.62142025   10.7824   0.000       0.000      0.1610E-02  0.5578E-06-0.2848     0.2832      0.000      0.000      0.000      0.000       0.000       0.000       0.000       0.000       0.000       0.000    
 14947200.   10.61150246   10.7692   0.000       0.000      0.1577E-02  0.5739E-06-0.2838     0.2822      0.000      0.000      0.000      0.000       0.000       0.000       0.000       0.000       0.000       0.000    
 15033600.   10.59809073   10.7519   0.000       0.000      0.1538E-02  0.7761E-06-0.2819     0.2803      0.000      0.000      0.000      0.000       0.000       0.000       0.000       0.000       0.000       0.000    
 15120000.   10.58359743   10.7335   0.000       0.000      0.1499E-02  0.8387E-06-0.2796     0.2781      0.000      0.000      0.000      0.000       0.000       0.000       0.000       0.000       0.000       0.000    
 15206400.   10.56778463   10.7136   0.000       0.000      0.1459E-02  0.9151E-06-0.2769     0.2754      0.000      0.000      0.000      0.000       0.000       0.000       0.000       0.000       0.000       0.000    
 15292800.   10.55157199   10.6934   0.000       0.000      0.1419E-02  0.9382E-06-0.2739     0.2725      0.000      0.000      0.000      0.000       0.000       0.000       0.000       0.000       0.000       0.000    
 15379200.   10.57595702   10.7267   0.000       0.000      0.1507E-02 -0.1411E-05-0.2775     0.2760      0.000      0.000      0.000      0.000       0.000       0.000       0.000       0.000       0.000       0.000    
 15465600.   10.58561377   10.7382   0.000       0.000      0.1526E-02 -0.5588E-06-0.2793     0.2777      0.000      0.000      0.000      0.000       0.000       0.000       0.000       0.000       0.000       0.000    
 15552000.   10.57572175   10.7243   0.000       0.000      0.1486E-02  0.5725E-06-0.2780     0.2765      0.000      0.000      0.000      0.000       0.000       0.000       0.000       0.000       0.000       0.000    
 15638400.   10.56026813   10.7042   0.000       0.000      0.1439E-02  0.8943E-06-0.2755     0.2741      0.000      0.000      0.000      0.000       0.000       0.000       0.000       0.000       0.000       0.000    
 15724800.   10.54520389   10.6852   0.000       0.000      0.1400E-02  0.8718E-06-0.2728     0.2714      0.000      0.000      0.000      0.000       0.000       0.000       0.000       0.000       0.000       0.000    
 15811200.   10.53093876   10.6674   0.000       0.000      0.1365E-02  0.8255E-06-0.2700     0.2687      0.000      0.000      0.000      0.000       0.000       0.000       0.000       0.000       0.000       0.000    
 15897600.   10.51773030   10.6511   0.000       0.000      0.1334E-02  0.7644E-06-0.2673     0.2660      0.000      0.000      0.000      0.000       0.000       0.000       0.000       0.000       0.000       0.000    
 15984000.   10.50910804   10.6409   0.000       0.000      0.1318E-02  0.4990E-06-0.2653     0.2640      0.000      0.000      0.000      0.000       0.000       0.000       0.000       0.000       0.000       0.000    
 16070400.   10.49726326   10.6261   0.000       0.000      0.1288E-02  0.6855E-06-0.2628     0.2615      0.000      0.000      0.000      0.000     -0.1104E-06   0.000       0.000       0.000       0.000       0.000    
 16156800.   10.48602712   10.6123   0.000       0.000      0.1262E-02  0.6502E-06-0.2602     0.2590      0.000      0.000      0.000      0.000     -0.1159E-05   0.000       0.000       0.000       0.000       0.000    
 16243200.   10.47510677   10.5988   0.000       0.000      0.1237E-02  0.6320E-06-0.2577     0.2565      0.000      0.000      0.000      0.000     -0.1739E-05   0.000       0.000       0.000       0.000       0.000    
 16329600.   10.46471043   10.5860   0.000       0.000      0.1213E-02  0.6016E-06-0.2553     0.2540      0.000      0.000      0.000      0.000     -0.2053E-05   0.000       0.000       0.000       0.000       0.000    
 16416000.   10.45475716   10.5738   0.000       0.000      0.1191E-02  0.5760E-06-0.2528     0.2517      0.000      0.000      0.000      0.000     -0.2263E-05   0.000       0.000       0.000       0.000       0.000    
 16502400.   10.44523971   10.5622   0.000       0.000      0.1169E-02  0.5508E-06-0.2505     0.2493      0.000      0.000      0.000      0.000     -0.2400E-05   0.000       0.000       0.000       0.000       0.000    
 16588800.   10.43615156   10.5510   0.000       0.000      0.1149E-02  0.5259E-06-0.2482     0.2470      0.000      0.000      0.000      0.000     -0.2484E-05   0.000       0.000       0.000       0.000       0.000    
 16675200.   10.42746980   10.5404   0.000       0.000      0.1129E-02  0.5024E-06-0.2459     0.2448      0.000      0.000      0.000      0.000     -0.2532E-05   0.000       0.000       0.000       0.000       0.000    
 16761600.   10.42117029   10.5329   0.000       0.000      0.1118E-02  0.3646E-06-0.2442     0.2430      0.000      0.000      0.000      0.000     -0.1928E-05   0.000       0.000       0.000       0.000       0.000    
 16848000.   10.41663835   10.5277   0.000       0.000      0.1110E-02  0.2623E-06-0.2427     0.2416      0.000      0.000      0.000      0.000     -0.1432E-05   0.000       0.000       0.000       0.000       0.000    
 16934400.   10.41914484   10.5318   0.000       0.000      0.1126E-02 -0.1451E-06-0.2428     0.2417      0.000      0.000      0.000      0.000      0.7964E-06   0.000       0.000       0.000       0.000       0.000    
 17020800.   10.41723354   10.5293   0.000       0.000      0.1121E-02  0.1106E-06-0.2421     0.2410      0.000      0.000      0.000      0.000     -0.6063E-06   0.000       0.000       0.000       0.000       0.000    
 17107200.   10.40888022   10.5183   0.000       0.000      0.1095E-02  0.4834E-06-0.2402     0.2391      0.000      0.000      0.000      0.000     -0.2724E-05   0.000       0.000       0.000       0.000       0.000    
 17193600.   10.40136929   10.5089   0.000       0.000      0.1076E-02  0.4347E-06-0.2383     0.2373      0.000      0.000      0.000      0.000     -0.2547E-05   0.000       0.000       0.000       0.000       0.000    
 17280000.   10.39389873   10.4996   0.000       0.000      0.1057E-02  0.4323E-06-0.2364     0.2353      0.000      0.000      0.000      0.000     -0.2621E-05   0.000       0.000       0.000       0.000       0.000    
 17366400.   10.38660838   10.4906   0.000       0.000      0.1040E-02  0.4219E-06-0.2345     0.2334      0.000      0.000      0.000      0.000     -0.2637E-05   0.000       0.000       0.000       0.000       0.000    
 17452800.   10.37962135   10.4819   0.000       0.000      0.1023E-02  0.4043E-06-0.2325     0.2315      0.000      0.000      0.000      0.000     -0.2598E-05   0.000       0.000       0.000       0.000       0.000    
 17539200.   10.37292746   10.4737   0.000       0.000      0.1008E-02  0.3874E-06-0.2306     0.2296      0.000      0.000      0.000      0.000     -0.2551E-05   0.000       0.000       0.000       0.000       0.000    
 17625600.   10.36651548   10.4658   0.000       0.000      0.9929E-03  0.3711E-06-0.2288     0.2278      0.000      0.000      0.000      0.000     -0.2498E-05   0.000       0.000       0.000       0.000       0.000    
 17712000.   10.36327276   10.4622   0.000       0.000      0.9897E-03  0.1877E-06-0.2276     0.2267      0.000      0.000      0.000      0.000     -0.1283E-05   0.000       0.000       0.000       0.000       0.000    
 17798400.   10.35735204   10.4548   0.000       0.000      0.9741E-03  0.3426E-06-0.2260     0.2250      0.000      0.000      0.000      0.000     -0.2376E-05   0.000       0.000       0.000       0.000       0.000    
 17884800.   10.35134038   10.4473   0.000       0.000      0.9594E-03  0.3479E-06-0.2242     0.2233      0.000      0.000      0.000      0.000     -0.2454E-05   0.000       0.000       0.000       0.000       0.000    
 17971200.   10.34564494   10.4403   0.000       0.000      0.9462E-03  0.3296E-06-0.2225     0.2216      0.000      0.000      0.000      0.000     -0.2363E-05   0.000       0.000       0.000       0.000       0.000    
 18057600.   10.34018838   10.4335   0.000       0.000      0.9336E-03  0.3158E-06-0.2209     0.2199      0.000      0.000      0.000      0.000     -0.2298E-05   0.000       0.000       0.000       0.000       0.000    
 18144000.   10.33493185   10.4271   0.000       0.000      0.9216E-03  0.3042E-06-0.2193     0.2183      0.000      0.000      0.000      0.000     -0.2244E-05   0.000       0.000       0.000       0.000       0.000    
 18230400.   10.32985549   10.4209   0.000       0.000      0.9100E-03  0.2938E-06-0.2177     0.2168      0.000      0.000      0.000      0.000     -0.2195E-05   0.000       0.000       0.000       0.000       0.000    
 18316800.   10.32494854   10.4148   0.000       0.000      0.8988E-03  0.2840E-06-0.2161     0.2152      0.000      0.000      0.000      0.000     -0.2146E-05   0.000       0.000       0.000       0.000       0.000    
 18403200.   10.32019460   10.4090   0.000       0.000      0.8880E-03  0.2751E-06-0.2146     0.2137      0.000      0.000      0.000      0.000     -0.2102E-05   0.000       0.000       0.000       0.000       0.000    
 18489600.   10.31558543   10.4033   0.000       0.000      0.8775E-03  0.2667E-06-0.2131     0.2123      0.000      0.000      0.000      0.000     -0.2059E-05   0.000       0.000       0.000       0.000       0.000    
 18576000.   10.31111427   10.3978   0.000       0.000      0.8673E-03  0.2587E-06-0.2117     0.2108      0.000      0.000      0.000      0.000     -0.2016E-05   0.000       0.000       0.000       0.000       0.000    
 18662400.   10.30677108   10.3925   0.000       0.000      0.8574E-03  0.2513E-06-0.2103     0.2094      0.000      0.000      0.000      0.000     -0.1976E-05   0.000       0.000       0.000       0.000       0.000    
 18748800.   10.30255011   10.3873   0.000       0.000      0.8478E-03  0.2443E-06-0.2089     0.2080      0.000      0.000      0.000      0.000     -0.1937E-05   0.000       0.000       0.000       0.000       0.000    
 18835200.   10.30414380   10.3903   0.000       0.000      0.8611E-03 -0.9223E-07-0.2088     0.2080      0.000      0.000      0.000      0.000      0.7332E-06   0.000       0.000       0.000       0.000       0.000    
 18921600.   10.30055191   10.3855   0.000       0.000      0.8491E-03  0.2079E-06-0.2077     0.2069      0.000      0.000      0.000      0.000     -0.1656E-05   0.000       0.000       0.000       0.000       0.000    
 19008000.   10.29586031   10.3794   0.000       0.000      0.8355E-03  0.2715E-06-0.2063     0.2055      0.000      0.000      0.000      0.000     -0.2179E-05   0.000       0.000       0.000       0.000       0.000    
 19094400.   10.29154211   10.3740   0.000       0.000      0.8248E-03  0.2499E-06-0.2049     0.2041      0.000      0.000      0.000      0.000     -0.2022E-05   0.000       0.000       0.000       0.000       0.000    
 19180800.   10.28746094   10.3690   0.000       0.000      0.8150E-03  0.2362E-06-0.2036     0.2028      0.000      0.000      0.000      0.000     -0.1926E-05   0.000       0.000       0.000       0.000       0.000    
 19267200.   10.28368248   10.3643   0.000       0.000      0.8064E-03  0.2187E-06-0.2023     0.2015      0.000      0.000      0.000      0.000     -0.1795E-05   0.000       0.000       0.000       0.000       0.000    
 19353600.   10.27989254   10.3596   0.000       0.000      0.7974E-03  0.2193E-06-0.2010     0.2002      0.000      0.000      0.000      0.000     -0.1812E-05   0.000       0.000       0.000       0.000       0.000    
 19440000.   10.27623003   10.3551   0.000       0.000      0.7889E-03  0.2120E-06-0.1997     0.1990      0.000      0.000      0.000      0.000     -0.1762E-05   0.000       0.000       0.000       0.000       0.000    
 19526400.   10.27267967   10.3507   0.000       0.000      0.7807E-03  0.2055E-06-0.1985     0.1977      0.000      0.000      0.000      0.000     -0.1717E-05   0.000       0.000       0.000       0.000       0.000    
 19612800.   10.26922992   10.3465   0.000       0.000      0.7727E-03  0.1996E-06-0.1973     0.1965      0.000      0.000      0.000      0.000     -0.1678E-05   0.000       0.000       0.000       0.000       0.000    
 19699200.   10.26587112   10.3424   0.000       0.000      0.7650E-03  0.1944E-06-0.1961     0.1953      0.000      0.000      0.000      0.000     -0.1642E-05   0.000       0.000       0.000       0.000       0.000    
 19785600.   10.26259752   10.3383   0.000       0.000      0.7574E-03  0.1894E-06-0.1949     0.1942      0.000      0.000      0.000      0.000     -0.1608E-05   0.000       0.000       0.000       0.000       0.000    
 19872000.   10.25940422   10.3344   0.000       0.000      0.7500E-03  0.1848E-06-0.1938     0.1930      0.000      0.000      0.000      0.000     -0.1576E-05   0.000       0.000       0.000       0.000       0.000    
 19958400.   10.26152631   10.3380   0.000       0.000      0.7649E-03 -0.1228E-06-0.1940     0.1932      0.000      0.000      0.000      0.000      0.1048E-05   0.000       0.000       0.000       0.000       0.000    
 20044800.   10.26542908   10.3437   0.000       0.000      0.7825E-03 -0.2259E-06-0.1948     0.1940      0.000      0.000      0.000      0.000      0.1920E-05   0.000       0.000       0.000       0.000       0.000    
 20131200.   10.26062880   10.3367   0.000       0.000      0.7609E-03  0.2778E-06-0.1935     0.1927      0.000      0.000      0.000      0.000     -0.2362E-05   0.000       0.000       0.000       0.000       0.000    
 20217600.   10.25820506   10.3338   0.000       0.000      0.7559E-03  0.1403E-06-0.1927     0.1919      0.000      0.000      0.000      0.000     -0.1199E-05   0.000       0.000       0.000       0.000       0.000    
 20304000.   10.25543393   10.3303   0.000       0.000      0.7486E-03  0.1604E-06-0.1917     0.1910      0.000      0.000      0.000      0.000     -0.1376E-05   0.000       0.000       0.000       0.000       0.000    
 20390400.   10.25171779   10.3255   0.000       0.000      0.7377E-03  0.2151E-06-0.1905     0.1898      0.000      0.000      0.000      0.000     -0.1853E-05   0.000       0.000       0.000       0.000       0.000    
 20476800.   10.24826468   10.3211   0.000       0.000      0.7288E-03  0.1998E-06-0.1893     0.1886      0.000      0.000      0.000      0.000     -0.1731E-05   0.000       0.000       0.000       0.000       0.000    
 20563200.   10.24499610   10.3171   0.000       0.000      0.7207E-03  0.1892E-06-0.1881     0.1874      0.000      0.000      0.000      0.000     -0.1645E-05   0.000       0.000       0.000       0.000       0.000    
 20649600.   10.24187020   10.3132   0.000       0.000      0.7131E-03  0.1809E-06-0.1870     0.1863      0.000      0.000      0.000      0.000     -0.1580E-05   0.000       0.000       0.000       0.000       0.000    
 20736000.   10.23886158   10.3095   0.000       0.000      0.7059E-03  0.1741E-06-0.1859     0.1852      0.000      0.000      0.000      0.000     -0.1527E-05   0.000       0.000       0.000       0.000       0.000    
 20822400.   10.23595363   10.3058   0.000       0.000      0.6989E-03  0.1683E-06-0.1848     0.1841      0.000      0.000      0.000      0.000     -0.1481E-05   0.000       0.000       0.000       0.000       0.000    
 20908800.   10.23313585   10.3024   0.000       0.000      0.6922E-03  0.1631E-06-0.1837     0.1830      0.000      0.000      0.000      0.000     -0.1440E-05   0.000       0.000       0.000       0.000       0.000    
 20995200.   10.23039908   10.2990   0.000       0.000      0.6857E-03  0.1584E-06-0.1827     0.1820      0.000      0.000      0.000      0.000     -0.1403E-05   0.000       0.000       0.000       0.000       0.000    
 21081600.   10.22773668   10.2957   0.000       0.000      0.6794E-03  0.1541E-06-0.1817     0.1810      0.000      0.000      0.000      0.000     -0.1370E-05   0.000       0.000       0.000       0.000       0.000    
 21168000.   10.22514205   10.2925   0.000       0.000      0.6732E-03  0.1502E-06-0.1806     0.1800      0.000      0.000      0.000      0.000     -0.1339E-05   0.000       0.000       0.000       0.000       0.000    
 21254400.   10.22261008   10.2893   0.000       0.000      0.6672E-03  0.1465E-06-0.1797     0.1790      0.000      0.000      0.000      0.000     -0.1310E-05   0.000       0.000       0.000       0.000       0.000    
 21340800.   10.22013684   10.2863   0.000       0.000      0.6613E-03  0.1431E-06-0.1787     0.1780      0.000      0.000      0.000      0.000     -0.1283E-05   0.000       0.000       0.000       0.000       0.000    
 21427200.   10.21771881   10.2833   0.000       0.000      0.6556E-03  0.1399E-06-0.1777     0.1771      0.000      0.000      0.000      0.000     -0.1258E-05   0.000       0.000       0.000       0.000       0.000    
 21513600.   10.21608616   10.2814   0.000       0.000      0.6532E-03  0.9448E-07-0.1770     0.1763      0.000      0.000      0.000      0.000     -0.8513E-06   0.000       0.000       0.000       0.000       0.000    
 21600000.   10.22173140   10.2900   0.000       0.000      0.6830E-03 -0.3267E-06-0.1784     0.1777      0.000      0.000      0.000      0.000      0.2937E-05   0.000       0.000       0.000       0.000       0.000    
 21686400.   10.21801714   10.2844   0.000       0.000      0.6634E-03  0.2149E-06-0.1773     0.1766      0.000      0.000      0.000      0.000     -0.1930E-05   0.000       0.000       0.000       0.000       0.000    
 21772800.   10.21484075   10.2802   0.000       0.000      0.6534E-03  0.1838E-06-0.1762     0.1755      0.000      0.000      0.000      0.000     -0.1657E-05   0.000       0.000       0.000       0.000       0.000    
 21859200.   10.21202599   10.2766   0.000       0.000      0.6457E-03  0.1629E-06-0.1752     0.1745      0.000      0.000      0.000      0.000     -0.1473E-05   0.000       0.000       0.000       0.000       0.000    
 21945600.   10.20941670   10.2733   0.000       0.000      0.6389E-03  0.1510E-06-0.1742     0.1735      0.000      0.000      0.000      0.000     -0.1369E-05   0.000       0.000       0.000       0.000       0.000    
 22032000.   10.20694519   10.2702   0.000       0.000      0.6327E-03  0.1430E-06-0.1732     0.1725      0.000      0.000      0.000      0.000     -0.1300E-05   0.000       0.000       0.000       0.000       0.000    
 22118400.   10.20457607   10.2673   0.000       0.000      0.6268E-03  0.1371E-06-0.1722     0.1716      0.000      0.000      0.000      0.000     -0.1250E-05   0.000       0.000       0.000       0.000       0.000    
 22204800.   10.20228968   10.2644   0.000       0.000      0.6212E-03  0.1323E-06-0.1713     0.1707      0.000      0.000      0.000      0.000     -0.1209E-05   0.000       0.000       0.000       0.000       0.000    
 22291200.   10.20007318   10.2617   0.000       0.000      0.6158E-03  0.1283E-06-0.1704     0.1698      0.000      0.000      0.000      0.000     -0.1174E-05   0.000       0.000       0.000       0.000       0.000    
 22377600.   10.19791793   10.2590   0.000       0.000      0.6105E-03  0.1247E-06-0.1695     0.1689      0.000      0.000      0.000      0.000     -0.1144E-05   0.000       0.000       0.000       0.000       0.000    
 22464000.   10.20457685   10.2692   0.000       0.000      0.6463E-03 -0.3854E-06-0.1712     0.1706      0.000      0.000      0.000      0.000      0.3528E-05   0.000       0.000       0.000       0.000       0.000    
 22550400.   10.20212629   10.2652   0.000       0.000      0.6308E-03  0.1418E-06-0.1706     0.1699      0.000      0.000      0.000      0.000     -0.1296E-05   0.000       0.000       0.000       0.000       0.000    
 22636800.   10.20128802   10.2643   0.000       0.000      0.6299E-03  0.4851E-07-0.1702     0.1696      0.000      0.000      0.000      0.000     -0.4439E-06   0.000       0.000       0.000       0.000       0.000    
 22723200.   10.22423188   10.2979   0.000       0.000      0.7365E-03 -0.1328E-05-0.1768     0.1760      0.000      0.000      0.000      0.000      0.1201E-04   0.000       0.000       0.000       0.000       0.000    
 22809600.   10.22255724   10.2934   0.000       0.000      0.7084E-03  0.9691E-07-0.1769     0.1762      0.000      0.000      0.000      0.000     -0.8670E-06   0.000       0.000       0.000       0.000       0.000    
 22896000.   10.22038402   10.2901   0.000       0.000      0.6967E-03  0.1258E-06-0.1765     0.1758      0.000      0.000      0.000      0.000     -0.1128E-05   0.000       0.000       0.000       0.000       0.000    
 22982400.   10.21815852   10.2870   0.000       0.000      0.6881E-03  0.1288E-06-0.1759     0.1752      0.000      0.000      0.000      0.000     -0.1157E-05   0.000       0.000       0.000       0.000       0.000    
 23068800.   10.21587790   10.2839   0.000       0.000      0.6806E-03  0.1320E-06-0.1751     0.1745      0.000      0.000      0.000      0.000     -0.1189E-05   0.000       0.000       0.000       0.000       0.000    
 23155200.   10.21314507   10.2803   0.000       0.000      0.6717E-03  0.1581E-06-0.1743     0.1736      0.000      0.000      0.000      0.000     -0.1429E-05   0.000       0.000       0.000       0.000       0.000    
 23241600.   10.21029297   10.2766   0.000       0.000      0.6630E-03  0.1651E-06-0.1733     0.1726      0.000      0.000      0.000      0.000     -0.1495E-05   0.000       0.000       0.000       0.000       0.000    
 23328000.   10.20731170   10.2727   0.000       0.000      0.6541E-03  0.1725E-06-0.1722     0.1716      0.000      0.000      0.000      0.000     -0.1568E-05   0.000       0.000       0.000       0.000       0.000    
 23414400.   10.20437450   10.2689   0.000       0.000      0.6457E-03  0.1700E-06-0.1711     0.1705      0.000      0.000      0.000      0.000     -0.1549E-05   0.000       0.000       0.000       0.000       0.000    
 23500800.   10.20162485   10.2654   0.000       0.000      0.6382E-03  0.1591E-06-0.1701     0.1695      0.000      0.000      0.000      0.000     -0.1454E-05   0.000       0.000       0.000       0.000       0.000    
 23587200.   10.19898572   10.2621   0.000       0.000      0.6310E-03  0.1527E-06-0.1691     0.1685      0.000      0.000      0.000      0.000     -0.1399E-05   0.000       0.000       0.000       0.000       0.000    
 23673600.   10.19639636   10.2588   0.000       0.000      0.6240E-03  0.1498E-06-0.1681     0.1675      0.000      0.000      0.000      0.000     -0.1376E-05   0.000       0.000       0.000       0.000       0.000    
 23760000.   10.19380437   10.2555   0.000       0.000      0.6168E-03  0.1500E-06-0.1671     0.1665      0.000      0.000      0.000      0.000     -0.1381E-05   0.000       0.000       0.000       0.000       0.000    
 23846400.   10.19129916   10.2523   0.000       0.000      0.6099E-03  0.1450E-06-0.1661     0.1655      0.000      0.000      0.000      0.000     -0.1338E-05   0.000       0.000       0.000       0.000       0.000    
 23932800.   10.18891869   10.2493   0.000       0.000      0.6035E-03  0.1378E-06-0.1651     0.1645      0.000      0.000      0.000      0.000     -0.1274E-05   0.000       0.000       0.000       0.000       0.000    
 24019200.   10.18663635   10.2464   0.000       0.000      0.5974E-03  0.1321E-06-0.1642     0.1636      0.000      0.000      0.000      0.000     -0.1224E-05   0.000       0.000       0.000       0.000       0.000    
 24105600.   10.18442983   10.2436   0.000       0.000      0.5914E-03  0.1277E-06-0.1633     0.1627      0.000      0.000      0.000      0.000     -0.1186E-05   0.000       0.000       0.000       0.000       0.000    
 24192000.   10.18227169   10.2408   0.000       0.000      0.5856E-03  0.1249E-06-0.1624     0.1618      0.000      0.000      0.000      0.000     -0.1162E-05   0.000       0.000       0.000       0.000       0.000    
 24278400.   10.18015705   10.2381   0.000       0.000      0.5798E-03  0.1224E-06-0.1615     0.1609      0.000      0.000      0.000      0.000     -0.1141E-05   0.000       0.000       0.000       0.000       0.000    
 24364800.   10.17810215   10.2355   0.000       0.000      0.5743E-03  0.1189E-06-0.1606     0.1600      0.000      0.000      0.000      0.000     -0.1110E-05   0.000       0.000       0.000       0.000       0.000    
 24451200.   10.17611169   10.2330   0.000       0.000      0.5690E-03  0.1152E-06-0.1597     0.1592      0.000      0.000      0.000      0.000     -0.1077E-05   0.000       0.000       0.000       0.000       0.000    
 24537600.   10.17418013   10.2306   0.000       0.000      0.5638E-03  0.1118E-06-0.1589     0.1583      0.000      0.000      0.000      0.000     -0.1047E-05   0.000       0.000       0.000       0.000       0.000    
 24624000.   10.17230258   10.2282   0.000       0.000      0.5588E-03  0.1087E-06-0.1581     0.1575      0.000      0.000      0.000      0.000     -0.1019E-05   0.000       0.000       0.000       0.000       0.000    
 24710400.   10.17047225   10.2259   0.000       0.000      0.5540E-03  0.1059E-06-0.1572     0.1567      0.000      0.000      0.000      0.000     -0.9950E-06   0.000       0.000       0.000       0.000       0.000    
 24796800.   10.16868556   10.2236   0.000       0.000      0.5492E-03  0.1034E-06-0.1564     0.1559      0.000      0.000      0.000      0.000     -0.9727E-06   0.000       0.000       0.000       0.000       0.000    
 24883200.   10.16705005   10.2216   0.000       0.000      0.5452E-03  0.9465E-07-0.1557     0.1551      0.000      0.000      0.000      0.000     -0.8915E-06   0.000       0.000       0.000       0.000       0.000    
 24969600.   10.16755441   10.2228   0.000       0.000      0.5521E-03 -0.2919E-07-0.1556     0.1551      0.000      0.000      0.000      0.000      0.2750E-06   0.000       0.000       0.000       0.000       0.000    
 25056000.   10.16560562   10.2200   0.000       0.000      0.5435E-03  0.1128E-06-0.1549     0.1543      0.000      0.000      0.000      0.000     -0.1063E-05   0.000       0.000       0.000       0.000       0.000    
 25142400.   10.16376312   10.2176   0.000       0.000      0.5379E-03  0.1066E-06-0.1541     0.1536      0.000      0.000      0.000      0.000     -0.1007E-05   0.000       0.000       0.000       0.000       0.000    
 25228800.   10.16623710   10.2218   0.000       0.000      0.5553E-03 -0.1432E-06-0.1547     0.1542      0.000      0.000      0.000      0.000      0.1351E-05   0.000       0.000       0.000       0.000       0.000    
 25315200.   10.16439763   10.2189   0.000       0.000      0.5446E-03  0.1065E-06-0.1541     0.1535      0.000      0.000      0.000      0.000     -0.1005E-05   0.000       0.000       0.000       0.000       0.000    
 25401600.   10.16488167   10.2199   0.000       0.000      0.5506E-03 -0.2801E-07-0.1541     0.1536      0.000      0.000      0.000      0.000      0.2645E-06   0.000       0.000       0.000       0.000       0.000    
 25488000.   10.16512397   10.2204   0.000       0.000      0.5530E-03 -0.1402E-07-0.1541     0.1536      0.000      0.000      0.000      0.000      0.1324E-06   0.000       0.000       0.000       0.000       0.000    
 25574400.   10.16670859   10.2229   0.000       0.000      0.5623E-03 -0.9170E-07-0.1546     0.1540      0.000      0.000      0.000      0.000      0.8651E-06   0.000       0.000       0.000       0.000       0.000    
 25660800.   10.16504576   10.2203   0.000       0.000      0.5529E-03  0.9623E-07-0.1540     0.1535      0.000      0.000      0.000      0.000     -0.9078E-06   0.000       0.000       0.000       0.000       0.000    
 25747200.   10.16842346   10.2258   0.000       0.000      0.5735E-03 -0.1955E-06-0.1550     0.1544      0.000      0.000      0.000      0.000      0.1843E-05   0.000       0.000       0.000       0.000       0.000    
 25833600.   10.18661257   10.2529   0.000       0.000      0.6630E-03 -0.1053E-05-0.1608     0.1602      0.000      0.000      0.000      0.000      0.9840E-05   0.000       0.000       0.000       0.000       0.000    
 25920000.   10.21116345   10.2869   0.000       0.000      0.7570E-03 -0.1421E-05-0.1689     0.1682      0.000      0.000      0.000      0.000      0.1303E-04   0.000       0.000       0.000       0.000       0.000    
 26006400.   10.23565981   10.3192   0.000       0.000      0.8358E-03 -0.1418E-05-0.1769     0.1761      0.000      0.000      0.000      0.000      0.1268E-04   0.000       0.000       0.000       0.000       0.000    
 26092800.   10.24053596   10.3232   0.000       0.000      0.8270E-03 -0.2822E-06-0.1795     0.1786      0.000      0.000      0.000      0.000      0.2481E-05   0.000       0.000       0.000       0.000       0.000    
 26179200.   10.23650486   10.3162   0.000       0.000      0.7972E-03  0.2333E-06-0.1791     0.1783      0.000      0.000      0.000      0.000     -0.2050E-05   0.000       0.000       0.000       0.000       0.000    
 26265600.   10.23142631   10.3088   0.000       0.000      0.7742E-03  0.2939E-06-0.1781     0.1773      0.000      0.000      0.000      0.000     -0.2597E-05   0.000       0.000       0.000       0.000       0.000    
 26352000.   10.22639646   10.3019   0.000       0.000      0.7554E-03  0.2911E-06-0.1768     0.1760      0.000      0.000      0.000      0.000     -0.2588E-05   0.000       0.000       0.000       0.000       0.000    
 26438400.   10.22161211   10.2955   0.000       0.000      0.7392E-03  0.2769E-06-0.1754     0.1747      0.000      0.000      0.000      0.000     -0.2475E-05   0.000       0.000       0.000       0.000       0.000    
 26524800.   10.21704136   10.2895   0.000       0.000      0.7246E-03  0.2645E-06-0.1740     0.1733      0.000      0.000      0.000      0.000     -0.2377E-05   0.000       0.000       0.000       0.000       0.000    
 26611200.   10.21249350   10.2835   0.000       0.000      0.7103E-03  0.2632E-06-0.1725     0.1718      0.000      0.000      0.000      0.000     -0.2377E-05   0.000       0.000       0.000       0.000       0.000    
 26697600.   10.20829497   10.2781   0.000       0.000      0.6977E-03  0.2430E-06-0.1711     0.1704      0.000      0.000      0.000      0.000     -0.2204E-05   0.000       0.000       0.000       0.000       0.000    
 26784000.   10.20432082   10.2729   0.000       0.000      0.6859E-03  0.2300E-06-0.1697     0.1690      0.000      0.000      0.000      0.000     -0.2095E-05   0.000       0.000       0.000       0.000       0.000    
 26870400.   10.21879415   10.2946   0.000       0.000      0.7579E-03 -0.8376E-06-0.1737     0.1730      0.000      0.000      0.000      0.000      0.7589E-05   0.000       0.000       0.000       0.000       0.000    
 26956800.   10.22734564   10.3058   0.000       0.000      0.7841E-03 -0.4949E-06-0.1765     0.1757      0.000      0.000      0.000      0.000      0.4429E-05   0.000       0.000       0.000       0.000       0.000    
 27043200.   10.23522479   10.3161   0.000       0.000      0.8088E-03 -0.4560E-06-0.1790     0.1782      0.000      0.000      0.000      0.000      0.4042E-05   0.000       0.000       0.000       0.000       0.000    
 27129600.   10.23718837   10.3180   0.000       0.000      0.8078E-03 -0.1136E-06-0.1800     0.1792      0.000      0.000      0.000      0.000      0.1002E-05   0.000       0.000       0.000       0.000       0.000    
 27216000.   10.24156603   10.3238   0.000       0.000      0.8223E-03 -0.2533E-06-0.1815     0.1807      0.000      0.000      0.000      0.000      0.2224E-05   0.000       0.000       0.000       0.000       0.000    
 27302400.   10.25330793   10.3400   0.000       0.000      0.8667E-03 -0.6795E-06-0.1849     0.1841      0.000      0.000      0.000      0.000      0.5904E-05   0.000       0.000       0.000       0.000       0.000    
 27388800.   10.27674287   10.3719   0.000       0.000      0.9513E-03 -0.1356E-05-0.1915     0.1906      0.000      0.000      0.000      0.000      0.1150E-04   0.000       0.000       0.000       0.000       0.000    
 27475200.   10.29645025   10.3971   0.000       0.000      0.1006E-02 -0.1140E-05-0.1972     0.1963      0.000      0.000      0.000      0.000      0.9344E-05   0.000       0.000       0.000       0.000       0.000    
 27561600.   10.29278785   10.3897   0.000       0.000      0.9693E-03  0.2119E-06-0.1973     0.1964      0.000      0.000      0.000      0.000     -0.1712E-05   0.000       0.000       0.000       0.000       0.000    
 27648000.   10.28670051   10.3808   0.000       0.000      0.9409E-03  0.3523E-06-0.1964     0.1954      0.000      0.000      0.000      0.000     -0.2871E-05   0.000       0.000       0.000       0.000       0.000    
 27734400.   10.27958937   10.3710   0.000       0.000      0.9143E-03  0.4115E-06-0.1948     0.1939      0.000      0.000      0.000      0.000     -0.3392E-05   0.000       0.000       0.000       0.000       0.000    
 27820800.   10.27380970   10.3634   0.000       0.000      0.8960E-03  0.3345E-06-0.1933     0.1924      0.000      0.000      0.000      0.000     -0.2786E-05   0.000       0.000       0.000       0.000       0.000    
 27907200.   10.26955447   10.3580   0.000       0.000      0.8843E-03  0.2463E-06-0.1922     0.1913      0.000      0.000      0.000      0.000     -0.2067E-05   0.000       0.000       0.000       0.000       0.000    
 27993600.   10.28045110   10.3738   0.000       0.000      0.9337E-03 -0.6306E-06-0.1948     0.1939      0.000      0.000      0.000      0.000      0.5266E-05   0.000       0.000       0.000       0.000       0.000    
 28080000.   10.29614362   10.3950   0.000       0.000      0.9885E-03 -0.9081E-06-0.1990     0.1980      0.000      0.000      0.000      0.000      0.7419E-05   0.000       0.000       0.000       0.000       0.000    
 28166400.   10.30348294   10.4038   0.000       0.000      0.1003E-02 -0.4247E-06-0.2013     0.2003      0.000      0.000      0.000      0.000      0.3399E-05   0.000       0.000       0.000       0.000       0.000    
 28252800.   10.29856490   10.3959   0.000       0.000      0.9735E-03  0.2846E-06-0.2006     0.1996      0.000      0.000      0.000      0.000     -0.2272E-05   0.000       0.000       0.000       0.000       0.000    
 28339200.   10.29187715   10.3866   0.000       0.000      0.9474E-03  0.3870E-06-0.1992     0.1982      0.000      0.000      0.000      0.000     -0.3124E-05   0.000       0.000       0.000       0.000       0.000    
 28425600.   10.28499680   10.3774   0.000       0.000      0.9243E-03  0.3982E-06-0.1975     0.1965      0.000      0.000      0.000      0.000     -0.3252E-05   0.000       0.000       0.000       0.000       0.000    
 28512000.   10.27828822   10.3686   0.000       0.000      0.9034E-03  0.3882E-06-0.1957     0.1948      0.000      0.000      0.000      0.000     -0.3208E-05   0.000       0.000       0.000       0.000       0.000    
 28598400.   10.27185499   10.3603   0.000       0.000      0.8841E-03  0.3723E-06-0.1939     0.1930      0.000      0.000      0.000      0.000     -0.3109E-05   0.000       0.000       0.000       0.000       0.000    
 28684800.   10.26572149   10.3523   0.000       0.000      0.8662E-03  0.3549E-06-0.1921     0.1912      0.000      0.000      0.000      0.000     -0.2993E-05   0.000       0.000       0.000       0.000       0.000    
 28771200.   10.25987187   10.3448   0.000       0.000      0.8493E-03  0.3385E-06-0.1903     0.1894      0.000      0.000      0.000      0.000     -0.2880E-05   0.000       0.000       0.000       0.000       0.000    
 28857600.   10.25430523   10.3376   0.000       0.000      0.8334E-03  0.3221E-06-0.1885     0.1877      0.000      0.000      0.000      0.000     -0.2763E-05   0.000       0.000       0.000       0.000       0.000    
 28944000.   10.24893971   10.3307   0.000       0.000      0.8180E-03  0.3105E-06-0.1868     0.1860      0.000      0.000      0.000      0.000     -0.2683E-05   0.000       0.000       0.000       0.000       0.000    
 29030400.   10.24374502   10.3240   0.000       0.000      0.8030E-03  0.3006E-06-0.1851     0.1843      0.000      0.000      0.000      0.000     -0.2616E-05   0.000       0.000       0.000       0.000       0.000    
 29116800.   10.23878612   10.3177   0.000       0.000      0.7888E-03  0.2870E-06-0.1834     0.1826      0.000      0.000      0.000      0.000     -0.2514E-05   0.000       0.000       0.000       0.000       0.000    
 29203200.   10.23397000   10.3115   0.000       0.000      0.7749E-03  0.2787E-06-0.1818     0.1810      0.000      0.000      0.000      0.000     -0.2456E-05   0.000       0.000       0.000       0.000       0.000    
 29289600.   10.22939129   10.3056   0.000       0.000      0.7617E-03  0.2650E-06-0.1802     0.1794      0.000      0.000      0.000      0.000     -0.2348E-05   0.000       0.000       0.000       0.000       0.000    
 29376000.   10.22506281   10.3000   0.000       0.000      0.7493E-03  0.2505E-06-0.1786     0.1779      0.000      0.000      0.000      0.000     -0.2231E-05   0.000       0.000       0.000       0.000       0.000    
 29462400.   10.22095525   10.2947   0.000       0.000      0.7376E-03  0.2377E-06-0.1772     0.1764      0.000      0.000      0.000      0.000     -0.2128E-05   0.000       0.000       0.000       0.000       0.000    
 29548800.   10.21702380   10.2896   0.000       0.000      0.7262E-03  0.2275E-06-0.1757     0.1750      0.000      0.000      0.000      0.000     -0.2045E-05   0.000       0.000       0.000       0.000       0.000    
 29635200.   10.21324428   10.2848   0.000       0.000      0.7153E-03  0.2187E-06-0.1743     0.1736      0.000      0.000      0.000      0.000     -0.1974E-05   0.000       0.000       0.000       0.000       0.000    
 29721600.   10.20961878   10.2801   0.000       0.000      0.7048E-03  0.2098E-06-0.1729     0.1722      0.000      0.000      0.000      0.000     -0.1901E-05   0.000       0.000       0.000       0.000       0.000    
 29808000.   10.20609491   10.2755   0.000       0.000      0.6945E-03  0.2039E-06-0.1716     0.1709      0.000      0.000      0.000      0.000     -0.1855E-05   0.000       0.000       0.000       0.000       0.000    
 29894400.   10.20269182   10.2711   0.000       0.000      0.6846E-03  0.1969E-06-0.1703     0.1696      0.000      0.000      0.000      0.000     -0.1797E-05   0.000       0.000       0.000       0.000       0.000    
 29980800.   10.19940397   10.2669   0.000       0.000      0.6749E-03  0.1903E-06-0.1690     0.1683      0.000      0.000      0.000      0.000     -0.1742E-05   0.000       0.000       0.000       0.000       0.000    
 30067200.   10.19626533   10.2628   0.000       0.000      0.6658E-03  0.1816E-06-0.1677     0.1671      0.000      0.000      0.000      0.000     -0.1668E-05   0.000       0.000       0.000       0.000       0.000    
 30153600.   10.19325592   10.2590   0.000       0.000      0.6570E-03  0.1742E-06-0.1665     0.1659      0.000      0.000      0.000      0.000     -0.1604E-05   0.000       0.000       0.000       0.000       0.000    
 30240000.   10.19036969   10.2552   0.000       0.000      0.6485E-03  0.1670E-06-0.1653     0.1647      0.000      0.000      0.000      0.000     -0.1542E-05   0.000       0.000       0.000       0.000       0.000    
 30326400.   10.18758664   10.2516   0.000       0.000      0.6402E-03  0.1611E-06-0.1642     0.1636      0.000      0.000      0.000      0.000     -0.1491E-05   0.000       0.000       0.000       0.000       0.000    
 30412800.   10.18490052   10.2481   0.000       0.000      0.6322E-03  0.1554E-06-0.1631     0.1625      0.000      0.000      0.000      0.000     -0.1443E-05   0.000       0.000       0.000       0.000       0.000    
 30499200.   10.18230963   10.2448   0.000       0.000      0.6246E-03  0.1499E-06-0.1620     0.1614      0.000      0.000      0.000      0.000     -0.1395E-05   0.000       0.000       0.000       0.000       0.000    
 30585600.   10.17980135   10.2415   0.000       0.000      0.6172E-03  0.1452E-06-0.1609     0.1603      0.000      0.000      0.000      0.000     -0.1353E-05   0.000       0.000       0.000       0.000       0.000    
 30672000.   10.17737593   10.2384   0.000       0.000      0.6100E-03  0.1404E-06-0.1599     0.1593      0.000      0.000      0.000      0.000     -0.1311E-05   0.000       0.000       0.000       0.000       0.000    
 30758400.   10.17502796   10.2353   0.000       0.000      0.6031E-03  0.1359E-06-0.1589     0.1583      0.000      0.000      0.000      0.000     -0.1272E-05   0.000       0.000       0.000       0.000       0.000    
 30844800.   10.17275234   10.2324   0.000       0.000      0.5964E-03  0.1317E-06-0.1579     0.1573      0.000      0.000      0.000      0.000     -0.1235E-05   0.000       0.000       0.000       0.000       0.000    
 30931200.   10.17053968   10.2295   0.000       0.000      0.5899E-03  0.1280E-06-0.1569     0.1563      0.000      0.000      0.000      0.000     -0.1203E-05   0.000       0.000       0.000       0.000       0.000    
 31017600.   10.16838752   10.2268   0.000       0.000      0.5836E-03  0.1245E-06-0.1560     0.1554      0.000      0.000      0.000      0.000     -0.1172E-05   0.000       0.000       0.000       0.000       0.000    
 31104000.   10.16629797   10.2240   0.000       0.000      0.5775E-03  0.1209E-06-0.1550     0.1545      0.000      0.000      0.000      0.000     -0.1139E-05   0.000       0.000       0.000       0.000       0.000    
 31190400.   10.16426711   10.2214   0.000       0.000      0.5716E-03  0.1175E-06-0.1541     0.1535      0.000      0.000      0.000      0.000     -0.1109E-05   0.000       0.000       0.000       0.000       0.000    
 31276800.   10.16267838   10.2195   0.000       0.000      0.5679E-03  0.9194E-07-0.1533     0.1528      0.000      0.000      0.000      0.000     -0.8689E-06   0.000       0.000       0.000       0.000       0.000    
 31363200.   10.16070681   10.2169   0.000       0.000      0.5615E-03  0.1141E-06-0.1525     0.1519      0.000      0.000      0.000      0.000     -0.1080E-05   0.000       0.000       0.000       0.000       0.000    
 31449600.   10.15880152   10.2144   0.000       0.000      0.5558E-03  0.1103E-06-0.1516     0.1510      0.000      0.000      0.000      0.000     -0.1045E-05   0.000       0.000       0.000       0.000       0.000    
 31536000.   10.15695596   10.2120   0.000       0.000      0.5504E-03  0.1068E-06-0.1507     0.1502      0.000      0.000      0.000      0.000     -0.1013E-05   0.000       0.000       0.000       0.000       0.000    
 31622400.   10.15497498   10.2094   0.000       0.000      0.5442E-03  0.1146E-06-0.1498     0.1493      0.000      0.000      0.000      0.000     -0.1089E-05   0.000       0.000       0.000       0.000       0.000    
