TOTIM (T)      HCON          HMAT      QDIR      QWELL        QMAT       QCADS      QTUB1      QTUB2      QTUB3      QTUB4      QTUB5      QTUB6       NSTOR        QFIX        QLH     FHLQ (LQ)        CAUCHY   CAUCHY (LQ)
    86400.   10.14130147   10.2721   0.000       0.000      0.1308E-02   0.000    -0.3366E-01 0.3235E-01  0.000      0.000      0.000      0.000       0.000       0.000       0.000       0.000       0.000       0.000    
   172800.   10.13418106   10.2607   0.000       0.000      0.1266E-02  0.4121E-06-0.3245E-01 0.3118E-01  0.000      0.000      0.000      0.000     -0.3961E-05   0.000       0.000       0.000       0.000       0.000    
   259200.   10.13539664   10.2633   0.000       0.000      0.1279E-02 -0.7035E-07-0.3272E-01 0.3144E-01  0.000      0.000      0.000      0.000      0.6774E-06   0.000       0.000       0.000       0.000       0.000    
   345600.   10.13531490   10.2633   0.000       0.000      0.1280E-02  0.4730E-08-0.3273E-01 0.3145E-01  0.000      0.000      0.000      0.000     -0.4554E-07   0.000       0.000       0.000       0.000       0.000    
   432000.   10.14047719   10.2716   0.000       0.000      0.1312E-02 -0.2987E-06-0.3363E-01 0.3232E-01  0.000      0.000      0.000      0.000      0.2872E-05   0.000       0.000       0.000       0.000       0.000    
   518400.   10.14282925   10.2750   0.000       0.000      0.1322E-02 -0.1361E-06-0.3400E-01 0.3268E-01  0.000      0.000      0.000      0.000      0.1305E-05   0.000       0.000       0.000       0.000       0.000    
   604800.   10.14298295   10.2749   0.000       0.000      0.1320E-02 -0.8895E-08-0.3400E-01 0.3268E-01  0.000      0.000      0.000      0.000      0.8524E-07   0.000       0.000       0.000       0.000       0.000    
   691200.   10.14994882   10.2858   0.000       0.000      0.1359E-02 -0.4031E-06-0.3511E-01 0.3376E-01  0.000      0.000      0.000      0.000      0.3854E-05   0.000       0.000       0.000       0.000       0.000    
   777600.   10.16918557   10.3150   0.000       0.000      0.1459E-02 -0.1113E-05-0.3806E-01 0.3661E-01  0.000      0.000      0.000      0.000      0.1055E-04   0.000       0.000       0.000       0.000       0.000    
   864000.   10.19664699   10.3549   0.000       0.000      0.1583E-02 -0.1589E-05-0.4190E-01 0.4033E-01  0.000      0.000      0.000      0.000      0.1479E-04   0.000       0.000       0.000       0.000       0.000    
   950400.   10.20407988   10.3633   0.000       0.000      0.1592E-02 -0.4301E-06-0.4268E-01 0.4109E-01  0.000      0.000      0.000      0.000      0.3941E-05   0.000       0.000       0.000       0.000       0.000    
  1036800.   10.23334675   10.4049   0.000       0.000      0.1716E-02 -0.1694E-05-0.4633E-01 0.4463E-01  0.000      0.000      0.000      0.000      0.1523E-04   0.000       0.000       0.000       0.000       0.000    
  1123200.   10.29086227   10.4846   0.000       0.000      0.1938E-02 -0.3328E-05-0.5299E-01 0.5108E-01  0.000      0.000      0.000      0.000      0.2831E-04   0.000       0.000       0.000       0.000       0.000    
  1209600.   10.26720807   10.4458   0.000       0.000      0.1785E-02  0.1369E-05-0.4982E-01 0.4802E-01  0.000      0.000      0.000      0.000     -0.1136E-04   0.000       0.000       0.000       0.000       0.000    
  1296000.   10.24937373   10.4196   0.000       0.000      0.1703E-02  0.1032E-05-0.4732E-01 0.4560E-01  0.000      0.000      0.000      0.000     -0.8836E-05   0.000       0.000       0.000       0.000       0.000    
  1382400.   10.23615774   10.4006   0.000       0.000      0.1644E-02  0.7648E-06-0.4544E-01 0.4379E-01  0.000      0.000      0.000      0.000     -0.6686E-05   0.000       0.000       0.000       0.000       0.000    
  1468800.   10.22552444   10.3855   0.000       0.000      0.1600E-02  0.6154E-06-0.4394E-01 0.4234E-01  0.000      0.000      0.000      0.000     -0.5458E-05   0.000       0.000       0.000       0.000       0.000    
  1555200.   10.21562065   10.3716   0.000       0.000      0.1560E-02  0.5731E-06-0.4257E-01 0.4101E-01  0.000      0.000      0.000      0.000     -0.5143E-05   0.000       0.000       0.000       0.000       0.000    
  1641600.   10.20665500   10.3592   0.000       0.000      0.1526E-02  0.5188E-06-0.4135E-01 0.3981E-01  0.000      0.000      0.000      0.000     -0.4703E-05   0.000       0.000       0.000       0.000       0.000    
  1728000.   10.19986994   10.3501   0.000       0.000      0.1503E-02  0.3927E-06-0.4043E-01 0.3893E-01  0.000      0.000      0.000      0.000     -0.3587E-05   0.000       0.000       0.000       0.000       0.000    
  1814400.   10.19434729   10.3428   0.000       0.000      0.1485E-02  0.3196E-06-0.3970E-01 0.3821E-01  0.000      0.000      0.000      0.000     -0.2937E-05   0.000       0.000       0.000       0.000       0.000    
  1900800.   10.18803389   10.3342   0.000       0.000      0.1462E-02  0.3654E-06-0.3885E-01 0.3739E-01  0.000      0.000      0.000      0.000     -0.3376E-05   0.000       0.000       0.000       0.000       0.000    
  1987200.   10.18266834   10.3271   0.000       0.000      0.1444E-02  0.3105E-06-0.3814E-01 0.3670E-01  0.000      0.000      0.000      0.000     -0.2884E-05   0.000       0.000       0.000       0.000       0.000    
  2073600.   10.17869453   10.3219   0.000       0.000      0.1433E-02  0.2300E-06-0.3764E-01 0.3620E-01  0.000      0.000      0.000      0.000     -0.2144E-05   0.000       0.000       0.000       0.000       0.000    
  2160000.   10.17368312   10.3151   0.000       0.000      0.1414E-02  0.2900E-06-0.3697E-01 0.3555E-01  0.000      0.000      0.000      0.000     -0.2714E-05   0.000       0.000       0.000       0.000       0.000    
  2246400.   10.16892680   10.3087   0.000       0.000      0.1397E-02  0.2752E-06-0.3633E-01 0.3493E-01  0.000      0.000      0.000      0.000     -0.2586E-05   0.000       0.000       0.000       0.000       0.000    
  2332800.   10.16444699   10.3026   0.000       0.000      0.1381E-02  0.2592E-06-0.3574E-01 0.3435E-01  0.000      0.000      0.000      0.000     -0.2444E-05   0.000       0.000       0.000       0.000       0.000    
  2419200.   10.16022819   10.2969   0.000       0.000      0.1367E-02  0.2441E-06-0.3518E-01 0.3381E-01  0.000      0.000      0.000      0.000     -0.2309E-05   0.000       0.000       0.000       0.000       0.000    
  2505600.   10.15952672   10.2966   0.000       0.000      0.1371E-02  0.4059E-07-0.3518E-01 0.3380E-01  0.000      0.000      0.000      0.000     -0.3846E-06   0.000       0.000       0.000       0.000       0.000    
  2592000.   10.15703699   10.2933   0.000       0.000      0.1362E-02  0.1441E-06-0.3487E-01 0.3351E-01  0.000      0.000      0.000      0.000     -0.1367E-05   0.000       0.000       0.000       0.000       0.000    
  2678400.   10.16659280   10.3087   0.000       0.000      0.1421E-02 -0.5530E-06-0.3646E-01 0.3505E-01  0.000      0.000      0.000      0.000      0.5232E-05   0.000       0.000       0.000       0.000       0.000    
  2764800.   10.19885346   10.3575   0.000       0.000      0.1587E-02 -0.1867E-05-0.4122E-01 0.3965E-01  0.000      0.000      0.000      0.000      0.1737E-04   0.000       0.000       0.000       0.000       0.000    
  2851200.   10.27902866   10.4722   0.000       0.000      0.1932E-02 -0.4640E-05-0.5131E-01 0.4943E-01  0.000      0.000      0.000      0.000      0.4068E-04   0.000       0.000       0.000       0.000       0.000    
  2937600.   10.24744127   10.4203   0.000       0.000      0.1728E-02  0.1828E-05-0.4711E-01 0.4537E-01  0.000      0.000      0.000      0.000     -0.1554E-04   0.000       0.000       0.000       0.000       0.000    
  3024000.   10.24379884   10.4151   0.000       0.000      0.1713E-02  0.2108E-06-0.4638E-01 0.4466E-01  0.000      0.000      0.000      0.000     -0.1836E-05   0.000       0.000       0.000       0.000       0.000    
  3110400.   10.24034478   10.4093   0.000       0.000      0.1690E-02  0.1999E-06-0.4575E-01 0.4405E-01  0.000      0.000      0.000      0.000     -0.1749E-05   0.000       0.000       0.000       0.000       0.000    
  3196800.   10.23204769   10.3968   0.000       0.000      0.1648E-02  0.4802E-06-0.4454E-01 0.4289E-01  0.000      0.000      0.000      0.000     -0.4232E-05   0.000       0.000       0.000       0.000       0.000    
  3283200.   10.22271525   10.3833   0.000       0.000      0.1606E-02  0.5401E-06-0.4323E-01 0.4162E-01  0.000      0.000      0.000      0.000     -0.4810E-05   0.000       0.000       0.000       0.000       0.000    
  3369600.   10.22408398   10.3860   0.000       0.000      0.1619E-02 -0.7921E-07-0.4338E-01 0.4177E-01  0.000      0.000      0.000      0.000      0.7086E-06   0.000       0.000       0.000       0.000       0.000    
  3456000.   10.23021926   10.3951   0.000       0.000      0.1649E-02 -0.3551E-06-0.4417E-01 0.4253E-01  0.000      0.000      0.000      0.000      0.3163E-05   0.000       0.000       0.000       0.000       0.000    
  3542400.   10.23908941   10.4078   0.000       0.000      0.1687E-02 -0.5133E-06-0.4528E-01 0.4360E-01  0.000      0.000      0.000      0.000      0.4533E-05   0.000       0.000       0.000       0.000       0.000    
  3628800.   10.24029686   10.4089   0.000       0.000      0.1686E-02 -0.6988E-07-0.4535E-01 0.4367E-01  0.000      0.000      0.000      0.000      0.6132E-06   0.000       0.000       0.000       0.000       0.000    
  3715200.   10.23265858   10.3974   0.000       0.000      0.1647E-02  0.4420E-06-0.4428E-01 0.4263E-01  0.000      0.000      0.000      0.000     -0.3895E-05   0.000       0.000       0.000       0.000       0.000    
  3801600.   10.23358476   10.3991   0.000       0.000      0.1656E-02 -0.5360E-07-0.4436E-01 0.4270E-01  0.000      0.000      0.000      0.000      0.4742E-06   0.000       0.000       0.000       0.000       0.000    
  3888000.   10.23850950   10.4064   0.000       0.000      0.1679E-02 -0.2850E-06-0.4496E-01 0.4328E-01  0.000      0.000      0.000      0.000      0.2512E-05   0.000       0.000       0.000       0.000       0.000    
  3974400.   10.25007541   10.4230   0.000       0.000      0.1729E-02 -0.6693E-06-0.4638E-01 0.4466E-01  0.000      0.000      0.000      0.000      0.5840E-05   0.000       0.000       0.000       0.000       0.000    
  4060800.   10.25764159   10.4331   0.000       0.000      0.1755E-02 -0.4379E-06-0.4724E-01 0.4549E-01  0.000      0.000      0.000      0.000      0.3772E-05   0.000       0.000       0.000       0.000       0.000    
  4147200.   10.24863143   10.4192   0.000       0.000      0.1706E-02  0.5214E-06-0.4600E-01 0.4429E-01  0.000      0.000      0.000      0.000     -0.4496E-05   0.000       0.000       0.000       0.000       0.000    
  4233600.   10.23873871   10.4051   0.000       0.000      0.1663E-02  0.5725E-06-0.4467E-01 0.4300E-01  0.000      0.000      0.000      0.000     -0.4999E-05   0.000       0.000       0.000       0.000       0.000    
  4320000.   10.23200775   10.3958   0.000       0.000      0.1638E-02  0.3895E-06-0.4377E-01 0.4212E-01  0.000      0.000      0.000      0.000     -0.3437E-05   0.000       0.000       0.000       0.000       0.000    
  4406400.   10.22548969   10.3869   0.000       0.000      0.1614E-02  0.3772E-06-0.4291E-01 0.4130E-01  0.000      0.000      0.000      0.000     -0.3354E-05   0.000       0.000       0.000       0.000       0.000    
  4492800.   10.22097180   10.3809   0.000       0.000      0.1600E-02  0.2615E-06-0.4234E-01 0.4074E-01  0.000      0.000      0.000      0.000     -0.2339E-05   0.000       0.000       0.000       0.000       0.000    
  4579200.   10.21486974   10.3726   0.000       0.000      0.1577E-02  0.3531E-06-0.4156E-01 0.3998E-01  0.000      0.000      0.000      0.000     -0.3178E-05   0.000       0.000       0.000       0.000       0.000    
  4665600.   10.20873075   10.3642   0.000       0.000      0.1555E-02  0.3553E-06-0.4078E-01 0.3922E-01  0.000      0.000      0.000      0.000     -0.3218E-05   0.000       0.000       0.000       0.000       0.000    
  4752000.   10.22219808   10.3852   0.000       0.000      0.1630E-02 -0.7794E-06-0.4270E-01 0.4108E-01  0.000      0.000      0.000      0.000      0.7033E-05   0.000       0.000       0.000       0.000       0.000    
  4838400.   10.23830444   10.4084   0.000       0.000      0.1701E-02 -0.9321E-06-0.4483E-01 0.4314E-01  0.000      0.000      0.000      0.000      0.8273E-05   0.000       0.000       0.000       0.000       0.000    
  4924800.   10.25438280   10.4308   0.000       0.000      0.1764E-02 -0.9305E-06-0.4681E-01 0.4506E-01  0.000      0.000      0.000      0.000      0.8096E-05   0.000       0.000       0.000       0.000       0.000    
  5011200.   10.26184644   10.4402   0.000       0.000      0.1784E-02 -0.4319E-06-0.4762E-01 0.4584E-01  0.000      0.000      0.000      0.000      0.3699E-05   0.000       0.000       0.000       0.000       0.000    
  5097600.   10.25151407   10.4242   0.000       0.000      0.1727E-02  0.5979E-06-0.4620E-01 0.4447E-01  0.000      0.000      0.000      0.000     -0.5131E-05   0.000       0.000       0.000       0.000       0.000    
  5184000.   10.24126399   10.4094   0.000       0.000      0.1681E-02  0.5932E-06-0.4481E-01 0.4312E-01  0.000      0.000      0.000      0.000     -0.5161E-05   0.000       0.000       0.000       0.000       0.000    
  5270400.   10.23393394   10.3992   0.000       0.000      0.1653E-02  0.4242E-06-0.4383E-01 0.4218E-01  0.000      0.000      0.000      0.000     -0.3732E-05   0.000       0.000       0.000       0.000       0.000    
  5356800.   10.22649436   10.3889   0.000       0.000      0.1624E-02  0.4305E-06-0.4286E-01 0.4123E-01  0.000      0.000      0.000      0.000     -0.3822E-05   0.000       0.000       0.000       0.000       0.000    
  5443200.   10.23238106   10.3984   0.000       0.000      0.1660E-02 -0.3407E-06-0.4369E-01 0.4203E-01  0.000      0.000      0.000      0.000      0.3027E-05   0.000       0.000       0.000       0.000       0.000    
  5529600.   10.23805452   10.4066   0.000       0.000      0.1686E-02 -0.3283E-06-0.4444E-01 0.4276E-01  0.000      0.000      0.000      0.000      0.2897E-05   0.000       0.000       0.000       0.000       0.000    
  5616000.   10.24323098   10.4140   0.000       0.000      0.1707E-02 -0.2996E-06-0.4510E-01 0.4339E-01  0.000      0.000      0.000      0.000      0.2626E-05   0.000       0.000       0.000       0.000       0.000    
  5702400.   10.24565207   10.4171   0.000       0.000      0.1715E-02 -0.1401E-06-0.4537E-01 0.4366E-01  0.000      0.000      0.000      0.000      0.1222E-05   0.000       0.000       0.000       0.000       0.000    
  5788800.   10.24211966   10.4117   0.000       0.000      0.1696E-02  0.2044E-06-0.4487E-01 0.4317E-01  0.000      0.000      0.000      0.000     -0.1785E-05   0.000       0.000       0.000       0.000       0.000    
  5875200.   10.24185099   10.4115   0.000       0.000      0.1696E-02  0.1555E-07-0.4481E-01 0.4311E-01  0.000      0.000      0.000      0.000     -0.1361E-06   0.000       0.000       0.000       0.000       0.000    
  5961600.   10.23939623   10.4079   0.000       0.000      0.1685E-02  0.1421E-06-0.4447E-01 0.4278E-01  0.000      0.000      0.000      0.000     -0.1245E-05   0.000       0.000       0.000       0.000       0.000    
  6048000.   10.23349909   10.3994   0.000       0.000      0.1659E-02  0.3413E-06-0.4369E-01 0.4203E-01  0.000      0.000      0.000      0.000     -0.3007E-05   0.000       0.000       0.000       0.000       0.000    
  6134400.   10.22677194   10.3900   0.000       0.000      0.1632E-02  0.3893E-06-0.4281E-01 0.4118E-01  0.000      0.000      0.000      0.000     -0.3456E-05   0.000       0.000       0.000       0.000       0.000    
  6220800.   10.22010140   10.3807   0.000       0.000      0.1606E-02  0.3860E-06-0.4195E-01 0.4034E-01  0.000      0.000      0.000      0.000     -0.3453E-05   0.000       0.000       0.000       0.000       0.000    
  6307200.   10.21376563   10.3721   0.000       0.000      0.1583E-02  0.3667E-06-0.4115E-01 0.3956E-01  0.000      0.000      0.000      0.000     -0.3303E-05   0.000       0.000       0.000       0.000       0.000    
  6393600.   10.20784181   10.3640   0.000       0.000      0.1562E-02  0.3428E-06-0.4041E-01 0.3884E-01  0.000      0.000      0.000      0.000     -0.3109E-05   0.000       0.000       0.000       0.000       0.000    
  6480000.   10.20229629   10.3565   0.000       0.000      0.1542E-02  0.3209E-06-0.3972E-01 0.3817E-01  0.000      0.000      0.000      0.000     -0.2927E-05   0.000       0.000       0.000       0.000       0.000    
  6566400.   10.19704635   10.3495   0.000       0.000      0.1524E-02  0.3038E-06-0.3907E-01 0.3755E-01  0.000      0.000      0.000      0.000     -0.2785E-05   0.000       0.000       0.000       0.000       0.000    
  6652800.   10.19205542   10.3428   0.000       0.000      0.1507E-02  0.2888E-06-0.3846E-01 0.3695E-01  0.000      0.000      0.000      0.000     -0.2661E-05   0.000       0.000       0.000       0.000       0.000    
  6739200.   10.18739010   10.3365   0.000       0.000      0.1491E-02  0.2700E-06-0.3789E-01 0.3640E-01  0.000      0.000      0.000      0.000     -0.2498E-05   0.000       0.000       0.000       0.000       0.000    
  6825600.   10.18283297   10.3304   0.000       0.000      0.1475E-02  0.2637E-06-0.3734E-01 0.3586E-01  0.000      0.000      0.000      0.000     -0.2450E-05   0.000       0.000       0.000       0.000       0.000    
  6912000.   10.17840215   10.3244   0.000       0.000      0.1460E-02  0.2564E-06-0.3680E-01 0.3533E-01  0.000      0.000      0.000      0.000     -0.2391E-05   0.000       0.000       0.000       0.000       0.000    
  6998400.   10.17419076   10.3187   0.000       0.000      0.1445E-02  0.2437E-06-0.3628E-01 0.3484E-01  0.000      0.000      0.000      0.000     -0.2281E-05   0.000       0.000       0.000       0.000       0.000    
  7084800.   10.17026407   10.3134   0.000       0.000      0.1431E-02  0.2272E-06-0.3581E-01 0.3437E-01  0.000      0.000      0.000      0.000     -0.2133E-05   0.000       0.000       0.000       0.000       0.000    
  7171200.   10.16656212   10.3084   0.000       0.000      0.1418E-02  0.2142E-06-0.3536E-01 0.3394E-01  0.000      0.000      0.000      0.000     -0.2017E-05   0.000       0.000       0.000       0.000       0.000    
  7257600.   10.16300963   10.3035   0.000       0.000      0.1405E-02  0.2056E-06-0.3493E-01 0.3353E-01  0.000      0.000      0.000      0.000     -0.1941E-05   0.000       0.000       0.000       0.000       0.000    
  7344000.   10.15966545   10.2990   0.000       0.000      0.1393E-02  0.1935E-06-0.3453E-01 0.3314E-01  0.000      0.000      0.000      0.000     -0.1832E-05   0.000       0.000       0.000       0.000       0.000    
  7430400.   10.15689306   10.2953   0.000       0.000      0.1384E-02  0.1604E-06-0.3422E-01 0.3283E-01  0.000      0.000      0.000      0.000     -0.1522E-05   0.000       0.000       0.000       0.000       0.000    
  7516800.   10.15410300   10.2915   0.000       0.000      0.1374E-02  0.1615E-06-0.3389E-01 0.3251E-01  0.000      0.000      0.000      0.000     -0.1535E-05   0.000       0.000       0.000       0.000       0.000    
  7603200.   10.15112108   10.2874   0.000       0.000      0.1362E-02  0.1726E-06-0.3353E-01 0.3216E-01  0.000      0.000      0.000      0.000     -0.1643E-05   0.000       0.000       0.000       0.000       0.000    
  7689600.   10.14830584   10.2835   0.000       0.000      0.1352E-02  0.1629E-06-0.3318E-01 0.3183E-01  0.000      0.000      0.000      0.000     -0.1554E-05   0.000       0.000       0.000       0.000       0.000    
  7776000.   10.14584900   10.2801   0.000       0.000      0.1343E-02  0.1422E-06-0.3290E-01 0.3155E-01  0.000      0.000      0.000      0.000     -0.1359E-05   0.000       0.000       0.000       0.000       0.000    
  7862400.   10.14327327   10.2765   0.000       0.000      0.1332E-02  0.1491E-06-0.3258E-01 0.3125E-01  0.000      0.000      0.000      0.000     -0.1427E-05   0.000       0.000       0.000       0.000       0.000    
  7948800.   10.14082605   10.2731   0.000       0.000      0.1323E-02  0.1416E-06-0.3229E-01 0.3096E-01  0.000      0.000      0.000      0.000     -0.1358E-05   0.000       0.000       0.000       0.000       0.000    
  8035200.   10.13848833   10.2698   0.000       0.000      0.1314E-02  0.1353E-06-0.3201E-01 0.3069E-01  0.000      0.000      0.000      0.000     -0.1299E-05   0.000       0.000       0.000       0.000       0.000    
  8121600.   10.13624582   10.2667   0.000       0.000      0.1305E-02  0.1298E-06-0.3174E-01 0.3043E-01  0.000      0.000      0.000      0.000     -0.1248E-05   0.000       0.000       0.000       0.000       0.000    
  8208000.   10.13408904   10.2637   0.000       0.000      0.1296E-02  0.1248E-06-0.3147E-01 0.3018E-01  0.000      0.000      0.000      0.000     -0.1202E-05   0.000       0.000       0.000       0.000       0.000    
  8294400.   10.13201049   10.2607   0.000       0.000      0.1287E-02  0.1203E-06-0.3122E-01 0.2993E-01  0.000      0.000      0.000      0.000     -0.1159E-05   0.000       0.000       0.000       0.000       0.000    
  8380800.   10.15242859   10.2937   0.000       0.000      0.1413E-02 -0.1182E-05-0.3477E-01 0.3337E-01  0.000      0.000      0.000      0.000      0.1133E-04   0.000       0.000       0.000       0.000       0.000    
  8467200.   10.15265130   10.2924   0.000       0.000      0.1398E-02 -0.1289E-07-0.3475E-01 0.3335E-01  0.000      0.000      0.000      0.000      0.1227E-06   0.000       0.000       0.000       0.000       0.000    
  8553600.   10.15203024   10.2910   0.000       0.000      0.1390E-02  0.3594E-07-0.3461E-01 0.3322E-01  0.000      0.000      0.000      0.000     -0.3423E-06   0.000       0.000       0.000       0.000       0.000    
  8640000.   10.15003056   10.2876   0.000       0.000      0.1376E-02  0.1157E-06-0.3427E-01 0.3289E-01  0.000      0.000      0.000      0.000     -0.1103E-05   0.000       0.000       0.000       0.000       0.000    
  8726400.   10.14761795   10.2837   0.000       0.000      0.1361E-02  0.1396E-06-0.3388E-01 0.3252E-01  0.000      0.000      0.000      0.000     -0.1333E-05   0.000       0.000       0.000       0.000       0.000    
  8812800.   10.14512768   10.2799   0.000       0.000      0.1347E-02  0.1441E-06-0.3350E-01 0.3215E-01  0.000      0.000      0.000      0.000     -0.1378E-05   0.000       0.000       0.000       0.000       0.000    
  8899200.   10.14209114   10.2752   0.000       0.000      0.1331E-02  0.1757E-06-0.3304E-01 0.3170E-01  0.000      0.000      0.000      0.000     -0.1683E-05   0.000       0.000       0.000       0.000       0.000    
  8985600.   10.14199324   10.2754   0.000       0.000      0.1334E-02  0.5665E-08-0.3308E-01 0.3174E-01  0.000      0.000      0.000      0.000     -0.5432E-07   0.000       0.000       0.000       0.000       0.000    
  9072000.   10.14609056   10.2820   0.000       0.000      0.1359E-02 -0.2371E-06-0.3381E-01 0.3246E-01  0.000      0.000      0.000      0.000      0.2271E-05   0.000       0.000       0.000       0.000       0.000    
  9158400.   10.14463406   10.2794   0.000       0.000      0.1347E-02  0.8429E-07-0.3358E-01 0.3224E-01  0.000      0.000      0.000      0.000     -0.8065E-06   0.000       0.000       0.000       0.000       0.000    
  9244800.   10.15652246   10.2982   0.000       0.000      0.1416E-02 -0.6880E-06-0.3554E-01 0.3413E-01  0.000      0.000      0.000      0.000      0.6560E-05   0.000       0.000       0.000       0.000       0.000    
  9331200.   10.18499761   10.3411   0.000       0.000      0.1561E-02 -0.1648E-05-0.3982E-01 0.3827E-01  0.000      0.000      0.000      0.000      0.1549E-04   0.000       0.000       0.000       0.000       0.000    
  9417600.   10.25718194   10.4452   0.000       0.000      0.1880E-02 -0.4177E-05-0.4921E-01 0.4737E-01  0.000      0.000      0.000      0.000      0.3742E-04   0.000       0.000       0.000       0.000       0.000    
  9504000.   10.30239740   10.5035   0.000       0.000      0.2011E-02 -0.2617E-05-0.5411E-01 0.5212E-01  0.000      0.000      0.000      0.000      0.2167E-04   0.000       0.000       0.000       0.000       0.000    
  9590400.   10.27372916   10.4577   0.000       0.000      0.1840E-02  0.1659E-05-0.5033E-01 0.4848E-01  0.000      0.000      0.000      0.000     -0.1356E-04   0.000       0.000       0.000       0.000       0.000    
  9676800.   10.25185442   10.4257   0.000       0.000      0.1738E-02  0.1266E-05-0.4731E-01 0.4556E-01  0.000      0.000      0.000      0.000     -0.1077E-04   0.000       0.000       0.000       0.000       0.000    
  9763200.   10.23480107   10.4011   0.000       0.000      0.1662E-02  0.9869E-06-0.4493E-01 0.4325E-01  0.000      0.000      0.000      0.000     -0.8621E-05   0.000       0.000       0.000       0.000       0.000    
  9849600.   10.22149380   10.3821   0.000       0.000      0.1606E-02  0.7701E-06-0.4308E-01 0.4146E-01  0.000      0.000      0.000      0.000     -0.6852E-05   0.000       0.000       0.000       0.000       0.000    
  9936000.   10.23092355   10.3971   0.000       0.000      0.1662E-02 -0.5457E-06-0.4431E-01 0.4266E-01  0.000      0.000      0.000      0.000      0.4867E-05   0.000       0.000       0.000       0.000       0.000    
 10022400.   10.23679213   10.4053   0.000       0.000      0.1685E-02 -0.3396E-06-0.4504E-01 0.4335E-01  0.000      0.000      0.000      0.000      0.3002E-05   0.000       0.000       0.000       0.000       0.000    
 10108800.   10.23681522   10.4050   0.000       0.000      0.1681E-02 -0.1336E-08-0.4497E-01 0.4329E-01  0.000      0.000      0.000      0.000      0.1177E-07   0.000       0.000       0.000       0.000       0.000    
 10195200.   10.24066869   10.4105   0.000       0.000      0.1699E-02 -0.2230E-06-0.4539E-01 0.4370E-01  0.000      0.000      0.000      0.000      0.1959E-05   0.000       0.000       0.000       0.000       0.000    
 10281600.   10.24154180   10.4115   0.000       0.000      0.1699E-02 -0.5053E-07-0.4543E-01 0.4373E-01  0.000      0.000      0.000      0.000      0.4426E-06   0.000       0.000       0.000       0.000       0.000    
 10368000.   10.23402026   10.4002   0.000       0.000      0.1662E-02  0.4353E-06-0.4438E-01 0.4271E-01  0.000      0.000      0.000      0.000     -0.3829E-05   0.000       0.000       0.000       0.000       0.000    
 10454400.   10.22490876   10.3872   0.000       0.000      0.1623E-02  0.5273E-06-0.4313E-01 0.4150E-01  0.000      0.000      0.000      0.000     -0.4685E-05   0.000       0.000       0.000       0.000       0.000    
 10540800.   10.22517303   10.3884   0.000       0.000      0.1632E-02 -0.1529E-07-0.4317E-01 0.4154E-01  0.000      0.000      0.000      0.000      0.1366E-06   0.000       0.000       0.000       0.000       0.000    
 10627200.   10.22913635   10.3945   0.000       0.000      0.1654E-02 -0.2294E-06-0.4370E-01 0.4205E-01  0.000      0.000      0.000      0.000      0.2043E-05   0.000       0.000       0.000       0.000       0.000    
 10713600.   10.22875552   10.3939   0.000       0.000      0.1651E-02  0.2204E-07-0.4363E-01 0.4198E-01  0.000      0.000      0.000      0.000     -0.1959E-06   0.000       0.000       0.000       0.000       0.000    
 10800000.   10.22400031   10.3869   0.000       0.000      0.1629E-02  0.2752E-06-0.4298E-01 0.4134E-01  0.000      0.000      0.000      0.000     -0.2454E-05   0.000       0.000       0.000       0.000       0.000    
 10886400.   10.21729571   10.3774   0.000       0.000      0.1601E-02  0.3880E-06-0.4207E-01 0.4046E-01  0.000      0.000      0.000      0.000     -0.3482E-05   0.000       0.000       0.000       0.000       0.000    
 10972800.   10.21006436   10.3673   0.000       0.000      0.1572E-02  0.4185E-06-0.4110E-01 0.3952E-01  0.000      0.000      0.000      0.000     -0.3783E-05   0.000       0.000       0.000       0.000       0.000    
 11059200.   10.20225674   10.3563   0.000       0.000      0.1541E-02  0.4518E-06-0.4005E-01 0.3851E-01  0.000      0.000      0.000      0.000     -0.4116E-05   0.000       0.000       0.000       0.000       0.000    
 11145600.   10.19507472   10.3464   0.000       0.000      0.1514E-02  0.4156E-06-0.3911E-01 0.3759E-01  0.000      0.000      0.000      0.000     -0.3814E-05   0.000       0.000       0.000       0.000       0.000    
 11232000.   10.18870771   10.3378   0.000       0.000      0.1491E-02  0.3685E-06-0.3828E-01 0.3678E-01  0.000      0.000      0.000      0.000     -0.3402E-05   0.000       0.000       0.000       0.000       0.000    
 11318400.   10.18296709   10.3300   0.000       0.000      0.1470E-02  0.3322E-06-0.3754E-01 0.3607E-01  0.000      0.000      0.000      0.000     -0.3084E-05   0.000       0.000       0.000       0.000       0.000    
 11404800.   10.18761866   10.3381   0.000       0.000      0.1505E-02 -0.2692E-06-0.3835E-01 0.3685E-01  0.000      0.000      0.000      0.000      0.2500E-05   0.000       0.000       0.000       0.000       0.000    
 11491200.   10.18142096   10.3288   0.000       0.000      0.1473E-02  0.3587E-06-0.3751E-01 0.3603E-01  0.000      0.000      0.000      0.000     -0.3333E-05   0.000       0.000       0.000       0.000       0.000    
 11577600.   10.19450553   10.3495   0.000       0.000      0.1550E-02 -0.7572E-06-0.3952E-01 0.3798E-01  0.000      0.000      0.000      0.000      0.7016E-05   0.000       0.000       0.000       0.000       0.000    
 11664000.   10.22593107   10.3959   0.000       0.000      0.1699E-02 -0.1819E-05-0.4386E-01 0.4218E-01  0.000      0.000      0.000      0.000      0.1650E-04   0.000       0.000       0.000       0.000       0.000    
 11750400.   10.30155806   10.5027   0.000       0.000      0.2011E-02 -0.4377E-05-0.5298E-01 0.5101E-01  0.000      0.000      0.000      0.000      0.3711E-04   0.000       0.000       0.000       0.000       0.000    
 11836800.   10.27076985   10.4529   0.000       0.000      0.1822E-02  0.1782E-05-0.4906E-01 0.4722E-01  0.000      0.000      0.000      0.000     -0.1461E-04   0.000       0.000       0.000       0.000       0.000    
 11923200.   10.25048032   10.4236   0.000       0.000      0.1732E-02  0.1174E-05-0.4630E-01 0.4456E-01  0.000      0.000      0.000      0.000     -0.1002E-04   0.000       0.000       0.000       0.000       0.000    
 12009600.   10.23629397   10.4034   0.000       0.000      0.1671E-02  0.8210E-06-0.4435E-01 0.4267E-01  0.000      0.000      0.000      0.000     -0.7171E-05   0.000       0.000       0.000       0.000       0.000    
 12096000.   10.23383064   10.4006   0.000       0.000      0.1667E-02  0.1426E-06-0.4400E-01 0.4233E-01  0.000      0.000      0.000      0.000     -0.1258E-05   0.000       0.000       0.000       0.000       0.000    
 12182400.   10.23020893   10.3955   0.000       0.000      0.1653E-02  0.2096E-06-0.4352E-01 0.4186E-01  0.000      0.000      0.000      0.000     -0.1857E-05   0.000       0.000       0.000       0.000       0.000    
 12268800.   10.22400975   10.3868   0.000       0.000      0.1628E-02  0.3587E-06-0.4270E-01 0.4107E-01  0.000      0.000      0.000      0.000     -0.3196E-05   0.000       0.000       0.000       0.000       0.000    
 12355200.   10.21679680   10.3767   0.000       0.000      0.1599E-02  0.4174E-06-0.4176E-01 0.4015E-01  0.000      0.000      0.000      0.000     -0.3747E-05   0.000       0.000       0.000       0.000       0.000    
 12441600.   10.21259187   10.3712   0.000       0.000      0.1587E-02  0.2433E-06-0.4123E-01 0.3964E-01  0.000      0.000      0.000      0.000     -0.2198E-05   0.000       0.000       0.000       0.000       0.000    
 12528000.   10.23456761   10.4046   0.000       0.000      0.1700E-02 -0.1272E-05-0.4425E-01 0.4256E-01  0.000      0.000      0.000      0.000      0.1137E-04   0.000       0.000       0.000       0.000       0.000    
 12614400.   10.25619941   10.4350   0.000       0.000      0.1788E-02 -0.1252E-05-0.4697E-01 0.4520E-01  0.000      0.000      0.000      0.000      0.1091E-04   0.000       0.000       0.000       0.000       0.000    
 12700800.   10.24746654   10.4205   0.000       0.000      0.1730E-02  0.5054E-06-0.4575E-01 0.4402E-01  0.000      0.000      0.000      0.000     -0.4366E-05   0.000       0.000       0.000       0.000       0.000    
 12787200.   10.23808744   10.4068   0.000       0.000      0.1687E-02  0.5428E-06-0.4446E-01 0.4277E-01  0.000      0.000      0.000      0.000     -0.4745E-05   0.000       0.000       0.000       0.000       0.000    
 12873600.   10.22846359   10.3931   0.000       0.000      0.1646E-02  0.5569E-06-0.4316E-01 0.4151E-01  0.000      0.000      0.000      0.000     -0.4926E-05   0.000       0.000       0.000       0.000       0.000    
 12960000.   10.23166211   10.3985   0.000       0.000      0.1669E-02 -0.1851E-06-0.4360E-01 0.4193E-01  0.000      0.000      0.000      0.000      0.1643E-05   0.000       0.000       0.000       0.000       0.000    
 13046400.   10.22764686   10.3926   0.000       0.000      0.1649E-02  0.2324E-06-0.4307E-01 0.4142E-01  0.000      0.000      0.000      0.000     -0.2064E-05   0.000       0.000       0.000       0.000       0.000    
 13132800.   10.22203462   10.3846   0.000       0.000      0.1626E-02  0.3248E-06-0.4234E-01 0.4071E-01  0.000      0.000      0.000      0.000     -0.2901E-05   0.000       0.000       0.000       0.000       0.000    
 13219200.   10.21886503   10.3805   0.000       0.000      0.1617E-02  0.1834E-06-0.4194E-01 0.4032E-01  0.000      0.000      0.000      0.000     -0.1646E-05   0.000       0.000       0.000       0.000       0.000    
 13305600.   10.21384757   10.3735   0.000       0.000      0.1597E-02  0.2904E-06-0.4130E-01 0.3970E-01  0.000      0.000      0.000      0.000     -0.2618E-05   0.000       0.000       0.000       0.000       0.000    
 13392000.   10.22484781   10.3905   0.000       0.000      0.1657E-02 -0.6366E-06-0.4285E-01 0.4120E-01  0.000      0.000      0.000      0.000      0.5720E-05   0.000       0.000       0.000       0.000       0.000    
 13478400.   10.23144639   10.3998   0.000       0.000      0.1683E-02 -0.3819E-06-0.4373E-01 0.4205E-01  0.000      0.000      0.000      0.000      0.3398E-05   0.000       0.000       0.000       0.000       0.000    
 13564800.   10.22801046   10.3942   0.000       0.000      0.1662E-02  0.1988E-06-0.4324E-01 0.4158E-01  0.000      0.000      0.000      0.000     -0.1766E-05   0.000       0.000       0.000       0.000       0.000    
 13651200.   10.22325929   10.3873   0.000       0.000      0.1640E-02  0.2750E-06-0.4259E-01 0.4095E-01  0.000      0.000      0.000      0.000     -0.2454E-05   0.000       0.000       0.000       0.000       0.000    
 13737600.   10.21760934   10.3792   0.000       0.000      0.1616E-02  0.3270E-06-0.4183E-01 0.4021E-01  0.000      0.000      0.000      0.000     -0.2935E-05   0.000       0.000       0.000       0.000       0.000    
 13824000.   10.23853356   10.4107   0.000       0.000      0.1722E-02 -0.1211E-05-0.4464E-01 0.4293E-01  0.000      0.000      0.000      0.000      0.1077E-04   0.000       0.000       0.000       0.000       0.000    
 13910400.   10.26533363   10.4484   0.000       0.000      0.1831E-02 -0.1551E-05-0.4797E-01 0.4616E-01  0.000      0.000      0.000      0.000      0.1339E-04   0.000       0.000       0.000       0.000       0.000    
 13996800.   10.25872801   10.4367   0.000       0.000      0.1780E-02  0.3823E-06-0.4702E-01 0.4523E-01  0.000      0.000      0.000      0.000     -0.3256E-05   0.000       0.000       0.000       0.000       0.000    
 14083200.   10.24868110   10.4218   0.000       0.000      0.1731E-02  0.5814E-06-0.4564E-01 0.4390E-01  0.000      0.000      0.000      0.000     -0.5010E-05   0.000       0.000       0.000       0.000       0.000    
 14169600.   10.25445030   10.4305   0.000       0.000      0.1761E-02 -0.3339E-06-0.4630E-01 0.4455E-01  0.000      0.000      0.000      0.000      0.2885E-05   0.000       0.000       0.000       0.000       0.000    
 14256000.   10.25836751   10.4357   0.000       0.000      0.1773E-02 -0.2267E-06-0.4674E-01 0.4497E-01  0.000      0.000      0.000      0.000      0.1946E-05   0.000       0.000       0.000       0.000       0.000    
 14342400.   10.28479520   10.4734   0.000       0.000      0.1886E-02 -0.1529E-05-0.4988E-01 0.4801E-01  0.000      0.000      0.000      0.000      0.1284E-04   0.000       0.000       0.000       0.000       0.000    
 14428800.   10.35558363   10.5709   0.000       0.000      0.2153E-02 -0.4097E-05-0.5763E-01 0.5552E-01  0.000      0.000      0.000      0.000      0.3139E-04   0.000       0.000       0.000       0.000       0.000    
 14515200.   10.33832378   10.5421   0.000       0.000      0.2038E-02  0.9988E-06-0.5552E-01 0.5347E-01  0.000      0.000      0.000      0.000     -0.7191E-05   0.000       0.000       0.000       0.000       0.000    
 14601600.   10.34123150   10.5456   0.000       0.000      0.2043E-02 -0.1683E-06-0.5557E-01 0.5353E-01  0.000      0.000      0.000      0.000      0.1234E-05   0.000       0.000       0.000       0.000       0.000    
 14688000.   10.35996507   10.5705   0.000       0.000      0.2105E-02 -0.1084E-05-0.5735E-01 0.5525E-01  0.000      0.000      0.000      0.000      0.7728E-05   0.000       0.000       0.000       0.000       0.000    
 14774400.   10.36066117   10.5698   0.000       0.000      0.2091E-02 -0.4028E-07-0.5720E-01 0.5511E-01  0.000      0.000      0.000      0.000      0.2793E-06   0.000       0.000       0.000       0.000       0.000    
 14860800.   10.34853096   10.5521   0.000       0.000      0.2036E-02  0.7020E-06-0.5571E-01 0.5366E-01  0.000      0.000      0.000      0.000     -0.4949E-05   0.000       0.000       0.000       0.000       0.000    
 14947200.   10.33770469   10.5372   0.000       0.000      0.1995E-02  0.6265E-06-0.5438E-01 0.5238E-01  0.000      0.000      0.000      0.000     -0.4557E-05   0.000       0.000       0.000       0.000       0.000    
 15033600.   10.32506114   10.5199   0.000       0.000      0.1948E-02  0.7317E-06-0.5288E-01 0.5092E-01  0.000      0.000      0.000      0.000     -0.5479E-05   0.000       0.000       0.000       0.000       0.000    
 15120000.   10.31252342   10.5030   0.000       0.000      0.1905E-02  0.7256E-06-0.5141E-01 0.4949E-01  0.000      0.000      0.000      0.000     -0.5589E-05   0.000       0.000       0.000       0.000       0.000    
 15206400.   10.29970072   10.4858   0.000       0.000      0.1861E-02  0.7421E-06-0.4992E-01 0.4805E-01  0.000      0.000      0.000      0.000     -0.5867E-05   0.000       0.000       0.000       0.000       0.000    
 15292800.   10.28724447   10.4693   0.000       0.000      0.1820E-02  0.7208E-06-0.4847E-01 0.4665E-01  0.000      0.000      0.000      0.000     -0.5836E-05   0.000       0.000       0.000       0.000       0.000    
 15379200.   10.30916695   10.5019   0.000       0.000      0.1927E-02 -0.1269E-05-0.5111E-01 0.4919E-01  0.000      0.000      0.000      0.000      0.1018E-04   0.000       0.000       0.000       0.000       0.000    
 15465600.   10.31685781   10.5120   0.000       0.000      0.1952E-02 -0.4451E-06-0.5198E-01 0.5004E-01  0.000      0.000      0.000      0.000      0.3471E-05   0.000       0.000       0.000       0.000       0.000    
 15552000.   10.30737845   10.4982   0.000       0.000      0.1909E-02  0.5486E-06-0.5086E-01 0.4895E-01  0.000      0.000      0.000      0.000     -0.4285E-05   0.000       0.000       0.000       0.000       0.000    
 15638400.   10.29411590   10.4799   0.000       0.000      0.1858E-02  0.7675E-06-0.4929E-01 0.4742E-01  0.000      0.000      0.000      0.000     -0.6131E-05   0.000       0.000       0.000       0.000       0.000    
 15724800.   10.28225560   10.4639   0.000       0.000      0.1816E-02  0.6864E-06-0.4789E-01 0.4606E-01  0.000      0.000      0.000      0.000     -0.5609E-05   0.000       0.000       0.000       0.000       0.000    
 15811200.   10.27178583   10.4499   0.000       0.000      0.1782E-02  0.6059E-06-0.4667E-01 0.4488E-01  0.000      0.000      0.000      0.000     -0.5044E-05   0.000       0.000       0.000       0.000       0.000    
 15897600.   10.26263523   10.4379   0.000       0.000      0.1752E-02  0.5295E-06-0.4562E-01 0.4386E-01  0.000      0.000      0.000      0.000     -0.4476E-05   0.000       0.000       0.000       0.000       0.000    
 15984000.   10.25748482   10.4316   0.000       0.000      0.1741E-02  0.2981E-06-0.4508E-01 0.4333E-01  0.000      0.000      0.000      0.000     -0.2546E-05   0.000       0.000       0.000       0.000       0.000    
 16070400.   10.24962778   10.4211   0.000       0.000      0.1714E-02  0.4547E-06-0.4418E-01 0.4247E-01  0.000      0.000      0.000      0.000     -0.3919E-05   0.000       0.000       0.000       0.000       0.000    
 16156800.   10.24242387   10.4116   0.000       0.000      0.1692E-02  0.4169E-06-0.4337E-01 0.4168E-01  0.000      0.000      0.000      0.000     -0.3629E-05   0.000       0.000       0.000       0.000       0.000    
 16243200.   10.23559675   10.4026   0.000       0.000      0.1670E-02  0.3951E-06-0.4260E-01 0.4093E-01  0.000      0.000      0.000      0.000     -0.3470E-05   0.000       0.000       0.000       0.000       0.000    
 16329600.   10.22927388   10.3943   0.000       0.000      0.1650E-02  0.3659E-06-0.4190E-01 0.4024E-01  0.000      0.000      0.000      0.000     -0.3240E-05   0.000       0.000       0.000       0.000       0.000    
 16416000.   10.22335081   10.3866   0.000       0.000      0.1632E-02  0.3428E-06-0.4124E-01 0.3961E-01  0.000      0.000      0.000      0.000     -0.3056E-05   0.000       0.000       0.000       0.000       0.000    
 16502400.   10.21779698   10.3793   0.000       0.000      0.1615E-02  0.3214E-06-0.4063E-01 0.3901E-01  0.000      0.000      0.000      0.000     -0.2884E-05   0.000       0.000       0.000       0.000       0.000    
 16588800.   10.21258893   10.3724   0.000       0.000      0.1598E-02  0.3014E-06-0.4005E-01 0.3845E-01  0.000      0.000      0.000      0.000     -0.2720E-05   0.000       0.000       0.000       0.000       0.000    
 16675200.   10.20769484   10.3660   0.000       0.000      0.1583E-02  0.2832E-06-0.3952E-01 0.3793E-01  0.000      0.000      0.000      0.000     -0.2570E-05   0.000       0.000       0.000       0.000       0.000    
 16761600.   10.20466891   10.3623   0.000       0.000      0.1576E-02  0.1751E-06-0.3924E-01 0.3766E-01  0.000      0.000      0.000      0.000     -0.1595E-05   0.000       0.000       0.000       0.000       0.000    
 16848000.   10.20288738   10.3603   0.000       0.000      0.1574E-02  0.1031E-06-0.3913E-01 0.3755E-01  0.000      0.000      0.000      0.000     -0.9415E-06   0.000       0.000       0.000       0.000       0.000    
 16934400.   10.20648445   10.3663   0.000       0.000      0.1598E-02 -0.2082E-06-0.3977E-01 0.3818E-01  0.000      0.000      0.000      0.000      0.1899E-05   0.000       0.000       0.000       0.000       0.000    
 17020800.   10.20599335   10.3656   0.000       0.000      0.1597E-02  0.2842E-07-0.3980E-01 0.3820E-01  0.000      0.000      0.000      0.000     -0.2589E-06   0.000       0.000       0.000       0.000       0.000    
 17107200.   10.20026185   10.3572   0.000       0.000      0.1569E-02  0.3317E-06-0.3906E-01 0.3749E-01  0.000      0.000      0.000      0.000     -0.3031E-05   0.000       0.000       0.000       0.000       0.000    
 17193600.   10.19555940   10.3506   0.000       0.000      0.1551E-02  0.2721E-06-0.3848E-01 0.3692E-01  0.000      0.000      0.000      0.000     -0.2499E-05   0.000       0.000       0.000       0.000       0.000    
 17280000.   10.19107982   10.3444   0.000       0.000      0.1533E-02  0.2592E-06-0.3793E-01 0.3640E-01  0.000      0.000      0.000      0.000     -0.2391E-05   0.000       0.000       0.000       0.000       0.000    
 17366400.   10.18685140   10.3386   0.000       0.000      0.1517E-02  0.2447E-06-0.3743E-01 0.3591E-01  0.000      0.000      0.000      0.000     -0.2266E-05   0.000       0.000       0.000       0.000       0.000    
 17452800.   10.18292114   10.3332   0.000       0.000      0.1503E-02  0.2274E-06-0.3697E-01 0.3546E-01  0.000      0.000      0.000      0.000     -0.2113E-05   0.000       0.000       0.000       0.000       0.000    
 17539200.   10.17924433   10.3281   0.000       0.000      0.1489E-02  0.2128E-06-0.3654E-01 0.3505E-01  0.000      0.000      0.000      0.000     -0.1983E-05   0.000       0.000       0.000       0.000       0.000    
 17625600.   10.17578925   10.3234   0.000       0.000      0.1476E-02  0.1999E-06-0.3615E-01 0.3467E-01  0.000      0.000      0.000      0.000     -0.1869E-05   0.000       0.000       0.000       0.000       0.000    
 17712000.   10.17479741   10.3225   0.000       0.000      0.1477E-02  0.5740E-07-0.3612E-01 0.3465E-01  0.000      0.000      0.000      0.000     -0.5376E-06   0.000       0.000       0.000       0.000       0.000    
 17798400.   10.17150031   10.3178   0.000       0.000      0.1463E-02  0.1908E-06-0.3573E-01 0.3427E-01  0.000      0.000      0.000      0.000     -0.1790E-05   0.000       0.000       0.000       0.000       0.000    
 17884800.   10.16817278   10.3131   0.000       0.000      0.1450E-02  0.1926E-06-0.3533E-01 0.3388E-01  0.000      0.000      0.000      0.000     -0.1811E-05   0.000       0.000       0.000       0.000       0.000    
 17971200.   10.16513263   10.3089   0.000       0.000      0.1438E-02  0.1759E-06-0.3498E-01 0.3354E-01  0.000      0.000      0.000      0.000     -0.1659E-05   0.000       0.000       0.000       0.000       0.000    
 18057600.   10.16228177   10.3050   0.000       0.000      0.1427E-02  0.1650E-06-0.3465E-01 0.3322E-01  0.000      0.000      0.000      0.000     -0.1559E-05   0.000       0.000       0.000       0.000       0.000    
 18144000.   10.15957251   10.3012   0.000       0.000      0.1417E-02  0.1568E-06-0.3434E-01 0.3292E-01  0.000      0.000      0.000      0.000     -0.1484E-05   0.000       0.000       0.000       0.000       0.000    
 18230400.   10.15698187   10.2976   0.000       0.000      0.1407E-02  0.1499E-06-0.3404E-01 0.3263E-01  0.000      0.000      0.000      0.000     -0.1422E-05   0.000       0.000       0.000       0.000       0.000    
 18316800.   10.15449861   10.2942   0.000       0.000      0.1397E-02  0.1437E-06-0.3376E-01 0.3236E-01  0.000      0.000      0.000      0.000     -0.1366E-05   0.000       0.000       0.000       0.000       0.000    
 18403200.   10.15210802   10.2909   0.000       0.000      0.1387E-02  0.1383E-06-0.3348E-01 0.3209E-01  0.000      0.000      0.000      0.000     -0.1317E-05   0.000       0.000       0.000       0.000       0.000    
 18489600.   10.14980359   10.2876   0.000       0.000      0.1378E-02  0.1334E-06-0.3322E-01 0.3184E-01  0.000      0.000      0.000      0.000     -0.1271E-05   0.000       0.000       0.000       0.000       0.000    
 18576000.   10.14757986   10.2845   0.000       0.000      0.1369E-02  0.1287E-06-0.3297E-01 0.3160E-01  0.000      0.000      0.000      0.000     -0.1229E-05   0.000       0.000       0.000       0.000       0.000    
 18662400.   10.14542917   10.2815   0.000       0.000      0.1361E-02  0.1245E-06-0.3272E-01 0.3136E-01  0.000      0.000      0.000      0.000     -0.1190E-05   0.000       0.000       0.000       0.000       0.000    
 18748800.   10.14334762   10.2786   0.000       0.000      0.1352E-02  0.1205E-06-0.3248E-01 0.3113E-01  0.000      0.000      0.000      0.000     -0.1153E-05   0.000       0.000       0.000       0.000       0.000    
 18835200.   10.14571736   10.2827   0.000       0.000      0.1370E-02 -0.1371E-06-0.3299E-01 0.3162E-01  0.000      0.000      0.000      0.000      0.1313E-05   0.000       0.000       0.000       0.000       0.000    
 18921600.   10.14368082   10.2794   0.000       0.000      0.1358E-02  0.1179E-06-0.3272E-01 0.3136E-01  0.000      0.000      0.000      0.000     -0.1128E-05   0.000       0.000       0.000       0.000       0.000    
 19008000.   10.14089524   10.2752   0.000       0.000      0.1343E-02  0.1612E-06-0.3233E-01 0.3099E-01  0.000      0.000      0.000      0.000     -0.1545E-05   0.000       0.000       0.000       0.000       0.000    
 19094400.   10.13853365   10.2717   0.000       0.000      0.1332E-02  0.1367E-06-0.3202E-01 0.3068E-01  0.000      0.000      0.000      0.000     -0.1312E-05   0.000       0.000       0.000       0.000       0.000    
 19180800.   10.13640339   10.2687   0.000       0.000      0.1323E-02  0.1233E-06-0.3175E-01 0.3042E-01  0.000      0.000      0.000      0.000     -0.1185E-05   0.000       0.000       0.000       0.000       0.000    
 19267200.   10.13451432   10.2659   0.000       0.000      0.1314E-02  0.1093E-06-0.3152E-01 0.3020E-01  0.000      0.000      0.000      0.000     -0.1052E-05   0.000       0.000       0.000       0.000       0.000    
 19353600.   10.13260071   10.2632   0.000       0.000      0.1306E-02  0.1107E-06-0.3128E-01 0.2997E-01  0.000      0.000      0.000      0.000     -0.1067E-05   0.000       0.000       0.000       0.000       0.000    
 19440000.   10.13077620   10.2605   0.000       0.000      0.1297E-02  0.1056E-06-0.3105E-01 0.2976E-01  0.000      0.000      0.000      0.000     -0.1019E-05   0.000       0.000       0.000       0.000       0.000    
 19526400.   10.12902288   10.2580   0.000       0.000      0.1290E-02  0.1015E-06-0.3084E-01 0.2955E-01  0.000      0.000      0.000      0.000     -0.9798E-06   0.000       0.000       0.000       0.000       0.000    
 19612800.   10.12732971   10.2555   0.000       0.000      0.1282E-02  0.9798E-07-0.3063E-01 0.2935E-01  0.000      0.000      0.000      0.000     -0.9471E-06   0.000       0.000       0.000       0.000       0.000    
 19699200.   10.12568926   10.2531   0.000       0.000      0.1275E-02  0.9493E-07-0.3043E-01 0.2916E-01  0.000      0.000      0.000      0.000     -0.9184E-06   0.000       0.000       0.000       0.000       0.000    
 19785600.   10.12409666   10.2508   0.000       0.000      0.1267E-02  0.9216E-07-0.3024E-01 0.2897E-01  0.000      0.000      0.000      0.000     -0.8924E-06   0.000       0.000       0.000       0.000       0.000    
 19872000.   10.12254817   10.2486   0.000       0.000      0.1260E-02  0.8961E-07-0.3005E-01 0.2879E-01  0.000      0.000      0.000      0.000     -0.8684E-06   0.000       0.000       0.000       0.000       0.000    
 19958400.   10.12503711   10.2529   0.000       0.000      0.1279E-02 -0.1440E-06-0.3059E-01 0.2931E-01  0.000      0.000      0.000      0.000      0.1396E-05   0.000       0.000       0.000       0.000       0.000    
 20044800.   10.12852121   10.2584   0.000       0.000      0.1299E-02 -0.2016E-06-0.3126E-01 0.2997E-01  0.000      0.000      0.000      0.000      0.1950E-05   0.000       0.000       0.000       0.000       0.000    
 20131200.   10.12497741   10.2523   0.000       0.000      0.1274E-02  0.2051E-06-0.3065E-01 0.2937E-01  0.000      0.000      0.000      0.000     -0.1984E-05   0.000       0.000       0.000       0.000       0.000    
 20217600.   10.12365959   10.2504   0.000       0.000      0.1267E-02  0.7626E-07-0.3047E-01 0.2920E-01  0.000      0.000      0.000      0.000     -0.7387E-06   0.000       0.000       0.000       0.000       0.000    
 20304000.   10.12213122   10.2480   0.000       0.000      0.1259E-02  0.8845E-07-0.3025E-01 0.2899E-01  0.000      0.000      0.000      0.000     -0.8573E-06   0.000       0.000       0.000       0.000       0.000    
 20390400.   10.11992935   10.2445   0.000       0.000      0.1246E-02  0.1274E-06-0.2991E-01 0.2866E-01  0.000      0.000      0.000      0.000     -0.1236E-05   0.000       0.000       0.000       0.000       0.000    
 20476800.   10.11802280   10.2416   0.000       0.000      0.1236E-02  0.1103E-06-0.2963E-01 0.2839E-01  0.000      0.000      0.000      0.000     -0.1072E-05   0.000       0.000       0.000       0.000       0.000    
 20563200.   10.11629275   10.2390   0.000       0.000      0.1228E-02  0.1001E-06-0.2938E-01 0.2816E-01  0.000      0.000      0.000      0.000     -0.9733E-06   0.000       0.000       0.000       0.000       0.000    
 20649600.   10.11468023   10.2366   0.000       0.000      0.1220E-02  0.9332E-07-0.2916E-01 0.2794E-01  0.000      0.000      0.000      0.000     -0.9079E-06   0.000       0.000       0.000       0.000       0.000    
 20736000.   10.11315409   10.2344   0.000       0.000      0.1212E-02  0.8832E-07-0.2895E-01 0.2774E-01  0.000      0.000      0.000      0.000     -0.8600E-06   0.000       0.000       0.000       0.000       0.000    
 20822400.   10.11169639   10.2322   0.000       0.000      0.1205E-02  0.8436E-07-0.2876E-01 0.2755E-01  0.000      0.000      0.000      0.000     -0.8220E-06   0.000       0.000       0.000       0.000       0.000    
 20908800.   10.11029664   10.2301   0.000       0.000      0.1198E-02  0.8100E-07-0.2857E-01 0.2737E-01  0.000      0.000      0.000      0.000     -0.7898E-06   0.000       0.000       0.000       0.000       0.000    
 20995200.   10.10894665   10.2281   0.000       0.000      0.1191E-02  0.7812E-07-0.2839E-01 0.2720E-01  0.000      0.000      0.000      0.000     -0.7622E-06   0.000       0.000       0.000       0.000       0.000    
 21081600.   10.10764083   10.2261   0.000       0.000      0.1185E-02  0.7557E-07-0.2821E-01 0.2703E-01  0.000      0.000      0.000      0.000     -0.7377E-06   0.000       0.000       0.000       0.000       0.000    
 21168000.   10.10637402   10.2242   0.000       0.000      0.1179E-02  0.7331E-07-0.2804E-01 0.2687E-01  0.000      0.000      0.000      0.000     -0.7161E-06   0.000       0.000       0.000       0.000       0.000    
 21254400.   10.10514244   10.2224   0.000       0.000      0.1172E-02  0.7127E-07-0.2788E-01 0.2671E-01  0.000      0.000      0.000      0.000     -0.6966E-06   0.000       0.000       0.000       0.000       0.000    
 21340800.   10.10394334   10.2206   0.000       0.000      0.1166E-02  0.6939E-07-0.2772E-01 0.2655E-01  0.000      0.000      0.000      0.000     -0.6786E-06   0.000       0.000       0.000       0.000       0.000    
 21427200.   10.10277426   10.2188   0.000       0.000      0.1160E-02  0.6765E-07-0.2756E-01 0.2640E-01  0.000      0.000      0.000      0.000     -0.6619E-06   0.000       0.000       0.000       0.000       0.000    
 21513600.   10.10218551   10.2180   0.000       0.000      0.1158E-02  0.3407E-07-0.2752E-01 0.2636E-01  0.000      0.000      0.000      0.000     -0.3335E-06   0.000       0.000       0.000       0.000       0.000    
 21600000.   10.10704423   10.2263   0.000       0.000      0.1192E-02 -0.2812E-06-0.2853E-01 0.2734E-01  0.000      0.000      0.000      0.000      0.2750E-05   0.000       0.000       0.000       0.000       0.000    
 21686400.   10.10423995   10.2211   0.000       0.000      0.1169E-02  0.1623E-06-0.2799E-01 0.2682E-01  0.000      0.000      0.000      0.000     -0.1586E-05   0.000       0.000       0.000       0.000       0.000    
 21772800.   10.10222191   10.2179   0.000       0.000      0.1157E-02  0.1168E-06-0.2764E-01 0.2648E-01  0.000      0.000      0.000      0.000     -0.1143E-05   0.000       0.000       0.000       0.000       0.000    
 21859200.   10.10062718   10.2153   0.000       0.000      0.1147E-02  0.9229E-07-0.2738E-01 0.2623E-01  0.000      0.000      0.000      0.000     -0.9037E-06   0.000       0.000       0.000       0.000       0.000    
 21945600.   10.09923744   10.2132   0.000       0.000      0.1139E-02  0.8042E-07-0.2716E-01 0.2602E-01  0.000      0.000      0.000      0.000     -0.7880E-06   0.000       0.000       0.000       0.000       0.000    
 22032000.   10.09796504   10.2112   0.000       0.000      0.1132E-02  0.7363E-07-0.2697E-01 0.2584E-01  0.000      0.000      0.000      0.000     -0.7219E-06   0.000       0.000       0.000       0.000       0.000    
 22118400.   10.09676951   10.2094   0.000       0.000      0.1126E-02  0.6919E-07-0.2680E-01 0.2567E-01  0.000      0.000      0.000      0.000     -0.6786E-06   0.000       0.000       0.000       0.000       0.000    
 22204800.   10.09563068   10.2076   0.000       0.000      0.1120E-02  0.6590E-07-0.2663E-01 0.2551E-01  0.000      0.000      0.000      0.000     -0.6467E-06   0.000       0.000       0.000       0.000       0.000    
 22291200.   10.09453664   10.2059   0.000       0.000      0.1114E-02  0.6331E-07-0.2647E-01 0.2536E-01  0.000      0.000      0.000      0.000     -0.6216E-06   0.000       0.000       0.000       0.000       0.000    
 22377600.   10.09347985   10.2043   0.000       0.000      0.1108E-02  0.6116E-07-0.2632E-01 0.2521E-01  0.000      0.000      0.000      0.000     -0.6007E-06   0.000       0.000       0.000       0.000       0.000    
 22464000.   10.09905917   10.2140   0.000       0.000      0.1149E-02 -0.3229E-06-0.2752E-01 0.2637E-01  0.000      0.000      0.000      0.000      0.3168E-05   0.000       0.000       0.000       0.000       0.000    
 22550400.   10.09710262   10.2101   0.000       0.000      0.1130E-02  0.1132E-06-0.2712E-01 0.2598E-01  0.000      0.000      0.000      0.000     -0.1110E-05   0.000       0.000       0.000       0.000       0.000    
 22636800.   10.09669409   10.2094   0.000       0.000      0.1128E-02  0.2364E-07-0.2706E-01 0.2593E-01  0.000      0.000      0.000      0.000     -0.2319E-06   0.000       0.000       0.000       0.000       0.000    
 22723200.   10.11457061   10.2393   0.000       0.000      0.1248E-02 -0.1035E-05-0.3054E-01 0.2930E-01  0.000      0.000      0.000      0.000      0.1011E-04   0.000       0.000       0.000       0.000       0.000    
 22809600.   10.11177397   10.2329   0.000       0.000      0.1211E-02  0.1618E-06-0.2987E-01 0.2866E-01  0.000      0.000      0.000      0.000     -0.1576E-05   0.000       0.000       0.000       0.000       0.000    
 22896000.   10.10948103   10.2287   0.000       0.000      0.1192E-02  0.1327E-06-0.2937E-01 0.2818E-01  0.000      0.000      0.000      0.000     -0.1294E-05   0.000       0.000       0.000       0.000       0.000    
 22982400.   10.10762085   10.2254   0.000       0.000      0.1178E-02  0.1076E-06-0.2899E-01 0.2781E-01  0.000      0.000      0.000      0.000     -0.1051E-05   0.000       0.000       0.000       0.000       0.000    
 23068800.   10.10596169   10.2226   0.000       0.000      0.1167E-02  0.9602E-07-0.2867E-01 0.2750E-01  0.000      0.000      0.000      0.000     -0.9380E-06   0.000       0.000       0.000       0.000       0.000    
 23155200.   10.10409509   10.2196   0.000       0.000      0.1155E-02  0.1080E-06-0.2833E-01 0.2717E-01  0.000      0.000      0.000      0.000     -0.1056E-05   0.000       0.000       0.000       0.000       0.000    
 23241600.   10.10225458   10.2166   0.000       0.000      0.1143E-02  0.1065E-06-0.2800E-01 0.2685E-01  0.000      0.000      0.000      0.000     -0.1042E-05   0.000       0.000       0.000       0.000       0.000    
 23328000.   10.10039789   10.2137   0.000       0.000      0.1133E-02  0.1074E-06-0.2767E-01 0.2654E-01  0.000      0.000      0.000      0.000     -0.1052E-05   0.000       0.000       0.000       0.000       0.000    
 23414400.   10.09863838   10.2109   0.000       0.000      0.1123E-02  0.1018E-06-0.2737E-01 0.2625E-01  0.000      0.000      0.000      0.000     -0.9979E-06   0.000       0.000       0.000       0.000       0.000    
 23500800.   10.09706099   10.2085   0.000       0.000      0.1114E-02  0.9128E-07-0.2711E-01 0.2599E-01  0.000      0.000      0.000      0.000     -0.8952E-06   0.000       0.000       0.000       0.000       0.000    
 23587200.   10.09558268   10.2062   0.000       0.000      0.1106E-02  0.8555E-07-0.2686E-01 0.2576E-01  0.000      0.000      0.000      0.000     -0.8395E-06   0.000       0.000       0.000       0.000       0.000    
 23673600.   10.09414893   10.2040   0.000       0.000      0.1099E-02  0.8297E-07-0.2663E-01 0.2553E-01  0.000      0.000      0.000      0.000     -0.8146E-06   0.000       0.000       0.000       0.000       0.000    
 23760000.   10.09271791   10.2018   0.000       0.000      0.1091E-02  0.8281E-07-0.2639E-01 0.2530E-01  0.000      0.000      0.000      0.000     -0.8136E-06   0.000       0.000       0.000       0.000       0.000    
 23846400.   10.09135958   10.1998   0.000       0.000      0.1084E-02  0.7861E-07-0.2617E-01 0.2509E-01  0.000      0.000      0.000      0.000     -0.7726E-06   0.000       0.000       0.000       0.000       0.000    
 23932800.   10.09009569   10.1978   0.000       0.000      0.1077E-02  0.7314E-07-0.2597E-01 0.2489E-01  0.000      0.000      0.000      0.000     -0.7193E-06   0.000       0.000       0.000       0.000       0.000    
 24019200.   10.08889741   10.1960   0.000       0.000      0.1071E-02  0.6935E-07-0.2578E-01 0.2471E-01  0.000      0.000      0.000      0.000     -0.6823E-06   0.000       0.000       0.000       0.000       0.000    
 24105600.   10.08774871   10.1942   0.000       0.000      0.1065E-02  0.6648E-07-0.2560E-01 0.2453E-01  0.000      0.000      0.000      0.000     -0.6543E-06   0.000       0.000       0.000       0.000       0.000    
 24192000.   10.08663061   10.1925   0.000       0.000      0.1059E-02  0.6471E-07-0.2542E-01 0.2436E-01  0.000      0.000      0.000      0.000     -0.6371E-06   0.000       0.000       0.000       0.000       0.000    
 24278400.   10.08554056   10.1908   0.000       0.000      0.1053E-02  0.6308E-07-0.2525E-01 0.2419E-01  0.000      0.000      0.000      0.000     -0.6214E-06   0.000       0.000       0.000       0.000       0.000    
 24364800.   10.08449131   10.1892   0.000       0.000      0.1047E-02  0.6072E-07-0.2508E-01 0.2403E-01  0.000      0.000      0.000      0.000     -0.5984E-06   0.000       0.000       0.000       0.000       0.000    
 24451200.   10.08348490   10.1876   0.000       0.000      0.1041E-02  0.5824E-07-0.2492E-01 0.2388E-01  0.000      0.000      0.000      0.000     -0.5741E-06   0.000       0.000       0.000       0.000       0.000    
 24537600.   10.08251574   10.1861   0.000       0.000      0.1036E-02  0.5609E-07-0.2477E-01 0.2373E-01  0.000      0.000      0.000      0.000     -0.5531E-06   0.000       0.000       0.000       0.000       0.000    
 24624000.   10.08157958   10.1847   0.000       0.000      0.1031E-02  0.5418E-07-0.2462E-01 0.2359E-01  0.000      0.000      0.000      0.000     -0.5344E-06   0.000       0.000       0.000       0.000       0.000    
 24710400.   10.08067116   10.1832   0.000       0.000      0.1026E-02  0.5257E-07-0.2448E-01 0.2345E-01  0.000      0.000      0.000      0.000     -0.5187E-06   0.000       0.000       0.000       0.000       0.000    
 24796800.   10.07978804   10.1818   0.000       0.000      0.1020E-02  0.5111E-07-0.2434E-01 0.2332E-01  0.000      0.000      0.000      0.000     -0.5044E-06   0.000       0.000       0.000       0.000       0.000    
 24883200.   10.07901184   10.1806   0.000       0.000      0.1016E-02  0.4492E-07-0.2422E-01 0.2321E-01  0.000      0.000      0.000      0.000     -0.4435E-06   0.000       0.000       0.000       0.000       0.000    
 24969600.   10.07984157   10.1822   0.000       0.000      0.1024E-02 -0.4802E-07-0.2447E-01 0.2345E-01  0.000      0.000      0.000      0.000      0.4741E-06   0.000       0.000       0.000       0.000       0.000    
 25056000.   10.07862155   10.1800   0.000       0.000      0.1014E-02  0.7060E-07-0.2423E-01 0.2321E-01  0.000      0.000      0.000      0.000     -0.6971E-06   0.000       0.000       0.000       0.000       0.000    
 25142400.   10.07759834   10.1783   0.000       0.000      0.1007E-02  0.5921E-07-0.2404E-01 0.2303E-01  0.000      0.000      0.000      0.000     -0.5849E-06   0.000       0.000       0.000       0.000       0.000    
 25228800.   10.07989246   10.1825   0.000       0.000      0.1026E-02 -0.1328E-06-0.2461E-01 0.2359E-01  0.000      0.000      0.000      0.000      0.1311E-05   0.000       0.000       0.000       0.000       0.000    
 25315200.   10.07855866   10.1799   0.000       0.000      0.1014E-02  0.7719E-07-0.2432E-01 0.2331E-01  0.000      0.000      0.000      0.000     -0.7621E-06   0.000       0.000       0.000       0.000       0.000    
 25401600.   10.07919476   10.1811   0.000       0.000      0.1019E-02 -0.3681E-07-0.2450E-01 0.2348E-01  0.000      0.000      0.000      0.000      0.3635E-06   0.000       0.000       0.000       0.000       0.000    
 25488000.   10.07953239   10.1816   0.000       0.000      0.1021E-02 -0.1954E-07-0.2459E-01 0.2357E-01  0.000      0.000      0.000      0.000      0.1929E-06   0.000       0.000       0.000       0.000       0.000    
 25574400.   10.08086296   10.1839   0.000       0.000      0.1030E-02 -0.7700E-07-0.2490E-01 0.2387E-01  0.000      0.000      0.000      0.000      0.7600E-06   0.000       0.000       0.000       0.000       0.000    
 25660800.   10.07957590   10.1814   0.000       0.000      0.1018E-02  0.7448E-07-0.2461E-01 0.2359E-01  0.000      0.000      0.000      0.000     -0.7352E-06   0.000       0.000       0.000       0.000       0.000    
 25747200.   10.08235239   10.1863   0.000       0.000      0.1039E-02 -0.1607E-06-0.2525E-01 0.2421E-01  0.000      0.000      0.000      0.000      0.1586E-05   0.000       0.000       0.000       0.000       0.000    
 25833600.   10.09633283   10.2101   0.000       0.000      0.1137E-02 -0.8091E-06-0.2818E-01 0.2705E-01  0.000      0.000      0.000      0.000      0.7960E-05   0.000       0.000       0.000       0.000       0.000    
 25920000.   10.11403420   10.2379   0.000       0.000      0.1239E-02 -0.1024E-05-0.3139E-01 0.3017E-01  0.000      0.000      0.000      0.000      0.1001E-04   0.000       0.000       0.000       0.000       0.000    
 26006400.   10.13080118   10.2627   0.000       0.000      0.1319E-02 -0.9703E-06-0.3408E-01 0.3277E-01  0.000      0.000      0.000      0.000      0.9407E-05   0.000       0.000       0.000       0.000       0.000    
 26092800.   10.13139449   10.2611   0.000       0.000      0.1297E-02 -0.3434E-07-0.3387E-01 0.3257E-01  0.000      0.000      0.000      0.000      0.3313E-06   0.000       0.000       0.000       0.000       0.000    
 26179200.   10.12593823   10.2510   0.000       0.000      0.1251E-02  0.3158E-06-0.3270E-01 0.3145E-01  0.000      0.000      0.000      0.000     -0.3051E-05   0.000       0.000       0.000       0.000       0.000    
 26265600.   10.12084928   10.2424   0.000       0.000      0.1215E-02  0.2945E-06-0.3167E-01 0.3045E-01  0.000      0.000      0.000      0.000     -0.2854E-05   0.000       0.000       0.000       0.000       0.000    
 26352000.   10.11652778   10.2353   0.000       0.000      0.1188E-02  0.2501E-06-0.3083E-01 0.2964E-01  0.000      0.000      0.000      0.000     -0.2429E-05   0.000       0.000       0.000       0.000       0.000    
 26438400.   10.11281390   10.2294   0.000       0.000      0.1166E-02  0.2149E-06-0.3013E-01 0.2896E-01  0.000      0.000      0.000      0.000     -0.2092E-05   0.000       0.000       0.000       0.000       0.000    
 26524800.   10.10950789   10.2243   0.000       0.000      0.1148E-02  0.1913E-06-0.2953E-01 0.2838E-01  0.000      0.000      0.000      0.000     -0.1865E-05   0.000       0.000       0.000       0.000       0.000    
 26611200.   10.10637035   10.2195   0.000       0.000      0.1131E-02  0.1816E-06-0.2896E-01 0.2783E-01  0.000      0.000      0.000      0.000     -0.1773E-05   0.000       0.000       0.000       0.000       0.000    
 26697600.   10.10361256   10.2153   0.000       0.000      0.1117E-02  0.1596E-06-0.2847E-01 0.2735E-01  0.000      0.000      0.000      0.000     -0.1560E-05   0.000       0.000       0.000       0.000       0.000    
 26784000.   10.10108723   10.2116   0.000       0.000      0.1105E-02  0.1461E-06-0.2803E-01 0.2692E-01  0.000      0.000      0.000      0.000     -0.1430E-05   0.000       0.000       0.000       0.000       0.000    
 26870400.   10.11282529   10.2316   0.000       0.000      0.1188E-02 -0.6793E-06-0.3033E-01 0.2915E-01  0.000      0.000      0.000      0.000      0.6635E-05   0.000       0.000       0.000       0.000       0.000    
 26956800.   10.11873874   10.2404   0.000       0.000      0.1216E-02 -0.3422E-06-0.3134E-01 0.3013E-01  0.000      0.000      0.000      0.000      0.3329E-05   0.000       0.000       0.000       0.000       0.000    
 27043200.   10.12389486   10.2480   0.000       0.000      0.1241E-02 -0.2984E-06-0.3216E-01 0.3092E-01  0.000      0.000      0.000      0.000      0.2895E-05   0.000       0.000       0.000       0.000       0.000    
 27129600.   10.12428095   10.2478   0.000       0.000      0.1235E-02 -0.2234E-07-0.3212E-01 0.3088E-01  0.000      0.000      0.000      0.000      0.2164E-06   0.000       0.000       0.000       0.000       0.000    
 27216000.   10.12690177   10.2516   0.000       0.000      0.1247E-02 -0.1517E-06-0.3249E-01 0.3124E-01  0.000      0.000      0.000      0.000      0.1468E-05   0.000       0.000       0.000       0.000       0.000    
 27302400.   10.13536293   10.2647   0.000       0.000      0.1293E-02 -0.4897E-06-0.3386E-01 0.3257E-01  0.000      0.000      0.000      0.000      0.4725E-05   0.000       0.000       0.000       0.000       0.000    
 27388800.   10.15276207   10.2911   0.000       0.000      0.1383E-02 -0.1007E-05-0.3658E-01 0.3520E-01  0.000      0.000      0.000      0.000      0.9641E-05   0.000       0.000       0.000       0.000       0.000    
 27475200.   10.16618959   10.3100   0.000       0.000      0.1438E-02 -0.7771E-06-0.3845E-01 0.3702E-01  0.000      0.000      0.000      0.000      0.7364E-05   0.000       0.000       0.000       0.000       0.000    
 27561600.   10.16025319   10.2989   0.000       0.000      0.1387E-02  0.3435E-06-0.3730E-01 0.3591E-01  0.000      0.000      0.000      0.000     -0.3247E-05   0.000       0.000       0.000       0.000       0.000    
 27648000.   10.15369723   10.2883   0.000       0.000      0.1346E-02  0.3794E-06-0.3612E-01 0.3477E-01  0.000      0.000      0.000      0.000     -0.3602E-05   0.000       0.000       0.000       0.000       0.000    
 27734400.   10.14730226   10.2784   0.000       0.000      0.1311E-02  0.3701E-06-0.3500E-01 0.3369E-01  0.000      0.000      0.000      0.000     -0.3529E-05   0.000       0.000       0.000       0.000       0.000    
 27820800.   10.14261474   10.2713   0.000       0.000      0.1287E-02  0.2713E-06-0.3421E-01 0.3291E-01  0.000      0.000      0.000      0.000     -0.2596E-05   0.000       0.000       0.000       0.000       0.000    
 27907200.   10.13944041   10.2668   0.000       0.000      0.1273E-02  0.1837E-06-0.3368E-01 0.3240E-01  0.000      0.000      0.000      0.000     -0.1762E-05   0.000       0.000       0.000       0.000       0.000    
 27993600.   10.14836462   10.2813   0.000       0.000      0.1330E-02 -0.5164E-06-0.3517E-01 0.3384E-01  0.000      0.000      0.000      0.000      0.4946E-05   0.000       0.000       0.000       0.000       0.000    
 28080000.   10.16024929   10.2993   0.000       0.000      0.1391E-02 -0.6878E-06-0.3700E-01 0.3561E-01  0.000      0.000      0.000      0.000      0.6542E-05   0.000       0.000       0.000       0.000       0.000    
 28166400.   10.16459946   10.3050   0.000       0.000      0.1404E-02 -0.2517E-06-0.3755E-01 0.3615E-01  0.000      0.000      0.000      0.000      0.2381E-05   0.000       0.000       0.000       0.000       0.000    
 28252800.   10.15912296   10.2958   0.000       0.000      0.1366E-02  0.3169E-06-0.3658E-01 0.3521E-01  0.000      0.000      0.000      0.000     -0.2999E-05   0.000       0.000       0.000       0.000       0.000    
 28339200.   10.15309488   10.2865   0.000       0.000      0.1334E-02  0.3488E-06-0.3555E-01 0.3422E-01  0.000      0.000      0.000      0.000     -0.3314E-05   0.000       0.000       0.000       0.000       0.000    
 28425600.   10.14757075   10.2782   0.000       0.000      0.1306E-02  0.3197E-06-0.3464E-01 0.3333E-01  0.000      0.000      0.000      0.000     -0.3049E-05   0.000       0.000       0.000       0.000       0.000    
 28512000.   10.14259348   10.2709   0.000       0.000      0.1283E-02  0.2880E-06-0.3384E-01 0.3255E-01  0.000      0.000      0.000      0.000     -0.2756E-05   0.000       0.000       0.000       0.000       0.000    
 28598400.   10.13808793   10.2644   0.000       0.000      0.1263E-02  0.2607E-06-0.3312E-01 0.3186E-01  0.000      0.000      0.000      0.000     -0.2503E-05   0.000       0.000       0.000       0.000       0.000    
 28684800.   10.13397787   10.2585   0.000       0.000      0.1245E-02  0.2379E-06-0.3248E-01 0.3124E-01  0.000      0.000      0.000      0.000     -0.2289E-05   0.000       0.000       0.000       0.000       0.000    
 28771200.   10.13019093   10.2531   0.000       0.000      0.1229E-02  0.2192E-06-0.3190E-01 0.3067E-01  0.000      0.000      0.000      0.000     -0.2114E-05   0.000       0.000       0.000       0.000       0.000    
 28857600.   10.12668944   10.2482   0.000       0.000      0.1215E-02  0.2026E-06-0.3136E-01 0.3014E-01  0.000      0.000      0.000      0.000     -0.1958E-05   0.000       0.000       0.000       0.000       0.000    
 28944000.   10.12338490   10.2435   0.000       0.000      0.1201E-02  0.1912E-06-0.3086E-01 0.2965E-01  0.000      0.000      0.000      0.000     -0.1852E-05   0.000       0.000       0.000       0.000       0.000    
 29030400.   10.12024187   10.2391   0.000       0.000      0.1188E-02  0.1819E-06-0.3038E-01 0.2919E-01  0.000      0.000      0.000      0.000     -0.1764E-05   0.000       0.000       0.000       0.000       0.000    
 29116800.   10.11730243   10.2349   0.000       0.000      0.1176E-02  0.1701E-06-0.2993E-01 0.2875E-01  0.000      0.000      0.000      0.000     -0.1652E-05   0.000       0.000       0.000       0.000       0.000    
 29203200.   10.11448315   10.2309   0.000       0.000      0.1164E-02  0.1632E-06-0.2950E-01 0.2834E-01  0.000      0.000      0.000      0.000     -0.1587E-05   0.000       0.000       0.000       0.000       0.000    
 29289600.   10.11185418   10.2272   0.000       0.000      0.1153E-02  0.1521E-06-0.2911E-01 0.2795E-01  0.000      0.000      0.000      0.000     -0.1482E-05   0.000       0.000       0.000       0.000       0.000    
 29376000.   10.10941482   10.2237   0.000       0.000      0.1143E-02  0.1412E-06-0.2874E-01 0.2760E-01  0.000      0.000      0.000      0.000     -0.1377E-05   0.000       0.000       0.000       0.000       0.000    
 29462400.   10.10713411   10.2205   0.000       0.000      0.1134E-02  0.1320E-06-0.2840E-01 0.2726E-01  0.000      0.000      0.000      0.000     -0.1289E-05   0.000       0.000       0.000       0.000       0.000    
 29548800.   10.10497376   10.2174   0.000       0.000      0.1124E-02  0.1250E-06-0.2808E-01 0.2695E-01  0.000      0.000      0.000      0.000     -0.1222E-05   0.000       0.000       0.000       0.000       0.000    
 29635200.   10.10291493   10.2145   0.000       0.000      0.1115E-02  0.1191E-06-0.2777E-01 0.2665E-01  0.000      0.000      0.000      0.000     -0.1165E-05   0.000       0.000       0.000       0.000       0.000    
 29721600.   10.10095951   10.2116   0.000       0.000      0.1107E-02  0.1132E-06-0.2748E-01 0.2637E-01  0.000      0.000      0.000      0.000     -0.1108E-05   0.000       0.000       0.000       0.000       0.000    
 29808000.   10.09906680   10.2089   0.000       0.000      0.1098E-02  0.1095E-06-0.2719E-01 0.2609E-01  0.000      0.000      0.000      0.000     -0.1073E-05   0.000       0.000       0.000       0.000       0.000    
 29894400.   10.09725380   10.2063   0.000       0.000      0.1090E-02  0.1049E-06-0.2692E-01 0.2583E-01  0.000      0.000      0.000      0.000     -0.1029E-05   0.000       0.000       0.000       0.000       0.000    
 29980800.   10.09551501   10.2037   0.000       0.000      0.1082E-02  0.1006E-06-0.2666E-01 0.2557E-01  0.000      0.000      0.000      0.000     -0.9874E-06   0.000       0.000       0.000       0.000       0.000    
 30067200.   10.09387433   10.2013   0.000       0.000      0.1075E-02  0.9495E-07-0.2641E-01 0.2533E-01  0.000      0.000      0.000      0.000     -0.9323E-06   0.000       0.000       0.000       0.000       0.000    
 30153600.   10.09231265   10.1990   0.000       0.000      0.1067E-02  0.9037E-07-0.2618E-01 0.2511E-01  0.000      0.000      0.000      0.000     -0.8879E-06   0.000       0.000       0.000       0.000       0.000    
 30240000.   10.09082515   10.1968   0.000       0.000      0.1060E-02  0.8608E-07-0.2595E-01 0.2489E-01  0.000      0.000      0.000      0.000     -0.8463E-06   0.000       0.000       0.000       0.000       0.000    
 30326400.   10.08939354   10.1947   0.000       0.000      0.1053E-02  0.8285E-07-0.2573E-01 0.2468E-01  0.000      0.000      0.000      0.000     -0.8149E-06   0.000       0.000       0.000       0.000       0.000    
 30412800.   10.08801928   10.1926   0.000       0.000      0.1046E-02  0.7953E-07-0.2553E-01 0.2448E-01  0.000      0.000      0.000      0.000     -0.7827E-06   0.000       0.000       0.000       0.000       0.000    
 30499200.   10.08670377   10.1907   0.000       0.000      0.1040E-02  0.7613E-07-0.2533E-01 0.2429E-01  0.000      0.000      0.000      0.000     -0.7496E-06   0.000       0.000       0.000       0.000       0.000    
 30585600.   10.08543703   10.1888   0.000       0.000      0.1033E-02  0.7331E-07-0.2513E-01 0.2410E-01  0.000      0.000      0.000      0.000     -0.7221E-06   0.000       0.000       0.000       0.000       0.000    
 30672000.   10.08421959   10.1869   0.000       0.000      0.1027E-02  0.7045E-07-0.2495E-01 0.2392E-01  0.000      0.000      0.000      0.000     -0.6943E-06   0.000       0.000       0.000       0.000       0.000    
 30758400.   10.08304721   10.1851   0.000       0.000      0.1021E-02  0.6785E-07-0.2477E-01 0.2375E-01  0.000      0.000      0.000      0.000     -0.6689E-06   0.000       0.000       0.000       0.000       0.000    
 30844800.   10.08191616   10.1834   0.000       0.000      0.1015E-02  0.6545E-07-0.2460E-01 0.2358E-01  0.000      0.000      0.000      0.000     -0.6456E-06   0.000       0.000       0.000       0.000       0.000    
 30931200.   10.08081965   10.1817   0.000       0.000      0.1009E-02  0.6346E-07-0.2443E-01 0.2342E-01  0.000      0.000      0.000      0.000     -0.6261E-06   0.000       0.000       0.000       0.000       0.000    
 31017600.   10.07975656   10.1801   0.000       0.000      0.1003E-02  0.6152E-07-0.2427E-01 0.2326E-01  0.000      0.000      0.000      0.000     -0.6072E-06   0.000       0.000       0.000       0.000       0.000    
 31104000.   10.07872895   10.1785   0.000       0.000      0.9976E-03  0.5947E-07-0.2411E-01 0.2311E-01  0.000      0.000      0.000      0.000     -0.5872E-06   0.000       0.000       0.000       0.000       0.000    
 31190400.   10.07773383   10.1769   0.000       0.000      0.9921E-03  0.5759E-07-0.2395E-01 0.2296E-01  0.000      0.000      0.000      0.000     -0.5688E-06   0.000       0.000       0.000       0.000       0.000    
 31276800.   10.07706153   10.1760   0.000       0.000      0.9890E-03  0.3891E-07-0.2387E-01 0.2288E-01  0.000      0.000      0.000      0.000     -0.3844E-06   0.000       0.000       0.000       0.000       0.000    
 31363200.   10.07605528   10.1743   0.000       0.000      0.9828E-03  0.5823E-07-0.2371E-01 0.2272E-01  0.000      0.000      0.000      0.000     -0.5755E-06   0.000       0.000       0.000       0.000       0.000    
 31449600.   10.07510959   10.1728   0.000       0.000      0.9772E-03  0.5473E-07-0.2355E-01 0.2258E-01  0.000      0.000      0.000      0.000     -0.5410E-06   0.000       0.000       0.000       0.000       0.000    
 31536000.   10.07420580   10.1714   0.000       0.000      0.9719E-03  0.5230E-07-0.2341E-01 0.2244E-01  0.000      0.000      0.000      0.000     -0.5172E-06   0.000       0.000       0.000       0.000       0.000    
 31622400.   10.07319207   10.1698   0.000       0.000      0.9656E-03  0.5866E-07-0.2324E-01 0.2227E-01  0.000      0.000      0.000      0.000     -0.5802E-06   0.000       0.000       0.000       0.000       0.000    
