TOTIM (T)      HCON          HMAT      QDIR      QWELL        QMAT       QCADS      QTUB1      QTUB2      QTUB3      QTUB4      QTUB5      QTUB6       NSTOR        QFIX        QLH     FHLQ (LQ)        CAUCHY   CAUCHY (LQ)
    86400.   10.55219060   10.6993   0.000       0.000      0.1471E-02   0.000     0.1647    -0.1662      0.000      0.000      0.000      0.000       0.000       0.000       0.000       0.000       0.000       0.000    
   172800.   10.53734934   10.6824   0.000       0.000      0.1451E-02  0.8589E-06 0.1632    -0.1646      0.000      0.000      0.000      0.000       0.000       0.000       0.000       0.000       0.000       0.000    
   259200.   10.53788649   10.6832   0.000       0.000      0.1453E-02 -0.3109E-07 0.1631    -0.1645      0.000      0.000      0.000      0.000       0.000       0.000       0.000       0.000       0.000       0.000    
   345600.   10.53668547   10.6818   0.000       0.000      0.1451E-02  0.6950E-07 0.1629    -0.1643      0.000      0.000      0.000      0.000       0.000       0.000       0.000       0.000       0.000       0.000    
   432000.   10.54669212   10.6932   0.000       0.000      0.1465E-02 -0.5791E-06 0.1638    -0.1653      0.000      0.000      0.000      0.000       0.000       0.000       0.000       0.000       0.000       0.000    
   518400.   10.55246346   10.6996   0.000       0.000      0.1472E-02 -0.3340E-06 0.1645    -0.1660      0.000      0.000      0.000      0.000       0.000       0.000       0.000       0.000       0.000       0.000    
   604800.   10.55400386   10.7013   0.000       0.000      0.1473E-02 -0.8914E-07 0.1648    -0.1662      0.000      0.000      0.000      0.000       0.000       0.000       0.000       0.000       0.000       0.000    
   691200.   10.56914212   10.7185   0.000       0.000      0.1494E-02 -0.8761E-06 0.1664    -0.1679      0.000      0.000      0.000      0.000       0.000       0.000       0.000       0.000       0.000       0.000    
   777600.   10.61039132   10.7651   0.000       0.000      0.1547E-02 -0.2387E-05 0.1706    -0.1722      0.000      0.000      0.000      0.000       0.000       0.000       0.000       0.000       0.000       0.000    
   864000.   10.67100421   10.8330   0.000       0.000      0.1620E-02 -0.3508E-05 0.1768    -0.1784      0.000      0.000      0.000      0.000       0.000       0.000       0.000       0.000       0.000       0.000    
   950400.   10.69708463   10.8618   0.000       0.000      0.1648E-02 -0.1509E-05 0.1801    -0.1818      0.000      0.000      0.000      0.000       0.000       0.000       0.000       0.000       0.000       0.000    
  1036800.   10.76282918   10.9353   0.000       0.000      0.1725E-02 -0.3805E-05 0.1866    -0.1883      0.000      0.000      0.000      0.000       0.000       0.000       0.000       0.000       0.000       0.000    
  1123200.   10.88226019   11.0679   0.000       0.000      0.1856E-02 -0.6912E-05 0.1971    -0.1989      0.000      0.000      0.000      0.000       0.000       0.000       0.000       0.000       0.000       0.000    
  1209600.   10.86337922   11.0464   0.000       0.000      0.1830E-02  0.1093E-05 0.1978    -0.1996      0.000      0.000      0.000      0.000       0.000       0.000       0.000       0.000       0.000       0.000    
  1296000.   10.84359678   11.0249   0.000       0.000      0.1813E-02  0.1145E-05 0.1972    -0.1990      0.000      0.000      0.000      0.000       0.000       0.000       0.000       0.000       0.000       0.000    
  1382400.   10.82477382   11.0045   0.000       0.000      0.1797E-02  0.1089E-05 0.1961    -0.1979      0.000      0.000      0.000      0.000       0.000       0.000       0.000       0.000       0.000       0.000    
  1468800.   10.80673643   10.9849   0.000       0.000      0.1782E-02  0.1044E-05 0.1947    -0.1965      0.000      0.000      0.000      0.000       0.000       0.000       0.000       0.000       0.000       0.000    
  1555200.   10.78772444   10.9642   0.000       0.000      0.1765E-02  0.1100E-05 0.1931    -0.1949      0.000      0.000      0.000      0.000       0.000       0.000       0.000       0.000       0.000       0.000    
  1641600.   10.76881507   10.9436   0.000       0.000      0.1747E-02  0.1094E-05 0.1914    -0.1932      0.000      0.000      0.000      0.000       0.000       0.000       0.000       0.000       0.000       0.000    
  1728000.   10.75297711   10.9263   0.000       0.000      0.1733E-02  0.9165E-06 0.1899    -0.1916      0.000      0.000      0.000      0.000       0.000       0.000       0.000       0.000       0.000       0.000    
  1814400.   10.73916456   10.9112   0.000       0.000      0.1720E-02  0.7993E-06 0.1885    -0.1902      0.000      0.000      0.000      0.000       0.000       0.000       0.000       0.000       0.000       0.000    
  1900800.   10.72362320   10.8940   0.000       0.000      0.1704E-02  0.8994E-06 0.1869    -0.1886      0.000      0.000      0.000      0.000       0.000       0.000       0.000       0.000       0.000       0.000    
  1987200.   10.70949769   10.8785   0.000       0.000      0.1690E-02  0.8174E-06 0.1854    -0.1871      0.000      0.000      0.000      0.000       0.000       0.000       0.000       0.000       0.000       0.000    
  2073600.   10.69795713   10.8658   0.000       0.000      0.1678E-02  0.6679E-06 0.1841    -0.1858      0.000      0.000      0.000      0.000       0.000       0.000       0.000       0.000       0.000       0.000    
  2160000.   10.68445215   10.8508   0.000       0.000      0.1663E-02  0.7815E-06 0.1827    -0.1843      0.000      0.000      0.000      0.000       0.000       0.000       0.000       0.000       0.000       0.000    
  2246400.   10.67117959   10.8361   0.000       0.000      0.1649E-02  0.7681E-06 0.1812    -0.1829      0.000      0.000      0.000      0.000       0.000       0.000       0.000       0.000       0.000       0.000    
  2332800.   10.65824942   10.8217   0.000       0.000      0.1634E-02  0.7483E-06 0.1797    -0.1814      0.000      0.000      0.000      0.000       0.000       0.000       0.000       0.000       0.000       0.000    
  2419200.   10.64570976   10.8077   0.000       0.000      0.1620E-02  0.7257E-06 0.1783    -0.1799      0.000      0.000      0.000      0.000       0.000       0.000       0.000       0.000       0.000       0.000    
  2505600.   10.64033661   10.8017   0.000       0.000      0.1614E-02  0.3109E-06 0.1775    -0.1791      0.000      0.000      0.000      0.000       0.000       0.000       0.000       0.000       0.000       0.000    
  2592000.   10.63216370   10.7925   0.000       0.000      0.1604E-02  0.4730E-06 0.1765    -0.1781      0.000      0.000      0.000      0.000       0.000       0.000       0.000       0.000       0.000       0.000    
  2678400.   10.64877077   10.8113   0.000       0.000      0.1625E-02 -0.9611E-06 0.1778    -0.1794      0.000      0.000      0.000      0.000       0.000       0.000       0.000       0.000       0.000       0.000    
  2764800.   10.71323903   10.8836   0.000       0.000      0.1703E-02 -0.3731E-05 0.1835    -0.1852      0.000      0.000      0.000      0.000       0.000       0.000       0.000       0.000       0.000       0.000    
  2851200.   10.87178045   11.0598   0.000       0.000      0.1880E-02 -0.9175E-05 0.1970    -0.1989      0.000      0.000      0.000      0.000       0.000       0.000       0.000       0.000       0.000       0.000    
  2937600.   10.83856171   11.0218   0.000       0.000      0.1833E-02  0.1922E-05 0.1967    -0.1986      0.000      0.000      0.000      0.000       0.000       0.000       0.000       0.000       0.000       0.000    
  3024000.   10.84297899   11.0271   0.000       0.000      0.1841E-02 -0.2556E-06 0.1979    -0.1997      0.000      0.000      0.000      0.000       0.000       0.000       0.000       0.000       0.000       0.000    
  3110400.   10.84351520   11.0279   0.000       0.000      0.1844E-02 -0.3103E-07 0.1984    -0.2002      0.000      0.000      0.000      0.000       0.000       0.000       0.000       0.000       0.000       0.000    
  3196800.   10.83261685   11.0160   0.000       0.000      0.1834E-02  0.6307E-06 0.1979    -0.1997      0.000      0.000      0.000      0.000       0.000       0.000       0.000       0.000       0.000       0.000    
  3283200.   10.81687972   10.9988   0.000       0.000      0.1819E-02  0.9107E-06 0.1968    -0.1986      0.000      0.000      0.000      0.000       0.000       0.000       0.000       0.000       0.000       0.000    
  3369600.   10.81937001   11.0019   0.000       0.000      0.1825E-02 -0.1441E-06 0.1969    -0.1988      0.000      0.000      0.000      0.000       0.000       0.000       0.000       0.000       0.000       0.000    
  3456000.   10.83189557   11.0160   0.000       0.000      0.1841E-02 -0.7249E-06 0.1980    -0.1998      0.000      0.000      0.000      0.000       0.000       0.000       0.000       0.000       0.000       0.000    
  3542400.   10.85134243   11.0377   0.000       0.000      0.1863E-02 -0.1125E-05 0.1997    -0.2015      0.000      0.000      0.000      0.000       0.000       0.000       0.000       0.000       0.000       0.000    
  3628800.   10.85806287   11.0452   0.000       0.000      0.1871E-02 -0.3889E-06 0.2006    -0.2024      0.000      0.000      0.000      0.000       0.000       0.000       0.000       0.000       0.000       0.000    
  3715200.   10.84742746   11.0334   0.000       0.000      0.1860E-02  0.6155E-06 0.2001    -0.2019      0.000      0.000      0.000      0.000       0.000       0.000       0.000       0.000       0.000       0.000    
  3801600.   10.85053430   11.0371   0.000       0.000      0.1866E-02 -0.1798E-06 0.2004    -0.2022      0.000      0.000      0.000      0.000       0.000       0.000       0.000       0.000       0.000       0.000    
  3888000.   10.86145266   11.0494   0.000       0.000      0.1879E-02 -0.6318E-06 0.2013    -0.2032      0.000      0.000      0.000      0.000       0.000       0.000       0.000       0.000       0.000       0.000    
  3974400.   10.88604334   11.0768   0.000       0.000      0.1907E-02 -0.1423E-05 0.2034    -0.2053      0.000      0.000      0.000      0.000       0.000       0.000       0.000       0.000       0.000       0.000    
  4060800.   10.90536100   11.0982   0.000       0.000      0.1928E-02 -0.1118E-05 0.2052    -0.2072      0.000      0.000      0.000      0.000       0.000       0.000       0.000       0.000       0.000       0.000    
  4147200.   10.89434659   11.0860   0.000       0.000      0.1916E-02  0.6374E-06 0.2049    -0.2068      0.000      0.000      0.000      0.000       0.000       0.000       0.000       0.000       0.000       0.000    
  4233600.   10.87811932   11.0682   0.000       0.000      0.1901E-02  0.9391E-06 0.2039    -0.2058      0.000      0.000      0.000      0.000       0.000       0.000       0.000       0.000       0.000       0.000    
  4320000.   10.86503236   11.0540   0.000       0.000      0.1889E-02  0.7573E-06 0.2029    -0.2048      0.000      0.000      0.000      0.000       0.000       0.000       0.000       0.000       0.000       0.000    
  4406400.   10.85107667   11.0387   0.000       0.000      0.1876E-02  0.8076E-06 0.2017    -0.2036      0.000      0.000      0.000      0.000       0.000       0.000       0.000       0.000       0.000       0.000    
  4492800.   10.84009488   11.0267   0.000       0.000      0.1866E-02  0.6355E-06 0.2007    -0.2025      0.000      0.000      0.000      0.000       0.000       0.000       0.000       0.000       0.000       0.000    
  4579200.   10.82578317   11.0109   0.000       0.000      0.1851E-02  0.8282E-06 0.1994    -0.2012      0.000      0.000      0.000      0.000       0.000       0.000       0.000       0.000       0.000       0.000    
  4665600.   10.81070936   10.9943   0.000       0.000      0.1836E-02  0.8723E-06 0.1979    -0.1998      0.000      0.000      0.000      0.000       0.000       0.000       0.000       0.000       0.000       0.000    
  4752000.   10.83341260   11.0197   0.000       0.000      0.1863E-02 -0.1314E-05 0.1994    -0.2013      0.000      0.000      0.000      0.000       0.000       0.000       0.000       0.000       0.000       0.000    
  4838400.   10.86526350   11.0550   0.000       0.000      0.1898E-02 -0.1843E-05 0.2020    -0.2039      0.000      0.000      0.000      0.000       0.000       0.000       0.000       0.000       0.000       0.000    
  4924800.   10.90043041   11.0939   0.000       0.000      0.1934E-02 -0.2035E-05 0.2050    -0.2070      0.000      0.000      0.000      0.000       0.000       0.000       0.000       0.000       0.000       0.000    
  5011200.   10.92179806   11.1174   0.000       0.000      0.1956E-02 -0.1237E-05 0.2072    -0.2092      0.000      0.000      0.000      0.000       0.000       0.000       0.000       0.000       0.000       0.000    
  5097600.   10.90967269   11.1039   0.000       0.000      0.1942E-02  0.7017E-06 0.2069    -0.2089      0.000      0.000      0.000      0.000       0.000       0.000       0.000       0.000       0.000       0.000    
  5184000.   10.89324238   11.0858   0.000       0.000      0.1926E-02  0.9508E-06 0.2059    -0.2079      0.000      0.000      0.000      0.000       0.000       0.000       0.000       0.000       0.000       0.000    
  5270400.   10.87913052   11.0704   0.000       0.000      0.1913E-02  0.8167E-06 0.2049    -0.2068      0.000      0.000      0.000      0.000       0.000       0.000       0.000       0.000       0.000       0.000    
  5356800.   10.86324499   11.0529   0.000       0.000      0.1897E-02  0.9193E-06 0.2035    -0.2054      0.000      0.000      0.000      0.000       0.000       0.000       0.000       0.000       0.000       0.000    
  5443200.   10.87198265   11.0628   0.000       0.000      0.1908E-02 -0.5057E-06 0.2040    -0.2059      0.000      0.000      0.000      0.000       0.000       0.000       0.000       0.000       0.000       0.000    
  5529600.   10.88268192   11.0747   0.000       0.000      0.1920E-02 -0.6192E-06 0.2048    -0.2067      0.000      0.000      0.000      0.000       0.000       0.000       0.000       0.000       0.000       0.000    
  5616000.   10.89407200   11.0873   0.000       0.000      0.1932E-02 -0.6591E-06 0.2058    -0.2077      0.000      0.000      0.000      0.000       0.000       0.000       0.000       0.000       0.000       0.000    
  5702400.   10.90119108   11.0952   0.000       0.000      0.1940E-02 -0.4120E-06 0.2065    -0.2085      0.000      0.000      0.000      0.000       0.000       0.000       0.000       0.000       0.000       0.000    
  5788800.   10.89702182   11.0905   0.000       0.000      0.1935E-02  0.2413E-06 0.2064    -0.2084      0.000      0.000      0.000      0.000       0.000       0.000       0.000       0.000       0.000       0.000    
  5875200.   10.89765775   11.0913   0.000       0.000      0.1937E-02 -0.3680E-07 0.2066    -0.2085      0.000      0.000      0.000      0.000       0.000       0.000       0.000       0.000       0.000       0.000    
  5961600.   10.89388959   11.0872   0.000       0.000      0.1933E-02  0.2181E-06 0.2064    -0.2083      0.000      0.000      0.000      0.000       0.000       0.000       0.000       0.000       0.000       0.000    
  6048000.   10.88284641   11.0750   0.000       0.000      0.1921E-02  0.6391E-06 0.2056    -0.2075      0.000      0.000      0.000      0.000       0.000       0.000       0.000       0.000       0.000       0.000    
  6134400.   10.86877691   11.0595   0.000       0.000      0.1907E-02  0.8142E-06 0.2044    -0.2063      0.000      0.000      0.000      0.000       0.000       0.000       0.000       0.000       0.000       0.000    
  6220800.   10.85350045   11.0426   0.000       0.000      0.1891E-02  0.8841E-06 0.2031    -0.2050      0.000      0.000      0.000      0.000       0.000       0.000       0.000       0.000       0.000       0.000    
  6307200.   10.83788284   11.0254   0.000       0.000      0.1875E-02  0.9038E-06 0.2017    -0.2035      0.000      0.000      0.000      0.000       0.000       0.000       0.000       0.000       0.000       0.000    
  6393600.   10.82237290   11.0082   0.000       0.000      0.1858E-02  0.8976E-06 0.2002    -0.2020      0.000      0.000      0.000      0.000       0.000       0.000       0.000       0.000       0.000       0.000    
  6480000.   10.80713396   10.9913   0.000       0.000      0.1841E-02  0.8819E-06 0.1986    -0.2005      0.000      0.000      0.000      0.000       0.000       0.000       0.000       0.000       0.000       0.000    
  6566400.   10.79215889   10.9746   0.000       0.000      0.1825E-02  0.8666E-06 0.1971    -0.1989      0.000      0.000      0.000      0.000       0.000       0.000       0.000       0.000       0.000       0.000    
  6652800.   10.77747057   10.9583   0.000       0.000      0.1808E-02  0.8500E-06 0.1956    -0.1974      0.000      0.000      0.000      0.000       0.000       0.000       0.000       0.000       0.000       0.000    
  6739200.   10.76327097   10.9424   0.000       0.000      0.1791E-02  0.8217E-06 0.1940    -0.1958      0.000      0.000      0.000      0.000       0.000       0.000       0.000       0.000       0.000       0.000    
  6825600.   10.74919587   10.9266   0.000       0.000      0.1775E-02  0.8145E-06 0.1925    -0.1943      0.000      0.000      0.000      0.000       0.000       0.000       0.000       0.000       0.000       0.000    
  6912000.   10.73528236   10.9110   0.000       0.000      0.1758E-02  0.8052E-06 0.1909    -0.1927      0.000      0.000      0.000      0.000       0.000       0.000       0.000       0.000       0.000       0.000    
  6998400.   10.72173274   10.8958   0.000       0.000      0.1741E-02  0.7841E-06 0.1894    -0.1912      0.000      0.000      0.000      0.000       0.000       0.000       0.000       0.000       0.000       0.000    
  7084800.   10.70872501   10.8812   0.000       0.000      0.1725E-02  0.7528E-06 0.1879    -0.1896      0.000      0.000      0.000      0.000       0.000       0.000       0.000       0.000       0.000       0.000    
  7171200.   10.69619265   10.8670   0.000       0.000      0.1709E-02  0.7253E-06 0.1865    -0.1882      0.000      0.000      0.000      0.000       0.000       0.000       0.000       0.000       0.000       0.000    
  7257600.   10.68400843   10.8533   0.000       0.000      0.1693E-02  0.7051E-06 0.1850    -0.1867      0.000      0.000      0.000      0.000       0.000       0.000       0.000       0.000       0.000       0.000    
  7344000.   10.67229743   10.8400   0.000       0.000      0.1677E-02  0.6777E-06 0.1836    -0.1853      0.000      0.000      0.000      0.000       0.000       0.000       0.000       0.000       0.000       0.000    
  7430400.   10.66184335   10.8281   0.000       0.000      0.1663E-02  0.6050E-06 0.1823    -0.1839      0.000      0.000      0.000      0.000       0.000       0.000       0.000       0.000       0.000       0.000    
  7516800.   10.65154485   10.8164   0.000       0.000      0.1648E-02  0.5960E-06 0.1810    -0.1826      0.000      0.000      0.000      0.000       0.000       0.000       0.000       0.000       0.000       0.000    
  7603200.   10.64095724   10.8043   0.000       0.000      0.1634E-02  0.6127E-06 0.1797    -0.1813      0.000      0.000      0.000      0.000       0.000       0.000       0.000       0.000       0.000       0.000    
  7689600.   10.63072714   10.7926   0.000       0.000      0.1619E-02  0.5920E-06 0.1784    -0.1800      0.000      0.000      0.000      0.000       0.000       0.000       0.000       0.000       0.000       0.000    
  7776000.   10.62129789   10.7818   0.000       0.000      0.1605E-02  0.5457E-06 0.1772    -0.1788      0.000      0.000      0.000      0.000       0.000       0.000       0.000       0.000       0.000       0.000    
  7862400.   10.61174795   10.7709   0.000       0.000      0.1591E-02  0.5527E-06 0.1759    -0.1775      0.000      0.000      0.000      0.000       0.000       0.000       0.000       0.000       0.000       0.000    
  7948800.   10.60251941   10.7603   0.000       0.000      0.1577E-02  0.5341E-06 0.1747    -0.1763      0.000      0.000      0.000      0.000       0.000       0.000       0.000       0.000       0.000       0.000    
  8035200.   10.59358959   10.7500   0.000       0.000      0.1564E-02  0.5168E-06 0.1735    -0.1751      0.000      0.000      0.000      0.000       0.000       0.000       0.000       0.000       0.000       0.000    
  8121600.   10.58493834   10.7400   0.000       0.000      0.1551E-02  0.5007E-06 0.1724    -0.1739      0.000      0.000      0.000      0.000       0.000       0.000       0.000       0.000       0.000       0.000    
  8208000.   10.57654846   10.7303   0.000       0.000      0.1538E-02  0.4855E-06 0.1712    -0.1728      0.000      0.000      0.000      0.000       0.000       0.000       0.000       0.000       0.000       0.000    
  8294400.   10.56840441   10.7209   0.000       0.000      0.1525E-02  0.4713E-06 0.1701    -0.1717      0.000      0.000      0.000      0.000       0.000       0.000       0.000       0.000       0.000       0.000    
  8380800.   10.60772539   10.7653   0.000       0.000      0.1575E-02 -0.2276E-05 0.1737    -0.1753      0.000      0.000      0.000      0.000       0.000       0.000       0.000       0.000       0.000       0.000    
  8467200.   10.61113571   10.7685   0.000       0.000      0.1574E-02 -0.1974E-06 0.1743    -0.1759      0.000      0.000      0.000      0.000       0.000       0.000       0.000       0.000       0.000       0.000    
  8553600.   10.61153986   10.7687   0.000       0.000      0.1571E-02 -0.2339E-07 0.1745    -0.1761      0.000      0.000      0.000      0.000       0.000       0.000       0.000       0.000       0.000       0.000    
  8640000.   10.60793559   10.7644   0.000       0.000      0.1565E-02  0.2086E-06 0.1742    -0.1758      0.000      0.000      0.000      0.000       0.000       0.000       0.000       0.000       0.000       0.000    
  8726400.   10.60243094   10.7580   0.000       0.000      0.1556E-02  0.3186E-06 0.1736    -0.1752      0.000      0.000      0.000      0.000       0.000       0.000       0.000       0.000       0.000       0.000    
  8812800.   10.59598585   10.7506   0.000       0.000      0.1546E-02  0.3730E-06 0.1729    -0.1744      0.000      0.000      0.000      0.000       0.000       0.000       0.000       0.000       0.000       0.000    
  8899200.   10.58785430   10.7413   0.000       0.000      0.1534E-02  0.4706E-06 0.1719    -0.1735      0.000      0.000      0.000      0.000       0.000       0.000       0.000       0.000       0.000       0.000    
  8985600.   10.58537363   10.7384   0.000       0.000      0.1530E-02  0.1436E-06 0.1715    -0.1730      0.000      0.000      0.000      0.000       0.000       0.000       0.000       0.000       0.000       0.000    
  9072000.   10.59214683   10.7459   0.000       0.000      0.1538E-02 -0.3920E-06 0.1720    -0.1736      0.000      0.000      0.000      0.000       0.000       0.000       0.000       0.000       0.000       0.000    
  9158400.   10.58881926   10.7419   0.000       0.000      0.1531E-02  0.1926E-06 0.1717    -0.1732      0.000      0.000      0.000      0.000       0.000       0.000       0.000       0.000       0.000       0.000    
  9244800.   10.61257425   10.7686   0.000       0.000      0.1561E-02 -0.1375E-05 0.1739    -0.1755      0.000      0.000      0.000      0.000       0.000       0.000       0.000       0.000       0.000       0.000    
  9331200.   10.67226707   10.8356   0.000       0.000      0.1633E-02 -0.3454E-05 0.1796    -0.1813      0.000      0.000      0.000      0.000       0.000       0.000       0.000       0.000       0.000       0.000    
  9417600.   10.81838328   10.9983   0.000       0.000      0.1799E-02 -0.8456E-05 0.1926    -0.1944      0.000      0.000      0.000      0.000       0.000       0.000       0.000       0.000       0.000       0.000    
  9504000.   10.92382551   11.1141   0.000       0.000      0.1903E-02 -0.6102E-05 0.2026    -0.2045      0.000      0.000      0.000      0.000       0.000       0.000       0.000       0.000       0.000       0.000    
  9590400.   10.89977526   11.0869   0.000       0.000      0.1871E-02  0.1392E-05 0.2032    -0.2051      0.000      0.000      0.000      0.000       0.000       0.000       0.000       0.000       0.000       0.000    
  9676800.   10.87355100   11.0582   0.000       0.000      0.1846E-02  0.1518E-05 0.2022    -0.2041      0.000      0.000      0.000      0.000       0.000       0.000       0.000       0.000       0.000       0.000    
  9763200.   10.84699505   11.0291   0.000       0.000      0.1821E-02  0.1537E-05 0.2005    -0.2023      0.000      0.000      0.000      0.000       0.000       0.000       0.000       0.000       0.000       0.000    
  9849600.   10.82232291   11.0021   0.000       0.000      0.1798E-02  0.1428E-05 0.1986    -0.2004      0.000      0.000      0.000      0.000       0.000       0.000       0.000       0.000       0.000       0.000    
  9936000.   10.83868022   11.0207   0.000       0.000      0.1820E-02 -0.9466E-06 0.1996    -0.2014      0.000      0.000      0.000      0.000       0.000       0.000       0.000       0.000       0.000       0.000    
 10022400.   10.85168224   11.0352   0.000       0.000      0.1835E-02 -0.7524E-06 0.2007    -0.2026      0.000      0.000      0.000      0.000       0.000       0.000       0.000       0.000       0.000       0.000    
 10108800.   10.85519875   11.0392   0.000       0.000      0.1840E-02 -0.2035E-06 0.2013    -0.2031      0.000      0.000      0.000      0.000       0.000       0.000       0.000       0.000       0.000       0.000    
 10195200.   10.86556221   11.0508   0.000       0.000      0.1853E-02 -0.5997E-06 0.2023    -0.2041      0.000      0.000      0.000      0.000       0.000       0.000       0.000       0.000       0.000       0.000    
 10281600.   10.87079399   11.0567   0.000       0.000      0.1859E-02 -0.3028E-06 0.2030    -0.2048      0.000      0.000      0.000      0.000       0.000       0.000       0.000       0.000       0.000       0.000    
 10368000.   10.85974341   11.0445   0.000       0.000      0.1848E-02  0.6395E-06 0.2024    -0.2042      0.000      0.000      0.000      0.000       0.000       0.000       0.000       0.000       0.000       0.000    
 10454400.   10.84322176   11.0264   0.000       0.000      0.1832E-02  0.9561E-06 0.2012    -0.2030      0.000      0.000      0.000      0.000       0.000       0.000       0.000       0.000       0.000       0.000    
 10540800.   10.84259948   11.0260   0.000       0.000      0.1834E-02  0.3601E-07 0.2010    -0.2028      0.000      0.000      0.000      0.000       0.000       0.000       0.000       0.000       0.000       0.000    
 10627200.   10.84986431   11.0342   0.000       0.000      0.1843E-02 -0.4204E-06 0.2015    -0.2033      0.000      0.000      0.000      0.000       0.000       0.000       0.000       0.000       0.000       0.000    
 10713600.   10.85022992   11.0347   0.000       0.000      0.1844E-02 -0.2116E-07 0.2016    -0.2035      0.000      0.000      0.000      0.000       0.000       0.000       0.000       0.000       0.000       0.000    
 10800000.   10.84207131   11.0257   0.000       0.000      0.1836E-02  0.4721E-06 0.2011    -0.2029      0.000      0.000      0.000      0.000       0.000       0.000       0.000       0.000       0.000       0.000    
 10886400.   10.82884845   11.0111   0.000       0.000      0.1823E-02  0.7652E-06 0.2000    -0.2019      0.000      0.000      0.000      0.000       0.000       0.000       0.000       0.000       0.000       0.000    
 10972800.   10.81308627   10.9938   0.000       0.000      0.1807E-02  0.9122E-06 0.1987    -0.2005      0.000      0.000      0.000      0.000       0.000       0.000       0.000       0.000       0.000       0.000    
 11059200.   10.79488660   10.9737   0.000       0.000      0.1788E-02  0.1053E-05 0.1970    -0.1988      0.000      0.000      0.000      0.000       0.000       0.000       0.000       0.000       0.000       0.000    
 11145600.   10.77674980   10.9536   0.000       0.000      0.1769E-02  0.1050E-05 0.1952    -0.1970      0.000      0.000      0.000      0.000       0.000       0.000       0.000       0.000       0.000       0.000    
 11232000.   10.75946886   10.9345   0.000       0.000      0.1750E-02  0.1000E-05 0.1934    -0.1952      0.000      0.000      0.000      0.000       0.000       0.000       0.000       0.000       0.000       0.000    
 11318400.   10.74302465   10.9162   0.000       0.000      0.1732E-02  0.9516E-06 0.1917    -0.1934      0.000      0.000      0.000      0.000       0.000       0.000       0.000       0.000       0.000       0.000    
 11404800.   10.74738644   10.9212   0.000       0.000      0.1738E-02 -0.2524E-06 0.1916    -0.1934      0.000      0.000      0.000      0.000       0.000       0.000       0.000       0.000       0.000       0.000    
 11491200.   10.73247160   10.9044   0.000       0.000      0.1720E-02  0.8631E-06 0.1902    -0.1920      0.000      0.000      0.000      0.000       0.000       0.000       0.000       0.000       0.000       0.000    
 11577600.   10.75522162   10.9300   0.000       0.000      0.1747E-02 -0.1317E-05 0.1919    -0.1936      0.000      0.000      0.000      0.000       0.000       0.000       0.000       0.000       0.000       0.000    
 11664000.   10.81729334   10.9990   0.000       0.000      0.1817E-02 -0.3592E-05 0.1969    -0.1987      0.000      0.000      0.000      0.000       0.000       0.000       0.000       0.000       0.000       0.000    
 11750400.   10.96572052   11.1631   0.000       0.000      0.1974E-02 -0.8590E-05 0.2086    -0.2106      0.000      0.000      0.000      0.000       0.000       0.000       0.000       0.000       0.000       0.000    
 11836800.   10.93327839   11.1263   0.000       0.000      0.1930E-02  0.1877E-05 0.2085    -0.2104      0.000      0.000      0.000      0.000       0.000       0.000       0.000       0.000       0.000       0.000    
 11923200.   10.90604646   11.0964   0.000       0.000      0.1904E-02  0.1576E-05 0.2072    -0.2091      0.000      0.000      0.000      0.000       0.000       0.000       0.000       0.000       0.000       0.000    
 12009600.   10.88183555   11.0699   0.000       0.000      0.1881E-02  0.1401E-05 0.2055    -0.2074      0.000      0.000      0.000      0.000       0.000       0.000       0.000       0.000       0.000       0.000    
 12096000.   10.87609436   11.0638   0.000       0.000      0.1877E-02  0.3322E-06 0.2050    -0.2068      0.000      0.000      0.000      0.000       0.000       0.000       0.000       0.000       0.000       0.000    
 12182400.   10.86831000   11.0554   0.000       0.000      0.1870E-02  0.4505E-06 0.2043    -0.2062      0.000      0.000      0.000      0.000       0.000       0.000       0.000       0.000       0.000       0.000    
 12268800.   10.85533539   11.0411   0.000       0.000      0.1858E-02  0.7508E-06 0.2032    -0.2051      0.000      0.000      0.000      0.000       0.000       0.000       0.000       0.000       0.000       0.000    
 12355200.   10.83937560   11.0235   0.000       0.000      0.1841E-02  0.9236E-06 0.2018    -0.2037      0.000      0.000      0.000      0.000       0.000       0.000       0.000       0.000       0.000       0.000    
 12441600.   10.82818675   11.0112   0.000       0.000      0.1830E-02  0.6475E-06 0.2007    -0.2026      0.000      0.000      0.000      0.000       0.000       0.000       0.000       0.000       0.000       0.000    
 12528000.   10.86777601   11.0554   0.000       0.000      0.1876E-02 -0.2291E-05 0.2035    -0.2054      0.000      0.000      0.000      0.000       0.000       0.000       0.000       0.000       0.000       0.000    
 12614400.   10.91225574   11.1045   0.000       0.000      0.1922E-02 -0.2574E-05 0.2071    -0.2090      0.000      0.000      0.000      0.000       0.000       0.000       0.000       0.000       0.000       0.000    
 12700800.   10.90374079   11.0948   0.000       0.000      0.1910E-02  0.4928E-06 0.2072    -0.2091      0.000      0.000      0.000      0.000       0.000       0.000       0.000       0.000       0.000       0.000    
 12787200.   10.88968845   11.0793   0.000       0.000      0.1896E-02  0.8132E-06 0.2065    -0.2084      0.000      0.000      0.000      0.000       0.000       0.000       0.000       0.000       0.000       0.000    
 12873600.   10.87166941   11.0595   0.000       0.000      0.1878E-02  0.1043E-05 0.2051    -0.2070      0.000      0.000      0.000      0.000       0.000       0.000       0.000       0.000       0.000       0.000    
 12960000.   10.87603328   11.0645   0.000       0.000      0.1885E-02 -0.2525E-06 0.2053    -0.2072      0.000      0.000      0.000      0.000       0.000       0.000       0.000       0.000       0.000       0.000    
 13046400.   10.86799751   11.0556   0.000       0.000      0.1876E-02  0.4650E-06 0.2047    -0.2065      0.000      0.000      0.000      0.000       0.000       0.000       0.000       0.000       0.000       0.000    
 13132800.   10.85616056   11.0426   0.000       0.000      0.1864E-02  0.6850E-06 0.2037    -0.2056      0.000      0.000      0.000      0.000       0.000       0.000       0.000       0.000       0.000       0.000    
 13219200.   10.84801578   11.0336   0.000       0.000      0.1856E-02  0.4713E-06 0.2029    -0.2048      0.000      0.000      0.000      0.000       0.000       0.000       0.000       0.000       0.000       0.000    
 13305600.   10.83607082   11.0204   0.000       0.000      0.1843E-02  0.6913E-06 0.2018    -0.2037      0.000      0.000      0.000      0.000       0.000       0.000       0.000       0.000       0.000       0.000    
 13392000.   10.85480857   11.0413   0.000       0.000      0.1865E-02 -0.1084E-05 0.2030    -0.2049      0.000      0.000      0.000      0.000       0.000       0.000       0.000       0.000       0.000       0.000    
 13478400.   10.86841439   11.0563   0.000       0.000      0.1879E-02 -0.7874E-06 0.2042    -0.2061      0.000      0.000      0.000      0.000       0.000       0.000       0.000       0.000       0.000       0.000    
 13564800.   10.86413161   11.0515   0.000       0.000      0.1873E-02  0.2478E-06 0.2041    -0.2060      0.000      0.000      0.000      0.000       0.000       0.000       0.000       0.000       0.000       0.000    
 13651200.   10.85575334   11.0422   0.000       0.000      0.1864E-02  0.4849E-06 0.2035    -0.2054      0.000      0.000      0.000      0.000       0.000       0.000       0.000       0.000       0.000       0.000    
 13737600.   10.84412284   11.0293   0.000       0.000      0.1852E-02  0.6731E-06 0.2026    -0.2044      0.000      0.000      0.000      0.000       0.000       0.000       0.000       0.000       0.000       0.000    
 13824000.   10.88272302   11.0723   0.000       0.000      0.1896E-02 -0.2234E-05 0.2053    -0.2072      0.000      0.000      0.000      0.000       0.000       0.000       0.000       0.000       0.000       0.000    
 13910400.   10.93724772   11.1325   0.000       0.000      0.1952E-02 -0.3155E-05 0.2096    -0.2116      0.000      0.000      0.000      0.000       0.000       0.000       0.000       0.000       0.000       0.000    
 13996800.   10.93438855   11.1289   0.000       0.000      0.1945E-02  0.1655E-06 0.2103    -0.2122      0.000      0.000      0.000      0.000       0.000       0.000       0.000       0.000       0.000       0.000    
 14083200.   10.92092159   11.1141   0.000       0.000      0.1932E-02  0.7793E-06 0.2097    -0.2117      0.000      0.000      0.000      0.000       0.000       0.000       0.000       0.000       0.000       0.000    
 14169600.   10.93346150   11.1281   0.000       0.000      0.1947E-02 -0.7257E-06 0.2107    -0.2126      0.000      0.000      0.000      0.000       0.000       0.000       0.000       0.000       0.000       0.000    
 14256000.   10.94363289   11.1394   0.000       0.000      0.1957E-02 -0.5886E-06 0.2116    -0.2136      0.000      0.000      0.000      0.000       0.000       0.000       0.000       0.000       0.000       0.000    
 14342400.   10.99615462   11.1974   0.000       0.000      0.2013E-02 -0.3039E-05 0.2155    -0.2176      0.000      0.000      0.000      0.000       0.000       0.000       0.000       0.000       0.000       0.000    
 14428800.   11.13182505   11.3465   0.000       0.000      0.2146E-02 -0.7851E-05 0.2251    -0.2273      0.000      0.000      0.000      0.000       0.000       0.000       0.000       0.000       0.000       0.000    
 14515200.   11.12439426   11.3376   0.000       0.000      0.2132E-02  0.4300E-06 0.2266    -0.2287      0.000      0.000      0.000      0.000       0.000       0.000       0.000       0.000       0.000       0.000    
 14601600.   11.14347143   11.3588   0.000       0.000      0.2153E-02 -0.1104E-05 0.2288    -0.2309      0.000      0.000      0.000      0.000       0.000       0.000       0.000       0.000       0.000       0.000    
 14688000.   11.18768820   11.4074   0.000       0.000      0.2197E-02 -0.2559E-05 0.2322    -0.2344      0.000      0.000      0.000      0.000       0.000       0.000       0.000       0.000       0.000       0.000    
 14774400.   11.20221130   11.4233   0.000       0.000      0.2211E-02 -0.8405E-06 0.2341    -0.2363      0.000      0.000      0.000      0.000       0.000       0.000       0.000       0.000       0.000       0.000    
 14860800.   11.19188104   11.4122   0.000       0.000      0.2203E-02  0.5978E-06 0.2343    -0.2365      0.000      0.000      0.000      0.000       0.000       0.000       0.000       0.000       0.000       0.000    
 14947200.   11.17905029   11.3984   0.000       0.000      0.2194E-02  0.7425E-06 0.2339    -0.2361      0.000      0.000      0.000      0.000       0.000       0.000       0.000       0.000       0.000       0.000    
 15033600.   11.15961133   11.3774   0.000       0.000      0.2178E-02  0.1125E-05 0.2329    -0.2351      0.000      0.000      0.000      0.000       0.000       0.000       0.000       0.000       0.000       0.000    
 15120000.   11.13736624   11.3534   0.000       0.000      0.2160E-02  0.1287E-05 0.2315    -0.2337      0.000      0.000      0.000      0.000       0.000       0.000       0.000       0.000       0.000       0.000    
 15206400.   11.11220397   11.3261   0.000       0.000      0.2139E-02  0.1456E-05 0.2298    -0.2319      0.000      0.000      0.000      0.000       0.000       0.000       0.000       0.000       0.000       0.000    
 15292800.   11.08565706   11.2972   0.000       0.000      0.2116E-02  0.1536E-05 0.2278    -0.2299      0.000      0.000      0.000      0.000       0.000       0.000       0.000       0.000       0.000       0.000    
 15379200.   11.12127135   11.3367   0.000       0.000      0.2155E-02 -0.2061E-05 0.2296    -0.2318      0.000      0.000      0.000      0.000       0.000       0.000       0.000       0.000       0.000       0.000    
 15465600.   11.13737446   11.3543   0.000       0.000      0.2170E-02 -0.9319E-06 0.2309    -0.2331      0.000      0.000      0.000      0.000       0.000       0.000       0.000       0.000       0.000       0.000    
 15552000.   11.12393164   11.3396   0.000       0.000      0.2157E-02  0.7779E-06 0.2304    -0.2325      0.000      0.000      0.000      0.000       0.000       0.000       0.000       0.000       0.000       0.000    
 15638400.   11.10040322   11.3139   0.000       0.000      0.2135E-02  0.1362E-05 0.2290    -0.2311      0.000      0.000      0.000      0.000       0.000       0.000       0.000       0.000       0.000       0.000    
 15724800.   11.07607603   11.2874   0.000       0.000      0.2113E-02  0.1408E-05 0.2272    -0.2293      0.000      0.000      0.000      0.000       0.000       0.000       0.000       0.000       0.000       0.000    
 15811200.   11.05217106   11.2613   0.000       0.000      0.2091E-02  0.1383E-05 0.2253    -0.2274      0.000      0.000      0.000      0.000       0.000       0.000       0.000       0.000       0.000       0.000    
 15897600.   11.02943624   11.2365   0.000       0.000      0.2070E-02  0.1316E-05 0.2234    -0.2255      0.000      0.000      0.000      0.000       0.000       0.000       0.000       0.000       0.000       0.000    
 15984000.   11.01360465   11.2192   0.000       0.000      0.2056E-02  0.9162E-06 0.2219    -0.2240      0.000      0.000      0.000      0.000       0.000       0.000       0.000       0.000       0.000       0.000    
 16070400.   10.99294152   11.1965   0.000       0.000      0.2035E-02  0.1196E-05 0.2201    -0.2221      0.000      0.000      0.000      0.000       0.000       0.000       0.000       0.000       0.000       0.000    
 16156800.   10.97298389   11.1745   0.000       0.000      0.2015E-02  0.1155E-05 0.2183    -0.2203      0.000      0.000      0.000      0.000       0.000       0.000       0.000       0.000       0.000       0.000    
 16243200.   10.95338034   11.1529   0.000       0.000      0.1995E-02  0.1134E-05 0.2164    -0.2184      0.000      0.000      0.000      0.000       0.000       0.000       0.000       0.000       0.000       0.000    
 16329600.   10.93450294   11.1321   0.000       0.000      0.1976E-02  0.1092E-05 0.2146    -0.2166      0.000      0.000      0.000      0.000       0.000       0.000       0.000       0.000       0.000       0.000    
 16416000.   10.91627404   11.1119   0.000       0.000      0.1956E-02  0.1055E-05 0.2128    -0.2148      0.000      0.000      0.000      0.000       0.000       0.000       0.000       0.000       0.000       0.000    
 16502400.   10.89870814   11.0924   0.000       0.000      0.1937E-02  0.1017E-05 0.2111    -0.2130      0.000      0.000      0.000      0.000       0.000       0.000       0.000       0.000       0.000       0.000    
 16588800.   10.88181416   11.0737   0.000       0.000      0.1919E-02  0.9777E-06 0.2093    -0.2113      0.000      0.000      0.000      0.000       0.000       0.000       0.000       0.000       0.000       0.000    
 16675200.   10.86557246   11.0556   0.000       0.000      0.1900E-02  0.9399E-06 0.2077    -0.2096      0.000      0.000      0.000      0.000       0.000       0.000       0.000       0.000       0.000       0.000    
 16761600.   10.85313818   11.0417   0.000       0.000      0.1886E-02  0.7196E-06 0.2062    -0.2081      0.000      0.000      0.000      0.000       0.000       0.000       0.000       0.000       0.000       0.000    
 16848000.   10.84373137   11.0312   0.000       0.000      0.1874E-02  0.5444E-06 0.2051    -0.2070      0.000      0.000      0.000      0.000       0.000       0.000       0.000       0.000       0.000       0.000    
 16934400.   10.84580168   11.0333   0.000       0.000      0.1875E-02 -0.1198E-06 0.2049    -0.2068      0.000      0.000      0.000      0.000       0.000       0.000       0.000       0.000       0.000       0.000    
 17020800.   10.84162533   11.0285   0.000       0.000      0.1869E-02  0.2417E-06 0.2044    -0.2062      0.000      0.000      0.000      0.000       0.000       0.000       0.000       0.000       0.000       0.000    
 17107200.   10.82726206   11.0123   0.000       0.000      0.1851E-02  0.8312E-06 0.2030    -0.2049      0.000      0.000      0.000      0.000       0.000       0.000       0.000       0.000       0.000       0.000    
 17193600.   10.81369861   10.9971   0.000       0.000      0.1834E-02  0.7849E-06 0.2017    -0.2035      0.000      0.000      0.000      0.000       0.000       0.000       0.000       0.000       0.000       0.000    
 17280000.   10.79996363   10.9817   0.000       0.000      0.1817E-02  0.7948E-06 0.2002    -0.2021      0.000      0.000      0.000      0.000       0.000       0.000       0.000       0.000       0.000       0.000    
 17366400.   10.78638580   10.9664   0.000       0.000      0.1800E-02  0.7858E-06 0.1988    -0.2006      0.000      0.000      0.000      0.000       0.000       0.000       0.000       0.000       0.000       0.000    
 17452800.   10.77322179   10.9516   0.000       0.000      0.1784E-02  0.7618E-06 0.1973    -0.1991      0.000      0.000      0.000      0.000       0.000       0.000       0.000       0.000       0.000       0.000    
 17539200.   10.76050061   10.9372   0.000       0.000      0.1767E-02  0.7362E-06 0.1959    -0.1976      0.000      0.000      0.000      0.000       0.000       0.000       0.000       0.000       0.000       0.000    
 17625600.   10.74823003   10.9234   0.000       0.000      0.1751E-02  0.7101E-06 0.1945    -0.1962      0.000      0.000      0.000      0.000       0.000       0.000       0.000       0.000       0.000       0.000    
 17712000.   10.74107959   10.9152   0.000       0.000      0.1741E-02  0.4138E-06 0.1935    -0.1952      0.000      0.000      0.000      0.000       0.000       0.000       0.000       0.000       0.000       0.000    
 17798400.   10.72989366   10.9025   0.000       0.000      0.1726E-02  0.6473E-06 0.1922    -0.1939      0.000      0.000      0.000      0.000       0.000       0.000       0.000       0.000       0.000       0.000    
 17884800.   10.71848443   10.8895   0.000       0.000      0.1711E-02  0.6603E-06 0.1909    -0.1926      0.000      0.000      0.000      0.000       0.000       0.000       0.000       0.000       0.000       0.000    
 17971200.   10.70752453   10.8771   0.000       0.000      0.1696E-02  0.6343E-06 0.1896    -0.1912      0.000      0.000      0.000      0.000       0.000       0.000       0.000       0.000       0.000       0.000    
 18057600.   10.69694335   10.8650   0.000       0.000      0.1681E-02  0.6123E-06 0.1883    -0.1899      0.000      0.000      0.000      0.000       0.000       0.000       0.000       0.000       0.000       0.000    
 18144000.   10.68670030   10.8533   0.000       0.000      0.1666E-02  0.5928E-06 0.1870    -0.1887      0.000      0.000      0.000      0.000       0.000       0.000       0.000       0.000       0.000       0.000    
 18230400.   10.67677134   10.8420   0.000       0.000      0.1652E-02  0.5746E-06 0.1858    -0.1874      0.000      0.000      0.000      0.000       0.000       0.000       0.000       0.000       0.000       0.000    
 18316800.   10.66714300   10.8310   0.000       0.000      0.1638E-02  0.5572E-06 0.1846    -0.1862      0.000      0.000      0.000      0.000       0.000       0.000       0.000       0.000       0.000       0.000    
 18403200.   10.65779044   10.8202   0.000       0.000      0.1624E-02  0.5412E-06 0.1834    -0.1850      0.000      0.000      0.000      0.000       0.000       0.000       0.000       0.000       0.000       0.000    
 18489600.   10.64870100   10.8098   0.000       0.000      0.1611E-02  0.5260E-06 0.1822    -0.1838      0.000      0.000      0.000      0.000       0.000       0.000       0.000       0.000       0.000       0.000    
 18576000.   10.63986382   10.7996   0.000       0.000      0.1598E-02  0.5114E-06 0.1810    -0.1826      0.000      0.000      0.000      0.000       0.000       0.000       0.000       0.000       0.000       0.000    
 18662400.   10.63126272   10.7897   0.000       0.000      0.1585E-02  0.4977E-06 0.1799    -0.1815      0.000      0.000      0.000      0.000       0.000       0.000       0.000       0.000       0.000       0.000    
 18748800.   10.62288803   10.7801   0.000       0.000      0.1572E-02  0.4846E-06 0.1788    -0.1804      0.000      0.000      0.000      0.000       0.000       0.000       0.000       0.000       0.000       0.000    
 18835200.   10.62404373   10.7812   0.000       0.000      0.1571E-02 -0.6688E-07 0.1786    -0.1802      0.000      0.000      0.000      0.000       0.000       0.000       0.000       0.000       0.000       0.000    
 18921600.   10.61723753   10.7732   0.000       0.000      0.1560E-02  0.3939E-06 0.1778    -0.1793      0.000      0.000      0.000      0.000       0.000       0.000       0.000       0.000       0.000       0.000    
 19008000.   10.60850087   10.7631   0.000       0.000      0.1546E-02  0.5056E-06 0.1767    -0.1782      0.000      0.000      0.000      0.000       0.000       0.000       0.000       0.000       0.000       0.000    
 19094400.   10.60019652   10.7535   0.000       0.000      0.1533E-02  0.4806E-06 0.1756    -0.1772      0.000      0.000      0.000      0.000       0.000       0.000       0.000       0.000       0.000       0.000    
 19180800.   10.59221904   10.7443   0.000       0.000      0.1521E-02  0.4617E-06 0.1746    -0.1761      0.000      0.000      0.000      0.000       0.000       0.000       0.000       0.000       0.000       0.000    
 19267200.   10.58472756   10.7356   0.000       0.000      0.1509E-02  0.4335E-06 0.1735    -0.1751      0.000      0.000      0.000      0.000       0.000       0.000       0.000       0.000       0.000       0.000    
 19353600.   10.57723634   10.7269   0.000       0.000      0.1497E-02  0.4335E-06 0.1725    -0.1740      0.000      0.000      0.000      0.000       0.000       0.000       0.000       0.000       0.000       0.000    
 19440000.   10.56996375   10.7185   0.000       0.000      0.1485E-02  0.4209E-06 0.1715    -0.1730      0.000      0.000      0.000      0.000       0.000       0.000       0.000       0.000       0.000       0.000    
 19526400.   10.56289097   10.7103   0.000       0.000      0.1474E-02  0.4093E-06 0.1705    -0.1720      0.000      0.000      0.000      0.000       0.000       0.000       0.000       0.000       0.000       0.000    
 19612800.   10.55600216   10.7023   0.000       0.000      0.1463E-02  0.3987E-06 0.1695    -0.1710      0.000      0.000      0.000      0.000       0.000       0.000       0.000       0.000       0.000       0.000    
 19699200.   10.54928224   10.6944   0.000       0.000      0.1451E-02  0.3889E-06 0.1686    -0.1700      0.000      0.000      0.000      0.000       0.000       0.000       0.000       0.000       0.000       0.000    
 19785600.   10.54272213   10.6868   0.000       0.000      0.1441E-02  0.3796E-06 0.1676    -0.1691      0.000      0.000      0.000      0.000       0.000       0.000       0.000       0.000       0.000       0.000    
 19872000.   10.53631372   10.6793   0.000       0.000      0.1430E-02  0.3709E-06 0.1667    -0.1681      0.000      0.000      0.000      0.000       0.000       0.000       0.000       0.000       0.000       0.000    
 19958400.   10.53869766   10.6818   0.000       0.000      0.1431E-02 -0.1380E-06 0.1667    -0.1681      0.000      0.000      0.000      0.000       0.000       0.000       0.000       0.000       0.000       0.000    
 20044800.   10.54446022   10.6881   0.000       0.000      0.1437E-02 -0.3335E-06 0.1672    -0.1686      0.000      0.000      0.000      0.000       0.000       0.000       0.000       0.000       0.000       0.000    
 20131200.   10.53630444   10.6785   0.000       0.000      0.1422E-02  0.4720E-06 0.1663    -0.1677      0.000      0.000      0.000      0.000       0.000       0.000       0.000       0.000       0.000       0.000    
 20217600.   10.53158959   10.6730   0.000       0.000      0.1414E-02  0.2728E-06 0.1656    -0.1670      0.000      0.000      0.000      0.000       0.000       0.000       0.000       0.000       0.000       0.000    
 20304000.   10.52622387   10.6668   0.000       0.000      0.1405E-02  0.3105E-06 0.1648    -0.1663      0.000      0.000      0.000      0.000       0.000       0.000       0.000       0.000       0.000       0.000    
 20390400.   10.51924518   10.6586   0.000       0.000      0.1394E-02  0.4039E-06 0.1639    -0.1653      0.000      0.000      0.000      0.000       0.000       0.000       0.000       0.000       0.000       0.000    
 20476800.   10.51259156   10.6509   0.000       0.000      0.1383E-02  0.3850E-06 0.1630    -0.1644      0.000      0.000      0.000      0.000       0.000       0.000       0.000       0.000       0.000       0.000    
 20563200.   10.50620072   10.6435   0.000       0.000      0.1373E-02  0.3698E-06 0.1620    -0.1634      0.000      0.000      0.000      0.000       0.000       0.000       0.000       0.000       0.000       0.000    
 20649600.   10.50003675   10.6363   0.000       0.000      0.1362E-02  0.3567E-06 0.1611    -0.1625      0.000      0.000      0.000      0.000       0.000       0.000       0.000       0.000       0.000       0.000    
 20736000.   10.49407112   10.6293   0.000       0.000      0.1352E-02  0.3452E-06 0.1602    -0.1616      0.000      0.000      0.000      0.000     -0.3516E-06   0.000       0.000       0.000       0.000       0.000    
 20822400.   10.48828208   10.6225   0.000       0.000      0.1343E-02  0.3350E-06 0.1594    -0.1607      0.000      0.000      0.000      0.000     -0.6237E-06   0.000       0.000       0.000       0.000       0.000    
 20908800.   10.48265485   10.6160   0.000       0.000      0.1333E-02  0.3256E-06 0.1585    -0.1599      0.000      0.000      0.000      0.000     -0.7781E-06   0.000       0.000       0.000       0.000       0.000    
 20995200.   10.47717555   10.6095   0.000       0.000      0.1324E-02  0.3171E-06 0.1577    -0.1590      0.000      0.000      0.000      0.000     -0.8890E-06   0.000       0.000       0.000       0.000       0.000    
 21081600.   10.47183367   10.6033   0.000       0.000      0.1314E-02  0.3091E-06 0.1568    -0.1582      0.000      0.000      0.000      0.000     -0.9741E-06   0.000       0.000       0.000       0.000       0.000    
 21168000.   10.46661840   10.5971   0.000       0.000      0.1305E-02  0.3018E-06 0.1560    -0.1573      0.000      0.000      0.000      0.000     -0.1042E-05   0.000       0.000       0.000       0.000       0.000    
 21254400.   10.46152109   10.5911   0.000       0.000      0.1296E-02  0.2950E-06 0.1552    -0.1565      0.000      0.000      0.000      0.000     -0.1098E-05   0.000       0.000       0.000       0.000       0.000    
 21340800.   10.45653503   10.5853   0.000       0.000      0.1287E-02  0.2885E-06 0.1544    -0.1557      0.000      0.000      0.000      0.000     -0.1144E-05   0.000       0.000       0.000       0.000       0.000    
 21427200.   10.45165406   10.5795   0.000       0.000      0.1279E-02  0.2825E-06 0.1537    -0.1549      0.000      0.000      0.000      0.000     -0.1182E-05   0.000       0.000       0.000       0.000       0.000    
 21513600.   10.44809470   10.5753   0.000       0.000      0.1272E-02  0.2060E-06 0.1530    -0.1543      0.000      0.000      0.000      0.000     -0.8989E-06   0.000       0.000       0.000       0.000       0.000    
 21600000.   10.45671828   10.5851   0.000       0.000      0.1284E-02 -0.4991E-06 0.1539    -0.1552      0.000      0.000      0.000      0.000      0.2124E-05   0.000       0.000       0.000       0.000       0.000    
 21686400.   10.45042661   10.5775   0.000       0.000      0.1271E-02  0.3641E-06 0.1531    -0.1544      0.000      0.000      0.000      0.000     -0.1532E-05   0.000       0.000       0.000       0.000       0.000    
 21772800.   10.44461486   10.5708   0.000       0.000      0.1262E-02  0.3363E-06 0.1523    -0.1535      0.000      0.000      0.000      0.000     -0.1500E-05   0.000       0.000       0.000       0.000       0.000    
 21859200.   10.43921740   10.5645   0.000       0.000      0.1252E-02  0.3124E-06 0.1515    -0.1527      0.000      0.000      0.000      0.000     -0.1461E-05   0.000       0.000       0.000       0.000       0.000    
 21945600.   10.43410431   10.5585   0.000       0.000      0.1244E-02  0.2959E-06 0.1507    -0.1519      0.000      0.000      0.000      0.000     -0.1441E-05   0.000       0.000       0.000       0.000       0.000    
 22032000.   10.42920684   10.5527   0.000       0.000      0.1235E-02  0.2834E-06 0.1499    -0.1511      0.000      0.000      0.000      0.000     -0.1430E-05   0.000       0.000       0.000       0.000       0.000    
 22118400.   10.42448162   10.5472   0.000       0.000      0.1227E-02  0.2735E-06 0.1491    -0.1503      0.000      0.000      0.000      0.000     -0.1424E-05   0.000       0.000       0.000       0.000       0.000    
 22204800.   10.41990167   10.5418   0.000       0.000      0.1219E-02  0.2650E-06 0.1484    -0.1496      0.000      0.000      0.000      0.000     -0.1420E-05   0.000       0.000       0.000       0.000       0.000    
 22291200.   10.41544785   10.5365   0.000       0.000      0.1211E-02  0.2577E-06 0.1476    -0.1488      0.000      0.000      0.000      0.000     -0.1417E-05   0.000       0.000       0.000       0.000       0.000    
 22377600.   10.41110689   10.5314   0.000       0.000      0.1203E-02  0.2512E-06 0.1469    -0.1481      0.000      0.000      0.000      0.000     -0.1414E-05   0.000       0.000       0.000       0.000       0.000    
 22464000.   10.42149002   10.5434   0.000       0.000      0.1219E-02 -0.6009E-06 0.1480    -0.1492      0.000      0.000      0.000      0.000      0.3327E-05   0.000       0.000       0.000       0.000       0.000    
 22550400.   10.41742483   10.5383   0.000       0.000      0.1209E-02  0.2353E-06 0.1475    -0.1487      0.000      0.000      0.000      0.000     -0.1280E-05   0.000       0.000       0.000       0.000       0.000    
 22636800.   10.41569268   10.5363   0.000       0.000      0.1206E-02  0.1002E-06 0.1472    -0.1484      0.000      0.000      0.000      0.000     -0.5544E-06   0.000       0.000       0.000       0.000       0.000    
 22723200.   10.45336341   10.5798   0.000       0.000      0.1264E-02 -0.2180E-05 0.1517    -0.1530      0.000      0.000      0.000      0.000      0.1074E-04   0.000       0.000       0.000       0.000       0.000    
 22809600.   10.45215876   10.5776   0.000       0.000      0.1255E-02  0.6971E-07 0.1518    -0.1531      0.000      0.000      0.000      0.000     -0.2958E-06   0.000       0.000       0.000       0.000       0.000    
 22896000.   10.44919549   10.5742   0.000       0.000      0.1250E-02  0.1715E-06 0.1517    -0.1529      0.000      0.000      0.000      0.000     -0.7426E-06   0.000       0.000       0.000       0.000       0.000    
 22982400.   10.44558476   10.5700   0.000       0.000      0.1244E-02  0.2090E-06 0.1512    -0.1525      0.000      0.000      0.000      0.000     -0.9329E-06   0.000       0.000       0.000       0.000       0.000    
 23068800.   10.44161050   10.5655   0.000       0.000      0.1238E-02  0.2300E-06 0.1507    -0.1520      0.000      0.000      0.000      0.000     -0.1061E-05   0.000       0.000       0.000       0.000       0.000    
 23155200.   10.43673669   10.5598   0.000       0.000      0.1231E-02  0.2820E-06 0.1501    -0.1513      0.000      0.000      0.000      0.000     -0.1348E-05   0.000       0.000       0.000       0.000       0.000    
 23241600.   10.43153878   10.5539   0.000       0.000      0.1223E-02  0.3008E-06 0.1493    -0.1505      0.000      0.000      0.000      0.000     -0.1492E-05   0.000       0.000       0.000       0.000       0.000    
 23328000.   10.42603737   10.5475   0.000       0.000      0.1215E-02  0.3184E-06 0.1485    -0.1497      0.000      0.000      0.000      0.000     -0.1637E-05   0.000       0.000       0.000       0.000       0.000    
 23414400.   10.42054036   10.5412   0.000       0.000      0.1207E-02  0.3181E-06 0.1477    -0.1489      0.000      0.000      0.000      0.000     -0.1693E-05   0.000       0.000       0.000       0.000       0.000    
 23500800.   10.41531243   10.5352   0.000       0.000      0.1198E-02  0.3025E-06 0.1469    -0.1481      0.000      0.000      0.000      0.000     -0.1661E-05   0.000       0.000       0.000       0.000       0.000    
 23587200.   10.41025287   10.5293   0.000       0.000      0.1191E-02  0.2928E-06 0.1461    -0.1473      0.000      0.000      0.000      0.000     -0.1652E-05   0.000       0.000       0.000       0.000       0.000    
 23673600.   10.40526999   10.5235   0.000       0.000      0.1183E-02  0.2884E-06 0.1453    -0.1465      0.000      0.000      0.000      0.000     -0.1669E-05   0.000       0.000       0.000       0.000       0.000    
 23760000.   10.40027911   10.5177   0.000       0.000      0.1175E-02  0.2888E-06 0.1445    -0.1456      0.000      0.000      0.000      0.000     -0.1711E-05   0.000       0.000       0.000       0.000       0.000    
 23846400.   10.39542537   10.5121   0.000       0.000      0.1167E-02  0.2809E-06 0.1437    -0.1448      0.000      0.000      0.000      0.000     -0.1701E-05   0.000       0.000       0.000       0.000       0.000    
 23932800.   10.39077966   10.5067   0.000       0.000      0.1159E-02  0.2688E-06 0.1429    -0.1441      0.000      0.000      0.000      0.000     -0.1661E-05   0.000       0.000       0.000       0.000       0.000    
 24019200.   10.38630883   10.5014   0.000       0.000      0.1151E-02  0.2587E-06 0.1422    -0.1433      0.000      0.000      0.000      0.000     -0.1628E-05   0.000       0.000       0.000       0.000       0.000    
 24105600.   10.38197239   10.4964   0.000       0.000      0.1144E-02  0.2510E-06 0.1414    -0.1426      0.000      0.000      0.000      0.000     -0.1606E-05   0.000       0.000       0.000       0.000       0.000    
 24192000.   10.37772182   10.4914   0.000       0.000      0.1137E-02  0.2460E-06 0.1407    -0.1419      0.000      0.000      0.000      0.000     -0.1600E-05   0.000       0.000       0.000       0.000       0.000    
 24278400.   10.37354801   10.4865   0.000       0.000      0.1129E-02  0.2415E-06 0.1400    -0.1411      0.000      0.000      0.000      0.000     -0.1594E-05   0.000       0.000       0.000       0.000       0.000    
 24364800.   10.36947753   10.4817   0.000       0.000      0.1122E-02  0.2356E-06 0.1393    -0.1404      0.000      0.000      0.000      0.000     -0.1576E-05   0.000       0.000       0.000       0.000       0.000    
 24451200.   10.36552004   10.4770   0.000       0.000      0.1115E-02  0.2290E-06 0.1386    -0.1397      0.000      0.000      0.000      0.000     -0.1553E-05   0.000       0.000       0.000       0.000       0.000    
 24537600.   10.36166809   10.4725   0.000       0.000      0.1108E-02  0.2229E-06 0.1379    -0.1390      0.000      0.000      0.000      0.000     -0.1530E-05   0.000       0.000       0.000       0.000       0.000    
 24624000.   10.35791427   10.4681   0.000       0.000      0.1102E-02  0.2172E-06 0.1373    -0.1384      0.000      0.000      0.000      0.000     -0.1508E-05   0.000       0.000       0.000       0.000       0.000    
 24710400.   10.35424754   10.4638   0.000       0.000      0.1095E-02  0.2122E-06 0.1366    -0.1377      0.000      0.000      0.000      0.000     -0.1490E-05   0.000       0.000       0.000       0.000       0.000    
 24796800.   10.35066167   10.4595   0.000       0.000      0.1089E-02  0.2075E-06 0.1360    -0.1371      0.000      0.000      0.000      0.000     -0.1472E-05   0.000       0.000       0.000       0.000       0.000    
 24883200.   10.34733449   10.4556   0.000       0.000      0.1082E-02  0.1925E-06 0.1353    -0.1364      0.000      0.000      0.000      0.000     -0.1379E-05   0.000       0.000       0.000       0.000       0.000    
 24969600.   10.34756894   10.4559   0.000       0.000      0.1084E-02 -0.1357E-07 0.1352    -0.1363      0.000      0.000      0.000      0.000      0.9756E-07   0.000       0.000       0.000       0.000       0.000    
 25056000.   10.34397652   10.4515   0.000       0.000      0.1075E-02  0.2079E-06 0.1346    -0.1357      0.000      0.000      0.000      0.000     -0.1502E-05   0.000       0.000       0.000       0.000       0.000    
 25142400.   10.34041279   10.4473   0.000       0.000      0.1069E-02  0.2062E-06 0.1340    -0.1351      0.000      0.000      0.000      0.000     -0.1504E-05   0.000       0.000       0.000       0.000       0.000    
 25228800.   10.34394159   10.4516   0.000       0.000      0.1077E-02 -0.2042E-06 0.1343    -0.1354      0.000      0.000      0.000      0.000      0.1489E-05   0.000       0.000       0.000       0.000       0.000    
 25315200.   10.34076856   10.4476   0.000       0.000      0.1068E-02  0.1836E-06 0.1338    -0.1349      0.000      0.000      0.000      0.000     -0.1338E-05   0.000       0.000       0.000       0.000       0.000    
 25401600.   10.34118231   10.4481   0.000       0.000      0.1069E-02 -0.2394E-07 0.1338    -0.1349      0.000      0.000      0.000      0.000      0.1751E-06   0.000       0.000       0.000       0.000       0.000    
 25488000.   10.34133825   10.4482   0.000       0.000      0.1069E-02 -0.9024E-08 0.1337    -0.1348      0.000      0.000      0.000      0.000      0.6595E-07   0.000       0.000       0.000       0.000       0.000    
 25574400.   10.34375063   10.4511   0.000       0.000      0.1073E-02 -0.1396E-06 0.1340    -0.1351      0.000      0.000      0.000      0.000      0.1017E-05   0.000       0.000       0.000       0.000       0.000    
 25660800.   10.34096605   10.4476   0.000       0.000      0.1066E-02  0.1611E-06 0.1336    -0.1347      0.000      0.000      0.000      0.000     -0.1174E-05   0.000       0.000       0.000       0.000       0.000    
 25747200.   10.34624437   10.4540   0.000       0.000      0.1077E-02 -0.3055E-06 0.1342    -0.1353      0.000      0.000      0.000      0.000      0.2219E-05   0.000       0.000       0.000       0.000       0.000    
 25833600.   10.37626926   10.4896   0.000       0.000      0.1133E-02 -0.1738E-05 0.1381    -0.1393      0.000      0.000      0.000      0.000      0.1200E-04   0.000       0.000       0.000       0.000       0.000    
 25920000.   10.41845597   10.5378   0.000       0.000      0.1194E-02 -0.2441E-05 0.1439    -0.1451      0.000      0.000      0.000      0.000      0.1479E-04   0.000       0.000       0.000       0.000       0.000    
 26006400.   10.46153243   10.5866   0.000       0.000      0.1250E-02 -0.2493E-05 0.1498    -0.1511      0.000      0.000      0.000      0.000      0.1177E-04   0.000       0.000       0.000       0.000       0.000    
 26092800.   10.47294066   10.5991   0.000       0.000      0.1261E-02 -0.6602E-06 0.1519    -0.1532      0.000      0.000      0.000      0.000      0.2347E-05   0.000       0.000       0.000       0.000       0.000    
 26179200.   10.46868142   10.5942   0.000       0.000      0.1255E-02  0.2465E-06 0.1520    -0.1532      0.000      0.000      0.000      0.000     -0.8296E-06   0.000       0.000       0.000       0.000       0.000    
 26265600.   10.46143035   10.5861   0.000       0.000      0.1247E-02  0.4196E-06 0.1514    -0.1527      0.000      0.000      0.000      0.000     -0.1540E-05   0.000       0.000       0.000       0.000       0.000    
 26352000.   10.45348895   10.5773   0.000       0.000      0.1238E-02  0.4596E-06 0.1505    -0.1518      0.000      0.000      0.000      0.000     -0.1854E-05   0.000       0.000       0.000       0.000       0.000    
 26438400.   10.44552369   10.5684   0.000       0.000      0.1229E-02  0.4610E-06 0.1496    -0.1508      0.000      0.000      0.000      0.000     -0.2018E-05   0.000       0.000       0.000       0.000       0.000    
 26524800.   10.43766626   10.5596   0.000       0.000      0.1220E-02  0.4547E-06 0.1486    -0.1498      0.000      0.000      0.000      0.000     -0.2132E-05   0.000       0.000       0.000       0.000       0.000    
 26611200.   10.42969596   10.5507   0.000       0.000      0.1210E-02  0.4612E-06 0.1475    -0.1487      0.000      0.000      0.000      0.000     -0.2295E-05   0.000       0.000       0.000       0.000       0.000    
 26697600.   10.42219091   10.5422   0.000       0.000      0.1200E-02  0.4343E-06 0.1464    -0.1476      0.000      0.000      0.000      0.000     -0.2274E-05   0.000       0.000       0.000       0.000       0.000    
 26784000.   10.41499670   10.5341   0.000       0.000      0.1191E-02  0.4163E-06 0.1454    -0.1465      0.000      0.000      0.000      0.000     -0.2277E-05   0.000       0.000       0.000       0.000       0.000    
 26870400.   10.43825937   10.5613   0.000       0.000      0.1231E-02 -0.1346E-05 0.1481    -0.1493      0.000      0.000      0.000      0.000      0.7012E-05   0.000       0.000       0.000       0.000       0.000    
 26956800.   10.45313318   10.5782   0.000       0.000      0.1250E-02 -0.8608E-06 0.1500    -0.1512      0.000      0.000      0.000      0.000      0.3898E-05   0.000       0.000       0.000       0.000       0.000    
 27043200.   10.46718055   10.5942   0.000       0.000      0.1270E-02 -0.8129E-06 0.1519    -0.1531      0.000      0.000      0.000      0.000      0.3176E-05   0.000       0.000       0.000       0.000       0.000    
 27129600.   10.47163912   10.5993   0.000       0.000      0.1276E-02 -0.2580E-06 0.1527    -0.1539      0.000      0.000      0.000      0.000      0.8884E-06   0.000       0.000       0.000       0.000       0.000    
 27216000.   10.47968418   10.6086   0.000       0.000      0.1289E-02 -0.4656E-06 0.1538    -0.1551      0.000      0.000      0.000      0.000      0.1433E-05   0.000       0.000       0.000       0.000       0.000    
 27302400.   10.49973959   10.6317   0.000       0.000      0.1319E-02 -0.1161E-05 0.1562    -0.1576      0.000      0.000      0.000      0.000      0.2217E-05   0.000       0.000       0.000       0.000       0.000    
 27388800.   10.53926546   10.6767   0.000       0.000      0.1374E-02 -0.2287E-05 0.1608    -0.1622      0.000      0.000      0.000      0.000      0.3242E-08   0.000       0.000       0.000       0.000       0.000    
 27475200.   10.57378742   10.7156   0.000       0.000      0.1419E-02 -0.1998E-05 0.1649    -0.1664      0.000      0.000      0.000      0.000       0.000       0.000       0.000       0.000       0.000       0.000    
 27561600.   10.57109180   10.7125   0.000       0.000      0.1414E-02  0.1560E-06 0.1654    -0.1668      0.000      0.000      0.000      0.000       0.000       0.000       0.000       0.000       0.000       0.000    
 27648000.   10.56300303   10.7036   0.000       0.000      0.1406E-02  0.4681E-06 0.1650    -0.1664      0.000      0.000      0.000      0.000       0.000       0.000       0.000       0.000       0.000       0.000    
 27734400.   10.55218481   10.6917   0.000       0.000      0.1395E-02  0.6261E-06 0.1641    -0.1655      0.000      0.000      0.000      0.000       0.000       0.000       0.000       0.000       0.000       0.000    
 27820800.   10.54284705   10.6815   0.000       0.000      0.1387E-02  0.5404E-06 0.1631    -0.1645      0.000      0.000      0.000      0.000       0.000       0.000       0.000       0.000       0.000       0.000    
 27907200.   10.53568178   10.6737   0.000       0.000      0.1380E-02  0.4147E-06 0.1623    -0.1636      0.000      0.000      0.000      0.000       0.000       0.000       0.000       0.000       0.000       0.000    
 27993600.   10.55306221   10.6938   0.000       0.000      0.1408E-02 -0.1006E-05 0.1640    -0.1654      0.000      0.000      0.000      0.000       0.000       0.000       0.000       0.000       0.000       0.000    
 28080000.   10.57921135   10.7235   0.000       0.000      0.1443E-02 -0.1513E-05 0.1668    -0.1682      0.000      0.000      0.000      0.000       0.000       0.000       0.000       0.000       0.000       0.000    
 28166400.   10.59281622   10.7389   0.000       0.000      0.1461E-02 -0.7873E-06 0.1685    -0.1700      0.000      0.000      0.000      0.000       0.000       0.000       0.000       0.000       0.000       0.000    
 28252800.   10.58660593   10.7320   0.000       0.000      0.1454E-02  0.3594E-06 0.1683    -0.1698      0.000      0.000      0.000      0.000       0.000       0.000       0.000       0.000       0.000       0.000    
 28339200.   10.57654138   10.7209   0.000       0.000      0.1444E-02  0.5824E-06 0.1675    -0.1689      0.000      0.000      0.000      0.000       0.000       0.000       0.000       0.000       0.000       0.000    
 28425600.   10.56543432   10.7087   0.000       0.000      0.1432E-02  0.6428E-06 0.1663    -0.1678      0.000      0.000      0.000      0.000       0.000       0.000       0.000       0.000       0.000       0.000    
 28512000.   10.55416594   10.6962   0.000       0.000      0.1420E-02  0.6521E-06 0.1651    -0.1665      0.000      0.000      0.000      0.000       0.000       0.000       0.000       0.000       0.000       0.000    
 28598400.   10.54307851   10.6839   0.000       0.000      0.1408E-02  0.6416E-06 0.1638    -0.1652      0.000      0.000      0.000      0.000       0.000       0.000       0.000       0.000       0.000       0.000    
 28684800.   10.53231301   10.6720   0.000       0.000      0.1397E-02  0.6230E-06 0.1625    -0.1639      0.000      0.000      0.000      0.000       0.000       0.000       0.000       0.000       0.000       0.000    
 28771200.   10.52190476   10.6604   0.000       0.000      0.1385E-02  0.6023E-06 0.1611    -0.1625      0.000      0.000      0.000      0.000       0.000       0.000       0.000       0.000       0.000       0.000    
 28857600.   10.51188936   10.6492   0.000       0.000      0.1373E-02  0.5796E-06 0.1598    -0.1612      0.000      0.000      0.000      0.000       0.000       0.000       0.000       0.000       0.000       0.000    
 28944000.   10.50215777   10.6383   0.000       0.000      0.1361E-02  0.5632E-06 0.1586    -0.1599      0.000      0.000      0.000      0.000       0.000       0.000       0.000       0.000       0.000       0.000    
 29030400.   10.49267166   10.6276   0.000       0.000      0.1350E-02  0.5490E-06 0.1573    -0.1586      0.000      0.000      0.000      0.000     -0.4830E-06   0.000       0.000       0.000       0.000       0.000    
 29116800.   10.48354527   10.6174   0.000       0.000      0.1338E-02  0.5281E-06 0.1560    -0.1574      0.000      0.000      0.000      0.000     -0.1138E-05   0.000       0.000       0.000       0.000       0.000    
 29203200.   10.47463780   10.6073   0.000       0.000      0.1327E-02  0.5155E-06 0.1548    -0.1561      0.000      0.000      0.000      0.000     -0.1472E-05   0.000       0.000       0.000       0.000       0.000    
 29289600.   10.46610745   10.5977   0.000       0.000      0.1316E-02  0.4937E-06 0.1536    -0.1549      0.000      0.000      0.000      0.000     -0.1673E-05   0.000       0.000       0.000       0.000       0.000    
 29376000.   10.45798676   10.5885   0.000       0.000      0.1305E-02  0.4699E-06 0.1524    -0.1537      0.000      0.000      0.000      0.000     -0.1795E-05   0.000       0.000       0.000       0.000       0.000    
 29462400.   10.45023688   10.5796   0.000       0.000      0.1294E-02  0.4485E-06 0.1512    -0.1525      0.000      0.000      0.000      0.000     -0.1876E-05   0.000       0.000       0.000       0.000       0.000    
 29548800.   10.44278847   10.5711   0.000       0.000      0.1284E-02  0.4310E-06 0.1501    -0.1514      0.000      0.000      0.000      0.000     -0.1939E-05   0.000       0.000       0.000       0.000       0.000    
 29635200.   10.43560200   10.5629   0.000       0.000      0.1273E-02  0.4159E-06 0.1490    -0.1503      0.000      0.000      0.000      0.000     -0.1987E-05   0.000       0.000       0.000       0.000       0.000    
 29721600.   10.42868072   10.5550   0.000       0.000      0.1263E-02  0.4005E-06 0.1480    -0.1492      0.000      0.000      0.000      0.000     -0.2014E-05   0.000       0.000       0.000       0.000       0.000    
 29808000.   10.42193900   10.5472   0.000       0.000      0.1253E-02  0.3901E-06 0.1469    -0.1482      0.000      0.000      0.000      0.000     -0.2051E-05   0.000       0.000       0.000       0.000       0.000    
 29894400.   10.41540608   10.5397   0.000       0.000      0.1243E-02  0.3781E-06 0.1459    -0.1472      0.000      0.000      0.000      0.000     -0.2067E-05   0.000       0.000       0.000       0.000       0.000    
 29980800.   10.40907471   10.5324   0.000       0.000      0.1233E-02  0.3664E-06 0.1449    -0.1462      0.000      0.000      0.000      0.000     -0.2073E-05   0.000       0.000       0.000       0.000       0.000    
 30067200.   10.40300438   10.5254   0.000       0.000      0.1224E-02  0.3513E-06 0.1439    -0.1452      0.000      0.000      0.000      0.000     -0.2050E-05   0.000       0.000       0.000       0.000       0.000    
 30153600.   10.39716694   10.5186   0.000       0.000      0.1214E-02  0.3378E-06 0.1430    -0.1442      0.000      0.000      0.000      0.000     -0.2026E-05   0.000       0.000       0.000       0.000       0.000    
 30240000.   10.39155262   10.5121   0.000       0.000      0.1205E-02  0.3249E-06 0.1421    -0.1433      0.000      0.000      0.000      0.000     -0.1997E-05   0.000       0.000       0.000       0.000       0.000    
 30326400.   10.38613395   10.5057   0.000       0.000      0.1196E-02  0.3136E-06 0.1412    -0.1424      0.000      0.000      0.000      0.000     -0.1971E-05   0.000       0.000       0.000       0.000       0.000    
 30412800.   10.38088995   10.4996   0.000       0.000      0.1187E-02  0.3035E-06 0.1403    -0.1415      0.000      0.000      0.000      0.000     -0.1947E-05   0.000       0.000       0.000       0.000       0.000    
 30499200.   10.37581420   10.4936   0.000       0.000      0.1178E-02  0.2937E-06 0.1395    -0.1407      0.000      0.000      0.000      0.000     -0.1920E-05   0.000       0.000       0.000       0.000       0.000    
 30585600.   10.37088741   10.4878   0.000       0.000      0.1169E-02  0.2851E-06 0.1386    -0.1398      0.000      0.000      0.000      0.000     -0.1896E-05   0.000       0.000       0.000       0.000       0.000    
 30672000.   10.36611006   10.4822   0.000       0.000      0.1161E-02  0.2765E-06 0.1378    -0.1390      0.000      0.000      0.000      0.000     -0.1869E-05   0.000       0.000       0.000       0.000       0.000    
 30758400.   10.36147378   10.4767   0.000       0.000      0.1153E-02  0.2683E-06 0.1370    -0.1382      0.000      0.000      0.000      0.000     -0.1841E-05   0.000       0.000       0.000       0.000       0.000    
 30844800.   10.35697024   10.4714   0.000       0.000      0.1144E-02  0.2606E-06 0.1362    -0.1374      0.000      0.000      0.000      0.000     -0.1813E-05   0.000       0.000       0.000       0.000       0.000    
 30931200.   10.35258385   10.4662   0.000       0.000      0.1136E-02  0.2538E-06 0.1355    -0.1366      0.000      0.000      0.000      0.000     -0.1789E-05   0.000       0.000       0.000       0.000       0.000    
 31017600.   10.34830982   10.4612   0.000       0.000      0.1128E-02  0.2473E-06 0.1347    -0.1358      0.000      0.000      0.000      0.000     -0.1764E-05   0.000       0.000       0.000       0.000       0.000    
 31104000.   10.34415131   10.4562   0.000       0.000      0.1121E-02  0.2407E-06 0.1340    -0.1351      0.000      0.000      0.000      0.000     -0.1736E-05   0.000       0.000       0.000       0.000       0.000    
 31190400.   10.34010212   10.4514   0.000       0.000      0.1113E-02  0.2343E-06 0.1332    -0.1343      0.000      0.000      0.000      0.000     -0.1709E-05   0.000       0.000       0.000       0.000       0.000    
 31276800.   10.33679603   10.4475   0.000       0.000      0.1107E-02  0.1913E-06 0.1326    -0.1337      0.000      0.000      0.000      0.000     -0.1408E-05   0.000       0.000       0.000       0.000       0.000    
 31363200.   10.33290986   10.4428   0.000       0.000      0.1099E-02  0.2249E-06 0.1319    -0.1330      0.000      0.000      0.000      0.000     -0.1670E-05   0.000       0.000       0.000       0.000       0.000    
 31449600.   10.32911776   10.4383   0.000       0.000      0.1091E-02  0.2195E-06 0.1312    -0.1323      0.000      0.000      0.000      0.000     -0.1645E-05   0.000       0.000       0.000       0.000       0.000    
 31536000.   10.32542667   10.4338   0.000       0.000      0.1084E-02  0.2136E-06 0.1305    -0.1316      0.000      0.000      0.000      0.000     -0.1615E-05   0.000       0.000       0.000       0.000       0.000    
 31622400.   10.32151957   10.4292   0.000       0.000      0.1076E-02  0.2261E-06 0.1298    -0.1309      0.000      0.000      0.000      0.000     -0.1724E-05   0.000       0.000       0.000       0.000       0.000    
