TOTIM (T)      HCON          HMAT      QDIR      QWELL        QMAT       QCADS      QTUB1      QTUB2      QTUB3      QTUB4      QTUB5      QTUB6       NSTOR        QFIX        QLH     FHLQ (LQ)        CAUCHY   CAUCHY (LQ)
    86400.   10.69395266   10.7188   0.000       0.000      0.2487E-03   0.000    -0.6442E-02-0.1847E-01 0.2466E-01  0.000      0.000      0.000       0.000       0.000       0.000       0.000       0.000       0.000    
   172800.   10.67652210   10.7004   0.000       0.000      0.2391E-03  0.1513E-05-0.6430E-02-0.1829E-01 0.2448E-01  0.000      0.000      0.000       0.000       0.000       0.000       0.000       0.000       0.000    
   259200.   10.67685418   10.7009   0.000       0.000      0.2402E-03 -0.2883E-07-0.6427E-02-0.1828E-01 0.2447E-01  0.000      0.000      0.000       0.000       0.000       0.000       0.000       0.000       0.000    
   345600.   10.67527779   10.6993   0.000       0.000      0.2398E-03  0.1368E-06-0.6428E-02-0.1825E-01 0.2444E-01  0.000      0.000      0.000       0.000       0.000       0.000       0.000       0.000       0.000    
   432000.   10.68692436   10.7116   0.000       0.000      0.2467E-03 -0.1011E-05-0.6437E-02-0.1836E-01 0.2455E-01  0.000      0.000      0.000       0.000       0.000       0.000       0.000       0.000       0.000    
   518400.   10.69383335   10.7189   0.000       0.000      0.2504E-03 -0.5997E-06-0.6444E-02-0.1843E-01 0.2463E-01  0.000      0.000      0.000       0.000       0.000       0.000       0.000       0.000       0.000    
   604800.   10.69583574   10.7210   0.000       0.000      0.2513E-03 -0.1738E-06-0.6447E-02-0.1847E-01 0.2466E-01  0.000      0.000      0.000       0.000       0.000       0.000       0.000       0.000       0.000    
   691200.   10.71370594   10.7398   0.000       0.000      0.2606E-03 -0.1551E-05-0.6459E-02-0.1865E-01 0.2485E-01  0.000      0.000      0.000       0.000       0.000       0.000       0.000       0.000       0.000    
   777600.   10.76229507   10.7907   0.000       0.000      0.2845E-03 -0.4218E-05-0.6493E-02-0.1914E-01 0.2535E-01  0.000      0.000      0.000       0.000       0.000       0.000       0.000       0.000       0.000    
   864000.   10.83398255   10.8657   0.000       0.000      0.3167E-03 -0.6223E-05-0.6543E-02-0.1985E-01 0.2609E-01  0.000      0.000      0.000       0.000       0.000       0.000       0.000       0.000       0.000    
   950400.   10.86630646   10.8990   0.000       0.000      0.3271E-03 -0.2806E-05-0.6568E-02-0.2026E-01 0.2650E-01  0.000      0.000      0.000       0.000       0.000       0.000       0.000       0.000       0.000    
  1036800.   10.94415893   10.9799   0.000       0.000      0.3569E-03 -0.6758E-05-0.6609E-02-0.2103E-01 0.2729E-01  0.000      0.000      0.000       0.000       0.000       0.000       0.000       0.000       0.000    
  1123200.   11.08430480   11.1250   0.000       0.000      0.4074E-03 -0.1217E-04-0.6688E-02-0.2226E-01 0.2855E-01  0.000      0.000      0.000       0.000       0.000       0.000       0.000       0.000       0.000    
  1209600.   11.06711687   11.1063   0.000       0.000      0.3914E-03  0.1492E-05-0.6687E-02-0.2237E-01 0.2867E-01  0.000      0.000      0.000       0.000       0.000       0.000       0.000       0.000       0.000    
  1296000.   11.04635823   11.0840   0.000       0.000      0.3763E-03  0.1802E-05-0.6655E-02-0.2239E-01 0.2866E-01  0.000      0.000      0.000       0.000       0.000       0.000       0.000       0.000       0.000    
  1382400.   11.02537509   11.0615   0.000       0.000      0.3616E-03  0.1821E-05-0.6625E-02-0.2231E-01 0.2857E-01  0.000      0.000      0.000       0.000       0.000       0.000       0.000       0.000       0.000    
  1468800.   11.00466500   11.0395   0.000       0.000      0.3479E-03  0.1798E-05-0.6600E-02-0.2218E-01 0.2843E-01  0.000      0.000      0.000       0.000       0.000       0.000       0.000       0.000       0.000    
  1555200.   10.98248796   11.0160   0.000       0.000      0.3349E-03  0.1925E-05-0.6578E-02-0.2201E-01 0.2825E-01  0.000      0.000      0.000       0.000       0.000       0.000       0.000       0.000       0.000    
  1641600.   10.96018240   10.9925   0.000       0.000      0.3229E-03  0.1936E-05-0.6560E-02-0.2182E-01 0.2805E-01  0.000      0.000      0.000       0.000       0.000       0.000       0.000       0.000       0.000    
  1728000.   10.94126852   10.9726   0.000       0.000      0.3133E-03  0.1642E-05-0.6546E-02-0.2163E-01 0.2786E-01  0.000      0.000      0.000       0.000       0.000       0.000       0.000       0.000       0.000    
  1814400.   10.92466240   10.9552   0.000       0.000      0.3053E-03  0.1442E-05-0.6537E-02-0.2146E-01 0.2769E-01  0.000      0.000      0.000       0.000       0.000       0.000       0.000       0.000       0.000    
  1900800.   10.90605062   10.9358   0.000       0.000      0.2970E-03  0.1616E-05-0.6528E-02-0.2127E-01 0.2750E-01  0.000      0.000      0.000       0.000       0.000       0.000       0.000       0.000       0.000    
  1987200.   10.88901330   10.9180   0.000       0.000      0.2898E-03  0.1479E-05-0.6522E-02-0.2108E-01 0.2731E-01  0.000      0.000      0.000       0.000       0.000       0.000       0.000       0.000       0.000    
  2073600.   10.87496065   10.9034   0.000       0.000      0.2843E-03  0.1220E-05-0.6518E-02-0.2092E-01 0.2715E-01  0.000      0.000      0.000       0.000       0.000       0.000       0.000       0.000       0.000    
  2160000.   10.85866112   10.8865   0.000       0.000      0.2780E-03  0.1415E-05-0.6513E-02-0.2073E-01 0.2696E-01  0.000      0.000      0.000       0.000       0.000       0.000       0.000       0.000       0.000    
  2246400.   10.84258721   10.8698   0.000       0.000      0.2720E-03  0.1395E-05-0.6509E-02-0.2054E-01 0.2678E-01  0.000      0.000      0.000       0.000       0.000       0.000       0.000       0.000       0.000    
  2332800.   10.82688096   10.8535   0.000       0.000      0.2663E-03  0.1363E-05-0.6505E-02-0.2036E-01 0.2659E-01  0.000      0.000      0.000       0.000       0.000       0.000       0.000       0.000       0.000    
  2419200.   10.81161179   10.8377   0.000       0.000      0.2609E-03  0.1325E-05-0.6502E-02-0.2017E-01 0.2641E-01  0.000      0.000      0.000       0.000       0.000       0.000       0.000       0.000       0.000    
  2505600.   10.80469809   10.8307   0.000       0.000      0.2596E-03  0.6001E-06-0.6504E-02-0.2006E-01 0.2630E-01  0.000      0.000      0.000       0.000       0.000       0.000       0.000       0.000       0.000    
  2592000.   10.79467895   10.8203   0.000       0.000      0.2567E-03  0.8697E-06-0.6505E-02-0.1992E-01 0.2617E-01  0.000      0.000      0.000       0.000       0.000       0.000       0.000       0.000       0.000    
  2678400.   10.81358855   10.8404   0.000       0.000      0.2678E-03 -0.1641E-05-0.6524E-02-0.2005E-01 0.2631E-01  0.000      0.000      0.000       0.000       0.000       0.000       0.000       0.000       0.000    
  2764800.   10.88867162   10.9190   0.000       0.000      0.3035E-03 -0.6518E-05-0.6580E-02-0.2069E-01 0.2698E-01  0.000      0.000      0.000       0.000       0.000       0.000       0.000       0.000       0.000    
  2851200.   11.07331210   11.1112   0.000       0.000      0.3792E-03 -0.1603E-04-0.6701E-02-0.2221E-01 0.2855E-01  0.000      0.000      0.000       0.000       0.000       0.000       0.000       0.000       0.000    
  2937600.   11.03997156   11.0760   0.000       0.000      0.3599E-03  0.2894E-05-0.6712E-02-0.2219E-01 0.2854E-01  0.000      0.000      0.000       0.000       0.000       0.000       0.000       0.000       0.000    
  3024000.   11.04680648   11.0827   0.000       0.000      0.3593E-03 -0.5933E-06-0.6700E-02-0.2240E-01 0.2874E-01  0.000      0.000      0.000       0.000       0.000       0.000       0.000       0.000       0.000    
  3110400.   11.04851126   11.0840   0.000       0.000      0.3553E-03 -0.1480E-06-0.6693E-02-0.2249E-01 0.2883E-01  0.000      0.000      0.000       0.000       0.000       0.000       0.000       0.000       0.000    
  3196800.   11.03666228   11.0713   0.000       0.000      0.3465E-03  0.1029E-05-0.6680E-02-0.2246E-01 0.2879E-01  0.000      0.000      0.000       0.000       0.000       0.000       0.000       0.000       0.000    
  3283200.   11.01872348   11.0523   0.000       0.000      0.3360E-03  0.1557E-05-0.6664E-02-0.2235E-01 0.2867E-01  0.000      0.000      0.000       0.000       0.000       0.000       0.000       0.000       0.000    
  3369600.   11.02144522   11.0549   0.000       0.000      0.3348E-03 -0.2363E-06-0.6660E-02-0.2237E-01 0.2870E-01  0.000      0.000      0.000       0.000       0.000       0.000       0.000       0.000       0.000    
  3456000.   11.03600264   11.0699   0.000       0.000      0.3385E-03 -0.1264E-05-0.6669E-02-0.2248E-01 0.2882E-01  0.000      0.000      0.000       0.000       0.000       0.000       0.000       0.000       0.000    
  3542400.   11.05890436   11.0935   0.000       0.000      0.3455E-03 -0.1988E-05-0.6685E-02-0.2268E-01 0.2902E-01  0.000      0.000      0.000       0.000       0.000       0.000       0.000       0.000       0.000    
  3628800.   11.06747492   11.1021   0.000       0.000      0.3467E-03 -0.7440E-06-0.6694E-02-0.2278E-01 0.2913E-01  0.000      0.000      0.000       0.000       0.000       0.000       0.000       0.000       0.000    
  3715200.   11.05588036   11.0899   0.000       0.000      0.3402E-03  0.1006E-05-0.6690E-02-0.2273E-01 0.2908E-01  0.000      0.000      0.000       0.000       0.000       0.000       0.000       0.000       0.000    
  3801600.   11.05961709   11.0936   0.000       0.000      0.3401E-03 -0.3244E-06-0.6692E-02-0.2277E-01 0.2912E-01  0.000      0.000      0.000       0.000       0.000       0.000       0.000       0.000       0.000    
  3888000.   11.07245333   11.1068   0.000       0.000      0.3435E-03 -0.1114E-05-0.6701E-02-0.2288E-01 0.2924E-01  0.000      0.000      0.000       0.000       0.000       0.000       0.000       0.000       0.000    
  3974400.   11.10128555   11.1366   0.000       0.000      0.3529E-03 -0.2503E-05-0.6721E-02-0.2311E-01 0.2948E-01  0.000      0.000      0.000       0.000       0.000       0.000       0.000       0.000       0.000    
  4060800.   11.12450121   11.1605   0.000       0.000      0.3595E-03 -0.2015E-05-0.6740E-02-0.2332E-01 0.2970E-01  0.000      0.000      0.000       0.000       0.000       0.000       0.000       0.000       0.000    
  4147200.   11.11291200   11.1482   0.000       0.000      0.3529E-03  0.1006E-05-0.6739E-02-0.2329E-01 0.2967E-01  0.000      0.000      0.000       0.000       0.000       0.000       0.000       0.000       0.000    
  4233600.   11.09457341   11.1290   0.000       0.000      0.3443E-03  0.1592E-05-0.6728E-02-0.2319E-01 0.2957E-01  0.000      0.000      0.000       0.000       0.000       0.000       0.000       0.000       0.000    
  4320000.   11.07933351   11.1130   0.000       0.000      0.3371E-03  0.1323E-05-0.6719E-02-0.2307E-01 0.2945E-01  0.000      0.000      0.000       0.000       0.000       0.000       0.000       0.000       0.000    
  4406400.   11.06290145   11.0959   0.000       0.000      0.3297E-03  0.1426E-05-0.6711E-02-0.2293E-01 0.2931E-01  0.000      0.000      0.000       0.000       0.000       0.000       0.000       0.000       0.000    
  4492800.   11.04976551   11.0822   0.000       0.000      0.3241E-03  0.1140E-05-0.6706E-02-0.2281E-01 0.2919E-01  0.000      0.000      0.000       0.000       0.000       0.000       0.000       0.000       0.000    
  4579200.   11.03276599   11.0645   0.000       0.000      0.3173E-03  0.1476E-05-0.6701E-02-0.2265E-01 0.2903E-01  0.000      0.000      0.000       0.000       0.000       0.000       0.000       0.000       0.000    
  4665600.   11.01476699   11.0458   0.000       0.000      0.3104E-03  0.1562E-05-0.6695E-02-0.2247E-01 0.2886E-01  0.000      0.000      0.000       0.000       0.000       0.000       0.000       0.000       0.000    
  4752000.   11.04036382   11.0725   0.000       0.000      0.3213E-03 -0.2222E-05-0.6713E-02-0.2263E-01 0.2902E-01  0.000      0.000      0.000       0.000       0.000       0.000       0.000       0.000       0.000    
  4838400.   11.07739878   11.1110   0.000       0.000      0.3357E-03 -0.3215E-05-0.6745E-02-0.2289E-01 0.2931E-01  0.000      0.000      0.000       0.000       0.000       0.000       0.000       0.000       0.000    
  4924800.   11.11890922   11.1540   0.000       0.000      0.3508E-03 -0.3603E-05-0.6779E-02-0.2323E-01 0.2966E-01  0.000      0.000      0.000       0.000       0.000       0.000       0.000       0.000       0.000    
  5011200.   11.14495648   11.1809   0.000       0.000      0.3590E-03 -0.2261E-05-0.6804E-02-0.2348E-01 0.2993E-01  0.000      0.000      0.000       0.000       0.000       0.000       0.000       0.000       0.000    
  5097600.   11.13236131   11.1676   0.000       0.000      0.3525E-03  0.1093E-05-0.6803E-02-0.2346E-01 0.2991E-01  0.000      0.000      0.000       0.000       0.000       0.000       0.000       0.000       0.000    
  5184000.   11.11388146   11.1483   0.000       0.000      0.3441E-03  0.1604E-05-0.6792E-02-0.2337E-01 0.2982E-01  0.000      0.000      0.000       0.000       0.000       0.000       0.000       0.000       0.000    
  5270400.   11.09749061   11.1312   0.000       0.000      0.3366E-03  0.1423E-05-0.6782E-02-0.2325E-01 0.2970E-01  0.000      0.000      0.000       0.000       0.000       0.000       0.000       0.000       0.000    
  5356800.   11.07881263   11.1117   0.000       0.000      0.3286E-03  0.1621E-05-0.6772E-02-0.2310E-01 0.2954E-01  0.000      0.000      0.000       0.000       0.000       0.000       0.000       0.000       0.000    
  5443200.   11.08837224   11.1216   0.000       0.000      0.3319E-03 -0.8298E-06-0.6779E-02-0.2314E-01 0.2959E-01  0.000      0.000      0.000       0.000       0.000       0.000       0.000       0.000       0.000    
  5529600.   11.10072456   11.1343   0.000       0.000      0.3361E-03 -0.1072E-05-0.6792E-02-0.2322E-01 0.2967E-01  0.000      0.000      0.000       0.000       0.000       0.000       0.000       0.000       0.000    
  5616000.   11.11418363   11.1482   0.000       0.000      0.3406E-03 -0.1168E-05-0.6807E-02-0.2332E-01 0.2979E-01  0.000      0.000      0.000       0.000       0.000       0.000       0.000       0.000       0.000    
  5702400.   11.12289042   11.1572   0.000       0.000      0.3432E-03 -0.7558E-06-0.6818E-02-0.2340E-01 0.2988E-01  0.000      0.000      0.000       0.000       0.000       0.000       0.000       0.000       0.000    
  5788800.   11.11857250   11.1526   0.000       0.000      0.3407E-03  0.3748E-06-0.6821E-02-0.2339E-01 0.2987E-01  0.000      0.000      0.000       0.000       0.000       0.000       0.000       0.000       0.000    
  5875200.   11.11949147   11.1535   0.000       0.000      0.3403E-03 -0.7977E-07-0.6825E-02-0.2341E-01 0.2990E-01  0.000      0.000      0.000       0.000       0.000       0.000       0.000       0.000       0.000    
  5961600.   11.11531154   11.1491   0.000       0.000      0.3380E-03  0.3628E-06-0.6826E-02-0.2339E-01 0.2987E-01  0.000      0.000      0.000       0.000       0.000       0.000       0.000       0.000       0.000    
  6048000.   11.10261449   11.1359   0.000       0.000      0.3326E-03  0.1102E-05-0.6823E-02-0.2330E-01 0.2978E-01  0.000      0.000      0.000       0.000       0.000       0.000       0.000       0.000       0.000    
  6134400.   11.08615410   11.1188   0.000       0.000      0.3260E-03  0.1429E-05-0.6817E-02-0.2316E-01 0.2965E-01  0.000      0.000      0.000       0.000       0.000       0.000       0.000       0.000       0.000    
  6220800.   11.06806741   11.1000   0.000       0.000      0.3191E-03  0.1570E-05-0.6809E-02-0.2301E-01 0.2949E-01  0.000      0.000      0.000       0.000       0.000       0.000       0.000       0.000       0.000    
  6307200.   11.04942014   11.0806   0.000       0.000      0.3122E-03  0.1619E-05-0.6802E-02-0.2283E-01 0.2932E-01  0.000      0.000      0.000       0.000       0.000       0.000       0.000       0.000       0.000    
  6393600.   11.03078585   11.0613   0.000       0.000      0.3055E-03  0.1618E-05-0.6796E-02-0.2265E-01 0.2914E-01  0.000      0.000      0.000       0.000       0.000       0.000       0.000       0.000       0.000    
  6480000.   11.01239272   11.0423   0.000       0.000      0.2992E-03  0.1597E-05-0.6790E-02-0.2246E-01 0.2895E-01  0.000      0.000      0.000       0.000       0.000       0.000       0.000       0.000       0.000    
  6566400.   10.99425811   11.0236   0.000       0.000      0.2932E-03  0.1574E-05-0.6785E-02-0.2227E-01 0.2876E-01  0.000      0.000      0.000       0.000       0.000       0.000       0.000       0.000       0.000    
  6652800.   10.97642321   11.0052   0.000       0.000      0.2875E-03  0.1548E-05-0.6780E-02-0.2208E-01 0.2857E-01  0.000      0.000      0.000       0.000       0.000       0.000       0.000       0.000       0.000    
  6739200.   10.95913212   10.9874   0.000       0.000      0.2822E-03  0.1501E-05-0.6776E-02-0.2188E-01 0.2838E-01  0.000      0.000      0.000       0.000       0.000       0.000       0.000       0.000       0.000    
  6825600.   10.94197430   10.9697   0.000       0.000      0.2770E-03  0.1489E-05-0.6772E-02-0.2169E-01 0.2818E-01  0.000      0.000      0.000       0.000       0.000       0.000       0.000       0.000       0.000    
  6912000.   10.92499085   10.9522   0.000       0.000      0.2719E-03  0.1474E-05-0.6768E-02-0.2150E-01 0.2799E-01  0.000      0.000      0.000       0.000       0.000       0.000       0.000       0.000       0.000    
  6998400.   10.90841806   10.9351   0.000       0.000      0.2671E-03  0.1439E-05-0.6764E-02-0.2131E-01 0.2780E-01  0.000      0.000      0.000       0.000       0.000       0.000       0.000       0.000       0.000    
  7084800.   10.89247048   10.9187   0.000       0.000      0.2626E-03  0.1384E-05-0.6761E-02-0.2112E-01 0.2761E-01  0.000      0.000      0.000       0.000       0.000       0.000       0.000       0.000       0.000    
  7171200.   10.87708049   10.9029   0.000       0.000      0.2583E-03  0.1336E-05-0.6758E-02-0.2093E-01 0.2743E-01  0.000      0.000      0.000       0.000       0.000       0.000       0.000       0.000       0.000    
  7257600.   10.86210376   10.8875   0.000       0.000      0.2542E-03  0.1300E-05-0.6755E-02-0.2075E-01 0.2725E-01  0.000      0.000      0.000       0.000       0.000       0.000       0.000       0.000       0.000    
  7344000.   10.84768578   10.8727   0.000       0.000      0.2504E-03  0.1252E-05-0.6751E-02-0.2057E-01 0.2707E-01  0.000      0.000      0.000       0.000       0.000       0.000       0.000       0.000       0.000    
  7430400.   10.83474570   10.8595   0.000       0.000      0.2472E-03  0.1123E-05-0.6749E-02-0.2040E-01 0.2690E-01  0.000      0.000      0.000       0.000       0.000       0.000       0.000       0.000       0.000    
  7516800.   10.82202064   10.8464   0.000       0.000      0.2440E-03  0.1105E-05-0.6747E-02-0.2024E-01 0.2674E-01  0.000      0.000      0.000       0.000       0.000       0.000       0.000       0.000       0.000    
  7603200.   10.80897532   10.8330   0.000       0.000      0.2407E-03  0.1132E-05-0.6744E-02-0.2008E-01 0.2658E-01  0.000      0.000      0.000       0.000       0.000       0.000       0.000       0.000       0.000    
  7689600.   10.79634676   10.8201   0.000       0.000      0.2375E-03  0.1096E-05-0.6740E-02-0.1991E-01 0.2642E-01  0.000      0.000      0.000       0.000       0.000       0.000       0.000       0.000       0.000    
  7776000.   10.78466092   10.8081   0.000       0.000      0.2347E-03  0.1014E-05-0.6737E-02-0.1976E-01 0.2626E-01  0.000      0.000      0.000       0.000       0.000       0.000       0.000       0.000       0.000    
  7862400.   10.77285449   10.7960   0.000       0.000      0.2318E-03  0.1025E-05-0.6734E-02-0.1961E-01 0.2611E-01  0.000      0.000      0.000       0.000       0.000       0.000       0.000       0.000       0.000    
  7948800.   10.76143067   10.7843   0.000       0.000      0.2290E-03  0.9917E-06-0.6731E-02-0.1946E-01 0.2596E-01  0.000      0.000      0.000       0.000       0.000       0.000       0.000       0.000       0.000    
  8035200.   10.75036587   10.7730   0.000       0.000      0.2264E-03  0.9605E-06-0.6727E-02-0.1931E-01 0.2581E-01  0.000      0.000      0.000       0.000       0.000       0.000       0.000       0.000       0.000    
  8121600.   10.73963821   10.7620   0.000       0.000      0.2238E-03  0.9312E-06-0.6723E-02-0.1916E-01 0.2566E-01  0.000      0.000      0.000       0.000       0.000       0.000       0.000       0.000       0.000    
  8208000.   10.72922820   10.7514   0.000       0.000      0.2214E-03  0.9036E-06-0.6720E-02-0.1902E-01 0.2552E-01  0.000      0.000      0.000       0.000       0.000       0.000       0.000       0.000       0.000    
  8294400.   10.71911752   10.7410   0.000       0.000      0.2190E-03  0.8777E-06-0.6716E-02-0.1889E-01 0.2538E-01  0.000      0.000      0.000       0.000       0.000       0.000       0.000       0.000       0.000    
  8380800.   10.76466053   10.7892   0.000       0.000      0.2453E-03 -0.3953E-05-0.6749E-02-0.1928E-01 0.2579E-01  0.000      0.000      0.000       0.000       0.000       0.000       0.000       0.000       0.000    
  8467200.   10.76920170   10.7940   0.000       0.000      0.2482E-03 -0.3942E-06-0.6763E-02-0.1934E-01 0.2585E-01  0.000      0.000      0.000       0.000       0.000       0.000       0.000       0.000       0.000    
  8553600.   10.77000375   10.7950   0.000       0.000      0.2495E-03 -0.6962E-07-0.6764E-02-0.1937E-01 0.2589E-01  0.000      0.000      0.000       0.000       0.000       0.000       0.000       0.000       0.000    
  8640000.   10.76590341   10.7907   0.000       0.000      0.2480E-03  0.3559E-06-0.6760E-02-0.1935E-01 0.2586E-01  0.000      0.000      0.000       0.000       0.000       0.000       0.000       0.000       0.000    
  8726400.   10.75939858   10.7839   0.000       0.000      0.2453E-03  0.5647E-06-0.6753E-02-0.1929E-01 0.2580E-01  0.000      0.000      0.000       0.000       0.000       0.000       0.000       0.000       0.000    
  8812800.   10.75166221   10.7759   0.000       0.000      0.2420E-03  0.6716E-06-0.6746E-02-0.1921E-01 0.2571E-01  0.000      0.000      0.000       0.000       0.000       0.000       0.000       0.000       0.000    
  8899200.   10.74186206   10.7657   0.000       0.000      0.2379E-03  0.8507E-06-0.6737E-02-0.1911E-01 0.2560E-01  0.000      0.000      0.000       0.000       0.000       0.000       0.000       0.000       0.000    
  8985600.   10.73860018   10.7623   0.000       0.000      0.2375E-03  0.2831E-06-0.6733E-02-0.1906E-01 0.2555E-01  0.000      0.000      0.000       0.000       0.000       0.000       0.000       0.000       0.000    
  9072000.   10.74626465   10.7705   0.000       0.000      0.2426E-03 -0.6653E-06-0.6737E-02-0.1911E-01 0.2561E-01  0.000      0.000      0.000       0.000       0.000       0.000       0.000       0.000       0.000    
  9158400.   10.74234960   10.7665   0.000       0.000      0.2413E-03  0.3398E-06-0.6736E-02-0.1907E-01 0.2557E-01  0.000      0.000      0.000       0.000       0.000       0.000       0.000       0.000       0.000    
  9244800.   10.77003447   10.7957   0.000       0.000      0.2563E-03 -0.2403E-05-0.6753E-02-0.1933E-01 0.2583E-01  0.000      0.000      0.000       0.000       0.000       0.000       0.000       0.000       0.000    
  9331200.   10.84009255   10.8691   0.000       0.000      0.2898E-03 -0.6081E-05-0.6802E-02-0.1998E-01 0.2650E-01  0.000      0.000      0.000       0.000       0.000       0.000       0.000       0.000       0.000    
  9417600.   11.01091423   11.0471   0.000       0.000      0.3618E-03 -0.1483E-04-0.6912E-02-0.2147E-01 0.2803E-01  0.000      0.000      0.000       0.000       0.000       0.000       0.000       0.000       0.000    
  9504000.   11.13677844   11.1772   0.000       0.000      0.4041E-03 -0.1093E-04-0.6999E-02-0.2263E-01 0.2923E-01  0.000      0.000      0.000       0.000       0.000       0.000       0.000       0.000       0.000    
  9590400.   11.11436921   11.1531   0.000       0.000      0.3873E-03  0.1945E-05-0.6991E-02-0.2276E-01 0.2937E-01  0.000      0.000      0.000       0.000       0.000       0.000       0.000       0.000       0.000    
  9676800.   11.08636843   11.1234   0.000       0.000      0.3701E-03  0.2431E-05-0.6951E-02-0.2275E-01 0.2933E-01  0.000      0.000      0.000       0.000       0.000       0.000       0.000       0.000       0.000    
  9763200.   11.05637139   11.0916   0.000       0.000      0.3523E-03  0.2604E-05-0.6912E-02-0.2261E-01 0.2916E-01  0.000      0.000      0.000       0.000       0.000       0.000       0.000       0.000       0.000    
  9849600.   11.02772725   11.0613   0.000       0.000      0.3361E-03  0.2486E-05-0.6878E-02-0.2242E-01 0.2896E-01  0.000      0.000      0.000       0.000       0.000       0.000       0.000       0.000       0.000    
  9936000.   11.04610468   11.0801   0.000       0.000      0.3401E-03 -0.1595E-05-0.6874E-02-0.2255E-01 0.2908E-01  0.000      0.000      0.000       0.000       0.000       0.000       0.000       0.000       0.000    
 10022400.   11.06141481   11.0957   0.000       0.000      0.3429E-03 -0.1329E-05-0.6882E-02-0.2267E-01 0.2921E-01  0.000      0.000      0.000       0.000       0.000       0.000       0.000       0.000       0.000    
 10108800.   11.06608162   11.1003   0.000       0.000      0.3421E-03 -0.4051E-06-0.6884E-02-0.2274E-01 0.2928E-01  0.000      0.000      0.000       0.000       0.000       0.000       0.000       0.000       0.000    
 10195200.   11.07853413   11.1130   0.000       0.000      0.3447E-03 -0.1081E-05-0.6889E-02-0.2287E-01 0.2941E-01  0.000      0.000      0.000       0.000       0.000       0.000       0.000       0.000       0.000    
 10281600.   11.08518271   11.1197   0.000       0.000      0.3450E-03 -0.5771E-06-0.6893E-02-0.2295E-01 0.2950E-01  0.000      0.000      0.000       0.000       0.000       0.000       0.000       0.000       0.000    
 10368000.   11.07297735   11.1068   0.000       0.000      0.3382E-03  0.1059E-05-0.6886E-02-0.2289E-01 0.2944E-01  0.000      0.000      0.000       0.000       0.000       0.000       0.000       0.000       0.000    
 10454400.   11.05397808   11.0869   0.000       0.000      0.3292E-03  0.1649E-05-0.6872E-02-0.2276E-01 0.2931E-01  0.000      0.000      0.000       0.000       0.000       0.000       0.000       0.000       0.000    
 10540800.   11.05295269   11.0857   0.000       0.000      0.3278E-03  0.8901E-07-0.6869E-02-0.2275E-01 0.2929E-01  0.000      0.000      0.000       0.000       0.000       0.000       0.000       0.000       0.000    
 10627200.   11.06124599   11.0942   0.000       0.000      0.3300E-03 -0.7199E-06-0.6875E-02-0.2280E-01 0.2934E-01  0.000      0.000      0.000       0.000       0.000       0.000       0.000       0.000       0.000    
 10713600.   11.06187245   11.0948   0.000       0.000      0.3293E-03 -0.5438E-07-0.6880E-02-0.2281E-01 0.2936E-01  0.000      0.000      0.000       0.000       0.000       0.000       0.000       0.000       0.000    
 10800000.   11.05261481   11.0851   0.000       0.000      0.3249E-03  0.8036E-06-0.6877E-02-0.2275E-01 0.2930E-01  0.000      0.000      0.000       0.000       0.000       0.000       0.000       0.000       0.000    
 10886400.   11.03724921   11.0691   0.000       0.000      0.3184E-03  0.1334E-05-0.6870E-02-0.2263E-01 0.2918E-01  0.000      0.000      0.000       0.000       0.000       0.000       0.000       0.000       0.000    
 10972800.   11.01867222   11.0498   0.000       0.000      0.3108E-03  0.1613E-05-0.6861E-02-0.2247E-01 0.2902E-01  0.000      0.000      0.000       0.000       0.000       0.000       0.000       0.000       0.000    
 11059200.   10.99705125   11.0273   0.000       0.000      0.3023E-03  0.1877E-05-0.6850E-02-0.2227E-01 0.2882E-01  0.000      0.000      0.000       0.000       0.000       0.000       0.000       0.000       0.000    
 11145600.   10.97530592   11.0047   0.000       0.000      0.2940E-03  0.1888E-05-0.6839E-02-0.2206E-01 0.2860E-01  0.000      0.000      0.000       0.000       0.000       0.000       0.000       0.000       0.000    
 11232000.   10.95443385   10.9831   0.000       0.000      0.2864E-03  0.1812E-05-0.6830E-02-0.2184E-01 0.2838E-01  0.000      0.000      0.000       0.000       0.000       0.000       0.000       0.000       0.000    
 11318400.   10.93447491   10.9624   0.000       0.000      0.2794E-03  0.1733E-05-0.6822E-02-0.2162E-01 0.2816E-01  0.000      0.000      0.000       0.000       0.000       0.000       0.000       0.000       0.000    
 11404800.   10.93867021   10.9670   0.000       0.000      0.2830E-03 -0.3642E-06-0.6829E-02-0.2160E-01 0.2815E-01  0.000      0.000      0.000       0.000       0.000       0.000       0.000       0.000       0.000    
 11491200.   10.92098126   10.9487   0.000       0.000      0.2769E-03  0.1535E-05-0.6827E-02-0.2142E-01 0.2797E-01  0.000      0.000      0.000       0.000       0.000       0.000       0.000       0.000       0.000    
 11577600.   10.94680973   10.9758   0.000       0.000      0.2899E-03 -0.2242E-05-0.6846E-02-0.2159E-01 0.2815E-01  0.000      0.000      0.000       0.000       0.000       0.000       0.000       0.000       0.000    
 11664000.   11.01892198   11.0510   0.000       0.000      0.3205E-03 -0.6260E-05-0.6899E-02-0.2215E-01 0.2873E-01  0.000      0.000      0.000       0.000       0.000       0.000       0.000       0.000       0.000    
 11750400.   11.19148462   11.2300   0.000       0.000      0.3851E-03 -0.1498E-04-0.7007E-02-0.2347E-01 0.3011E-01  0.000      0.000      0.000       0.000       0.000       0.000       0.000       0.000       0.000    
 11836800.   11.15906298   11.1959   0.000       0.000      0.3685E-03  0.2814E-05-0.7019E-02-0.2345E-01 0.3010E-01  0.000      0.000      0.000       0.000       0.000       0.000       0.000       0.000       0.000    
 11923200.   11.12941065   11.1649   0.000       0.000      0.3552E-03  0.2574E-05-0.6991E-02-0.2339E-01 0.3002E-01  0.000      0.000      0.000       0.000       0.000       0.000       0.000       0.000       0.000    
 12009600.   11.10173394   11.1359   0.000       0.000      0.3419E-03  0.2402E-05-0.6964E-02-0.2323E-01 0.2985E-01  0.000      0.000      0.000       0.000       0.000       0.000       0.000       0.000       0.000    
 12096000.   11.09473454   11.1284   0.000       0.000      0.3370E-03  0.6076E-06-0.6952E-02-0.2318E-01 0.2979E-01  0.000      0.000      0.000       0.000       0.000       0.000       0.000       0.000       0.000    
 12182400.   11.08552783   11.1187   0.000       0.000      0.3316E-03  0.7992E-06-0.6945E-02-0.2310E-01 0.2971E-01  0.000      0.000      0.000       0.000       0.000       0.000       0.000       0.000       0.000    
 12268800.   11.07031652   11.1028   0.000       0.000      0.3247E-03  0.1320E-05-0.6936E-02-0.2298E-01 0.2959E-01  0.000      0.000      0.000       0.000       0.000       0.000       0.000       0.000       0.000    
 12355200.   11.05147533   11.0832   0.000       0.000      0.3168E-03  0.1636E-05-0.6926E-02-0.2282E-01 0.2942E-01  0.000      0.000      0.000       0.000       0.000       0.000       0.000       0.000       0.000    
 12441600.   11.03795879   11.0691   0.000       0.000      0.3115E-03  0.1173E-05-0.6919E-02-0.2268E-01 0.2929E-01  0.000      0.000      0.000       0.000       0.000       0.000       0.000       0.000       0.000    
 12528000.   11.08314381   11.1161   0.000       0.000      0.3294E-03 -0.3922E-05-0.6946E-02-0.2299E-01 0.2961E-01  0.000      0.000      0.000       0.000       0.000       0.000       0.000       0.000       0.000    
 12614400.   11.13519454   11.1700   0.000       0.000      0.3483E-03 -0.4518E-05-0.6986E-02-0.2338E-01 0.3002E-01  0.000      0.000      0.000       0.000       0.000       0.000       0.000       0.000       0.000    
 12700800.   11.12699438   11.1614   0.000       0.000      0.3438E-03  0.7118E-06-0.6994E-02-0.2339E-01 0.3004E-01  0.000      0.000      0.000       0.000       0.000       0.000       0.000       0.000       0.000    
 12787200.   11.11142369   11.1451   0.000       0.000      0.3370E-03  0.1352E-05-0.6985E-02-0.2333E-01 0.2997E-01  0.000      0.000      0.000       0.000       0.000       0.000       0.000       0.000       0.000    
 12873600.   11.09062678   11.1234   0.000       0.000      0.3282E-03  0.1805E-05-0.6972E-02-0.2318E-01 0.2983E-01  0.000      0.000      0.000       0.000       0.000       0.000       0.000       0.000       0.000    
 12960000.   11.09525107   11.1282   0.000       0.000      0.3294E-03 -0.4014E-06-0.6973E-02-0.2320E-01 0.2985E-01  0.000      0.000      0.000       0.000       0.000       0.000       0.000       0.000       0.000    
 13046400.   11.08593335   11.1185   0.000       0.000      0.3252E-03  0.8088E-06-0.6972E-02-0.2313E-01 0.2977E-01  0.000      0.000      0.000       0.000       0.000       0.000       0.000       0.000       0.000    
 13132800.   11.07207150   11.1040   0.000       0.000      0.3197E-03  0.1203E-05-0.6967E-02-0.2301E-01 0.2966E-01  0.000      0.000      0.000       0.000       0.000       0.000       0.000       0.000       0.000    
 13219200.   11.06227749   11.0939   0.000       0.000      0.3160E-03  0.8502E-06-0.6963E-02-0.2292E-01 0.2957E-01  0.000      0.000      0.000       0.000       0.000       0.000       0.000       0.000       0.000    
 13305600.   11.04807774   11.0791   0.000       0.000      0.3107E-03  0.1233E-05-0.6959E-02-0.2279E-01 0.2944E-01  0.000      0.000      0.000       0.000       0.000       0.000       0.000       0.000       0.000    
 13392000.   11.06924068   11.1012   0.000       0.000      0.3195E-03 -0.1837E-05-0.6973E-02-0.2292E-01 0.2957E-01  0.000      0.000      0.000       0.000       0.000       0.000       0.000       0.000       0.000    
 13478400.   11.08519897   11.1178   0.000       0.000      0.3256E-03 -0.1385E-05-0.6991E-02-0.2303E-01 0.2970E-01  0.000      0.000      0.000       0.000       0.000       0.000       0.000       0.000       0.000    
 13564800.   11.08074717   11.1131   0.000       0.000      0.3238E-03  0.3864E-06-0.6995E-02-0.2302E-01 0.2969E-01  0.000      0.000      0.000       0.000       0.000       0.000       0.000       0.000       0.000    
 13651200.   11.07121415   11.1032   0.000       0.000      0.3200E-03  0.8275E-06-0.6993E-02-0.2296E-01 0.2963E-01  0.000      0.000      0.000       0.000       0.000       0.000       0.000       0.000       0.000    
 13737600.   11.05763754   11.0891   0.000       0.000      0.3147E-03  0.1179E-05-0.6987E-02-0.2285E-01 0.2952E-01  0.000      0.000      0.000       0.000       0.000       0.000       0.000       0.000       0.000    
 13824000.   11.10185897   11.1351   0.000       0.000      0.3320E-03 -0.3839E-05-0.7012E-02-0.2316E-01 0.2984E-01  0.000      0.000      0.000       0.000       0.000       0.000       0.000       0.000       0.000    
 13910400.   11.16552709   11.2010   0.000       0.000      0.3547E-03 -0.5527E-05-0.7057E-02-0.2364E-01 0.3035E-01  0.000      0.000      0.000       0.000       0.000       0.000       0.000       0.000       0.000    
 13996800.   11.16417072   11.1994   0.000       0.000      0.3523E-03  0.1177E-06-0.7070E-02-0.2371E-01 0.3043E-01  0.000      0.000      0.000       0.000       0.000       0.000       0.000       0.000       0.000    
 14083200.   11.14961955   11.1842   0.000       0.000      0.3457E-03  0.1263E-05-0.7061E-02-0.2367E-01 0.3039E-01  0.000      0.000      0.000       0.000       0.000       0.000       0.000       0.000       0.000    
 14169600.   11.16424917   11.1992   0.000       0.000      0.3498E-03 -0.1270E-05-0.7066E-02-0.2380E-01 0.3052E-01  0.000      0.000      0.000       0.000       0.000       0.000       0.000       0.000       0.000    
 14256000.   11.17646956   11.2117   0.000       0.000      0.3525E-03 -0.1061E-05-0.7075E-02-0.2391E-01 0.3063E-01  0.000      0.000      0.000       0.000       0.000       0.000       0.000       0.000       0.000    
 14342400.   11.23745316   11.2747   0.000       0.000      0.3725E-03 -0.5294E-05-0.7109E-02-0.2436E-01 0.3110E-01  0.000      0.000      0.000       0.000       0.000       0.000       0.000       0.000       0.000    
 14428800.   11.39453107   11.4367   0.000       0.000      0.4220E-03 -0.1364E-04-0.7195E-02-0.2544E-01 0.3223E-01  0.000      0.000      0.000       0.000       0.000       0.000       0.000       0.000       0.000    
 14515200.   11.39083891   11.4324   0.000       0.000      0.4157E-03  0.3205E-06-0.7219E-02-0.2561E-01 0.3241E-01  0.000      0.000      0.000       0.000       0.000       0.000       0.000       0.000       0.000    
 14601600.   11.41507290   11.4571   0.000       0.000      0.4202E-03 -0.2104E-05-0.7223E-02-0.2592E-01 0.3272E-01  0.000      0.000      0.000       0.000       0.000       0.000       0.000       0.000       0.000    
 14688000.   11.46751666   11.5107   0.000       0.000      0.4322E-03 -0.4552E-05-0.7246E-02-0.2634E-01 0.3316E-01  0.000      0.000      0.000       0.000       0.000       0.000       0.000       0.000       0.000    
 14774400.   11.48659448   11.5299   0.000       0.000      0.4332E-03 -0.1656E-05-0.7258E-02-0.2657E-01 0.3340E-01  0.000      0.000      0.000       0.000       0.000       0.000       0.000       0.000       0.000    
 14860800.   11.47679604   11.5194   0.000       0.000      0.4261E-03  0.8506E-06-0.7252E-02-0.2662E-01 0.3344E-01  0.000      0.000      0.000       0.000       0.000       0.000       0.000       0.000       0.000    
 14947200.   11.46315953   11.5050   0.000       0.000      0.4184E-03  0.1184E-05-0.7241E-02-0.2660E-01 0.3343E-01  0.000      0.000      0.000       0.000       0.000       0.000       0.000       0.000       0.000    
 15033600.   11.44137900   11.4822   0.000       0.000      0.4086E-03  0.1891E-05-0.7227E-02-0.2651E-01 0.3332E-01  0.000      0.000      0.000       0.000       0.000       0.000       0.000       0.000       0.000    
 15120000.   11.41585881   11.4557   0.000       0.000      0.3981E-03  0.2215E-05-0.7212E-02-0.2636E-01 0.3317E-01  0.000      0.000      0.000       0.000       0.000       0.000       0.000       0.000       0.000    
 15206400.   11.38659460   11.4253   0.000       0.000      0.3871E-03  0.2540E-05-0.7196E-02-0.2616E-01 0.3297E-01  0.000      0.000      0.000       0.000       0.000       0.000       0.000       0.000       0.000    
 15292800.   11.35539699   11.3930   0.000       0.000      0.3760E-03  0.2708E-05-0.7181E-02-0.2593E-01 0.3274E-01  0.000      0.000      0.000       0.000       0.000       0.000       0.000       0.000       0.000    
 15379200.   11.39516712   11.4340   0.000       0.000      0.3881E-03 -0.3452E-05-0.7201E-02-0.2613E-01 0.3295E-01  0.000      0.000      0.000       0.000       0.000       0.000       0.000       0.000       0.000    
 15465600.   11.41414297   11.4534   0.000       0.000      0.3928E-03 -0.1647E-05-0.7225E-02-0.2625E-01 0.3308E-01  0.000      0.000      0.000       0.000       0.000       0.000       0.000       0.000       0.000    
 15552000.   11.39957775   11.4383   0.000       0.000      0.3874E-03  0.1264E-05-0.7229E-02-0.2618E-01 0.3302E-01  0.000      0.000      0.000       0.000       0.000       0.000       0.000       0.000       0.000    
 15638400.   11.37275091   11.4106   0.000       0.000      0.3784E-03  0.2329E-05-0.7220E-02-0.2602E-01 0.3286E-01  0.000      0.000      0.000       0.000       0.000       0.000       0.000       0.000       0.000    
 15724800.   11.34434579   11.3812   0.000       0.000      0.3690E-03  0.2466E-05-0.7209E-02-0.2582E-01 0.3266E-01  0.000      0.000      0.000       0.000       0.000       0.000       0.000       0.000       0.000    
 15811200.   11.31604499   11.3520   0.000       0.000      0.3598E-03  0.2457E-05-0.7198E-02-0.2560E-01 0.3244E-01  0.000      0.000      0.000       0.000       0.000       0.000       0.000       0.000       0.000    
 15897600.   11.28887465   11.3240   0.000       0.000      0.3511E-03  0.2359E-05-0.7189E-02-0.2537E-01 0.3221E-01  0.000      0.000      0.000       0.000       0.000       0.000       0.000       0.000       0.000    
 15984000.   11.26953233   11.3041   0.000       0.000      0.3453E-03  0.1679E-05-0.7184E-02-0.2518E-01 0.3202E-01  0.000      0.000      0.000       0.000       0.000       0.000       0.000       0.000       0.000    
 16070400.   11.24474148   11.2785   0.000       0.000      0.3379E-03  0.2152E-05-0.7179E-02-0.2496E-01 0.3180E-01  0.000      0.000      0.000       0.000       0.000       0.000       0.000       0.000       0.000    
 16156800.   11.22065464   11.2537   0.000       0.000      0.3309E-03  0.2091E-05-0.7173E-02-0.2473E-01 0.3157E-01  0.000      0.000      0.000       0.000       0.000       0.000       0.000       0.000       0.000    
 16243200.   11.19691647   11.2293   0.000       0.000      0.3242E-03  0.2061E-05-0.7168E-02-0.2450E-01 0.3134E-01  0.000      0.000      0.000       0.000       0.000       0.000       0.000       0.000       0.000    
 16329600.   11.17397675   11.2058   0.000       0.000      0.3178E-03  0.1991E-05-0.7164E-02-0.2428E-01 0.3112E-01  0.000      0.000      0.000       0.000       0.000       0.000       0.000       0.000       0.000    
 16416000.   11.15176857   11.1829   0.000       0.000      0.3118E-03  0.1928E-05-0.7159E-02-0.2405E-01 0.3090E-01  0.000      0.000      0.000       0.000       0.000       0.000       0.000       0.000       0.000    
 16502400.   11.13032019   11.1609   0.000       0.000      0.3061E-03  0.1862E-05-0.7156E-02-0.2383E-01 0.3068E-01  0.000      0.000      0.000       0.000       0.000       0.000       0.000       0.000       0.000    
 16588800.   11.10965020   11.1397   0.000       0.000      0.3007E-03  0.1794E-05-0.7152E-02-0.2361E-01 0.3046E-01  0.000      0.000      0.000       0.000       0.000       0.000       0.000       0.000       0.000    
 16675200.   11.08974295   11.1193   0.000       0.000      0.2957E-03  0.1728E-05-0.7149E-02-0.2340E-01 0.3025E-01  0.000      0.000      0.000       0.000       0.000       0.000       0.000       0.000       0.000    
 16761600.   11.07425646   11.1035   0.000       0.000      0.2923E-03  0.1344E-05-0.7148E-02-0.2321E-01 0.3007E-01  0.000      0.000      0.000       0.000       0.000       0.000       0.000       0.000       0.000    
 16848000.   11.06238234   11.0914   0.000       0.000      0.2903E-03  0.1031E-05-0.7150E-02-0.2306E-01 0.2992E-01  0.000      0.000      0.000       0.000       0.000       0.000       0.000       0.000       0.000    
 16934400.   11.06393473   11.0933   0.000       0.000      0.2934E-03 -0.1348E-06-0.7159E-02-0.2302E-01 0.2988E-01  0.000      0.000      0.000       0.000       0.000       0.000       0.000       0.000       0.000    
 17020800.   11.05863089   11.0880   0.000       0.000      0.2935E-03  0.4604E-06-0.7166E-02-0.2294E-01 0.2981E-01  0.000      0.000      0.000       0.000       0.000       0.000       0.000       0.000       0.000    
 17107200.   11.04155314   11.0704   0.000       0.000      0.2889E-03  0.1482E-05-0.7164E-02-0.2278E-01 0.2965E-01  0.000      0.000      0.000       0.000       0.000       0.000       0.000       0.000       0.000    
 17193600.   11.02513764   11.0536   0.000       0.000      0.2846E-03  0.1425E-05-0.7159E-02-0.2262E-01 0.2949E-01  0.000      0.000      0.000       0.000       0.000       0.000       0.000       0.000       0.000    
 17280000.   11.00841233   11.0364   0.000       0.000      0.2800E-03  0.1452E-05-0.7154E-02-0.2244E-01 0.2931E-01  0.000      0.000      0.000       0.000       0.000       0.000       0.000       0.000       0.000    
 17366400.   10.99180887   11.0194   0.000       0.000      0.2755E-03  0.1441E-05-0.7149E-02-0.2226E-01 0.2913E-01  0.000      0.000      0.000       0.000       0.000       0.000       0.000       0.000       0.000    
 17452800.   10.97565356   11.0028   0.000       0.000      0.2712E-03  0.1402E-05-0.7144E-02-0.2208E-01 0.2895E-01  0.000      0.000      0.000       0.000       0.000       0.000       0.000       0.000       0.000    
 17539200.   10.96000153   10.9867   0.000       0.000      0.2672E-03  0.1359E-05-0.7139E-02-0.2190E-01 0.2877E-01  0.000      0.000      0.000       0.000       0.000       0.000       0.000       0.000       0.000    
 17625600.   10.94487364   10.9712   0.000       0.000      0.2633E-03  0.1313E-05-0.7135E-02-0.2173E-01 0.2860E-01  0.000      0.000      0.000       0.000       0.000       0.000       0.000       0.000       0.000    
 17712000.   10.93571269   10.9619   0.000       0.000      0.2621E-03  0.7952E-06-0.7133E-02-0.2160E-01 0.2847E-01  0.000      0.000      0.000       0.000       0.000       0.000       0.000       0.000       0.000    
 17798400.   10.92198991   10.9479   0.000       0.000      0.2588E-03  0.1191E-05-0.7130E-02-0.2144E-01 0.2831E-01  0.000      0.000      0.000       0.000       0.000       0.000       0.000       0.000       0.000    
 17884800.   10.90796749   10.9335   0.000       0.000      0.2553E-03  0.1217E-05-0.7126E-02-0.2128E-01 0.2815E-01  0.000      0.000      0.000       0.000       0.000       0.000       0.000       0.000       0.000    
 17971200.   10.89443900   10.9196   0.000       0.000      0.2521E-03  0.1174E-05-0.7121E-02-0.2112E-01 0.2799E-01  0.000      0.000      0.000       0.000       0.000       0.000       0.000       0.000       0.000    
 18057600.   10.88134842   10.9062   0.000       0.000      0.2490E-03  0.1136E-05-0.7116E-02-0.2097E-01 0.2783E-01  0.000      0.000      0.000       0.000       0.000       0.000       0.000       0.000       0.000    
 18144000.   10.86865891   10.8933   0.000       0.000      0.2460E-03  0.1102E-05-0.7112E-02-0.2081E-01 0.2768E-01  0.000      0.000      0.000       0.000       0.000       0.000       0.000       0.000       0.000    
 18230400.   10.85634588   10.8807   0.000       0.000      0.2432E-03  0.1069E-05-0.7107E-02-0.2066E-01 0.2752E-01  0.000      0.000      0.000       0.000       0.000       0.000       0.000       0.000       0.000    
 18316800.   10.84439556   10.8684   0.000       0.000      0.2405E-03  0.1037E-05-0.7103E-02-0.2051E-01 0.2737E-01  0.000      0.000      0.000       0.000       0.000       0.000       0.000       0.000       0.000    
 18403200.   10.83277943   10.8566   0.000       0.000      0.2379E-03  0.1008E-05-0.7098E-02-0.2036E-01 0.2722E-01  0.000      0.000      0.000       0.000       0.000       0.000       0.000       0.000       0.000    
 18489600.   10.82148306   10.8450   0.000       0.000      0.2354E-03  0.9806E-06-0.7093E-02-0.2022E-01 0.2708E-01  0.000      0.000      0.000       0.000       0.000       0.000       0.000       0.000       0.000    
 18576000.   10.81049365   10.8338   0.000       0.000      0.2330E-03  0.9539E-06-0.7088E-02-0.2008E-01 0.2694E-01  0.000      0.000      0.000       0.000       0.000       0.000       0.000       0.000       0.000    
 18662400.   10.79979225   10.8229   0.000       0.000      0.2307E-03  0.9289E-06-0.7084E-02-0.1994E-01 0.2680E-01  0.000      0.000      0.000       0.000       0.000       0.000       0.000       0.000       0.000    
 18748800.   10.78936747   10.8122   0.000       0.000      0.2285E-03  0.9049E-06-0.7079E-02-0.1981E-01 0.2666E-01  0.000      0.000      0.000       0.000       0.000       0.000       0.000       0.000       0.000    
 18835200.   10.79012040   10.8133   0.000       0.000      0.2317E-03 -0.6536E-07-0.7081E-02-0.1978E-01 0.2663E-01  0.000      0.000      0.000       0.000       0.000       0.000       0.000       0.000       0.000    
 18921600.   10.78178424   10.8048   0.000       0.000      0.2300E-03  0.7236E-06-0.7078E-02-0.1968E-01 0.2652E-01  0.000      0.000      0.000       0.000       0.000       0.000       0.000       0.000       0.000    
 19008000.   10.77111869   10.7938   0.000       0.000      0.2273E-03  0.9258E-06-0.7072E-02-0.1955E-01 0.2640E-01  0.000      0.000      0.000       0.000       0.000       0.000       0.000       0.000       0.000    
 19094400.   10.76087392   10.7833   0.000       0.000      0.2247E-03  0.8893E-06-0.7065E-02-0.1943E-01 0.2627E-01  0.000      0.000      0.000       0.000       0.000       0.000       0.000       0.000       0.000    
 19180800.   10.75098299   10.7732   0.000       0.000      0.2222E-03  0.8586E-06-0.7059E-02-0.1930E-01 0.2614E-01  0.000      0.000      0.000       0.000       0.000       0.000       0.000       0.000       0.000    
 19267200.   10.74165669   10.7637   0.000       0.000      0.2200E-03  0.8096E-06-0.7052E-02-0.1918E-01 0.2601E-01  0.000      0.000      0.000       0.000       0.000       0.000       0.000       0.000       0.000    
 19353600.   10.73233847   10.7541   0.000       0.000      0.2178E-03  0.8089E-06-0.7046E-02-0.1906E-01 0.2588E-01  0.000      0.000      0.000       0.000       0.000       0.000       0.000       0.000       0.000    
 19440000.   10.72328042   10.7449   0.000       0.000      0.2158E-03  0.7863E-06-0.7040E-02-0.1894E-01 0.2576E-01  0.000      0.000      0.000       0.000       0.000       0.000       0.000       0.000       0.000    
 19526400.   10.71446144   10.7358   0.000       0.000      0.2138E-03  0.7655E-06-0.7034E-02-0.1882E-01 0.2564E-01  0.000      0.000      0.000       0.000       0.000       0.000       0.000       0.000       0.000    
 19612800.   10.70586525   10.7271   0.000       0.000      0.2119E-03  0.7462E-06-0.7027E-02-0.1870E-01 0.2552E-01  0.000      0.000      0.000       0.000       0.000       0.000       0.000       0.000       0.000    
 19699200.   10.69747648   10.7185   0.000       0.000      0.2101E-03  0.7282E-06-0.7021E-02-0.1859E-01 0.2540E-01  0.000      0.000      0.000       0.000       0.000       0.000       0.000       0.000       0.000    
 19785600.   10.68928380   10.7101   0.000       0.000      0.2083E-03  0.7112E-06-0.7015E-02-0.1848E-01 0.2528E-01  0.000      0.000      0.000       0.000       0.000       0.000       0.000       0.000       0.000    
 19872000.   10.68127739   10.7019   0.000       0.000      0.2066E-03  0.6950E-06-0.7009E-02-0.1837E-01 0.2517E-01  0.000      0.000      0.000       0.000       0.000       0.000       0.000       0.000       0.000    
 19958400.   10.68365052   10.7047   0.000       0.000      0.2106E-03 -0.2060E-06-0.7010E-02-0.1836E-01 0.2516E-01  0.000      0.000      0.000       0.000       0.000       0.000       0.000       0.000       0.000    
 20044800.   10.69019023   10.7118   0.000       0.000      0.2164E-03 -0.5677E-06-0.7016E-02-0.1841E-01 0.2521E-01  0.000      0.000      0.000       0.000       0.000       0.000       0.000       0.000       0.000    
 20131200.   10.68050747   10.7018   0.000       0.000      0.2127E-03  0.8405E-06-0.7009E-02-0.1831E-01 0.2511E-01  0.000      0.000      0.000       0.000       0.000       0.000       0.000       0.000       0.000    
 20217600.   10.67468605   10.6958   0.000       0.000      0.2116E-03  0.5053E-06-0.7002E-02-0.1824E-01 0.2503E-01  0.000      0.000      0.000       0.000       0.000       0.000       0.000       0.000       0.000    
 20304000.   10.66805216   10.6890   0.000       0.000      0.2098E-03  0.5759E-06-0.6995E-02-0.1816E-01 0.2494E-01  0.000      0.000      0.000       0.000       0.000       0.000       0.000       0.000       0.000    
 20390400.   10.65948976   10.6802   0.000       0.000      0.2069E-03  0.7433E-06-0.6986E-02-0.1805E-01 0.2483E-01  0.000      0.000      0.000       0.000       0.000       0.000       0.000       0.000       0.000    
 20476800.   10.65126413   10.6717   0.000       0.000      0.2044E-03  0.7140E-06-0.6977E-02-0.1794E-01 0.2472E-01  0.000      0.000      0.000       0.000       0.000       0.000       0.000       0.000       0.000    
 20563200.   10.64332828   10.6635   0.000       0.000      0.2021E-03  0.6889E-06-0.6969E-02-0.1784E-01 0.2460E-01  0.000      0.000      0.000       0.000       0.000       0.000       0.000       0.000       0.000    
 20649600.   10.63565523   10.6557   0.000       0.000      0.2000E-03  0.6661E-06-0.6961E-02-0.1773E-01 0.2449E-01  0.000      0.000      0.000       0.000       0.000       0.000       0.000       0.000       0.000    
 20736000.   10.62821748   10.6480   0.000       0.000      0.1980E-03  0.6456E-06-0.6953E-02-0.1763E-01 0.2438E-01  0.000      0.000      0.000       0.000       0.000       0.000       0.000       0.000       0.000    
 20822400.   10.62099201   10.6406   0.000       0.000      0.1962E-03  0.6272E-06-0.6946E-02-0.1753E-01 0.2428E-01  0.000      0.000      0.000       0.000       0.000       0.000       0.000       0.000       0.000    
 20908800.   10.61396249   10.6334   0.000       0.000      0.1945E-03  0.6102E-06-0.6939E-02-0.1743E-01 0.2417E-01  0.000      0.000      0.000       0.000       0.000       0.000       0.000       0.000       0.000    
 20995200.   10.60711306   10.6264   0.000       0.000      0.1929E-03  0.5946E-06-0.6931E-02-0.1733E-01 0.2407E-01  0.000      0.000      0.000       0.000       0.000       0.000       0.000       0.000       0.000    
 21081600.   10.60043150   10.6196   0.000       0.000      0.1914E-03  0.5800E-06-0.6924E-02-0.1723E-01 0.2397E-01  0.000      0.000      0.000       0.000       0.000       0.000       0.000       0.000       0.000    
 21168000.   10.59390511   10.6129   0.000       0.000      0.1900E-03  0.5665E-06-0.6917E-02-0.1714E-01 0.2387E-01  0.000      0.000      0.000       0.000       0.000       0.000       0.000       0.000       0.000    
 21254400.   10.58752360   10.6064   0.000       0.000      0.1886E-03  0.5540E-06-0.6910E-02-0.1705E-01 0.2377E-01  0.000      0.000      0.000       0.000       0.000       0.000       0.000       0.000       0.000    
 21340800.   10.58127890   10.6000   0.000       0.000      0.1872E-03  0.5421E-06-0.6903E-02-0.1695E-01 0.2367E-01  0.000      0.000      0.000       0.000       0.000       0.000       0.000       0.000       0.000    
 21427200.   10.57516360   10.5938   0.000       0.000      0.1859E-03  0.5308E-06-0.6896E-02-0.1686E-01 0.2357E-01  0.000      0.000      0.000       0.000       0.000       0.000       0.000       0.000       0.000    
 21513600.   10.57062515   10.5892   0.000       0.000      0.1856E-03  0.3940E-06-0.6891E-02-0.1679E-01 0.2350E-01  0.000      0.000      0.000       0.000       0.000       0.000       0.000       0.000       0.000    
 21600000.   10.58059829   10.6000   0.000       0.000      0.1942E-03 -0.8657E-06-0.6897E-02-0.1689E-01 0.2359E-01  0.000      0.000      0.000       0.000       0.000       0.000       0.000       0.000       0.000    
 21686400.   10.57304868   10.5921   0.000       0.000      0.1908E-03  0.6553E-06-0.6890E-02-0.1680E-01 0.2349E-01  0.000      0.000      0.000       0.000       0.000       0.000       0.000       0.000       0.000    
 21772800.   10.56597720   10.5848   0.000       0.000      0.1883E-03  0.6138E-06-0.6880E-02-0.1671E-01 0.2340E-01  0.000      0.000      0.000       0.000       0.000       0.000       0.000       0.000       0.000    
 21859200.   10.55930958   10.5779   0.000       0.000      0.1860E-03  0.5788E-06-0.6871E-02-0.1662E-01 0.2330E-01  0.000      0.000      0.000       0.000       0.000       0.000       0.000       0.000       0.000    
 21945600.   10.55295086   10.5714   0.000       0.000      0.1840E-03  0.5520E-06-0.6862E-02-0.1653E-01 0.2321E-01  0.000      0.000      0.000       0.000       0.000       0.000       0.000       0.000       0.000    
 22032000.   10.54684027   10.5651   0.000       0.000      0.1822E-03  0.5304E-06-0.6854E-02-0.1644E-01 0.2311E-01  0.000      0.000      0.000       0.000       0.000       0.000       0.000       0.000       0.000    
 22118400.   10.54093370   10.5590   0.000       0.000      0.1806E-03  0.5127E-06-0.6845E-02-0.1635E-01 0.2302E-01  0.000      0.000      0.000       0.000       0.000       0.000       0.000       0.000       0.000    
 22204800.   10.53520193   10.5531   0.000       0.000      0.1791E-03  0.4975E-06-0.6838E-02-0.1627E-01 0.2292E-01  0.000      0.000      0.000       0.000       0.000       0.000       0.000       0.000       0.000    
 22291200.   10.52962330   10.5474   0.000       0.000      0.1777E-03  0.4843E-06-0.6830E-02-0.1618E-01 0.2283E-01  0.000      0.000      0.000       0.000       0.000       0.000       0.000       0.000       0.000    
 22377600.   10.52418248   10.5418   0.000       0.000      0.1764E-03  0.4723E-06-0.6823E-02-0.1610E-01 0.2274E-01  0.000      0.000      0.000       0.000       0.000       0.000       0.000       0.000       0.000    
 22464000.   10.53631557   10.5550   0.000       0.000      0.1870E-03 -0.1053E-05-0.6830E-02-0.1623E-01 0.2287E-01  0.000      0.000      0.000       0.000       0.000       0.000       0.000       0.000       0.000    
 22550400.   10.53141783   10.5499   0.000       0.000      0.1846E-03  0.4252E-06-0.6825E-02-0.1617E-01 0.2281E-01  0.000      0.000      0.000       0.000       0.000       0.000       0.000       0.000       0.000    
 22636800.   10.52926593   10.5477   0.000       0.000      0.1848E-03  0.1868E-06-0.6819E-02-0.1614E-01 0.2277E-01  0.000      0.000      0.000       0.000       0.000       0.000       0.000       0.000       0.000    
 22723200.   10.57395380   10.5955   0.000       0.000      0.2153E-03 -0.3879E-05-0.6853E-02-0.1667E-01 0.2331E-01  0.000      0.000      0.000       0.000       0.000       0.000       0.000       0.000       0.000    
 22809600.   10.57295876   10.5942   0.000       0.000      0.2125E-03  0.8637E-07-0.6853E-02-0.1669E-01 0.2333E-01  0.000      0.000      0.000       0.000       0.000       0.000       0.000       0.000       0.000    
 22896000.   10.56974778   10.5907   0.000       0.000      0.2100E-03  0.2787E-06-0.6842E-02-0.1669E-01 0.2332E-01  0.000      0.000      0.000       0.000       0.000       0.000       0.000       0.000       0.000    
 22982400.   10.56552254   10.5862   0.000       0.000      0.2069E-03  0.3668E-06-0.6830E-02-0.1666E-01 0.2328E-01  0.000      0.000      0.000       0.000       0.000       0.000       0.000       0.000       0.000    
 23068800.   10.56074540   10.5811   0.000       0.000      0.2038E-03  0.4147E-06-0.6818E-02-0.1661E-01 0.2322E-01  0.000      0.000      0.000       0.000       0.000       0.000       0.000       0.000       0.000    
 23155200.   10.55483343   10.5749   0.000       0.000      0.2002E-03  0.5132E-06-0.6806E-02-0.1654E-01 0.2315E-01  0.000      0.000      0.000       0.000       0.000       0.000       0.000       0.000       0.000    
 23241600.   10.54848596   10.5682   0.000       0.000      0.1968E-03  0.5510E-06-0.6795E-02-0.1646E-01 0.2306E-01  0.000      0.000      0.000       0.000       0.000       0.000       0.000       0.000       0.000    
 23328000.   10.54174047   10.5611   0.000       0.000      0.1933E-03  0.5855E-06-0.6784E-02-0.1637E-01 0.2296E-01  0.000      0.000      0.000       0.000       0.000       0.000       0.000       0.000       0.000    
 23414400.   10.53497274   10.5540   0.000       0.000      0.1902E-03  0.5875E-06-0.6774E-02-0.1628E-01 0.2286E-01  0.000      0.000      0.000       0.000       0.000       0.000       0.000       0.000       0.000    
 23500800.   10.52850762   10.5472   0.000       0.000      0.1874E-03  0.5612E-06-0.6764E-02-0.1619E-01 0.2276E-01  0.000      0.000      0.000       0.000       0.000       0.000       0.000       0.000       0.000    
 23587200.   10.52223500   10.5407   0.000       0.000      0.1849E-03  0.5445E-06-0.6756E-02-0.1610E-01 0.2267E-01  0.000      0.000      0.000       0.000       0.000       0.000       0.000       0.000       0.000    
 23673600.   10.51605050   10.5343   0.000       0.000      0.1825E-03  0.5368E-06-0.6747E-02-0.1600E-01 0.2257E-01  0.000      0.000      0.000       0.000       0.000       0.000       0.000       0.000       0.000    
 23760000.   10.50985497   10.5279   0.000       0.000      0.1802E-03  0.5378E-06-0.6739E-02-0.1591E-01 0.2247E-01  0.000      0.000      0.000       0.000       0.000       0.000       0.000       0.000       0.000    
 23846400.   10.50382121   10.5216   0.000       0.000      0.1780E-03  0.5238E-06-0.6731E-02-0.1581E-01 0.2237E-01  0.000      0.000      0.000       0.000       0.000       0.000       0.000       0.000       0.000    
 23932800.   10.49803718   10.5156   0.000       0.000      0.1761E-03  0.5021E-06-0.6724E-02-0.1572E-01 0.2227E-01  0.000      0.000      0.000     -0.1006E-06   0.000       0.000       0.000       0.000       0.000    
 24019200.   10.49247012   10.5099   0.000       0.000      0.1743E-03  0.4833E-06-0.6714E-02-0.1564E-01 0.2217E-01  0.000      0.000      0.000     -0.6540E-06   0.000       0.000       0.000       0.000       0.000    
 24105600.   10.48706540   10.5043   0.000       0.000      0.1726E-03  0.4692E-06-0.6709E-02-0.1555E-01 0.2209E-01  0.000      0.000      0.000     -0.9414E-06   0.000       0.000       0.000       0.000       0.000    
 24192000.   10.48176247   10.4989   0.000       0.000      0.1710E-03  0.4603E-06-0.6703E-02-0.1547E-01 0.2200E-01  0.000      0.000      0.000     -0.1139E-05   0.000       0.000       0.000       0.000       0.000    
 24278400.   10.47655152   10.4935   0.000       0.000      0.1695E-03  0.4523E-06-0.6696E-02-0.1538E-01 0.2191E-01  0.000      0.000      0.000     -0.1292E-05   0.000       0.000       0.000       0.000       0.000    
 24364800.   10.47146434   10.4883   0.000       0.000      0.1681E-03  0.4416E-06-0.6689E-02-0.1530E-01 0.2182E-01  0.000      0.000      0.000     -0.1405E-05   0.000       0.000       0.000       0.000       0.000    
 24451200.   10.46651313   10.4832   0.000       0.000      0.1668E-03  0.4298E-06-0.6683E-02-0.1522E-01 0.2173E-01  0.000      0.000      0.000     -0.1490E-05   0.000       0.000       0.000       0.000       0.000    
 24537600.   10.46168987   10.4782   0.000       0.000      0.1656E-03  0.4187E-06-0.6676E-02-0.1514E-01 0.2165E-01  0.000      0.000      0.000     -0.1558E-05   0.000       0.000       0.000       0.000       0.000    
 24624000.   10.45698615   10.4734   0.000       0.000      0.1644E-03  0.4083E-06-0.6669E-02-0.1506E-01 0.2156E-01  0.000      0.000      0.000     -0.1613E-05   0.000       0.000       0.000       0.000       0.000    
 24710400.   10.45238898   10.4687   0.000       0.000      0.1633E-03  0.3991E-06-0.6663E-02-0.1498E-01 0.2148E-01  0.000      0.000      0.000     -0.1660E-05   0.000       0.000       0.000       0.000       0.000    
 24796800.   10.44789092   10.4641   0.000       0.000      0.1622E-03  0.3905E-06-0.6656E-02-0.1491E-01 0.2140E-01  0.000      0.000      0.000     -0.1700E-05   0.000       0.000       0.000       0.000       0.000    
 24883200.   10.44370268   10.4598   0.000       0.000      0.1613E-03  0.3636E-06-0.6650E-02-0.1484E-01 0.2132E-01  0.000      0.000      0.000     -0.1646E-05   0.000       0.000       0.000       0.000       0.000    
 24969600.   10.44374333   10.4602   0.000       0.000      0.1645E-03 -0.3529E-08-0.6647E-02-0.1482E-01 0.2131E-01  0.000      0.000      0.000      0.1627E-07   0.000       0.000       0.000       0.000       0.000    
 25056000.   10.43933733   10.4555   0.000       0.000      0.1619E-03  0.3825E-06-0.6640E-02-0.1475E-01 0.2123E-01  0.000      0.000      0.000     -0.1794E-05   0.000       0.000       0.000       0.000       0.000    
 25142400.   10.43491618   10.4510   0.000       0.000      0.1605E-03  0.3838E-06-0.6633E-02-0.1468E-01 0.2115E-01  0.000      0.000      0.000     -0.1863E-05   0.000       0.000       0.000       0.000       0.000    
 25228800.   10.43887582   10.4556   0.000       0.000      0.1675E-03 -0.3437E-06-0.6632E-02-0.1473E-01 0.2119E-01  0.000      0.000      0.000      0.1671E-05   0.000       0.000       0.000       0.000       0.000    
 25315200.   10.43505935   10.4514   0.000       0.000      0.1638E-03  0.3313E-06-0.6626E-02-0.1467E-01 0.2113E-01  0.000      0.000      0.000     -0.1610E-05   0.000       0.000       0.000       0.000       0.000    
 25401600.   10.43540604   10.4521   0.000       0.000      0.1668E-03 -0.3009E-07-0.6622E-02-0.1467E-01 0.2112E-01  0.000      0.000      0.000      0.1481E-06   0.000       0.000       0.000       0.000       0.000    
 25488000.   10.43549434   10.4523   0.000       0.000      0.1680E-03 -0.7665E-08-0.6618E-02-0.1467E-01 0.2112E-01  0.000      0.000      0.000      0.3767E-07   0.000       0.000       0.000       0.000       0.000    
 25574400.   10.43827394   10.4555   0.000       0.000      0.1718E-03 -0.2413E-06-0.6616E-02-0.1470E-01 0.2115E-01  0.000      0.000      0.000      0.1173E-05   0.000       0.000       0.000       0.000       0.000    
 25660800.   10.43496265   10.4518   0.000       0.000      0.1685E-03  0.2874E-06-0.6610E-02-0.1466E-01 0.2110E-01  0.000      0.000      0.000     -0.1401E-05   0.000       0.000       0.000       0.000       0.000    
 25747200.   10.44110485   10.4588   0.000       0.000      0.1765E-03 -0.5332E-06-0.6609E-02-0.1474E-01 0.2118E-01  0.000      0.000      0.000      0.2571E-05   0.000       0.000       0.000       0.000       0.000    
 25833600.   10.47669347   10.4975   0.000       0.000      0.2081E-03 -0.3089E-05-0.6637E-02-0.1523E-01 0.2167E-01  0.000      0.000      0.000      0.1216E-04   0.000       0.000       0.000       0.000       0.000    
 25920000.   10.52748723   10.5511   0.000       0.000      0.2360E-03 -0.4409E-05-0.6685E-02-0.1591E-01 0.2237E-01  0.000      0.000      0.000      0.4089E-05   0.000       0.000       0.000       0.000       0.000    
 26006400.   10.57953392   10.6057   0.000       0.000      0.2612E-03 -0.4518E-05-0.6719E-02-0.1659E-01 0.2305E-01  0.000      0.000      0.000       0.000       0.000       0.000       0.000       0.000       0.000    
 26092800.   10.59424536   10.6206   0.000       0.000      0.2636E-03 -0.1277E-05-0.6723E-02-0.1686E-01 0.2332E-01  0.000      0.000      0.000       0.000       0.000       0.000       0.000       0.000       0.000    
 26179200.   10.59016660   10.6157   0.000       0.000      0.2555E-03  0.3541E-06-0.6705E-02-0.1691E-01 0.2336E-01  0.000      0.000      0.000       0.000       0.000       0.000       0.000       0.000       0.000    
 26265600.   10.58204958   10.6066   0.000       0.000      0.2460E-03  0.7046E-06-0.6681E-02-0.1689E-01 0.2332E-01  0.000      0.000      0.000       0.000       0.000       0.000       0.000       0.000       0.000    
 26352000.   10.57278301   10.5965   0.000       0.000      0.2368E-03  0.8044E-06-0.6659E-02-0.1681E-01 0.2323E-01  0.000      0.000      0.000       0.000       0.000       0.000       0.000       0.000       0.000    
 26438400.   10.56330350   10.5862   0.000       0.000      0.2285E-03  0.8229E-06-0.6640E-02-0.1671E-01 0.2313E-01  0.000      0.000      0.000       0.000       0.000       0.000       0.000       0.000       0.000    
 26524800.   10.55384789   10.5760   0.000       0.000      0.2211E-03  0.8208E-06-0.6623E-02-0.1660E-01 0.2301E-01  0.000      0.000      0.000       0.000       0.000       0.000       0.000       0.000       0.000    
 26611200.   10.54419543   10.5656   0.000       0.000      0.2143E-03  0.8379E-06-0.6609E-02-0.1648E-01 0.2288E-01  0.000      0.000      0.000       0.000       0.000       0.000       0.000       0.000       0.000    
 26697600.   10.53505219   10.5559   0.000       0.000      0.2084E-03  0.7937E-06-0.6596E-02-0.1636E-01 0.2275E-01  0.000      0.000      0.000       0.000       0.000       0.000       0.000       0.000       0.000    
 26784000.   10.52625333   10.5466   0.000       0.000      0.2032E-03  0.7638E-06-0.6586E-02-0.1623E-01 0.2262E-01  0.000      0.000      0.000       0.000       0.000       0.000       0.000       0.000       0.000    
 26870400.   10.55367171   10.5759   0.000       0.000      0.2225E-03 -0.2380E-05-0.6607E-02-0.1655E-01 0.2293E-01  0.000      0.000      0.000       0.000       0.000       0.000       0.000       0.000       0.000    
 26956800.   10.57147565   10.5947   0.000       0.000      0.2325E-03 -0.1545E-05-0.6624E-02-0.1676E-01 0.2315E-01  0.000      0.000      0.000       0.000       0.000       0.000       0.000       0.000       0.000    
 27043200.   10.58849324   10.6126   0.000       0.000      0.2415E-03 -0.1477E-05-0.6636E-02-0.1698E-01 0.2338E-01  0.000      0.000      0.000       0.000       0.000       0.000       0.000       0.000       0.000    
 27129600.   10.59421949   10.6185   0.000       0.000      0.2428E-03 -0.4971E-06-0.6638E-02-0.1709E-01 0.2348E-01  0.000      0.000      0.000       0.000       0.000       0.000       0.000       0.000       0.000    
 27216000.   10.60407306   10.6287   0.000       0.000      0.2467E-03 -0.8553E-06-0.6640E-02-0.1723E-01 0.2363E-01  0.000      0.000      0.000       0.000       0.000       0.000       0.000       0.000       0.000    
 27302400.   10.62806542   10.6539   0.000       0.000      0.2586E-03 -0.2083E-05-0.6654E-02-0.1753E-01 0.2392E-01  0.000      0.000      0.000       0.000       0.000       0.000       0.000       0.000       0.000    
 27388800.   10.67509336   10.7033   0.000       0.000      0.2822E-03 -0.4082E-05-0.6685E-02-0.1806E-01 0.2447E-01  0.000      0.000      0.000       0.000       0.000       0.000       0.000       0.000       0.000    
 27475200.   10.71662241   10.7466   0.000       0.000      0.2997E-03 -0.3605E-05-0.6714E-02-0.1856E-01 0.2497E-01  0.000      0.000      0.000       0.000       0.000       0.000       0.000       0.000       0.000    
 27561600.   10.71486381   10.7442   0.000       0.000      0.2933E-03  0.1527E-06-0.6709E-02-0.1864E-01 0.2506E-01  0.000      0.000      0.000       0.000       0.000       0.000       0.000       0.000       0.000    
 27648000.   10.70612791   10.7346   0.000       0.000      0.2843E-03  0.7583E-06-0.6691E-02-0.1863E-01 0.2504E-01  0.000      0.000      0.000       0.000       0.000       0.000       0.000       0.000       0.000    
 27734400.   10.69369509   10.7211   0.000       0.000      0.2739E-03  0.1079E-05-0.6671E-02-0.1854E-01 0.2494E-01  0.000      0.000      0.000       0.000       0.000       0.000       0.000       0.000       0.000    
 27820800.   10.68269502   10.7092   0.000       0.000      0.2653E-03  0.9549E-06-0.6654E-02-0.1844E-01 0.2483E-01  0.000      0.000      0.000       0.000       0.000       0.000       0.000       0.000       0.000    
 27907200.   10.67411615   10.7000   0.000       0.000      0.2588E-03  0.7447E-06-0.6642E-02-0.1835E-01 0.2473E-01  0.000      0.000      0.000       0.000       0.000       0.000       0.000       0.000       0.000    
 27993600.   10.69433567   10.7212   0.000       0.000      0.2687E-03 -0.1755E-05-0.6653E-02-0.1854E-01 0.2493E-01  0.000      0.000      0.000       0.000       0.000       0.000       0.000       0.000       0.000    
 28080000.   10.72523688   10.7536   0.000       0.000      0.2832E-03 -0.2682E-05-0.6676E-02-0.1886E-01 0.2526E-01  0.000      0.000      0.000       0.000       0.000       0.000       0.000       0.000       0.000    
 28166400.   10.74190244   10.7708   0.000       0.000      0.2892E-03 -0.1447E-05-0.6691E-02-0.1906E-01 0.2547E-01  0.000      0.000      0.000       0.000       0.000       0.000       0.000       0.000       0.000    
 28252800.   10.73538560   10.7637   0.000       0.000      0.2831E-03  0.5657E-06-0.6685E-02-0.1906E-01 0.2546E-01  0.000      0.000      0.000       0.000       0.000       0.000       0.000       0.000       0.000    
 28339200.   10.72389224   10.7514   0.000       0.000      0.2750E-03  0.9977E-06-0.6672E-02-0.1897E-01 0.2537E-01  0.000      0.000      0.000       0.000       0.000       0.000       0.000       0.000       0.000    
 28425600.   10.71084257   10.7375   0.000       0.000      0.2665E-03  0.1133E-05-0.6658E-02-0.1885E-01 0.2524E-01  0.000      0.000      0.000       0.000       0.000       0.000       0.000       0.000       0.000    
 28512000.   10.69740350   10.7232   0.000       0.000      0.2584E-03  0.1167E-05-0.6646E-02-0.1871E-01 0.2509E-01  0.000      0.000      0.000       0.000       0.000       0.000       0.000       0.000       0.000    
 28598400.   10.68406198   10.7091   0.000       0.000      0.2509E-03  0.1158E-05-0.6635E-02-0.1855E-01 0.2493E-01  0.000      0.000      0.000       0.000       0.000       0.000       0.000       0.000       0.000    
 28684800.   10.67103226   10.6954   0.000       0.000      0.2440E-03  0.1131E-05-0.6625E-02-0.1839E-01 0.2477E-01  0.000      0.000      0.000       0.000       0.000       0.000       0.000       0.000       0.000    
 28771200.   10.65838187   10.6822   0.000       0.000      0.2378E-03  0.1098E-05-0.6617E-02-0.1823E-01 0.2461E-01  0.000      0.000      0.000       0.000       0.000       0.000       0.000       0.000       0.000    
 28857600.   10.64616867   10.6694   0.000       0.000      0.2321E-03  0.1060E-05-0.6611E-02-0.1806E-01 0.2444E-01  0.000      0.000      0.000       0.000       0.000       0.000       0.000       0.000       0.000    
 28944000.   10.63427451   10.6570   0.000       0.000      0.2268E-03  0.1032E-05-0.6605E-02-0.1790E-01 0.2428E-01  0.000      0.000      0.000       0.000       0.000       0.000       0.000       0.000       0.000    
 29030400.   10.62265877   10.6449   0.000       0.000      0.2219E-03  0.1008E-05-0.6599E-02-0.1774E-01 0.2411E-01  0.000      0.000      0.000       0.000       0.000       0.000       0.000       0.000       0.000    
 29116800.   10.61145936   10.6332   0.000       0.000      0.2174E-03  0.9722E-06-0.6594E-02-0.1758E-01 0.2395E-01  0.000      0.000      0.000       0.000       0.000       0.000       0.000       0.000       0.000    
 29203200.   10.60051460   10.6218   0.000       0.000      0.2131E-03  0.9501E-06-0.6590E-02-0.1742E-01 0.2379E-01  0.000      0.000      0.000       0.000       0.000       0.000       0.000       0.000       0.000    
 29289600.   10.59001303   10.6109   0.000       0.000      0.2091E-03  0.9116E-06-0.6585E-02-0.1726E-01 0.2364E-01  0.000      0.000      0.000       0.000       0.000       0.000       0.000       0.000       0.000    
 29376000.   10.57999715   10.6005   0.000       0.000      0.2055E-03  0.8694E-06-0.6582E-02-0.1711E-01 0.2349E-01  0.000      0.000      0.000       0.000       0.000       0.000       0.000       0.000       0.000    
 29462400.   10.57042480   10.5906   0.000       0.000      0.2021E-03  0.8309E-06-0.6578E-02-0.1697E-01 0.2334E-01  0.000      0.000      0.000       0.000       0.000       0.000       0.000       0.000       0.000    
 29548800.   10.56121559   10.5811   0.000       0.000      0.1990E-03  0.7994E-06-0.6574E-02-0.1682E-01 0.2320E-01  0.000      0.000      0.000       0.000       0.000       0.000       0.000       0.000       0.000    
 29635200.   10.55232284   10.5719   0.000       0.000      0.1961E-03  0.7719E-06-0.6571E-02-0.1668E-01 0.2306E-01  0.000      0.000      0.000       0.000       0.000       0.000       0.000       0.000       0.000    
 29721600.   10.54375026   10.5631   0.000       0.000      0.1933E-03  0.7441E-06-0.6567E-02-0.1655E-01 0.2292E-01  0.000      0.000      0.000       0.000       0.000       0.000       0.000       0.000       0.000    
 29808000.   10.53539626   10.5545   0.000       0.000      0.1906E-03  0.7252E-06-0.6564E-02-0.1641E-01 0.2279E-01  0.000      0.000      0.000       0.000       0.000       0.000       0.000       0.000       0.000    
 29894400.   10.52729489   10.5461   0.000       0.000      0.1881E-03  0.7032E-06-0.6560E-02-0.1628E-01 0.2265E-01  0.000      0.000      0.000       0.000       0.000       0.000       0.000       0.000       0.000    
 29980800.   10.51943762   10.5380   0.000       0.000      0.1856E-03  0.6821E-06-0.6556E-02-0.1616E-01 0.2252E-01  0.000      0.000      0.000       0.000       0.000       0.000       0.000       0.000       0.000    
 30067200.   10.51189669   10.5302   0.000       0.000      0.1833E-03  0.6546E-06-0.6552E-02-0.1603E-01 0.2240E-01  0.000      0.000      0.000       0.000       0.000       0.000       0.000       0.000       0.000    
 30153600.   10.50464094   10.5227   0.000       0.000      0.1811E-03  0.6298E-06-0.6548E-02-0.1591E-01 0.2228E-01  0.000      0.000      0.000       0.000       0.000       0.000       0.000       0.000       0.000    
 30240000.   10.49766099   10.5156   0.000       0.000      0.1790E-03  0.6059E-06-0.6544E-02-0.1579E-01 0.2215E-01  0.000      0.000      0.000     -0.1308E-06   0.000       0.000       0.000       0.000       0.000    
 30326400.   10.49093071   10.5086   0.000       0.000      0.1769E-03  0.5842E-06-0.6538E-02-0.1568E-01 0.2204E-01  0.000      0.000      0.000     -0.8661E-06   0.000       0.000       0.000       0.000       0.000    
 30412800.   10.48441201   10.5019   0.000       0.000      0.1750E-03  0.5659E-06-0.6535E-02-0.1557E-01 0.2193E-01  0.000      0.000      0.000     -0.1245E-05   0.000       0.000       0.000       0.000       0.000    
 30499200.   10.47809419   10.4954   0.000       0.000      0.1732E-03  0.5484E-06-0.6532E-02-0.1546E-01 0.2182E-01  0.000      0.000      0.000     -0.1486E-05   0.000       0.000       0.000       0.000       0.000    
 30585600.   10.47195663   10.4891   0.000       0.000      0.1715E-03  0.5328E-06-0.6528E-02-0.1536E-01 0.2171E-01  0.000      0.000      0.000     -0.1662E-05   0.000       0.000       0.000       0.000       0.000    
 30672000.   10.46600047   10.4830   0.000       0.000      0.1699E-03  0.5170E-06-0.6524E-02-0.1526E-01 0.2161E-01  0.000      0.000      0.000     -0.1792E-05   0.000       0.000       0.000       0.000       0.000    
 30758400.   10.46021617   10.4771   0.000       0.000      0.1684E-03  0.5021E-06-0.6519E-02-0.1516E-01 0.2151E-01  0.000      0.000      0.000     -0.1892E-05   0.000       0.000       0.000       0.000       0.000    
 30844800.   10.45459404   10.4713   0.000       0.000      0.1670E-03  0.4880E-06-0.6514E-02-0.1506E-01 0.2140E-01  0.000      0.000      0.000     -0.1971E-05   0.000       0.000       0.000       0.000       0.000    
 30931200.   10.44911563   10.4657   0.000       0.000      0.1656E-03  0.4756E-06-0.6510E-02-0.1496E-01 0.2131E-01  0.000      0.000      0.000     -0.2036E-05   0.000       0.000       0.000       0.000       0.000    
 31017600.   10.44377504   10.4602   0.000       0.000      0.1642E-03  0.4636E-06-0.6505E-02-0.1487E-01 0.2121E-01  0.000      0.000      0.000     -0.2087E-05   0.000       0.000       0.000       0.000       0.000    
 31104000.   10.43857586   10.4549   0.000       0.000      0.1629E-03  0.4513E-06-0.6499E-02-0.1478E-01 0.2111E-01  0.000      0.000      0.000     -0.2124E-05   0.000       0.000       0.000       0.000       0.000    
 31190400.   10.43351085   10.4497   0.000       0.000      0.1616E-03  0.4397E-06-0.6494E-02-0.1469E-01 0.2102E-01  0.000      0.000      0.000     -0.2151E-05   0.000       0.000       0.000       0.000       0.000    
 31276800.   10.42933034   10.4454   0.000       0.000      0.1611E-03  0.3629E-06-0.6489E-02-0.1461E-01 0.2094E-01  0.000      0.000      0.000     -0.1834E-05   0.000       0.000       0.000       0.000       0.000    
 31363200.   10.42448344   10.4404   0.000       0.000      0.1596E-03  0.4207E-06-0.6484E-02-0.1453E-01 0.2085E-01  0.000      0.000      0.000     -0.2190E-05   0.000       0.000       0.000       0.000       0.000    
 31449600.   10.41974303   10.4356   0.000       0.000      0.1584E-03  0.4115E-06-0.6478E-02-0.1444E-01 0.2076E-01  0.000      0.000      0.000     -0.2205E-05   0.000       0.000       0.000       0.000       0.000    
 31536000.   10.41512228   10.4308   0.000       0.000      0.1572E-03  0.4011E-06-0.6472E-02-0.1436E-01 0.2067E-01  0.000      0.000      0.000     -0.2208E-05   0.000       0.000       0.000       0.000       0.000    
 31622400.   10.41024858   10.4258   0.000       0.000      0.1557E-03  0.4231E-06-0.6466E-02-0.1427E-01 0.2058E-01  0.000      0.000      0.000     -0.2388E-05   0.000       0.000       0.000       0.000       0.000    
