TOTIM (T)      HCON          HMAT      QDIR      QWELL        QMAT       QCADS      QTUB1      QTUB2      QTUB3      QTUB4      QTUB5      QTUB6       NSTOR        QFIX        QLH     FHLQ (LQ)        CAUCHY   CAUCHY (LQ)
    86400.   10.69913173   10.7533   0.000       0.000      0.5419E-03   0.000    -0.3274E-01 0.3220E-01  0.000      0.000      0.000      0.000       0.000       0.000       0.000       0.000       0.000       0.000    
   172800.   10.68162515   10.7347   0.000       0.000      0.5305E-03  0.1013E-05-0.3251E-01 0.3198E-01  0.000      0.000      0.000      0.000       0.000       0.000       0.000       0.000       0.000       0.000    
   259200.   10.68195237   10.7349   0.000       0.000      0.5299E-03 -0.1894E-07-0.3250E-01 0.3197E-01  0.000      0.000      0.000      0.000       0.000       0.000       0.000       0.000       0.000       0.000    
   345600.   10.68036211   10.7332   0.000       0.000      0.5281E-03  0.9203E-07-0.3245E-01 0.3193E-01  0.000      0.000      0.000      0.000       0.000       0.000       0.000       0.000       0.000       0.000    
   432000.   10.69205530   10.7456   0.000       0.000      0.5353E-03 -0.6767E-06-0.3260E-01 0.3206E-01  0.000      0.000      0.000      0.000       0.000       0.000       0.000       0.000       0.000       0.000    
   518400.   10.69899549   10.7530   0.000       0.000      0.5401E-03 -0.4016E-06-0.3269E-01 0.3215E-01  0.000      0.000      0.000      0.000       0.000       0.000       0.000       0.000       0.000       0.000    
   604800.   10.70101182   10.7552   0.000       0.000      0.5422E-03 -0.1167E-06-0.3273E-01 0.3218E-01  0.000      0.000      0.000      0.000       0.000       0.000       0.000       0.000       0.000       0.000    
   691200.   10.71896346   10.7744   0.000       0.000      0.5543E-03 -0.1039E-05-0.3297E-01 0.3242E-01  0.000      0.000      0.000      0.000       0.000       0.000       0.000       0.000       0.000       0.000    
   777600.   10.76776737   10.8263   0.000       0.000      0.5857E-03 -0.2824E-05-0.3361E-01 0.3303E-01  0.000      0.000      0.000      0.000       0.000       0.000       0.000       0.000       0.000       0.000    
   864000.   10.83977793   10.9029   0.000       0.000      0.6313E-03 -0.4167E-05-0.3454E-01 0.3392E-01  0.000      0.000      0.000      0.000       0.000       0.000       0.000       0.000       0.000       0.000    
   950400.   10.87228716   10.9379   0.000       0.000      0.6558E-03 -0.1881E-05-0.3506E-01 0.3440E-01  0.000      0.000      0.000      0.000       0.000       0.000       0.000       0.000       0.000       0.000    
  1036800.   10.95050689   11.0209   0.000       0.000      0.7036E-03 -0.4527E-05-0.3609E-01 0.3539E-01  0.000      0.000      0.000      0.000       0.000       0.000       0.000       0.000       0.000       0.000    
  1123200.   11.09126261   11.1693   0.000       0.000      0.7807E-03 -0.8146E-05-0.3773E-01 0.3695E-01  0.000      0.000      0.000      0.000       0.000       0.000       0.000       0.000       0.000       0.000    
  1209600.   11.07412860   11.1525   0.000       0.000      0.7842E-03  0.9916E-06-0.3784E-01 0.3706E-01  0.000      0.000      0.000      0.000       0.000       0.000       0.000       0.000       0.000       0.000    
  1296000.   11.05338259   11.1315   0.000       0.000      0.7810E-03  0.1201E-05-0.3791E-01 0.3712E-01  0.000      0.000      0.000      0.000       0.000       0.000       0.000       0.000       0.000       0.000    
  1382400.   11.03236212   11.1096   0.000       0.000      0.7727E-03  0.1216E-05-0.3783E-01 0.3706E-01  0.000      0.000      0.000      0.000       0.000       0.000       0.000       0.000       0.000       0.000    
  1468800.   11.01159097   11.0877   0.000       0.000      0.7613E-03  0.1202E-05-0.3770E-01 0.3693E-01  0.000      0.000      0.000      0.000       0.000       0.000       0.000       0.000       0.000       0.000    
  1555200.   10.98933260   11.0640   0.000       0.000      0.7471E-03  0.1288E-05-0.3750E-01 0.3675E-01  0.000      0.000      0.000      0.000       0.000       0.000       0.000       0.000       0.000       0.000    
  1641600.   10.96693489   11.0401   0.000       0.000      0.7315E-03  0.1296E-05-0.3728E-01 0.3654E-01  0.000      0.000      0.000      0.000       0.000       0.000       0.000       0.000       0.000       0.000    
  1728000.   10.94793471   11.0196   0.000       0.000      0.7167E-03  0.1100E-05-0.3706E-01 0.3634E-01  0.000      0.000      0.000      0.000       0.000       0.000       0.000       0.000       0.000       0.000    
  1814400.   10.93124737   11.0015   0.000       0.000      0.7027E-03  0.9657E-06-0.3686E-01 0.3615E-01  0.000      0.000      0.000      0.000       0.000       0.000       0.000       0.000       0.000       0.000    
  1900800.   10.91254437   10.9813   0.000       0.000      0.6875E-03  0.1082E-05-0.3662E-01 0.3593E-01  0.000      0.000      0.000      0.000       0.000       0.000       0.000       0.000       0.000       0.000    
  1987200.   10.89541965   10.9627   0.000       0.000      0.6731E-03  0.9910E-06-0.3639E-01 0.3572E-01  0.000      0.000      0.000      0.000       0.000       0.000       0.000       0.000       0.000       0.000    
  2073600.   10.88128983   10.9473   0.000       0.000      0.6603E-03  0.8177E-06-0.3618E-01 0.3552E-01  0.000      0.000      0.000      0.000       0.000       0.000       0.000       0.000       0.000       0.000    
  2160000.   10.86490377   10.9296   0.000       0.000      0.6465E-03  0.9483E-06-0.3595E-01 0.3530E-01  0.000      0.000      0.000      0.000       0.000       0.000       0.000       0.000       0.000       0.000    
  2246400.   10.84874317   10.9120   0.000       0.000      0.6329E-03  0.9352E-06-0.3571E-01 0.3508E-01  0.000      0.000      0.000      0.000       0.000       0.000       0.000       0.000       0.000       0.000    
  2332800.   10.83295028   10.8949   0.000       0.000      0.6197E-03  0.9139E-06-0.3547E-01 0.3485E-01  0.000      0.000      0.000      0.000       0.000       0.000       0.000       0.000       0.000       0.000    
  2419200.   10.81759534   10.8783   0.000       0.000      0.6068E-03  0.8886E-06-0.3523E-01 0.3462E-01  0.000      0.000      0.000      0.000       0.000       0.000       0.000       0.000       0.000       0.000    
  2505600.   10.81063035   10.8705   0.000       0.000      0.5989E-03  0.4031E-06-0.3508E-01 0.3448E-01  0.000      0.000      0.000      0.000       0.000       0.000       0.000       0.000       0.000       0.000    
  2592000.   10.80054992   10.8595   0.000       0.000      0.5899E-03  0.5834E-06-0.3491E-01 0.3432E-01  0.000      0.000      0.000      0.000       0.000       0.000       0.000       0.000       0.000       0.000    
  2678400.   10.81952132   10.8793   0.000       0.000      0.5981E-03 -0.1098E-05-0.3508E-01 0.3448E-01  0.000      0.000      0.000      0.000       0.000       0.000       0.000       0.000       0.000       0.000    
  2764800.   10.89490648   10.9588   0.000       0.000      0.6390E-03 -0.4363E-05-0.3592E-01 0.3529E-01  0.000      0.000      0.000      0.000       0.000       0.000       0.000       0.000       0.000       0.000    
  2851200.   11.08029766   11.1539   0.000       0.000      0.7358E-03 -0.1073E-04-0.3793E-01 0.3721E-01  0.000      0.000      0.000      0.000       0.000       0.000       0.000       0.000       0.000       0.000    
  2937600.   11.04693819   11.1201   0.000       0.000      0.7317E-03  0.1931E-05-0.3783E-01 0.3709E-01  0.000      0.000      0.000      0.000       0.000       0.000       0.000       0.000       0.000       0.000    
  3024000.   11.05388278   11.1281   0.000       0.000      0.7422E-03 -0.4019E-06-0.3814E-01 0.3740E-01  0.000      0.000      0.000      0.000       0.000       0.000       0.000       0.000       0.000       0.000    
  3110400.   11.05563612   11.1303   0.000       0.000      0.7466E-03 -0.1015E-06-0.3828E-01 0.3753E-01  0.000      0.000      0.000      0.000       0.000       0.000       0.000       0.000       0.000       0.000    
  3196800.   11.04377191   11.1180   0.000       0.000      0.7426E-03  0.6866E-06-0.3824E-01 0.3750E-01  0.000      0.000      0.000      0.000       0.000       0.000       0.000       0.000       0.000       0.000    
  3283200.   11.02578045   11.0992   0.000       0.000      0.7338E-03  0.1041E-05-0.3812E-01 0.3738E-01  0.000      0.000      0.000      0.000       0.000       0.000       0.000       0.000       0.000       0.000    
  3369600.   11.02851722   11.1019   0.000       0.000      0.7334E-03 -0.1584E-06-0.3817E-01 0.3744E-01  0.000      0.000      0.000      0.000       0.000       0.000       0.000       0.000       0.000       0.000    
  3456000.   11.04313563   11.1170   0.000       0.000      0.7387E-03 -0.8460E-06-0.3834E-01 0.3760E-01  0.000      0.000      0.000      0.000       0.000       0.000       0.000       0.000       0.000       0.000    
  3542400.   11.06613882   11.1410   0.000       0.000      0.7487E-03 -0.1331E-05-0.3861E-01 0.3786E-01  0.000      0.000      0.000      0.000       0.000       0.000       0.000       0.000       0.000       0.000    
  3628800.   11.07476451   11.1500   0.000       0.000      0.7527E-03 -0.4992E-06-0.3875E-01 0.3800E-01  0.000      0.000      0.000      0.000       0.000       0.000       0.000       0.000       0.000       0.000    
  3715200.   11.06314743   11.1379   0.000       0.000      0.7470E-03  0.6723E-06-0.3870E-01 0.3795E-01  0.000      0.000      0.000      0.000       0.000       0.000       0.000       0.000       0.000       0.000    
  3801600.   11.06691008   11.1417   0.000       0.000      0.7474E-03 -0.2177E-06-0.3877E-01 0.3803E-01  0.000      0.000      0.000      0.000       0.000       0.000       0.000       0.000       0.000       0.000    
  3888000.   11.07980404   11.1550   0.000       0.000      0.7520E-03 -0.7462E-06-0.3893E-01 0.3818E-01  0.000      0.000      0.000      0.000       0.000       0.000       0.000       0.000       0.000       0.000    
  3974400.   11.10876074   11.1852   0.000       0.000      0.7644E-03 -0.1676E-05-0.3925E-01 0.3849E-01  0.000      0.000      0.000      0.000       0.000       0.000       0.000       0.000       0.000       0.000    
  4060800.   11.13208964   11.2096   0.000       0.000      0.7752E-03 -0.1350E-05-0.3954E-01 0.3876E-01  0.000      0.000      0.000      0.000       0.000       0.000       0.000       0.000       0.000       0.000    
  4147200.   11.12048719   11.1975   0.000       0.000      0.7706E-03  0.6714E-06-0.3950E-01 0.3873E-01  0.000      0.000      0.000      0.000       0.000       0.000       0.000       0.000       0.000       0.000    
  4233600.   11.10209707   11.1782   0.000       0.000      0.7614E-03  0.1064E-05-0.3938E-01 0.3862E-01  0.000      0.000      0.000      0.000       0.000       0.000       0.000       0.000       0.000       0.000    
  4320000.   11.08680089   11.1620   0.000       0.000      0.7519E-03  0.8852E-06-0.3925E-01 0.3850E-01  0.000      0.000      0.000      0.000       0.000       0.000       0.000       0.000       0.000       0.000    
  4406400.   11.07029910   11.1444   0.000       0.000      0.7411E-03  0.9550E-06-0.3908E-01 0.3834E-01  0.000      0.000      0.000      0.000       0.000       0.000       0.000       0.000       0.000       0.000    
  4492800.   11.05710119   11.1302   0.000       0.000      0.7313E-03  0.7638E-06-0.3893E-01 0.3820E-01  0.000      0.000      0.000      0.000       0.000       0.000       0.000       0.000       0.000       0.000    
  4579200.   11.04002202   11.1120   0.000       0.000      0.7194E-03  0.9884E-06-0.3873E-01 0.3801E-01  0.000      0.000      0.000      0.000       0.000       0.000       0.000       0.000       0.000       0.000    
  4665600.   11.02193628   11.0926   0.000       0.000      0.7068E-03  0.1047E-05-0.3851E-01 0.3780E-01  0.000      0.000      0.000      0.000       0.000       0.000       0.000       0.000       0.000       0.000    
  4752000.   11.04761524   11.1191   0.000       0.000      0.7153E-03 -0.1486E-05-0.3873E-01 0.3802E-01  0.000      0.000      0.000      0.000       0.000       0.000       0.000       0.000       0.000       0.000    
  4838400.   11.08479175   11.1579   0.000       0.000      0.7310E-03 -0.2151E-05-0.3909E-01 0.3836E-01  0.000      0.000      0.000      0.000       0.000       0.000       0.000       0.000       0.000       0.000    
  4924800.   11.12648154   11.2016   0.000       0.000      0.7508E-03 -0.2413E-05-0.3954E-01 0.3879E-01  0.000      0.000      0.000      0.000       0.000       0.000       0.000       0.000       0.000       0.000    
  5011200.   11.15266368   11.2291   0.000       0.000      0.7647E-03 -0.1515E-05-0.3987E-01 0.3911E-01  0.000      0.000      0.000      0.000       0.000       0.000       0.000       0.000       0.000       0.000    
  5097600.   11.14005960   11.2162   0.000       0.000      0.7613E-03  0.7294E-06-0.3984E-01 0.3908E-01  0.000      0.000      0.000      0.000       0.000       0.000       0.000       0.000       0.000       0.000    
  5184000.   11.12153143   11.1969   0.000       0.000      0.7534E-03  0.1072E-05-0.3973E-01 0.3898E-01  0.000      0.000      0.000      0.000       0.000       0.000       0.000       0.000       0.000       0.000    
  5270400.   11.10508126   11.1795   0.000       0.000      0.7445E-03  0.9520E-06-0.3959E-01 0.3884E-01  0.000      0.000      0.000      0.000       0.000       0.000       0.000       0.000       0.000       0.000    
  5356800.   11.08632493   11.1597   0.000       0.000      0.7335E-03  0.1085E-05-0.3940E-01 0.3866E-01  0.000      0.000      0.000      0.000       0.000       0.000       0.000       0.000       0.000       0.000    
  5443200.   11.09590994   11.1694   0.000       0.000      0.7350E-03 -0.5547E-06-0.3947E-01 0.3874E-01  0.000      0.000      0.000      0.000       0.000       0.000       0.000       0.000       0.000       0.000    
  5529600.   11.10830565   11.1822   0.000       0.000      0.7387E-03 -0.7173E-06-0.3958E-01 0.3884E-01  0.000      0.000      0.000      0.000       0.000       0.000       0.000       0.000       0.000       0.000    
  5616000.   11.12182274   11.1962   0.000       0.000      0.7439E-03 -0.7822E-06-0.3972E-01 0.3898E-01  0.000      0.000      0.000      0.000       0.000       0.000       0.000       0.000       0.000       0.000    
  5702400.   11.13057520   11.2053   0.000       0.000      0.7475E-03 -0.5065E-06-0.3984E-01 0.3909E-01  0.000      0.000      0.000      0.000       0.000       0.000       0.000       0.000       0.000       0.000    
  5788800.   11.12625439   11.2008   0.000       0.000      0.7454E-03  0.2500E-06-0.3983E-01 0.3909E-01  0.000      0.000      0.000      0.000       0.000       0.000       0.000       0.000       0.000       0.000    
  5875200.   11.12718536   11.2017   0.000       0.000      0.7451E-03 -0.5388E-07-0.3987E-01 0.3912E-01  0.000      0.000      0.000      0.000       0.000       0.000       0.000       0.000       0.000       0.000    
  5961600.   11.12299461   11.1972   0.000       0.000      0.7422E-03  0.2425E-06-0.3984E-01 0.3910E-01  0.000      0.000      0.000      0.000       0.000       0.000       0.000       0.000       0.000       0.000    
  6048000.   11.11025124   11.1838   0.000       0.000      0.7352E-03  0.7375E-06-0.3973E-01 0.3899E-01  0.000      0.000      0.000      0.000       0.000       0.000       0.000       0.000       0.000       0.000    
  6134400.   11.09372346   11.1663   0.000       0.000      0.7257E-03  0.9565E-06-0.3956E-01 0.3884E-01  0.000      0.000      0.000      0.000       0.000       0.000       0.000       0.000       0.000       0.000    
  6220800.   11.07555581   11.1470   0.000       0.000      0.7147E-03  0.1051E-05-0.3936E-01 0.3865E-01  0.000      0.000      0.000      0.000       0.000       0.000       0.000       0.000       0.000       0.000    
  6307200.   11.05681963   11.1271   0.000       0.000      0.7029E-03  0.1084E-05-0.3914E-01 0.3844E-01  0.000      0.000      0.000      0.000       0.000       0.000       0.000       0.000       0.000       0.000    
  6393600.   11.03809226   11.1072   0.000       0.000      0.6907E-03  0.1084E-05-0.3890E-01 0.3821E-01  0.000      0.000      0.000      0.000       0.000       0.000       0.000       0.000       0.000       0.000    
  6480000.   11.01960399   11.0874   0.000       0.000      0.6784E-03  0.1070E-05-0.3866E-01 0.3798E-01  0.000      0.000      0.000      0.000       0.000       0.000       0.000       0.000       0.000       0.000    
  6566400.   11.00137314   11.0680   0.000       0.000      0.6660E-03  0.1055E-05-0.3841E-01 0.3775E-01  0.000      0.000      0.000      0.000       0.000       0.000       0.000       0.000       0.000       0.000    
  6652800.   10.98344166   11.0488   0.000       0.000      0.6538E-03  0.1038E-05-0.3816E-01 0.3751E-01  0.000      0.000      0.000      0.000       0.000       0.000       0.000       0.000       0.000       0.000    
  6739200.   10.96605504   11.0302   0.000       0.000      0.6418E-03  0.1006E-05-0.3791E-01 0.3727E-01  0.000      0.000      0.000      0.000       0.000       0.000       0.000       0.000       0.000       0.000    
  6825600.   10.94880147   11.0118   0.000       0.000      0.6299E-03  0.9985E-06-0.3765E-01 0.3702E-01  0.000      0.000      0.000      0.000       0.000       0.000       0.000       0.000       0.000       0.000    
  6912000.   10.93172235   10.9935   0.000       0.000      0.6182E-03  0.9884E-06-0.3740E-01 0.3678E-01  0.000      0.000      0.000      0.000       0.000       0.000       0.000       0.000       0.000       0.000    
  6998400.   10.91505500   10.9757   0.000       0.000      0.6067E-03  0.9645E-06-0.3714E-01 0.3653E-01  0.000      0.000      0.000      0.000       0.000       0.000       0.000       0.000       0.000       0.000    
  7084800.   10.89901505   10.9586   0.000       0.000      0.5957E-03  0.9282E-06-0.3689E-01 0.3629E-01  0.000      0.000      0.000      0.000       0.000       0.000       0.000       0.000       0.000       0.000    
  7171200.   10.88353491   10.9420   0.000       0.000      0.5851E-03  0.8958E-06-0.3664E-01 0.3605E-01  0.000      0.000      0.000      0.000       0.000       0.000       0.000       0.000       0.000       0.000    
  7257600.   10.86846984   10.9259   0.000       0.000      0.5748E-03  0.8718E-06-0.3639E-01 0.3581E-01  0.000      0.000      0.000      0.000       0.000       0.000       0.000       0.000       0.000       0.000    
  7344000.   10.85396601   10.9105   0.000       0.000      0.5649E-03  0.8393E-06-0.3615E-01 0.3558E-01  0.000      0.000      0.000      0.000       0.000       0.000       0.000       0.000       0.000       0.000    
  7430400.   10.84094651   10.8965   0.000       0.000      0.5560E-03  0.7534E-06-0.3592E-01 0.3537E-01  0.000      0.000      0.000      0.000       0.000       0.000       0.000       0.000       0.000       0.000    
  7516800.   10.82814372   10.8829   0.000       0.000      0.5474E-03  0.7409E-06-0.3570E-01 0.3515E-01  0.000      0.000      0.000      0.000       0.000       0.000       0.000       0.000       0.000       0.000    
  7603200.   10.81502001   10.8689   0.000       0.000      0.5388E-03  0.7595E-06-0.3547E-01 0.3493E-01  0.000      0.000      0.000      0.000       0.000       0.000       0.000       0.000       0.000       0.000    
  7689600.   10.80231501   10.8554   0.000       0.000      0.5305E-03  0.7352E-06-0.3525E-01 0.3472E-01  0.000      0.000      0.000      0.000       0.000       0.000       0.000       0.000       0.000       0.000    
  7776000.   10.79055690   10.8428   0.000       0.000      0.5229E-03  0.6804E-06-0.3504E-01 0.3452E-01  0.000      0.000      0.000      0.000       0.000       0.000       0.000       0.000       0.000       0.000    
  7862400.   10.77867822   10.8302   0.000       0.000      0.5152E-03  0.6874E-06-0.3482E-01 0.3431E-01  0.000      0.000      0.000      0.000       0.000       0.000       0.000       0.000       0.000       0.000    
  7948800.   10.76718418   10.8180   0.000       0.000      0.5080E-03  0.6652E-06-0.3462E-01 0.3411E-01  0.000      0.000      0.000      0.000       0.000       0.000       0.000       0.000       0.000       0.000    
  8035200.   10.75605099   10.8061   0.000       0.000      0.5010E-03  0.6443E-06-0.3441E-01 0.3391E-01  0.000      0.000      0.000      0.000       0.000       0.000       0.000       0.000       0.000       0.000    
  8121600.   10.74525676   10.7947   0.000       0.000      0.4942E-03  0.6247E-06-0.3421E-01 0.3372E-01  0.000      0.000      0.000      0.000       0.000       0.000       0.000       0.000       0.000       0.000    
  8208000.   10.73478194   10.7836   0.000       0.000      0.4878E-03  0.6062E-06-0.3401E-01 0.3353E-01  0.000      0.000      0.000      0.000       0.000       0.000       0.000       0.000       0.000       0.000    
  8294400.   10.72460813   10.7728   0.000       0.000      0.4816E-03  0.5888E-06-0.3382E-01 0.3334E-01  0.000      0.000      0.000      0.000       0.000       0.000       0.000       0.000       0.000       0.000    
  8380800.   10.77032795   10.8213   0.000       0.000      0.5096E-03 -0.2646E-05-0.3433E-01 0.3383E-01  0.000      0.000      0.000      0.000       0.000       0.000       0.000       0.000       0.000       0.000    
  8467200.   10.77489223   10.8265   0.000       0.000      0.5156E-03 -0.2641E-06-0.3438E-01 0.3386E-01  0.000      0.000      0.000      0.000       0.000       0.000       0.000       0.000       0.000       0.000    
  8553600.   10.77570870   10.8277   0.000       0.000      0.5196E-03 -0.4725E-07-0.3441E-01 0.3389E-01  0.000      0.000      0.000      0.000       0.000       0.000       0.000       0.000       0.000       0.000    
  8640000.   10.77159577   10.8236   0.000       0.000      0.5201E-03  0.2380E-06-0.3437E-01 0.3385E-01  0.000      0.000      0.000      0.000       0.000       0.000       0.000       0.000       0.000       0.000    
  8726400.   10.76506335   10.8169   0.000       0.000      0.5184E-03  0.3780E-06-0.3429E-01 0.3377E-01  0.000      0.000      0.000      0.000       0.000       0.000       0.000       0.000       0.000       0.000    
  8812800.   10.75729005   10.8088   0.000       0.000      0.5154E-03  0.4498E-06-0.3418E-01 0.3366E-01  0.000      0.000      0.000      0.000       0.000       0.000       0.000       0.000       0.000       0.000    
  8899200.   10.74744108   10.7985   0.000       0.000      0.5106E-03  0.5700E-06-0.3403E-01 0.3352E-01  0.000      0.000      0.000      0.000       0.000       0.000       0.000       0.000       0.000       0.000    
  8985600.   10.74415570   10.7951   0.000       0.000      0.5093E-03  0.1901E-06-0.3396E-01 0.3345E-01  0.000      0.000      0.000      0.000       0.000       0.000       0.000       0.000       0.000       0.000    
  9072000.   10.75184419   10.8033   0.000       0.000      0.5147E-03 -0.4449E-06-0.3403E-01 0.3352E-01  0.000      0.000      0.000      0.000       0.000       0.000       0.000       0.000       0.000       0.000    
  9158400.   10.74790945   10.7993   0.000       0.000      0.5138E-03  0.2277E-06-0.3397E-01 0.3345E-01  0.000      0.000      0.000      0.000       0.000       0.000       0.000       0.000       0.000       0.000    
  9244800.   10.77570972   10.8289   0.000       0.000      0.5319E-03 -0.1609E-05-0.3430E-01 0.3377E-01  0.000      0.000      0.000      0.000       0.000       0.000       0.000       0.000       0.000       0.000    
  9331200.   10.84606740   10.9036   0.000       0.000      0.5752E-03 -0.4072E-05-0.3515E-01 0.3458E-01  0.000      0.000      0.000      0.000       0.000       0.000       0.000       0.000       0.000       0.000    
  9417600.   11.01760525   11.0847   0.000       0.000      0.6711E-03 -0.9927E-05-0.3711E-01 0.3645E-01  0.000      0.000      0.000      0.000       0.000       0.000       0.000       0.000       0.000       0.000    
  9504000.   11.14405416   11.2185   0.000       0.000      0.7442E-03 -0.7318E-05-0.3861E-01 0.3787E-01  0.000      0.000      0.000      0.000       0.000       0.000       0.000       0.000       0.000       0.000    
  9590400.   11.12171047   11.1967   0.000       0.000      0.7500E-03  0.1293E-05-0.3876E-01 0.3801E-01  0.000      0.000      0.000      0.000       0.000       0.000       0.000       0.000       0.000       0.000    
  9676800.   11.09370461   11.1684   0.000       0.000      0.7468E-03  0.1621E-05-0.3878E-01 0.3803E-01  0.000      0.000      0.000      0.000       0.000       0.000       0.000       0.000       0.000       0.000    
  9763200.   11.06363688   11.1373   0.000       0.000      0.7365E-03  0.1740E-05-0.3862E-01 0.3788E-01  0.000      0.000      0.000      0.000       0.000       0.000       0.000       0.000       0.000       0.000    
  9849600.   11.03489645   11.1072   0.000       0.000      0.7228E-03  0.1663E-05-0.3839E-01 0.3767E-01  0.000      0.000      0.000      0.000       0.000       0.000       0.000       0.000       0.000       0.000    
  9936000.   11.05334492   11.1263   0.000       0.000      0.7296E-03 -0.1068E-05-0.3860E-01 0.3787E-01  0.000      0.000      0.000      0.000       0.000       0.000       0.000       0.000       0.000       0.000    
 10022400.   11.06872291   11.1423   0.000       0.000      0.7357E-03 -0.8899E-06-0.3878E-01 0.3804E-01  0.000      0.000      0.000      0.000       0.000       0.000       0.000       0.000       0.000       0.000    
 10108800.   11.07342789   11.1472   0.000       0.000      0.7375E-03 -0.2723E-06-0.3889E-01 0.3815E-01  0.000      0.000      0.000      0.000       0.000       0.000       0.000       0.000       0.000       0.000    
 10195200.   11.08594842   11.1602   0.000       0.000      0.7429E-03 -0.7246E-06-0.3907E-01 0.3833E-01  0.000      0.000      0.000      0.000       0.000       0.000       0.000       0.000       0.000       0.000    
 10281600.   11.09264300   11.1672   0.000       0.000      0.7456E-03 -0.3874E-06-0.3919E-01 0.3845E-01  0.000      0.000      0.000      0.000       0.000       0.000       0.000       0.000       0.000       0.000    
 10368000.   11.08040997   11.1543   0.000       0.000      0.7392E-03  0.7079E-06-0.3913E-01 0.3839E-01  0.000      0.000      0.000      0.000       0.000       0.000       0.000       0.000       0.000       0.000    
 10454400.   11.06134651   11.1342   0.000       0.000      0.7286E-03  0.1103E-05-0.3898E-01 0.3825E-01  0.000      0.000      0.000      0.000       0.000       0.000       0.000       0.000       0.000       0.000    
 10540800.   11.06031509   11.1328   0.000       0.000      0.7253E-03  0.5969E-07-0.3898E-01 0.3825E-01  0.000      0.000      0.000      0.000       0.000       0.000       0.000       0.000       0.000       0.000    
 10627200.   11.06863840   11.1413   0.000       0.000      0.7266E-03 -0.4817E-06-0.3906E-01 0.3834E-01  0.000      0.000      0.000      0.000       0.000       0.000       0.000       0.000       0.000       0.000    
 10713600.   11.06927177   11.1418   0.000       0.000      0.7250E-03 -0.3665E-07-0.3908E-01 0.3836E-01  0.000      0.000      0.000      0.000       0.000       0.000       0.000       0.000       0.000       0.000    
 10800000.   11.05998401   11.1319   0.000       0.000      0.7189E-03  0.5375E-06-0.3901E-01 0.3829E-01  0.000      0.000      0.000      0.000       0.000       0.000       0.000       0.000       0.000       0.000    
 10886400.   11.04455881   11.1155   0.000       0.000      0.7094E-03  0.8927E-06-0.3886E-01 0.3815E-01  0.000      0.000      0.000      0.000       0.000       0.000       0.000       0.000       0.000       0.000    
 10972800.   11.02590170   11.0957   0.000       0.000      0.6977E-03  0.1080E-05-0.3866E-01 0.3797E-01  0.000      0.000      0.000      0.000       0.000       0.000       0.000       0.000       0.000       0.000    
 11059200.   11.00418129   11.0726   0.000       0.000      0.6837E-03  0.1257E-05-0.3841E-01 0.3773E-01  0.000      0.000      0.000      0.000       0.000       0.000       0.000       0.000       0.000       0.000    
 11145600.   10.98232957   11.0492   0.000       0.000      0.6691E-03  0.1265E-05-0.3814E-01 0.3747E-01  0.000      0.000      0.000      0.000       0.000       0.000       0.000       0.000       0.000       0.000    
 11232000.   10.96134981   11.0268   0.000       0.000      0.6545E-03  0.1214E-05-0.3786E-01 0.3721E-01  0.000      0.000      0.000      0.000       0.000       0.000       0.000       0.000       0.000       0.000    
 11318400.   10.94128393   11.0053   0.000       0.000      0.6402E-03  0.1161E-05-0.3758E-01 0.3694E-01  0.000      0.000      0.000      0.000       0.000       0.000       0.000       0.000       0.000       0.000    
 11404800.   10.94546930   11.0093   0.000       0.000      0.6384E-03 -0.2422E-06-0.3756E-01 0.3692E-01  0.000      0.000      0.000      0.000       0.000       0.000       0.000       0.000       0.000       0.000    
 11491200.   10.92769046   10.9904   0.000       0.000      0.6267E-03  0.1029E-05-0.3731E-01 0.3668E-01  0.000      0.000      0.000      0.000       0.000       0.000       0.000       0.000       0.000       0.000    
 11577600.   10.95360644   11.0174   0.000       0.000      0.6375E-03 -0.1500E-05-0.3755E-01 0.3691E-01  0.000      0.000      0.000      0.000       0.000       0.000       0.000       0.000       0.000       0.000    
 11664000.   11.02600238   11.0933   0.000       0.000      0.6732E-03 -0.4190E-05-0.3829E-01 0.3762E-01  0.000      0.000      0.000      0.000       0.000       0.000       0.000       0.000       0.000       0.000    
 11750400.   11.19925880   11.2749   0.000       0.000      0.7565E-03 -0.1003E-04-0.4004E-01 0.3930E-01  0.000      0.000      0.000      0.000       0.000       0.000       0.000       0.000       0.000       0.000    
 11836800.   11.16682041   11.2421   0.000       0.000      0.7531E-03  0.1877E-05-0.3995E-01 0.3919E-01  0.000      0.000      0.000      0.000       0.000       0.000       0.000       0.000       0.000       0.000    
 11923200.   11.13713575   11.2118   0.000       0.000      0.7464E-03  0.1718E-05-0.3989E-01 0.3914E-01  0.000      0.000      0.000      0.000       0.000       0.000       0.000       0.000       0.000       0.000    
 12009600.   11.10937750   11.1829   0.000       0.000      0.7356E-03  0.1606E-05-0.3970E-01 0.3896E-01  0.000      0.000      0.000      0.000       0.000       0.000       0.000       0.000       0.000       0.000    
 12096000.   11.10235238   11.1755   0.000       0.000      0.7314E-03  0.4065E-06-0.3965E-01 0.3892E-01  0.000      0.000      0.000      0.000       0.000       0.000       0.000       0.000       0.000       0.000    
 12182400.   11.09310709   11.1657   0.000       0.000      0.7256E-03  0.5350E-06-0.3956E-01 0.3883E-01  0.000      0.000      0.000      0.000       0.000       0.000       0.000       0.000       0.000       0.000    
 12268800.   11.07783345   11.1495   0.000       0.000      0.7167E-03  0.8839E-06-0.3941E-01 0.3869E-01  0.000      0.000      0.000      0.000       0.000       0.000       0.000       0.000       0.000       0.000    
 12355200.   11.05891083   11.1295   0.000       0.000      0.7054E-03  0.1095E-05-0.3921E-01 0.3850E-01  0.000      0.000      0.000      0.000       0.000       0.000       0.000       0.000       0.000       0.000    
 12441600.   11.04532763   11.1149   0.000       0.000      0.6961E-03  0.7861E-06-0.3905E-01 0.3835E-01  0.000      0.000      0.000      0.000       0.000       0.000       0.000       0.000       0.000       0.000    
 12528000.   11.09067496   11.1621   0.000       0.000      0.7145E-03 -0.2624E-05-0.3947E-01 0.3876E-01  0.000      0.000      0.000      0.000       0.000       0.000       0.000       0.000       0.000       0.000    
 12614400.   11.14293612   11.2168   0.000       0.000      0.7384E-03 -0.3024E-05-0.3999E-01 0.3925E-01  0.000      0.000      0.000      0.000       0.000       0.000       0.000       0.000       0.000       0.000    
 12700800.   11.13474161   11.2085   0.000       0.000      0.7372E-03  0.4742E-06-0.3999E-01 0.3925E-01  0.000      0.000      0.000      0.000       0.000       0.000       0.000       0.000       0.000       0.000    
 12787200.   11.11913859   11.1923   0.000       0.000      0.7314E-03  0.9030E-06-0.3992E-01 0.3918E-01  0.000      0.000      0.000      0.000       0.000       0.000       0.000       0.000       0.000       0.000    
 12873600.   11.09826826   11.1704   0.000       0.000      0.7212E-03  0.1208E-05-0.3974E-01 0.3902E-01  0.000      0.000      0.000      0.000       0.000       0.000       0.000       0.000       0.000       0.000    
 12960000.   11.10290502   11.1751   0.000       0.000      0.7215E-03 -0.2683E-06-0.3978E-01 0.3906E-01  0.000      0.000      0.000      0.000       0.000       0.000       0.000       0.000       0.000       0.000    
 13046400.   11.09354769   11.1651   0.000       0.000      0.7157E-03  0.5415E-06-0.3968E-01 0.3896E-01  0.000      0.000      0.000      0.000       0.000       0.000       0.000       0.000       0.000       0.000    
 13132800.   11.07962861   11.1504   0.000       0.000      0.7075E-03  0.8055E-06-0.3954E-01 0.3883E-01  0.000      0.000      0.000      0.000       0.000       0.000       0.000       0.000       0.000       0.000    
 13219200.   11.06978762   11.1399   0.000       0.000      0.7008E-03  0.5695E-06-0.3942E-01 0.3872E-01  0.000      0.000      0.000      0.000       0.000       0.000       0.000       0.000       0.000       0.000    
 13305600.   11.05552100   11.1247   0.000       0.000      0.6918E-03  0.8256E-06-0.3926E-01 0.3856E-01  0.000      0.000      0.000      0.000       0.000       0.000       0.000       0.000       0.000       0.000    
 13392000.   11.07675421   11.1467   0.000       0.000      0.6995E-03 -0.1229E-05-0.3944E-01 0.3874E-01  0.000      0.000      0.000      0.000       0.000       0.000       0.000       0.000       0.000       0.000    
 13478400.   11.09277421   11.1634   0.000       0.000      0.7061E-03 -0.9271E-06-0.3959E-01 0.3888E-01  0.000      0.000      0.000      0.000       0.000       0.000       0.000       0.000       0.000       0.000    
 13564800.   11.08831598   11.1587   0.000       0.000      0.7043E-03  0.2580E-06-0.3957E-01 0.3886E-01  0.000      0.000      0.000      0.000       0.000       0.000       0.000       0.000       0.000       0.000    
 13651200.   11.07875269   11.1487   0.000       0.000      0.6997E-03  0.5534E-06-0.3950E-01 0.3879E-01  0.000      0.000      0.000      0.000       0.000       0.000       0.000       0.000       0.000       0.000    
 13737600.   11.06512163   11.1344   0.000       0.000      0.6925E-03  0.7888E-06-0.3936E-01 0.3867E-01  0.000      0.000      0.000      0.000       0.000       0.000       0.000       0.000       0.000       0.000    
 13824000.   11.10950880   11.1807   0.000       0.000      0.7117E-03 -0.2569E-05-0.3979E-01 0.3908E-01  0.000      0.000      0.000      0.000       0.000       0.000       0.000       0.000       0.000       0.000    
 13910400.   11.17343488   11.2476   0.000       0.000      0.7414E-03 -0.3699E-05-0.4042E-01 0.3968E-01  0.000      0.000      0.000      0.000       0.000       0.000       0.000       0.000       0.000       0.000    
 13996800.   11.17211764   11.2466   0.000       0.000      0.7446E-03  0.7623E-07-0.4050E-01 0.3975E-01  0.000      0.000      0.000      0.000       0.000       0.000       0.000       0.000       0.000       0.000    
 14083200.   11.15754828   11.2316   0.000       0.000      0.7408E-03  0.8431E-06-0.4046E-01 0.3972E-01  0.000      0.000      0.000      0.000       0.000       0.000       0.000       0.000       0.000       0.000    
 14169600.   11.17224928   11.2470   0.000       0.000      0.7479E-03 -0.8508E-06-0.4065E-01 0.3990E-01  0.000      0.000      0.000      0.000       0.000       0.000       0.000       0.000       0.000       0.000    
 14256000.   11.18453066   11.2599   0.000       0.000      0.7539E-03 -0.7107E-06-0.4080E-01 0.4004E-01  0.000      0.000      0.000      0.000       0.000       0.000       0.000       0.000       0.000       0.000    
 14342400.   11.24576496   11.3239   0.000       0.000      0.7810E-03 -0.3544E-05-0.4141E-01 0.4063E-01  0.000      0.000      0.000      0.000       0.000       0.000       0.000       0.000       0.000       0.000    
 14428800.   11.40346354   11.4883   0.000       0.000      0.8479E-03 -0.9126E-05-0.4288E-01 0.4204E-01  0.000      0.000      0.000      0.000       0.000       0.000       0.000       0.000       0.000       0.000    
 14515200.   11.39986316   11.4854   0.000       0.000      0.8552E-03  0.2084E-06-0.4306E-01 0.4220E-01  0.000      0.000      0.000      0.000       0.000       0.000       0.000       0.000       0.000       0.000    
 14601600.   11.42428121   11.5114   0.000       0.000      0.8710E-03 -0.1413E-05-0.4350E-01 0.4263E-01  0.000      0.000      0.000      0.000       0.000       0.000       0.000       0.000       0.000       0.000    
 14688000.   11.47698027   11.5665   0.000       0.000      0.8950E-03 -0.3050E-05-0.4410E-01 0.4321E-01  0.000      0.000      0.000      0.000       0.000       0.000       0.000       0.000       0.000       0.000    
 14774400.   11.49619827   11.5868   0.000       0.000      0.9063E-03 -0.1112E-05-0.4441E-01 0.4351E-01  0.000      0.000      0.000      0.000       0.000       0.000       0.000       0.000       0.000       0.000    
 14860800.   11.48643242   11.5770   0.000       0.000      0.9057E-03  0.5652E-06-0.4450E-01 0.4359E-01  0.000      0.000      0.000      0.000       0.000       0.000       0.000       0.000       0.000       0.000    
 14947200.   11.47279224   11.5629   0.000       0.000      0.9013E-03  0.7894E-06-0.4451E-01 0.4360E-01  0.000      0.000      0.000      0.000       0.000       0.000       0.000       0.000       0.000       0.000    
 15033600.   11.45095782   11.5402   0.000       0.000      0.8920E-03  0.1264E-05-0.4440E-01 0.4351E-01  0.000      0.000      0.000      0.000       0.000       0.000       0.000       0.000       0.000       0.000    
 15120000.   11.42535391   11.5133   0.000       0.000      0.8795E-03  0.1482E-05-0.4423E-01 0.4335E-01  0.000      0.000      0.000      0.000       0.000       0.000       0.000       0.000       0.000       0.000    
 15206400.   11.39597836   11.4824   0.000       0.000      0.8641E-03  0.1700E-05-0.4399E-01 0.4312E-01  0.000      0.000      0.000      0.000       0.000       0.000       0.000       0.000       0.000       0.000    
 15292800.   11.36465054   11.4493   0.000       0.000      0.8469E-03  0.1813E-05-0.4371E-01 0.4286E-01  0.000      0.000      0.000      0.000       0.000       0.000       0.000       0.000       0.000       0.000    
 15379200.   11.40454586   11.4902   0.000       0.000      0.8570E-03 -0.2309E-05-0.4401E-01 0.4316E-01  0.000      0.000      0.000      0.000       0.000       0.000       0.000       0.000       0.000       0.000    
 15465600.   11.42359199   11.5097   0.000       0.000      0.8613E-03 -0.1102E-05-0.4416E-01 0.4330E-01  0.000      0.000      0.000      0.000       0.000       0.000       0.000       0.000       0.000       0.000    
 15552000.   11.40899285   11.4944   0.000       0.000      0.8543E-03  0.8449E-06-0.4409E-01 0.4323E-01  0.000      0.000      0.000      0.000       0.000       0.000       0.000       0.000       0.000       0.000    
 15638400.   11.38207673   11.4662   0.000       0.000      0.8416E-03  0.1558E-05-0.4389E-01 0.4305E-01  0.000      0.000      0.000      0.000       0.000       0.000       0.000       0.000       0.000       0.000    
 15724800.   11.35355821   11.4363   0.000       0.000      0.8269E-03  0.1650E-05-0.4364E-01 0.4281E-01  0.000      0.000      0.000      0.000       0.000       0.000       0.000       0.000       0.000       0.000    
 15811200.   11.32513121   11.4062   0.000       0.000      0.8112E-03  0.1645E-05-0.4336E-01 0.4254E-01  0.000      0.000      0.000      0.000       0.000       0.000       0.000       0.000       0.000       0.000    
 15897600.   11.29783088   11.3774   0.000       0.000      0.7952E-03  0.1580E-05-0.4306E-01 0.4227E-01  0.000      0.000      0.000      0.000       0.000       0.000       0.000       0.000       0.000       0.000    
 15984000.   11.27838357   11.3566   0.000       0.000      0.7821E-03  0.1125E-05-0.4282E-01 0.4204E-01  0.000      0.000      0.000      0.000       0.000       0.000       0.000       0.000       0.000       0.000    
 16070400.   11.25346692   11.3302   0.000       0.000      0.7669E-03  0.1442E-05-0.4253E-01 0.4176E-01  0.000      0.000      0.000      0.000       0.000       0.000       0.000       0.000       0.000       0.000    
 16156800.   11.22925541   11.3045   0.000       0.000      0.7520E-03  0.1401E-05-0.4224E-01 0.4148E-01  0.000      0.000      0.000      0.000       0.000       0.000       0.000       0.000       0.000       0.000    
 16243200.   11.20539125   11.2791   0.000       0.000      0.7372E-03  0.1381E-05-0.4194E-01 0.4120E-01  0.000      0.000      0.000      0.000       0.000       0.000       0.000       0.000       0.000       0.000    
 16329600.   11.18232697   11.2546   0.000       0.000      0.7227E-03  0.1335E-05-0.4164E-01 0.4091E-01  0.000      0.000      0.000      0.000       0.000       0.000       0.000       0.000       0.000       0.000    
 16416000.   11.15999606   11.2309   0.000       0.000      0.7087E-03  0.1292E-05-0.4134E-01 0.4063E-01  0.000      0.000      0.000      0.000       0.000       0.000       0.000       0.000       0.000       0.000    
 16502400.   11.13842737   11.2079   0.000       0.000      0.6950E-03  0.1248E-05-0.4104E-01 0.4035E-01  0.000      0.000      0.000      0.000       0.000       0.000       0.000       0.000       0.000       0.000    
 16588800.   11.11763988   11.1858   0.000       0.000      0.6819E-03  0.1203E-05-0.4075E-01 0.4007E-01  0.000      0.000      0.000      0.000       0.000       0.000       0.000       0.000       0.000       0.000    
 16675200.   11.09761816   11.1645   0.000       0.000      0.6693E-03  0.1159E-05-0.4047E-01 0.3980E-01  0.000      0.000      0.000      0.000       0.000       0.000       0.000       0.000       0.000       0.000    
 16761600.   11.08203504   11.1479   0.000       0.000      0.6589E-03  0.9018E-06-0.4022E-01 0.3956E-01  0.000      0.000      0.000      0.000       0.000       0.000       0.000       0.000       0.000       0.000    
 16848000.   11.07008080   11.1351   0.000       0.000      0.6506E-03  0.6918E-06-0.4002E-01 0.3937E-01  0.000      0.000      0.000      0.000       0.000       0.000       0.000       0.000       0.000       0.000    
 16934400.   11.07161030   11.1365   0.000       0.000      0.6492E-03 -0.8851E-07-0.3995E-01 0.3931E-01  0.000      0.000      0.000      0.000       0.000       0.000       0.000       0.000       0.000       0.000    
 17020800.   11.06626465   11.1308   0.000       0.000      0.6456E-03  0.3094E-06-0.3984E-01 0.3919E-01  0.000      0.000      0.000      0.000       0.000       0.000       0.000       0.000       0.000       0.000    
 17107200.   11.04910243   11.1128   0.000       0.000      0.6370E-03  0.9932E-06-0.3962E-01 0.3898E-01  0.000      0.000      0.000      0.000       0.000       0.000       0.000       0.000       0.000       0.000    
 17193600.   11.03260077   11.0954   0.000       0.000      0.6282E-03  0.9550E-06-0.3940E-01 0.3877E-01  0.000      0.000      0.000      0.000       0.000       0.000       0.000       0.000       0.000       0.000    
 17280000.   11.01578380   11.0777   0.000       0.000      0.6190E-03  0.9732E-06-0.3916E-01 0.3854E-01  0.000      0.000      0.000      0.000       0.000       0.000       0.000       0.000       0.000       0.000    
 17366400.   10.99908715   11.0600   0.000       0.000      0.6096E-03  0.9662E-06-0.3891E-01 0.3830E-01  0.000      0.000      0.000      0.000       0.000       0.000       0.000       0.000       0.000       0.000    
 17452800.   10.98283921   11.0429   0.000       0.000      0.6003E-03  0.9403E-06-0.3867E-01 0.3807E-01  0.000      0.000      0.000      0.000       0.000       0.000       0.000       0.000       0.000       0.000    
 17539200.   10.96709597   11.0262   0.000       0.000      0.5912E-03  0.9111E-06-0.3843E-01 0.3784E-01  0.000      0.000      0.000      0.000       0.000       0.000       0.000       0.000       0.000       0.000    
 17625600.   10.95187880   11.0101   0.000       0.000      0.5824E-03  0.8806E-06-0.3819E-01 0.3760E-01  0.000      0.000      0.000      0.000       0.000       0.000       0.000       0.000       0.000       0.000    
 17712000.   10.94265323   11.0003   0.000       0.000      0.5766E-03  0.5339E-06-0.3801E-01 0.3744E-01  0.000      0.000      0.000      0.000       0.000       0.000       0.000       0.000       0.000       0.000    
 17798400.   10.92884965   10.9857   0.000       0.000      0.5689E-03  0.7988E-06-0.3779E-01 0.3722E-01  0.000      0.000      0.000      0.000       0.000       0.000       0.000       0.000       0.000       0.000    
 17884800.   10.91474572   10.9709   0.000       0.000      0.5611E-03  0.8162E-06-0.3757E-01 0.3701E-01  0.000      0.000      0.000      0.000       0.000       0.000       0.000       0.000       0.000       0.000    
 17971200.   10.90113682   10.9565   0.000       0.000      0.5534E-03  0.7876E-06-0.3735E-01 0.3679E-01  0.000      0.000      0.000      0.000       0.000       0.000       0.000       0.000       0.000       0.000    
 18057600.   10.88796737   10.9426   0.000       0.000      0.5460E-03  0.7621E-06-0.3713E-01 0.3658E-01  0.000      0.000      0.000      0.000       0.000       0.000       0.000       0.000       0.000       0.000    
 18144000.   10.87520077   10.9291   0.000       0.000      0.5388E-03  0.7388E-06-0.3692E-01 0.3638E-01  0.000      0.000      0.000      0.000       0.000       0.000       0.000       0.000       0.000       0.000    
 18230400.   10.86281248   10.9160   0.000       0.000      0.5319E-03  0.7169E-06-0.3670E-01 0.3617E-01  0.000      0.000      0.000      0.000       0.000       0.000       0.000       0.000       0.000       0.000    
 18316800.   10.85078875   10.9033   0.000       0.000      0.5252E-03  0.6958E-06-0.3650E-01 0.3597E-01  0.000      0.000      0.000      0.000       0.000       0.000       0.000       0.000       0.000       0.000    
 18403200.   10.83910097   10.8910   0.000       0.000      0.5187E-03  0.6764E-06-0.3629E-01 0.3577E-01  0.000      0.000      0.000      0.000       0.000       0.000       0.000       0.000       0.000       0.000    
 18489600.   10.82773468   10.8790   0.000       0.000      0.5125E-03  0.6578E-06-0.3609E-01 0.3558E-01  0.000      0.000      0.000      0.000       0.000       0.000       0.000       0.000       0.000       0.000    
 18576000.   10.81667702   10.8673   0.000       0.000      0.5065E-03  0.6399E-06-0.3590E-01 0.3539E-01  0.000      0.000      0.000      0.000       0.000       0.000       0.000       0.000       0.000       0.000    
 18662400.   10.80590898   10.8560   0.000       0.000      0.5007E-03  0.6232E-06-0.3570E-01 0.3520E-01  0.000      0.000      0.000      0.000       0.000       0.000       0.000       0.000       0.000       0.000    
 18748800.   10.79541912   10.8449   0.000       0.000      0.4951E-03  0.6071E-06-0.3551E-01 0.3502E-01  0.000      0.000      0.000      0.000       0.000       0.000       0.000       0.000       0.000       0.000    
 18835200.   10.79615546   10.8458   0.000       0.000      0.4961E-03 -0.4261E-07-0.3546E-01 0.3496E-01  0.000      0.000      0.000      0.000       0.000       0.000       0.000       0.000       0.000       0.000    
 18921600.   10.78776866   10.8370   0.000       0.000      0.4924E-03  0.4853E-06-0.3531E-01 0.3481E-01  0.000      0.000      0.000      0.000       0.000       0.000       0.000       0.000       0.000       0.000    
 19008000.   10.77704353   10.8258   0.000       0.000      0.4874E-03  0.6207E-06-0.3513E-01 0.3464E-01  0.000      0.000      0.000      0.000       0.000       0.000       0.000       0.000       0.000       0.000    
 19094400.   10.76673869   10.8150   0.000       0.000      0.4823E-03  0.5963E-06-0.3495E-01 0.3447E-01  0.000      0.000      0.000      0.000       0.000       0.000       0.000       0.000       0.000       0.000    
 19180800.   10.75678795   10.8045   0.000       0.000      0.4773E-03  0.5759E-06-0.3478E-01 0.3430E-01  0.000      0.000      0.000      0.000       0.000       0.000       0.000       0.000       0.000       0.000    
 19267200.   10.74740393   10.7947   0.000       0.000      0.4725E-03  0.5431E-06-0.3461E-01 0.3413E-01  0.000      0.000      0.000      0.000       0.000       0.000       0.000       0.000       0.000       0.000    
 19353600.   10.73802808   10.7848   0.000       0.000      0.4677E-03  0.5426E-06-0.3443E-01 0.3396E-01  0.000      0.000      0.000      0.000       0.000       0.000       0.000       0.000       0.000       0.000    
 19440000.   10.72891363   10.7752   0.000       0.000      0.4631E-03  0.5275E-06-0.3426E-01 0.3380E-01  0.000      0.000      0.000      0.000       0.000       0.000       0.000       0.000       0.000       0.000    
 19526400.   10.72003937   10.7659   0.000       0.000      0.4585E-03  0.5136E-06-0.3409E-01 0.3364E-01  0.000      0.000      0.000      0.000       0.000       0.000       0.000       0.000       0.000       0.000    
 19612800.   10.71138904   10.7568   0.000       0.000      0.4541E-03  0.5006E-06-0.3393E-01 0.3347E-01  0.000      0.000      0.000      0.000       0.000       0.000       0.000       0.000       0.000       0.000    
 19699200.   10.70294728   10.7479   0.000       0.000      0.4498E-03  0.4885E-06-0.3377E-01 0.3332E-01  0.000      0.000      0.000      0.000       0.000       0.000       0.000       0.000       0.000       0.000    
 19785600.   10.69470270   10.7393   0.000       0.000      0.4457E-03  0.4771E-06-0.3361E-01 0.3316E-01  0.000      0.000      0.000      0.000       0.000       0.000       0.000       0.000       0.000       0.000    
 19872000.   10.68664544   10.7308   0.000       0.000      0.4417E-03  0.4663E-06-0.3345E-01 0.3301E-01  0.000      0.000      0.000      0.000       0.000       0.000       0.000       0.000       0.000       0.000    
 19958400.   10.68901458   10.7335   0.000       0.000      0.4444E-03 -0.1371E-06-0.3343E-01 0.3299E-01  0.000      0.000      0.000      0.000       0.000       0.000       0.000       0.000       0.000       0.000    
 20044800.   10.69557292   10.7406   0.000       0.000      0.4505E-03 -0.3795E-06-0.3348E-01 0.3303E-01  0.000      0.000      0.000      0.000       0.000       0.000       0.000       0.000       0.000       0.000    
 20131200.   10.68584239   10.7305   0.000       0.000      0.4466E-03  0.5631E-06-0.3333E-01 0.3288E-01  0.000      0.000      0.000      0.000       0.000       0.000       0.000       0.000       0.000       0.000    
 20217600.   10.67998839   10.7245   0.000       0.000      0.4449E-03  0.3388E-06-0.3322E-01 0.3278E-01  0.000      0.000      0.000      0.000       0.000       0.000       0.000       0.000       0.000       0.000    
 20304000.   10.67331535   10.7175   0.000       0.000      0.4423E-03  0.3862E-06-0.3310E-01 0.3266E-01  0.000      0.000      0.000      0.000       0.000       0.000       0.000       0.000       0.000       0.000    
 20390400.   10.66470442   10.7085   0.000       0.000      0.4383E-03  0.4983E-06-0.3295E-01 0.3251E-01  0.000      0.000      0.000      0.000       0.000       0.000       0.000       0.000       0.000       0.000    
 20476800.   10.65643045   10.6998   0.000       0.000      0.4342E-03  0.4788E-06-0.3280E-01 0.3237E-01  0.000      0.000      0.000      0.000       0.000       0.000       0.000       0.000       0.000       0.000    
 20563200.   10.64844652   10.6915   0.000       0.000      0.4301E-03  0.4620E-06-0.3265E-01 0.3222E-01  0.000      0.000      0.000      0.000       0.000       0.000       0.000       0.000       0.000       0.000    
 20649600.   10.64072616   10.6833   0.000       0.000      0.4261E-03  0.4468E-06-0.3250E-01 0.3207E-01  0.000      0.000      0.000      0.000       0.000       0.000       0.000       0.000       0.000       0.000    
 20736000.   10.63324199   10.6755   0.000       0.000      0.4222E-03  0.4331E-06-0.3235E-01 0.3193E-01  0.000      0.000      0.000      0.000       0.000       0.000       0.000       0.000       0.000       0.000    
 20822400.   10.62597104   10.6678   0.000       0.000      0.4184E-03  0.4208E-06-0.3221E-01 0.3179E-01  0.000      0.000      0.000      0.000       0.000       0.000       0.000       0.000       0.000       0.000    
 20908800.   10.61889697   10.6604   0.000       0.000      0.4147E-03  0.4094E-06-0.3206E-01 0.3165E-01  0.000      0.000      0.000      0.000       0.000       0.000       0.000       0.000       0.000       0.000    
 20995200.   10.61200388   10.6531   0.000       0.000      0.4111E-03  0.3989E-06-0.3192E-01 0.3151E-01  0.000      0.000      0.000      0.000       0.000       0.000       0.000       0.000       0.000       0.000    
 21081600.   10.60527955   10.6460   0.000       0.000      0.4076E-03  0.3891E-06-0.3178E-01 0.3138E-01  0.000      0.000      0.000      0.000       0.000       0.000       0.000       0.000       0.000       0.000    
 21168000.   10.59871121   10.6391   0.000       0.000      0.4043E-03  0.3801E-06-0.3165E-01 0.3124E-01  0.000      0.000      0.000      0.000       0.000       0.000       0.000       0.000       0.000       0.000    
 21254400.   10.59228855   10.6324   0.000       0.000      0.4010E-03  0.3717E-06-0.3151E-01 0.3111E-01  0.000      0.000      0.000      0.000       0.000       0.000       0.000       0.000       0.000       0.000    
 21340800.   10.58600347   10.6258   0.000       0.000      0.3978E-03  0.3637E-06-0.3138E-01 0.3098E-01  0.000      0.000      0.000      0.000       0.000       0.000       0.000       0.000       0.000       0.000    
 21427200.   10.57984852   10.6193   0.000       0.000      0.3948E-03  0.3562E-06-0.3125E-01 0.3085E-01  0.000      0.000      0.000      0.000       0.000       0.000       0.000       0.000       0.000       0.000    
 21513600.   10.57527803   10.6146   0.000       0.000      0.3929E-03  0.2645E-06-0.3114E-01 0.3075E-01  0.000      0.000      0.000      0.000       0.000       0.000       0.000       0.000       0.000       0.000    
 21600000.   10.58528837   10.6255   0.000       0.000      0.4019E-03 -0.5793E-06-0.3125E-01 0.3085E-01  0.000      0.000      0.000      0.000       0.000       0.000       0.000       0.000       0.000       0.000    
 21686400.   10.57769817   10.6176   0.000       0.000      0.3985E-03  0.4392E-06-0.3111E-01 0.3071E-01  0.000      0.000      0.000      0.000       0.000       0.000       0.000       0.000       0.000       0.000    
 21772800.   10.57058929   10.6101   0.000       0.000      0.3955E-03  0.4114E-06-0.3099E-01 0.3059E-01  0.000      0.000      0.000      0.000       0.000       0.000       0.000       0.000       0.000       0.000    
 21859200.   10.56388256   10.6031   0.000       0.000      0.3923E-03  0.3881E-06-0.3086E-01 0.3047E-01  0.000      0.000      0.000      0.000       0.000       0.000       0.000       0.000       0.000       0.000    
 21945600.   10.55748485   10.5964   0.000       0.000      0.3891E-03  0.3702E-06-0.3073E-01 0.3034E-01  0.000      0.000      0.000      0.000       0.000       0.000       0.000       0.000       0.000       0.000    
 22032000.   10.55133591   10.5899   0.000       0.000      0.3859E-03  0.3558E-06-0.3060E-01 0.3022E-01  0.000      0.000      0.000      0.000       0.000       0.000       0.000       0.000       0.000       0.000    
 22118400.   10.54539174   10.5837   0.000       0.000      0.3828E-03  0.3440E-06-0.3048E-01 0.3009E-01  0.000      0.000      0.000      0.000       0.000       0.000       0.000       0.000       0.000       0.000    
 22204800.   10.53962313   10.5776   0.000       0.000      0.3798E-03  0.3338E-06-0.3035E-01 0.2997E-01  0.000      0.000      0.000      0.000       0.000       0.000       0.000       0.000       0.000       0.000    
 22291200.   10.53400837   10.5717   0.000       0.000      0.3769E-03  0.3249E-06-0.3023E-01 0.2985E-01  0.000      0.000      0.000      0.000       0.000       0.000       0.000       0.000       0.000       0.000    
 22377600.   10.52853209   10.5659   0.000       0.000      0.3741E-03  0.3169E-06-0.3011E-01 0.2973E-01  0.000      0.000      0.000      0.000       0.000       0.000       0.000       0.000       0.000       0.000    
 22464000.   10.54071548   10.5792   0.000       0.000      0.3853E-03 -0.7051E-06-0.3027E-01 0.2988E-01  0.000      0.000      0.000      0.000       0.000       0.000       0.000       0.000       0.000       0.000    
 22550400.   10.53578938   10.5741   0.000       0.000      0.3835E-03  0.2851E-06-0.3016E-01 0.2978E-01  0.000      0.000      0.000      0.000       0.000       0.000       0.000       0.000       0.000       0.000    
 22636800.   10.53362540   10.5720   0.000       0.000      0.3842E-03  0.1252E-06-0.3012E-01 0.2974E-01  0.000      0.000      0.000      0.000       0.000       0.000       0.000       0.000       0.000       0.000    
 22723200.   10.57852220   10.6206   0.000       0.000      0.4207E-03 -0.2598E-05-0.3080E-01 0.3038E-01  0.000      0.000      0.000      0.000       0.000       0.000       0.000       0.000       0.000       0.000    
 22809600.   10.57753059   10.6199   0.000       0.000      0.4237E-03  0.5738E-07-0.3079E-01 0.3037E-01  0.000      0.000      0.000      0.000       0.000       0.000       0.000       0.000       0.000       0.000    
 22896000.   10.57431936   10.6169   0.000       0.000      0.4254E-03  0.1858E-06-0.3079E-01 0.3037E-01  0.000      0.000      0.000      0.000       0.000       0.000       0.000       0.000       0.000       0.000    
 22982400.   10.57008013   10.6126   0.000       0.000      0.4252E-03  0.2453E-06-0.3075E-01 0.3032E-01  0.000      0.000      0.000      0.000       0.000       0.000       0.000       0.000       0.000       0.000    
 23068800.   10.56528178   10.6077   0.000       0.000      0.4238E-03  0.2777E-06-0.3068E-01 0.3026E-01  0.000      0.000      0.000      0.000       0.000       0.000       0.000       0.000       0.000       0.000    
 23155200.   10.55934045   10.6014   0.000       0.000      0.4209E-03  0.3438E-06-0.3059E-01 0.3016E-01  0.000      0.000      0.000      0.000       0.000       0.000       0.000       0.000       0.000       0.000    
 23241600.   10.55295944   10.5947   0.000       0.000      0.4173E-03  0.3693E-06-0.3048E-01 0.3006E-01  0.000      0.000      0.000      0.000       0.000       0.000       0.000       0.000       0.000       0.000    
 23328000.   10.54617674   10.5875   0.000       0.000      0.4131E-03  0.3925E-06-0.3036E-01 0.2994E-01  0.000      0.000      0.000      0.000       0.000       0.000       0.000       0.000       0.000       0.000    
 23414400.   10.53937031   10.5802   0.000       0.000      0.4085E-03  0.3939E-06-0.3023E-01 0.2982E-01  0.000      0.000      0.000      0.000       0.000       0.000       0.000       0.000       0.000       0.000    
 23500800.   10.53286687   10.5733   0.000       0.000      0.4040E-03  0.3764E-06-0.3010E-01 0.2970E-01  0.000      0.000      0.000      0.000       0.000       0.000       0.000       0.000       0.000       0.000    
 23587200.   10.52655615   10.5665   0.000       0.000      0.3996E-03  0.3652E-06-0.2998E-01 0.2958E-01  0.000      0.000      0.000      0.000       0.000       0.000       0.000       0.000       0.000       0.000    
 23673600.   10.52033347   10.5598   0.000       0.000      0.3951E-03  0.3601E-06-0.2985E-01 0.2945E-01  0.000      0.000      0.000      0.000       0.000       0.000       0.000       0.000       0.000       0.000    
 23760000.   10.51409915   10.5532   0.000       0.000      0.3906E-03  0.3608E-06-0.2972E-01 0.2933E-01  0.000      0.000      0.000      0.000       0.000       0.000       0.000       0.000       0.000       0.000    
 23846400.   10.50802702   10.5466   0.000       0.000      0.3862E-03  0.3514E-06-0.2959E-01 0.2920E-01  0.000      0.000      0.000      0.000       0.000       0.000       0.000       0.000       0.000       0.000    
 23932800.   10.50220546   10.5404   0.000       0.000      0.3819E-03  0.3369E-06-0.2946E-01 0.2908E-01  0.000      0.000      0.000      0.000       0.000       0.000       0.000       0.000       0.000       0.000    
 24019200.   10.49660197   10.5344   0.000       0.000      0.3778E-03  0.3243E-06-0.2933E-01 0.2895E-01  0.000      0.000      0.000      0.000     -0.1527E-06   0.000       0.000       0.000       0.000       0.000    
 24105600.   10.49116293   10.5285   0.000       0.000      0.3738E-03  0.3148E-06-0.2921E-01 0.2884E-01  0.000      0.000      0.000      0.000     -0.4866E-06   0.000       0.000       0.000       0.000       0.000    
 24192000.   10.48582570   10.5228   0.000       0.000      0.3700E-03  0.3089E-06-0.2909E-01 0.2872E-01  0.000      0.000      0.000      0.000     -0.6573E-06   0.000       0.000       0.000       0.000       0.000    
 24278400.   10.48058076   10.5172   0.000       0.000      0.3664E-03  0.3035E-06-0.2897E-01 0.2860E-01  0.000      0.000      0.000      0.000     -0.7793E-06   0.000       0.000       0.000       0.000       0.000    
 24364800.   10.47546016   10.5118   0.000       0.000      0.3629E-03  0.2963E-06-0.2885E-01 0.2849E-01  0.000      0.000      0.000      0.000     -0.8684E-06   0.000       0.000       0.000       0.000       0.000    
 24451200.   10.47047620   10.5064   0.000       0.000      0.3596E-03  0.2884E-06-0.2873E-01 0.2837E-01  0.000      0.000      0.000      0.000     -0.9352E-06   0.000       0.000       0.000       0.000       0.000    
 24537600.   10.46562086   10.5013   0.000       0.000      0.3564E-03  0.2810E-06-0.2862E-01 0.2826E-01  0.000      0.000      0.000      0.000     -0.9881E-06   0.000       0.000       0.000       0.000       0.000    
 24624000.   10.46088570   10.4962   0.000       0.000      0.3534E-03  0.2740E-06-0.2850E-01 0.2815E-01  0.000      0.000      0.000      0.000     -0.1031E-05   0.000       0.000       0.000       0.000       0.000    
 24710400.   10.45625770   10.4913   0.000       0.000      0.3505E-03  0.2678E-06-0.2839E-01 0.2804E-01  0.000      0.000      0.000      0.000     -0.1067E-05   0.000       0.000       0.000       0.000       0.000    
 24796800.   10.45172937   10.4865   0.000       0.000      0.3477E-03  0.2621E-06-0.2828E-01 0.2793E-01  0.000      0.000      0.000      0.000     -0.1098E-05   0.000       0.000       0.000       0.000       0.000    
 24883200.   10.44751251   10.4820   0.000       0.000      0.3453E-03  0.2440E-06-0.2818E-01 0.2783E-01  0.000      0.000      0.000      0.000     -0.1067E-05   0.000       0.000       0.000       0.000       0.000    
 24969600.   10.44754632   10.4823   0.000       0.000      0.3477E-03 -0.1956E-08-0.2815E-01 0.2780E-01  0.000      0.000      0.000      0.000      0.8724E-08   0.000       0.000       0.000       0.000       0.000    
 25056000.   10.44311148   10.4775   0.000       0.000      0.3440E-03  0.2566E-06-0.2804E-01 0.2769E-01  0.000      0.000      0.000      0.000     -0.1167E-05   0.000       0.000       0.000       0.000       0.000    
 25142400.   10.43866252   10.4728   0.000       0.000      0.3416E-03  0.2575E-06-0.2794E-01 0.2759E-01  0.000      0.000      0.000      0.000     -0.1214E-05   0.000       0.000       0.000       0.000       0.000    
 25228800.   10.44263641   10.4775   0.000       0.000      0.3489E-03 -0.2300E-06-0.2798E-01 0.2764E-01  0.000      0.000      0.000      0.000      0.1087E-05   0.000       0.000       0.000       0.000       0.000    
 25315200.   10.43879535   10.4733   0.000       0.000      0.3451E-03  0.2223E-06-0.2789E-01 0.2754E-01  0.000      0.000      0.000      0.000     -0.1050E-05   0.000       0.000       0.000       0.000       0.000    
 25401600.   10.43914074   10.4740   0.000       0.000      0.3483E-03 -0.1999E-07-0.2788E-01 0.2753E-01  0.000      0.000      0.000      0.000      0.9570E-07   0.000       0.000       0.000       0.000       0.000    
 25488000.   10.43922556   10.4742   0.000       0.000      0.3501E-03 -0.4909E-08-0.2786E-01 0.2751E-01  0.000      0.000      0.000      0.000      0.2346E-07   0.000       0.000       0.000       0.000       0.000    
 25574400.   10.44201649   10.4775   0.000       0.000      0.3552E-03 -0.1615E-06-0.2790E-01 0.2755E-01  0.000      0.000      0.000      0.000      0.7634E-06   0.000       0.000       0.000       0.000       0.000    
 25660800.   10.43868628   10.4739   0.000       0.000      0.3526E-03  0.1927E-06-0.2783E-01 0.2747E-01  0.000      0.000      0.000      0.000     -0.9128E-06   0.000       0.000       0.000       0.000       0.000    
 25747200.   10.44485827   10.4811   0.000       0.000      0.3625E-03 -0.3572E-06-0.2793E-01 0.2757E-01  0.000      0.000      0.000      0.000      0.1673E-05   0.000       0.000       0.000       0.000       0.000    
 25833600.   10.48062545   10.5208   0.000       0.000      0.4019E-03 -0.2070E-05-0.2856E-01 0.2816E-01  0.000      0.000      0.000      0.000      0.7755E-05   0.000       0.000       0.000       0.000       0.000    
 25920000.   10.53167869   10.5759   0.000       0.000      0.4427E-03 -0.2954E-05-0.2943E-01 0.2899E-01  0.000      0.000      0.000      0.000      0.2069E-05   0.000       0.000       0.000       0.000       0.000    
 26006400.   10.58398538   10.6325   0.000       0.000      0.4847E-03 -0.3027E-05-0.3028E-01 0.2980E-01  0.000      0.000      0.000      0.000       0.000       0.000       0.000       0.000       0.000       0.000    
 26092800.   10.59880522   10.6490   0.000       0.000      0.5023E-03 -0.8576E-06-0.3062E-01 0.3012E-01  0.000      0.000      0.000      0.000       0.000       0.000       0.000       0.000       0.000       0.000    
 26179200.   10.59474827   10.6453   0.000       0.000      0.5054E-03  0.2348E-06-0.3070E-01 0.3019E-01  0.000      0.000      0.000      0.000       0.000       0.000       0.000       0.000       0.000       0.000    
 26265600.   10.58661953   10.6369   0.000       0.000      0.5032E-03  0.4704E-06-0.3068E-01 0.3017E-01  0.000      0.000      0.000      0.000       0.000       0.000       0.000       0.000       0.000       0.000    
 26352000.   10.57732311   10.6271   0.000       0.000      0.4980E-03  0.5380E-06-0.3059E-01 0.3009E-01  0.000      0.000      0.000      0.000       0.000       0.000       0.000       0.000       0.000       0.000    
 26438400.   10.56780464   10.6169   0.000       0.000      0.4912E-03  0.5508E-06-0.3048E-01 0.2999E-01  0.000      0.000      0.000      0.000       0.000       0.000       0.000       0.000       0.000       0.000    
 26524800.   10.55830495   10.6066   0.000       0.000      0.4834E-03  0.5498E-06-0.3034E-01 0.2986E-01  0.000      0.000      0.000      0.000       0.000       0.000       0.000       0.000       0.000       0.000    
 26611200.   10.54860388   10.5961   0.000       0.000      0.4749E-03  0.5614E-06-0.3019E-01 0.2972E-01  0.000      0.000      0.000      0.000       0.000       0.000       0.000       0.000       0.000       0.000    
 26697600.   10.53941182   10.5860   0.000       0.000      0.4663E-03  0.5319E-06-0.3004E-01 0.2957E-01  0.000      0.000      0.000      0.000       0.000       0.000       0.000       0.000       0.000       0.000    
 26784000.   10.53056387   10.5763   0.000       0.000      0.4578E-03  0.5120E-06-0.2988E-01 0.2943E-01  0.000      0.000      0.000      0.000       0.000       0.000       0.000       0.000       0.000       0.000    
 26870400.   10.55810597   10.6059   0.000       0.000      0.4778E-03 -0.1594E-05-0.3030E-01 0.2982E-01  0.000      0.000      0.000      0.000       0.000       0.000       0.000       0.000       0.000       0.000    
 26956800.   10.57599372   10.6251   0.000       0.000      0.4911E-03 -0.1035E-05-0.3056E-01 0.3007E-01  0.000      0.000      0.000      0.000       0.000       0.000       0.000       0.000       0.000       0.000    
 27043200.   10.59310225   10.6436   0.000       0.000      0.5049E-03 -0.9901E-06-0.3085E-01 0.3035E-01  0.000      0.000      0.000      0.000       0.000       0.000       0.000       0.000       0.000       0.000    
 27129600.   10.59887026   10.6499   0.000       0.000      0.5107E-03 -0.3338E-06-0.3099E-01 0.3048E-01  0.000      0.000      0.000      0.000       0.000       0.000       0.000       0.000       0.000       0.000    
 27216000.   10.60878326   10.6607   0.000       0.000      0.5192E-03 -0.5737E-06-0.3118E-01 0.3066E-01  0.000      0.000      0.000      0.000       0.000       0.000       0.000       0.000       0.000       0.000    
 27302400.   10.63289716   10.6866   0.000       0.000      0.5374E-03 -0.1395E-05-0.3157E-01 0.3103E-01  0.000      0.000      0.000      0.000       0.000       0.000       0.000       0.000       0.000       0.000    
 27388800.   10.68015186   10.7373   0.000       0.000      0.5711E-03 -0.2735E-05-0.3227E-01 0.3170E-01  0.000      0.000      0.000      0.000       0.000       0.000       0.000       0.000       0.000       0.000    
 27475200.   10.72189354   10.7820   0.000       0.000      0.6015E-03 -0.2416E-05-0.3291E-01 0.3231E-01  0.000      0.000      0.000      0.000       0.000       0.000       0.000       0.000       0.000       0.000    
 27561600.   10.72017300   10.7807   0.000       0.000      0.6049E-03  0.9957E-07-0.3303E-01 0.3242E-01  0.000      0.000      0.000      0.000       0.000       0.000       0.000       0.000       0.000       0.000    
 27648000.   10.71143364   10.7716   0.000       0.000      0.6019E-03  0.5057E-06-0.3303E-01 0.3243E-01  0.000      0.000      0.000      0.000       0.000       0.000       0.000       0.000       0.000       0.000    
 27734400.   10.69896382   10.7584   0.000       0.000      0.5942E-03  0.7216E-06-0.3293E-01 0.3234E-01  0.000      0.000      0.000      0.000       0.000       0.000       0.000       0.000       0.000       0.000    
 27820800.   10.68792147   10.7465   0.000       0.000      0.5858E-03  0.6390E-06-0.3282E-01 0.3223E-01  0.000      0.000      0.000      0.000       0.000       0.000       0.000       0.000       0.000       0.000    
 27907200.   10.67930431   10.7371   0.000       0.000      0.5780E-03  0.4987E-06-0.3272E-01 0.3214E-01  0.000      0.000      0.000      0.000       0.000       0.000       0.000       0.000       0.000       0.000    
 27993600.   10.69960976   10.7585   0.000       0.000      0.5888E-03 -0.1175E-05-0.3299E-01 0.3240E-01  0.000      0.000      0.000      0.000       0.000       0.000       0.000       0.000       0.000       0.000    
 28080000.   10.73065057   10.7914   0.000       0.000      0.6073E-03 -0.1796E-05-0.3340E-01 0.3280E-01  0.000      0.000      0.000      0.000       0.000       0.000       0.000       0.000       0.000       0.000    
 28166400.   10.74740822   10.8092   0.000       0.000      0.6183E-03 -0.9698E-06-0.3368E-01 0.3306E-01  0.000      0.000      0.000      0.000       0.000       0.000       0.000       0.000       0.000       0.000    
 28252800.   10.74088840   10.8024   0.000       0.000      0.6152E-03  0.3773E-06-0.3367E-01 0.3306E-01  0.000      0.000      0.000      0.000       0.000       0.000       0.000       0.000       0.000       0.000    
 28339200.   10.72936062   10.7901   0.000       0.000      0.6076E-03  0.6671E-06-0.3358E-01 0.3297E-01  0.000      0.000      0.000      0.000       0.000       0.000       0.000       0.000       0.000       0.000    
 28425600.   10.71625811   10.7760   0.000       0.000      0.5976E-03  0.7582E-06-0.3343E-01 0.3284E-01  0.000      0.000      0.000      0.000       0.000       0.000       0.000       0.000       0.000       0.000    
 28512000.   10.70275667   10.7614   0.000       0.000      0.5864E-03  0.7813E-06-0.3326E-01 0.3267E-01  0.000      0.000      0.000      0.000       0.000       0.000       0.000       0.000       0.000       0.000    
 28598400.   10.68934814   10.7468   0.000       0.000      0.5746E-03  0.7760E-06-0.3307E-01 0.3249E-01  0.000      0.000      0.000      0.000       0.000       0.000       0.000       0.000       0.000       0.000    
 28684800.   10.67624945   10.7325   0.000       0.000      0.5627E-03  0.7580E-06-0.3286E-01 0.3230E-01  0.000      0.000      0.000      0.000       0.000       0.000       0.000       0.000       0.000       0.000    
 28771200.   10.66352946   10.7186   0.000       0.000      0.5509E-03  0.7361E-06-0.3266E-01 0.3211E-01  0.000      0.000      0.000      0.000       0.000       0.000       0.000       0.000       0.000       0.000    
 28857600.   10.65124702   10.7052   0.000       0.000      0.5392E-03  0.7108E-06-0.3245E-01 0.3191E-01  0.000      0.000      0.000      0.000       0.000       0.000       0.000       0.000       0.000       0.000    
 28944000.   10.63928393   10.6921   0.000       0.000      0.5278E-03  0.6923E-06-0.3224E-01 0.3171E-01  0.000      0.000      0.000      0.000       0.000       0.000       0.000       0.000       0.000       0.000    
 29030400.   10.62759970   10.6793   0.000       0.000      0.5167E-03  0.6762E-06-0.3203E-01 0.3151E-01  0.000      0.000      0.000      0.000       0.000       0.000       0.000       0.000       0.000       0.000    
 29116800.   10.61633307   10.6669   0.000       0.000      0.5059E-03  0.6520E-06-0.3182E-01 0.3131E-01  0.000      0.000      0.000      0.000       0.000       0.000       0.000       0.000       0.000       0.000    
 29203200.   10.60532184   10.6549   0.000       0.000      0.4955E-03  0.6372E-06-0.3161E-01 0.3111E-01  0.000      0.000      0.000      0.000       0.000       0.000       0.000       0.000       0.000       0.000    
 29289600.   10.59475553   10.6433   0.000       0.000      0.4855E-03  0.6115E-06-0.3140E-01 0.3092E-01  0.000      0.000      0.000      0.000       0.000       0.000       0.000       0.000       0.000       0.000    
 29376000.   10.58467700   10.6323   0.000       0.000      0.4760E-03  0.5832E-06-0.3120E-01 0.3073E-01  0.000      0.000      0.000      0.000       0.000       0.000       0.000       0.000       0.000       0.000    
 29462400.   10.57504409   10.6217   0.000       0.000      0.4670E-03  0.5575E-06-0.3100E-01 0.3054E-01  0.000      0.000      0.000      0.000       0.000       0.000       0.000       0.000       0.000       0.000    
 29548800.   10.56577611   10.6116   0.000       0.000      0.4584E-03  0.5363E-06-0.3081E-01 0.3035E-01  0.000      0.000      0.000      0.000       0.000       0.000       0.000       0.000       0.000       0.000    
 29635200.   10.55682623   10.6018   0.000       0.000      0.4502E-03  0.5179E-06-0.3062E-01 0.3017E-01  0.000      0.000      0.000      0.000       0.000       0.000       0.000       0.000       0.000       0.000    
 29721600.   10.54819822   10.5924   0.000       0.000      0.4424E-03  0.4993E-06-0.3044E-01 0.2999E-01  0.000      0.000      0.000      0.000       0.000       0.000       0.000       0.000       0.000       0.000    
 29808000.   10.53979000   10.5833   0.000       0.000      0.4350E-03  0.4866E-06-0.3025E-01 0.2982E-01  0.000      0.000      0.000      0.000       0.000       0.000       0.000       0.000       0.000       0.000    
 29894400.   10.53163578   10.5744   0.000       0.000      0.4279E-03  0.4719E-06-0.3007E-01 0.2964E-01  0.000      0.000      0.000      0.000       0.000       0.000       0.000       0.000       0.000       0.000    
 29980800.   10.52372695   10.5658   0.000       0.000      0.4210E-03  0.4577E-06-0.2990E-01 0.2947E-01  0.000      0.000      0.000      0.000       0.000       0.000       0.000       0.000       0.000       0.000    
 30067200.   10.51613594   10.5576   0.000       0.000      0.4145E-03  0.4393E-06-0.2972E-01 0.2931E-01  0.000      0.000      0.000      0.000       0.000       0.000       0.000       0.000       0.000       0.000    
 30153600.   10.50883143   10.5497   0.000       0.000      0.4083E-03  0.4227E-06-0.2955E-01 0.2914E-01  0.000      0.000      0.000      0.000       0.000       0.000       0.000       0.000       0.000       0.000    
 30240000.   10.50180408   10.5420   0.000       0.000      0.4024E-03  0.4067E-06-0.2939E-01 0.2898E-01  0.000      0.000      0.000      0.000       0.000       0.000       0.000       0.000       0.000       0.000    
 30326400.   10.49502830   10.5347   0.000       0.000      0.3966E-03  0.3921E-06-0.2923E-01 0.2883E-01  0.000      0.000      0.000      0.000     -0.2701E-06   0.000       0.000       0.000       0.000       0.000    
 30412800.   10.48846687   10.5276   0.000       0.000      0.3911E-03  0.3797E-06-0.2907E-01 0.2868E-01  0.000      0.000      0.000      0.000     -0.6823E-06   0.000       0.000       0.000       0.000       0.000    
 30499200.   10.48210689   10.5207   0.000       0.000      0.3860E-03  0.3681E-06-0.2892E-01 0.2854E-01  0.000      0.000      0.000      0.000     -0.8845E-06   0.000       0.000       0.000       0.000       0.000    
 30585600.   10.47592811   10.5140   0.000       0.000      0.3812E-03  0.3576E-06-0.2877E-01 0.2839E-01  0.000      0.000      0.000      0.000     -0.1024E-05   0.000       0.000       0.000       0.000       0.000    
 30672000.   10.46993179   10.5076   0.000       0.000      0.3766E-03  0.3470E-06-0.2863E-01 0.2825E-01  0.000      0.000      0.000      0.000     -0.1126E-05   0.000       0.000       0.000       0.000       0.000    
 30758400.   10.46410835   10.5013   0.000       0.000      0.3722E-03  0.3370E-06-0.2849E-01 0.2811E-01  0.000      0.000      0.000      0.000     -0.1203E-05   0.000       0.000       0.000       0.000       0.000    
 30844800.   10.45844807   10.4953   0.000       0.000      0.3681E-03  0.3276E-06-0.2835E-01 0.2798E-01  0.000      0.000      0.000      0.000     -0.1264E-05   0.000       0.000       0.000       0.000       0.000    
 30931200.   10.45293241   10.4893   0.000       0.000      0.3641E-03  0.3192E-06-0.2821E-01 0.2784E-01  0.000      0.000      0.000      0.000     -0.1313E-05   0.000       0.000       0.000       0.000       0.000    
 31017600.   10.44755543   10.4836   0.000       0.000      0.3602E-03  0.3112E-06-0.2807E-01 0.2771E-01  0.000      0.000      0.000      0.000     -0.1353E-05   0.000       0.000       0.000       0.000       0.000    
 31104000.   10.44232073   10.4780   0.000       0.000      0.3566E-03  0.3029E-06-0.2794E-01 0.2758E-01  0.000      0.000      0.000      0.000     -0.1382E-05   0.000       0.000       0.000       0.000       0.000    
 31190400.   10.43722104   10.4725   0.000       0.000      0.3531E-03  0.2951E-06-0.2781E-01 0.2746E-01  0.000      0.000      0.000      0.000     -0.1404E-05   0.000       0.000       0.000       0.000       0.000    
 31276800.   10.43301054   10.4681   0.000       0.000      0.3506E-03  0.2437E-06-0.2770E-01 0.2735E-01  0.000      0.000      0.000      0.000     -0.1200E-05   0.000       0.000       0.000       0.000       0.000    
 31363200.   10.42813051   10.4628   0.000       0.000      0.3471E-03  0.2824E-06-0.2757E-01 0.2722E-01  0.000      0.000      0.000      0.000     -0.1436E-05   0.000       0.000       0.000       0.000       0.000    
 31449600.   10.42335783   10.4578   0.000       0.000      0.3440E-03  0.2762E-06-0.2745E-01 0.2710E-01  0.000      0.000      0.000      0.000     -0.1448E-05   0.000       0.000       0.000       0.000       0.000    
 31536000.   10.41870540   10.4528   0.000       0.000      0.3410E-03  0.2692E-06-0.2733E-01 0.2699E-01  0.000      0.000      0.000      0.000     -0.1452E-05   0.000       0.000       0.000       0.000       0.000    
 31622400.   10.41379879   10.4476   0.000       0.000      0.3377E-03  0.2839E-06-0.2720E-01 0.2686E-01  0.000      0.000      0.000      0.000     -0.1573E-05   0.000       0.000       0.000       0.000       0.000    
