TOTIM (T)      HCON          HMAT      QDIR      QWELL        QMAT       QCADS      QTUB1      QTUB2      QTUB3      QTUB4      QTUB5      QTUB6       NSTOR        QFIX        QLH     FHLQ (LQ)        CAUCHY   CAUCHY (LQ)
    86400.   10.09916496   10.1121   0.000       0.000      0.1297E-03   0.000    -0.2893     0.1446     0.1446      0.000      0.000      0.000       0.000       0.000       0.000       0.000       0.000       0.000    
   172800.   10.09479332   10.1034   0.000       0.000      0.8614E-04  0.3795E-06-0.2829     0.1414     0.1414      0.000      0.000      0.000     -0.3723E-05   0.000       0.000       0.000       0.000       0.000    
   259200.   10.09544803   10.1063   0.000       0.000      0.1083E-03 -0.5683E-07-0.2839     0.1419     0.1419      0.000      0.000      0.000      0.5579E-06   0.000       0.000       0.000       0.000       0.000    
   345600.   10.09534216   10.1064   0.000       0.000      0.1105E-03  0.9191E-08-0.2837     0.1418     0.1418      0.000      0.000      0.000     -0.9022E-07   0.000       0.000       0.000       0.000       0.000    
   432000.   10.09846760   10.1129   0.000       0.000      0.1444E-03 -0.2713E-06-0.2883     0.1441     0.1441      0.000      0.000      0.000      0.2662E-05   0.000       0.000       0.000       0.000       0.000    
   518400.   10.09994486   10.1149   0.000       0.000      0.1497E-03 -0.1282E-06-0.2904     0.1451     0.1451      0.000      0.000      0.000      0.1257E-05   0.000       0.000       0.000       0.000       0.000    
   604800.   10.10009867   10.1144   0.000       0.000      0.1432E-03 -0.1335E-07-0.2906     0.1452     0.1453      0.000      0.000      0.000      0.1308E-06   0.000       0.000       0.000       0.000       0.000    
   691200.   10.10439679   10.1226   0.000       0.000      0.1815E-03 -0.3731E-06-0.2968     0.1483     0.1483      0.000      0.000      0.000      0.3652E-05   0.000       0.000       0.000       0.000       0.000    
   777600.   10.11619055   10.1438   0.000       0.000      0.2766E-03 -0.1024E-05-0.3130     0.1563     0.1564      0.000      0.000      0.000      0.9985E-05   0.000       0.000       0.000       0.000       0.000    
   864000.   10.13303919   10.1713   0.000       0.000      0.3826E-03 -0.1463E-05-0.3348     0.1672     0.1672      0.000      0.000      0.000      0.1416E-04   0.000       0.000       0.000       0.000       0.000    
   950400.   10.13808789   10.1733   0.000       0.000      0.3521E-03 -0.4383E-06-0.3411     0.1704     0.1704      0.000      0.000      0.000      0.4218E-05   0.000       0.000       0.000       0.000       0.000    
  1036800.   10.15610149   10.2021   0.000       0.000      0.4595E-03 -0.1564E-05-0.3626     0.1810     0.1811      0.000      0.000      0.000      0.1494E-04   0.000       0.000       0.000       0.000       0.000    
  1123200.   10.19078596   10.2566   0.000       0.000      0.6584E-03 -0.3011E-05-0.4006     0.2000     0.2000      0.000      0.000      0.000      0.2823E-04   0.000       0.000       0.000       0.000       0.000    
  1209600.   10.17807617   10.2194   0.000       0.000      0.4132E-03  0.1103E-05-0.3874     0.1935     0.1935      0.000      0.000      0.000     -0.1025E-04   0.000       0.000       0.000       0.000       0.000    
  1296000.   10.16837070   10.1996   0.000       0.000      0.3123E-03  0.8425E-06-0.3768     0.1882     0.1883      0.000      0.000      0.000     -0.7903E-05   0.000       0.000       0.000       0.000       0.000    
  1382400.   10.16094129   10.1866   0.000       0.000      0.2565E-03  0.6449E-06-0.3685     0.1841     0.1841      0.000      0.000      0.000     -0.6089E-05   0.000       0.000       0.000       0.000       0.000    
  1468800.   10.15477071   10.1767   0.000       0.000      0.2190E-03  0.5356E-06-0.3614     0.1806     0.1806      0.000      0.000      0.000     -0.5082E-05   0.000       0.000       0.000       0.000       0.000    
  1555200.   10.14886665   10.1675   0.000       0.000      0.1868E-03  0.5125E-06-0.3545     0.1771     0.1771      0.000      0.000      0.000     -0.4883E-05   0.000       0.000       0.000       0.000       0.000    
  1641600.   10.14341033   10.1595   0.000       0.000      0.1612E-03  0.4736E-06-0.3479     0.1739     0.1739      0.000      0.000      0.000     -0.4530E-05   0.000       0.000       0.000       0.000       0.000    
  1728000.   10.13919298   10.1540   0.000       0.000      0.1477E-03  0.3661E-06-0.3428     0.1713     0.1713      0.000      0.000      0.000     -0.3512E-05   0.000       0.000       0.000       0.000       0.000    
  1814400.   10.13570188   10.1496   0.000       0.000      0.1385E-03  0.3030E-06-0.3385     0.1692     0.1692      0.000      0.000      0.000     -0.2914E-05   0.000       0.000       0.000       0.000       0.000    
  1900800.   10.13171096   10.1440   0.000       0.000      0.1228E-03  0.3464E-06-0.3335     0.1667     0.1667      0.000      0.000      0.000     -0.3338E-05   0.000       0.000       0.000       0.000       0.000    
  1987200.   10.12827034   10.1396   0.000       0.000      0.1134E-03  0.2987E-06-0.3291     0.1645     0.1645      0.000      0.000      0.000     -0.2884E-05   0.000       0.000       0.000       0.000       0.000    
  2073600.   10.12566377   10.1367   0.000       0.000      0.1105E-03  0.2263E-06-0.3257     0.1628     0.1628      0.000      0.000      0.000     -0.2188E-05   0.000       0.000       0.000       0.000       0.000    
  2160000.   10.12242366   10.1323   0.000       0.000      0.9915E-04  0.2813E-06-0.3215     0.1607     0.1607      0.000      0.000      0.000     -0.2725E-05   0.000       0.000       0.000       0.000       0.000    
  2246400.   10.11932560   10.1284   0.000       0.000      0.9035E-04  0.2689E-06-0.3174     0.1587     0.1587      0.000      0.000      0.000     -0.2610E-05   0.000       0.000       0.000       0.000       0.000    
  2332800.   10.11638407   10.1247   0.000       0.000      0.8293E-04  0.2553E-06-0.3135     0.1567     0.1567      0.000      0.000      0.000     -0.2481E-05   0.000       0.000       0.000       0.000       0.000    
  2419200.   10.11359364   10.1212   0.000       0.000      0.7653E-04  0.2422E-06-0.3097     0.1548     0.1548      0.000      0.000      0.000     -0.2357E-05   0.000       0.000       0.000       0.000       0.000    
  2505600.   10.11296149   10.1220   0.000       0.000      0.9004E-04  0.5487E-07-0.3089     0.1544     0.1544      0.000      0.000      0.000     -0.5345E-06   0.000       0.000       0.000       0.000       0.000    
  2592000.   10.11126710   10.1199   0.000       0.000      0.8614E-04  0.1471E-06-0.3065     0.1532     0.1532      0.000      0.000      0.000     -0.1433E-05   0.000       0.000       0.000       0.000       0.000    
  2678400.   10.11696986   10.1323   0.000       0.000      0.1531E-03 -0.4950E-06-0.3142     0.1570     0.1570      0.000      0.000      0.000      0.4820E-05   0.000       0.000       0.000       0.000       0.000    
  2764800.   10.13652997   10.1684   0.000       0.000      0.3184E-03 -0.1698E-05-0.3392     0.1695     0.1695      0.000      0.000      0.000      0.1642E-04   0.000       0.000       0.000       0.000       0.000    
  2851200.   10.18461219   10.2499   0.000       0.000      0.6531E-03 -0.4174E-05-0.3940     0.1967     0.1967      0.000      0.000      0.000      0.3951E-04   0.000       0.000       0.000       0.000       0.000    
  2937600.   10.16705292   10.2007   0.000       0.000      0.3361E-03  0.1524E-05-0.3753     0.1875     0.1875      0.000      0.000      0.000     -0.1427E-04   0.000       0.000       0.000       0.000       0.000    
  3024000.   10.16563076   10.1969   0.000       0.000      0.3129E-03  0.1235E-06-0.3737     0.1867     0.1867      0.000      0.000      0.000     -0.1164E-05   0.000       0.000       0.000       0.000       0.000    
  3110400.   10.16401799   10.1925   0.000       0.000      0.2847E-03  0.1400E-06-0.3719     0.1858     0.1858      0.000      0.000      0.000     -0.1322E-05   0.000       0.000       0.000       0.000       0.000    
  3196800.   10.15934789   10.1831   0.000       0.000      0.2372E-03  0.4054E-06-0.3667     0.1832     0.1832      0.000      0.000      0.000     -0.3836E-05   0.000       0.000       0.000       0.000       0.000    
  3283200.   10.15389225   10.1736   0.000       0.000      0.1967E-03  0.4736E-06-0.3604     0.1801     0.1801      0.000      0.000      0.000     -0.4497E-05   0.000       0.000       0.000       0.000       0.000    
  3369600.   10.15475375   10.1766   0.000       0.000      0.2185E-03 -0.7478E-07-0.3614     0.1806     0.1806      0.000      0.000      0.000      0.7113E-06   0.000       0.000       0.000       0.000       0.000    
  3456000.   10.15849144   10.1835   0.000       0.000      0.2496E-03 -0.3245E-06-0.3656     0.1827     0.1827      0.000      0.000      0.000      0.3081E-05   0.000       0.000       0.000       0.000       0.000    
  3542400.   10.16393776   10.1921   0.000       0.000      0.2820E-03 -0.4728E-06-0.3718     0.1858     0.1858      0.000      0.000      0.000      0.4475E-05   0.000       0.000       0.000       0.000       0.000    
  3628800.   10.16486863   10.1915   0.000       0.000      0.2667E-03 -0.8081E-07-0.3729     0.1863     0.1863      0.000      0.000      0.000      0.7631E-06   0.000       0.000       0.000       0.000       0.000    
  3715200.   10.16048118   10.1822   0.000       0.000      0.2171E-03  0.3809E-06-0.3680     0.1839     0.1839      0.000      0.000      0.000     -0.3601E-05   0.000       0.000       0.000       0.000       0.000    
  3801600.   10.16114074   10.1840   0.000       0.000      0.2286E-03 -0.5725E-07-0.3687     0.1842     0.1843      0.000      0.000      0.000      0.5421E-06   0.000       0.000       0.000       0.000       0.000    
  3888000.   10.16418787   10.1893   0.000       0.000      0.2509E-03 -0.2645E-06-0.3722     0.1859     0.1860      0.000      0.000      0.000      0.2501E-05   0.000       0.000       0.000       0.000       0.000    
  3974400.   10.17125920   10.2010   0.000       0.000      0.2970E-03 -0.6138E-06-0.3800     0.1899     0.1899      0.000      0.000      0.000      0.5783E-05   0.000       0.000       0.000       0.000       0.000    
  4060800.   10.17602337   10.2068   0.000       0.000      0.3079E-03 -0.4136E-06-0.3853     0.1925     0.1925      0.000      0.000      0.000      0.3878E-05   0.000       0.000       0.000       0.000       0.000    
  4147200.   10.17091352   10.1949   0.000       0.000      0.2398E-03  0.4436E-06-0.3797     0.1897     0.1898      0.000      0.000      0.000     -0.4160E-05   0.000       0.000       0.000       0.000       0.000    
  4233600.   10.16513506   10.1847   0.000       0.000      0.1952E-03  0.5016E-06-0.3733     0.1866     0.1866      0.000      0.000      0.000     -0.4724E-05   0.000       0.000       0.000       0.000       0.000    
  4320000.   10.16110596   10.1788   0.000       0.000      0.1765E-03  0.3497E-06-0.3688     0.1843     0.1843      0.000      0.000      0.000     -0.3306E-05   0.000       0.000       0.000       0.000       0.000    
  4406400.   10.15711663   10.1730   0.000       0.000      0.1586E-03  0.3463E-06-0.3642     0.1820     0.1820      0.000      0.000      0.000     -0.3283E-05   0.000       0.000       0.000       0.000       0.000    
  4492800.   10.15428183   10.1695   0.000       0.000      0.1521E-03  0.2461E-06-0.3609     0.1804     0.1804      0.000      0.000      0.000     -0.2338E-05   0.000       0.000       0.000       0.000       0.000    
  4579200.   10.15046013   10.1640   0.000       0.000      0.1350E-03  0.3317E-06-0.3564     0.1781     0.1782      0.000      0.000      0.000     -0.3160E-05   0.000       0.000       0.000       0.000       0.000    
  4665600.   10.14657964   10.1586   0.000       0.000      0.1203E-03  0.3368E-06-0.3518     0.1758     0.1759      0.000      0.000      0.000     -0.3216E-05   0.000       0.000       0.000       0.000       0.000    
  4752000.   10.15458065   10.1755   0.000       0.000      0.2091E-03 -0.6945E-06-0.3612     0.1805     0.1805      0.000      0.000      0.000      0.6623E-05   0.000       0.000       0.000       0.000       0.000    
  4838400.   10.16429527   10.1917   0.000       0.000      0.2741E-03 -0.8433E-06-0.3722     0.1860     0.1860      0.000      0.000      0.000      0.7992E-05   0.000       0.000       0.000       0.000       0.000    
  4924800.   10.17413337   10.2062   0.000       0.000      0.3207E-03 -0.8540E-06-0.3832     0.1914     0.1914      0.000      0.000      0.000      0.8036E-05   0.000       0.000       0.000       0.000       0.000    
  5011200.   10.17893330   10.2106   0.000       0.000      0.3168E-03 -0.4167E-06-0.3884     0.1941     0.1941      0.000      0.000      0.000      0.3898E-05   0.000       0.000       0.000       0.000       0.000    
  5097600.   10.17310291   10.1968   0.000       0.000      0.2373E-03  0.5061E-06-0.3822     0.1910     0.1910      0.000      0.000      0.000     -0.4737E-05   0.000       0.000       0.000       0.000       0.000    
  5184000.   10.16713975   10.1862   0.000       0.000      0.1905E-03  0.5176E-06-0.3756     0.1877     0.1877      0.000      0.000      0.000     -0.4867E-05   0.000       0.000       0.000       0.000       0.000    
  5270400.   10.16275758   10.1796   0.000       0.000      0.1686E-03  0.3804E-06-0.3707     0.1852     0.1853      0.000      0.000      0.000     -0.3591E-05   0.000       0.000       0.000       0.000       0.000    
  5356800.   10.15820362   10.1729   0.000       0.000      0.1466E-03  0.3953E-06-0.3655     0.1827     0.1827      0.000      0.000      0.000     -0.3744E-05   0.000       0.000       0.000       0.000       0.000    
  5443200.   10.16165608   10.1811   0.000       0.000      0.1948E-03 -0.2997E-06-0.3694     0.1846     0.1846      0.000      0.000      0.000      0.2839E-05   0.000       0.000       0.000       0.000       0.000    
  5529600.   10.16504791   10.1870   0.000       0.000      0.2193E-03 -0.2944E-06-0.3732     0.1865     0.1865      0.000      0.000      0.000      0.2783E-05   0.000       0.000       0.000       0.000       0.000    
  5616000.   10.16821820   10.1917   0.000       0.000      0.2348E-03 -0.2752E-06-0.3767     0.1882     0.1883      0.000      0.000      0.000      0.2595E-05   0.000       0.000       0.000       0.000       0.000    
  5702400.   10.16978275   10.1932   0.000       0.000      0.2341E-03 -0.1358E-06-0.3785     0.1891     0.1891      0.000      0.000      0.000      0.1278E-05   0.000       0.000       0.000       0.000       0.000    
  5788800.   10.16777500   10.1885   0.000       0.000      0.2071E-03  0.1743E-06-0.3763     0.1880     0.1880      0.000      0.000      0.000     -0.1641E-05   0.000       0.000       0.000       0.000       0.000    
  5875200.   10.16768423   10.1884   0.000       0.000      0.2073E-03  0.7879E-08-0.3762     0.1880     0.1880      0.000      0.000      0.000     -0.7423E-07   0.000       0.000       0.000       0.000       0.000    
  5961600.   10.16625163   10.1857   0.000       0.000      0.1944E-03  0.1244E-06-0.3746     0.1872     0.1872      0.000      0.000      0.000     -0.1172E-05   0.000       0.000       0.000       0.000       0.000    
  6048000.   10.16270666   10.1795   0.000       0.000      0.1680E-03  0.3077E-06-0.3706     0.1852     0.1852      0.000      0.000      0.000     -0.2906E-05   0.000       0.000       0.000       0.000       0.000    
  6134400.   10.15859190   10.1731   0.000       0.000      0.1449E-03  0.3572E-06-0.3659     0.1829     0.1829      0.000      0.000      0.000     -0.3382E-05   0.000       0.000       0.000       0.000       0.000    
  6220800.   10.15444074   10.1671   0.000       0.000      0.1263E-03  0.3603E-06-0.3611     0.1805     0.1805      0.000      0.000      0.000     -0.3422E-05   0.000       0.000       0.000       0.000       0.000    
  6307200.   10.15043574   10.1616   0.000       0.000      0.1116E-03  0.3477E-06-0.3564     0.1781     0.1782      0.000      0.000      0.000     -0.3311E-05   0.000       0.000       0.000       0.000       0.000    
  6393600.   10.14663936   10.1566   0.000       0.000      0.9976E-04  0.3295E-06-0.3519     0.1759     0.1759      0.000      0.000      0.000     -0.3147E-05   0.000       0.000       0.000       0.000       0.000    
  6480000.   10.14304419   10.1520   0.000       0.000      0.9002E-04  0.3121E-06-0.3476     0.1737     0.1738      0.000      0.000      0.000     -0.2987E-05   0.000       0.000       0.000       0.000       0.000    
  6566400.   10.13960910   10.1478   0.000       0.000      0.8160E-04  0.2982E-06-0.3434     0.1717     0.1717      0.000      0.000      0.000     -0.2860E-05   0.000       0.000       0.000       0.000       0.000    
  6652800.   10.13631782   10.1437   0.000       0.000      0.7421E-04  0.2857E-06-0.3393     0.1696     0.1696      0.000      0.000      0.000     -0.2746E-05   0.000       0.000       0.000       0.000       0.000    
  6739200.   10.13321565   10.1400   0.000       0.000      0.6816E-04  0.2693E-06-0.3355     0.1677     0.1677      0.000      0.000      0.000     -0.2593E-05   0.000       0.000       0.000       0.000       0.000    
  6825600.   10.13017318   10.1364   0.000       0.000      0.6206E-04  0.2641E-06-0.3316     0.1658     0.1658      0.000      0.000      0.000     -0.2548E-05   0.000       0.000       0.000       0.000       0.000    
  6912000.   10.12720252   10.1328   0.000       0.000      0.5628E-04  0.2579E-06-0.3278     0.1639     0.1639      0.000      0.000      0.000     -0.2492E-05   0.000       0.000       0.000       0.000       0.000    
  6998400.   10.12436197   10.1295   0.000       0.000      0.5136E-04  0.2466E-06-0.3241     0.1620     0.1620      0.000      0.000      0.000     -0.2386E-05   0.000       0.000       0.000       0.000       0.000    
  7084800.   10.12169404   10.1264   0.000       0.000      0.4751E-04  0.2316E-06-0.3206     0.1603     0.1603      0.000      0.000      0.000     -0.2245E-05   0.000       0.000       0.000       0.000       0.000    
  7171200.   10.11916459   10.1236   0.000       0.000      0.4421E-04  0.2196E-06-0.3173     0.1586     0.1586      0.000      0.000      0.000     -0.2131E-05   0.000       0.000       0.000       0.000       0.000    
  7257600.   10.11672889   10.1208   0.000       0.000      0.4105E-04  0.2114E-06-0.3140     0.1570     0.1570      0.000      0.000      0.000     -0.2055E-05   0.000       0.000       0.000       0.000       0.000    
  7344000.   10.11442385   10.1183   0.000       0.000      0.3851E-04  0.2001E-06-0.3109     0.1554     0.1554      0.000      0.000      0.000     -0.1947E-05   0.000       0.000       0.000       0.000       0.000    
  7430400.   10.11247580   10.1163   0.000       0.000      0.3862E-04  0.1691E-06-0.3083     0.1541     0.1541      0.000      0.000      0.000     -0.1647E-05   0.000       0.000       0.000       0.000       0.000    
  7516800.   10.11052543   10.1142   0.000       0.000      0.3721E-04  0.1693E-06-0.3056     0.1528     0.1528      0.000      0.000      0.000     -0.1650E-05   0.000       0.000       0.000       0.000       0.000    
  7603200.   10.10846212   10.1119   0.000       0.000      0.3411E-04  0.1791E-06-0.3027     0.1513     0.1513      0.000      0.000      0.000     -0.1748E-05   0.000       0.000       0.000       0.000       0.000    
  7689600.   10.10650340   10.1097   0.000       0.000      0.3202E-04  0.1700E-06-0.3000     0.1500     0.1500      0.000      0.000      0.000     -0.1661E-05   0.000       0.000       0.000       0.000       0.000    
  7776000.   10.10476943   10.1079   0.000       0.000      0.3165E-04  0.1505E-06-0.2975     0.1487     0.1487      0.000      0.000      0.000     -0.1471E-05   0.000       0.000       0.000       0.000       0.000    
  7862400.   10.10296776   10.1059   0.000       0.000      0.2963E-04  0.1564E-06-0.2950     0.1475     0.1475      0.000      0.000      0.000     -0.1530E-05   0.000       0.000       0.000       0.000       0.000    
  7948800.   10.10124887   10.1041   0.000       0.000      0.2822E-04  0.1492E-06-0.2925     0.1462     0.1462      0.000      0.000      0.000     -0.1461E-05   0.000       0.000       0.000       0.000       0.000    
  8035200.   10.09960148   10.1023   0.000       0.000      0.2705E-04  0.1430E-06-0.2901     0.1450     0.1450      0.000      0.000      0.000     -0.1401E-05   0.000       0.000       0.000       0.000       0.000    
  8121600.   10.09801717   10.1006   0.000       0.000      0.2602E-04  0.1375E-06-0.2878     0.1439     0.1439      0.000      0.000      0.000     -0.1348E-05   0.000       0.000       0.000       0.000       0.000    
  8208000.   10.09649023   10.0990   0.000       0.000      0.2508E-04  0.1325E-06-0.2855     0.1428     0.1427      0.000      0.000      0.000     -0.1300E-05   0.000       0.000       0.000       0.000       0.000    
  8294400.   10.09501605   10.0974   0.000       0.000      0.2422E-04  0.1280E-06-0.2833     0.1417     0.1417      0.000      0.000      0.000     -0.1256E-05   0.000       0.000       0.000       0.000       0.000    
  8380800.   10.10744584   10.1234   0.000       0.000      0.1599E-03 -0.1079E-05-0.3011     0.1505     0.1505      0.000      0.000      0.000      0.1057E-04   0.000       0.000       0.000       0.000       0.000    
  8467200.   10.10769417   10.1204   0.000       0.000      0.1267E-03 -0.2156E-07-0.3015     0.1507     0.1507      0.000      0.000      0.000      0.2105E-06   0.000       0.000       0.000       0.000       0.000    
  8553600.   10.10739631   10.1187   0.000       0.000      0.1133E-03  0.2586E-07-0.3011     0.1505     0.1505      0.000      0.000      0.000     -0.2525E-06   0.000       0.000       0.000       0.000       0.000    
  8640000.   10.10620089   10.1160   0.000       0.000      0.9827E-04  0.1038E-06-0.2995     0.1497     0.1497      0.000      0.000      0.000     -0.1014E-05   0.000       0.000       0.000       0.000       0.000    
  8726400.   10.10470008   10.1133   0.000       0.000      0.8610E-04  0.1303E-06-0.2973     0.1486     0.1486      0.000      0.000      0.000     -0.1273E-05   0.000       0.000       0.000       0.000       0.000    
  8812800.   10.10311074   10.1108   0.000       0.000      0.7655E-04  0.1380E-06-0.2951     0.1475     0.1475      0.000      0.000      0.000     -0.1350E-05   0.000       0.000       0.000       0.000       0.000    
  8899200.   10.10115496   10.1077   0.000       0.000      0.6544E-04  0.1698E-06-0.2923     0.1461     0.1461      0.000      0.000      0.000     -0.1662E-05   0.000       0.000       0.000       0.000       0.000    
  8985600.   10.10098656   10.1084   0.000       0.000      0.7438E-04  0.1462E-07-0.2920     0.1460     0.1460      0.000      0.000      0.000     -0.1432E-06   0.000       0.000       0.000       0.000       0.000    
  9072000.   10.10342067   10.1138   0.000       0.000      0.1039E-03 -0.2113E-06-0.2955     0.1477     0.1477      0.000      0.000      0.000      0.2068E-05   0.000       0.000       0.000       0.000       0.000    
  9158400.   10.10250160   10.1115   0.000       0.000      0.8998E-04  0.7978E-07-0.2942     0.1471     0.1471      0.000      0.000      0.000     -0.7807E-06   0.000       0.000       0.000       0.000       0.000    
  9244800.   10.10975459   10.1261   0.000       0.000      0.1630E-03 -0.6296E-06-0.3043     0.1521     0.1521      0.000      0.000      0.000      0.6152E-05   0.000       0.000       0.000       0.000       0.000    
  9331200.   10.12715453   10.1573   0.000       0.000      0.3010E-03 -0.1510E-05-0.3274     0.1635     0.1635      0.000      0.000      0.000      0.1467E-04   0.000       0.000       0.000       0.000       0.000    
  9417600.   10.17063426   10.2314   0.000       0.000      0.6075E-03 -0.3774E-05-0.3788     0.1891     0.1891      0.000      0.000      0.000      0.3602E-04   0.000       0.000       0.000       0.000       0.000    
  9504000.   10.19836942   10.2647   0.000       0.000      0.6631E-03 -0.2408E-05-0.4085     0.2039     0.2039      0.000      0.000      0.000      0.2237E-04   0.000       0.000       0.000       0.000       0.000    
  9590400.   10.18295430   10.2224   0.000       0.000      0.3940E-03  0.1338E-05-0.3927     0.1961     0.1961      0.000      0.000      0.000     -0.1237E-04   0.000       0.000       0.000       0.000       0.000    
  9676800.   10.17092903   10.1986   0.000       0.000      0.2769E-03  0.1044E-05-0.3797     0.1897     0.1897      0.000      0.000      0.000     -0.9763E-05   0.000       0.000       0.000       0.000       0.000    
  9763200.   10.16118709   10.1820   0.000       0.000      0.2079E-03  0.8457E-06-0.3688     0.1843     0.1843      0.000      0.000      0.000     -0.7976E-05   0.000       0.000       0.000       0.000       0.000    
  9849600.   10.15333031   10.1698   0.000       0.000      0.1647E-03  0.6820E-06-0.3598     0.1798     0.1798      0.000      0.000      0.000     -0.6474E-05   0.000       0.000       0.000       0.000       0.000    
  9936000.   10.15899174   10.1829   0.000       0.000      0.2390E-03 -0.4914E-06-0.3662     0.1830     0.1830      0.000      0.000      0.000      0.4669E-05   0.000       0.000       0.000       0.000       0.000    
 10022400.   10.16259689   10.1884   0.000       0.000      0.2576E-03 -0.3129E-06-0.3703     0.1850     0.1851      0.000      0.000      0.000      0.2963E-05   0.000       0.000       0.000       0.000       0.000    
 10108800.   10.16277762   10.1871   0.000       0.000      0.2431E-03 -0.1569E-07-0.3706     0.1852     0.1852      0.000      0.000      0.000      0.1483E-06   0.000       0.000       0.000       0.000       0.000    
 10195200.   10.16525887   10.1908   0.000       0.000      0.2554E-03 -0.2154E-06-0.3734     0.1865     0.1866      0.000      0.000      0.000      0.2035E-05   0.000       0.000       0.000       0.000       0.000    
 10281600.   10.16596824   10.1907   0.000       0.000      0.2478E-03 -0.6158E-07-0.3742     0.1870     0.1870      0.000      0.000      0.000      0.5810E-06   0.000       0.000       0.000       0.000       0.000    
 10368000.   10.16162193   10.1818   0.000       0.000      0.2021E-03  0.3773E-06-0.3693     0.1845     0.1846      0.000      0.000      0.000     -0.3565E-05   0.000       0.000       0.000       0.000       0.000    
 10454400.   10.15620842   10.1726   0.000       0.000      0.1641E-03  0.4699E-06-0.3631     0.1815     0.1815      0.000      0.000      0.000     -0.4456E-05   0.000       0.000       0.000       0.000       0.000    
 10540800.   10.15634663   10.1746   0.000       0.000      0.1823E-03 -0.1200E-07-0.3633     0.1815     0.1815      0.000      0.000      0.000      0.1140E-06   0.000       0.000       0.000       0.000       0.000    
 10627200.   10.15872321   10.1794   0.000       0.000      0.2066E-03 -0.2063E-06-0.3660     0.1829     0.1829      0.000      0.000      0.000      0.1958E-05   0.000       0.000       0.000       0.000       0.000    
 10713600.   10.15853496   10.1785   0.000       0.000      0.1992E-03  0.1634E-07-0.3658     0.1828     0.1828      0.000      0.000      0.000     -0.1550E-06   0.000       0.000       0.000       0.000       0.000    
 10800000.   10.15571231   10.1731   0.000       0.000      0.1739E-03  0.2450E-06-0.3625     0.1812     0.1812      0.000      0.000      0.000     -0.2326E-05   0.000       0.000       0.000       0.000       0.000    
 10886400.   10.15165527   10.1664   0.000       0.000      0.1470E-03  0.3522E-06-0.3578     0.1788     0.1788      0.000      0.000      0.000     -0.3351E-05   0.000       0.000       0.000       0.000       0.000    
 10972800.   10.14720128   10.1596   0.000       0.000      0.1236E-03  0.3866E-06-0.3526     0.1762     0.1762      0.000      0.000      0.000     -0.3690E-05   0.000       0.000       0.000       0.000       0.000    
 11059200.   10.14232324   10.1524   0.000       0.000      0.1007E-03  0.4234E-06-0.3467     0.1733     0.1733      0.000      0.000      0.000     -0.4053E-05   0.000       0.000       0.000       0.000       0.000    
 11145600.   10.13776026   10.1462   0.000       0.000      0.8414E-04  0.3961E-06-0.3411     0.1705     0.1705      0.000      0.000      0.000     -0.3802E-05   0.000       0.000       0.000       0.000       0.000    
 11232000.   10.13364833   10.1409   0.000       0.000      0.7247E-04  0.3569E-06-0.3360     0.1680     0.1680      0.000      0.000      0.000     -0.3435E-05   0.000       0.000       0.000       0.000       0.000    
 11318400.   10.12989181   10.1362   0.000       0.000      0.6354E-04  0.3261E-06-0.3313     0.1656     0.1656      0.000      0.000      0.000     -0.3146E-05   0.000       0.000       0.000       0.000       0.000    
 11404800.   10.13249596   10.1436   0.000       0.000      0.1111E-03 -0.2261E-06-0.3345     0.1672     0.1672      0.000      0.000      0.000      0.2181E-05   0.000       0.000       0.000       0.000       0.000    
 11491200.   10.12855316   10.1365   0.000       0.000      0.7914E-04  0.3423E-06-0.3295     0.1647     0.1647      0.000      0.000      0.000     -0.3304E-05   0.000       0.000       0.000       0.000       0.000    
 11577600.   10.13637845   10.1531   0.000       0.000      0.1670E-03 -0.6793E-06-0.3393     0.1695     0.1696      0.000      0.000      0.000      0.6550E-05   0.000       0.000       0.000       0.000       0.000    
 11664000.   10.15539285   10.1868   0.000       0.000      0.3143E-03 -0.1651E-05-0.3619     0.1808     0.1808      0.000      0.000      0.000      0.1579E-04   0.000       0.000       0.000       0.000       0.000    
 11750400.   10.20073308   10.2623   0.000       0.000      0.6155E-03 -0.3936E-05-0.4110     0.2052     0.2052      0.000      0.000      0.000      0.3676E-04   0.000       0.000       0.000       0.000       0.000    
 11836800.   10.18352776   10.2154   0.000       0.000      0.3187E-03  0.1494E-05-0.3934     0.1965     0.1965      0.000      0.000      0.000     -0.1379E-04   0.000       0.000       0.000       0.000       0.000    
 11923200.   10.17210759   10.1938   0.000       0.000      0.2172E-03  0.9913E-06-0.3811     0.1904     0.1905      0.000      0.000      0.000     -0.9265E-05   0.000       0.000       0.000       0.000       0.000    
 12009600.   10.16384315   10.1805   0.000       0.000      0.1668E-03  0.7174E-06-0.3719     0.1859     0.1859      0.000      0.000      0.000     -0.6757E-05   0.000       0.000       0.000       0.000       0.000    
 12096000.   10.16238545   10.1803   0.000       0.000      0.1789E-03  0.1265E-06-0.3702     0.1850     0.1850      0.000      0.000      0.000     -0.1196E-05   0.000       0.000       0.000       0.000       0.000    
 12182400.   10.16017647   10.1772   0.000       0.000      0.1702E-03  0.1918E-06-0.3677     0.1838     0.1838      0.000      0.000      0.000     -0.1815E-05   0.000       0.000       0.000       0.000       0.000    
 12268800.   10.15638535   10.1712   0.000       0.000      0.1479E-03  0.3291E-06-0.3634     0.1816     0.1816      0.000      0.000      0.000     -0.3122E-05   0.000       0.000       0.000       0.000       0.000    
 12355200.   10.15192760   10.1644   0.000       0.000      0.1252E-03  0.3870E-06-0.3582     0.1790     0.1790      0.000      0.000      0.000     -0.3681E-05   0.000       0.000       0.000       0.000       0.000    
 12441600.   10.14923949   10.1614   0.000       0.000      0.1217E-03  0.2333E-06-0.3550     0.1774     0.1774      0.000      0.000      0.000     -0.2225E-05   0.000       0.000       0.000       0.000       0.000    
 12528000.   10.16240482   10.1873   0.000       0.000      0.2493E-03 -0.1143E-05-0.3701     0.1849     0.1850      0.000      0.000      0.000      0.1086E-04   0.000       0.000       0.000       0.000       0.000    
 12614400.   10.17550721   10.2078   0.000       0.000      0.3227E-03 -0.1137E-05-0.3847     0.1922     0.1922      0.000      0.000      0.000      0.1070E-04   0.000       0.000       0.000       0.000       0.000    
 12700800.   10.17060022   10.1938   0.000       0.000      0.2318E-03  0.4260E-06-0.3794     0.1896     0.1896      0.000      0.000      0.000     -0.3996E-05   0.000       0.000       0.000       0.000       0.000    
 12787200.   10.16518125   10.1834   0.000       0.000      0.1827E-03  0.4704E-06-0.3734     0.1866     0.1866      0.000      0.000      0.000     -0.4431E-05   0.000       0.000       0.000       0.000       0.000    
 12873600.   10.15943250   10.1740   0.000       0.000      0.1454E-03  0.4990E-06-0.3669     0.1834     0.1834      0.000      0.000      0.000     -0.4720E-05   0.000       0.000       0.000       0.000       0.000    
 12960000.   10.16131653   10.1793   0.000       0.000      0.1802E-03 -0.1635E-06-0.3690     0.1844     0.1844      0.000      0.000      0.000      0.1549E-05   0.000       0.000       0.000       0.000       0.000    
 13046400.   10.15886145   10.1748   0.000       0.000      0.1595E-03  0.2131E-06-0.3662     0.1830     0.1830      0.000      0.000      0.000     -0.2019E-05   0.000       0.000       0.000       0.000       0.000    
 13132800.   10.15541712   10.1693   0.000       0.000      0.1388E-03  0.2990E-06-0.3622     0.1810     0.1811      0.000      0.000      0.000     -0.2838E-05   0.000       0.000       0.000       0.000       0.000    
 13219200.   10.15340613   10.1670   0.000       0.000      0.1356E-03  0.1746E-06-0.3599     0.1799     0.1799      0.000      0.000      0.000     -0.1660E-05   0.000       0.000       0.000       0.000       0.000    
 13305600.   10.15025168   10.1623   0.000       0.000      0.1204E-03  0.2738E-06-0.3562     0.1780     0.1780      0.000      0.000      0.000     -0.2609E-05   0.000       0.000       0.000       0.000       0.000    
 13392000.   10.15680291   10.1759   0.000       0.000      0.1913E-03 -0.5687E-06-0.3638     0.1818     0.1818      0.000      0.000      0.000      0.5412E-05   0.000       0.000       0.000       0.000       0.000    
 13478400.   10.16079725   10.1819   0.000       0.000      0.2108E-03 -0.3467E-06-0.3684     0.1841     0.1841      0.000      0.000      0.000      0.3288E-05   0.000       0.000       0.000       0.000       0.000    
 13564800.   10.15880866   10.1766   0.000       0.000      0.1784E-03  0.1726E-06-0.3661     0.1830     0.1830      0.000      0.000      0.000     -0.1636E-05   0.000       0.000       0.000       0.000       0.000    
 13651200.   10.15598000   10.1715   0.000       0.000      0.1550E-03  0.2455E-06-0.3629     0.1814     0.1814      0.000      0.000      0.000     -0.2331E-05   0.000       0.000       0.000       0.000       0.000    
 13737600.   10.15253383   10.1659   0.000       0.000      0.1337E-03  0.2991E-06-0.3589     0.1794     0.1794      0.000      0.000      0.000     -0.2846E-05   0.000       0.000       0.000       0.000       0.000    
 13824000.   10.16512279   10.1904   0.000       0.000      0.2526E-03 -0.1093E-05-0.3732     0.1865     0.1865      0.000      0.000      0.000      0.1036E-04   0.000       0.000       0.000       0.000       0.000    
 13910400.   10.18134581   10.2163   0.000       0.000      0.3500E-03 -0.1408E-05-0.3910     0.1953     0.1953      0.000      0.000      0.000      0.1321E-04   0.000       0.000       0.000       0.000       0.000    
 13996800.   10.17778995   10.2038   0.000       0.000      0.2601E-03  0.3087E-06-0.3873     0.1935     0.1935      0.000      0.000      0.000     -0.2881E-05   0.000       0.000       0.000       0.000       0.000    
 14083200.   10.17206792   10.1921   0.000       0.000      0.2007E-03  0.4967E-06-0.3811     0.1904     0.1904      0.000      0.000      0.000     -0.4653E-05   0.000       0.000       0.000       0.000       0.000    
 14169600.   10.17567820   10.1994   0.000       0.000      0.2375E-03 -0.3134E-06-0.3850     0.1924     0.1924      0.000      0.000      0.000      0.2938E-05   0.000       0.000       0.000       0.000       0.000    
 14256000.   10.17817073   10.2027   0.000       0.000      0.2453E-03 -0.2164E-06-0.3877     0.1937     0.1937      0.000      0.000      0.000      0.2024E-05   0.000       0.000       0.000       0.000       0.000    
 14342400.   10.19415389   10.2300   0.000       0.000      0.3585E-03 -0.1387E-05-0.4046     0.2021     0.2021      0.000      0.000      0.000      0.1288E-04   0.000       0.000       0.000       0.000       0.000    
 14428800.   10.23638195   10.2985   0.000       0.000      0.6215E-03 -0.3666E-05-0.4461     0.2227     0.2227      0.000      0.000      0.000      0.3307E-04   0.000       0.000       0.000       0.000       0.000    
 14515200.   10.22719484   10.2681   0.000       0.000      0.4094E-03  0.7975E-06-0.4376     0.2186     0.2186      0.000      0.000      0.000     -0.7066E-05   0.000       0.000       0.000       0.000       0.000    
 14601600.   10.22976148   10.2695   0.000       0.000      0.3978E-03 -0.2228E-06-0.4401     0.2198     0.2199      0.000      0.000      0.000      0.1982E-05   0.000       0.000       0.000       0.000       0.000    
 14688000.   10.24146341   10.2866   0.000       0.000      0.4514E-03 -0.1016E-05-0.4511     0.2253     0.2254      0.000      0.000      0.000      0.8959E-05   0.000       0.000       0.000       0.000       0.000    
 14774400.   10.24256246   10.2831   0.000       0.000      0.4056E-03 -0.9540E-07-0.4522     0.2259     0.2259      0.000      0.000      0.000      0.8348E-06   0.000       0.000       0.000       0.000       0.000    
 14860800.   10.23603390   10.2688   0.000       0.000      0.3280E-03  0.5667E-06-0.4462     0.2229     0.2230      0.000      0.000      0.000     -0.4976E-05   0.000       0.000       0.000       0.000       0.000    
 14947200.   10.23005885   10.2583   0.000       0.000      0.2827E-03  0.5187E-06-0.4406     0.2201     0.2202      0.000      0.000      0.000     -0.4589E-05   0.000       0.000       0.000       0.000       0.000    
 15033600.   10.22279863   10.2465   0.000       0.000      0.2374E-03  0.6302E-06-0.4336     0.2167     0.2167      0.000      0.000      0.000     -0.5619E-05   0.000       0.000       0.000       0.000       0.000    
 15120000.   10.21542120   10.2355   0.000       0.000      0.2006E-03  0.6404E-06-0.4264     0.2131     0.2131      0.000      0.000      0.000     -0.5756E-05   0.000       0.000       0.000       0.000       0.000    
 15206400.   10.20772101   10.2244   0.000       0.000      0.1668E-03  0.6684E-06-0.4188     0.2093     0.2093      0.000      0.000      0.000     -0.6056E-05   0.000       0.000       0.000       0.000       0.000    
 15292800.   10.20011145   10.2139   0.000       0.000      0.1380E-03  0.6606E-06-0.4111     0.2055     0.2055      0.000      0.000      0.000     -0.6031E-05   0.000       0.000       0.000       0.000       0.000    
 15379200.   10.21307644   10.2401   0.000       0.000      0.2704E-03 -0.1125E-05-0.4240     0.2119     0.2119      0.000      0.000      0.000      0.1025E-04   0.000       0.000       0.000       0.000       0.000    
 15465600.   10.21767741   10.2457   0.000       0.000      0.2804E-03 -0.3994E-06-0.4285     0.2141     0.2141      0.000      0.000      0.000      0.3604E-05   0.000       0.000       0.000       0.000       0.000    
 15552000.   10.21215482   10.2341   0.000       0.000      0.2192E-03  0.4794E-06-0.4232     0.2115     0.2115      0.000      0.000      0.000     -0.4328E-05   0.000       0.000       0.000       0.000       0.000    
 15638400.   10.20427581   10.2210   0.000       0.000      0.1673E-03  0.6839E-06-0.4153     0.2076     0.2076      0.000      0.000      0.000     -0.6218E-05   0.000       0.000       0.000       0.000       0.000    
 15724800.   10.19707434   10.2106   0.000       0.000      0.1355E-03  0.6251E-06-0.4080     0.2039     0.2039      0.000      0.000      0.000     -0.5726E-05   0.000       0.000       0.000       0.000       0.000    
 15811200.   10.19058082   10.2020   0.000       0.000      0.1137E-03  0.5637E-06-0.4012     0.2005     0.2006      0.000      0.000      0.000     -0.5196E-05   0.000       0.000       0.000       0.000       0.000    
 15897600.   10.18479899   10.1947   0.000       0.000      0.9861E-04  0.5019E-06-0.3951     0.1975     0.1975      0.000      0.000      0.000     -0.4652E-05   0.000       0.000       0.000       0.000       0.000    
 15984000.   10.18139501   10.1916   0.000       0.000      0.1020E-03  0.2955E-06-0.3914     0.1957     0.1957      0.000      0.000      0.000     -0.2750E-05   0.000       0.000       0.000       0.000       0.000    
 16070400.   10.17634159   10.1849   0.000       0.000      0.8565E-04  0.4387E-06-0.3860     0.1929     0.1929      0.000      0.000      0.000     -0.4096E-05   0.000       0.000       0.000       0.000       0.000    
 16156800.   10.17166267   10.1792   0.000       0.000      0.7538E-04  0.4062E-06-0.3808     0.1904     0.1904      0.000      0.000      0.000     -0.3808E-05   0.000       0.000       0.000       0.000       0.000    
 16243200.   10.16719026   10.1738   0.000       0.000      0.6657E-04  0.3882E-06-0.3758     0.1879     0.1879      0.000      0.000      0.000     -0.3653E-05   0.000       0.000       0.000       0.000       0.000    
 16329600.   10.16300915   10.1690   0.000       0.000      0.5971E-04  0.3629E-06-0.3711     0.1855     0.1855      0.000      0.000      0.000     -0.3426E-05   0.000       0.000       0.000       0.000       0.000    
 16416000.   10.15906215   10.1645   0.000       0.000      0.5389E-04  0.3426E-06-0.3666     0.1833     0.1833      0.000      0.000      0.000     -0.3244E-05   0.000       0.000       0.000       0.000       0.000    
 16502400.   10.15533539   10.1602   0.000       0.000      0.4898E-04  0.3235E-06-0.3623     0.1811     0.1811      0.000      0.000      0.000     -0.3071E-05   0.000       0.000       0.000       0.000       0.000    
 16588800.   10.15181804   10.1563   0.000       0.000      0.4485E-04  0.3053E-06-0.3582     0.1791     0.1791      0.000      0.000      0.000     -0.2906E-05   0.000       0.000       0.000       0.000       0.000    
 16675200.   10.14849321   10.1526   0.000       0.000      0.4135E-04  0.2886E-06-0.3542     0.1771     0.1771      0.000      0.000      0.000     -0.2753E-05   0.000       0.000       0.000       0.000       0.000    
 16761600.   10.14632012   10.1510   0.000       0.000      0.4679E-04  0.1886E-06-0.3516     0.1758     0.1758      0.000      0.000      0.000     -0.1803E-05   0.000       0.000       0.000       0.000       0.000    
 16848000.   10.14493310   10.1504   0.000       0.000      0.5506E-04  0.1204E-06-0.3499     0.1749     0.1749      0.000      0.000      0.000     -0.1152E-05   0.000       0.000       0.000       0.000       0.000    
 16934400.   10.14688126   10.1557   0.000       0.000      0.8829E-04 -0.1691E-06-0.3522     0.1761     0.1761      0.000      0.000      0.000      0.1618E-05   0.000       0.000       0.000       0.000       0.000    
 17020800.   10.14639652   10.1552   0.000       0.000      0.8810E-04  0.4208E-07-0.3516     0.1758     0.1758      0.000      0.000      0.000     -0.4023E-06   0.000       0.000       0.000       0.000       0.000    
 17107200.   10.14272347   10.1490   0.000       0.000      0.6314E-04  0.3188E-06-0.3472     0.1736     0.1736      0.000      0.000      0.000     -0.3052E-05   0.000       0.000       0.000       0.000       0.000    
 17193600.   10.13963790   10.1450   0.000       0.000      0.5322E-04  0.2678E-06-0.3435     0.1717     0.1717      0.000      0.000      0.000     -0.2569E-05   0.000       0.000       0.000       0.000       0.000    
 17280000.   10.13665688   10.1412   0.000       0.000      0.4550E-04  0.2588E-06-0.3398     0.1699     0.1699      0.000      0.000      0.000     -0.2487E-05   0.000       0.000       0.000       0.000       0.000    
 17366400.   10.13381102   10.1378   0.000       0.000      0.3960E-04  0.2470E-06-0.3362     0.1681     0.1681      0.000      0.000      0.000     -0.2378E-05   0.000       0.000       0.000       0.000       0.000    
 17452800.   10.13113778   10.1347   0.000       0.000      0.3528E-04  0.2321E-06-0.3329     0.1664     0.1664      0.000      0.000      0.000     -0.2238E-05   0.000       0.000       0.000       0.000       0.000    
 17539200.   10.12861584   10.1318   0.000       0.000      0.3197E-04  0.2189E-06-0.3297     0.1648     0.1648      0.000      0.000      0.000     -0.2114E-05   0.000       0.000       0.000       0.000       0.000    
 17625600.   10.12622972   10.1292   0.000       0.000      0.2936E-04  0.2071E-06-0.3266     0.1633     0.1633      0.000      0.000      0.000     -0.2003E-05   0.000       0.000       0.000       0.000       0.000    
 17712000.   10.12536873   10.1294   0.000       0.000      0.4011E-04  0.7474E-07-0.3255     0.1627     0.1627      0.000      0.000      0.000     -0.7233E-06   0.000       0.000       0.000       0.000       0.000    
 17798400.   10.12311097   10.1264   0.000       0.000      0.3287E-04  0.1960E-06-0.3225     0.1612     0.1612      0.000      0.000      0.000     -0.1898E-05   0.000       0.000       0.000       0.000       0.000    
 17884800.   10.12083224   10.1236   0.000       0.000      0.2811E-04  0.1978E-06-0.3195     0.1598     0.1597      0.000      0.000      0.000     -0.1918E-05   0.000       0.000       0.000       0.000       0.000    
 17971200.   10.11872553   10.1213   0.000       0.000      0.2554E-04  0.1829E-06-0.3167     0.1584     0.1584      0.000      0.000      0.000     -0.1775E-05   0.000       0.000       0.000       0.000       0.000    
 18057600.   10.11673492   10.1191   0.000       0.000      0.2373E-04  0.1728E-06-0.3141     0.1570     0.1570      0.000      0.000      0.000     -0.1679E-05   0.000       0.000       0.000       0.000       0.000    
 18144000.   10.11483381   10.1171   0.000       0.000      0.2227E-04  0.1650E-06-0.3115     0.1557     0.1557      0.000      0.000      0.000     -0.1605E-05   0.000       0.000       0.000       0.000       0.000    
 18230400.   10.11300938   10.1151   0.000       0.000      0.2105E-04  0.1584E-06-0.3090     0.1545     0.1545      0.000      0.000      0.000     -0.1542E-05   0.000       0.000       0.000       0.000       0.000    
 18316800.   10.11125525   10.1133   0.000       0.000      0.2002E-04  0.1523E-06-0.3066     0.1533     0.1533      0.000      0.000      0.000     -0.1484E-05   0.000       0.000       0.000       0.000       0.000    
 18403200.   10.10956269   10.1115   0.000       0.000      0.1910E-04  0.1469E-06-0.3043     0.1521     0.1521      0.000      0.000      0.000     -0.1433E-05   0.000       0.000       0.000       0.000       0.000    
 18489600.   10.10792773   10.1098   0.000       0.000      0.1829E-04  0.1419E-06-0.3020     0.1510     0.1510      0.000      0.000      0.000     -0.1385E-05   0.000       0.000       0.000       0.000       0.000    
 18576000.   10.10634706   10.1081   0.000       0.000      0.1757E-04  0.1372E-06-0.2998     0.1499     0.1499      0.000      0.000      0.000     -0.1340E-05   0.000       0.000       0.000       0.000       0.000    
 18662400.   10.10481592   10.1065   0.000       0.000      0.1691E-04  0.1329E-06-0.2976     0.1488     0.1488      0.000      0.000      0.000     -0.1299E-05   0.000       0.000       0.000       0.000       0.000    
 18748800.   10.10333183   10.1050   0.000       0.000      0.1631E-04  0.1288E-06-0.2955     0.1477     0.1477      0.000      0.000      0.000     -0.1260E-05   0.000       0.000       0.000       0.000       0.000    
 18835200.   10.10461749   10.1089   0.000       0.000      0.4240E-04 -0.1116E-06-0.2973     0.1486     0.1486      0.000      0.000      0.000      0.1092E-05   0.000       0.000       0.000       0.000       0.000    
 18921600.   10.10322579   10.1065   0.000       0.000      0.3258E-04  0.1208E-06-0.2953     0.1476     0.1476      0.000      0.000      0.000     -0.1182E-05   0.000       0.000       0.000       0.000       0.000    
 19008000.   10.10136050   10.1037   0.000       0.000      0.2375E-04  0.1619E-06-0.2926     0.1463     0.1463      0.000      0.000      0.000     -0.1585E-05   0.000       0.000       0.000       0.000       0.000    
 19094400.   10.09973854   10.1018   0.000       0.000      0.2018E-04  0.1408E-06-0.2903     0.1451     0.1451      0.000      0.000      0.000     -0.1379E-05   0.000       0.000       0.000       0.000       0.000    
 19180800.   10.09825159   10.1001   0.000       0.000      0.1819E-04  0.1291E-06-0.2881     0.1441     0.1441      0.000      0.000      0.000     -0.1265E-05   0.000       0.000       0.000       0.000       0.000    
 19267200.   10.09691251   10.0987   0.000       0.000      0.1748E-04  0.1162E-06-0.2862     0.1431     0.1431      0.000      0.000      0.000     -0.1140E-05   0.000       0.000       0.000       0.000       0.000    
 19353600.   10.09556019   10.0972   0.000       0.000      0.1614E-04  0.1174E-06-0.2842     0.1421     0.1421      0.000      0.000      0.000     -0.1152E-05   0.000       0.000       0.000       0.000       0.000    
 19440000.   10.09426473   10.0958   0.000       0.000      0.1524E-04  0.1125E-06-0.2822     0.1411     0.1411      0.000      0.000      0.000     -0.1104E-05   0.000       0.000       0.000       0.000       0.000    
 19526400.   10.09301592   10.0945   0.000       0.000      0.1455E-04  0.1084E-06-0.2804     0.1402     0.1402      0.000      0.000      0.000     -0.1065E-05   0.000       0.000       0.000       0.000       0.000    
 19612800.   10.09180729   10.0932   0.000       0.000      0.1397E-04  0.1049E-06-0.2785     0.1393     0.1393      0.000      0.000      0.000     -0.1031E-05   0.000       0.000       0.000       0.000       0.000    
 19699200.   10.09063423   10.0920   0.000       0.000      0.1347E-04  0.1018E-06-0.2767     0.1384     0.1384      0.000      0.000      0.000     -0.1001E-05   0.000       0.000       0.000       0.000       0.000    
 19785600.   10.08949382   10.0908   0.000       0.000      0.1303E-04  0.9899E-07-0.2750     0.1375     0.1375      0.000      0.000      0.000     -0.9737E-06   0.000       0.000       0.000       0.000       0.000    
 19872000.   10.08838374   10.0896   0.000       0.000      0.1265E-04  0.9636E-07-0.2733     0.1366     0.1366      0.000      0.000      0.000     -0.9482E-06   0.000       0.000       0.000       0.000       0.000    
 19958400.   10.08979063   10.0936   0.000       0.000      0.3800E-04 -0.1221E-06-0.2754     0.1377     0.1377      0.000      0.000      0.000      0.1202E-05   0.000       0.000       0.000       0.000       0.000    
 20044800.   10.09186668   10.0979   0.000       0.000      0.6082E-04 -0.1802E-06-0.2785     0.1392     0.1392      0.000      0.000      0.000      0.1772E-05   0.000       0.000       0.000       0.000       0.000    
 20131200.   10.08963753   10.0930   0.000       0.000      0.3377E-04  0.1935E-06-0.2752     0.1376     0.1376      0.000      0.000      0.000     -0.1903E-05   0.000       0.000       0.000       0.000       0.000    
 20217600.   10.08873457   10.0920   0.000       0.000      0.3298E-04  0.7838E-07-0.2738     0.1369     0.1369      0.000      0.000      0.000     -0.7713E-06   0.000       0.000       0.000       0.000       0.000    
 20304000.   10.08768904   10.0907   0.000       0.000      0.2973E-04  0.9076E-07-0.2722     0.1361     0.1361      0.000      0.000      0.000     -0.8933E-06   0.000       0.000       0.000       0.000       0.000    
 20390400.   10.08621609   10.0885   0.000       0.000      0.2275E-04  0.1279E-06-0.2699     0.1349     0.1349      0.000      0.000      0.000     -0.1259E-05   0.000       0.000       0.000       0.000       0.000    
 20476800.   10.08491180   10.0869   0.000       0.000      0.1941E-04  0.1132E-06-0.2678     0.1339     0.1339      0.000      0.000      0.000     -0.1115E-05   0.000       0.000       0.000       0.000       0.000    
 20563200.   10.08371079   10.0854   0.000       0.000      0.1731E-04  0.1043E-06-0.2659     0.1330     0.1330      0.000      0.000      0.000     -0.1028E-05   0.000       0.000       0.000       0.000       0.000    
 20649600.   10.08258101   10.0842   0.000       0.000      0.1584E-04  0.9807E-07-0.2641     0.1321     0.1321      0.000      0.000      0.000     -0.9671E-06   0.000       0.000       0.000       0.000       0.000    
 20736000.   10.08150523   10.0830   0.000       0.000      0.1473E-04  0.9338E-07-0.2624     0.1312     0.1312      0.000      0.000      0.000     -0.9212E-06   0.000       0.000       0.000       0.000       0.000    
 20822400.   10.08047331   10.0819   0.000       0.000      0.1385E-04  0.8958E-07-0.2608     0.1304     0.1304      0.000      0.000      0.000     -0.8839E-06   0.000       0.000       0.000       0.000       0.000    
 20908800.   10.07947920   10.0808   0.000       0.000      0.1315E-04  0.8629E-07-0.2591     0.1296     0.1296      0.000      0.000      0.000     -0.8518E-06   0.000       0.000       0.000       0.000       0.000    
 20995200.   10.07851802   10.0798   0.000       0.000      0.1257E-04  0.8344E-07-0.2576     0.1288     0.1288      0.000      0.000      0.000     -0.8239E-06   0.000       0.000       0.000       0.000       0.000    
 21081600.   10.07758642   10.0788   0.000       0.000      0.1208E-04  0.8087E-07-0.2560     0.1280     0.1280      0.000      0.000      0.000     -0.7988E-06   0.000       0.000       0.000       0.000       0.000    
 21168000.   10.07668121   10.0778   0.000       0.000      0.1166E-04  0.7858E-07-0.2545     0.1273     0.1273      0.000      0.000      0.000     -0.7764E-06   0.000       0.000       0.000       0.000       0.000    
 21254400.   10.07580002   10.0769   0.000       0.000      0.1130E-04  0.7649E-07-0.2531     0.1265     0.1265      0.000      0.000      0.000     -0.7560E-06   0.000       0.000       0.000       0.000       0.000    
 21340800.   10.07494110   10.0760   0.000       0.000      0.1098E-04  0.7456E-07-0.2516     0.1258     0.1258      0.000      0.000      0.000     -0.7371E-06   0.000       0.000       0.000       0.000       0.000    
 21427200.   10.07410289   10.0752   0.000       0.000      0.1069E-04  0.7276E-07-0.2502     0.1251     0.1251      0.000      0.000      0.000     -0.7195E-06   0.000       0.000       0.000       0.000       0.000    
 21513600.   10.07362925   10.0751   0.000       0.000      0.1425E-04  0.4111E-07-0.2494     0.1247     0.1247      0.000      0.000      0.000     -0.4066E-06   0.000       0.000       0.000       0.000       0.000    
 21600000.   10.07655969   10.0819   0.000       0.000      0.5365E-04 -0.2544E-06-0.2543     0.1271     0.1271      0.000      0.000      0.000      0.2515E-05   0.000       0.000       0.000       0.000       0.000    
 21686400.   10.07480602   10.0776   0.000       0.000      0.2824E-04  0.1522E-06-0.2514     0.1257     0.1257      0.000      0.000      0.000     -0.1505E-05   0.000       0.000       0.000       0.000       0.000    
 21772800.   10.07348747   10.0755   0.000       0.000      0.2025E-04  0.1145E-06-0.2492     0.1246     0.1246      0.000      0.000      0.000     -0.1132E-05   0.000       0.000       0.000       0.000       0.000    
 21859200.   10.07240724   10.0741   0.000       0.000      0.1673E-04  0.9377E-07-0.2473     0.1237     0.1237      0.000      0.000      0.000     -0.9277E-06   0.000       0.000       0.000       0.000       0.000    
 21945600.   10.07144543   10.0729   0.000       0.000      0.1475E-04  0.8349E-07-0.2457     0.1228     0.1228      0.000      0.000      0.000     -0.8262E-06   0.000       0.000       0.000       0.000       0.000    
 22032000.   10.07055396   10.0719   0.000       0.000      0.1347E-04  0.7738E-07-0.2441     0.1221     0.1221      0.000      0.000      0.000     -0.7660E-06   0.000       0.000       0.000       0.000       0.000    
 22118400.   10.06971024   10.0710   0.000       0.000      0.1254E-04  0.7324E-07-0.2427     0.1213     0.1213      0.000      0.000      0.000     -0.7252E-06   0.000       0.000       0.000       0.000       0.000    
 22204800.   10.06890273   10.0701   0.000       0.000      0.1184E-04  0.7010E-07-0.2413     0.1206     0.1206      0.000      0.000      0.000     -0.6942E-06   0.000       0.000       0.000       0.000       0.000    
 22291200.   10.06812444   10.0693   0.000       0.000      0.1128E-04  0.6756E-07-0.2399     0.1200     0.1199      0.000      0.000      0.000     -0.6692E-06   0.000       0.000       0.000       0.000       0.000    
 22377600.   10.06737088   10.0685   0.000       0.000      0.1083E-04  0.6541E-07-0.2386     0.1193     0.1193      0.000      0.000      0.000     -0.6481E-06   0.000       0.000       0.000       0.000       0.000    
 22464000.   10.07075773   10.0765   0.000       0.000      0.5705E-04 -0.2940E-06-0.2444     0.1222     0.1222      0.000      0.000      0.000      0.2912E-05   0.000       0.000       0.000       0.000       0.000    
 22550400.   10.06955136   10.0731   0.000       0.000      0.3524E-04  0.1047E-06-0.2424     0.1212     0.1212      0.000      0.000      0.000     -0.1037E-05   0.000       0.000       0.000       0.000       0.000    
 22636800.   10.06926208   10.0728   0.000       0.000      0.3566E-04  0.2511E-07-0.2419     0.1209     0.1209      0.000      0.000      0.000     -0.2487E-06   0.000       0.000       0.000       0.000       0.000    
 22723200.   10.08026495   10.0962   0.000       0.000      0.1596E-03 -0.9551E-06-0.2602     0.1300     0.1300      0.000      0.000      0.000      0.9444E-05   0.000       0.000       0.000       0.000       0.000    
 22809600.   10.07878148   10.0892   0.000       0.000      0.1037E-03  0.1288E-06-0.2579     0.1289     0.1289      0.000      0.000      0.000     -0.1271E-05   0.000       0.000       0.000       0.000       0.000    
 22896000.   10.07747966   10.0857   0.000       0.000      0.8195E-04  0.1130E-06-0.2558     0.1278     0.1278      0.000      0.000      0.000     -0.1116E-05   0.000       0.000       0.000       0.000       0.000    
 22982400.   10.07636399   10.0833   0.000       0.000      0.6973E-04  0.9685E-07-0.2539     0.1269     0.1269      0.000      0.000      0.000     -0.9569E-06   0.000       0.000       0.000       0.000       0.000    
 23068800.   10.07532832   10.0815   0.000       0.000      0.6137E-04  0.8990E-07-0.2522     0.1261     0.1261      0.000      0.000      0.000     -0.8886E-06   0.000       0.000       0.000       0.000       0.000    
 23155200.   10.07413847   10.0794   0.000       0.000      0.5286E-04  0.1033E-06-0.2502     0.1251     0.1251      0.000      0.000      0.000     -0.1021E-05   0.000       0.000       0.000       0.000       0.000    
 23241600.   10.07294385   10.0775   0.000       0.000      0.4596E-04  0.1037E-06-0.2482     0.1241     0.1241      0.000      0.000      0.000     -0.1026E-05   0.000       0.000       0.000       0.000       0.000    
 23328000.   10.07172430   10.0757   0.000       0.000      0.3978E-04  0.1059E-06-0.2461     0.1230     0.1230      0.000      0.000      0.000     -0.1047E-05   0.000       0.000       0.000       0.000       0.000    
 23414400.   10.07055371   10.0740   0.000       0.000      0.3492E-04  0.1016E-06-0.2441     0.1220     0.1220      0.000      0.000      0.000     -0.1006E-05   0.000       0.000       0.000       0.000       0.000    
 23500800.   10.06948910   10.0726   0.000       0.000      0.3160E-04  0.9241E-07-0.2423     0.1211     0.1211      0.000      0.000      0.000     -0.9150E-06   0.000       0.000       0.000       0.000       0.000    
 23587200.   10.06848307   10.0714   0.000       0.000      0.2888E-04  0.8733E-07-0.2405     0.1202     0.1202      0.000      0.000      0.000     -0.8649E-06   0.000       0.000       0.000       0.000       0.000    
 23673600.   10.06750334   10.0701   0.000       0.000      0.2635E-04  0.8505E-07-0.2388     0.1194     0.1194      0.000      0.000      0.000     -0.8426E-06   0.000       0.000       0.000       0.000       0.000    
 23760000.   10.06652439   10.0689   0.000       0.000      0.2377E-04  0.8498E-07-0.2371     0.1185     0.1185      0.000      0.000      0.000     -0.8421E-06   0.000       0.000       0.000       0.000       0.000    
 23846400.   10.06558949   10.0678   0.000       0.000      0.2174E-04  0.8115E-07-0.2354     0.1177     0.1177      0.000      0.000      0.000     -0.8044E-06   0.000       0.000       0.000       0.000       0.000    
 23932800.   10.06471333   10.0667   0.000       0.000      0.2026E-04  0.7606E-07-0.2338     0.1169     0.1169      0.000      0.000      0.000     -0.7541E-06   0.000       0.000       0.000       0.000       0.000    
 24019200.   10.06387944   10.0658   0.000       0.000      0.1902E-04  0.7239E-07-0.2323     0.1161     0.1161      0.000      0.000      0.000     -0.7179E-06   0.000       0.000       0.000       0.000       0.000    
 24105600.   10.06307771   10.0649   0.000       0.000      0.1793E-04  0.6960E-07-0.2308     0.1154     0.1154      0.000      0.000      0.000     -0.6903E-06   0.000       0.000       0.000       0.000       0.000    
 24192000.   10.06229599   10.0640   0.000       0.000      0.1688E-04  0.6786E-07-0.2294     0.1147     0.1147      0.000      0.000      0.000     -0.6732E-06   0.000       0.000       0.000       0.000       0.000    
 24278400.   10.06153255   10.0631   0.000       0.000      0.1589E-04  0.6627E-07-0.2280     0.1140     0.1140      0.000      0.000      0.000     -0.6576E-06   0.000       0.000       0.000       0.000       0.000    
 24364800.   10.06079524   10.0623   0.000       0.000      0.1506E-04  0.6400E-07-0.2266     0.1133     0.1133      0.000      0.000      0.000     -0.6352E-06   0.000       0.000       0.000       0.000       0.000    
 24451200.   10.06008558   10.0615   0.000       0.000      0.1440E-04  0.6160E-07-0.2253     0.1126     0.1126      0.000      0.000      0.000     -0.6115E-06   0.000       0.000       0.000       0.000       0.000    
 24537600.   10.05940033   10.0608   0.000       0.000      0.1385E-04  0.5948E-07-0.2240     0.1120     0.1120      0.000      0.000      0.000     -0.5906E-06   0.000       0.000       0.000       0.000       0.000    
 24624000.   10.05873695   10.0601   0.000       0.000      0.1337E-04  0.5759E-07-0.2228     0.1114     0.1114      0.000      0.000      0.000     -0.5718E-06   0.000       0.000       0.000       0.000       0.000    
 24710400.   10.05809217   10.0594   0.000       0.000      0.1293E-04  0.5597E-07-0.2215     0.1108     0.1108      0.000      0.000      0.000     -0.5559E-06   0.000       0.000       0.000       0.000       0.000    
 24796800.   10.05746444   10.0587   0.000       0.000      0.1254E-04  0.5449E-07-0.2203     0.1102     0.1102      0.000      0.000      0.000     -0.5413E-06   0.000       0.000       0.000       0.000       0.000    
 24883200.   10.05690463   10.0582   0.000       0.000      0.1282E-04  0.4860E-07-0.2193     0.1096     0.1096      0.000      0.000      0.000     -0.4828E-06   0.000       0.000       0.000       0.000       0.000    
 24969600.   10.05734785   10.0599   0.000       0.000      0.2510E-04 -0.3847E-07-0.2201     0.1100     0.1100      0.000      0.000      0.000      0.3822E-06   0.000       0.000       0.000       0.000       0.000    
 25056000.   10.05654486   10.0583   0.000       0.000      0.1764E-04  0.6970E-07-0.2185     0.1093     0.1093      0.000      0.000      0.000     -0.6925E-06   0.000       0.000       0.000       0.000       0.000    
 25142400.   10.05584684   10.0574   0.000       0.000      0.1506E-04  0.6059E-07-0.2172     0.1086     0.1086      0.000      0.000      0.000     -0.6021E-06   0.000       0.000       0.000       0.000       0.000    
 25228800.   10.05720627   10.0611   0.000       0.000      0.3849E-04 -0.1180E-06-0.2198     0.1099     0.1099      0.000      0.000      0.000      0.1172E-05   0.000       0.000       0.000       0.000       0.000    
 25315200.   10.05636520   10.0590   0.000       0.000      0.2628E-04  0.7301E-07-0.2182     0.1091     0.1091      0.000      0.000      0.000     -0.7254E-06   0.000       0.000       0.000       0.000       0.000    
 25401600.   10.05671790   10.0602   0.000       0.000      0.3514E-04 -0.3062E-07-0.2189     0.1094     0.1094      0.000      0.000      0.000      0.3042E-06   0.000       0.000       0.000       0.000       0.000    
 25488000.   10.05690264   10.0608   0.000       0.000      0.3854E-04 -0.1604E-07-0.2192     0.1096     0.1096      0.000      0.000      0.000      0.1593E-06   0.000       0.000       0.000       0.000       0.000    
 25574400.   10.05770864   10.0626   0.000       0.000      0.4926E-04 -0.6997E-07-0.2207     0.1104     0.1103      0.000      0.000      0.000      0.6950E-06   0.000       0.000       0.000       0.000       0.000    
 25660800.   10.05691373   10.0606   0.000       0.000      0.3732E-04  0.6900E-07-0.2192     0.1096     0.1096      0.000      0.000      0.000     -0.6855E-06   0.000       0.000       0.000       0.000       0.000    
 25747200.   10.05860425   10.0648   0.000       0.000      0.6148E-04 -0.1467E-06-0.2224     0.1112     0.1112      0.000      0.000      0.000      0.1458E-05   0.000       0.000       0.000       0.000       0.000    
 25833600.   10.06721895   10.0830   0.000       0.000      0.1582E-03 -0.7478E-06-0.2381     0.1190     0.1190      0.000      0.000      0.000      0.7419E-05   0.000       0.000       0.000       0.000       0.000    
 25920000.   10.07827279   10.1027   0.000       0.000      0.2440E-03 -0.9595E-06-0.2568     0.1283     0.1283      0.000      0.000      0.000      0.9493E-05   0.000       0.000       0.000       0.000       0.000    
 26006400.   10.08888741   10.1188   0.000       0.000      0.2991E-03 -0.9214E-06-0.2736     0.1367     0.1367      0.000      0.000      0.000      0.9084E-05   0.000       0.000       0.000       0.000       0.000    
 26092800.   10.08981600   10.1144   0.000       0.000      0.2462E-03 -0.8061E-07-0.2751     0.1374     0.1375      0.000      0.000      0.000      0.7931E-06   0.000       0.000       0.000       0.000       0.000    
 26179200.   10.08691369   10.1055   0.000       0.000      0.1854E-03  0.2519E-06-0.2708     0.1353     0.1353      0.000      0.000      0.000     -0.2480E-05   0.000       0.000       0.000       0.000       0.000    
 26265600.   10.08402234   10.0988   0.000       0.000      0.1477E-03  0.2510E-06-0.2663     0.1331     0.1331      0.000      0.000      0.000     -0.2473E-05   0.000       0.000       0.000       0.000       0.000    
 26352000.   10.08146169   10.0937   0.000       0.000      0.1226E-03  0.2223E-06-0.2622     0.1310     0.1310      0.000      0.000      0.000     -0.2192E-05   0.000       0.000       0.000       0.000       0.000    
 26438400.   10.07919245   10.0897   0.000       0.000      0.1047E-03  0.1970E-06-0.2585     0.1292     0.1292      0.000      0.000      0.000     -0.1944E-05   0.000       0.000       0.000       0.000       0.000    
 26524800.   10.07712621   10.0862   0.000       0.000      0.9087E-04  0.1794E-06-0.2552     0.1275     0.1275      0.000      0.000      0.000     -0.1772E-05   0.000       0.000       0.000       0.000       0.000    
 26611200.   10.07513401   10.0830   0.000       0.000      0.7888E-04  0.1729E-06-0.2519     0.1259     0.1259      0.000      0.000      0.000     -0.1709E-05   0.000       0.000       0.000       0.000       0.000    
 26697600.   10.07335484   10.0804   0.000       0.000      0.7008E-04  0.1544E-06-0.2489     0.1244     0.1244      0.000      0.000      0.000     -0.1527E-05   0.000       0.000       0.000       0.000       0.000    
 26784000.   10.07170726   10.0780   0.000       0.000      0.6279E-04  0.1430E-06-0.2461     0.1230     0.1230      0.000      0.000      0.000     -0.1415E-05   0.000       0.000       0.000       0.000       0.000    
 26870400.   10.07884215   10.0940   0.000       0.000      0.1518E-03 -0.6193E-06-0.2579     0.1289     0.1289      0.000      0.000      0.000      0.6123E-05   0.000       0.000       0.000       0.000       0.000    
 26956800.   10.08257860   10.0995   0.000       0.000      0.1692E-03 -0.3243E-06-0.2639     0.1319     0.1319      0.000      0.000      0.000      0.3201E-05   0.000       0.000       0.000       0.000       0.000    
 27043200.   10.08589796   10.1042   0.000       0.000      0.1832E-03 -0.2881E-06-0.2692     0.1345     0.1345      0.000      0.000      0.000      0.2840E-05   0.000       0.000       0.000       0.000       0.000    
 27129600.   10.08633077   10.1030   0.000       0.000      0.1667E-03 -0.3757E-07-0.2699     0.1348     0.1349      0.000      0.000      0.000      0.3701E-06   0.000       0.000       0.000       0.000       0.000    
 27216000.   10.08807687   10.1054   0.000       0.000      0.1737E-03 -0.1516E-06-0.2726     0.1362     0.1362      0.000      0.000      0.000      0.1492E-05   0.000       0.000       0.000       0.000       0.000    
 27302400.   10.09337135   10.1148   0.000       0.000      0.2146E-03 -0.4596E-06-0.2806     0.1402     0.1402      0.000      0.000      0.000      0.4520E-05   0.000       0.000       0.000       0.000       0.000    
 27388800.   10.10412794   10.1336   0.000       0.000      0.2948E-03 -0.9337E-06-0.2962     0.1480     0.1480      0.000      0.000      0.000      0.9153E-05   0.000       0.000       0.000       0.000       0.000    
 27475200.   10.11262556   10.1452   0.000       0.000      0.3260E-03 -0.7376E-06-0.3080     0.1539     0.1539      0.000      0.000      0.000      0.7201E-05   0.000       0.000       0.000       0.000       0.000    
 27561600.   10.10955112   10.1342   0.000       0.000      0.2460E-03  0.2669E-06-0.3039     0.1518     0.1518      0.000      0.000      0.000     -0.2602E-05   0.000       0.000       0.000       0.000       0.000    
 27648000.   10.10589637   10.1257   0.000       0.000      0.1980E-03  0.3173E-06-0.2989     0.1493     0.1493      0.000      0.000      0.000     -0.3098E-05   0.000       0.000       0.000       0.000       0.000    
 27734400.   10.10216131   10.1184   0.000       0.000      0.1628E-03  0.3242E-06-0.2936     0.1467     0.1467      0.000      0.000      0.000     -0.3171E-05   0.000       0.000       0.000       0.000       0.000    
 27820800.   10.09934274   10.1137   0.000       0.000      0.1438E-03  0.2447E-06-0.2896     0.1447     0.1447      0.000      0.000      0.000     -0.2396E-05   0.000       0.000       0.000       0.000       0.000    
 27907200.   10.09738521   10.1108   0.000       0.000      0.1344E-03  0.1699E-06-0.2867     0.1433     0.1433      0.000      0.000      0.000     -0.1666E-05   0.000       0.000       0.000       0.000       0.000    
 27993600.   10.10278196   10.1224   0.000       0.000      0.1966E-03 -0.4685E-06-0.2944     0.1471     0.1471      0.000      0.000      0.000      0.4590E-05   0.000       0.000       0.000       0.000       0.000    
 28080000.   10.11008877   10.1351   0.000       0.000      0.2505E-03 -0.6343E-06-0.3047     0.1522     0.1522      0.000      0.000      0.000      0.6197E-05   0.000       0.000       0.000       0.000       0.000    
 28166400.   10.11296498   10.1376   0.000       0.000      0.2462E-03 -0.2497E-06-0.3086     0.1542     0.1542      0.000      0.000      0.000      0.2434E-05   0.000       0.000       0.000       0.000       0.000    
 28252800.   10.10990594   10.1293   0.000       0.000      0.1944E-03  0.2655E-06-0.3045     0.1521     0.1522      0.000      0.000      0.000     -0.2589E-05   0.000       0.000       0.000       0.000       0.000    
 28339200.   10.10637753   10.1223   0.000       0.000      0.1596E-03  0.3063E-06-0.2996     0.1497     0.1497      0.000      0.000      0.000     -0.2990E-05   0.000       0.000       0.000       0.000       0.000    
 28425600.   10.10303845   10.1166   0.000       0.000      0.1355E-03  0.2899E-06-0.2949     0.1474     0.1474      0.000      0.000      0.000     -0.2834E-05   0.000       0.000       0.000       0.000       0.000    
 28512000.   10.09995556   10.1117   0.000       0.000      0.1176E-03  0.2676E-06-0.2905     0.1452     0.1452      0.000      0.000      0.000     -0.2620E-05   0.000       0.000       0.000       0.000       0.000    
 28598400.   10.09711190   10.1075   0.000       0.000      0.1038E-03  0.2468E-06-0.2863     0.1431     0.1431      0.000      0.000      0.000     -0.2420E-05   0.000       0.000       0.000       0.000       0.000    
 28684800.   10.09447916   10.1037   0.000       0.000      0.9265E-04  0.2285E-06-0.2824     0.1412     0.1412      0.000      0.000      0.000     -0.2243E-05   0.000       0.000       0.000       0.000       0.000    
 28771200.   10.09202465   10.1004   0.000       0.000      0.8348E-04  0.2131E-06-0.2788     0.1393     0.1393      0.000      0.000      0.000     -0.2093E-05   0.000       0.000       0.000       0.000       0.000    
 28857600.   10.08973259   10.0973   0.000       0.000      0.7581E-04  0.1990E-06-0.2753     0.1376     0.1376      0.000      0.000      0.000     -0.1956E-05   0.000       0.000       0.000       0.000       0.000    
 28944000.   10.08755336   10.0945   0.000       0.000      0.6899E-04  0.1892E-06-0.2719     0.1359     0.1359      0.000      0.000      0.000     -0.1862E-05   0.000       0.000       0.000       0.000       0.000    
 29030400.   10.08546765   10.0917   0.000       0.000      0.6282E-04  0.1811E-06-0.2687     0.1343     0.1343      0.000      0.000      0.000     -0.1783E-05   0.000       0.000       0.000       0.000       0.000    
 29116800.   10.08350320   10.0893   0.000       0.000      0.5761E-04  0.1705E-06-0.2656     0.1328     0.1328      0.000      0.000      0.000     -0.1681E-05   0.000       0.000       0.000       0.000       0.000    
 29203200.   10.08161055   10.0869   0.000       0.000      0.5270E-04  0.1643E-06-0.2625     0.1312     0.1312      0.000      0.000      0.000     -0.1620E-05   0.000       0.000       0.000       0.000       0.000    
 29289600.   10.07983388   10.0847   0.000       0.000      0.4866E-04  0.1542E-06-0.2597     0.1298     0.1298      0.000      0.000      0.000     -0.1522E-05   0.000       0.000       0.000       0.000       0.000    
 29376000.   10.07817459   10.0827   0.000       0.000      0.4536E-04  0.1440E-06-0.2570     0.1285     0.1285      0.000      0.000      0.000     -0.1422E-05   0.000       0.000       0.000       0.000       0.000    
 29462400.   10.07661505   10.0809   0.000       0.000      0.4254E-04  0.1354E-06-0.2544     0.1272     0.1272      0.000      0.000      0.000     -0.1337E-05   0.000       0.000       0.000       0.000       0.000    
 29548800.   10.07513230   10.0791   0.000       0.000      0.3996E-04  0.1287E-06-0.2519     0.1259     0.1259      0.000      0.000      0.000     -0.1272E-05   0.000       0.000       0.000       0.000       0.000    
 29635200.   10.07371482   10.0775   0.000       0.000      0.3757E-04  0.1230E-06-0.2495     0.1247     0.1247      0.000      0.000      0.000     -0.1217E-05   0.000       0.000       0.000       0.000       0.000    
 29721600.   10.07236380   10.0759   0.000       0.000      0.3544E-04  0.1173E-06-0.2472     0.1236     0.1236      0.000      0.000      0.000     -0.1160E-05   0.000       0.000       0.000       0.000       0.000    
 29808000.   10.07105410   10.0744   0.000       0.000      0.3329E-04  0.1137E-06-0.2450     0.1225     0.1225      0.000      0.000      0.000     -0.1125E-05   0.000       0.000       0.000       0.000       0.000    
 29894400.   10.06979596   10.0729   0.000       0.000      0.3135E-04  0.1092E-06-0.2428     0.1214     0.1214      0.000      0.000      0.000     -0.1081E-05   0.000       0.000       0.000       0.000       0.000    
 29980800.   10.06858617   10.0715   0.000       0.000      0.2956E-04  0.1050E-06-0.2407     0.1203     0.1203      0.000      0.000      0.000     -0.1040E-05   0.000       0.000       0.000       0.000       0.000    
 30067200.   10.06744000   10.0703   0.000       0.000      0.2811E-04  0.9949E-07-0.2387     0.1193     0.1193      0.000      0.000      0.000     -0.9857E-06   0.000       0.000       0.000       0.000       0.000    
 30153600.   10.06634619   10.0690   0.000       0.000      0.2681E-04  0.9495E-07-0.2367     0.1184     0.1184      0.000      0.000      0.000     -0.9409E-06   0.000       0.000       0.000       0.000       0.000    
 30240000.   10.06530183   10.0679   0.000       0.000      0.2565E-04  0.9066E-07-0.2349     0.1174     0.1174      0.000      0.000      0.000     -0.8987E-06   0.000       0.000       0.000       0.000       0.000    
 30326400.   10.06429610   10.0667   0.000       0.000      0.2452E-04  0.8730E-07-0.2330     0.1165     0.1165      0.000      0.000      0.000     -0.8657E-06   0.000       0.000       0.000       0.000       0.000    
 30412800.   10.06332884   10.0657   0.000       0.000      0.2348E-04  0.8396E-07-0.2313     0.1156     0.1156      0.000      0.000      0.000     -0.8328E-06   0.000       0.000       0.000       0.000       0.000    
 30499200.   10.06240044   10.0647   0.000       0.000      0.2258E-04  0.8059E-07-0.2296     0.1148     0.1148      0.000      0.000      0.000     -0.7995E-06   0.000       0.000       0.000       0.000       0.000    
 30585600.   10.06150473   10.0637   0.000       0.000      0.2175E-04  0.7775E-07-0.2279     0.1140     0.1140      0.000      0.000      0.000     -0.7715E-06   0.000       0.000       0.000       0.000       0.000    
 30672000.   10.06064201   10.0627   0.000       0.000      0.2100E-04  0.7489E-07-0.2263     0.1132     0.1132      0.000      0.000      0.000     -0.7433E-06   0.000       0.000       0.000       0.000       0.000    
 30758400.   10.05980966   10.0618   0.000       0.000      0.2033E-04  0.7225E-07-0.2248     0.1124     0.1124      0.000      0.000      0.000     -0.7173E-06   0.000       0.000       0.000       0.000       0.000    
 30844800.   10.05900535   10.0610   0.000       0.000      0.1970E-04  0.6982E-07-0.2233     0.1116     0.1116      0.000      0.000      0.000     -0.6932E-06   0.000       0.000       0.000       0.000       0.000    
 30931200.   10.05822479   10.0601   0.000       0.000      0.1910E-04  0.6776E-07-0.2218     0.1109     0.1109      0.000      0.000      0.000     -0.6729E-06   0.000       0.000       0.000       0.000       0.000    
 31017600.   10.05746718   10.0593   0.000       0.000      0.1853E-04  0.6577E-07-0.2203     0.1102     0.1102      0.000      0.000      0.000     -0.6532E-06   0.000       0.000       0.000       0.000       0.000    
 31104000.   10.05673371   10.0585   0.000       0.000      0.1801E-04  0.6367E-07-0.2189     0.1095     0.1094      0.000      0.000      0.000     -0.6325E-06   0.000       0.000       0.000       0.000       0.000    
 31190400.   10.05602252   10.0578   0.000       0.000      0.1754E-04  0.6173E-07-0.2175     0.1088     0.1088      0.000      0.000      0.000     -0.6134E-06   0.000       0.000       0.000       0.000       0.000    
 31276800.   10.05551471   10.0575   0.000       0.000      0.1938E-04  0.4408E-07-0.2165     0.1083     0.1083      0.000      0.000      0.000     -0.4381E-06   0.000       0.000       0.000       0.000       0.000    
 31363200.   10.05480579   10.0566   0.000       0.000      0.1773E-04  0.6154E-07-0.2152     0.1076     0.1076      0.000      0.000      0.000     -0.6116E-06   0.000       0.000       0.000       0.000       0.000    
 31449600.   10.05413326   10.0558   0.000       0.000      0.1697E-04  0.5838E-07-0.2138     0.1069     0.1069      0.000      0.000      0.000     -0.5803E-06   0.000       0.000       0.000       0.000       0.000    
 31536000.   10.05348743   10.0551   0.000       0.000      0.1646E-04  0.5606E-07-0.2126     0.1063     0.1063      0.000      0.000      0.000     -0.5574E-06   0.000       0.000       0.000       0.000       0.000    
 31622400.   10.05277425   10.0543   0.000       0.000      0.1492E-04  0.6191E-07-0.2111     0.1056     0.1056      0.000      0.000      0.000     -0.6156E-06   0.000       0.000       0.000       0.000       0.000    
