TOTIM (T)      HCON          HMAT      QDIR      QWELL        QMAT       QCADS      QTUB1      QTUB2      QTUB3      QTUB4      QTUB5      QTUB6       NSTOR        QFIX        QLH     FHLQ (LQ)        CAUCHY   CAUCHY (LQ)
    86400.   10.69413471   10.8147   0.000       0.000      0.1205E-02   0.000    -0.2466E-01-0.2078E-01 0.4423E-01  0.000      0.000      0.000       0.000       0.000       0.000       0.000       0.000       0.000    
   172800.   10.67670151   10.7961   0.000       0.000      0.1194E-02  0.1513E-05-0.2448E-01-0.2061E-01 0.4389E-01  0.000      0.000      0.000       0.000       0.000       0.000       0.000       0.000       0.000    
   259200.   10.67703339   10.7965   0.000       0.000      0.1194E-02 -0.2881E-07-0.2447E-01-0.2059E-01 0.4387E-01  0.000      0.000      0.000       0.000       0.000       0.000       0.000       0.000       0.000    
   345600.   10.67545654   10.7948   0.000       0.000      0.1193E-02  0.1369E-06-0.2444E-01-0.2056E-01 0.4381E-01  0.000      0.000      0.000       0.000       0.000       0.000       0.000       0.000       0.000    
   432000.   10.68710474   10.8072   0.000       0.000      0.1201E-02 -0.1011E-05-0.2455E-01-0.2067E-01 0.4402E-01  0.000      0.000      0.000       0.000       0.000       0.000       0.000       0.000       0.000    
   518400.   10.69401486   10.8145   0.000       0.000      0.1205E-02 -0.5998E-06-0.2463E-01-0.2074E-01 0.4416E-01  0.000      0.000      0.000       0.000       0.000       0.000       0.000       0.000       0.000    
   604800.   10.69601774   10.8167   0.000       0.000      0.1206E-02 -0.1739E-06-0.2466E-01-0.2077E-01 0.4423E-01  0.000      0.000      0.000       0.000       0.000       0.000       0.000       0.000       0.000    
   691200.   10.71389076   10.8357   0.000       0.000      0.1218E-02 -0.1551E-05-0.2485E-01-0.2095E-01 0.4459E-01  0.000      0.000      0.000       0.000       0.000       0.000       0.000       0.000       0.000    
   777600.   10.76248734   10.8872   0.000       0.000      0.1247E-02 -0.4218E-05-0.2535E-01-0.2143E-01 0.4553E-01  0.000      0.000      0.000       0.000       0.000       0.000       0.000       0.000       0.000    
   864000.   10.83418606   10.9631   0.000       0.000      0.1289E-02 -0.6224E-05-0.2609E-01-0.2212E-01 0.4692E-01  0.000      0.000      0.000       0.000       0.000       0.000       0.000       0.000       0.000    
   950400.   10.86651644   10.9974   0.000       0.000      0.1309E-02 -0.2806E-05-0.2650E-01-0.2251E-01 0.4770E-01  0.000      0.000      0.000       0.000       0.000       0.000       0.000       0.000       0.000    
  1036800.   10.94438146   11.0795   0.000       0.000      0.1352E-02 -0.6759E-05-0.2729E-01-0.2326E-01 0.4920E-01  0.000      0.000      0.000       0.000       0.000       0.000       0.000       0.000       0.000    
  1123200.   11.08454829   11.2268   0.000       0.000      0.1423E-02 -0.1217E-04-0.2855E-01-0.2445E-01 0.5159E-01  0.000      0.000      0.000       0.000       0.000       0.000       0.000       0.000       0.000    
  1209600.   11.06736235   11.2092   0.000       0.000      0.1418E-02  0.1492E-05-0.2867E-01-0.2456E-01 0.5180E-01  0.000      0.000      0.000       0.000       0.000       0.000       0.000       0.000       0.000    
  1296000.   11.04660368   11.1877   0.000       0.000      0.1411E-02  0.1802E-05-0.2866E-01-0.2456E-01 0.5182E-01  0.000      0.000      0.000       0.000       0.000       0.000       0.000       0.000       0.000    
  1382400.   11.02561890   11.1658   0.000       0.000      0.1402E-02  0.1822E-05-0.2857E-01-0.2448E-01 0.5164E-01  0.000      0.000      0.000       0.000       0.000       0.000       0.000       0.000       0.000    
  1468800.   11.00490644   11.1441   0.000       0.000      0.1392E-02  0.1798E-05-0.2843E-01-0.2435E-01 0.5138E-01  0.000      0.000      0.000       0.000       0.000       0.000       0.000       0.000       0.000    
  1555200.   10.98272640   11.1208   0.000       0.000      0.1380E-02  0.1925E-05-0.2825E-01-0.2418E-01 0.5105E-01  0.000      0.000      0.000       0.000       0.000       0.000       0.000       0.000       0.000    
  1641600.   10.96041750   11.0973   0.000       0.000      0.1369E-02  0.1937E-05-0.2805E-01-0.2399E-01 0.5067E-01  0.000      0.000      0.000       0.000       0.000       0.000       0.000       0.000       0.000    
  1728000.   10.94150053   11.0774   0.000       0.000      0.1359E-02  0.1642E-05-0.2786E-01-0.2382E-01 0.5032E-01  0.000      0.000      0.000       0.000       0.000       0.000       0.000       0.000       0.000    
  1814400.   10.92489154   11.0599   0.000       0.000      0.1350E-02  0.1442E-05-0.2769E-01-0.2365E-01 0.4999E-01  0.000      0.000      0.000       0.000       0.000       0.000       0.000       0.000       0.000    
  1900800.   10.90627659   11.0402   0.000       0.000      0.1340E-02  0.1616E-05-0.2750E-01-0.2346E-01 0.4962E-01  0.000      0.000      0.000       0.000       0.000       0.000       0.000       0.000       0.000    
  1987200.   10.88923624   11.0222   0.000       0.000      0.1330E-02  0.1479E-05-0.2731E-01-0.2329E-01 0.4927E-01  0.000      0.000      0.000       0.000       0.000       0.000       0.000       0.000       0.000    
  2073600.   10.87518094   11.0074   0.000       0.000      0.1322E-02  0.1220E-05-0.2715E-01-0.2313E-01 0.4895E-01  0.000      0.000      0.000       0.000       0.000       0.000       0.000       0.000       0.000    
  2160000.   10.85887846   10.9902   0.000       0.000      0.1313E-02  0.1415E-05-0.2696E-01-0.2295E-01 0.4860E-01  0.000      0.000      0.000       0.000       0.000       0.000       0.000       0.000       0.000    
  2246400.   10.84280160   10.9732   0.000       0.000      0.1304E-02  0.1396E-05-0.2678E-01-0.2277E-01 0.4825E-01  0.000      0.000      0.000       0.000       0.000       0.000       0.000       0.000       0.000    
  2332800.   10.82709240   10.9566   0.000       0.000      0.1295E-02  0.1364E-05-0.2659E-01-0.2259E-01 0.4789E-01  0.000      0.000      0.000       0.000       0.000       0.000       0.000       0.000       0.000    
  2419200.   10.81182034   10.9404   0.000       0.000      0.1286E-02  0.1326E-05-0.2641E-01-0.2242E-01 0.4754E-01  0.000      0.000      0.000       0.000       0.000       0.000       0.000       0.000       0.000    
  2505600.   10.80490493   10.9331   0.000       0.000      0.1282E-02  0.6003E-06-0.2630E-01-0.2231E-01 0.4733E-01  0.000      0.000      0.000       0.000       0.000       0.000       0.000       0.000       0.000    
  2592000.   10.79488376   10.9224   0.000       0.000      0.1276E-02  0.8699E-06-0.2617E-01-0.2219E-01 0.4708E-01  0.000      0.000      0.000       0.000       0.000       0.000       0.000       0.000       0.000    
  2678400.   10.81379556   10.9424   0.000       0.000      0.1286E-02 -0.1642E-05-0.2631E-01-0.2232E-01 0.4734E-01  0.000      0.000      0.000       0.000       0.000       0.000       0.000       0.000       0.000    
  2764800.   10.88888916   11.0217   0.000       0.000      0.1328E-02 -0.6519E-05-0.2698E-01-0.2294E-01 0.4860E-01  0.000      0.000      0.000       0.000       0.000       0.000       0.000       0.000       0.000    
  2851200.   11.07355563   11.2158   0.000       0.000      0.1422E-02 -0.1603E-04-0.2855E-01-0.2443E-01 0.5157E-01  0.000      0.000      0.000       0.000       0.000       0.000       0.000       0.000       0.000    
  2937600.   11.04021491   11.1812   0.000       0.000      0.1410E-02  0.2894E-05-0.2854E-01-0.2441E-01 0.5153E-01  0.000      0.000      0.000       0.000       0.000       0.000       0.000       0.000       0.000    
  3024000.   11.04705320   11.1887   0.000       0.000      0.1417E-02 -0.5936E-06-0.2874E-01-0.2460E-01 0.5192E-01  0.000      0.000      0.000       0.000       0.000       0.000       0.000       0.000       0.000    
  3110400.   11.04875950   11.1906   0.000       0.000      0.1419E-02 -0.1481E-06-0.2883E-01-0.2469E-01 0.5210E-01  0.000      0.000      0.000       0.000       0.000       0.000       0.000       0.000       0.000    
  3196800.   11.03690986   11.1783   0.000       0.000      0.1414E-02  0.1029E-05-0.2879E-01-0.2465E-01 0.5203E-01  0.000      0.000      0.000       0.000       0.000       0.000       0.000       0.000       0.000    
  3283200.   11.01896909   11.1595   0.000       0.000      0.1406E-02  0.1557E-05-0.2867E-01-0.2454E-01 0.5181E-01  0.000      0.000      0.000       0.000       0.000       0.000       0.000       0.000       0.000    
  3369600.   11.02169120   11.1624   0.000       0.000      0.1407E-02 -0.2363E-06-0.2870E-01-0.2456E-01 0.5185E-01  0.000      0.000      0.000       0.000       0.000       0.000       0.000       0.000       0.000    
  3456000.   11.03625066   11.1776   0.000       0.000      0.1414E-02 -0.1264E-05-0.2882E-01-0.2468E-01 0.5208E-01  0.000      0.000      0.000       0.000       0.000       0.000       0.000       0.000       0.000    
  3542400.   11.05915583   11.2017   0.000       0.000      0.1426E-02 -0.1988E-05-0.2902E-01-0.2486E-01 0.5246E-01  0.000      0.000      0.000       0.000       0.000       0.000       0.000       0.000       0.000    
  3628800.   11.06772828   11.2108   0.000       0.000      0.1431E-02 -0.7441E-06-0.2913E-01-0.2496E-01 0.5266E-01  0.000      0.000      0.000       0.000       0.000       0.000       0.000       0.000       0.000    
  3715200.   11.05613289   11.1987   0.000       0.000      0.1426E-02  0.1007E-05-0.2908E-01-0.2492E-01 0.5257E-01  0.000      0.000      0.000       0.000       0.000       0.000       0.000       0.000       0.000    
  3801600.   11.05987041   11.2027   0.000       0.000      0.1428E-02 -0.3244E-06-0.2912E-01-0.2496E-01 0.5266E-01  0.000      0.000      0.000       0.000       0.000       0.000       0.000       0.000       0.000    
  3888000.   11.07270859   11.2162   0.000       0.000      0.1435E-02 -0.1114E-05-0.2924E-01-0.2506E-01 0.5287E-01  0.000      0.000      0.000       0.000       0.000       0.000       0.000       0.000       0.000    
  3974400.   11.10154505   11.2465   0.000       0.000      0.1449E-02 -0.2503E-05-0.2948E-01-0.2529E-01 0.5332E-01  0.000      0.000      0.000       0.000       0.000       0.000       0.000       0.000       0.000    
  4060800.   11.12476462   11.2709   0.000       0.000      0.1461E-02 -0.2016E-05-0.2970E-01-0.2550E-01 0.5374E-01  0.000      0.000      0.000       0.000       0.000       0.000       0.000       0.000       0.000    
  4147200.   11.11317496   11.2589   0.000       0.000      0.1457E-02  0.1006E-05-0.2967E-01-0.2547E-01 0.5369E-01  0.000      0.000      0.000       0.000       0.000       0.000       0.000       0.000       0.000    
  4233600.   11.09483449   11.2398   0.000       0.000      0.1450E-02  0.1592E-05-0.2957E-01-0.2537E-01 0.5349E-01  0.000      0.000      0.000       0.000       0.000       0.000       0.000       0.000       0.000    
  4320000.   11.07959257   11.2239   0.000       0.000      0.1443E-02  0.1323E-05-0.2945E-01-0.2526E-01 0.5327E-01  0.000      0.000      0.000       0.000       0.000       0.000       0.000       0.000       0.000    
  4406400.   11.06315806   11.2066   0.000       0.000      0.1435E-02  0.1427E-05-0.2931E-01-0.2513E-01 0.5300E-01  0.000      0.000      0.000       0.000       0.000       0.000       0.000       0.000       0.000    
  4492800.   11.05001996   11.1929   0.000       0.000      0.1428E-02  0.1140E-05-0.2919E-01-0.2501E-01 0.5277E-01  0.000      0.000      0.000       0.000       0.000       0.000       0.000       0.000       0.000    
  4579200.   11.03301771   11.1750   0.000       0.000      0.1420E-02  0.1476E-05-0.2903E-01-0.2485E-01 0.5246E-01  0.000      0.000      0.000       0.000       0.000       0.000       0.000       0.000       0.000    
  4665600.   11.01501573   11.1561   0.000       0.000      0.1411E-02  0.1563E-05-0.2886E-01-0.2469E-01 0.5213E-01  0.000      0.000      0.000       0.000       0.000       0.000       0.000       0.000       0.000    
  4752000.   11.04061536   11.1829   0.000       0.000      0.1423E-02 -0.2222E-05-0.2902E-01-0.2484E-01 0.5244E-01  0.000      0.000      0.000       0.000       0.000       0.000       0.000       0.000       0.000    
  4838400.   11.07765530   11.2218   0.000       0.000      0.1441E-02 -0.3215E-05-0.2931E-01-0.2511E-01 0.5298E-01  0.000      0.000      0.000       0.000       0.000       0.000       0.000       0.000       0.000    
  4924800.   11.11917199   11.2653   0.000       0.000      0.1462E-02 -0.3604E-05-0.2966E-01-0.2544E-01 0.5365E-01  0.000      0.000      0.000       0.000       0.000       0.000       0.000       0.000       0.000    
  5011200.   11.14522395   11.2927   0.000       0.000      0.1475E-02 -0.2261E-05-0.2993E-01-0.2569E-01 0.5414E-01  0.000      0.000      0.000       0.000       0.000       0.000       0.000       0.000       0.000    
  5097600.   11.13262850   11.2798   0.000       0.000      0.1471E-02  0.1093E-05-0.2991E-01-0.2567E-01 0.5411E-01  0.000      0.000      0.000       0.000       0.000       0.000       0.000       0.000       0.000    
  5184000.   11.11414689   11.2605   0.000       0.000      0.1464E-02  0.1604E-05-0.2982E-01-0.2557E-01 0.5392E-01  0.000      0.000      0.000       0.000       0.000       0.000       0.000       0.000       0.000    
  5270400.   11.09775392   11.2434   0.000       0.000      0.1457E-02  0.1423E-05-0.2970E-01-0.2546E-01 0.5370E-01  0.000      0.000      0.000       0.000       0.000       0.000       0.000       0.000       0.000    
  5356800.   11.07907321   11.2238   0.000       0.000      0.1448E-02  0.1622E-05-0.2954E-01-0.2531E-01 0.5340E-01  0.000      0.000      0.000       0.000       0.000       0.000       0.000       0.000       0.000    
  5443200.   11.08863364   11.2338   0.000       0.000      0.1452E-02 -0.8299E-06-0.2959E-01-0.2535E-01 0.5349E-01  0.000      0.000      0.000       0.000       0.000       0.000       0.000       0.000       0.000    
  5529600.   11.10098750   11.2468   0.000       0.000      0.1458E-02 -0.1072E-05-0.2967E-01-0.2543E-01 0.5365E-01  0.000      0.000      0.000       0.000       0.000       0.000       0.000       0.000       0.000    
  5616000.   11.11444860   11.2609   0.000       0.000      0.1464E-02 -0.1168E-05-0.2979E-01-0.2554E-01 0.5386E-01  0.000      0.000      0.000       0.000       0.000       0.000       0.000       0.000       0.000    
  5702400.   11.12315699   11.2701   0.000       0.000      0.1469E-02 -0.7559E-06-0.2988E-01-0.2562E-01 0.5403E-01  0.000      0.000      0.000       0.000       0.000       0.000       0.000       0.000       0.000    
  5788800.   11.11883898   11.2657   0.000       0.000      0.1468E-02  0.3748E-06-0.2987E-01-0.2561E-01 0.5402E-01  0.000      0.000      0.000       0.000       0.000       0.000       0.000       0.000       0.000    
  5875200.   11.11975833   11.2667   0.000       0.000      0.1469E-02 -0.7980E-07-0.2990E-01-0.2563E-01 0.5406E-01  0.000      0.000      0.000       0.000       0.000       0.000       0.000       0.000       0.000    
  5961600.   11.11557803   11.2623   0.000       0.000      0.1468E-02  0.3629E-06-0.2987E-01-0.2561E-01 0.5402E-01  0.000      0.000      0.000       0.000       0.000       0.000       0.000       0.000       0.000    
  6048000.   11.10287938   11.2491   0.000       0.000      0.1462E-02  0.1102E-05-0.2978E-01-0.2552E-01 0.5384E-01  0.000      0.000      0.000       0.000       0.000       0.000       0.000       0.000       0.000    
  6134400.   11.08641666   11.2319   0.000       0.000      0.1454E-02  0.1429E-05-0.2965E-01-0.2540E-01 0.5359E-01  0.000      0.000      0.000       0.000       0.000       0.000       0.000       0.000       0.000    
  6220800.   11.06832718   11.2129   0.000       0.000      0.1446E-02  0.1570E-05-0.2949E-01-0.2524E-01 0.5329E-01  0.000      0.000      0.000       0.000       0.000       0.000       0.000       0.000       0.000    
  6307200.   11.04967686   11.1933   0.000       0.000      0.1437E-02  0.1619E-05-0.2932E-01-0.2508E-01 0.5296E-01  0.000      0.000      0.000       0.000       0.000       0.000       0.000       0.000       0.000    
  6393600.   11.03103939   11.1737   0.000       0.000      0.1427E-02  0.1618E-05-0.2914E-01-0.2490E-01 0.5261E-01  0.000      0.000      0.000       0.000       0.000       0.000       0.000       0.000       0.000    
  6480000.   11.01264303   11.1544   0.000       0.000      0.1418E-02  0.1597E-05-0.2895E-01-0.2472E-01 0.5225E-01  0.000      0.000      0.000       0.000       0.000       0.000       0.000       0.000       0.000    
  6566400.   10.99450516   11.1353   0.000       0.000      0.1408E-02  0.1574E-05-0.2876E-01-0.2454E-01 0.5189E-01  0.000      0.000      0.000       0.000       0.000       0.000       0.000       0.000       0.000    
  6652800.   10.97666699   11.1165   0.000       0.000      0.1398E-02  0.1548E-05-0.2857E-01-0.2436E-01 0.5152E-01  0.000      0.000      0.000       0.000       0.000       0.000       0.000       0.000       0.000    
  6739200.   10.95937268   11.0983   0.000       0.000      0.1389E-02  0.1501E-05-0.2838E-01-0.2417E-01 0.5116E-01  0.000      0.000      0.000       0.000       0.000       0.000       0.000       0.000       0.000    
  6825600.   10.94221165   11.0802   0.000       0.000      0.1380E-02  0.1490E-05-0.2818E-01-0.2399E-01 0.5079E-01  0.000      0.000      0.000       0.000       0.000       0.000       0.000       0.000       0.000    
  6912000.   10.92522499   11.0622   0.000       0.000      0.1370E-02  0.1475E-05-0.2799E-01-0.2380E-01 0.5042E-01  0.000      0.000      0.000       0.000       0.000       0.000       0.000       0.000       0.000    
  6998400.   10.90864902   11.0447   0.000       0.000      0.1361E-02  0.1439E-05-0.2780E-01-0.2362E-01 0.5006E-01  0.000      0.000      0.000       0.000       0.000       0.000       0.000       0.000       0.000    
  7084800.   10.89269835   11.0279   0.000       0.000      0.1352E-02  0.1385E-05-0.2761E-01-0.2344E-01 0.4970E-01  0.000      0.000      0.000       0.000       0.000       0.000       0.000       0.000       0.000    
  7171200.   10.87730535   11.0116   0.000       0.000      0.1343E-02  0.1336E-05-0.2743E-01-0.2326E-01 0.4935E-01  0.000      0.000      0.000       0.000       0.000       0.000       0.000       0.000       0.000    
  7257600.   10.86232567   10.9957   0.000       0.000      0.1334E-02  0.1300E-05-0.2725E-01-0.2309E-01 0.4900E-01  0.000      0.000      0.000       0.000       0.000       0.000       0.000       0.000       0.000    
  7344000.   10.84790482   10.9805   0.000       0.000      0.1325E-02  0.1252E-05-0.2707E-01-0.2292E-01 0.4866E-01  0.000      0.000      0.000       0.000       0.000       0.000       0.000       0.000       0.000    
  7430400.   10.83496209   10.9667   0.000       0.000      0.1318E-02  0.1124E-05-0.2690E-01-0.2276E-01 0.4835E-01  0.000      0.000      0.000       0.000       0.000       0.000       0.000       0.000       0.000    
  7516800.   10.82223445   10.9532   0.000       0.000      0.1310E-02  0.1105E-05-0.2674E-01-0.2261E-01 0.4804E-01  0.000      0.000      0.000       0.000       0.000       0.000       0.000       0.000       0.000    
  7603200.   10.80918652   10.9394   0.000       0.000      0.1302E-02  0.1133E-05-0.2658E-01-0.2245E-01 0.4772E-01  0.000      0.000      0.000       0.000       0.000       0.000       0.000       0.000       0.000    
  7689600.   10.79655540   10.9260   0.000       0.000      0.1294E-02  0.1096E-05-0.2642E-01-0.2230E-01 0.4742E-01  0.000      0.000      0.000       0.000       0.000       0.000       0.000       0.000       0.000    
  7776000.   10.78486716   10.9135   0.000       0.000      0.1287E-02  0.1015E-05-0.2626E-01-0.2215E-01 0.4712E-01  0.000      0.000      0.000       0.000       0.000       0.000       0.000       0.000       0.000    
  7862400.   10.77305832   10.9010   0.000       0.000      0.1279E-02  0.1025E-05-0.2611E-01-0.2200E-01 0.4683E-01  0.000      0.000      0.000       0.000       0.000       0.000       0.000       0.000       0.000    
  7948800.   10.76163216   10.8888   0.000       0.000      0.1272E-02  0.9919E-06-0.2596E-01-0.2186E-01 0.4654E-01  0.000      0.000      0.000       0.000       0.000       0.000       0.000       0.000       0.000    
  8035200.   10.75056508   10.8770   0.000       0.000      0.1265E-02  0.9607E-06-0.2581E-01-0.2172E-01 0.4626E-01  0.000      0.000      0.000       0.000       0.000       0.000       0.000       0.000       0.000    
  8121600.   10.73983520   10.8656   0.000       0.000      0.1258E-02  0.9314E-06-0.2566E-01-0.2158E-01 0.4598E-01  0.000      0.000      0.000       0.000       0.000       0.000       0.000       0.000       0.000    
  8208000.   10.72942303   10.8545   0.000       0.000      0.1251E-02  0.9038E-06-0.2552E-01-0.2144E-01 0.4571E-01  0.000      0.000      0.000       0.000       0.000       0.000       0.000       0.000       0.000    
  8294400.   10.71931024   10.8437   0.000       0.000      0.1244E-02  0.8778E-06-0.2538E-01-0.2131E-01 0.4545E-01  0.000      0.000      0.000       0.000       0.000       0.000       0.000       0.000       0.000    
  8380800.   10.76485944   10.8920   0.000       0.000      0.1271E-02 -0.3954E-05-0.2579E-01-0.2170E-01 0.4622E-01  0.000      0.000      0.000       0.000       0.000       0.000       0.000       0.000       0.000    
  8467200.   10.76940161   10.8968   0.000       0.000      0.1274E-02 -0.3943E-06-0.2585E-01-0.2176E-01 0.4634E-01  0.000      0.000      0.000       0.000       0.000       0.000       0.000       0.000       0.000    
  8553600.   10.77020419   10.8977   0.000       0.000      0.1275E-02 -0.6967E-07-0.2589E-01-0.2179E-01 0.4640E-01  0.000      0.000      0.000       0.000       0.000       0.000       0.000       0.000       0.000    
  8640000.   10.76610343   10.8933   0.000       0.000      0.1272E-02  0.3560E-06-0.2586E-01-0.2176E-01 0.4635E-01  0.000      0.000      0.000       0.000       0.000       0.000       0.000       0.000       0.000    
  8726400.   10.75959764   10.8864   0.000       0.000      0.1268E-02  0.5647E-06-0.2580E-01-0.2171E-01 0.4624E-01  0.000      0.000      0.000       0.000       0.000       0.000       0.000       0.000       0.000    
  8812800.   10.75185999   10.8782   0.000       0.000      0.1263E-02  0.6717E-06-0.2571E-01-0.2163E-01 0.4608E-01  0.000      0.000      0.000       0.000       0.000       0.000       0.000       0.000       0.000    
  8899200.   10.74205816   10.8677   0.000       0.000      0.1257E-02  0.8509E-06-0.2560E-01-0.2153E-01 0.4587E-01  0.000      0.000      0.000       0.000       0.000       0.000       0.000       0.000       0.000    
  8985600.   10.73879547   10.8642   0.000       0.000      0.1254E-02  0.2832E-06-0.2555E-01-0.2148E-01 0.4577E-01  0.000      0.000      0.000       0.000       0.000       0.000       0.000       0.000       0.000    
  9072000.   10.74646079   10.8723   0.000       0.000      0.1259E-02 -0.6654E-06-0.2561E-01-0.2153E-01 0.4588E-01  0.000      0.000      0.000       0.000       0.000       0.000       0.000       0.000       0.000    
  9158400.   10.74254511   10.8681   0.000       0.000      0.1256E-02  0.3399E-06-0.2557E-01-0.2149E-01 0.4580E-01  0.000      0.000      0.000       0.000       0.000       0.000       0.000       0.000       0.000    
  9244800.   10.77023398   10.8975   0.000       0.000      0.1272E-02 -0.2404E-05-0.2583E-01-0.2174E-01 0.4630E-01  0.000      0.000      0.000       0.000       0.000       0.000       0.000       0.000       0.000    
  9331200.   10.84030249   10.9716   0.000       0.000      0.1313E-02 -0.6082E-05-0.2650E-01-0.2237E-01 0.4757E-01  0.000      0.000      0.000       0.000       0.000       0.000       0.000       0.000       0.000    
  9417600.   11.01114901   11.1514   0.000       0.000      0.1403E-02 -0.1483E-04-0.2803E-01-0.2382E-01 0.5046E-01  0.000      0.000      0.000       0.000       0.000       0.000       0.000       0.000       0.000    
  9504000.   11.13703368   11.2836   0.000       0.000      0.1466E-02 -0.1093E-04-0.2923E-01-0.2495E-01 0.5273E-01  0.000      0.000      0.000       0.000       0.000       0.000       0.000       0.000       0.000    
  9590400.   11.11462673   11.2607   0.000       0.000      0.1461E-02  0.1945E-05-0.2937E-01-0.2508E-01 0.5298E-01  0.000      0.000      0.000       0.000       0.000       0.000       0.000       0.000       0.000    
  9676800.   11.08662528   11.2317   0.000       0.000      0.1451E-02  0.2431E-05-0.2933E-01-0.2505E-01 0.5293E-01  0.000      0.000      0.000       0.000       0.000       0.000       0.000       0.000       0.000    
  9763200.   11.05662543   11.2003   0.000       0.000      0.1437E-02  0.2604E-05-0.2916E-01-0.2491E-01 0.5263E-01  0.000      0.000      0.000       0.000       0.000       0.000       0.000       0.000       0.000    
  9849600.   11.02797767   11.1703   0.000       0.000      0.1423E-02  0.2487E-05-0.2896E-01-0.2471E-01 0.5224E-01  0.000      0.000      0.000       0.000       0.000       0.000       0.000       0.000       0.000    
  9936000.   11.04635729   11.1895   0.000       0.000      0.1431E-02 -0.1595E-05-0.2908E-01-0.2484E-01 0.5249E-01  0.000      0.000      0.000       0.000       0.000       0.000       0.000       0.000       0.000    
 10022400.   11.06166969   11.2055   0.000       0.000      0.1438E-02 -0.1329E-05-0.2921E-01-0.2496E-01 0.5274E-01  0.000      0.000      0.000       0.000       0.000       0.000       0.000       0.000       0.000    
 10108800.   11.06633773   11.2104   0.000       0.000      0.1441E-02 -0.4052E-06-0.2928E-01-0.2503E-01 0.5287E-01  0.000      0.000      0.000       0.000       0.000       0.000       0.000       0.000       0.000    
 10195200.   11.07879246   11.2235   0.000       0.000      0.1447E-02 -0.1081E-05-0.2941E-01-0.2515E-01 0.5311E-01  0.000      0.000      0.000       0.000       0.000       0.000       0.000       0.000       0.000    
 10281600.   11.08544254   11.2306   0.000       0.000      0.1451E-02 -0.5773E-06-0.2950E-01-0.2523E-01 0.5327E-01  0.000      0.000      0.000       0.000       0.000       0.000       0.000       0.000       0.000    
 10368000.   11.07323616   11.2179   0.000       0.000      0.1446E-02  0.1060E-05-0.2944E-01-0.2517E-01 0.5316E-01  0.000      0.000      0.000       0.000       0.000       0.000       0.000       0.000       0.000    
 10454400.   11.05423457   11.1980   0.000       0.000      0.1437E-02  0.1649E-05-0.2931E-01-0.2505E-01 0.5291E-01  0.000      0.000      0.000       0.000       0.000       0.000       0.000       0.000       0.000    
 10540800.   11.05320885   11.1969   0.000       0.000      0.1437E-02  0.8904E-07-0.2929E-01-0.2503E-01 0.5288E-01  0.000      0.000      0.000       0.000       0.000       0.000       0.000       0.000       0.000    
 10627200.   11.06150315   11.2056   0.000       0.000      0.1441E-02 -0.7200E-06-0.2934E-01-0.2508E-01 0.5298E-01  0.000      0.000      0.000       0.000       0.000       0.000       0.000       0.000       0.000    
 10713600.   11.06212984   11.2063   0.000       0.000      0.1441E-02 -0.5440E-07-0.2936E-01-0.2509E-01 0.5301E-01  0.000      0.000      0.000       0.000       0.000       0.000       0.000       0.000       0.000    
 10800000.   11.05287115   11.1966   0.000       0.000      0.1437E-02  0.8037E-06-0.2930E-01-0.2503E-01 0.5289E-01  0.000      0.000      0.000       0.000       0.000       0.000       0.000       0.000       0.000    
 10886400.   11.03750346   11.1805   0.000       0.000      0.1430E-02  0.1334E-05-0.2918E-01-0.2492E-01 0.5266E-01  0.000      0.000      0.000       0.000       0.000       0.000       0.000       0.000       0.000    
 10972800.   11.01892368   11.1610   0.000       0.000      0.1421E-02  0.1613E-05-0.2902E-01-0.2476E-01 0.5236E-01  0.000      0.000      0.000       0.000       0.000       0.000       0.000       0.000       0.000    
 11059200.   10.99729927   11.1383   0.000       0.000      0.1410E-02  0.1877E-05-0.2882E-01-0.2457E-01 0.5198E-01  0.000      0.000      0.000       0.000       0.000       0.000       0.000       0.000       0.000    
 11145600.   10.97555027   11.1154   0.000       0.000      0.1399E-02  0.1888E-05-0.2860E-01-0.2437E-01 0.5157E-01  0.000      0.000      0.000       0.000       0.000       0.000       0.000       0.000       0.000    
 11232000.   10.95467451   11.0934   0.000       0.000      0.1388E-02  0.1812E-05-0.2838E-01-0.2416E-01 0.5115E-01  0.000      0.000      0.000       0.000       0.000       0.000       0.000       0.000       0.000    
 11318400.   10.93471193   11.0724   0.000       0.000      0.1377E-02  0.1733E-05-0.2816E-01-0.2395E-01 0.5074E-01  0.000      0.000      0.000       0.000       0.000       0.000       0.000       0.000       0.000    
 11404800.   10.93890691   11.0767   0.000       0.000      0.1378E-02 -0.3641E-06-0.2815E-01-0.2393E-01 0.5070E-01  0.000      0.000      0.000       0.000       0.000       0.000       0.000       0.000       0.000    
 11491200.   10.92121499   11.0581   0.000       0.000      0.1369E-02  0.1536E-05-0.2797E-01-0.2376E-01 0.5036E-01  0.000      0.000      0.000       0.000       0.000       0.000       0.000       0.000       0.000    
 11577600.   10.94704649   11.0852   0.000       0.000      0.1382E-02 -0.2242E-05-0.2815E-01-0.2393E-01 0.5070E-01  0.000      0.000      0.000       0.000       0.000       0.000       0.000       0.000       0.000    
 11664000.   11.01916862   11.1610   0.000       0.000      0.1418E-02 -0.6261E-05-0.2873E-01-0.2448E-01 0.5180E-01  0.000      0.000      0.000       0.000       0.000       0.000       0.000       0.000       0.000    
 11750400.   11.19175524   11.3418   0.000       0.000      0.1500E-02 -0.1498E-04-0.3011E-01-0.2577E-01 0.5439E-01  0.000      0.000      0.000       0.000       0.000       0.000       0.000       0.000       0.000    
 11836800.   11.15933352   11.3083   0.000       0.000      0.1490E-02  0.2814E-05-0.3010E-01-0.2576E-01 0.5437E-01  0.000      0.000      0.000       0.000       0.000       0.000       0.000       0.000       0.000    
 11923200.   11.12967971   11.2776   0.000       0.000      0.1479E-02  0.2574E-05-0.3002E-01-0.2569E-01 0.5422E-01  0.000      0.000      0.000       0.000       0.000       0.000       0.000       0.000       0.000    
 12009600.   11.10199998   11.2487   0.000       0.000      0.1467E-02  0.2403E-05-0.2985E-01-0.2553E-01 0.5391E-01  0.000      0.000      0.000       0.000       0.000       0.000       0.000       0.000       0.000    
 12096000.   11.09499953   11.2414   0.000       0.000      0.1464E-02  0.6077E-06-0.2979E-01-0.2547E-01 0.5380E-01  0.000      0.000      0.000       0.000       0.000       0.000       0.000       0.000       0.000    
 12182400.   11.08579144   11.2317   0.000       0.000      0.1459E-02  0.7993E-06-0.2971E-01-0.2540E-01 0.5365E-01  0.000      0.000      0.000       0.000       0.000       0.000       0.000       0.000       0.000    
 12268800.   11.07057793   11.2158   0.000       0.000      0.1452E-02  0.1321E-05-0.2959E-01-0.2528E-01 0.5342E-01  0.000      0.000      0.000       0.000       0.000       0.000       0.000       0.000       0.000    
 12355200.   11.05173390   11.1960   0.000       0.000      0.1443E-02  0.1636E-05-0.2942E-01-0.2513E-01 0.5311E-01  0.000      0.000      0.000       0.000       0.000       0.000       0.000       0.000       0.000    
 12441600.   11.03821502   11.1818   0.000       0.000      0.1436E-02  0.1174E-05-0.2929E-01-0.2500E-01 0.5285E-01  0.000      0.000      0.000       0.000       0.000       0.000       0.000       0.000       0.000    
 12528000.   11.08340557   11.2291   0.000       0.000      0.1457E-02 -0.3923E-05-0.2961E-01-0.2530E-01 0.5345E-01  0.000      0.000      0.000       0.000       0.000       0.000       0.000       0.000       0.000    
 12614400.   11.13546367   11.2836   0.000       0.000      0.1481E-02 -0.4519E-05-0.3002E-01-0.2568E-01 0.5423E-01  0.000      0.000      0.000       0.000       0.000       0.000       0.000       0.000       0.000    
 12700800.   11.12726383   11.2752   0.000       0.000      0.1479E-02  0.7118E-06-0.3004E-01-0.2570E-01 0.5426E-01  0.000      0.000      0.000       0.000       0.000       0.000       0.000       0.000       0.000    
 12787200.   11.11169194   11.2590   0.000       0.000      0.1474E-02  0.1352E-05-0.2997E-01-0.2563E-01 0.5413E-01  0.000      0.000      0.000       0.000       0.000       0.000       0.000       0.000       0.000    
 12873600.   11.09089242   11.2373   0.000       0.000      0.1464E-02  0.1806E-05-0.2983E-01-0.2550E-01 0.5386E-01  0.000      0.000      0.000       0.000       0.000       0.000       0.000       0.000       0.000    
 12960000.   11.09551706   11.2421   0.000       0.000      0.1466E-02 -0.4014E-06-0.2985E-01-0.2551E-01 0.5389E-01  0.000      0.000      0.000       0.000       0.000       0.000       0.000       0.000       0.000    
 13046400.   11.08619801   11.2324   0.000       0.000      0.1462E-02  0.8089E-06-0.2977E-01-0.2544E-01 0.5375E-01  0.000      0.000      0.000       0.000       0.000       0.000       0.000       0.000       0.000    
 13132800.   11.07233418   11.2179   0.000       0.000      0.1455E-02  0.1203E-05-0.2966E-01-0.2533E-01 0.5353E-01  0.000      0.000      0.000       0.000       0.000       0.000       0.000       0.000       0.000    
 13219200.   11.06253853   11.2076   0.000       0.000      0.1451E-02  0.8503E-06-0.2957E-01-0.2524E-01 0.5336E-01  0.000      0.000      0.000       0.000       0.000       0.000       0.000       0.000       0.000    
 13305600.   11.04833650   11.1927   0.000       0.000      0.1444E-02  0.1233E-05-0.2944E-01-0.2512E-01 0.5311E-01  0.000      0.000      0.000       0.000       0.000       0.000       0.000       0.000       0.000    
 13392000.   11.06950184   11.2148   0.000       0.000      0.1453E-02 -0.1837E-05-0.2957E-01-0.2525E-01 0.5337E-01  0.000      0.000      0.000       0.000       0.000       0.000       0.000       0.000       0.000    
 13478400.   11.08546235   11.2316   0.000       0.000      0.1461E-02 -0.1385E-05-0.2970E-01-0.2536E-01 0.5360E-01  0.000      0.000      0.000       0.000       0.000       0.000       0.000       0.000       0.000    
 13564800.   11.08101040   11.2270   0.000       0.000      0.1460E-02  0.3865E-06-0.2969E-01-0.2535E-01 0.5358E-01  0.000      0.000      0.000       0.000       0.000       0.000       0.000       0.000       0.000    
 13651200.   11.07147632   11.2170   0.000       0.000      0.1456E-02  0.8276E-06-0.2963E-01-0.2529E-01 0.5347E-01  0.000      0.000      0.000       0.000       0.000       0.000       0.000       0.000       0.000    
 13737600.   11.05789783   11.2028   0.000       0.000      0.1449E-02  0.1179E-05-0.2952E-01-0.2519E-01 0.5326E-01  0.000      0.000      0.000       0.000       0.000       0.000       0.000       0.000       0.000    
 13824000.   11.10212490   11.2491   0.000       0.000      0.1470E-02 -0.3839E-05-0.2984E-01-0.2549E-01 0.5387E-01  0.000      0.000      0.000       0.000       0.000       0.000       0.000       0.000       0.000    
 13910400.   11.16580200   11.3158   0.000       0.000      0.1500E-02 -0.5528E-05-0.3035E-01-0.2596E-01 0.5481E-01  0.000      0.000      0.000       0.000       0.000       0.000       0.000       0.000       0.000    
 13996800.   11.16444713   11.3146   0.000       0.000      0.1501E-02  0.1176E-06-0.3043E-01-0.2604E-01 0.5496E-01  0.000      0.000      0.000       0.000       0.000       0.000       0.000       0.000       0.000    
 14083200.   11.14989524   11.2995   0.000       0.000      0.1496E-02  0.1263E-05-0.3039E-01-0.2600E-01 0.5489E-01  0.000      0.000      0.000       0.000       0.000       0.000       0.000       0.000       0.000    
 14169600.   11.16452718   11.3149   0.000       0.000      0.1503E-02 -0.1270E-05-0.3052E-01-0.2612E-01 0.5514E-01  0.000      0.000      0.000       0.000       0.000       0.000       0.000       0.000       0.000    
 14256000.   11.17674966   11.3277   0.000       0.000      0.1509E-02 -0.1061E-05-0.3063E-01-0.2623E-01 0.5535E-01  0.000      0.000      0.000       0.000       0.000       0.000       0.000       0.000       0.000    
 14342400.   11.23774179   11.3914   0.000       0.000      0.1537E-02 -0.5294E-05-0.3110E-01-0.2667E-01 0.5623E-01  0.000      0.000      0.000       0.000       0.000       0.000       0.000       0.000       0.000    
 14428800.   11.39484096   11.5552   0.000       0.000      0.1604E-02 -0.1364E-04-0.3223E-01-0.2773E-01 0.5837E-01  0.000      0.000      0.000       0.000       0.000       0.000       0.000       0.000       0.000    
 14515200.   11.39115234   11.5518   0.000       0.000      0.1606E-02  0.3202E-06-0.3241E-01-0.2790E-01 0.5870E-01  0.000      0.000      0.000       0.000       0.000       0.000       0.000       0.000       0.000    
 14601600.   11.41539228   11.5774   0.000       0.000      0.1620E-02 -0.2104E-05-0.3272E-01-0.2819E-01 0.5929E-01  0.000      0.000      0.000       0.000       0.000       0.000       0.000       0.000       0.000    
 14688000.   11.46784457   11.6321   0.000       0.000      0.1643E-02 -0.4553E-05-0.3316E-01-0.2860E-01 0.6012E-01  0.000      0.000      0.000       0.000       0.000       0.000       0.000       0.000       0.000    
 14774400.   11.48692713   11.6522   0.000       0.000      0.1652E-02 -0.1656E-05-0.3340E-01-0.2883E-01 0.6057E-01  0.000      0.000      0.000       0.000       0.000       0.000       0.000       0.000       0.000    
 14860800.   11.47712963   11.6423   0.000       0.000      0.1651E-02  0.8505E-06-0.3344E-01-0.2887E-01 0.6067E-01  0.000      0.000      0.000       0.000       0.000       0.000       0.000       0.000       0.000    
 14947200.   11.46349276   11.6283   0.000       0.000      0.1648E-02  0.1184E-05-0.3343E-01-0.2886E-01 0.6063E-01  0.000      0.000      0.000       0.000       0.000       0.000       0.000       0.000       0.000    
 15033600.   11.44171019   11.6057   0.000       0.000      0.1640E-02  0.1891E-05-0.3332E-01-0.2876E-01 0.6044E-01  0.000      0.000      0.000       0.000       0.000       0.000       0.000       0.000       0.000    
 15120000.   11.41618697   11.5792   0.000       0.000      0.1630E-02  0.2216E-05-0.3317E-01-0.2862E-01 0.6015E-01  0.000      0.000      0.000       0.000       0.000       0.000       0.000       0.000       0.000    
 15206400.   11.38691883   11.5488   0.000       0.000      0.1619E-02  0.2541E-05-0.3297E-01-0.2842E-01 0.5977E-01  0.000      0.000      0.000       0.000       0.000       0.000       0.000       0.000       0.000    
 15292800.   11.35571666   11.5163   0.000       0.000      0.1606E-02  0.2709E-05-0.3274E-01-0.2820E-01 0.5933E-01  0.000      0.000      0.000       0.000       0.000       0.000       0.000       0.000       0.000    
 15379200.   11.39549093   11.5576   0.000       0.000      0.1621E-02 -0.3453E-05-0.3295E-01-0.2840E-01 0.5973E-01  0.000      0.000      0.000       0.000       0.000       0.000       0.000       0.000       0.000    
 15465600.   11.41446934   11.5774   0.000       0.000      0.1629E-02 -0.1647E-05-0.3308E-01-0.2852E-01 0.5997E-01  0.000      0.000      0.000       0.000       0.000       0.000       0.000       0.000       0.000    
 15552000.   11.39990302   11.5624   0.000       0.000      0.1625E-02  0.1264E-05-0.3302E-01-0.2846E-01 0.5986E-01  0.000      0.000      0.000       0.000       0.000       0.000       0.000       0.000       0.000    
 15638400.   11.37307308   11.5345   0.000       0.000      0.1615E-02  0.2329E-05-0.3286E-01-0.2831E-01 0.5955E-01  0.000      0.000      0.000       0.000       0.000       0.000       0.000       0.000       0.000    
 15724800.   11.34466404   11.5050   0.000       0.000      0.1603E-02  0.2466E-05-0.3266E-01-0.2811E-01 0.5917E-01  0.000      0.000      0.000       0.000       0.000       0.000       0.000       0.000       0.000    
 15811200.   11.31635889   11.4755   0.000       0.000      0.1591E-02  0.2457E-05-0.3244E-01-0.2790E-01 0.5874E-01  0.000      0.000      0.000       0.000       0.000       0.000       0.000       0.000       0.000    
 15897600.   11.28918411   11.4471   0.000       0.000      0.1579E-02  0.2359E-05-0.3221E-01-0.2768E-01 0.5830E-01  0.000      0.000      0.000       0.000       0.000       0.000       0.000       0.000       0.000    
 15984000.   11.26983821   11.4269   0.000       0.000      0.1570E-02  0.1679E-05-0.3202E-01-0.2750E-01 0.5794E-01  0.000      0.000      0.000       0.000       0.000       0.000       0.000       0.000       0.000    
 16070400.   11.24504314   11.4009   0.000       0.000      0.1559E-02  0.2152E-05-0.3180E-01-0.2728E-01 0.5752E-01  0.000      0.000      0.000       0.000       0.000       0.000       0.000       0.000       0.000    
 16156800.   11.22095209   11.3757   0.000       0.000      0.1548E-02  0.2091E-05-0.3157E-01-0.2707E-01 0.5709E-01  0.000      0.000      0.000       0.000       0.000       0.000       0.000       0.000       0.000    
 16243200.   11.19720968   11.3508   0.000       0.000      0.1536E-02  0.2061E-05-0.3134E-01-0.2685E-01 0.5665E-01  0.000      0.000      0.000       0.000       0.000       0.000       0.000       0.000       0.000    
 16329600.   11.17426577   11.3268   0.000       0.000      0.1525E-02  0.1992E-05-0.3112E-01-0.2663E-01 0.5622E-01  0.000      0.000      0.000       0.000       0.000       0.000       0.000       0.000       0.000    
 16416000.   11.15205348   11.3035   0.000       0.000      0.1514E-02  0.1928E-05-0.3090E-01-0.2642E-01 0.5580E-01  0.000      0.000      0.000       0.000       0.000       0.000       0.000       0.000       0.000    
 16502400.   11.13060108   11.2810   0.000       0.000      0.1504E-02  0.1862E-05-0.3068E-01-0.2620E-01 0.5537E-01  0.000      0.000      0.000       0.000       0.000       0.000       0.000       0.000       0.000    
 16588800.   11.10992716   11.2592   0.000       0.000      0.1493E-02  0.1795E-05-0.3046E-01-0.2600E-01 0.5496E-01  0.000      0.000      0.000       0.000       0.000       0.000       0.000       0.000       0.000    
 16675200.   11.09001609   11.2383   0.000       0.000      0.1483E-02  0.1728E-05-0.3025E-01-0.2579E-01 0.5456E-01  0.000      0.000      0.000       0.000       0.000       0.000       0.000       0.000       0.000    
 16761600.   11.07452640   11.2220   0.000       0.000      0.1475E-02  0.1345E-05-0.3007E-01-0.2562E-01 0.5421E-01  0.000      0.000      0.000       0.000       0.000       0.000       0.000       0.000       0.000    
 16848000.   11.06264965   11.2095   0.000       0.000      0.1468E-02  0.1031E-05-0.2992E-01-0.2548E-01 0.5393E-01  0.000      0.000      0.000       0.000       0.000       0.000       0.000       0.000       0.000    
 16934400.   11.06420137   11.2110   0.000       0.000      0.1468E-02 -0.1347E-06-0.2988E-01-0.2544E-01 0.5385E-01  0.000      0.000      0.000       0.000       0.000       0.000       0.000       0.000       0.000    
 17020800.   11.05889625   11.2054   0.000       0.000      0.1465E-02  0.4605E-06-0.2981E-01-0.2537E-01 0.5371E-01  0.000      0.000      0.000       0.000       0.000       0.000       0.000       0.000       0.000    
 17107200.   11.04181571   11.1875   0.000       0.000      0.1457E-02  0.1483E-05-0.2965E-01-0.2522E-01 0.5341E-01  0.000      0.000      0.000       0.000       0.000       0.000       0.000       0.000       0.000    
 17193600.   11.02539732   11.1702   0.000       0.000      0.1448E-02  0.1425E-05-0.2949E-01-0.2506E-01 0.5310E-01  0.000      0.000      0.000       0.000       0.000       0.000       0.000       0.000       0.000    
 17280000.   11.00866893   11.1526   0.000       0.000      0.1439E-02  0.1452E-05-0.2931E-01-0.2489E-01 0.5276E-01  0.000      0.000      0.000       0.000       0.000       0.000       0.000       0.000       0.000    
 17366400.   10.99206235   11.1351   0.000       0.000      0.1430E-02  0.1442E-05-0.2913E-01-0.2472E-01 0.5242E-01  0.000      0.000      0.000       0.000       0.000       0.000       0.000       0.000       0.000    
 17452800.   10.97590394   11.1180   0.000       0.000      0.1421E-02  0.1403E-05-0.2895E-01-0.2455E-01 0.5208E-01  0.000      0.000      0.000       0.000       0.000       0.000       0.000       0.000       0.000    
 17539200.   10.96024886   11.1015   0.000       0.000      0.1412E-02  0.1359E-05-0.2877E-01-0.2438E-01 0.5174E-01  0.000      0.000      0.000       0.000       0.000       0.000       0.000       0.000       0.000    
 17625600.   10.94511798   11.0855   0.000       0.000      0.1404E-02  0.1313E-05-0.2860E-01-0.2421E-01 0.5141E-01  0.000      0.000      0.000       0.000       0.000       0.000       0.000       0.000       0.000    
 17712000.   10.93595489   11.0758   0.000       0.000      0.1398E-02  0.7954E-06-0.2847E-01-0.2409E-01 0.5116E-01  0.000      0.000      0.000       0.000       0.000       0.000       0.000       0.000       0.000    
 17798400.   10.92222943   11.0613   0.000       0.000      0.1390E-02  0.1191E-05-0.2831E-01-0.2394E-01 0.5086E-01  0.000      0.000      0.000       0.000       0.000       0.000       0.000       0.000       0.000    
 17884800.   10.90820429   11.0464   0.000       0.000      0.1382E-02  0.1217E-05-0.2815E-01-0.2378E-01 0.5055E-01  0.000      0.000      0.000       0.000       0.000       0.000       0.000       0.000       0.000    
 17971200.   10.89467310   11.0321   0.000       0.000      0.1374E-02  0.1175E-05-0.2799E-01-0.2363E-01 0.5025E-01  0.000      0.000      0.000       0.000       0.000       0.000       0.000       0.000       0.000    
 18057600.   10.88157989   11.0182   0.000       0.000      0.1366E-02  0.1137E-05-0.2783E-01-0.2348E-01 0.4994E-01  0.000      0.000      0.000       0.000       0.000       0.000       0.000       0.000       0.000    
 18144000.   10.86888779   11.0048   0.000       0.000      0.1359E-02  0.1102E-05-0.2768E-01-0.2333E-01 0.4965E-01  0.000      0.000      0.000       0.000       0.000       0.000       0.000       0.000       0.000    
 18230400.   10.85657225   10.9917   0.000       0.000      0.1351E-02  0.1069E-05-0.2752E-01-0.2319E-01 0.4936E-01  0.000      0.000      0.000       0.000       0.000       0.000       0.000       0.000       0.000    
 18316800.   10.84461948   10.9790   0.000       0.000      0.1344E-02  0.1038E-05-0.2737E-01-0.2304E-01 0.4907E-01  0.000      0.000      0.000       0.000       0.000       0.000       0.000       0.000       0.000    
 18403200.   10.83300095   10.9666   0.000       0.000      0.1336E-02  0.1009E-05-0.2722E-01-0.2290E-01 0.4879E-01  0.000      0.000      0.000       0.000       0.000       0.000       0.000       0.000       0.000    
 18489600.   10.82170225   10.9546   0.000       0.000      0.1329E-02  0.9808E-06-0.2708E-01-0.2277E-01 0.4852E-01  0.000      0.000      0.000       0.000       0.000       0.000       0.000       0.000       0.000    
 18576000.   10.81071055   10.9429   0.000       0.000      0.1322E-02  0.9541E-06-0.2694E-01-0.2263E-01 0.4825E-01  0.000      0.000      0.000       0.000       0.000       0.000       0.000       0.000       0.000    
 18662400.   10.80000692   10.9316   0.000       0.000      0.1315E-02  0.9291E-06-0.2680E-01-0.2250E-01 0.4798E-01  0.000      0.000      0.000       0.000       0.000       0.000       0.000       0.000       0.000    
 18748800.   10.78957997   10.9205   0.000       0.000      0.1309E-02  0.9051E-06-0.2666E-01-0.2237E-01 0.4772E-01  0.000      0.000      0.000       0.000       0.000       0.000       0.000       0.000       0.000    
 18835200.   10.79033239   10.9212   0.000       0.000      0.1308E-02 -0.6531E-07-0.2663E-01-0.2234E-01 0.4766E-01  0.000      0.000      0.000       0.000       0.000       0.000       0.000       0.000       0.000    
 18921600.   10.78199458   10.9123   0.000       0.000      0.1303E-02  0.7238E-06-0.2652E-01-0.2224E-01 0.4746E-01  0.000      0.000      0.000       0.000       0.000       0.000       0.000       0.000       0.000    
 19008000.   10.77132702   10.9009   0.000       0.000      0.1296E-02  0.9260E-06-0.2640E-01-0.2212E-01 0.4722E-01  0.000      0.000      0.000       0.000       0.000       0.000       0.000       0.000       0.000    
 19094400.   10.76108022   10.8900   0.000       0.000      0.1290E-02  0.8895E-06-0.2627E-01-0.2200E-01 0.4698E-01  0.000      0.000      0.000       0.000       0.000       0.000       0.000       0.000       0.000    
 19180800.   10.75118727   10.8795   0.000       0.000      0.1283E-02  0.8588E-06-0.2614E-01-0.2188E-01 0.4673E-01  0.000      0.000      0.000       0.000       0.000       0.000       0.000       0.000       0.000    
 19267200.   10.74185902   10.8695   0.000       0.000      0.1277E-02  0.8097E-06-0.2601E-01-0.2176E-01 0.4650E-01  0.000      0.000      0.000       0.000       0.000       0.000       0.000       0.000       0.000    
 19353600.   10.73253886   10.8596   0.000       0.000      0.1270E-02  0.8090E-06-0.2588E-01-0.2165E-01 0.4626E-01  0.000      0.000      0.000       0.000       0.000       0.000       0.000       0.000       0.000    
 19440000.   10.72347891   10.8499   0.000       0.000      0.1264E-02  0.7865E-06-0.2576E-01-0.2153E-01 0.4603E-01  0.000      0.000      0.000       0.000       0.000       0.000       0.000       0.000       0.000    
 19526400.   10.71465806   10.8404   0.000       0.000      0.1258E-02  0.7657E-06-0.2564E-01-0.2142E-01 0.4580E-01  0.000      0.000      0.000       0.000       0.000       0.000       0.000       0.000       0.000    
 19612800.   10.70606005   10.8312   0.000       0.000      0.1252E-02  0.7464E-06-0.2552E-01-0.2130E-01 0.4557E-01  0.000      0.000      0.000       0.000       0.000       0.000       0.000       0.000       0.000    
 19699200.   10.69766949   10.8223   0.000       0.000      0.1246E-02  0.7283E-06-0.2540E-01-0.2119E-01 0.4535E-01  0.000      0.000      0.000       0.000       0.000       0.000       0.000       0.000       0.000    
 19785600.   10.68947506   10.8135   0.000       0.000      0.1240E-02  0.7113E-06-0.2528E-01-0.2109E-01 0.4513E-01  0.000      0.000      0.000       0.000       0.000       0.000       0.000       0.000       0.000    
 19872000.   10.68146693   10.8049   0.000       0.000      0.1234E-02  0.6952E-06-0.2517E-01-0.2098E-01 0.4491E-01  0.000      0.000      0.000       0.000       0.000       0.000       0.000       0.000       0.000    
 19958400.   10.68383998   10.8074   0.000       0.000      0.1235E-02 -0.2060E-06-0.2516E-01-0.2098E-01 0.4490E-01  0.000      0.000      0.000       0.000       0.000       0.000       0.000       0.000       0.000    
 20044800.   10.69038041   10.8143   0.000       0.000      0.1239E-02 -0.5677E-06-0.2521E-01-0.2102E-01 0.4500E-01  0.000      0.000      0.000       0.000       0.000       0.000       0.000       0.000       0.000    
 20131200.   10.68069606   10.8039   0.000       0.000      0.1232E-02  0.8407E-06-0.2511E-01-0.2092E-01 0.4479E-01  0.000      0.000      0.000       0.000       0.000       0.000       0.000       0.000       0.000    
 20217600.   10.67487351   10.7977   0.000       0.000      0.1228E-02  0.5054E-06-0.2503E-01-0.2085E-01 0.4466E-01  0.000      0.000      0.000       0.000       0.000       0.000       0.000       0.000       0.000    
 20304000.   10.66823829   10.7906   0.000       0.000      0.1223E-02  0.5760E-06-0.2494E-01-0.2077E-01 0.4449E-01  0.000      0.000      0.000       0.000       0.000       0.000       0.000       0.000       0.000    
 20390400.   10.65967422   10.7814   0.000       0.000      0.1217E-02  0.7434E-06-0.2483E-01-0.2067E-01 0.4428E-01  0.000      0.000      0.000       0.000       0.000       0.000       0.000       0.000       0.000    
 20476800.   10.65144694   10.7726   0.000       0.000      0.1211E-02  0.7142E-06-0.2472E-01-0.2056E-01 0.4407E-01  0.000      0.000      0.000       0.000       0.000       0.000       0.000       0.000       0.000    
 20563200.   10.64350944   10.7640   0.000       0.000      0.1205E-02  0.6890E-06-0.2460E-01-0.2046E-01 0.4386E-01  0.000      0.000      0.000       0.000       0.000       0.000       0.000       0.000       0.000    
 20649600.   10.63583477   10.7558   0.000       0.000      0.1200E-02  0.6662E-06-0.2449E-01-0.2036E-01 0.4365E-01  0.000      0.000      0.000       0.000       0.000       0.000       0.000       0.000       0.000    
 20736000.   10.62839543   10.7478   0.000       0.000      0.1194E-02  0.6458E-06-0.2438E-01-0.2026E-01 0.4344E-01  0.000      0.000      0.000       0.000       0.000       0.000       0.000       0.000       0.000    
 20822400.   10.62116841   10.7400   0.000       0.000      0.1189E-02  0.6273E-06-0.2428E-01-0.2016E-01 0.4324E-01  0.000      0.000      0.000       0.000       0.000       0.000       0.000       0.000       0.000    
 20908800.   10.61413738   10.7325   0.000       0.000      0.1183E-02  0.6103E-06-0.2417E-01-0.2006E-01 0.4305E-01  0.000      0.000      0.000       0.000       0.000       0.000       0.000       0.000       0.000    
 20995200.   10.60728646   10.7251   0.000       0.000      0.1178E-02  0.5947E-06-0.2407E-01-0.1996E-01 0.4285E-01  0.000      0.000      0.000       0.000       0.000       0.000       0.000       0.000       0.000    
 21081600.   10.60060345   10.7179   0.000       0.000      0.1173E-02  0.5801E-06-0.2397E-01-0.1987E-01 0.4266E-01  0.000      0.000      0.000       0.000       0.000       0.000       0.000       0.000       0.000    
 21168000.   10.59407562   10.7108   0.000       0.000      0.1168E-02  0.5667E-06-0.2387E-01-0.1978E-01 0.4247E-01  0.000      0.000      0.000       0.000       0.000       0.000       0.000       0.000       0.000    
 21254400.   10.58769272   10.7040   0.000       0.000      0.1163E-02  0.5541E-06-0.2377E-01-0.1969E-01 0.4229E-01  0.000      0.000      0.000       0.000       0.000       0.000       0.000       0.000       0.000    
 21340800.   10.58144664   10.6972   0.000       0.000      0.1158E-02  0.5422E-06-0.2367E-01-0.1960E-01 0.4211E-01  0.000      0.000      0.000       0.000       0.000       0.000       0.000       0.000       0.000    
 21427200.   10.57532999   10.6906   0.000       0.000      0.1153E-02  0.5310E-06-0.2357E-01-0.1951E-01 0.4193E-01  0.000      0.000      0.000       0.000       0.000       0.000       0.000       0.000       0.000    
 21513600.   10.57079046   10.6857   0.000       0.000      0.1149E-02  0.3941E-06-0.2350E-01-0.1944E-01 0.4178E-01  0.000      0.000      0.000       0.000       0.000       0.000       0.000       0.000       0.000    
 21600000.   10.58076494   10.6964   0.000       0.000      0.1156E-02 -0.8658E-06-0.2359E-01-0.1953E-01 0.4196E-01  0.000      0.000      0.000       0.000       0.000       0.000       0.000       0.000       0.000    
 21686400.   10.57321397   10.6882   0.000       0.000      0.1150E-02  0.6555E-06-0.2349E-01-0.1944E-01 0.4178E-01  0.000      0.000      0.000       0.000       0.000       0.000       0.000       0.000       0.000    
 21772800.   10.56614119   10.6806   0.000       0.000      0.1144E-02  0.6140E-06-0.2340E-01-0.1935E-01 0.4161E-01  0.000      0.000      0.000       0.000       0.000       0.000       0.000       0.000       0.000    
 21859200.   10.55947222   10.6734   0.000       0.000      0.1139E-02  0.5789E-06-0.2330E-01-0.1926E-01 0.4143E-01  0.000      0.000      0.000       0.000       0.000       0.000       0.000       0.000       0.000    
 21945600.   10.55311216   10.6665   0.000       0.000      0.1134E-02  0.5521E-06-0.2321E-01-0.1917E-01 0.4125E-01  0.000      0.000      0.000       0.000       0.000       0.000       0.000       0.000       0.000    
 22032000.   10.54700024   10.6599   0.000       0.000      0.1129E-02  0.5305E-06-0.2311E-01-0.1909E-01 0.4107E-01  0.000      0.000      0.000       0.000       0.000       0.000       0.000       0.000       0.000    
 22118400.   10.54109238   10.6535   0.000       0.000      0.1124E-02  0.5128E-06-0.2302E-01-0.1900E-01 0.4089E-01  0.000      0.000      0.000       0.000       0.000       0.000       0.000       0.000       0.000    
 22204800.   10.53535935   10.6473   0.000       0.000      0.1119E-02  0.4977E-06-0.2292E-01-0.1892E-01 0.4072E-01  0.000      0.000      0.000       0.000       0.000       0.000       0.000       0.000       0.000    
 22291200.   10.52977948   10.6412   0.000       0.000      0.1115E-02  0.4844E-06-0.2283E-01-0.1883E-01 0.4055E-01  0.000      0.000      0.000       0.000       0.000       0.000       0.000       0.000       0.000    
 22377600.   10.52433744   10.6353   0.000       0.000      0.1110E-02  0.4724E-06-0.2274E-01-0.1875E-01 0.4038E-01  0.000      0.000      0.000       0.000       0.000       0.000       0.000       0.000       0.000    
 22464000.   10.53647232   10.6484   0.000       0.000      0.1119E-02 -0.1053E-05-0.2287E-01-0.1888E-01 0.4063E-01  0.000      0.000      0.000       0.000       0.000       0.000       0.000       0.000       0.000    
 22550400.   10.53157365   10.6430   0.000       0.000      0.1115E-02  0.4252E-06-0.2281E-01-0.1881E-01 0.4051E-01  0.000      0.000      0.000       0.000       0.000       0.000       0.000       0.000       0.000    
 22636800.   10.52942133   10.6407   0.000       0.000      0.1113E-02  0.1868E-06-0.2277E-01-0.1879E-01 0.4045E-01  0.000      0.000      0.000       0.000       0.000       0.000       0.000       0.000       0.000    
 22723200.   10.57411653   10.6887   0.000       0.000      0.1146E-02 -0.3880E-05-0.2331E-01-0.1929E-01 0.4146E-01  0.000      0.000      0.000       0.000       0.000       0.000       0.000       0.000       0.000    
 22809600.   10.57312171   10.6875   0.000       0.000      0.1144E-02  0.8636E-07-0.2333E-01-0.1931E-01 0.4149E-01  0.000      0.000      0.000       0.000       0.000       0.000       0.000       0.000       0.000    
 22896000.   10.56991065   10.6841   0.000       0.000      0.1142E-02  0.2787E-06-0.2332E-01-0.1931E-01 0.4149E-01  0.000      0.000      0.000       0.000       0.000       0.000       0.000       0.000       0.000    
 22982400.   10.56568488   10.6795   0.000       0.000      0.1138E-02  0.3668E-06-0.2328E-01-0.1928E-01 0.4142E-01  0.000      0.000      0.000       0.000       0.000       0.000       0.000       0.000       0.000    
 23068800.   10.56090695   10.6744   0.000       0.000      0.1135E-02  0.4148E-06-0.2322E-01-0.1923E-01 0.4132E-01  0.000      0.000      0.000       0.000       0.000       0.000       0.000       0.000       0.000    
 23155200.   10.55499391   10.6680   0.000       0.000      0.1130E-02  0.5133E-06-0.2315E-01-0.1916E-01 0.4117E-01  0.000      0.000      0.000       0.000       0.000       0.000       0.000       0.000       0.000    
 23241600.   10.54864525   10.6611   0.000       0.000      0.1125E-02  0.5511E-06-0.2306E-01-0.1908E-01 0.4101E-01  0.000      0.000      0.000       0.000       0.000       0.000       0.000       0.000       0.000    
 23328000.   10.54189844   10.6538   0.000       0.000      0.1119E-02  0.5857E-06-0.2296E-01-0.1899E-01 0.4083E-01  0.000      0.000      0.000       0.000       0.000       0.000       0.000       0.000       0.000    
 23414400.   10.53512934   10.6465   0.000       0.000      0.1114E-02  0.5876E-06-0.2286E-01-0.1890E-01 0.4065E-01  0.000      0.000      0.000       0.000       0.000       0.000       0.000       0.000       0.000    
 23500800.   10.52866287   10.6395   0.000       0.000      0.1108E-02  0.5613E-06-0.2276E-01-0.1881E-01 0.4046E-01  0.000      0.000      0.000       0.000       0.000       0.000       0.000       0.000       0.000    
 23587200.   10.52238892   10.6327   0.000       0.000      0.1103E-02  0.5446E-06-0.2267E-01-0.1871E-01 0.4028E-01  0.000      0.000      0.000       0.000       0.000       0.000       0.000       0.000       0.000    
 23673600.   10.51620309   10.6260   0.000       0.000      0.1098E-02  0.5370E-06-0.2257E-01-0.1862E-01 0.4009E-01  0.000      0.000      0.000       0.000       0.000       0.000       0.000       0.000       0.000    
 23760000.   10.51000621   10.6193   0.000       0.000      0.1093E-02  0.5379E-06-0.2247E-01-0.1853E-01 0.3990E-01  0.000      0.000      0.000       0.000       0.000       0.000       0.000       0.000       0.000    
 23846400.   10.50397112   10.6127   0.000       0.000      0.1088E-02  0.5239E-06-0.2237E-01-0.1844E-01 0.3972E-01  0.000      0.000      0.000       0.000       0.000       0.000       0.000       0.000       0.000    
 23932800.   10.49818580   10.6065   0.000       0.000      0.1083E-02  0.5022E-06-0.2227E-01-0.1835E-01 0.3953E-01  0.000      0.000      0.000     -0.8939E-07   0.000       0.000       0.000       0.000       0.000    
 24019200.   10.49261749   10.6004   0.000       0.000      0.1078E-02  0.4834E-06-0.2217E-01-0.1826E-01 0.3936E-01  0.000      0.000      0.000     -0.6431E-06   0.000       0.000       0.000       0.000       0.000    
 24105600.   10.48721159   10.5945   0.000       0.000      0.1073E-02  0.4693E-06-0.2209E-01-0.1818E-01 0.3919E-01  0.000      0.000      0.000     -0.9349E-06   0.000       0.000       0.000       0.000       0.000    
 24192000.   10.48190749   10.5888   0.000       0.000      0.1068E-02  0.4604E-06-0.2200E-01-0.1810E-01 0.3902E-01  0.000      0.000      0.000     -0.1134E-05   0.000       0.000       0.000       0.000       0.000    
 24278400.   10.47669537   10.5831   0.000       0.000      0.1064E-02  0.4524E-06-0.2191E-01-0.1801E-01 0.3886E-01  0.000      0.000      0.000     -0.1287E-05   0.000       0.000       0.000       0.000       0.000    
 24364800.   10.47160704   10.5775   0.000       0.000      0.1059E-02  0.4417E-06-0.2182E-01-0.1793E-01 0.3869E-01  0.000      0.000      0.000     -0.1401E-05   0.000       0.000       0.000       0.000       0.000    
 24451200.   10.46665471   10.5722   0.000       0.000      0.1055E-02  0.4299E-06-0.2173E-01-0.1785E-01 0.3853E-01  0.000      0.000      0.000     -0.1487E-05   0.000       0.000       0.000       0.000       0.000    
 24537600.   10.46183035   10.5669   0.000       0.000      0.1051E-02  0.4188E-06-0.2165E-01-0.1778E-01 0.3837E-01  0.000      0.000      0.000     -0.1555E-05   0.000       0.000       0.000       0.000       0.000    
 24624000.   10.45712555   10.5618   0.000       0.000      0.1046E-02  0.4084E-06-0.2156E-01-0.1770E-01 0.3821E-01  0.000      0.000      0.000     -0.1610E-05   0.000       0.000       0.000       0.000       0.000    
 24710400.   10.45252734   10.5568   0.000       0.000      0.1042E-02  0.3992E-06-0.2148E-01-0.1762E-01 0.3806E-01  0.000      0.000      0.000     -0.1658E-05   0.000       0.000       0.000       0.000       0.000    
 24796800.   10.44802824   10.5519   0.000       0.000      0.1038E-02  0.3905E-06-0.2140E-01-0.1755E-01 0.3791E-01  0.000      0.000      0.000     -0.1698E-05   0.000       0.000       0.000       0.000       0.000    
 24883200.   10.44383901   10.5473   0.000       0.000      0.1034E-02  0.3636E-06-0.2132E-01-0.1748E-01 0.3777E-01  0.000      0.000      0.000     -0.1645E-05   0.000       0.000       0.000       0.000       0.000    
 24969600.   10.44387945   10.5474   0.000       0.000      0.1035E-02 -0.3510E-08-0.2131E-01-0.1746E-01 0.3773E-01  0.000      0.000      0.000      0.1616E-07   0.000       0.000       0.000       0.000       0.000    
 25056000.   10.43947247   10.5425   0.000       0.000      0.1030E-02  0.3826E-06-0.2123E-01-0.1739E-01 0.3759E-01  0.000      0.000      0.000     -0.1793E-05   0.000       0.000       0.000       0.000       0.000    
 25142400.   10.43505036   10.5376   0.000       0.000      0.1026E-02  0.3839E-06-0.2115E-01-0.1733E-01 0.3745E-01  0.000      0.000      0.000     -0.1862E-05   0.000       0.000       0.000       0.000       0.000    
 25228800.   10.43901052   10.5421   0.000       0.000      0.1031E-02 -0.3438E-06-0.2119E-01-0.1737E-01 0.3753E-01  0.000      0.000      0.000      0.1670E-05   0.000       0.000       0.000       0.000       0.000    
 25315200.   10.43519322   10.5377   0.000       0.000      0.1025E-02  0.3314E-06-0.2113E-01-0.1731E-01 0.3741E-01  0.000      0.000      0.000     -0.1609E-05   0.000       0.000       0.000       0.000       0.000    
 25401600.   10.43553987   10.5382   0.000       0.000      0.1026E-02 -0.3009E-07-0.2112E-01-0.1731E-01 0.3740E-01  0.000      0.000      0.000      0.1480E-06   0.000       0.000       0.000       0.000       0.000    
 25488000.   10.43562806   10.5382   0.000       0.000      0.1026E-02 -0.7656E-08-0.2112E-01-0.1730E-01 0.3739E-01  0.000      0.000      0.000      0.3759E-07   0.000       0.000       0.000       0.000       0.000    
 25574400.   10.43840807   10.5413   0.000       0.000      0.1029E-02 -0.2413E-06-0.2115E-01-0.1733E-01 0.3745E-01  0.000      0.000      0.000      0.1172E-05   0.000       0.000       0.000       0.000       0.000    
 25660800.   10.43509613   10.5375   0.000       0.000      0.1024E-02  0.2875E-06-0.2110E-01-0.1729E-01 0.3736E-01  0.000      0.000      0.000     -0.1400E-05   0.000       0.000       0.000       0.000       0.000    
 25747200.   10.44123937   10.5444   0.000       0.000      0.1031E-02 -0.5333E-06-0.2118E-01-0.1737E-01 0.3752E-01  0.000      0.000      0.000      0.2568E-05   0.000       0.000       0.000       0.000       0.000    
 25833600.   10.47683424   10.5835   0.000       0.000      0.1066E-02 -0.3090E-05-0.2167E-01-0.1783E-01 0.3845E-01  0.000      0.000      0.000      0.1214E-04   0.000       0.000       0.000       0.000       0.000    
 25920000.   10.52763720   10.6377   0.000       0.000      0.1101E-02 -0.4410E-05-0.2237E-01-0.1849E-01 0.3977E-01  0.000      0.000      0.000      0.4052E-05   0.000       0.000       0.000       0.000       0.000    
 26006400.   10.57969304   10.6932   0.000       0.000      0.1135E-02 -0.4519E-05-0.2305E-01-0.1914E-01 0.4105E-01  0.000      0.000      0.000       0.000       0.000       0.000       0.000       0.000       0.000    
 26092800.   10.59440824   10.7090   0.000       0.000      0.1146E-02 -0.1277E-05-0.2332E-01-0.1940E-01 0.4157E-01  0.000      0.000      0.000       0.000       0.000       0.000       0.000       0.000       0.000    
 26179200.   10.59033008   10.7046   0.000       0.000      0.1143E-02  0.3540E-06-0.2336E-01-0.1944E-01 0.4166E-01  0.000      0.000      0.000       0.000       0.000       0.000       0.000       0.000       0.000    
 26265600.   10.58221245   10.6959   0.000       0.000      0.1137E-02  0.7047E-06-0.2332E-01-0.1941E-01 0.4159E-01  0.000      0.000      0.000       0.000       0.000       0.000       0.000       0.000       0.000    
 26352000.   10.57294468   10.6860   0.000       0.000      0.1130E-02  0.8045E-06-0.2323E-01-0.1933E-01 0.4143E-01  0.000      0.000      0.000       0.000       0.000       0.000       0.000       0.000       0.000    
 26438400.   10.56346368   10.6757   0.000       0.000      0.1123E-02  0.8230E-06-0.2313E-01-0.1923E-01 0.4123E-01  0.000      0.000      0.000       0.000       0.000       0.000       0.000       0.000       0.000    
 26524800.   10.55400643   10.6656   0.000       0.000      0.1116E-02  0.8209E-06-0.2301E-01-0.1912E-01 0.4101E-01  0.000      0.000      0.000       0.000       0.000       0.000       0.000       0.000       0.000    
 26611200.   10.54435219   10.6551   0.000       0.000      0.1108E-02  0.8380E-06-0.2288E-01-0.1900E-01 0.4077E-01  0.000      0.000      0.000       0.000       0.000       0.000       0.000       0.000       0.000    
 26697600.   10.53520719   10.6453   0.000       0.000      0.1101E-02  0.7938E-06-0.2275E-01-0.1888E-01 0.4052E-01  0.000      0.000      0.000       0.000       0.000       0.000       0.000       0.000       0.000    
 26784000.   10.52640657   10.6358   0.000       0.000      0.1094E-02  0.7639E-06-0.2262E-01-0.1876E-01 0.4028E-01  0.000      0.000      0.000       0.000       0.000       0.000       0.000       0.000       0.000    
 26870400.   10.55382926   10.6653   0.000       0.000      0.1115E-02 -0.2380E-05-0.2293E-01-0.1906E-01 0.4088E-01  0.000      0.000      0.000       0.000       0.000       0.000       0.000       0.000       0.000    
 26956800.   10.57163619   10.6843   0.000       0.000      0.1127E-02 -0.1546E-05-0.2315E-01-0.1926E-01 0.4129E-01  0.000      0.000      0.000       0.000       0.000       0.000       0.000       0.000       0.000    
 27043200.   10.58865695   10.7026   0.000       0.000      0.1139E-02 -0.1477E-05-0.2338E-01-0.1948E-01 0.4172E-01  0.000      0.000      0.000       0.000       0.000       0.000       0.000       0.000       0.000    
 27129600.   10.59438463   10.7087   0.000       0.000      0.1143E-02 -0.4972E-06-0.2348E-01-0.1958E-01 0.4192E-01  0.000      0.000      0.000       0.000       0.000       0.000       0.000       0.000       0.000    
 27216000.   10.60424022   10.7193   0.000       0.000      0.1150E-02 -0.8555E-06-0.2363E-01-0.1972E-01 0.4219E-01  0.000      0.000      0.000       0.000       0.000       0.000       0.000       0.000       0.000    
 27302400.   10.62823676   10.7449   0.000       0.000      0.1167E-02 -0.2083E-05-0.2392E-01-0.2000E-01 0.4276E-01  0.000      0.000      0.000       0.000       0.000       0.000       0.000       0.000       0.000    
 27388800.   10.67527258   10.7951   0.000       0.000      0.1198E-02 -0.4083E-05-0.2447E-01-0.2052E-01 0.4379E-01  0.000      0.000      0.000       0.000       0.000       0.000       0.000       0.000       0.000    
 27475200.   10.71680902   10.8392   0.000       0.000      0.1224E-02 -0.3606E-05-0.2497E-01-0.2099E-01 0.4474E-01  0.000      0.000      0.000       0.000       0.000       0.000       0.000       0.000       0.000    
 27561600.   10.71505168   10.8375   0.000       0.000      0.1224E-02  0.1525E-06-0.2506E-01-0.2107E-01 0.4491E-01  0.000      0.000      0.000       0.000       0.000       0.000       0.000       0.000       0.000    
 27648000.   10.70631547   10.8283   0.000       0.000      0.1219E-02  0.7584E-06-0.2504E-01-0.2106E-01 0.4487E-01  0.000      0.000      0.000       0.000       0.000       0.000       0.000       0.000       0.000    
 27734400.   10.69388119   10.8151   0.000       0.000      0.1212E-02  0.1079E-05-0.2494E-01-0.2097E-01 0.4469E-01  0.000      0.000      0.000       0.000       0.000       0.000       0.000       0.000       0.000    
 27820800.   10.68287952   10.8033   0.000       0.000      0.1205E-02  0.9550E-06-0.2483E-01-0.2087E-01 0.4449E-01  0.000      0.000      0.000       0.000       0.000       0.000       0.000       0.000       0.000    
 27907200.   10.67429921   10.7942   0.000       0.000      0.1199E-02  0.7448E-06-0.2473E-01-0.2078E-01 0.4431E-01  0.000      0.000      0.000       0.000       0.000       0.000       0.000       0.000       0.000    
 27993600.   10.69452164   10.8157   0.000       0.000      0.1211E-02 -0.1755E-05-0.2493E-01-0.2096E-01 0.4468E-01  0.000      0.000      0.000       0.000       0.000       0.000       0.000       0.000       0.000    
 28080000.   10.72542771   10.8485   0.000       0.000      0.1231E-02 -0.2683E-05-0.2526E-01-0.2127E-01 0.4530E-01  0.000      0.000      0.000       0.000       0.000       0.000       0.000       0.000       0.000    
 28166400.   10.74209647   10.8662   0.000       0.000      0.1241E-02 -0.1447E-05-0.2547E-01-0.2147E-01 0.4569E-01  0.000      0.000      0.000       0.000       0.000       0.000       0.000       0.000       0.000    
 28252800.   10.73557946   10.8594   0.000       0.000      0.1238E-02  0.5657E-06-0.2546E-01-0.2146E-01 0.4567E-01  0.000      0.000      0.000       0.000       0.000       0.000       0.000       0.000       0.000    
 28339200.   10.72408480   10.8473   0.000       0.000      0.1232E-02  0.9978E-06-0.2537E-01-0.2138E-01 0.4551E-01  0.000      0.000      0.000       0.000       0.000       0.000       0.000       0.000       0.000    
 28425600.   10.71103320   10.8334   0.000       0.000      0.1224E-02  0.1133E-05-0.2524E-01-0.2126E-01 0.4527E-01  0.000      0.000      0.000       0.000       0.000       0.000       0.000       0.000       0.000    
 28512000.   10.69759189   10.8191   0.000       0.000      0.1215E-02  0.1167E-05-0.2509E-01-0.2111E-01 0.4499E-01  0.000      0.000      0.000       0.000       0.000       0.000       0.000       0.000       0.000    
 28598400.   10.68424800   10.8049   0.000       0.000      0.1206E-02  0.1158E-05-0.2493E-01-0.2096E-01 0.4469E-01  0.000      0.000      0.000       0.000       0.000       0.000       0.000       0.000       0.000    
 28684800.   10.67121587   10.7910   0.000       0.000      0.1198E-02  0.1131E-05-0.2477E-01-0.2081E-01 0.4438E-01  0.000      0.000      0.000       0.000       0.000       0.000       0.000       0.000       0.000    
 28771200.   10.65856306   10.7775   0.000       0.000      0.1189E-02  0.1098E-05-0.2461E-01-0.2065E-01 0.4407E-01  0.000      0.000      0.000       0.000       0.000       0.000       0.000       0.000       0.000    
 28857600.   10.64634747   10.7645   0.000       0.000      0.1181E-02  0.1060E-05-0.2444E-01-0.2050E-01 0.4375E-01  0.000      0.000      0.000       0.000       0.000       0.000       0.000       0.000       0.000    
 28944000.   10.63445093   10.7518   0.000       0.000      0.1173E-02  0.1033E-05-0.2428E-01-0.2034E-01 0.4344E-01  0.000      0.000      0.000       0.000       0.000       0.000       0.000       0.000       0.000    
 29030400.   10.62283285   10.7393   0.000       0.000      0.1165E-02  0.1009E-05-0.2411E-01-0.2018E-01 0.4313E-01  0.000      0.000      0.000       0.000       0.000       0.000       0.000       0.000       0.000    
 29116800.   10.61163114   10.7274   0.000       0.000      0.1157E-02  0.9724E-06-0.2395E-01-0.2003E-01 0.4283E-01  0.000      0.000      0.000       0.000       0.000       0.000       0.000       0.000       0.000    
 29203200.   10.60068412   10.7156   0.000       0.000      0.1150E-02  0.9503E-06-0.2379E-01-0.1988E-01 0.4252E-01  0.000      0.000      0.000       0.000       0.000       0.000       0.000       0.000       0.000    
 29289600.   10.59018035   10.7044   0.000       0.000      0.1142E-02  0.9118E-06-0.2364E-01-0.1973E-01 0.4223E-01  0.000      0.000      0.000       0.000       0.000       0.000       0.000       0.000       0.000    
 29376000.   10.58016234   10.6936   0.000       0.000      0.1135E-02  0.8696E-06-0.2349E-01-0.1959E-01 0.4194E-01  0.000      0.000      0.000       0.000       0.000       0.000       0.000       0.000       0.000    
 29462400.   10.57058795   10.6834   0.000       0.000      0.1128E-02  0.8311E-06-0.2334E-01-0.1945E-01 0.4166E-01  0.000      0.000      0.000       0.000       0.000       0.000       0.000       0.000       0.000    
 29548800.   10.56137676   10.6735   0.000       0.000      0.1121E-02  0.7996E-06-0.2320E-01-0.1931E-01 0.4138E-01  0.000      0.000      0.000       0.000       0.000       0.000       0.000       0.000       0.000    
 29635200.   10.55248207   10.6639   0.000       0.000      0.1114E-02  0.7721E-06-0.2306E-01-0.1918E-01 0.4112E-01  0.000      0.000      0.000       0.000       0.000       0.000       0.000       0.000       0.000    
 29721600.   10.54390763   10.6547   0.000       0.000      0.1108E-02  0.7443E-06-0.2292E-01-0.1905E-01 0.4086E-01  0.000      0.000      0.000       0.000       0.000       0.000       0.000       0.000       0.000    
 29808000.   10.53555180   10.6457   0.000       0.000      0.1102E-02  0.7253E-06-0.2279E-01-0.1892E-01 0.4060E-01  0.000      0.000      0.000       0.000       0.000       0.000       0.000       0.000       0.000    
 29894400.   10.52744865   10.6370   0.000       0.000      0.1095E-02  0.7034E-06-0.2265E-01-0.1879E-01 0.4035E-01  0.000      0.000      0.000       0.000       0.000       0.000       0.000       0.000       0.000    
 29980800.   10.51958965   10.6285   0.000       0.000      0.1089E-02  0.6822E-06-0.2252E-01-0.1867E-01 0.4011E-01  0.000      0.000      0.000       0.000       0.000       0.000       0.000       0.000       0.000    
 30067200.   10.51204703   10.6204   0.000       0.000      0.1083E-02  0.6547E-06-0.2240E-01-0.1855E-01 0.3987E-01  0.000      0.000      0.000       0.000       0.000       0.000       0.000       0.000       0.000    
 30153600.   10.50478964   10.6125   0.000       0.000      0.1077E-02  0.6300E-06-0.2228E-01-0.1844E-01 0.3963E-01  0.000      0.000      0.000       0.000       0.000       0.000       0.000       0.000       0.000    
 30240000.   10.49780809   10.6050   0.000       0.000      0.1072E-02  0.6060E-06-0.2215E-01-0.1832E-01 0.3940E-01  0.000      0.000      0.000     -0.1187E-06   0.000       0.000       0.000       0.000       0.000    
 30326400.   10.49107629   10.5977   0.000       0.000      0.1066E-02  0.5844E-06-0.2204E-01-0.1821E-01 0.3919E-01  0.000      0.000      0.000     -0.8544E-06   0.000       0.000       0.000       0.000       0.000    
 30412800.   10.48455616   10.5906   0.000       0.000      0.1060E-02  0.5660E-06-0.2193E-01-0.1811E-01 0.3898E-01  0.000      0.000      0.000     -0.1238E-05   0.000       0.000       0.000       0.000       0.000    
 30499200.   10.47823692   10.5837   0.000       0.000      0.1055E-02  0.5485E-06-0.2182E-01-0.1801E-01 0.3877E-01  0.000      0.000      0.000     -0.1481E-05   0.000       0.000       0.000       0.000       0.000    
 30585600.   10.47209797   10.5771   0.000       0.000      0.1050E-02  0.5329E-06-0.2171E-01-0.1791E-01 0.3857E-01  0.000      0.000      0.000     -0.1657E-05   0.000       0.000       0.000       0.000       0.000    
 30672000.   10.46614046   10.5706   0.000       0.000      0.1045E-02  0.5171E-06-0.2161E-01-0.1781E-01 0.3837E-01  0.000      0.000      0.000     -0.1789E-05   0.000       0.000       0.000       0.000       0.000    
 30758400.   10.46035484   10.5643   0.000       0.000      0.1040E-02  0.5022E-06-0.2151E-01-0.1771E-01 0.3818E-01  0.000      0.000      0.000     -0.1889E-05   0.000       0.000       0.000       0.000       0.000    
 30844800.   10.45473142   10.5582   0.000       0.000      0.1035E-02  0.4881E-06-0.2140E-01-0.1762E-01 0.3799E-01  0.000      0.000      0.000     -0.1968E-05   0.000       0.000       0.000       0.000       0.000    
 30931200.   10.44925176   10.5523   0.000       0.000      0.1030E-02  0.4757E-06-0.2131E-01-0.1753E-01 0.3780E-01  0.000      0.000      0.000     -0.2033E-05   0.000       0.000       0.000       0.000       0.000    
 31017600.   10.44390994   10.5464   0.000       0.000      0.1025E-02  0.4637E-06-0.2121E-01-0.1744E-01 0.3762E-01  0.000      0.000      0.000     -0.2085E-05   0.000       0.000       0.000       0.000       0.000    
 31104000.   10.43870956   10.5408   0.000       0.000      0.1021E-02  0.4514E-06-0.2111E-01-0.1735E-01 0.3744E-01  0.000      0.000      0.000     -0.2122E-05   0.000       0.000       0.000       0.000       0.000    
 31190400.   10.43364337   10.5353   0.000       0.000      0.1016E-02  0.4398E-06-0.2102E-01-0.1726E-01 0.3726E-01  0.000      0.000      0.000     -0.2150E-05   0.000       0.000       0.000       0.000       0.000    
 31276800.   10.42946185   10.5307   0.000       0.000      0.1013E-02  0.3630E-06-0.2094E-01-0.1719E-01 0.3711E-01  0.000      0.000      0.000     -0.1833E-05   0.000       0.000       0.000       0.000       0.000    
 31363200.   10.42461383   10.5254   0.000       0.000      0.1008E-02  0.4208E-06-0.2085E-01-0.1710E-01 0.3694E-01  0.000      0.000      0.000     -0.2189E-05   0.000       0.000       0.000       0.000       0.000    
 31449600.   10.41987233   10.5202   0.000       0.000      0.1004E-02  0.4116E-06-0.2076E-01-0.1702E-01 0.3678E-01  0.000      0.000      0.000     -0.2204E-05   0.000       0.000       0.000       0.000       0.000    
 31536000.   10.41525050   10.5152   0.000       0.000      0.9992E-03  0.4012E-06-0.2067E-01-0.1694E-01 0.3661E-01  0.000      0.000      0.000     -0.2207E-05   0.000       0.000       0.000       0.000       0.000    
 31622400.   10.41037568   10.5098   0.000       0.000      0.9946E-03  0.4232E-06-0.2058E-01-0.1686E-01 0.3644E-01  0.000      0.000      0.000     -0.2387E-05   0.000       0.000       0.000       0.000       0.000    
