TOTIM (T)      HCON          HMAT      QDIR      QWELL        QMAT       QCADS      QTUB1      QTUB2      QTUB3      QTUB4      QTUB5      QTUB6       NSTOR        QFIX        QLH     FHLQ (LQ)        CAUCHY   CAUCHY (LQ)
    86400.   10.67270128   10.7472   0.000       0.000      0.7452E-03   0.000    -0.7480E-01 0.1073E-01 0.6333E-01  0.000      0.000      0.000       0.000       0.000       0.000       0.000       0.000       0.000    
   172800.   10.65564994   10.7290   0.000       0.000      0.7338E-03  0.1480E-05-0.7412E-01 0.1063E-01 0.6276E-01  0.000      0.000      0.000       0.000       0.000       0.000       0.000       0.000       0.000    
   259200.   10.65601374   10.7295   0.000       0.000      0.7349E-03 -0.3158E-07-0.7406E-01 0.1062E-01 0.6271E-01  0.000      0.000      0.000       0.000       0.000       0.000       0.000       0.000       0.000    
   345600.   10.65449751   10.7279   0.000       0.000      0.7341E-03  0.1316E-06-0.7396E-01 0.1061E-01 0.6262E-01  0.000      0.000      0.000       0.000       0.000       0.000       0.000       0.000       0.000    
   432000.   10.66590652   10.7401   0.000       0.000      0.7419E-03 -0.9904E-06-0.7439E-01 0.1067E-01 0.6299E-01  0.000      0.000      0.000       0.000       0.000       0.000       0.000       0.000       0.000    
   518400.   10.67264961   10.7472   0.000       0.000      0.7460E-03 -0.5853E-06-0.7470E-01 0.1071E-01 0.6324E-01  0.000      0.000      0.000       0.000       0.000       0.000       0.000       0.000       0.000    
   604800.   10.67458118   10.7493   0.000       0.000      0.7470E-03 -0.1677E-06-0.7482E-01 0.1073E-01 0.6334E-01  0.000      0.000      0.000       0.000       0.000       0.000       0.000       0.000       0.000    
   691200.   10.69204792   10.7679   0.000       0.000      0.7581E-03 -0.1516E-05-0.7553E-01 0.1083E-01 0.6395E-01  0.000      0.000      0.000       0.000       0.000       0.000       0.000       0.000       0.000    
   777600.   10.73955886   10.8183   0.000       0.000      0.7870E-03 -0.4124E-05-0.7742E-01 0.1110E-01 0.6554E-01  0.000      0.000      0.000       0.000       0.000       0.000       0.000       0.000       0.000    
   864000.   10.80961598   10.8923   0.000       0.000      0.8266E-03 -0.6081E-05-0.8018E-01 0.1149E-01 0.6787E-01  0.000      0.000      0.000       0.000       0.000       0.000       0.000       0.000       0.000    
   950400.   10.84100435   10.9251   0.000       0.000      0.8412E-03 -0.2725E-05-0.8171E-01 0.1171E-01 0.6917E-01  0.000      0.000      0.000       0.000       0.000       0.000       0.000       0.000       0.000    
  1036800.   10.91705300   11.0051   0.000       0.000      0.8807E-03 -0.6601E-05-0.8458E-01 0.1212E-01 0.7159E-01  0.000      0.000      0.000       0.000       0.000       0.000       0.000       0.000       0.000    
  1123200.   11.05414336   11.1488   0.000       0.000      0.9469E-03 -0.1190E-04-0.8925E-01 0.1278E-01 0.7554E-01  0.000      0.000      0.000       0.000       0.000       0.000       0.000       0.000       0.000    
  1209600.   11.03666983   11.1299   0.000       0.000      0.9327E-03  0.1517E-05-0.8967E-01 0.1284E-01 0.7589E-01  0.000      0.000      0.000       0.000       0.000       0.000       0.000       0.000       0.000    
  1296000.   11.01598755   11.1081   0.000       0.000      0.9210E-03  0.1795E-05-0.8948E-01 0.1282E-01 0.7574E-01  0.000      0.000      0.000       0.000       0.000       0.000       0.000       0.000       0.000    
  1382400.   10.99529129   11.0862   0.000       0.000      0.9092E-03  0.1797E-05-0.8901E-01 0.1275E-01 0.7535E-01  0.000      0.000      0.000       0.000       0.000       0.000       0.000       0.000       0.000    
  1468800.   10.97496239   11.0648   0.000       0.000      0.8979E-03  0.1765E-05-0.8842E-01 0.1267E-01 0.7485E-01  0.000      0.000      0.000       0.000       0.000       0.000       0.000       0.000       0.000    
  1555200.   10.95324937   11.0419   0.000       0.000      0.8863E-03  0.1885E-05-0.8771E-01 0.1257E-01 0.7426E-01  0.000      0.000      0.000       0.000       0.000       0.000       0.000       0.000       0.000    
  1641600.   10.93144811   11.0189   0.000       0.000      0.8749E-03  0.1892E-05-0.8694E-01 0.1246E-01 0.7360E-01  0.000      0.000      0.000       0.000       0.000       0.000       0.000       0.000       0.000    
  1728000.   10.91299629   10.9995   0.000       0.000      0.8655E-03  0.1602E-05-0.8623E-01 0.1236E-01 0.7301E-01  0.000      0.000      0.000       0.000       0.000       0.000       0.000       0.000       0.000    
  1814400.   10.89681387   10.9825   0.000       0.000      0.8573E-03  0.1405E-05-0.8559E-01 0.1227E-01 0.7246E-01  0.000      0.000      0.000       0.000       0.000       0.000       0.000       0.000       0.000    
  1900800.   10.87866718   10.9635   0.000       0.000      0.8482E-03  0.1575E-05-0.8487E-01 0.1216E-01 0.7185E-01  0.000      0.000      0.000       0.000       0.000       0.000       0.000       0.000       0.000    
  1987200.   10.86207181   10.9461   0.000       0.000      0.8399E-03  0.1441E-05-0.8418E-01 0.1207E-01 0.7127E-01  0.000      0.000      0.000       0.000       0.000       0.000       0.000       0.000       0.000    
  2073600.   10.84840340   10.9317   0.000       0.000      0.8333E-03  0.1186E-05-0.8359E-01 0.1198E-01 0.7077E-01  0.000      0.000      0.000       0.000       0.000       0.000       0.000       0.000       0.000    
  2160000.   10.83252931   10.9151   0.000       0.000      0.8253E-03  0.1378E-05-0.8292E-01 0.1189E-01 0.7020E-01  0.000      0.000      0.000       0.000       0.000       0.000       0.000       0.000       0.000    
  2246400.   10.81688094   10.8986   0.000       0.000      0.8175E-03  0.1358E-05-0.8224E-01 0.1179E-01 0.6963E-01  0.000      0.000      0.000       0.000       0.000       0.000       0.000       0.000       0.000    
  2332800.   10.80159671   10.8826   0.000       0.000      0.8099E-03  0.1327E-05-0.8157E-01 0.1170E-01 0.6906E-01  0.000      0.000      0.000       0.000       0.000       0.000       0.000       0.000       0.000    
  2419200.   10.78674264   10.8670   0.000       0.000      0.8024E-03  0.1289E-05-0.8090E-01 0.1160E-01 0.6850E-01  0.000      0.000      0.000       0.000       0.000       0.000       0.000       0.000       0.000    
  2505600.   10.78006982   10.8600   0.000       0.000      0.7997E-03  0.5792E-06-0.8052E-01 0.1155E-01 0.6817E-01  0.000      0.000      0.000       0.000       0.000       0.000       0.000       0.000       0.000    
  2592000.   10.77033543   10.8498   0.000       0.000      0.7949E-03  0.8450E-06-0.8006E-01 0.1148E-01 0.6779E-01  0.000      0.000      0.000       0.000       0.000       0.000       0.000       0.000       0.000    
  2678400.   10.78892039   10.8696   0.000       0.000      0.8071E-03 -0.1613E-05-0.8061E-01 0.1156E-01 0.6825E-01  0.000      0.000      0.000       0.000       0.000       0.000       0.000       0.000       0.000    
  2764800.   10.86246245   10.9474   0.000       0.000      0.8492E-03 -0.6384E-05-0.8314E-01 0.1192E-01 0.7038E-01  0.000      0.000      0.000       0.000       0.000       0.000       0.000       0.000       0.000    
  2851200.   11.04329308   11.1375   0.000       0.000      0.9417E-03 -0.1570E-04-0.8907E-01 0.1276E-01 0.7538E-01  0.000      0.000      0.000       0.000       0.000       0.000       0.000       0.000       0.000    
  2937600.   11.00994917   11.1019   0.000       0.000      0.9196E-03  0.2894E-05-0.8909E-01 0.1276E-01 0.7541E-01  0.000      0.000      0.000       0.000       0.000       0.000       0.000       0.000       0.000    
  3024000.   11.01636160   11.1086   0.000       0.000      0.9228E-03 -0.5566E-06-0.8965E-01 0.1284E-01 0.7588E-01  0.000      0.000      0.000       0.000       0.000       0.000       0.000       0.000       0.000    
  3110400.   11.01787238   11.1101   0.000       0.000      0.9221E-03 -0.1311E-06-0.8991E-01 0.1288E-01 0.7611E-01  0.000      0.000      0.000       0.000       0.000       0.000       0.000       0.000       0.000    
  3196800.   11.00614710   11.0977   0.000       0.000      0.9151E-03  0.1018E-05-0.8971E-01 0.1285E-01 0.7594E-01  0.000      0.000      0.000       0.000       0.000       0.000       0.000       0.000       0.000    
  3283200.   10.98852110   11.0791   0.000       0.000      0.9057E-03  0.1530E-05-0.8923E-01 0.1279E-01 0.7553E-01  0.000      0.000      0.000       0.000       0.000       0.000       0.000       0.000       0.000    
  3369600.   10.99120852   11.0819   0.000       0.000      0.9070E-03 -0.2333E-06-0.8927E-01 0.1279E-01 0.7557E-01  0.000      0.000      0.000       0.000       0.000       0.000       0.000       0.000       0.000    
  3456000.   11.00547551   11.0969   0.000       0.000      0.9139E-03 -0.1238E-05-0.8971E-01 0.1286E-01 0.7594E-01  0.000      0.000      0.000       0.000       0.000       0.000       0.000       0.000       0.000    
  3542400.   11.02787659   11.1203   0.000       0.000      0.9246E-03 -0.1945E-05-0.9046E-01 0.1296E-01 0.7657E-01  0.000      0.000      0.000       0.000       0.000       0.000       0.000       0.000       0.000    
  3628800.   11.03617636   11.1290   0.000       0.000      0.9281E-03 -0.7205E-06-0.9086E-01 0.1302E-01 0.7691E-01  0.000      0.000      0.000       0.000       0.000       0.000       0.000       0.000       0.000    
  3715200.   11.02471592   11.1169   0.000       0.000      0.9221E-03  0.9948E-06-0.9066E-01 0.1299E-01 0.7674E-01  0.000      0.000      0.000       0.000       0.000       0.000       0.000       0.000       0.000    
  3801600.   11.02835660   11.1208   0.000       0.000      0.9241E-03 -0.3160E-06-0.9079E-01 0.1301E-01 0.7686E-01  0.000      0.000      0.000       0.000       0.000       0.000       0.000       0.000       0.000    
  3888000.   11.04091653   11.1339   0.000       0.000      0.9301E-03 -0.1090E-05-0.9120E-01 0.1307E-01 0.7720E-01  0.000      0.000      0.000       0.000       0.000       0.000       0.000       0.000       0.000    
  3974400.   11.06913259   11.1635   0.000       0.000      0.9436E-03 -0.2449E-05-0.9210E-01 0.1320E-01 0.7796E-01  0.000      0.000      0.000       0.000       0.000       0.000       0.000       0.000       0.000    
  4060800.   11.09177969   11.1872   0.000       0.000      0.9537E-03 -0.1966E-05-0.9292E-01 0.1331E-01 0.7866E-01  0.000      0.000      0.000       0.000       0.000       0.000       0.000       0.000       0.000    
  4147200.   11.08026751   11.1750   0.000       0.000      0.9476E-03  0.9993E-06-0.9281E-01 0.1330E-01 0.7856E-01  0.000      0.000      0.000       0.000       0.000       0.000       0.000       0.000       0.000    
  4233600.   11.06222727   11.1561   0.000       0.000      0.9391E-03  0.1566E-05-0.9237E-01 0.1324E-01 0.7819E-01  0.000      0.000      0.000       0.000       0.000       0.000       0.000       0.000       0.000    
  4320000.   11.04730182   11.1405   0.000       0.000      0.9321E-03  0.1296E-05-0.9191E-01 0.1317E-01 0.7780E-01  0.000      0.000      0.000       0.000       0.000       0.000       0.000       0.000       0.000    
  4406400.   11.03123864   11.1237   0.000       0.000      0.9246E-03  0.1394E-05-0.9137E-01 0.1310E-01 0.7735E-01  0.000      0.000      0.000       0.000       0.000       0.000       0.000       0.000       0.000    
  4492800.   11.01842741   11.1103   0.000       0.000      0.9187E-03  0.1112E-05-0.9090E-01 0.1303E-01 0.7695E-01  0.000      0.000      0.000       0.000       0.000       0.000       0.000       0.000       0.000    
  4579200.   11.00183265   11.0929   0.000       0.000      0.9110E-03  0.1441E-05-0.9031E-01 0.1294E-01 0.7646E-01  0.000      0.000      0.000       0.000       0.000       0.000       0.000       0.000       0.000    
  4665600.   10.98427318   11.0746   0.000       0.000      0.9029E-03  0.1524E-05-0.8967E-01 0.1285E-01 0.7591E-01  0.000      0.000      0.000       0.000       0.000       0.000       0.000       0.000       0.000    
  4752000.   11.00946250   11.1011   0.000       0.000      0.9166E-03 -0.2187E-05-0.9029E-01 0.1294E-01 0.7643E-01  0.000      0.000      0.000       0.000       0.000       0.000       0.000       0.000       0.000    
  4838400.   11.04575798   11.1392   0.000       0.000      0.9345E-03 -0.3151E-05-0.9139E-01 0.1310E-01 0.7736E-01  0.000      0.000      0.000       0.000       0.000       0.000       0.000       0.000       0.000    
  4924800.   11.08634747   11.1817   0.000       0.000      0.9537E-03 -0.3523E-05-0.9274E-01 0.1329E-01 0.7850E-01  0.000      0.000      0.000       0.000       0.000       0.000       0.000       0.000       0.000    
  5011200.   11.11170649   11.2082   0.000       0.000      0.9650E-03 -0.2201E-05-0.9373E-01 0.1343E-01 0.7934E-01  0.000      0.000      0.000       0.000       0.000       0.000       0.000       0.000       0.000    
  5097600.   11.09916561   11.1950   0.000       0.000      0.9584E-03  0.1089E-05-0.9364E-01 0.1342E-01 0.7927E-01  0.000      0.000      0.000       0.000       0.000       0.000       0.000       0.000       0.000    
  5184000.   11.08096962   11.1760   0.000       0.000      0.9499E-03  0.1580E-05-0.9322E-01 0.1336E-01 0.7891E-01  0.000      0.000      0.000       0.000       0.000       0.000       0.000       0.000       0.000    
  5270400.   11.06490841   11.1591   0.000       0.000      0.9424E-03  0.1394E-05-0.9274E-01 0.1329E-01 0.7851E-01  0.000      0.000      0.000       0.000       0.000       0.000       0.000       0.000       0.000    
  5356800.   11.04664296   11.1400   0.000       0.000      0.9338E-03  0.1586E-05-0.9214E-01 0.1321E-01 0.7800E-01  0.000      0.000      0.000       0.000       0.000       0.000       0.000       0.000       0.000    
  5443200.   11.05609214   11.1500   0.000       0.000      0.9390E-03 -0.8202E-06-0.9231E-01 0.1323E-01 0.7814E-01  0.000      0.000      0.000       0.000       0.000       0.000       0.000       0.000       0.000    
  5529600.   11.06821669   11.1627   0.000       0.000      0.9449E-03 -0.1052E-05-0.9265E-01 0.1328E-01 0.7843E-01  0.000      0.000      0.000       0.000       0.000       0.000       0.000       0.000       0.000    
  5616000.   11.08138024   11.1765   0.000       0.000      0.9513E-03 -0.1143E-05-0.9308E-01 0.1334E-01 0.7879E-01  0.000      0.000      0.000       0.000       0.000       0.000       0.000       0.000       0.000    
  5702400.   11.08985731   11.1854   0.000       0.000      0.9553E-03 -0.7359E-06-0.9342E-01 0.1339E-01 0.7907E-01  0.000      0.000      0.000       0.000       0.000       0.000       0.000       0.000       0.000    
  5788800.   11.08555961   11.1809   0.000       0.000      0.9532E-03  0.3731E-06-0.9339E-01 0.1338E-01 0.7905E-01  0.000      0.000      0.000       0.000       0.000       0.000       0.000       0.000       0.000    
  5875200.   11.08643545   11.1818   0.000       0.000      0.9539E-03 -0.7603E-07-0.9345E-01 0.1339E-01 0.7910E-01  0.000      0.000      0.000       0.000       0.000       0.000       0.000       0.000       0.000    
  5961600.   11.08231771   11.1775   0.000       0.000      0.9520E-03  0.3574E-06-0.9336E-01 0.1338E-01 0.7903E-01  0.000      0.000      0.000       0.000       0.000       0.000       0.000       0.000       0.000    
  6048000.   11.06986368   11.1645   0.000       0.000      0.9462E-03  0.1081E-05-0.9301E-01 0.1333E-01 0.7873E-01  0.000      0.000      0.000       0.000       0.000       0.000       0.000       0.000       0.000    
  6134400.   11.05375515   11.1476   0.000       0.000      0.9388E-03  0.1398E-05-0.9251E-01 0.1326E-01 0.7831E-01  0.000      0.000      0.000       0.000       0.000       0.000       0.000       0.000       0.000    
  6220800.   11.03608497   11.1292   0.000       0.000      0.9307E-03  0.1534E-05-0.9190E-01 0.1317E-01 0.7780E-01  0.000      0.000      0.000       0.000       0.000       0.000       0.000       0.000       0.000    
  6307200.   11.01788925   11.1101   0.000       0.000      0.9223E-03  0.1579E-05-0.9125E-01 0.1308E-01 0.7725E-01  0.000      0.000      0.000       0.000       0.000       0.000       0.000       0.000       0.000    
  6393600.   10.99972251   11.0911   0.000       0.000      0.9140E-03  0.1577E-05-0.9057E-01 0.1298E-01 0.7667E-01  0.000      0.000      0.000       0.000       0.000       0.000       0.000       0.000       0.000    
  6480000.   10.98180268   11.0724   0.000       0.000      0.9058E-03  0.1556E-05-0.8988E-01 0.1288E-01 0.7609E-01  0.000      0.000      0.000       0.000       0.000       0.000       0.000       0.000       0.000    
  6566400.   10.96414293   11.0539   0.000       0.000      0.8977E-03  0.1533E-05-0.8918E-01 0.1279E-01 0.7550E-01  0.000      0.000      0.000       0.000       0.000       0.000       0.000       0.000       0.000    
  6652800.   10.94678136   11.0357   0.000       0.000      0.8897E-03  0.1507E-05-0.8848E-01 0.1269E-01 0.7491E-01  0.000      0.000      0.000       0.000       0.000       0.000       0.000       0.000       0.000    
  6739200.   10.92995567   11.0181   0.000       0.000      0.8819E-03  0.1461E-05-0.8779E-01 0.1259E-01 0.7432E-01  0.000      0.000      0.000       0.000       0.000       0.000       0.000       0.000       0.000    
  6825600.   10.91326188   11.0007   0.000       0.000      0.8741E-03  0.1449E-05-0.8709E-01 0.1249E-01 0.7373E-01  0.000      0.000      0.000       0.000       0.000       0.000       0.000       0.000       0.000    
  6912000.   10.89674028   10.9834   0.000       0.000      0.8663E-03  0.1434E-05-0.8639E-01 0.1239E-01 0.7314E-01  0.000      0.000      0.000       0.000       0.000       0.000       0.000       0.000       0.000    
  6998400.   10.88062223   10.9665   0.000       0.000      0.8586E-03  0.1399E-05-0.8570E-01 0.1229E-01 0.7255E-01  0.000      0.000      0.000       0.000       0.000       0.000       0.000       0.000       0.000    
  7084800.   10.86511693   10.9502   0.000       0.000      0.8512E-03  0.1346E-05-0.8502E-01 0.1219E-01 0.7197E-01  0.000      0.000      0.000       0.000       0.000       0.000       0.000       0.000       0.000    
  7171200.   10.85015682   10.9346   0.000       0.000      0.8441E-03  0.1299E-05-0.8435E-01 0.1210E-01 0.7141E-01  0.000      0.000      0.000       0.000       0.000       0.000       0.000       0.000       0.000    
  7257600.   10.83559992   10.9193   0.000       0.000      0.8370E-03  0.1264E-05-0.8369E-01 0.1200E-01 0.7085E-01  0.000      0.000      0.000       0.000       0.000       0.000       0.000       0.000       0.000    
  7344000.   10.82158872   10.9046   0.000       0.000      0.8302E-03  0.1216E-05-0.8305E-01 0.1191E-01 0.7031E-01  0.000      0.000      0.000       0.000       0.000       0.000       0.000       0.000       0.000    
  7430400.   10.80902265   10.8914   0.000       0.000      0.8241E-03  0.1091E-05-0.8246E-01 0.1183E-01 0.6981E-01  0.000      0.000      0.000       0.000       0.000       0.000       0.000       0.000       0.000    
  7516800.   10.79666227   10.8785   0.000       0.000      0.8180E-03  0.1073E-05-0.8188E-01 0.1174E-01 0.6932E-01  0.000      0.000      0.000       0.000       0.000       0.000       0.000       0.000       0.000    
  7603200.   10.78398522   10.8651   0.000       0.000      0.8116E-03  0.1100E-05-0.8128E-01 0.1166E-01 0.6881E-01  0.000      0.000      0.000       0.000       0.000       0.000       0.000       0.000       0.000    
  7689600.   10.77171566   10.8523   0.000       0.000      0.8054E-03  0.1065E-05-0.8070E-01 0.1157E-01 0.6832E-01  0.000      0.000      0.000       0.000       0.000       0.000       0.000       0.000       0.000    
  7776000.   10.76036776   10.8403   0.000       0.000      0.7997E-03  0.9851E-06-0.8015E-01 0.1149E-01 0.6785E-01  0.000      0.000      0.000       0.000       0.000       0.000       0.000       0.000       0.000    
  7862400.   10.74889872   10.8283   0.000       0.000      0.7938E-03  0.9956E-06-0.7959E-01 0.1142E-01 0.6738E-01  0.000      0.000      0.000       0.000       0.000       0.000       0.000       0.000       0.000    
  7948800.   10.73780275   10.8166   0.000       0.000      0.7881E-03  0.9632E-06-0.7905E-01 0.1134E-01 0.6692E-01  0.000      0.000      0.000       0.000       0.000       0.000       0.000       0.000       0.000    
  8035200.   10.72705657   10.8053   0.000       0.000      0.7824E-03  0.9328E-06-0.7851E-01 0.1126E-01 0.6647E-01  0.000      0.000      0.000       0.000       0.000       0.000       0.000       0.000       0.000    
  8121600.   10.71663854   10.7943   0.000       0.000      0.7770E-03  0.9043E-06-0.7799E-01 0.1119E-01 0.6603E-01  0.000      0.000      0.000       0.000       0.000       0.000       0.000       0.000       0.000    
  8208000.   10.70652950   10.7837   0.000       0.000      0.7716E-03  0.8775E-06-0.7748E-01 0.1111E-01 0.6560E-01  0.000      0.000      0.000       0.000       0.000       0.000       0.000       0.000       0.000    
  8294400.   10.69671154   10.7733   0.000       0.000      0.7663E-03  0.8523E-06-0.7698E-01 0.1104E-01 0.6517E-01  0.000      0.000      0.000       0.000       0.000       0.000       0.000       0.000       0.000    
  8380800.   10.74135446   10.8209   0.000       0.000      0.7954E-03 -0.3875E-05-0.7854E-01 0.1126E-01 0.6649E-01  0.000      0.000      0.000       0.000       0.000       0.000       0.000       0.000       0.000    
  8467200.   10.74573230   10.8254   0.000       0.000      0.7968E-03 -0.3800E-06-0.7883E-01 0.1130E-01 0.6673E-01  0.000      0.000      0.000       0.000       0.000       0.000       0.000       0.000       0.000    
  8553600.   10.74646307   10.8262   0.000       0.000      0.7971E-03 -0.6343E-07-0.7894E-01 0.1132E-01 0.6682E-01  0.000      0.000      0.000       0.000       0.000       0.000       0.000       0.000       0.000    
  8640000.   10.74242580   10.8219   0.000       0.000      0.7945E-03  0.3505E-06-0.7882E-01 0.1130E-01 0.6673E-01  0.000      0.000      0.000       0.000       0.000       0.000       0.000       0.000       0.000    
  8726400.   10.73606038   10.8151   0.000       0.000      0.7905E-03  0.5526E-06-0.7858E-01 0.1127E-01 0.6652E-01  0.000      0.000      0.000       0.000       0.000       0.000       0.000       0.000       0.000    
  8812800.   10.72850871   10.8071   0.000       0.000      0.7859E-03  0.6555E-06-0.7826E-01 0.1122E-01 0.6625E-01  0.000      0.000      0.000       0.000       0.000       0.000       0.000       0.000       0.000    
  8899200.   10.71895045   10.7970   0.000       0.000      0.7802E-03  0.8297E-06-0.7784E-01 0.1116E-01 0.6590E-01  0.000      0.000      0.000       0.000       0.000       0.000       0.000       0.000       0.000    
  8985600.   10.71580285   10.7937   0.000       0.000      0.7786E-03  0.2732E-06-0.7765E-01 0.1113E-01 0.6573E-01  0.000      0.000      0.000       0.000       0.000       0.000       0.000       0.000       0.000    
  9072000.   10.72333888   10.8017   0.000       0.000      0.7836E-03 -0.6542E-06-0.7787E-01 0.1117E-01 0.6592E-01  0.000      0.000      0.000       0.000       0.000       0.000       0.000       0.000       0.000    
  9158400.   10.71950884   10.7976   0.000       0.000      0.7810E-03  0.3325E-06-0.7772E-01 0.1115E-01 0.6580E-01  0.000      0.000      0.000       0.000       0.000       0.000       0.000       0.000       0.000    
  9244800.   10.74661744   10.8264   0.000       0.000      0.7980E-03 -0.2353E-05-0.7871E-01 0.1128E-01 0.6663E-01  0.000      0.000      0.000       0.000       0.000       0.000       0.000       0.000       0.000    
  9331200.   10.81516160   10.8989   0.000       0.000      0.8377E-03 -0.5950E-05-0.8125E-01 0.1164E-01 0.6877E-01  0.000      0.000      0.000       0.000       0.000       0.000       0.000       0.000       0.000    
  9417600.   10.98237279   11.0750   0.000       0.000      0.9259E-03 -0.1451E-04-0.8699E-01 0.1246E-01 0.7362E-01  0.000      0.000      0.000       0.000       0.000       0.000       0.000       0.000       0.000    
  9504000.   11.10523503   11.2033   0.000       0.000      0.9805E-03 -0.1067E-04-0.9150E-01 0.1310E-01 0.7742E-01  0.000      0.000      0.000       0.000       0.000       0.000       0.000       0.000       0.000    
  9590400.   11.08251591   11.1790   0.000       0.000      0.9646E-03  0.1972E-05-0.9191E-01 0.1316E-01 0.7778E-01  0.000      0.000      0.000       0.000       0.000       0.000       0.000       0.000       0.000    
  9676800.   11.05469190   11.1496   0.000       0.000      0.9495E-03  0.2415E-05-0.9156E-01 0.1311E-01 0.7750E-01  0.000      0.000      0.000       0.000       0.000       0.000       0.000       0.000       0.000    
  9763200.   11.02515771   11.1185   0.000       0.000      0.9334E-03  0.2564E-05-0.9084E-01 0.1301E-01 0.7689E-01  0.000      0.000      0.000       0.000       0.000       0.000       0.000       0.000       0.000    
  9849600.   10.99707725   11.0889   0.000       0.000      0.9184E-03  0.2438E-05-0.8998E-01 0.1289E-01 0.7616E-01  0.000      0.000      0.000       0.000       0.000       0.000       0.000       0.000       0.000    
  9936000.   11.01515873   11.1079   0.000       0.000      0.9272E-03 -0.1570E-05-0.9040E-01 0.1295E-01 0.7653E-01  0.000      0.000      0.000       0.000       0.000       0.000       0.000       0.000       0.000    
 10022400.   11.03013935   11.1235   0.000       0.000      0.9335E-03 -0.1300E-05-0.9090E-01 0.1302E-01 0.7694E-01  0.000      0.000      0.000       0.000       0.000       0.000       0.000       0.000       0.000    
 10108800.   11.03463531   11.1281   0.000       0.000      0.9349E-03 -0.3903E-06-0.9115E-01 0.1306E-01 0.7715E-01  0.000      0.000      0.000       0.000       0.000       0.000       0.000       0.000       0.000    
 10195200.   11.04677678   11.1408   0.000       0.000      0.9405E-03 -0.1054E-05-0.9159E-01 0.1312E-01 0.7753E-01  0.000      0.000      0.000       0.000       0.000       0.000       0.000       0.000       0.000    
 10281600.   11.05321444   11.1475   0.000       0.000      0.9430E-03 -0.5588E-06-0.9190E-01 0.1317E-01 0.7779E-01  0.000      0.000      0.000       0.000       0.000       0.000       0.000       0.000       0.000    
 10368000.   11.04117125   11.1348   0.000       0.000      0.9366E-03  0.1045E-05-0.9166E-01 0.1313E-01 0.7759E-01  0.000      0.000      0.000       0.000       0.000       0.000       0.000       0.000       0.000    
 10454400.   11.02252778   11.1153   0.000       0.000      0.9273E-03  0.1618E-05-0.9113E-01 0.1306E-01 0.7714E-01  0.000      0.000      0.000       0.000       0.000       0.000       0.000       0.000       0.000    
 10540800.   11.02156262   11.1143   0.000       0.000      0.9271E-03  0.8378E-07-0.9103E-01 0.1304E-01 0.7706E-01  0.000      0.000      0.000       0.000       0.000       0.000       0.000       0.000       0.000    
 10627200.   11.02971360   11.1228   0.000       0.000      0.9312E-03 -0.7076E-06-0.9125E-01 0.1307E-01 0.7724E-01  0.000      0.000      0.000       0.000       0.000       0.000       0.000       0.000       0.000    
 10713600.   11.03030714   11.1234   0.000       0.000      0.9313E-03 -0.5152E-07-0.9130E-01 0.1308E-01 0.7729E-01  0.000      0.000      0.000       0.000       0.000       0.000       0.000       0.000       0.000    
 10800000.   11.02121059   11.1139   0.000       0.000      0.9268E-03  0.7896E-06-0.9107E-01 0.1305E-01 0.7709E-01  0.000      0.000      0.000       0.000       0.000       0.000       0.000       0.000       0.000    
 10886400.   11.00615850   11.0981   0.000       0.000      0.9195E-03  0.1307E-05-0.9061E-01 0.1298E-01 0.7670E-01  0.000      0.000      0.000       0.000       0.000       0.000       0.000       0.000       0.000    
 10972800.   10.98799626   11.0791   0.000       0.000      0.9108E-03  0.1577E-05-0.8999E-01 0.1290E-01 0.7618E-01  0.000      0.000      0.000       0.000       0.000       0.000       0.000       0.000       0.000    
 11059200.   10.96688208   11.0569   0.000       0.000      0.9005E-03  0.1833E-05-0.8924E-01 0.1279E-01 0.7555E-01  0.000      0.000      0.000       0.000       0.000       0.000       0.000       0.000       0.000    
 11145600.   10.94567382   11.0347   0.000       0.000      0.8903E-03  0.1841E-05-0.8844E-01 0.1268E-01 0.7487E-01  0.000      0.000      0.000       0.000       0.000       0.000       0.000       0.000       0.000    
 11232000.   10.92533894   11.0134   0.000       0.000      0.8805E-03  0.1765E-05-0.8763E-01 0.1256E-01 0.7419E-01  0.000      0.000      0.000       0.000       0.000       0.000       0.000       0.000       0.000    
 11318400.   10.90590755   10.9930   0.000       0.000      0.8711E-03  0.1687E-05-0.8684E-01 0.1245E-01 0.7352E-01  0.000      0.000      0.000       0.000       0.000       0.000       0.000       0.000       0.000    
 11404800.   10.91014301   10.9976   0.000       0.000      0.8745E-03 -0.3677E-06-0.8679E-01 0.1244E-01 0.7347E-01  0.000      0.000      0.000       0.000       0.000       0.000       0.000       0.000       0.000    
 11491200.   10.89287379   10.9794   0.000       0.000      0.8656E-03  0.1499E-05-0.8616E-01 0.1235E-01 0.7294E-01  0.000      0.000      0.000       0.000       0.000       0.000       0.000       0.000       0.000    
 11577600.   10.91826202   11.0063   0.000       0.000      0.8804E-03 -0.2204E-05-0.8684E-01 0.1245E-01 0.7352E-01  0.000      0.000      0.000       0.000       0.000       0.000       0.000       0.000       0.000    
 11664000.   10.98892302   11.0806   0.000       0.000      0.9171E-03 -0.6134E-05-0.8907E-01 0.1276E-01 0.7539E-01  0.000      0.000      0.000       0.000       0.000       0.000       0.000       0.000       0.000    
 11750400.   11.15797331   11.2577   0.000       0.000      0.9974E-03 -0.1467E-04-0.9420E-01 0.1349E-01 0.7973E-01  0.000      0.000      0.000       0.000       0.000       0.000       0.000       0.000       0.000    
 11836800.   11.12553108   11.2233   0.000       0.000      0.9779E-03  0.2816E-05-0.9426E-01 0.1350E-01 0.7977E-01  0.000      0.000      0.000       0.000       0.000       0.000       0.000       0.000       0.000    
 11923200.   11.09616146   11.1926   0.000       0.000      0.9642E-03  0.2549E-05-0.9378E-01 0.1343E-01 0.7938E-01  0.000      0.000      0.000       0.000       0.000       0.000       0.000       0.000       0.000    
 12009600.   11.06896405   11.1641   0.000       0.000      0.9509E-03  0.2361E-05-0.9307E-01 0.1333E-01 0.7878E-01  0.000      0.000      0.000       0.000       0.000       0.000       0.000       0.000       0.000    
 12096000.   11.06214246   11.1569   0.000       0.000      0.9474E-03  0.5922E-06-0.9280E-01 0.1330E-01 0.7855E-01  0.000      0.000      0.000       0.000       0.000       0.000       0.000       0.000       0.000    
 12182400.   11.05314801   11.1474   0.000       0.000      0.9428E-03  0.7808E-06-0.9249E-01 0.1325E-01 0.7830E-01  0.000      0.000      0.000       0.000       0.000       0.000       0.000       0.000       0.000    
 12268800.   11.03826668   11.1318   0.000       0.000      0.9355E-03  0.1292E-05-0.9201E-01 0.1318E-01 0.7789E-01  0.000      0.000      0.000       0.000       0.000       0.000       0.000       0.000       0.000    
 12355200.   11.01985030   11.1125   0.000       0.000      0.9267E-03  0.1599E-05-0.9140E-01 0.1310E-01 0.7737E-01  0.000      0.000      0.000       0.000       0.000       0.000       0.000       0.000       0.000    
 12441600.   11.00668071   11.0987   0.000       0.000      0.9206E-03  0.1143E-05-0.9089E-01 0.1302E-01 0.7694E-01  0.000      0.000      0.000       0.000       0.000       0.000       0.000       0.000       0.000    
 12528000.   11.05106199   11.1454   0.000       0.000      0.9432E-03 -0.3853E-05-0.9207E-01 0.1319E-01 0.7794E-01  0.000      0.000      0.000       0.000       0.000       0.000       0.000       0.000       0.000    
 12614400.   11.10202308   11.1987   0.000       0.000      0.9670E-03 -0.4424E-05-0.9366E-01 0.1342E-01 0.7928E-01  0.000      0.000      0.000       0.000       0.000       0.000       0.000       0.000       0.000    
 12700800.   11.09377086   11.1900   0.000       0.000      0.9619E-03  0.7163E-06-0.9374E-01 0.1343E-01 0.7935E-01  0.000      0.000      0.000       0.000       0.000       0.000       0.000       0.000       0.000    
 12787200.   11.07840118   11.1739   0.000       0.000      0.9547E-03  0.1334E-05-0.9343E-01 0.1339E-01 0.7909E-01  0.000      0.000      0.000       0.000       0.000       0.000       0.000       0.000       0.000    
 12873600.   11.05800156   11.1525   0.000       0.000      0.9450E-03  0.1771E-05-0.9285E-01 0.1330E-01 0.7860E-01  0.000      0.000      0.000       0.000       0.000       0.000       0.000       0.000       0.000    
 12960000.   11.06258932   11.1573   0.000       0.000      0.9476E-03 -0.3982E-06-0.9290E-01 0.1331E-01 0.7864E-01  0.000      0.000      0.000       0.000       0.000       0.000       0.000       0.000       0.000    
 13046400.   11.05346628   11.1478   0.000       0.000      0.9430E-03  0.7919E-06-0.9263E-01 0.1327E-01 0.7841E-01  0.000      0.000      0.000       0.000       0.000       0.000       0.000       0.000       0.000    
 13132800.   11.03990203   11.1336   0.000       0.000      0.9366E-03  0.1177E-05-0.9220E-01 0.1321E-01 0.7805E-01  0.000      0.000      0.000       0.000       0.000       0.000       0.000       0.000       0.000    
 13219200.   11.03035325   11.1236   0.000       0.000      0.9324E-03  0.8289E-06-0.9184E-01 0.1316E-01 0.7775E-01  0.000      0.000      0.000       0.000       0.000       0.000       0.000       0.000       0.000    
 13305600.   11.01648962   11.1091   0.000       0.000      0.9259E-03  0.1203E-05-0.9136E-01 0.1309E-01 0.7734E-01  0.000      0.000      0.000       0.000       0.000       0.000       0.000       0.000       0.000    
 13392000.   11.03730762   11.1310   0.000       0.000      0.9368E-03 -0.1807E-05-0.9187E-01 0.1316E-01 0.7777E-01  0.000      0.000      0.000       0.000       0.000       0.000       0.000       0.000       0.000    
 13478400.   11.05293384   11.1474   0.000       0.000      0.9443E-03 -0.1356E-05-0.9236E-01 0.1323E-01 0.7818E-01  0.000      0.000      0.000       0.000       0.000       0.000       0.000       0.000       0.000    
 13564800.   11.04850611   11.1427   0.000       0.000      0.9419E-03  0.3844E-06-0.9233E-01 0.1323E-01 0.7816E-01  0.000      0.000      0.000       0.000       0.000       0.000       0.000       0.000       0.000    
 13651200.   11.03913648   11.1329   0.000       0.000      0.9376E-03  0.8133E-06-0.9209E-01 0.1320E-01 0.7796E-01  0.000      0.000      0.000       0.000       0.000       0.000       0.000       0.000       0.000    
 13737600.   11.02584279   11.1190   0.000       0.000      0.9313E-03  0.1154E-05-0.9168E-01 0.1314E-01 0.7761E-01  0.000      0.000      0.000       0.000       0.000       0.000       0.000       0.000       0.000    
 13824000.   11.06924981   11.1646   0.000       0.000      0.9530E-03 -0.3768E-05-0.9285E-01 0.1330E-01 0.7860E-01  0.000      0.000      0.000       0.000       0.000       0.000       0.000       0.000       0.000    
 13910400.   11.13159633   11.2298   0.000       0.000      0.9818E-03 -0.5412E-05-0.9475E-01 0.1357E-01 0.8020E-01  0.000      0.000      0.000       0.000       0.000       0.000       0.000       0.000       0.000    
 13996800.   11.13001349   11.2280   0.000       0.000      0.9796E-03  0.1374E-06-0.9508E-01 0.1362E-01 0.8048E-01  0.000      0.000      0.000       0.000       0.000       0.000       0.000       0.000       0.000    
 14083200.   11.11559451   11.2129   0.000       0.000      0.9727E-03  0.1252E-05-0.9487E-01 0.1359E-01 0.8031E-01  0.000      0.000      0.000       0.000       0.000       0.000       0.000       0.000       0.000    
 14169600.   11.12990757   11.2279   0.000       0.000      0.9795E-03 -0.1242E-05-0.9530E-01 0.1365E-01 0.8067E-01  0.000      0.000      0.000       0.000       0.000       0.000       0.000       0.000       0.000    
 14256000.   11.14182893   11.2403   0.000       0.000      0.9845E-03 -0.1035E-05-0.9572E-01 0.1371E-01 0.8102E-01  0.000      0.000      0.000       0.000       0.000       0.000       0.000       0.000       0.000    
 14342400.   11.20157714   11.3027   0.000       0.000      0.1011E-02 -0.5186E-05-0.9743E-01 0.1396E-01 0.8246E-01  0.000      0.000      0.000       0.000       0.000       0.000       0.000       0.000       0.000    
 14428800.   11.35554183   11.4632   0.000       0.000      0.1077E-02 -0.1336E-04-0.1016     0.1455E-01 0.8600E-01  0.000      0.000      0.000       0.000       0.000       0.000       0.000       0.000       0.000    
 14515200.   11.35129713   11.4584   0.000       0.000      0.1071E-02  0.3685E-06-0.1024     0.1466E-01 0.8663E-01  0.000      0.000      0.000       0.000       0.000       0.000       0.000       0.000       0.000    
 14601600.   11.37471787   11.4828   0.000       0.000      0.1081E-02 -0.2033E-05-0.1034     0.1480E-01 0.8748E-01  0.000      0.000      0.000       0.000       0.000       0.000       0.000       0.000       0.000    
 14688000.   11.42593766   11.5360   0.000       0.000      0.1101E-02 -0.4446E-05-0.1049     0.1502E-01 0.8879E-01  0.000      0.000      0.000       0.000       0.000       0.000       0.000       0.000       0.000    
 14774400.   11.44433424   11.5550   0.000       0.000      0.1106E-02 -0.1597E-05-0.1058     0.1515E-01 0.8952E-01  0.000      0.000      0.000       0.000       0.000       0.000       0.000       0.000       0.000    
 14860800.   11.43442921   11.5446   0.000       0.000      0.1102E-02  0.8598E-06-0.1059     0.1516E-01 0.8962E-01  0.000      0.000      0.000       0.000       0.000       0.000       0.000       0.000       0.000    
 14947200.   11.42088550   11.5305   0.000       0.000      0.1096E-02  0.1176E-05-0.1057     0.1514E-01 0.8950E-01  0.000      0.000      0.000       0.000       0.000       0.000       0.000       0.000       0.000    
 15033600.   11.39943451   11.5082   0.000       0.000      0.1087E-02  0.1862E-05-0.1053     0.1508E-01 0.8914E-01  0.000      0.000      0.000       0.000       0.000       0.000       0.000       0.000       0.000    
 15120000.   11.37438756   11.4821   0.000       0.000      0.1077E-02  0.2174E-05-0.1047     0.1500E-01 0.8863E-01  0.000      0.000      0.000       0.000       0.000       0.000       0.000       0.000       0.000    
 15206400.   11.34572444   11.4523   0.000       0.000      0.1066E-02  0.2488E-05-0.1039     0.1489E-01 0.8798E-01  0.000      0.000      0.000       0.000       0.000       0.000       0.000       0.000       0.000    
 15292800.   11.31521345   11.4206   0.000       0.000      0.1053E-02  0.2649E-05-0.1030     0.1476E-01 0.8723E-01  0.000      0.000      0.000       0.000       0.000       0.000       0.000       0.000       0.000    
 15379200.   11.35439565   11.4615   0.000       0.000      0.1071E-02 -0.3401E-05-0.1038     0.1487E-01 0.8787E-01  0.000      0.000      0.000       0.000       0.000       0.000       0.000       0.000       0.000    
 15465600.   11.37298080   11.4808   0.000       0.000      0.1078E-02 -0.1613E-05-0.1043     0.1494E-01 0.8832E-01  0.000      0.000      0.000       0.000       0.000       0.000       0.000       0.000       0.000    
 15552000.   11.35858182   11.4658   0.000       0.000      0.1072E-02  0.1250E-05-0.1041     0.1492E-01 0.8814E-01  0.000      0.000      0.000       0.000       0.000       0.000       0.000       0.000       0.000    
 15638400.   11.33223013   11.4384   0.000       0.000      0.1062E-02  0.2287E-05-0.1035     0.1483E-01 0.8763E-01  0.000      0.000      0.000       0.000       0.000       0.000       0.000       0.000       0.000    
 15724800.   11.30442095   11.4095   0.000       0.000      0.1051E-02  0.2414E-05-0.1027     0.1472E-01 0.8697E-01  0.000      0.000      0.000       0.000       0.000       0.000       0.000       0.000       0.000    
 15811200.   11.27677036   11.3807   0.000       0.000      0.1039E-02  0.2400E-05-0.1019     0.1460E-01 0.8626E-01  0.000      0.000      0.000       0.000       0.000       0.000       0.000       0.000       0.000    
 15897600.   11.25026088   11.3531   0.000       0.000      0.1029E-02  0.2301E-05-0.1010     0.1447E-01 0.8553E-01  0.000      0.000      0.000       0.000       0.000       0.000       0.000       0.000       0.000    
 15984000.   11.23144794   11.3336   0.000       0.000      0.1021E-02  0.1633E-05-0.1003     0.1438E-01 0.8494E-01  0.000      0.000      0.000       0.000       0.000       0.000       0.000       0.000       0.000    
 16070400.   11.20727786   11.3084   0.000       0.000      0.1011E-02  0.2098E-05-0.9953E-01 0.1426E-01 0.8425E-01  0.000      0.000      0.000       0.000       0.000       0.000       0.000       0.000       0.000    
 16156800.   11.18380982   11.2840   0.000       0.000      0.1002E-02  0.2037E-05-0.9870E-01 0.1414E-01 0.8356E-01  0.000      0.000      0.000       0.000       0.000       0.000       0.000       0.000       0.000    
 16243200.   11.16069223   11.2599   0.000       0.000      0.9921E-03  0.2007E-05-0.9787E-01 0.1402E-01 0.8285E-01  0.000      0.000      0.000       0.000       0.000       0.000       0.000       0.000       0.000    
 16329600.   11.13836277   11.2366   0.000       0.000      0.9828E-03  0.1938E-05-0.9705E-01 0.1391E-01 0.8216E-01  0.000      0.000      0.000       0.000       0.000       0.000       0.000       0.000       0.000    
 16416000.   11.11675272   11.2141   0.000       0.000      0.9738E-03  0.1876E-05-0.9624E-01 0.1379E-01 0.8147E-01  0.000      0.000      0.000       0.000       0.000       0.000       0.000       0.000       0.000    
 16502400.   11.09588801   11.1924   0.000       0.000      0.9649E-03  0.1811E-05-0.9543E-01 0.1368E-01 0.8079E-01  0.000      0.000      0.000       0.000       0.000       0.000       0.000       0.000       0.000    
 16588800.   11.07578568   11.1714   0.000       0.000      0.9563E-03  0.1745E-05-0.9465E-01 0.1356E-01 0.8013E-01  0.000      0.000      0.000       0.000       0.000       0.000       0.000       0.000       0.000    
 16675200.   11.05642937   11.1512   0.000       0.000      0.9480E-03  0.1680E-05-0.9388E-01 0.1345E-01 0.7948E-01  0.000      0.000      0.000       0.000       0.000       0.000       0.000       0.000       0.000    
 16761600.   11.04140400   11.1356   0.000       0.000      0.9417E-03  0.1304E-05-0.9324E-01 0.1336E-01 0.7893E-01  0.000      0.000      0.000       0.000       0.000       0.000       0.000       0.000       0.000    
 16848000.   11.02990532   11.1236   0.000       0.000      0.9370E-03  0.9981E-06-0.9271E-01 0.1329E-01 0.7849E-01  0.000      0.000      0.000       0.000       0.000       0.000       0.000       0.000       0.000    
 16934400.   11.03154812   11.1254   0.000       0.000      0.9387E-03 -0.1426E-06-0.9259E-01 0.1327E-01 0.7838E-01  0.000      0.000      0.000       0.000       0.000       0.000       0.000       0.000       0.000    
 17020800.   11.02642090   11.1201   0.000       0.000      0.9367E-03  0.4451E-06-0.9235E-01 0.1324E-01 0.7818E-01  0.000      0.000      0.000       0.000       0.000       0.000       0.000       0.000       0.000    
 17107200.   11.00974414   11.1026   0.000       0.000      0.9289E-03  0.1448E-05-0.9178E-01 0.1315E-01 0.7769E-01  0.000      0.000      0.000       0.000       0.000       0.000       0.000       0.000       0.000    
 17193600.   10.99374853   11.0859   0.000       0.000      0.9217E-03  0.1389E-05-0.9116E-01 0.1307E-01 0.7718E-01  0.000      0.000      0.000       0.000       0.000       0.000       0.000       0.000       0.000    
 17280000.   10.97746623   11.0689   0.000       0.000      0.9141E-03  0.1413E-05-0.9052E-01 0.1297E-01 0.7663E-01  0.000      0.000      0.000       0.000       0.000       0.000       0.000       0.000       0.000    
 17366400.   10.96131198   11.0520   0.000       0.000      0.9066E-03  0.1402E-05-0.8986E-01 0.1288E-01 0.7607E-01  0.000      0.000      0.000       0.000       0.000       0.000       0.000       0.000       0.000    
 17452800.   10.94560146   11.0355   0.000       0.000      0.8992E-03  0.1364E-05-0.8920E-01 0.1279E-01 0.7551E-01  0.000      0.000      0.000       0.000       0.000       0.000       0.000       0.000       0.000    
 17539200.   10.93038563   11.0196   0.000       0.000      0.8920E-03  0.1321E-05-0.8855E-01 0.1269E-01 0.7497E-01  0.000      0.000      0.000       0.000       0.000       0.000       0.000       0.000       0.000    
 17625600.   10.91568314   11.0042   0.000       0.000      0.8850E-03  0.1276E-05-0.8792E-01 0.1260E-01 0.7443E-01  0.000      0.000      0.000       0.000       0.000       0.000       0.000       0.000       0.000    
 17712000.   10.90682432   10.9949   0.000       0.000      0.8811E-03  0.7690E-06-0.8746E-01 0.1254E-01 0.7404E-01  0.000      0.000      0.000       0.000       0.000       0.000       0.000       0.000       0.000    
 17798400.   10.89347957   10.9809   0.000       0.000      0.8746E-03  0.1158E-05-0.8689E-01 0.1246E-01 0.7356E-01  0.000      0.000      0.000       0.000       0.000       0.000       0.000       0.000       0.000    
 17884800.   10.87984416   10.9666   0.000       0.000      0.8680E-03  0.1184E-05-0.8630E-01 0.1237E-01 0.7306E-01  0.000      0.000      0.000       0.000       0.000       0.000       0.000       0.000       0.000    
 17971200.   10.86669647   10.9529   0.000       0.000      0.8615E-03  0.1141E-05-0.8571E-01 0.1229E-01 0.7256E-01  0.000      0.000      0.000       0.000       0.000       0.000       0.000       0.000       0.000    
 18057600.   10.85397819   10.9395   0.000       0.000      0.8553E-03  0.1104E-05-0.8514E-01 0.1220E-01 0.7208E-01  0.000      0.000      0.000       0.000       0.000       0.000       0.000       0.000       0.000    
 18144000.   10.84165159   10.9266   0.000       0.000      0.8491E-03  0.1070E-05-0.8457E-01 0.1212E-01 0.7160E-01  0.000      0.000      0.000       0.000       0.000       0.000       0.000       0.000       0.000    
 18230400.   10.82969208   10.9140   0.000       0.000      0.8431E-03  0.1038E-05-0.8402E-01 0.1204E-01 0.7113E-01  0.000      0.000      0.000       0.000       0.000       0.000       0.000       0.000       0.000    
 18316800.   10.81808588   10.9018   0.000       0.000      0.8373E-03  0.1007E-05-0.8347E-01 0.1197E-01 0.7067E-01  0.000      0.000      0.000       0.000       0.000       0.000       0.000       0.000       0.000    
 18403200.   10.80680499   10.8900   0.000       0.000      0.8315E-03  0.9792E-06-0.8294E-01 0.1189E-01 0.7021E-01  0.000      0.000      0.000       0.000       0.000       0.000       0.000       0.000       0.000    
 18489600.   10.79583524   10.8784   0.000       0.000      0.8259E-03  0.9522E-06-0.8241E-01 0.1182E-01 0.6977E-01  0.000      0.000      0.000       0.000       0.000       0.000       0.000       0.000       0.000    
 18576000.   10.78516410   10.8672   0.000       0.000      0.8204E-03  0.9263E-06-0.8190E-01 0.1174E-01 0.6934E-01  0.000      0.000      0.000       0.000       0.000       0.000       0.000       0.000       0.000    
 18662400.   10.77477306   10.8563   0.000       0.000      0.8150E-03  0.9020E-06-0.8140E-01 0.1167E-01 0.6891E-01  0.000      0.000      0.000       0.000       0.000       0.000       0.000       0.000       0.000    
 18748800.   10.76465099   10.8456   0.000       0.000      0.8096E-03  0.8787E-06-0.8090E-01 0.1160E-01 0.6849E-01  0.000      0.000      0.000       0.000       0.000       0.000       0.000       0.000       0.000    
 18835200.   10.76546674   10.8466   0.000       0.000      0.8109E-03 -0.7081E-07-0.8080E-01 0.1158E-01 0.6841E-01  0.000      0.000      0.000       0.000       0.000       0.000       0.000       0.000       0.000    
 18921600.   10.75735623   10.8380   0.000       0.000      0.8063E-03  0.7040E-06-0.8043E-01 0.1153E-01 0.6810E-01  0.000      0.000      0.000       0.000       0.000       0.000       0.000       0.000       0.000    
 19008000.   10.74697118   10.8270   0.000       0.000      0.8006E-03  0.9015E-06-0.7997E-01 0.1146E-01 0.6770E-01  0.000      0.000      0.000       0.000       0.000       0.000       0.000       0.000       0.000    
 19094400.   10.73700975   10.8165   0.000       0.000      0.7951E-03  0.8647E-06-0.7949E-01 0.1140E-01 0.6730E-01  0.000      0.000      0.000       0.000       0.000       0.000       0.000       0.000       0.000    
 19180800.   10.72739929   10.8064   0.000       0.000      0.7897E-03  0.8342E-06-0.7902E-01 0.1133E-01 0.6690E-01  0.000      0.000      0.000       0.000       0.000       0.000       0.000       0.000       0.000    
 19267200.   10.71834237   10.7968   0.000       0.000      0.7847E-03  0.7862E-06-0.7856E-01 0.1126E-01 0.6651E-01  0.000      0.000      0.000       0.000       0.000       0.000       0.000       0.000       0.000    
 19353600.   10.70929242   10.7873   0.000       0.000      0.7796E-03  0.7856E-06-0.7811E-01 0.1120E-01 0.6613E-01  0.000      0.000      0.000       0.000       0.000       0.000       0.000       0.000       0.000    
 19440000.   10.70049647   10.7780   0.000       0.000      0.7747E-03  0.7635E-06-0.7766E-01 0.1113E-01 0.6575E-01  0.000      0.000      0.000       0.000       0.000       0.000       0.000       0.000       0.000    
 19526400.   10.69193379   10.7689   0.000       0.000      0.7698E-03  0.7433E-06-0.7722E-01 0.1107E-01 0.6538E-01  0.000      0.000      0.000       0.000       0.000       0.000       0.000       0.000       0.000    
 19612800.   10.68358811   10.7601   0.000       0.000      0.7650E-03  0.7245E-06-0.7678E-01 0.1101E-01 0.6501E-01  0.000      0.000      0.000       0.000       0.000       0.000       0.000       0.000       0.000    
 19699200.   10.67544410   10.7515   0.000       0.000      0.7604E-03  0.7069E-06-0.7636E-01 0.1095E-01 0.6465E-01  0.000      0.000      0.000       0.000       0.000       0.000       0.000       0.000       0.000    
 19785600.   10.66749073   10.7431   0.000       0.000      0.7558E-03  0.6904E-06-0.7594E-01 0.1089E-01 0.6430E-01  0.000      0.000      0.000       0.000       0.000       0.000       0.000       0.000       0.000    
 19872000.   10.65971843   10.7348   0.000       0.000      0.7513E-03  0.6747E-06-0.7553E-01 0.1083E-01 0.6395E-01  0.000      0.000      0.000       0.000       0.000       0.000       0.000       0.000       0.000    
 19958400.   10.66209430   10.7374   0.000       0.000      0.7535E-03 -0.2062E-06-0.7553E-01 0.1083E-01 0.6394E-01  0.000      0.000      0.000       0.000       0.000       0.000       0.000       0.000       0.000    
 20044800.   10.66852066   10.7443   0.000       0.000      0.7579E-03 -0.5578E-06-0.7573E-01 0.1086E-01 0.6412E-01  0.000      0.000      0.000       0.000       0.000       0.000       0.000       0.000       0.000    
 20131200.   10.65905650   10.7342   0.000       0.000      0.7515E-03  0.8215E-06-0.7534E-01 0.1080E-01 0.6379E-01  0.000      0.000      0.000       0.000       0.000       0.000       0.000       0.000       0.000    
 20217600.   10.65339121   10.7282   0.000       0.000      0.7481E-03  0.4918E-06-0.7506E-01 0.1076E-01 0.6355E-01  0.000      0.000      0.000       0.000       0.000       0.000       0.000       0.000       0.000    
 20304000.   10.64694006   10.7213   0.000       0.000      0.7441E-03  0.5600E-06-0.7473E-01 0.1071E-01 0.6327E-01  0.000      0.000      0.000       0.000       0.000       0.000       0.000       0.000       0.000    
 20390400.   10.63860694   10.7125   0.000       0.000      0.7387E-03  0.7234E-06-0.7431E-01 0.1065E-01 0.6292E-01  0.000      0.000      0.000       0.000       0.000       0.000       0.000       0.000       0.000    
 20476800.   10.63060965   10.7040   0.000       0.000      0.7337E-03  0.6942E-06-0.7390E-01 0.1060E-01 0.6257E-01  0.000      0.000      0.000       0.000       0.000       0.000       0.000       0.000       0.000    
 20563200.   10.62289909   10.6958   0.000       0.000      0.7289E-03  0.6693E-06-0.7349E-01 0.1054E-01 0.6222E-01  0.000      0.000      0.000       0.000       0.000       0.000       0.000       0.000       0.000    
 20649600.   10.61544647   10.6879   0.000       0.000      0.7243E-03  0.6469E-06-0.7309E-01 0.1048E-01 0.6188E-01  0.000      0.000      0.000       0.000       0.000       0.000       0.000       0.000       0.000    
 20736000.   10.60822390   10.6802   0.000       0.000      0.7198E-03  0.6270E-06-0.7269E-01 0.1042E-01 0.6155E-01  0.000      0.000      0.000       0.000       0.000       0.000       0.000       0.000       0.000    
 20822400.   10.60120846   10.6728   0.000       0.000      0.7154E-03  0.6090E-06-0.7231E-01 0.1037E-01 0.6122E-01  0.000      0.000      0.000       0.000       0.000       0.000       0.000       0.000       0.000    
 20908800.   10.59438398   10.6655   0.000       0.000      0.7112E-03  0.5924E-06-0.7193E-01 0.1031E-01 0.6090E-01  0.000      0.000      0.000       0.000       0.000       0.000       0.000       0.000       0.000    
 20995200.   10.58773484   10.6584   0.000       0.000      0.7070E-03  0.5772E-06-0.7155E-01 0.1026E-01 0.6059E-01  0.000      0.000      0.000       0.000       0.000       0.000       0.000       0.000       0.000    
 21081600.   10.58124907   10.6515   0.000       0.000      0.7029E-03  0.5630E-06-0.7119E-01 0.1021E-01 0.6028E-01  0.000      0.000      0.000       0.000       0.000       0.000       0.000       0.000       0.000    
 21168000.   10.57491422   10.6448   0.000       0.000      0.6989E-03  0.5499E-06-0.7083E-01 0.1016E-01 0.5997E-01  0.000      0.000      0.000       0.000       0.000       0.000       0.000       0.000       0.000    
 21254400.   10.56872027   10.6382   0.000       0.000      0.6949E-03  0.5377E-06-0.7047E-01 0.1011E-01 0.5967E-01  0.000      0.000      0.000       0.000       0.000       0.000       0.000       0.000       0.000    
 21340800.   10.56265932   10.6318   0.000       0.000      0.6910E-03  0.5261E-06-0.7012E-01 0.1006E-01 0.5938E-01  0.000      0.000      0.000       0.000       0.000       0.000       0.000       0.000       0.000    
 21427200.   10.55672416   10.6254   0.000       0.000      0.6872E-03  0.5152E-06-0.6978E-01 0.1001E-01 0.5909E-01  0.000      0.000      0.000       0.000       0.000       0.000       0.000       0.000       0.000    
 21513600.   10.55232842   10.6208   0.000       0.000      0.6844E-03  0.3816E-06-0.6951E-01 0.9966E-02 0.5886E-01  0.000      0.000      0.000       0.000       0.000       0.000       0.000       0.000       0.000    
 21600000.   10.56210307   10.6313   0.000       0.000      0.6923E-03 -0.8485E-06-0.6989E-01 0.1002E-01 0.5918E-01  0.000      0.000      0.000       0.000       0.000       0.000       0.000       0.000       0.000    
 21686400.   10.55473454   10.6234   0.000       0.000      0.6862E-03  0.6396E-06-0.6954E-01 0.9971E-02 0.5888E-01  0.000      0.000      0.000       0.000       0.000       0.000       0.000       0.000       0.000    
 21772800.   10.54784201   10.6160   0.000       0.000      0.6815E-03  0.5983E-06-0.6919E-01 0.9921E-02 0.5859E-01  0.000      0.000      0.000       0.000       0.000       0.000       0.000       0.000       0.000    
 21859200.   10.54135780   10.6091   0.000       0.000      0.6770E-03  0.5629E-06-0.6883E-01 0.9869E-02 0.5828E-01  0.000      0.000      0.000       0.000       0.000       0.000       0.000       0.000       0.000    
 21945600.   10.53518007   10.6024   0.000       0.000      0.6727E-03  0.5363E-06-0.6848E-01 0.9819E-02 0.5798E-01  0.000      0.000      0.000       0.000       0.000       0.000       0.000       0.000       0.000    
 22032000.   10.52924625   10.5961   0.000       0.000      0.6686E-03  0.5151E-06-0.6813E-01 0.9769E-02 0.5769E-01  0.000      0.000      0.000       0.000       0.000       0.000       0.000       0.000       0.000    
 22118400.   10.52351203   10.5900   0.000       0.000      0.6647E-03  0.4978E-06-0.6779E-01 0.9721E-02 0.5740E-01  0.000      0.000      0.000       0.000       0.000       0.000       0.000       0.000       0.000    
 22204800.   10.51794839   10.5840   0.000       0.000      0.6609E-03  0.4830E-06-0.6746E-01 0.9673E-02 0.5712E-01  0.000      0.000      0.000       0.000       0.000       0.000       0.000       0.000       0.000    
 22291200.   10.51253398   10.5782   0.000       0.000      0.6571E-03  0.4700E-06-0.6713E-01 0.9626E-02 0.5685E-01  0.000      0.000      0.000       0.000       0.000       0.000       0.000       0.000       0.000    
 22377600.   10.50725385   10.5726   0.000       0.000      0.6535E-03  0.4583E-06-0.6681E-01 0.9580E-02 0.5657E-01  0.000      0.000      0.000       0.000       0.000       0.000       0.000       0.000       0.000    
 22464000.   10.51912611   10.5855   0.000       0.000      0.6637E-03 -0.1031E-05-0.6733E-01 0.9654E-02 0.5701E-01  0.000      0.000      0.000       0.000       0.000       0.000       0.000       0.000       0.000    
 22550400.   10.51434998   10.5802   0.000       0.000      0.6590E-03  0.4146E-06-0.6709E-01 0.9619E-02 0.5681E-01  0.000      0.000      0.000       0.000       0.000       0.000       0.000       0.000       0.000    
 22636800.   10.51225317   10.5780   0.000       0.000      0.6576E-03  0.1820E-06-0.6697E-01 0.9603E-02 0.5671E-01  0.000      0.000      0.000       0.000       0.000       0.000       0.000       0.000       0.000    
 22723200.   10.55590419   10.6251   0.000       0.000      0.6916E-03 -0.3789E-05-0.6901E-01 0.9892E-02 0.5843E-01  0.000      0.000      0.000       0.000       0.000       0.000       0.000       0.000       0.000    
 22809600.   10.55487186   10.6236   0.000       0.000      0.6872E-03  0.8961E-07-0.6908E-01 0.9902E-02 0.5849E-01  0.000      0.000      0.000       0.000       0.000       0.000       0.000       0.000       0.000    
 22896000.   10.55167960   10.6201   0.000       0.000      0.6840E-03  0.2771E-06-0.6902E-01 0.9893E-02 0.5844E-01  0.000      0.000      0.000       0.000       0.000       0.000       0.000       0.000       0.000    
 22982400.   10.54753392   10.6156   0.000       0.000      0.6803E-03  0.3599E-06-0.6885E-01 0.9869E-02 0.5830E-01  0.000      0.000      0.000       0.000       0.000       0.000       0.000       0.000       0.000    
 23068800.   10.54286783   10.6105   0.000       0.000      0.6764E-03  0.4050E-06-0.6862E-01 0.9837E-02 0.5811E-01  0.000      0.000      0.000       0.000       0.000       0.000       0.000       0.000       0.000    
 23155200.   10.53710385   10.6043   0.000       0.000      0.6718E-03  0.5003E-06-0.6833E-01 0.9795E-02 0.5786E-01  0.000      0.000      0.000       0.000       0.000       0.000       0.000       0.000       0.000    
 23241600.   10.53092240   10.5976   0.000       0.000      0.6671E-03  0.5366E-06-0.6800E-01 0.9748E-02 0.5758E-01  0.000      0.000      0.000       0.000       0.000       0.000       0.000       0.000       0.000    
 23328000.   10.52435819   10.5906   0.000       0.000      0.6622E-03  0.5698E-06-0.6764E-01 0.9697E-02 0.5728E-01  0.000      0.000      0.000       0.000       0.000       0.000       0.000       0.000       0.000    
 23414400.   10.51777663   10.5835   0.000       0.000      0.6574E-03  0.5713E-06-0.6727E-01 0.9644E-02 0.5696E-01  0.000      0.000      0.000       0.000       0.000       0.000       0.000       0.000       0.000    
 23500800.   10.51149346   10.5768   0.000       0.000      0.6528E-03  0.5454E-06-0.6690E-01 0.9593E-02 0.5666E-01  0.000      0.000      0.000       0.000       0.000       0.000       0.000       0.000       0.000    
 23587200.   10.50539992   10.5702   0.000       0.000      0.6485E-03  0.5290E-06-0.6655E-01 0.9541E-02 0.5636E-01  0.000      0.000      0.000       0.000       0.000       0.000       0.000       0.000       0.000    
 23673600.   10.49939344   10.5638   0.000       0.000      0.6442E-03  0.5214E-06-0.6619E-01 0.9491E-02 0.5605E-01  0.000      0.000      0.000     -0.1729E-07   0.000       0.000       0.000       0.000       0.000    
 23760000.   10.49337771   10.5574   0.000       0.000      0.6399E-03  0.5222E-06-0.6583E-01 0.9439E-02 0.5575E-01  0.000      0.000      0.000     -0.6052E-06   0.000       0.000       0.000       0.000       0.000    
 23846400.   10.48752023   10.5511   0.000       0.000      0.6357E-03  0.5085E-06-0.6548E-01 0.9389E-02 0.5545E-01  0.000      0.000      0.000     -0.9851E-06   0.000       0.000       0.000       0.000       0.000    
 23932800.   10.48190542   10.5451   0.000       0.000      0.6316E-03  0.4874E-06-0.6513E-01 0.9340E-02 0.5516E-01  0.000      0.000      0.000     -0.1194E-05   0.000       0.000       0.000       0.000       0.000    
 24019200.   10.47649954   10.5393   0.000       0.000      0.6277E-03  0.4693E-06-0.6480E-01 0.9293E-02 0.5488E-01  0.000      0.000      0.000     -0.1338E-05   0.000       0.000       0.000       0.000       0.000    
 24105600.   10.47125176   10.5336   0.000       0.000      0.6239E-03  0.4555E-06-0.6448E-01 0.9247E-02 0.5461E-01  0.000      0.000      0.000     -0.1453E-05   0.000       0.000       0.000       0.000       0.000    
 24192000.   10.46610391   10.5281   0.000       0.000      0.6201E-03  0.4469E-06-0.6416E-01 0.9201E-02 0.5434E-01  0.000      0.000      0.000     -0.1556E-05   0.000       0.000       0.000       0.000       0.000    
 24278400.   10.46104588   10.5227   0.000       0.000      0.6165E-03  0.4391E-06-0.6384E-01 0.9155E-02 0.5407E-01  0.000      0.000      0.000     -0.1645E-05   0.000       0.000       0.000       0.000       0.000    
 24364800.   10.45610860   10.5174   0.000       0.000      0.6129E-03  0.4286E-06-0.6353E-01 0.9111E-02 0.5380E-01  0.000      0.000      0.000     -0.1708E-05   0.000       0.000       0.000       0.000       0.000    
 24451200.   10.45130386   10.5122   0.000       0.000      0.6094E-03  0.4171E-06-0.6322E-01 0.9067E-02 0.5354E-01  0.000      0.000      0.000     -0.1753E-05   0.000       0.000       0.000       0.000       0.000    
 24537600.   10.44662372   10.5072   0.000       0.000      0.6060E-03  0.4063E-06-0.6292E-01 0.9024E-02 0.5329E-01  0.000      0.000      0.000     -0.1788E-05   0.000       0.000       0.000       0.000       0.000    
 24624000.   10.44205991   10.5023   0.000       0.000      0.6027E-03  0.3962E-06-0.6262E-01 0.8981E-02 0.5304E-01  0.000      0.000      0.000     -0.1816E-05   0.000       0.000       0.000       0.000       0.000    
 24710400.   10.43759974   10.4975   0.000       0.000      0.5994E-03  0.3872E-06-0.6233E-01 0.8940E-02 0.5279E-01  0.000      0.000      0.000     -0.1841E-05   0.000       0.000       0.000       0.000       0.000    
 24796800.   10.43323591   10.4929   0.000       0.000      0.5962E-03  0.3788E-06-0.6205E-01 0.8899E-02 0.5255E-01  0.000      0.000      0.000     -0.1862E-05   0.000       0.000       0.000       0.000       0.000    
 24883200.   10.42917412   10.4885   0.000       0.000      0.5933E-03  0.3526E-06-0.6177E-01 0.8860E-02 0.5232E-01  0.000      0.000      0.000     -0.1785E-05   0.000       0.000       0.000       0.000       0.000    
 24969600.   10.42923932   10.4887   0.000       0.000      0.5949E-03 -0.5660E-08-0.6172E-01 0.8851E-02 0.5227E-01  0.000      0.000      0.000      0.2903E-07   0.000       0.000       0.000       0.000       0.000    
 25056000.   10.42495591   10.4840   0.000       0.000      0.5901E-03  0.3718E-06-0.6146E-01 0.8814E-02 0.5205E-01  0.000      0.000      0.000     -0.1933E-05   0.000       0.000       0.000       0.000       0.000    
 25142400.   10.42065961   10.4793   0.000       0.000      0.5868E-03  0.3729E-06-0.6118E-01 0.8775E-02 0.5182E-01  0.000      0.000      0.000     -0.1991E-05   0.000       0.000       0.000       0.000       0.000    
 25228800.   10.42454739   10.4838   0.000       0.000      0.5928E-03 -0.3375E-06-0.6133E-01 0.8795E-02 0.5194E-01  0.000      0.000      0.000      0.1804E-05   0.000       0.000       0.000       0.000       0.000    
 25315200.   10.42083030   10.4796   0.000       0.000      0.5872E-03  0.3227E-06-0.6112E-01 0.8766E-02 0.5177E-01  0.000      0.000      0.000     -0.1724E-05   0.000       0.000       0.000       0.000       0.000    
 25401600.   10.42118027   10.4801   0.000       0.000      0.5889E-03 -0.3038E-07-0.6110E-01 0.8763E-02 0.5175E-01  0.000      0.000      0.000      0.1639E-06   0.000       0.000       0.000       0.000       0.000    
 25488000.   10.42127613   10.4802   0.000       0.000      0.5888E-03 -0.8321E-08-0.6109E-01 0.8760E-02 0.5174E-01  0.000      0.000      0.000      0.4483E-07   0.000       0.000       0.000       0.000       0.000    
 25574400.   10.42399591   10.4832   0.000       0.000      0.5918E-03 -0.2361E-06-0.6121E-01 0.8778E-02 0.5184E-01  0.000      0.000      0.000      0.1262E-05   0.000       0.000       0.000       0.000       0.000    
 25660800.   10.42076369   10.4795   0.000       0.000      0.5870E-03  0.2806E-06-0.6104E-01 0.8754E-02 0.5170E-01  0.000      0.000      0.000     -0.1501E-05   0.000       0.000       0.000       0.000       0.000    
 25747200.   10.42676645   10.4862   0.000       0.000      0.5948E-03 -0.5211E-06-0.6133E-01 0.8794E-02 0.5194E-01  0.000      0.000      0.000      0.2765E-05   0.000       0.000       0.000       0.000       0.000    
 25833600.   10.46150391   10.5245   0.000       0.000      0.6296E-03 -0.3015E-05-0.6310E-01 0.9047E-02 0.5344E-01  0.000      0.000      0.000      0.1379E-04   0.000       0.000       0.000       0.000       0.000    
 25920000.   10.51100639   10.5772   0.000       0.000      0.6624E-03 -0.4297E-05-0.6578E-01 0.9426E-02 0.5570E-01  0.000      0.000      0.000      0.8640E-05   0.000       0.000       0.000       0.000       0.000    
 26006400.   10.56174760   10.6310   0.000       0.000      0.6930E-03 -0.4405E-05-0.6840E-01 0.9799E-02 0.5791E-01  0.000      0.000      0.000       0.000       0.000       0.000       0.000       0.000       0.000    
 26092800.   10.57594590   10.6457   0.000       0.000      0.6980E-03 -0.1232E-05-0.6936E-01 0.9936E-02 0.5873E-01  0.000      0.000      0.000       0.000       0.000       0.000       0.000       0.000       0.000    
 26179200.   10.57180953   10.6410   0.000       0.000      0.6918E-03  0.3591E-06-0.6943E-01 0.9947E-02 0.5879E-01  0.000      0.000      0.000       0.000       0.000       0.000       0.000       0.000       0.000    
 26265600.   10.56379955   10.6322   0.000       0.000      0.6840E-03  0.6953E-06-0.6919E-01 0.9914E-02 0.5859E-01  0.000      0.000      0.000       0.000       0.000       0.000       0.000       0.000       0.000    
 26352000.   10.55471781   10.6223   0.000       0.000      0.6760E-03  0.7883E-06-0.6881E-01 0.9861E-02 0.5827E-01  0.000      0.000      0.000       0.000       0.000       0.000       0.000       0.000       0.000    
 26438400.   10.54545747   10.6123   0.000       0.000      0.6684E-03  0.8038E-06-0.6837E-01 0.9800E-02 0.5791E-01  0.000      0.000      0.000       0.000       0.000       0.000       0.000       0.000       0.000    
 26524800.   10.53623741   10.6024   0.000       0.000      0.6612E-03  0.8004E-06-0.6791E-01 0.9734E-02 0.5751E-01  0.000      0.000      0.000       0.000       0.000       0.000       0.000       0.000       0.000    
 26611200.   10.52683543   10.5922   0.000       0.000      0.6541E-03  0.8161E-06-0.6741E-01 0.9664E-02 0.5710E-01  0.000      0.000      0.000       0.000       0.000       0.000       0.000       0.000       0.000    
 26697600.   10.51793780   10.5827   0.000       0.000      0.6475E-03  0.7724E-06-0.6693E-01 0.9595E-02 0.5669E-01  0.000      0.000      0.000       0.000       0.000       0.000       0.000       0.000       0.000    
 26784000.   10.50938073   10.5735   0.000       0.000      0.6413E-03  0.7428E-06-0.6645E-01 0.9527E-02 0.5628E-01  0.000      0.000      0.000       0.000       0.000       0.000       0.000       0.000       0.000    
 26870400.   10.53618573   10.6025   0.000       0.000      0.6633E-03 -0.2327E-05-0.6768E-01 0.9701E-02 0.5732E-01  0.000      0.000      0.000       0.000       0.000       0.000       0.000       0.000       0.000    
 26956800.   10.55356036   10.6210   0.000       0.000      0.6745E-03 -0.1508E-05-0.6852E-01 0.9821E-02 0.5803E-01  0.000      0.000      0.000       0.000       0.000       0.000       0.000       0.000       0.000    
 27043200.   10.57013196   10.6387   0.000       0.000      0.6852E-03 -0.1439E-05-0.6938E-01 0.9943E-02 0.5875E-01  0.000      0.000      0.000       0.000       0.000       0.000       0.000       0.000       0.000    
 27129600.   10.57566081   10.6444   0.000       0.000      0.6875E-03 -0.4799E-06-0.6974E-01 0.9995E-02 0.5906E-01  0.000      0.000      0.000       0.000       0.000       0.000       0.000       0.000       0.000    
 27216000.   10.58523746   10.6546   0.000       0.000      0.6933E-03 -0.8313E-06-0.7026E-01 0.1007E-01 0.5950E-01  0.000      0.000      0.000       0.000       0.000       0.000       0.000       0.000       0.000    
 27302400.   10.60864144   10.6795   0.000       0.000      0.7086E-03 -0.2032E-05-0.7136E-01 0.1022E-01 0.6043E-01  0.000      0.000      0.000       0.000       0.000       0.000       0.000       0.000       0.000    
 27388800.   10.65455435   10.7283   0.000       0.000      0.7379E-03 -0.3985E-05-0.7340E-01 0.1052E-01 0.6215E-01  0.000      0.000      0.000       0.000       0.000       0.000       0.000       0.000       0.000    
 27475200.   10.69503515   10.7711   0.000       0.000      0.7608E-03 -0.3514E-05-0.7527E-01 0.1078E-01 0.6373E-01  0.000      0.000      0.000       0.000       0.000       0.000       0.000       0.000       0.000    
 27561600.   10.69311428   10.7687   0.000       0.000      0.7562E-03  0.1667E-06-0.7553E-01 0.1082E-01 0.6396E-01  0.000      0.000      0.000       0.000       0.000       0.000       0.000       0.000       0.000    
 27648000.   10.68445062   10.7594   0.000       0.000      0.7490E-03  0.7521E-06-0.7537E-01 0.1080E-01 0.6382E-01  0.000      0.000      0.000       0.000       0.000       0.000       0.000       0.000       0.000    
 27734400.   10.67224499   10.7462   0.000       0.000      0.7400E-03  0.1060E-05-0.7495E-01 0.1074E-01 0.6347E-01  0.000      0.000      0.000       0.000       0.000       0.000       0.000       0.000       0.000    
 27820800.   10.66148750   10.7347   0.000       0.000      0.7324E-03  0.9338E-06-0.7451E-01 0.1068E-01 0.6310E-01  0.000      0.000      0.000       0.000       0.000       0.000       0.000       0.000       0.000    
 27907200.   10.65311987   10.7258   0.000       0.000      0.7267E-03  0.7264E-06-0.7413E-01 0.1062E-01 0.6278E-01  0.000      0.000      0.000       0.000       0.000       0.000       0.000       0.000       0.000    
 27993600.   10.67292633   10.7469   0.000       0.000      0.7399E-03 -0.1719E-05-0.7487E-01 0.1073E-01 0.6340E-01  0.000      0.000      0.000       0.000       0.000       0.000       0.000       0.000       0.000    
 28080000.   10.70313098   10.7790   0.000       0.000      0.7582E-03 -0.2622E-05-0.7611E-01 0.1090E-01 0.6445E-01  0.000      0.000      0.000       0.000       0.000       0.000       0.000       0.000       0.000    
 28166400.   10.71934060   10.7960   0.000       0.000      0.7668E-03 -0.1407E-05-0.7690E-01 0.1102E-01 0.6512E-01  0.000      0.000      0.000       0.000       0.000       0.000       0.000       0.000       0.000    
 28252800.   10.71285792   10.7890   0.000       0.000      0.7614E-03  0.5627E-06-0.7683E-01 0.1101E-01 0.6506E-01  0.000      0.000      0.000       0.000       0.000       0.000       0.000       0.000       0.000    
 28339200.   10.70156664   10.7769   0.000       0.000      0.7538E-03  0.9801E-06-0.7646E-01 0.1096E-01 0.6475E-01  0.000      0.000      0.000       0.000       0.000       0.000       0.000       0.000       0.000    
 28425600.   10.68880253   10.7634   0.000       0.000      0.7455E-03  0.1108E-05-0.7596E-01 0.1089E-01 0.6433E-01  0.000      0.000      0.000       0.000       0.000       0.000       0.000       0.000       0.000    
 28512000.   10.67568790   10.7494   0.000       0.000      0.7372E-03  0.1138E-05-0.7539E-01 0.1081E-01 0.6385E-01  0.000      0.000      0.000       0.000       0.000       0.000       0.000       0.000       0.000    
 28598400.   10.66268642   10.7356   0.000       0.000      0.7291E-03  0.1129E-05-0.7479E-01 0.1072E-01 0.6334E-01  0.000      0.000      0.000       0.000       0.000       0.000       0.000       0.000       0.000    
 28684800.   10.65000020   10.7221   0.000       0.000      0.7214E-03  0.1101E-05-0.7418E-01 0.1063E-01 0.6283E-01  0.000      0.000      0.000       0.000       0.000       0.000       0.000       0.000       0.000    
 28771200.   10.63769116   10.7091   0.000       0.000      0.7139E-03  0.1068E-05-0.7358E-01 0.1055E-01 0.6232E-01  0.000      0.000      0.000       0.000       0.000       0.000       0.000       0.000       0.000    
 28857600.   10.62581333   10.6965   0.000       0.000      0.7068E-03  0.1031E-05-0.7298E-01 0.1046E-01 0.6181E-01  0.000      0.000      0.000       0.000       0.000       0.000       0.000       0.000       0.000    
 28944000.   10.61424953   10.6842   0.000       0.000      0.6999E-03  0.1004E-05-0.7239E-01 0.1038E-01 0.6131E-01  0.000      0.000      0.000       0.000       0.000       0.000       0.000       0.000       0.000    
 29030400.   10.60295926   10.6723   0.000       0.000      0.6932E-03  0.9801E-06-0.7180E-01 0.1030E-01 0.6081E-01  0.000      0.000      0.000       0.000       0.000       0.000       0.000       0.000       0.000    
 29116800.   10.59207683   10.6607   0.000       0.000      0.6867E-03  0.9447E-06-0.7122E-01 0.1021E-01 0.6032E-01  0.000      0.000      0.000       0.000       0.000       0.000       0.000       0.000       0.000    
 29203200.   10.58144357   10.6495   0.000       0.000      0.6804E-03  0.9230E-06-0.7065E-01 0.1013E-01 0.5984E-01  0.000      0.000      0.000       0.000       0.000       0.000       0.000       0.000       0.000    
 29289600.   10.57124346   10.6387   0.000       0.000      0.6742E-03  0.8854E-06-0.7009E-01 0.1005E-01 0.5936E-01  0.000      0.000      0.000       0.000       0.000       0.000       0.000       0.000       0.000    
 29376000.   10.56151749   10.6284   0.000       0.000      0.6684E-03  0.8443E-06-0.6955E-01 0.9975E-02 0.5891E-01  0.000      0.000      0.000       0.000       0.000       0.000       0.000       0.000       0.000    
 29462400.   10.55222392   10.6185   0.000       0.000      0.6628E-03  0.8067E-06-0.6903E-01 0.9900E-02 0.5846E-01  0.000      0.000      0.000       0.000       0.000       0.000       0.000       0.000       0.000    
 29548800.   10.54328394   10.6090   0.000       0.000      0.6574E-03  0.7760E-06-0.6852E-01 0.9827E-02 0.5803E-01  0.000      0.000      0.000       0.000       0.000       0.000       0.000       0.000       0.000    
 29635200.   10.53465189   10.5999   0.000       0.000      0.6521E-03  0.7493E-06-0.6802E-01 0.9757E-02 0.5761E-01  0.000      0.000      0.000       0.000       0.000       0.000       0.000       0.000       0.000    
 29721600.   10.52633147   10.5910   0.000       0.000      0.6470E-03  0.7223E-06-0.6753E-01 0.9687E-02 0.5720E-01  0.000      0.000      0.000       0.000       0.000       0.000       0.000       0.000       0.000    
 29808000.   10.51822345   10.5824   0.000       0.000      0.6420E-03  0.7038E-06-0.6706E-01 0.9619E-02 0.5679E-01  0.000      0.000      0.000       0.000       0.000       0.000       0.000       0.000       0.000    
 29894400.   10.51036119   10.5741   0.000       0.000      0.6371E-03  0.6825E-06-0.6659E-01 0.9553E-02 0.5640E-01  0.000      0.000      0.000       0.000       0.000       0.000       0.000       0.000       0.000    
 29980800.   10.50273676   10.5660   0.000       0.000      0.6323E-03  0.6618E-06-0.6613E-01 0.9487E-02 0.5601E-01  0.000      0.000      0.000       0.000       0.000       0.000       0.000       0.000       0.000    
 30067200.   10.49542130   10.5582   0.000       0.000      0.6276E-03  0.6350E-06-0.6569E-01 0.9424E-02 0.5563E-01  0.000      0.000      0.000     -0.3581E-06   0.000       0.000       0.000       0.000       0.000    
 30153600.   10.48838398   10.5507   0.000       0.000      0.6231E-03  0.6109E-06-0.6526E-01 0.9363E-02 0.5527E-01  0.000      0.000      0.000     -0.1086E-05   0.000       0.000       0.000       0.000       0.000    
 30240000.   10.48161299   10.5435   0.000       0.000      0.6186E-03  0.5878E-06-0.6484E-01 0.9303E-02 0.5492E-01  0.000      0.000      0.000     -0.1426E-05   0.000       0.000       0.000       0.000       0.000    
 30326400.   10.47508049   10.5365   0.000       0.000      0.6142E-03  0.5671E-06-0.6444E-01 0.9246E-02 0.5458E-01  0.000      0.000      0.000     -0.1649E-05   0.000       0.000       0.000       0.000       0.000    
 30412800.   10.46875379   10.5298   0.000       0.000      0.6100E-03  0.5492E-06-0.6405E-01 0.9190E-02 0.5425E-01  0.000      0.000      0.000     -0.1814E-05   0.000       0.000       0.000       0.000       0.000    
 30499200.   10.46262344   10.5232   0.000       0.000      0.6059E-03  0.5321E-06-0.6366E-01 0.9135E-02 0.5392E-01  0.000      0.000      0.000     -0.1937E-05   0.000       0.000       0.000       0.000       0.000    
 30585600.   10.45666859   10.5169   0.000       0.000      0.6019E-03  0.5169E-06-0.6329E-01 0.9081E-02 0.5360E-01  0.000      0.000      0.000     -0.2034E-05   0.000       0.000       0.000       0.000       0.000    
 30672000.   10.45089020   10.5107   0.000       0.000      0.5980E-03  0.5016E-06-0.6292E-01 0.9029E-02 0.5329E-01  0.000      0.000      0.000     -0.2106E-05   0.000       0.000       0.000       0.000       0.000    
 30758400.   10.44527887   10.5047   0.000       0.000      0.5943E-03  0.4871E-06-0.6256E-01 0.8977E-02 0.5298E-01  0.000      0.000      0.000     -0.2161E-05   0.000       0.000       0.000       0.000       0.000    
 30844800.   10.43982512   10.4989   0.000       0.000      0.5906E-03  0.4734E-06-0.6220E-01 0.8926E-02 0.5268E-01  0.000      0.000      0.000     -0.2203E-05   0.000       0.000       0.000       0.000       0.000    
 30931200.   10.43451095   10.4932   0.000       0.000      0.5869E-03  0.4613E-06-0.6186E-01 0.8877E-02 0.5239E-01  0.000      0.000      0.000     -0.2239E-05   0.000       0.000       0.000       0.000       0.000    
 31017600.   10.42933062   10.4877   0.000       0.000      0.5834E-03  0.4497E-06-0.6151E-01 0.8828E-02 0.5210E-01  0.000      0.000      0.000     -0.2265E-05   0.000       0.000       0.000       0.000       0.000    
 31104000.   10.42428765   10.4823   0.000       0.000      0.5799E-03  0.4378E-06-0.6118E-01 0.8780E-02 0.5182E-01  0.000      0.000      0.000     -0.2280E-05   0.000       0.000       0.000       0.000       0.000    
 31190400.   10.41937500   10.4770   0.000       0.000      0.5764E-03  0.4264E-06-0.6085E-01 0.8733E-02 0.5154E-01  0.000      0.000      0.000     -0.2289E-05   0.000       0.000       0.000       0.000       0.000    
 31276800.   10.41532511   10.4727   0.000       0.000      0.5739E-03  0.3516E-06-0.6057E-01 0.8693E-02 0.5130E-01  0.000      0.000      0.000     -0.1936E-05   0.000       0.000       0.000       0.000       0.000    
 31363200.   10.41062261   10.4677   0.000       0.000      0.5703E-03  0.4082E-06-0.6025E-01 0.8648E-02 0.5103E-01  0.000      0.000      0.000     -0.2301E-05   0.000       0.000       0.000       0.000       0.000    
 31449600.   10.40602389   10.4627   0.000       0.000      0.5670E-03  0.3992E-06-0.5994E-01 0.8603E-02 0.5077E-01  0.000      0.000      0.000     -0.2304E-05   0.000       0.000       0.000       0.000       0.000    
 31536000.   10.40154202   10.4579   0.000       0.000      0.5638E-03  0.3891E-06-0.5964E-01 0.8559E-02 0.5051E-01  0.000      0.000      0.000     -0.2294E-05   0.000       0.000       0.000       0.000       0.000    
 31622400.   10.39681290   10.4528   0.000       0.000      0.5602E-03  0.4105E-06-0.5932E-01 0.8514E-02 0.5024E-01  0.000      0.000      0.000     -0.2472E-05   0.000       0.000       0.000       0.000       0.000    
