TOTIM (T)      HCON          HMAT      QDIR      QWELL        QMAT       QCADS      QTUB1      QTUB2      QTUB3      QTUB4      QTUB5      QTUB6       NSTOR        QFIX        QLH     FHLQ (LQ)        CAUCHY   CAUCHY (LQ)
    86400.   10.29896366   10.3397   0.000       0.000      0.4076E-03   0.000    -0.1933     0.1929      0.000      0.000      0.000      0.000       0.000       0.000       0.000       0.000       0.000       0.000    
   172800.   10.28934873   10.3266   0.000       0.000      0.3726E-03  0.5564E-06-0.1910     0.1907      0.000      0.000      0.000      0.000     -0.4499E-05   0.000       0.000       0.000       0.000       0.000    
   259200.   10.29010316   10.3284   0.000       0.000      0.3831E-03 -0.4366E-07-0.1910     0.1906      0.000      0.000      0.000      0.000      0.3558E-06   0.000       0.000       0.000       0.000       0.000    
   345600.   10.28953840   10.3278   0.000       0.000      0.3824E-03  0.3268E-07-0.1908     0.1904      0.000      0.000      0.000      0.000     -0.2663E-06   0.000       0.000       0.000       0.000       0.000    
   432000.   10.29616807   10.3370   0.000       0.000      0.4080E-03 -0.3837E-06-0.1922     0.1918      0.000      0.000      0.000      0.000      0.3110E-05   0.000       0.000       0.000       0.000       0.000    
   518400.   10.29972762   10.3414   0.000       0.000      0.4164E-03 -0.2060E-06-0.1932     0.1928      0.000      0.000      0.000      0.000      0.1654E-05   0.000       0.000       0.000       0.000       0.000    
   604800.   10.30047494   10.3420   0.000       0.000      0.4154E-03 -0.4325E-07-0.1935     0.1931      0.000      0.000      0.000      0.000      0.3459E-06   0.000       0.000       0.000       0.000       0.000    
   691200.   10.31015048   10.3550   0.000       0.000      0.4484E-03 -0.5599E-06-0.1958     0.1953      0.000      0.000      0.000      0.000      0.4434E-05   0.000       0.000       0.000       0.000       0.000    
   777600.   10.33661019   10.3899   0.000       0.000      0.5324E-03 -0.1531E-05-0.2019     0.2014      0.000      0.000      0.000      0.000      0.1167E-04   0.000       0.000       0.000       0.000       0.000    
   864000.   10.37512844   10.4390   0.000       0.000      0.6392E-03 -0.2229E-05-0.2107     0.2101      0.000      0.000      0.000      0.000      0.1564E-04   0.000       0.000       0.000       0.000       0.000    
   950400.   10.38983772   10.4551   0.000       0.000      0.6526E-03 -0.8512E-06-0.2148     0.2142      0.000      0.000      0.000      0.000      0.5481E-05   0.000       0.000       0.000       0.000       0.000    
  1036800.   10.43146357   10.5077   0.000       0.000      0.7624E-03 -0.2409E-05-0.2239     0.2231      0.000      0.000      0.000      0.000      0.1370E-04   0.000       0.000       0.000       0.000       0.000    
  1123200.   10.50885148   10.6045   0.000       0.000      0.9561E-03 -0.4478E-05-0.2391     0.2382      0.000      0.000      0.000      0.000      0.1356E-04   0.000       0.000       0.000       0.000       0.000    
  1209600.   10.49018735   10.5741   0.000       0.000      0.8390E-03  0.1080E-05-0.2380     0.2372      0.000      0.000      0.000      0.000     -0.7478E-06   0.000       0.000       0.000       0.000       0.000    
  1296000.   10.47406113   10.5519   0.000       0.000      0.7781E-03  0.9332E-06-0.2363     0.2355      0.000      0.000      0.000      0.000     -0.2450E-05   0.000       0.000       0.000       0.000       0.000    
  1382400.   10.46027537   10.5337   0.000       0.000      0.7346E-03  0.7978E-06-0.2343     0.2336      0.000      0.000      0.000      0.000     -0.2838E-05   0.000       0.000       0.000       0.000       0.000    
  1468800.   10.44784855   10.5177   0.000       0.000      0.6988E-03  0.7191E-06-0.2322     0.2315      0.000      0.000      0.000      0.000     -0.3009E-05   0.000       0.000       0.000       0.000       0.000    
  1555200.   10.43523169   10.5016   0.000       0.000      0.6637E-03  0.7301E-06-0.2299     0.2292      0.000      0.000      0.000      0.000     -0.3424E-05   0.000       0.000       0.000       0.000       0.000    
  1641600.   10.42302335   10.4861   0.000       0.000      0.6311E-03  0.7065E-06-0.2274     0.2268      0.000      0.000      0.000      0.000     -0.3625E-05   0.000       0.000       0.000       0.000       0.000    
  1728000.   10.41309185   10.4737   0.000       0.000      0.6061E-03  0.5747E-06-0.2253     0.2247      0.000      0.000      0.000      0.000     -0.3152E-05   0.000       0.000       0.000       0.000       0.000    
  1814400.   10.40457862   10.4631   0.000       0.000      0.5848E-03  0.4927E-06-0.2234     0.2228      0.000      0.000      0.000      0.000     -0.2836E-05   0.000       0.000       0.000       0.000       0.000    
  1900800.   10.39493969   10.4508   0.000       0.000      0.5590E-03  0.5578E-06-0.2212     0.2206      0.000      0.000      0.000      0.000     -0.3350E-05   0.000       0.000       0.000       0.000       0.000    
  1987200.   10.38633790   10.4401   0.000       0.000      0.5371E-03  0.4978E-06-0.2192     0.2186      0.000      0.000      0.000      0.000     -0.3107E-05   0.000       0.000       0.000       0.000       0.000    
  2073600.   10.37948019   10.4315   0.000       0.000      0.5207E-03  0.3969E-06-0.2175     0.2169      0.000      0.000      0.000      0.000     -0.2552E-05   0.000       0.000       0.000       0.000       0.000    
  2160000.   10.37129549   10.4212   0.000       0.000      0.4987E-03  0.4737E-06-0.2155     0.2150      0.000      0.000      0.000      0.000     -0.3129E-05   0.000       0.000       0.000       0.000       0.000    
  2246400.   10.36332850   10.4112   0.000       0.000      0.4783E-03  0.4611E-06-0.2135     0.2130      0.000      0.000      0.000      0.000     -0.3128E-05   0.000       0.000       0.000       0.000       0.000    
  2332800.   10.35563499   10.4015   0.000       0.000      0.4589E-03  0.4452E-06-0.2115     0.2111      0.000      0.000      0.000      0.000     -0.3094E-05   0.000       0.000       0.000       0.000       0.000    
  2419200.   10.34822912   10.3923   0.000       0.000      0.4406E-03  0.4286E-06-0.2096     0.2092      0.000      0.000      0.000      0.000     -0.3044E-05   0.000       0.000       0.000       0.000       0.000    
  2505600.   10.34552392   10.3894   0.000       0.000      0.4383E-03  0.1566E-06-0.2087     0.2082      0.000      0.000      0.000      0.000     -0.1127E-05   0.000       0.000       0.000       0.000       0.000    
  2592000.   10.34079766   10.3834   0.000       0.000      0.4260E-03  0.2735E-06-0.2074     0.2069      0.000      0.000      0.000      0.000     -0.1989E-05   0.000       0.000       0.000       0.000       0.000    
  2678400.   10.35225603   10.3992   0.000       0.000      0.4697E-03 -0.6631E-06-0.2095     0.2090      0.000      0.000      0.000      0.000      0.4780E-05   0.000       0.000       0.000       0.000       0.000    
  2764800.   10.39463552   10.4549   0.000       0.000      0.6024E-03 -0.2453E-05-0.2182     0.2176      0.000      0.000      0.000      0.000      0.1628E-04   0.000       0.000       0.000       0.000       0.000    
  2851200.   10.49905558   10.5881   0.000       0.000      0.8900E-03 -0.6043E-05-0.2383     0.2375      0.000      0.000      0.000      0.000      0.2552E-04   0.000       0.000       0.000       0.000       0.000    
  2937600.   10.47042426   10.5433   0.000       0.000      0.7289E-03  0.1657E-05-0.2355     0.2348      0.000      0.000      0.000      0.000     -0.3867E-05   0.000       0.000       0.000       0.000       0.000    
  3024000.   10.47107353   10.5434   0.000       0.000      0.7228E-03 -0.3757E-07-0.2366     0.2359      0.000      0.000      0.000      0.000      0.1266E-06   0.000       0.000       0.000       0.000       0.000    
  3110400.   10.46994213   10.5409   0.000       0.000      0.7096E-03  0.6547E-07-0.2370     0.2363      0.000      0.000      0.000      0.000     -0.2215E-06   0.000       0.000       0.000       0.000       0.000    
  3196800.   10.46159874   10.5294   0.000       0.000      0.6776E-03  0.4828E-06-0.2359     0.2352      0.000      0.000      0.000      0.000     -0.1755E-05   0.000       0.000       0.000       0.000       0.000    
  3283200.   10.45065880   10.5150   0.000       0.000      0.6436E-03  0.6331E-06-0.2341     0.2335      0.000      0.000      0.000      0.000     -0.2591E-05   0.000       0.000       0.000       0.000       0.000    
  3369600.   10.45242526   10.5177   0.000       0.000      0.6523E-03 -0.1022E-06-0.2344     0.2337      0.000      0.000      0.000      0.000      0.4390E-06   0.000       0.000       0.000       0.000       0.000    
  3456000.   10.46062287   10.5281   0.000       0.000      0.6743E-03 -0.4744E-06-0.2360     0.2353      0.000      0.000      0.000      0.000      0.1934E-05   0.000       0.000       0.000       0.000       0.000    
  3542400.   10.47302520   10.5434   0.000       0.000      0.7034E-03 -0.7177E-06-0.2384     0.2377      0.000      0.000      0.000      0.000      0.2567E-05   0.000       0.000       0.000       0.000       0.000    
  3628800.   10.47644210   10.5465   0.000       0.000      0.7008E-03 -0.1977E-06-0.2394     0.2387      0.000      0.000      0.000      0.000      0.6205E-06   0.000       0.000       0.000       0.000       0.000    
  3715200.   10.46838008   10.5351   0.000       0.000      0.6677E-03  0.4666E-06-0.2383     0.2376      0.000      0.000      0.000      0.000     -0.1527E-05   0.000       0.000       0.000       0.000       0.000    
  3801600.   10.47019413   10.5374   0.000       0.000      0.6722E-03 -0.1050E-06-0.2387     0.2381      0.000      0.000      0.000      0.000      0.3622E-06   0.000       0.000       0.000       0.000       0.000    
  3888000.   10.47714970   10.5460   0.000       0.000      0.6883E-03 -0.4025E-06-0.2401     0.2394      0.000      0.000      0.000      0.000      0.1288E-05   0.000       0.000       0.000       0.000       0.000    
  3974400.   10.49300863   10.5657   0.000       0.000      0.7270E-03 -0.9178E-06-0.2431     0.2424      0.000      0.000      0.000      0.000      0.2197E-05   0.000       0.000       0.000       0.000       0.000    
  4060800.   10.50474006   10.5794   0.000       0.000      0.7462E-03 -0.6789E-06-0.2456     0.2448      0.000      0.000      0.000      0.000      0.4501E-06   0.000       0.000       0.000       0.000       0.000    
  4147200.   10.49585673   10.5664   0.000       0.000      0.7052E-03  0.5141E-06-0.2446     0.2439      0.000      0.000      0.000      0.000     -0.2055E-06   0.000       0.000       0.000       0.000       0.000    
  4233600.   10.48440370   10.5512   0.000       0.000      0.6684E-03  0.6628E-06-0.2428     0.2421      0.000      0.000      0.000      0.000     -0.1290E-05   0.000       0.000       0.000       0.000       0.000    
  4320000.   10.47572824   10.5402   0.000       0.000      0.6447E-03  0.5021E-06-0.2412     0.2406      0.000      0.000      0.000      0.000     -0.1401E-05   0.000       0.000       0.000       0.000       0.000    
  4406400.   10.46672526   10.5288   0.000       0.000      0.6206E-03  0.5210E-06-0.2395     0.2389      0.000      0.000      0.000      0.000     -0.1740E-05   0.000       0.000       0.000       0.000       0.000    
  4492800.   10.45989991   10.5203   0.000       0.000      0.6041E-03  0.3950E-06-0.2381     0.2375      0.000      0.000      0.000      0.000     -0.1485E-05   0.000       0.000       0.000       0.000       0.000    
  4579200.   10.45088520   10.5089   0.000       0.000      0.5802E-03  0.5217E-06-0.2363     0.2357      0.000      0.000      0.000      0.000     -0.2153E-05   0.000       0.000       0.000       0.000       0.000    
  4665600.   10.44152248   10.4972   0.000       0.000      0.5566E-03  0.5418E-06-0.2343     0.2337      0.000      0.000      0.000      0.000     -0.2444E-05   0.000       0.000       0.000       0.000       0.000    
  4752000.   10.45746061   10.5186   0.000       0.000      0.6119E-03 -0.9223E-06-0.2369     0.2363      0.000      0.000      0.000      0.000      0.4035E-05   0.000       0.000       0.000       0.000       0.000    
  4838400.   10.47845376   10.5450   0.000       0.000      0.6658E-03 -0.1215E-05-0.2407     0.2400      0.000      0.000      0.000      0.000      0.4258E-05   0.000       0.000       0.000       0.000       0.000    
  4924800.   10.50085672   10.5724   0.000       0.000      0.7152E-03 -0.1296E-05-0.2450     0.2443      0.000      0.000      0.000      0.000      0.2425E-05   0.000       0.000       0.000       0.000       0.000    
  5011200.   10.51340470   10.5865   0.000       0.000      0.7310E-03 -0.7262E-06-0.2478     0.2471      0.000      0.000      0.000      0.000       0.000       0.000       0.000       0.000       0.000       0.000    
  5097600.   10.50345244   10.5720   0.000       0.000      0.6852E-03  0.5759E-06-0.2468     0.2461      0.000      0.000      0.000      0.000       0.000       0.000       0.000       0.000       0.000       0.000    
  5184000.   10.49177078   10.5566   0.000       0.000      0.6480E-03  0.6760E-06-0.2450     0.2443      0.000      0.000      0.000      0.000     -0.5746E-06   0.000       0.000       0.000       0.000       0.000    
  5270400.   10.48239183   10.5447   0.000       0.000      0.6229E-03  0.5428E-06-0.2433     0.2427      0.000      0.000      0.000      0.000     -0.1219E-05   0.000       0.000       0.000       0.000       0.000    
  5356800.   10.47214267   10.5318   0.000       0.000      0.5962E-03  0.5931E-06-0.2414     0.2408      0.000      0.000      0.000      0.000     -0.1764E-05   0.000       0.000       0.000       0.000       0.000    
  5443200.   10.47861993   10.5408   0.000       0.000      0.6215E-03 -0.3748E-06-0.2423     0.2417      0.000      0.000      0.000      0.000      0.1161E-05   0.000       0.000       0.000       0.000       0.000    
  5529600.   10.48576268   10.5497   0.000       0.000      0.6391E-03 -0.4134E-06-0.2435     0.2429      0.000      0.000      0.000      0.000      0.1091E-05   0.000       0.000       0.000       0.000       0.000    
  5616000.   10.49298029   10.5584   0.000       0.000      0.6538E-03 -0.4177E-06-0.2449     0.2443      0.000      0.000      0.000      0.000      0.8523E-06   0.000       0.000       0.000       0.000       0.000    
  5702400.   10.49710930   10.5629   0.000       0.000      0.6579E-03 -0.2389E-06-0.2459     0.2452      0.000      0.000      0.000      0.000      0.3330E-06   0.000       0.000       0.000       0.000       0.000    
  5788800.   10.49366544   10.5577   0.000       0.000      0.6407E-03  0.1993E-06-0.2455     0.2449      0.000      0.000      0.000      0.000     -0.2685E-06   0.000       0.000       0.000       0.000       0.000    
  5875200.   10.49382767   10.5577   0.000       0.000      0.6391E-03 -0.9388E-08-0.2456     0.2450      0.000      0.000      0.000      0.000      0.1480E-07   0.000       0.000       0.000       0.000       0.000    
  5961600.   10.49106260   10.5539   0.000       0.000      0.6279E-03  0.1600E-06-0.2452     0.2446      0.000      0.000      0.000      0.000     -0.2767E-06   0.000       0.000       0.000       0.000       0.000    
  6048000.   10.48358134   10.5440   0.000       0.000      0.6047E-03  0.4329E-06-0.2440     0.2433      0.000      0.000      0.000      0.000     -0.9651E-06   0.000       0.000       0.000       0.000       0.000    
  6134400.   10.47442107   10.5324   0.000       0.000      0.5798E-03  0.5301E-06-0.2422     0.2417      0.000      0.000      0.000      0.000     -0.1517E-05   0.000       0.000       0.000       0.000       0.000    
  6220800.   10.46475579   10.5203   0.000       0.000      0.5557E-03  0.5593E-06-0.2403     0.2398      0.000      0.000      0.000      0.000     -0.1919E-05   0.000       0.000       0.000       0.000       0.000    
  6307200.   10.45508292   10.5084   0.000       0.000      0.5328E-03  0.5598E-06-0.2383     0.2378      0.000      0.000      0.000      0.000     -0.2195E-05   0.000       0.000       0.000       0.000       0.000    
  6393600.   10.44563275   10.4968   0.000       0.000      0.5113E-03  0.5469E-06-0.2363     0.2357      0.000      0.000      0.000      0.000     -0.2375E-05   0.000       0.000       0.000       0.000       0.000    
  6480000.   10.43646418   10.4856   0.000       0.000      0.4911E-03  0.5306E-06-0.2342     0.2337      0.000      0.000      0.000      0.000     -0.2499E-05   0.000       0.000       0.000       0.000       0.000    
  6566400.   10.42753936   10.4747   0.000       0.000      0.4719E-03  0.5165E-06-0.2321     0.2317      0.000      0.000      0.000      0.000     -0.2600E-05   0.000       0.000       0.000       0.000       0.000    
  6652800.   10.41885392   10.4642   0.000       0.000      0.4534E-03  0.5026E-06-0.2301     0.2296      0.000      0.000      0.000      0.000     -0.2676E-05   0.000       0.000       0.000       0.000       0.000    
  6739200.   10.41052812   10.4541   0.000       0.000      0.4362E-03  0.4818E-06-0.2281     0.2276      0.000      0.000      0.000      0.000     -0.2692E-05   0.000       0.000       0.000       0.000       0.000    
  6825600.   10.40230545   10.4442   0.000       0.000      0.4192E-03  0.4758E-06-0.2260     0.2256      0.000      0.000      0.000      0.000     -0.2772E-05   0.000       0.000       0.000       0.000       0.000    
  6912000.   10.39421185   10.4345   0.000       0.000      0.4027E-03  0.4684E-06-0.2240     0.2236      0.000      0.000      0.000      0.000     -0.2832E-05   0.000       0.000       0.000       0.000       0.000    
  6998400.   10.38637827   10.4251   0.000       0.000      0.3871E-03  0.4533E-06-0.2220     0.2216      0.000      0.000      0.000      0.000     -0.2833E-05   0.000       0.000       0.000       0.000       0.000    
  7084800.   10.37891167   10.4162   0.000       0.000      0.3726E-03  0.4321E-06-0.2201     0.2197      0.000      0.000      0.000      0.000     -0.2781E-05   0.000       0.000       0.000       0.000       0.000    
  7171200.   10.37175583   10.4077   0.000       0.000      0.3590E-03  0.4141E-06-0.2182     0.2178      0.000      0.000      0.000      0.000     -0.2736E-05   0.000       0.000       0.000       0.000       0.000    
  7257600.   10.36482186   10.3994   0.000       0.000      0.3460E-03  0.4013E-06-0.2163     0.2159      0.000      0.000      0.000      0.000     -0.2714E-05   0.000       0.000       0.000       0.000       0.000    
  7344000.   10.35819120   10.3916   0.000       0.000      0.3340E-03  0.3837E-06-0.2145     0.2141      0.000      0.000      0.000      0.000     -0.2651E-05   0.000       0.000       0.000       0.000       0.000    
  7430400.   10.35236889   10.3848   0.000       0.000      0.3244E-03  0.3369E-06-0.2128     0.2125      0.000      0.000      0.000      0.000     -0.2371E-05   0.000       0.000       0.000       0.000       0.000    
  7516800.   10.34660879   10.3781   0.000       0.000      0.3146E-03  0.3333E-06-0.2112     0.2109      0.000      0.000      0.000      0.000     -0.2384E-05   0.000       0.000       0.000       0.000       0.000    
  7603200.   10.34063983   10.3710   0.000       0.000      0.3039E-03  0.3454E-06-0.2095     0.2092      0.000      0.000      0.000      0.000     -0.2509E-05   0.000       0.000       0.000       0.000       0.000    
  7689600.   10.33490531   10.3643   0.000       0.000      0.2941E-03  0.3319E-06-0.2078     0.2075      0.000      0.000      0.000      0.000     -0.2447E-05   0.000       0.000       0.000       0.000       0.000    
  7776000.   10.32968388   10.3583   0.000       0.000      0.2861E-03  0.3022E-06-0.2063     0.2060      0.000      0.000      0.000      0.000     -0.2258E-05   0.000       0.000       0.000       0.000       0.000    
  7862400.   10.32435904   10.3521   0.000       0.000      0.2773E-03  0.3082E-06-0.2047     0.2045      0.000      0.000      0.000      0.000     -0.2331E-05   0.000       0.000       0.000       0.000       0.000    
  7948800.   10.31923467   10.3462   0.000       0.000      0.2692E-03  0.2965E-06-0.2032     0.2029      0.000      0.000      0.000      0.000     -0.2270E-05   0.000       0.000       0.000       0.000       0.000    
  8035200.   10.31429225   10.3405   0.000       0.000      0.2617E-03  0.2860E-06-0.2017     0.2014      0.000      0.000      0.000      0.000     -0.2213E-05   0.000       0.000       0.000       0.000       0.000    
  8121600.   10.30951634   10.3350   0.000       0.000      0.2546E-03  0.2764E-06-0.2002     0.2000      0.000      0.000      0.000      0.000     -0.2160E-05   0.000       0.000       0.000       0.000       0.000    
  8208000.   10.30489501   10.3297   0.000       0.000      0.2478E-03  0.2674E-06-0.1988     0.1986      0.000      0.000      0.000      0.000     -0.2110E-05   0.000       0.000       0.000       0.000       0.000    
  8294400.   10.30041805   10.3246   0.000       0.000      0.2415E-03  0.2591E-06-0.1974     0.1972      0.000      0.000      0.000      0.000     -0.2062E-05   0.000       0.000       0.000       0.000       0.000    
  8380800.   10.32663786   10.3611   0.000       0.000      0.3443E-03 -0.1517E-05-0.2030     0.2026      0.000      0.000      0.000      0.000      0.1182E-04   0.000       0.000       0.000       0.000       0.000    
  8467200.   10.32824315   10.3618   0.000       0.000      0.3358E-03 -0.9290E-07-0.2036     0.2033      0.000      0.000      0.000      0.000      0.7021E-06   0.000       0.000       0.000       0.000       0.000    
  8553600.   10.32816060   10.3616   0.000       0.000      0.3339E-03  0.4777E-08-0.2038     0.2035      0.000      0.000      0.000      0.000     -0.3604E-07   0.000       0.000       0.000       0.000       0.000    
  8640000.   10.32572991   10.3584   0.000       0.000      0.3268E-03  0.1407E-06-0.2033     0.2030      0.000      0.000      0.000      0.000     -0.1064E-05   0.000       0.000       0.000       0.000       0.000    
  8726400.   10.32228517   10.3542   0.000       0.000      0.3189E-03  0.1993E-06-0.2025     0.2022      0.000      0.000      0.000      0.000     -0.1518E-05   0.000       0.000       0.000       0.000       0.000    
  8812800.   10.31839132   10.3495   0.000       0.000      0.3110E-03  0.2253E-06-0.2015     0.2012      0.000      0.000      0.000      0.000     -0.1730E-05   0.000       0.000       0.000       0.000       0.000    
  8899200.   10.31351439   10.3436   0.000       0.000      0.3005E-03  0.2822E-06-0.2002     0.1999      0.000      0.000      0.000      0.000     -0.2187E-05   0.000       0.000       0.000       0.000       0.000    
  8985600.   10.31240356   10.3429   0.000       0.000      0.3045E-03  0.6428E-07-0.1997     0.1994      0.000      0.000      0.000      0.000     -0.5013E-06   0.000       0.000       0.000       0.000       0.000    
  9072000.   10.31718729   10.3499   0.000       0.000      0.3269E-03 -0.2768E-06-0.2006     0.2003      0.000      0.000      0.000      0.000      0.2151E-05   0.000       0.000       0.000       0.000       0.000    
  9158400.   10.31510378   10.3471   0.000       0.000      0.3200E-03  0.1206E-06-0.2001     0.1998      0.000      0.000      0.000      0.000     -0.9341E-06   0.000       0.000       0.000       0.000       0.000    
  9244800.   10.33073662   10.3686   0.000       0.000      0.3789E-03 -0.9047E-06-0.2035     0.2032      0.000      0.000      0.000      0.000      0.6906E-05   0.000       0.000       0.000       0.000       0.000    
  9331200.   10.36933837   10.4194   0.000       0.000      0.5007E-03 -0.2234E-05-0.2120     0.2115      0.000      0.000      0.000      0.000      0.1594E-04   0.000       0.000       0.000       0.000       0.000    
  9417600.   10.46473791   10.5419   0.000       0.000      0.7720E-03 -0.5521E-05-0.2312     0.2305      0.000      0.000      0.000      0.000      0.2992E-04   0.000       0.000       0.000       0.000       0.000    
  9504000.   10.53046089   10.6198   0.000       0.000      0.8936E-03 -0.3803E-05-0.2448     0.2439      0.000      0.000      0.000      0.000      0.5055E-05   0.000       0.000       0.000       0.000       0.000    
  9590400.   10.50740221   10.5840   0.000       0.000      0.7658E-03  0.1334E-05-0.2433     0.2425      0.000      0.000      0.000      0.000       0.000       0.000       0.000       0.000       0.000       0.000    
  9676800.   10.48676377   10.5562   0.000       0.000      0.6948E-03  0.1194E-05-0.2409     0.2402      0.000      0.000      0.000      0.000     -0.1170E-05   0.000       0.000       0.000       0.000       0.000    
  9763200.   10.46795721   10.5321   0.000       0.000      0.6411E-03  0.1088E-05-0.2380     0.2374      0.000      0.000      0.000      0.000     -0.3213E-05   0.000       0.000       0.000       0.000       0.000    
  9849600.   10.45148484   10.5114   0.000       0.000      0.5991E-03  0.9533E-06-0.2351     0.2345      0.000      0.000      0.000      0.000     -0.3741E-05   0.000       0.000       0.000       0.000       0.000    
  9936000.   10.46296643   10.5274   0.000       0.000      0.6441E-03 -0.6644E-06-0.2370     0.2363      0.000      0.000      0.000      0.000      0.2687E-05   0.000       0.000       0.000       0.000       0.000    
 10022400.   10.47122956   10.5375   0.000       0.000      0.6628E-03 -0.4782E-06-0.2386     0.2380      0.000      0.000      0.000      0.000      0.1705E-05   0.000       0.000       0.000       0.000       0.000    
 10108800.   10.47275043   10.5386   0.000       0.000      0.6588E-03 -0.8801E-07-0.2392     0.2385      0.000      0.000      0.000      0.000      0.2904E-06   0.000       0.000       0.000       0.000       0.000    
 10195200.   10.47900546   10.5462   0.000       0.000      0.6718E-03 -0.3620E-06-0.2406     0.2399      0.000      0.000      0.000      0.000      0.1110E-05   0.000       0.000       0.000       0.000       0.000    
 10281600.   10.48167081   10.5488   0.000       0.000      0.6715E-03 -0.1542E-06-0.2413     0.2407      0.000      0.000      0.000      0.000      0.4282E-06   0.000       0.000       0.000       0.000       0.000    
 10368000.   10.47349352   10.5375   0.000       0.000      0.6401E-03  0.4732E-06-0.2402     0.2395      0.000      0.000      0.000      0.000     -0.1399E-05   0.000       0.000       0.000       0.000       0.000    
 10454400.   10.46225489   10.5229   0.000       0.000      0.6063E-03  0.6504E-06-0.2383     0.2376      0.000      0.000      0.000      0.000     -0.2291E-05   0.000       0.000       0.000       0.000       0.000    
 10540800.   10.46215134   10.5232   0.000       0.000      0.6103E-03  0.5993E-08-0.2381     0.2375      0.000      0.000      0.000      0.000     -0.2286E-07   0.000       0.000       0.000       0.000       0.000    
 10627200.   10.46707877   10.5295   0.000       0.000      0.6243E-03 -0.2852E-06-0.2390     0.2383      0.000      0.000      0.000      0.000      0.1053E-05   0.000       0.000       0.000       0.000       0.000    
 10713600.   10.46702025   10.5289   0.000       0.000      0.6189E-03  0.3387E-08-0.2391     0.2384      0.000      0.000      0.000      0.000     -0.1209E-07   0.000       0.000       0.000       0.000       0.000    
 10800000.   10.46130739   10.5211   0.000       0.000      0.5981E-03  0.3306E-06-0.2381     0.2375      0.000      0.000      0.000      0.000     -0.1229E-05   0.000       0.000       0.000       0.000       0.000    
 10886400.   10.45253479   10.5097   0.000       0.000      0.5718E-03  0.5077E-06-0.2365     0.2359      0.000      0.000      0.000      0.000     -0.2061E-05   0.000       0.000       0.000       0.000       0.000    
 10972800.   10.44242154   10.4969   0.000       0.000      0.5444E-03  0.5853E-06-0.2345     0.2340      0.000      0.000      0.000      0.000     -0.2610E-05   0.000       0.000       0.000       0.000       0.000    
 11059200.   10.43097742   10.4825   0.000       0.000      0.5148E-03  0.6623E-06-0.2321     0.2316      0.000      0.000      0.000      0.000     -0.3224E-05   0.000       0.000       0.000       0.000       0.000    
 11145600.   10.41983444   10.4686   0.000       0.000      0.4879E-03  0.6448E-06-0.2297     0.2292      0.000      0.000      0.000      0.000     -0.3388E-05   0.000       0.000       0.000       0.000       0.000    
 11232000.   10.40942071   10.4558   0.000       0.000      0.4639E-03  0.6026E-06-0.2273     0.2268      0.000      0.000      0.000      0.000     -0.3367E-05   0.000       0.000       0.000       0.000       0.000    
 11318400.   10.39964520   10.4439   0.000       0.000      0.4421E-03  0.5657E-06-0.2250     0.2245      0.000      0.000      0.000      0.000     -0.3324E-05   0.000       0.000       0.000       0.000       0.000    
 11404800.   10.40361712   10.4501   0.000       0.000      0.4645E-03 -0.2299E-06-0.2253     0.2248      0.000      0.000      0.000      0.000      0.1369E-05   0.000       0.000       0.000       0.000       0.000    
 11491200.   10.39426515   10.4378   0.000       0.000      0.4349E-03  0.5412E-06-0.2232     0.2228      0.000      0.000      0.000      0.000     -0.3262E-05   0.000       0.000       0.000       0.000       0.000    
 11577600.   10.41003576   10.4593   0.000       0.000      0.4930E-03 -0.9127E-06-0.2260     0.2255      0.000      0.000      0.000      0.000      0.5421E-05   0.000       0.000       0.000       0.000       0.000    
 11664000.   10.45105718   10.5123   0.000       0.000      0.6126E-03 -0.2374E-05-0.2338     0.2332      0.000      0.000      0.000      0.000      0.1202E-04   0.000       0.000       0.000       0.000       0.000    
 11750400.   10.54916798   10.6363   0.000       0.000      0.8709E-03 -0.5678E-05-0.2514     0.2506      0.000      0.000      0.000      0.000      0.8231E-05   0.000       0.000       0.000       0.000       0.000    
 11836800.   10.52098266   10.5931   0.000       0.000      0.7217E-03  0.1631E-05-0.2488     0.2481      0.000      0.000      0.000      0.000       0.000       0.000       0.000       0.000       0.000       0.000    
 11923200.   10.50038903   10.5658   0.000       0.000      0.6543E-03  0.1192E-05-0.2462     0.2456      0.000      0.000      0.000      0.000       0.000       0.000       0.000       0.000       0.000       0.000    
 12009600.   10.48373082   10.5446   0.000       0.000      0.6089E-03  0.9640E-06-0.2435     0.2429      0.000      0.000      0.000      0.000     -0.1593E-05   0.000       0.000       0.000       0.000       0.000    
 12096000.   10.48027416   10.5409   0.000       0.000      0.6063E-03  0.2000E-06-0.2428     0.2422      0.000      0.000      0.000      0.000     -0.5317E-06   0.000       0.000       0.000       0.000       0.000    
 12182400.   10.47528252   10.5346   0.000       0.000      0.5935E-03  0.2889E-06-0.2419     0.2413      0.000      0.000      0.000      0.000     -0.8511E-06   0.000       0.000       0.000       0.000       0.000    
 12268800.   10.46684715   10.5239   0.000       0.000      0.5705E-03  0.4882E-06-0.2403     0.2397      0.000      0.000      0.000      0.000     -0.1635E-05   0.000       0.000       0.000       0.000       0.000    
 12355200.   10.45665617   10.5111   0.000       0.000      0.5442E-03  0.5898E-06-0.2383     0.2377      0.000      0.000      0.000      0.000     -0.2260E-05   0.000       0.000       0.000       0.000       0.000    
 12441600.   10.44989724   10.5029   0.000       0.000      0.5304E-03  0.3911E-06-0.2368     0.2363      0.000      0.000      0.000      0.000     -0.1651E-05   0.000       0.000       0.000       0.000       0.000    
 12528000.   10.47702899   10.5389   0.000       0.000      0.6184E-03 -0.1570E-05-0.2414     0.2408      0.000      0.000      0.000      0.000      0.5854E-05   0.000       0.000       0.000       0.000       0.000    
 12614400.   10.50595227   10.5747   0.000       0.000      0.6880E-03 -0.1674E-05-0.2467     0.2460      0.000      0.000      0.000      0.000      0.2668E-05   0.000       0.000       0.000       0.000       0.000    
 12700800.   10.49817407   10.5624   0.000       0.000      0.6419E-03  0.4501E-06-0.2461     0.2454      0.000      0.000      0.000      0.000     -0.6017E-07   0.000       0.000       0.000       0.000       0.000    
 12787200.   10.48790187   10.5486   0.000       0.000      0.6071E-03  0.5945E-06-0.2446     0.2440      0.000      0.000      0.000      0.000     -0.9629E-06   0.000       0.000       0.000       0.000       0.000    
 12873600.   10.47579065   10.5331   0.000       0.000      0.5729E-03  0.7009E-06-0.2425     0.2420      0.000      0.000      0.000      0.000     -0.1862E-05   0.000       0.000       0.000       0.000       0.000    
 12960000.   10.47919446   10.5381   0.000       0.000      0.5891E-03 -0.1970E-06-0.2430     0.2424      0.000      0.000      0.000      0.000      0.5842E-06   0.000       0.000       0.000       0.000       0.000    
 13046400.   10.47384648   10.5310   0.000       0.000      0.5713E-03  0.3095E-06-0.2420     0.2414      0.000      0.000      0.000      0.000     -0.9367E-06   0.000       0.000       0.000       0.000       0.000    
 13132800.   10.46615445   10.5212   0.000       0.000      0.5500E-03  0.4451E-06-0.2406     0.2400      0.000      0.000      0.000      0.000     -0.1518E-05   0.000       0.000       0.000       0.000       0.000    
 13219200.   10.46118232   10.5151   0.000       0.000      0.5393E-03  0.2877E-06-0.2395     0.2390      0.000      0.000      0.000      0.000     -0.1077E-05   0.000       0.000       0.000       0.000       0.000    
 13305600.   10.45370069   10.5057   0.000       0.000      0.5201E-03  0.4330E-06-0.2380     0.2374      0.000      0.000      0.000      0.000     -0.1747E-05   0.000       0.000       0.000       0.000       0.000    
 13392000.   10.46682116   10.5234   0.000       0.000      0.5655E-03 -0.7593E-06-0.2401     0.2395      0.000      0.000      0.000      0.000      0.2963E-05   0.000       0.000       0.000       0.000       0.000    
 13478400.   10.47562458   10.5341   0.000       0.000      0.5850E-03 -0.5095E-06-0.2417     0.2412      0.000      0.000      0.000      0.000      0.1702E-05   0.000       0.000       0.000       0.000       0.000    
 13564800.   10.47214431   10.5288   0.000       0.000      0.5666E-03  0.2014E-06-0.2413     0.2408      0.000      0.000      0.000      0.000     -0.6423E-06   0.000       0.000       0.000       0.000       0.000    
 13651200.   10.46635742   10.5212   0.000       0.000      0.5480E-03  0.3349E-06-0.2404     0.2398      0.000      0.000      0.000      0.000     -0.1156E-05   0.000       0.000       0.000       0.000       0.000    
 13737600.   10.45875838   10.5115   0.000       0.000      0.5269E-03  0.4398E-06-0.2390     0.2384      0.000      0.000      0.000      0.000     -0.1669E-05   0.000       0.000       0.000       0.000       0.000    
 13824000.   10.48501384   10.5461   0.000       0.000      0.6107E-03 -0.1519E-05-0.2435     0.2428      0.000      0.000      0.000      0.000      0.4973E-05   0.000       0.000       0.000       0.000       0.000    
 13910400.   10.52064656   10.5906   0.000       0.000      0.6994E-03 -0.2062E-05-0.2499     0.2492      0.000      0.000      0.000      0.000      0.1409E-05   0.000       0.000       0.000       0.000       0.000    
 13996800.   10.51626127   10.5822   0.000       0.000      0.6596E-03  0.2538E-06-0.2500     0.2493      0.000      0.000      0.000      0.000       0.000       0.000       0.000       0.000       0.000       0.000    
 14083200.   10.50594895   10.5681   0.000       0.000      0.6220E-03  0.5968E-06-0.2487     0.2481      0.000      0.000      0.000      0.000       0.000       0.000       0.000       0.000       0.000       0.000    
 14169600.   10.51411382   10.5788   0.000       0.000      0.6467E-03 -0.4725E-06-0.2502     0.2496      0.000      0.000      0.000      0.000       0.000       0.000       0.000       0.000       0.000       0.000    
 14256000.   10.52028671   10.5860   0.000       0.000      0.6575E-03 -0.3572E-06-0.2515     0.2508      0.000      0.000      0.000      0.000       0.000       0.000       0.000       0.000       0.000       0.000    
 14342400.   10.55501256   10.6299   0.000       0.000      0.7491E-03 -0.2010E-05-0.2574     0.2567      0.000      0.000      0.000      0.000       0.000       0.000       0.000       0.000       0.000       0.000    
 14428800.   10.64548933   10.7426   0.000       0.000      0.9710E-03 -0.5236E-05-0.2720     0.2711      0.000      0.000      0.000      0.000       0.000       0.000       0.000       0.000       0.000       0.000    
 14515200.   10.63408630   10.7221   0.000       0.000      0.8799E-03  0.6599E-06-0.2723     0.2714      0.000      0.000      0.000      0.000       0.000       0.000       0.000       0.000       0.000       0.000    
 14601600.   10.64396922   10.7328   0.000       0.000      0.8886E-03 -0.5719E-06-0.2749     0.2740      0.000      0.000      0.000      0.000       0.000       0.000       0.000       0.000       0.000       0.000    
 14688000.   10.67172925   10.7661   0.000       0.000      0.9436E-03 -0.1606E-05-0.2797     0.2788      0.000      0.000      0.000      0.000       0.000       0.000       0.000       0.000       0.000       0.000    
 14774400.   10.67833774   10.7717   0.000       0.000      0.9341E-03 -0.3824E-06-0.2817     0.2808      0.000      0.000      0.000      0.000       0.000       0.000       0.000       0.000       0.000       0.000    
 14860800.   10.66851174   10.7575   0.000       0.000      0.8902E-03  0.5686E-06-0.2812     0.2803      0.000      0.000      0.000      0.000       0.000       0.000       0.000       0.000       0.000       0.000    
 14947200.   10.65825523   10.7439   0.000       0.000      0.8560E-03  0.5935E-06-0.2802     0.2793      0.000      0.000      0.000      0.000       0.000       0.000       0.000       0.000       0.000       0.000    
 15033600.   10.64423980   10.7258   0.000       0.000      0.8159E-03  0.8111E-06-0.2784     0.2775      0.000      0.000      0.000      0.000       0.000       0.000       0.000       0.000       0.000       0.000    
 15120000.   10.62900873   10.7067   0.000       0.000      0.7764E-03  0.8814E-06-0.2761     0.2754      0.000      0.000      0.000      0.000       0.000       0.000       0.000       0.000       0.000       0.000    
 15206400.   10.61232871   10.6859   0.000       0.000      0.7356E-03  0.9653E-06-0.2735     0.2728      0.000      0.000      0.000      0.000       0.000       0.000       0.000       0.000       0.000       0.000    
 15292800.   10.59517510   10.6647   0.000       0.000      0.6955E-03  0.9927E-06-0.2706     0.2699      0.000      0.000      0.000      0.000       0.000       0.000       0.000       0.000       0.000       0.000    
 15379200.   10.62068551   10.6981   0.000       0.000      0.7743E-03 -0.1476E-05-0.2740     0.2733      0.000      0.000      0.000      0.000       0.000       0.000       0.000       0.000       0.000       0.000    
 15465600.   10.63090675   10.7097   0.000       0.000      0.7880E-03 -0.5915E-06-0.2758     0.2750      0.000      0.000      0.000      0.000       0.000       0.000       0.000       0.000       0.000       0.000    
 15552000.   10.62061781   10.6954   0.000       0.000      0.7479E-03  0.5954E-06-0.2746     0.2738      0.000      0.000      0.000      0.000       0.000       0.000       0.000       0.000       0.000       0.000    
 15638400.   10.60438591   10.6746   0.000       0.000      0.7020E-03  0.9393E-06-0.2722     0.2715      0.000      0.000      0.000      0.000       0.000       0.000       0.000       0.000       0.000       0.000    
 15724800.   10.58847069   10.6548   0.000       0.000      0.6631E-03  0.9210E-06-0.2696     0.2689      0.000      0.000      0.000      0.000       0.000       0.000       0.000       0.000       0.000       0.000    
 15811200.   10.57334029   10.6362   0.000       0.000      0.6289E-03  0.8756E-06-0.2669     0.2662      0.000      0.000      0.000      0.000       0.000       0.000       0.000       0.000       0.000       0.000    
 15897600.   10.55928926   10.6192   0.000       0.000      0.5987E-03  0.8131E-06-0.2642     0.2636      0.000      0.000      0.000      0.000       0.000       0.000       0.000       0.000       0.000       0.000    
 15984000.   10.55004953   10.6083   0.000       0.000      0.5825E-03  0.5347E-06-0.2622     0.2616      0.000      0.000      0.000      0.000       0.000       0.000       0.000       0.000       0.000       0.000    
 16070400.   10.53742785   10.5929   0.000       0.000      0.5544E-03  0.7304E-06-0.2597     0.2592      0.000      0.000      0.000      0.000       0.000       0.000       0.000       0.000       0.000       0.000    
 16156800.   10.52543212   10.5784   0.000       0.000      0.5297E-03  0.6942E-06-0.2573     0.2567      0.000      0.000      0.000      0.000       0.000       0.000       0.000       0.000       0.000       0.000    
 16243200.   10.51375965   10.5644   0.000       0.000      0.5062E-03  0.6755E-06-0.2548     0.2543      0.000      0.000      0.000      0.000       0.000       0.000       0.000       0.000       0.000       0.000    
 16329600.   10.50263305   10.5511   0.000       0.000      0.4844E-03  0.6439E-06-0.2524     0.2519      0.000      0.000      0.000      0.000       0.000       0.000       0.000       0.000       0.000       0.000    
 16416000.   10.49197032   10.5384   0.000       0.000      0.4640E-03  0.6171E-06-0.2500     0.2496      0.000      0.000      0.000      0.000     -0.5539E-06   0.000       0.000       0.000       0.000       0.000    
 16502400.   10.48176561   10.5263   0.000       0.000      0.4449E-03  0.5906E-06-0.2477     0.2473      0.000      0.000      0.000      0.000     -0.1336E-05   0.000       0.000       0.000       0.000       0.000    
 16588800.   10.47201340   10.5147   0.000       0.000      0.4270E-03  0.5644E-06-0.2454     0.2450      0.000      0.000      0.000      0.000     -0.1693E-05   0.000       0.000       0.000       0.000       0.000    
 16675200.   10.46269052   10.5037   0.000       0.000      0.4103E-03  0.5395E-06-0.2432     0.2428      0.000      0.000      0.000      0.000     -0.1916E-05   0.000       0.000       0.000       0.000       0.000    
 16761600.   10.45588233   10.4960   0.000       0.000      0.4012E-03  0.3940E-06-0.2415     0.2411      0.000      0.000      0.000      0.000     -0.1557E-05   0.000       0.000       0.000       0.000       0.000    
 16848000.   10.45095271   10.4906   0.000       0.000      0.3964E-03  0.2853E-06-0.2401     0.2397      0.000      0.000      0.000      0.000     -0.1202E-05   0.000       0.000       0.000       0.000       0.000    
 16934400.   10.45346659   10.4948   0.000       0.000      0.4130E-03 -0.1455E-06-0.2401     0.2397      0.000      0.000      0.000      0.000      0.6207E-06   0.000       0.000       0.000       0.000       0.000    
 17020800.   10.45137082   10.4924   0.000       0.000      0.4103E-03  0.1213E-06-0.2395     0.2390      0.000      0.000      0.000      0.000     -0.5164E-06   0.000       0.000       0.000       0.000       0.000    
 17107200.   10.44248594   10.4813   0.000       0.000      0.3879E-03  0.5142E-06-0.2376     0.2372      0.000      0.000      0.000      0.000     -0.2305E-05   0.000       0.000       0.000       0.000       0.000    
 17193600.   10.43445601   10.4717   0.000       0.000      0.3725E-03  0.4647E-06-0.2358     0.2354      0.000      0.000      0.000      0.000     -0.2233E-05   0.000       0.000       0.000       0.000       0.000    
 17280000.   10.42645276   10.4622   0.000       0.000      0.3579E-03  0.4632E-06-0.2339     0.2335      0.000      0.000      0.000      0.000     -0.2356E-05   0.000       0.000       0.000       0.000       0.000    
 17366400.   10.41863090   10.4531   0.000       0.000      0.3444E-03  0.4527E-06-0.2319     0.2316      0.000      0.000      0.000      0.000     -0.2420E-05   0.000       0.000       0.000       0.000       0.000    
 17452800.   10.41112445   10.4443   0.000       0.000      0.3321E-03  0.4344E-06-0.2300     0.2297      0.000      0.000      0.000      0.000     -0.2424E-05   0.000       0.000       0.000       0.000       0.000    
 17539200.   10.40392562   10.4360   0.000       0.000      0.3208E-03  0.4166E-06-0.2282     0.2279      0.000      0.000      0.000      0.000     -0.2414E-05   0.000       0.000       0.000       0.000       0.000    
 17625600.   10.39702437   10.4281   0.000       0.000      0.3103E-03  0.3994E-06-0.2264     0.2261      0.000      0.000      0.000      0.000     -0.2391E-05   0.000       0.000       0.000       0.000       0.000    
 17712000.   10.39347088   10.4245   0.000       0.000      0.3105E-03  0.2056E-06-0.2252     0.2249      0.000      0.000      0.000      0.000     -0.1259E-05   0.000       0.000       0.000       0.000       0.000    
 17798400.   10.38710805   10.4170   0.000       0.000      0.2993E-03  0.3682E-06-0.2236     0.2233      0.000      0.000      0.000      0.000     -0.2301E-05   0.000       0.000       0.000       0.000       0.000    
 17884800.   10.38064463   10.4095   0.000       0.000      0.2890E-03  0.3740E-06-0.2219     0.2216      0.000      0.000      0.000      0.000     -0.2397E-05   0.000       0.000       0.000       0.000       0.000    
 17971200.   10.37451127   10.4025   0.000       0.000      0.2802E-03  0.3549E-06-0.2202     0.2199      0.000      0.000      0.000      0.000     -0.2327E-05   0.000       0.000       0.000       0.000       0.000    
 18057600.   10.36862987   10.3958   0.000       0.000      0.2720E-03  0.3404E-06-0.2186     0.2183      0.000      0.000      0.000      0.000     -0.2277E-05   0.000       0.000       0.000       0.000       0.000    
 18144000.   10.36296087   10.3894   0.000       0.000      0.2645E-03  0.3281E-06-0.2170     0.2167      0.000      0.000      0.000      0.000     -0.2237E-05   0.000       0.000       0.000       0.000       0.000    
 18230400.   10.35748385   10.3832   0.000       0.000      0.2574E-03  0.3170E-06-0.2154     0.2152      0.000      0.000      0.000      0.000     -0.2198E-05   0.000       0.000       0.000       0.000       0.000    
 18316800.   10.35218770   10.3773   0.000       0.000      0.2507E-03  0.3065E-06-0.2139     0.2137      0.000      0.000      0.000      0.000     -0.2159E-05   0.000       0.000       0.000       0.000       0.000    
 18403200.   10.34705523   10.3715   0.000       0.000      0.2444E-03  0.2970E-06-0.2124     0.2122      0.000      0.000      0.000      0.000     -0.2123E-05   0.000       0.000       0.000       0.000       0.000    
 18489600.   10.34207775   10.3659   0.000       0.000      0.2384E-03  0.2880E-06-0.2110     0.2107      0.000      0.000      0.000      0.000     -0.2087E-05   0.000       0.000       0.000       0.000       0.000    
 18576000.   10.33724812   10.3605   0.000       0.000      0.2328E-03  0.2795E-06-0.2095     0.2093      0.000      0.000      0.000      0.000     -0.2051E-05   0.000       0.000       0.000       0.000       0.000    
 18662400.   10.33255576   10.3553   0.000       0.000      0.2274E-03  0.2715E-06-0.2081     0.2079      0.000      0.000      0.000      0.000     -0.2016E-05   0.000       0.000       0.000       0.000       0.000    
 18748800.   10.32799453   10.3502   0.000       0.000      0.2224E-03  0.2640E-06-0.2068     0.2065      0.000      0.000      0.000      0.000     -0.1982E-05   0.000       0.000       0.000       0.000       0.000    
 18835200.   10.32958209   10.3534   0.000       0.000      0.2386E-03 -0.9187E-07-0.2067     0.2065      0.000      0.000      0.000      0.000      0.6922E-06   0.000       0.000       0.000       0.000       0.000    
 18921600.   10.32572379   10.3488   0.000       0.000      0.2312E-03  0.2233E-06-0.2056     0.2054      0.000      0.000      0.000      0.000     -0.1687E-05   0.000       0.000       0.000       0.000       0.000    
 19008000.   10.32069317   10.3429   0.000       0.000      0.2224E-03  0.2911E-06-0.2043     0.2040      0.000      0.000      0.000      0.000     -0.2221E-05   0.000       0.000       0.000       0.000       0.000    
 19094400.   10.31604514   10.3377   0.000       0.000      0.2161E-03  0.2690E-06-0.2029     0.2027      0.000      0.000      0.000      0.000     -0.2074E-05   0.000       0.000       0.000       0.000       0.000    
 19180800.   10.31164368   10.3327   0.000       0.000      0.2109E-03  0.2547E-06-0.2016     0.2014      0.000      0.000      0.000      0.000     -0.1983E-05   0.000       0.000       0.000       0.000       0.000    
 19267200.   10.30756166   10.3282   0.000       0.000      0.2067E-03  0.2362E-06-0.2003     0.2001      0.000      0.000      0.000      0.000     -0.1855E-05   0.000       0.000       0.000       0.000       0.000    
 19353600.   10.30346890   10.3237   0.000       0.000      0.2021E-03  0.2368E-06-0.1990     0.1988      0.000      0.000      0.000      0.000     -0.1875E-05   0.000       0.000       0.000       0.000       0.000    
 19440000.   10.29951155   10.3193   0.000       0.000      0.1980E-03  0.2290E-06-0.1978     0.1976      0.000      0.000      0.000      0.000     -0.1827E-05   0.000       0.000       0.000       0.000       0.000    
 19526400.   10.29567399   10.3151   0.000       0.000      0.1941E-03  0.2221E-06-0.1966     0.1964      0.000      0.000      0.000      0.000     -0.1785E-05   0.000       0.000       0.000       0.000       0.000    
 19612800.   10.29194419   10.3110   0.000       0.000      0.1905E-03  0.2158E-06-0.1954     0.1952      0.000      0.000      0.000      0.000     -0.1746E-05   0.000       0.000       0.000       0.000       0.000    
 19699200.   10.28831192   10.3070   0.000       0.000      0.1870E-03  0.2102E-06-0.1942     0.1940      0.000      0.000      0.000      0.000     -0.1712E-05   0.000       0.000       0.000       0.000       0.000    
 19785600.   10.28477115   10.3031   0.000       0.000      0.1837E-03  0.2049E-06-0.1930     0.1928      0.000      0.000      0.000      0.000     -0.1679E-05   0.000       0.000       0.000       0.000       0.000    
 19872000.   10.28131670   10.2994   0.000       0.000      0.1806E-03  0.1999E-06-0.1919     0.1917      0.000      0.000      0.000      0.000     -0.1648E-05   0.000       0.000       0.000       0.000       0.000    
 19958400.   10.28348649   10.3033   0.000       0.000      0.1983E-03 -0.1256E-06-0.1921     0.1919      0.000      0.000      0.000      0.000      0.1036E-05   0.000       0.000       0.000       0.000       0.000    
 20044800.   10.28757232   10.3094   0.000       0.000      0.2183E-03 -0.2364E-06-0.1929     0.1927      0.000      0.000      0.000      0.000      0.1941E-05   0.000       0.000       0.000       0.000       0.000    
 20131200.   10.28248279   10.3026   0.000       0.000      0.2015E-03  0.2945E-06-0.1916     0.1914      0.000      0.000      0.000      0.000     -0.2420E-05   0.000       0.000       0.000       0.000       0.000    
 20217600.   10.27987086   10.2999   0.000       0.000      0.2002E-03  0.1512E-06-0.1908     0.1906      0.000      0.000      0.000      0.000     -0.1250E-05   0.000       0.000       0.000       0.000       0.000    
 20304000.   10.27688721   10.2966   0.000       0.000      0.1968E-03  0.1727E-06-0.1899     0.1897      0.000      0.000      0.000      0.000     -0.1434E-05   0.000       0.000       0.000       0.000       0.000    
 20390400.   10.27290010   10.2919   0.000       0.000      0.1899E-03  0.2307E-06-0.1887     0.1885      0.000      0.000      0.000      0.000     -0.1927E-05   0.000       0.000       0.000       0.000       0.000    
 20476800.   10.26918330   10.2877   0.000       0.000      0.1850E-03  0.2151E-06-0.1875     0.1873      0.000      0.000      0.000      0.000     -0.1807E-05   0.000       0.000       0.000       0.000       0.000    
 20563200.   10.26565891   10.2837   0.000       0.000      0.1808E-03  0.2040E-06-0.1863     0.1862      0.000      0.000      0.000      0.000     -0.1723E-05   0.000       0.000       0.000       0.000       0.000    
 20649600.   10.26228489   10.2800   0.000       0.000      0.1770E-03  0.1953E-06-0.1852     0.1850      0.000      0.000      0.000      0.000     -0.1658E-05   0.000       0.000       0.000       0.000       0.000    
 20736000.   10.25903528   10.2764   0.000       0.000      0.1735E-03  0.1881E-06-0.1841     0.1839      0.000      0.000      0.000      0.000     -0.1605E-05   0.000       0.000       0.000       0.000       0.000    
 20822400.   10.25589291   10.2729   0.000       0.000      0.1703E-03  0.1819E-06-0.1830     0.1829      0.000      0.000      0.000      0.000     -0.1559E-05   0.000       0.000       0.000       0.000       0.000    
 20908800.   10.25284683   10.2696   0.000       0.000      0.1672E-03  0.1763E-06-0.1820     0.1818      0.000      0.000      0.000      0.000     -0.1518E-05   0.000       0.000       0.000       0.000       0.000    
 20995200.   10.24988746   10.2663   0.000       0.000      0.1643E-03  0.1713E-06-0.1810     0.1808      0.000      0.000      0.000      0.000     -0.1480E-05   0.000       0.000       0.000       0.000       0.000    
 21081600.   10.24700781   10.2632   0.000       0.000      0.1616E-03  0.1666E-06-0.1800     0.1798      0.000      0.000      0.000      0.000     -0.1446E-05   0.000       0.000       0.000       0.000       0.000    
 21168000.   10.24420089   10.2601   0.000       0.000      0.1590E-03  0.1624E-06-0.1790     0.1788      0.000      0.000      0.000      0.000     -0.1415E-05   0.000       0.000       0.000       0.000       0.000    
 21254400.   10.24146127   10.2571   0.000       0.000      0.1565E-03  0.1585E-06-0.1780     0.1778      0.000      0.000      0.000      0.000     -0.1386E-05   0.000       0.000       0.000       0.000       0.000    
 21340800.   10.23878482   10.2542   0.000       0.000      0.1541E-03  0.1549E-06-0.1770     0.1769      0.000      0.000      0.000      0.000     -0.1359E-05   0.000       0.000       0.000       0.000       0.000    
 21427200.   10.23616774   10.2514   0.000       0.000      0.1519E-03  0.1515E-06-0.1761     0.1759      0.000      0.000      0.000      0.000     -0.1333E-05   0.000       0.000       0.000       0.000       0.000    
 21513600.   10.23438309   10.2497   0.000       0.000      0.1528E-03  0.1033E-06-0.1753     0.1752      0.000      0.000      0.000      0.000     -0.9113E-06   0.000       0.000       0.000       0.000       0.000    
 21600000.   10.24030784   10.2587   0.000       0.000      0.1838E-03 -0.3429E-06-0.1767     0.1765      0.000      0.000      0.000      0.000      0.3018E-05   0.000       0.000       0.000       0.000       0.000    
 21686400.   10.23637430   10.2532   0.000       0.000      0.1683E-03  0.2276E-06-0.1756     0.1755      0.000      0.000      0.000      0.000     -0.2001E-05   0.000       0.000       0.000       0.000       0.000    
 21772800.   10.23297655   10.2492   0.000       0.000      0.1617E-03  0.1966E-06-0.1746     0.1744      0.000      0.000      0.000      0.000     -0.1736E-05   0.000       0.000       0.000       0.000       0.000    
 21859200.   10.22994910   10.2457   0.000       0.000      0.1574E-03  0.1752E-06-0.1735     0.1734      0.000      0.000      0.000      0.000     -0.1553E-05   0.000       0.000       0.000       0.000       0.000    
 21945600.   10.22713538   10.2425   0.000       0.000      0.1539E-03  0.1628E-06-0.1726     0.1724      0.000      0.000      0.000      0.000     -0.1448E-05   0.000       0.000       0.000       0.000       0.000    
 22032000.   10.22446663   10.2396   0.000       0.000      0.1510E-03  0.1544E-06-0.1716     0.1714      0.000      0.000      0.000      0.000     -0.1378E-05   0.000       0.000       0.000       0.000       0.000    
 22118400.   10.22190643   10.2367   0.000       0.000      0.1483E-03  0.1482E-06-0.1707     0.1705      0.000      0.000      0.000      0.000     -0.1326E-05   0.000       0.000       0.000       0.000       0.000    
 22204800.   10.21943437   10.2340   0.000       0.000      0.1458E-03  0.1431E-06-0.1697     0.1696      0.000      0.000      0.000      0.000     -0.1284E-05   0.000       0.000       0.000       0.000       0.000    
 22291200.   10.21703698   10.2314   0.000       0.000      0.1435E-03  0.1387E-06-0.1688     0.1687      0.000      0.000      0.000      0.000     -0.1248E-05   0.000       0.000       0.000       0.000       0.000    
 22377600.   10.21470520   10.2288   0.000       0.000      0.1413E-03  0.1349E-06-0.1680     0.1678      0.000      0.000      0.000      0.000     -0.1217E-05   0.000       0.000       0.000       0.000       0.000    
 22464000.   10.22170728   10.2395   0.000       0.000      0.1778E-03 -0.4052E-06-0.1697     0.1695      0.000      0.000      0.000      0.000      0.3646E-05   0.000       0.000       0.000       0.000       0.000    
 22550400.   10.21912042   10.2357   0.000       0.000      0.1658E-03  0.1497E-06-0.1690     0.1688      0.000      0.000      0.000      0.000     -0.1344E-05   0.000       0.000       0.000       0.000       0.000    
 22636800.   10.21821122   10.2350   0.000       0.000      0.1674E-03  0.5262E-07-0.1686     0.1685      0.000      0.000      0.000      0.000     -0.4732E-06   0.000       0.000       0.000       0.000       0.000    
 22723200.   10.24246439   10.2695   0.000       0.000      0.2704E-03 -0.1404E-05-0.1750     0.1748      0.000      0.000      0.000      0.000      0.1246E-04   0.000       0.000       0.000       0.000       0.000    
 22809600.   10.24081608   10.2654   0.000       0.000      0.2458E-03  0.9539E-07-0.1751     0.1749      0.000      0.000      0.000      0.000     -0.8351E-06   0.000       0.000       0.000       0.000       0.000    
 22896000.   10.23856264   10.2622   0.000       0.000      0.2367E-03  0.1304E-06-0.1748     0.1745      0.000      0.000      0.000      0.000     -0.1144E-05   0.000       0.000       0.000       0.000       0.000    
 22982400.   10.23621509   10.2593   0.000       0.000      0.2305E-03  0.1359E-06-0.1742     0.1740      0.000      0.000      0.000      0.000     -0.1196E-05   0.000       0.000       0.000       0.000       0.000    
 23068800.   10.23379031   10.2563   0.000       0.000      0.2252E-03  0.1403E-06-0.1735     0.1733      0.000      0.000      0.000      0.000     -0.1239E-05   0.000       0.000       0.000       0.000       0.000    
 23155200.   10.23087648   10.2527   0.000       0.000      0.2187E-03  0.1686E-06-0.1726     0.1724      0.000      0.000      0.000      0.000     -0.1493E-05   0.000       0.000       0.000       0.000       0.000    
 23241600.   10.22782732   10.2490   0.000       0.000      0.2122E-03  0.1765E-06-0.1716     0.1714      0.000      0.000      0.000      0.000     -0.1568E-05   0.000       0.000       0.000       0.000       0.000    
 23328000.   10.22463510   10.2452   0.000       0.000      0.2056E-03  0.1847E-06-0.1706     0.1704      0.000      0.000      0.000      0.000     -0.1647E-05   0.000       0.000       0.000       0.000       0.000    
 23414400.   10.22148459   10.2414   0.000       0.000      0.1993E-03  0.1823E-06-0.1696     0.1694      0.000      0.000      0.000      0.000     -0.1632E-05   0.000       0.000       0.000       0.000       0.000    
 23500800.   10.21852957   10.2379   0.000       0.000      0.1939E-03  0.1710E-06-0.1685     0.1683      0.000      0.000      0.000      0.000     -0.1536E-05   0.000       0.000       0.000       0.000       0.000    
 23587200.   10.21569048   10.2346   0.000       0.000      0.1889E-03  0.1643E-06-0.1675     0.1674      0.000      0.000      0.000      0.000     -0.1480E-05   0.000       0.000       0.000       0.000       0.000    
 23673600.   10.21290364   10.2313   0.000       0.000      0.1839E-03  0.1613E-06-0.1666     0.1664      0.000      0.000      0.000      0.000     -0.1457E-05   0.000       0.000       0.000       0.000       0.000    
 23760000.   10.21011373   10.2280   0.000       0.000      0.1788E-03  0.1615E-06-0.1655     0.1654      0.000      0.000      0.000      0.000     -0.1463E-05   0.000       0.000       0.000       0.000       0.000    
 23846400.   10.20741514   10.2248   0.000       0.000      0.1740E-03  0.1562E-06-0.1646     0.1644      0.000      0.000      0.000      0.000     -0.1419E-05   0.000       0.000       0.000       0.000       0.000    
 23932800.   10.20484865   10.2218   0.000       0.000      0.1696E-03  0.1485E-06-0.1636     0.1634      0.000      0.000      0.000      0.000     -0.1353E-05   0.000       0.000       0.000       0.000       0.000    
 24019200.   10.20238681   10.2189   0.000       0.000      0.1656E-03  0.1425E-06-0.1627     0.1625      0.000      0.000      0.000      0.000     -0.1301E-05   0.000       0.000       0.000       0.000       0.000    
 24105600.   10.20000589   10.2162   0.000       0.000      0.1617E-03  0.1378E-06-0.1618     0.1616      0.000      0.000      0.000      0.000     -0.1261E-05   0.000       0.000       0.000       0.000       0.000    
 24192000.   10.19767667   10.2135   0.000       0.000      0.1579E-03  0.1348E-06-0.1609     0.1607      0.000      0.000      0.000      0.000     -0.1237E-05   0.000       0.000       0.000       0.000       0.000    
 24278400.   10.19539387   10.2108   0.000       0.000      0.1543E-03  0.1321E-06-0.1600     0.1599      0.000      0.000      0.000      0.000     -0.1215E-05   0.000       0.000       0.000       0.000       0.000    
 24364800.   10.19317467   10.2083   0.000       0.000      0.1509E-03  0.1284E-06-0.1592     0.1590      0.000      0.000      0.000      0.000     -0.1183E-05   0.000       0.000       0.000       0.000       0.000    
 24451200.   10.19102416   10.2058   0.000       0.000      0.1477E-03  0.1245E-06-0.1583     0.1582      0.000      0.000      0.000      0.000     -0.1149E-05   0.000       0.000       0.000       0.000       0.000    
 24537600.   10.18893658   10.2034   0.000       0.000      0.1447E-03  0.1208E-06-0.1575     0.1573      0.000      0.000      0.000      0.000     -0.1117E-05   0.000       0.000       0.000       0.000       0.000    
 24624000.   10.18690681   10.2011   0.000       0.000      0.1419E-03  0.1175E-06-0.1567     0.1565      0.000      0.000      0.000      0.000     -0.1089E-05   0.000       0.000       0.000       0.000       0.000    
 24710400.   10.18492767   10.1988   0.000       0.000      0.1392E-03  0.1145E-06-0.1559     0.1557      0.000      0.000      0.000      0.000     -0.1063E-05   0.000       0.000       0.000       0.000       0.000    
 24796800.   10.18299536   10.1967   0.000       0.000      0.1366E-03  0.1118E-06-0.1551     0.1549      0.000      0.000      0.000      0.000     -0.1040E-05   0.000       0.000       0.000       0.000       0.000    
 24883200.   10.18122365   10.1947   0.000       0.000      0.1348E-03  0.1025E-06-0.1543     0.1542      0.000      0.000      0.000      0.000     -0.9549E-06   0.000       0.000       0.000       0.000       0.000    
 24969600.   10.18171815   10.1961   0.000       0.000      0.1434E-03 -0.2862E-07-0.1543     0.1541      0.000      0.000      0.000      0.000      0.2667E-06   0.000       0.000       0.000       0.000       0.000    
 25056000.   10.17963260   10.1933   0.000       0.000      0.1371E-03  0.1207E-06-0.1535     0.1534      0.000      0.000      0.000      0.000     -0.1125E-05   0.000       0.000       0.000       0.000       0.000    
 25142400.   10.17764907   10.1910   0.000       0.000      0.1337E-03  0.1148E-06-0.1528     0.1526      0.000      0.000      0.000      0.000     -0.1072E-05   0.000       0.000       0.000       0.000       0.000    
 25228800.   10.18023059   10.1955   0.000       0.000      0.1522E-03 -0.1494E-06-0.1533     0.1532      0.000      0.000      0.000      0.000      0.1395E-05   0.000       0.000       0.000       0.000       0.000    
 25315200.   10.17827735   10.1927   0.000       0.000      0.1440E-03  0.1130E-06-0.1527     0.1526      0.000      0.000      0.000      0.000     -0.1055E-05   0.000       0.000       0.000       0.000       0.000    
 25401600.   10.17876490   10.1939   0.000       0.000      0.1515E-03 -0.2821E-07-0.1527     0.1526      0.000      0.000      0.000      0.000      0.2636E-06   0.000       0.000       0.000       0.000       0.000    
 25488000.   10.17900674   10.1946   0.000       0.000      0.1556E-03 -0.1400E-07-0.1527     0.1526      0.000      0.000      0.000      0.000      0.1307E-06   0.000       0.000       0.000       0.000       0.000    
 25574400.   10.18067154   10.1973   0.000       0.000      0.1663E-03 -0.9634E-07-0.1532     0.1530      0.000      0.000      0.000      0.000      0.8990E-06   0.000       0.000       0.000       0.000       0.000    
 25660800.   10.17891170   10.1948   0.000       0.000      0.1590E-03  0.1018E-06-0.1526     0.1525      0.000      0.000      0.000      0.000     -0.9503E-06   0.000       0.000       0.000       0.000       0.000    
 25747200.   10.18246700   10.2005   0.000       0.000      0.1804E-03 -0.2057E-06-0.1536     0.1534      0.000      0.000      0.000      0.000      0.1918E-05   0.000       0.000       0.000       0.000       0.000    
 25833600.   10.20171291   10.2284   0.000       0.000      0.2669E-03 -0.1114E-05-0.1593     0.1590      0.000      0.000      0.000      0.000      0.1028E-04   0.000       0.000       0.000       0.000       0.000    
 25920000.   10.22779899   10.2635   0.000       0.000      0.3567E-03 -0.1510E-05-0.1672     0.1668      0.000      0.000      0.000      0.000      0.1363E-04   0.000       0.000       0.000       0.000       0.000    
 26006400.   10.25390021   10.2971   0.000       0.000      0.4315E-03 -0.1510E-05-0.1750     0.1746      0.000      0.000      0.000      0.000      0.1323E-04   0.000       0.000       0.000       0.000       0.000    
 26092800.   10.25930635   10.3016   0.000       0.000      0.4232E-03 -0.3129E-06-0.1776     0.1771      0.000      0.000      0.000      0.000      0.2685E-05   0.000       0.000       0.000       0.000       0.000    
 26179200.   10.25521500   10.2947   0.000       0.000      0.3950E-03  0.2368E-06-0.1773     0.1769      0.000      0.000      0.000      0.000     -0.2030E-05   0.000       0.000       0.000       0.000       0.000    
 26265600.   10.24992349   10.2872   0.000       0.000      0.3730E-03  0.3062E-06-0.1763     0.1759      0.000      0.000      0.000      0.000     -0.2643E-05   0.000       0.000       0.000       0.000       0.000    
 26352000.   10.24462892   10.2801   0.000       0.000      0.3550E-03  0.3064E-06-0.1750     0.1747      0.000      0.000      0.000      0.000     -0.2663E-05   0.000       0.000       0.000       0.000       0.000    
 26438400.   10.23956363   10.2735   0.000       0.000      0.3395E-03  0.2931E-06-0.1737     0.1733      0.000      0.000      0.000      0.000     -0.2565E-05   0.000       0.000       0.000       0.000       0.000    
 26524800.   10.23470685   10.2672   0.000       0.000      0.3253E-03  0.2811E-06-0.1723     0.1720      0.000      0.000      0.000      0.000     -0.2474E-05   0.000       0.000       0.000       0.000       0.000    
 26611200.   10.22986349   10.2610   0.000       0.000      0.3114E-03  0.2803E-06-0.1708     0.1705      0.000      0.000      0.000      0.000     -0.2482E-05   0.000       0.000       0.000       0.000       0.000    
 26697600.   10.22538158   10.2553   0.000       0.000      0.2991E-03  0.2594E-06-0.1694     0.1691      0.000      0.000      0.000      0.000     -0.2309E-05   0.000       0.000       0.000       0.000       0.000    
 26784000.   10.22113284   10.2499   0.000       0.000      0.2876E-03  0.2459E-06-0.1681     0.1678      0.000      0.000      0.000      0.000     -0.2200E-05   0.000       0.000       0.000       0.000       0.000    
 26870400.   10.23639576   10.2719   0.000       0.000      0.3553E-03 -0.8833E-06-0.1720     0.1716      0.000      0.000      0.000      0.000      0.7854E-05   0.000       0.000       0.000       0.000       0.000    
 26956800.   10.24550112   10.2834   0.000       0.000      0.3793E-03 -0.5269E-06-0.1746     0.1743      0.000      0.000      0.000      0.000      0.4617E-05   0.000       0.000       0.000       0.000       0.000    
 27043200.   10.25391207   10.2941   0.000       0.000      0.4018E-03 -0.4867E-06-0.1772     0.1768      0.000      0.000      0.000      0.000      0.4217E-05   0.000       0.000       0.000       0.000       0.000    
 27129600.   10.25607830   10.2961   0.000       0.000      0.3997E-03 -0.1254E-06-0.1781     0.1777      0.000      0.000      0.000      0.000      0.1078E-05   0.000       0.000       0.000       0.000       0.000    
 27216000.   10.26076743   10.3020   0.000       0.000      0.4124E-03 -0.2714E-06-0.1796     0.1792      0.000      0.000      0.000      0.000      0.2323E-05   0.000       0.000       0.000       0.000       0.000    
 27302400.   10.27323736   10.3185   0.000       0.000      0.4530E-03 -0.7216E-06-0.1830     0.1825      0.000      0.000      0.000      0.000      0.6101E-05   0.000       0.000       0.000       0.000       0.000    
 27388800.   10.29809269   10.3512   0.000       0.000      0.5312E-03 -0.1438E-05-0.1894     0.1888      0.000      0.000      0.000      0.000      0.1180E-04   0.000       0.000       0.000       0.000       0.000    
 27475200.   10.31909260   10.3772   0.000       0.000      0.5810E-03 -0.1215E-05-0.1950     0.1944      0.000      0.000      0.000      0.000      0.9560E-05   0.000       0.000       0.000       0.000       0.000    
 27561600.   10.31545738   10.3698   0.000       0.000      0.5438E-03  0.2104E-06-0.1951     0.1946      0.000      0.000      0.000      0.000     -0.1626E-05   0.000       0.000       0.000       0.000       0.000    
 27648000.   10.30915297   10.3606   0.000       0.000      0.5149E-03  0.3648E-06-0.1942     0.1937      0.000      0.000      0.000      0.000     -0.2849E-05   0.000       0.000       0.000       0.000       0.000    
 27734400.   10.30169270   10.3504   0.000       0.000      0.4875E-03  0.4317E-06-0.1927     0.1922      0.000      0.000      0.000      0.000     -0.3418E-05   0.000       0.000       0.000       0.000       0.000    
 27820800.   10.29559054   10.3424   0.000       0.000      0.4682E-03  0.3531E-06-0.1913     0.1908      0.000      0.000      0.000      0.000     -0.2832E-05   0.000       0.000       0.000       0.000       0.000    
 27907200.   10.29107709   10.3366   0.000       0.000      0.4549E-03  0.2612E-06-0.1901     0.1897      0.000      0.000      0.000      0.000     -0.2115E-05   0.000       0.000       0.000       0.000       0.000    
 27993600.   10.30256176   10.3525   0.000       0.000      0.4993E-03 -0.6646E-06-0.1927     0.1922      0.000      0.000      0.000      0.000      0.5348E-05   0.000       0.000       0.000       0.000       0.000    
 28080000.   10.31918634   10.3740   0.000       0.000      0.5484E-03 -0.9621E-06-0.1967     0.1962      0.000      0.000      0.000      0.000      0.7534E-05   0.000       0.000       0.000       0.000       0.000    
 28166400.   10.32705946   10.3830   0.000       0.000      0.5591E-03 -0.4556E-06-0.1990     0.1984      0.000      0.000      0.000      0.000      0.3477E-05   0.000       0.000       0.000       0.000       0.000    
 28252800.   10.32198828   10.3749   0.000       0.000      0.5289E-03  0.2935E-06-0.1983     0.1978      0.000      0.000      0.000      0.000     -0.2233E-05   0.000       0.000       0.000       0.000       0.000    
 28339200.   10.31497759   10.3652   0.000       0.000      0.5017E-03  0.4057E-06-0.1970     0.1965      0.000      0.000      0.000      0.000     -0.3128E-05   0.000       0.000       0.000       0.000       0.000    
 28425600.   10.30771262   10.3555   0.000       0.000      0.4775E-03  0.4204E-06-0.1953     0.1949      0.000      0.000      0.000      0.000     -0.3290E-05   0.000       0.000       0.000       0.000       0.000    
 28512000.   10.30059846   10.3461   0.000       0.000      0.4555E-03  0.4117E-06-0.1936     0.1931      0.000      0.000      0.000      0.000     -0.3268E-05   0.000       0.000       0.000       0.000       0.000    
 28598400.   10.29375648   10.3373   0.000       0.000      0.4352E-03  0.3959E-06-0.1918     0.1914      0.000      0.000      0.000      0.000     -0.3184E-05   0.000       0.000       0.000       0.000       0.000    
 28684800.   10.28721949   10.3288   0.000       0.000      0.4163E-03  0.3783E-06-0.1900     0.1896      0.000      0.000      0.000      0.000     -0.3079E-05   0.000       0.000       0.000       0.000       0.000    
 28771200.   10.28097511   10.3208   0.000       0.000      0.3986E-03  0.3614E-06-0.1883     0.1879      0.000      0.000      0.000      0.000     -0.2974E-05   0.000       0.000       0.000       0.000       0.000    
 28857600.   10.27502504   10.3132   0.000       0.000      0.3819E-03  0.3443E-06-0.1866     0.1862      0.000      0.000      0.000      0.000     -0.2862E-05   0.000       0.000       0.000       0.000       0.000    
 28944000.   10.26928457   10.3059   0.000       0.000      0.3660E-03  0.3322E-06-0.1849     0.1845      0.000      0.000      0.000      0.000     -0.2787E-05   0.000       0.000       0.000       0.000       0.000    
 29030400.   10.26372246   10.2988   0.000       0.000      0.3507E-03  0.3219E-06-0.1832     0.1828      0.000      0.000      0.000      0.000     -0.2723E-05   0.000       0.000       0.000       0.000       0.000    
 29116800.   10.25840797   10.2920   0.000       0.000      0.3363E-03  0.3076E-06-0.1816     0.1812      0.000      0.000      0.000      0.000     -0.2623E-05   0.000       0.000       0.000       0.000       0.000    
 29203200.   10.25324363   10.2855   0.000       0.000      0.3223E-03  0.2989E-06-0.1799     0.1796      0.000      0.000      0.000      0.000     -0.2568E-05   0.000       0.000       0.000       0.000       0.000    
 29289600.   10.24832967   10.2793   0.000       0.000      0.3093E-03  0.2844E-06-0.1784     0.1781      0.000      0.000      0.000      0.000     -0.2460E-05   0.000       0.000       0.000       0.000       0.000    
 29376000.   10.24368049   10.2734   0.000       0.000      0.2973E-03  0.2690E-06-0.1769     0.1766      0.000      0.000      0.000      0.000     -0.2342E-05   0.000       0.000       0.000       0.000       0.000    
 29462400.   10.23926575   10.2679   0.000       0.000      0.2860E-03  0.2555E-06-0.1754     0.1751      0.000      0.000      0.000      0.000     -0.2237E-05   0.000       0.000       0.000       0.000       0.000    
 29548800.   10.23503836   10.2626   0.000       0.000      0.2754E-03  0.2446E-06-0.1740     0.1737      0.000      0.000      0.000      0.000     -0.2154E-05   0.000       0.000       0.000       0.000       0.000    
 29635200.   10.23097274   10.2575   0.000       0.000      0.2652E-03  0.2353E-06-0.1726     0.1723      0.000      0.000      0.000      0.000     -0.2082E-05   0.000       0.000       0.000       0.000       0.000    
 29721600.   10.22707106   10.2526   0.000       0.000      0.2557E-03  0.2258E-06-0.1712     0.1710      0.000      0.000      0.000      0.000     -0.2007E-05   0.000       0.000       0.000       0.000       0.000    
 29808000.   10.22327798   10.2479   0.000       0.000      0.2466E-03  0.2195E-06-0.1699     0.1697      0.000      0.000      0.000      0.000     -0.1960E-05   0.000       0.000       0.000       0.000       0.000    
 29894400.   10.21961354   10.2434   0.000       0.000      0.2379E-03  0.2121E-06-0.1686     0.1684      0.000      0.000      0.000      0.000     -0.1901E-05   0.000       0.000       0.000       0.000       0.000    
 29980800.   10.21607198   10.2390   0.000       0.000      0.2296E-03  0.2050E-06-0.1673     0.1671      0.000      0.000      0.000      0.000     -0.1845E-05   0.000       0.000       0.000       0.000       0.000    
 30067200.   10.21268945   10.2349   0.000       0.000      0.2220E-03  0.1957E-06-0.1661     0.1659      0.000      0.000      0.000      0.000     -0.1768E-05   0.000       0.000       0.000       0.000       0.000    
 30153600.   10.20944512   10.2309   0.000       0.000      0.2148E-03  0.1878E-06-0.1649     0.1647      0.000      0.000      0.000      0.000     -0.1702E-05   0.000       0.000       0.000       0.000       0.000    
 30240000.   10.20633262   10.2271   0.000       0.000      0.2080E-03  0.1801E-06-0.1638     0.1636      0.000      0.000      0.000      0.000     -0.1638E-05   0.000       0.000       0.000       0.000       0.000    
 30326400.   10.20333106   10.2235   0.000       0.000      0.2016E-03  0.1737E-06-0.1626     0.1624      0.000      0.000      0.000      0.000     -0.1585E-05   0.000       0.000       0.000       0.000       0.000    
 30412800.   10.20043328   10.2200   0.000       0.000      0.1955E-03  0.1677E-06-0.1615     0.1613      0.000      0.000      0.000      0.000     -0.1534E-05   0.000       0.000       0.000       0.000       0.000    
 30499200.   10.19763724   10.2166   0.000       0.000      0.1899E-03  0.1618E-06-0.1605     0.1603      0.000      0.000      0.000      0.000     -0.1484E-05   0.000       0.000       0.000       0.000       0.000    
 30585600.   10.19492965   10.2134   0.000       0.000      0.1845E-03  0.1567E-06-0.1594     0.1592      0.000      0.000      0.000      0.000     -0.1441E-05   0.000       0.000       0.000       0.000       0.000    
 30672000.   10.19231074   10.2103   0.000       0.000      0.1795E-03  0.1516E-06-0.1584     0.1582      0.000      0.000      0.000      0.000     -0.1397E-05   0.000       0.000       0.000       0.000       0.000    
 30758400.   10.18977483   10.2073   0.000       0.000      0.1748E-03  0.1468E-06-0.1574     0.1572      0.000      0.000      0.000      0.000     -0.1356E-05   0.000       0.000       0.000       0.000       0.000    
 30844800.   10.18731650   10.2044   0.000       0.000      0.1704E-03  0.1423E-06-0.1564     0.1563      0.000      0.000      0.000      0.000     -0.1318E-05   0.000       0.000       0.000       0.000       0.000    
 30931200.   10.18492580   10.2015   0.000       0.000      0.1662E-03  0.1384E-06-0.1555     0.1553      0.000      0.000      0.000      0.000     -0.1284E-05   0.000       0.000       0.000       0.000       0.000    
 31017600.   10.18260007   10.1988   0.000       0.000      0.1622E-03  0.1346E-06-0.1545     0.1544      0.000      0.000      0.000      0.000     -0.1252E-05   0.000       0.000       0.000       0.000       0.000    
 31104000.   10.18034149   10.1962   0.000       0.000      0.1584E-03  0.1307E-06-0.1536     0.1534      0.000      0.000      0.000      0.000     -0.1218E-05   0.000       0.000       0.000       0.000       0.000    
 31190400.   10.17814597   10.1936   0.000       0.000      0.1549E-03  0.1271E-06-0.1527     0.1525      0.000      0.000      0.000      0.000     -0.1186E-05   0.000       0.000       0.000       0.000       0.000    
 31276800.   10.17641925   10.1918   0.000       0.000      0.1535E-03  0.9993E-07-0.1519     0.1518      0.000      0.000      0.000      0.000     -0.9343E-06   0.000       0.000       0.000       0.000       0.000    
 31363200.   10.17429110   10.1893   0.000       0.000      0.1496E-03  0.1232E-06-0.1511     0.1509      0.000      0.000      0.000      0.000     -0.1153E-05   0.000       0.000       0.000       0.000       0.000    
 31449600.   10.17223202   10.1869   0.000       0.000      0.1464E-03  0.1192E-06-0.1502     0.1501      0.000      0.000      0.000      0.000     -0.1118E-05   0.000       0.000       0.000       0.000       0.000    
 31536000.   10.17023637   10.1846   0.000       0.000      0.1435E-03  0.1155E-06-0.1494     0.1492      0.000      0.000      0.000      0.000     -0.1085E-05   0.000       0.000       0.000       0.000       0.000    
 31622400.   10.16809799   10.1821   0.000       0.000      0.1398E-03  0.1237E-06-0.1485     0.1483      0.000      0.000      0.000      0.000     -0.1165E-05   0.000       0.000       0.000       0.000       0.000    
