TOTIM (T)      HCON          HMAT      QDIR      QWELL        QMAT       QCADS      QTUB1      QTUB2      QTUB3      QTUB4      QTUB5      QTUB6       NSTOR        QFIX        QLH     FHLQ (LQ)        CAUCHY   CAUCHY (LQ)
    86400.   10.67389217   10.7843   0.000       0.000      0.1104E-02   0.000    -0.5556E-03-0.6240E-01 0.6185E-01  0.000      0.000      0.000       0.000       0.000       0.000       0.000       0.000       0.000    
   172800.   10.65681938   10.7661   0.000       0.000      0.1092E-02  0.1482E-05-0.5514E-03-0.6183E-01 0.6129E-01  0.000      0.000      0.000       0.000       0.000       0.000       0.000       0.000       0.000    
   259200.   10.65718134   10.7665   0.000       0.000      0.1093E-02 -0.3142E-07-0.5509E-03-0.6178E-01 0.6124E-01  0.000      0.000      0.000       0.000       0.000       0.000       0.000       0.000       0.000    
   345600.   10.65566189   10.7648   0.000       0.000      0.1092E-02  0.1319E-06-0.5503E-03-0.6170E-01 0.6115E-01  0.000      0.000      0.000       0.000       0.000       0.000       0.000       0.000       0.000    
   432000.   10.66708443   10.7771   0.000       0.000      0.1100E-02 -0.9915E-06-0.5529E-03-0.6205E-01 0.6151E-01  0.000      0.000      0.000       0.000       0.000       0.000       0.000       0.000       0.000    
   518400.   10.67383701   10.7842   0.000       0.000      0.1104E-02 -0.5862E-06-0.5547E-03-0.6230E-01 0.6176E-01  0.000      0.000      0.000       0.000       0.000       0.000       0.000       0.000       0.000    
   604800.   10.67577253   10.7863   0.000       0.000      0.1105E-02 -0.1680E-06-0.5555E-03-0.6241E-01 0.6186E-01  0.000      0.000      0.000       0.000       0.000       0.000       0.000       0.000       0.000    
   691200.   10.69326198   10.8050   0.000       0.000      0.1117E-02 -0.1518E-05-0.5599E-03-0.6300E-01 0.6245E-01  0.000      0.000      0.000       0.000       0.000       0.000       0.000       0.000       0.000    
   777600.   10.74083387   10.8557   0.000       0.000      0.1149E-02 -0.4130E-05-0.5717E-03-0.6457E-01 0.6400E-01  0.000      0.000      0.000       0.000       0.000       0.000       0.000       0.000       0.000    
   864000.   10.81098311   10.9302   0.000       0.000      0.1193E-02 -0.6089E-05-0.5891E-03-0.6687E-01 0.6627E-01  0.000      0.000      0.000       0.000       0.000       0.000       0.000       0.000       0.000    
   950400.   10.84242407   10.9636   0.000       0.000      0.1211E-02 -0.2729E-05-0.5991E-03-0.6815E-01 0.6754E-01  0.000      0.000      0.000       0.000       0.000       0.000       0.000       0.000       0.000    
  1036800.   10.91857367   11.0442   0.000       0.000      0.1257E-02 -0.6610E-05-0.6174E-03-0.7053E-01 0.6990E-01  0.000      0.000      0.000       0.000       0.000       0.000       0.000       0.000       0.000    
  1123200.   11.05583603   11.1890   0.000       0.000      0.1332E-02 -0.1192E-04-0.6473E-03-0.7443E-01 0.7375E-01  0.000      0.000      0.000       0.000       0.000       0.000       0.000       0.000       0.000    
  1209600.   11.03837839   11.1707   0.000       0.000      0.1324E-02  0.1515E-05-0.6509E-03-0.7478E-01 0.7410E-01  0.000      0.000      0.000       0.000       0.000       0.000       0.000       0.000       0.000    
  1296000.   11.01768940   11.1493   0.000       0.000      0.1316E-02  0.1796E-05-0.6506E-03-0.7463E-01 0.7396E-01  0.000      0.000      0.000       0.000       0.000       0.000       0.000       0.000       0.000    
  1382400.   10.99697569   11.1276   0.000       0.000      0.1306E-02  0.1798E-05-0.6485E-03-0.7424E-01 0.7358E-01  0.000      0.000      0.000       0.000       0.000       0.000       0.000       0.000       0.000    
  1468800.   10.97662465   11.1063   0.000       0.000      0.1297E-02  0.1767E-05-0.6454E-03-0.7375E-01 0.7310E-01  0.000      0.000      0.000       0.000       0.000       0.000       0.000       0.000       0.000    
  1555200.   10.95488520   11.0835   0.000       0.000      0.1286E-02  0.1887E-05-0.6415E-03-0.7316E-01 0.7252E-01  0.000      0.000      0.000       0.000       0.000       0.000       0.000       0.000       0.000    
  1641600.   10.93305548   11.0605   0.000       0.000      0.1274E-02  0.1895E-05-0.6371E-03-0.7252E-01 0.7188E-01  0.000      0.000      0.000       0.000       0.000       0.000       0.000       0.000       0.000    
  1728000.   10.91457774   11.0410   0.000       0.000      0.1265E-02  0.1604E-05-0.6329E-03-0.7193E-01 0.7130E-01  0.000      0.000      0.000       0.000       0.000       0.000       0.000       0.000       0.000    
  1814400.   10.89837173   11.0240   0.000       0.000      0.1256E-02  0.1407E-05-0.6290E-03-0.7139E-01 0.7076E-01  0.000      0.000      0.000       0.000       0.000       0.000       0.000       0.000       0.000    
  1900800.   10.88019916   11.0048   0.000       0.000      0.1246E-02  0.1577E-05-0.6246E-03-0.7080E-01 0.7017E-01  0.000      0.000      0.000       0.000       0.000       0.000       0.000       0.000       0.000    
  1987200.   10.86357922   10.9872   0.000       0.000      0.1236E-02  0.1443E-05-0.6203E-03-0.7022E-01 0.6961E-01  0.000      0.000      0.000       0.000       0.000       0.000       0.000       0.000       0.000    
  2073600.   10.84988955   10.9728   0.000       0.000      0.1229E-02  0.1188E-05-0.6165E-03-0.6973E-01 0.6911E-01  0.000      0.000      0.000       0.000       0.000       0.000       0.000       0.000       0.000    
  2160000.   10.83399189   10.9559   0.000       0.000      0.1219E-02  0.1380E-05-0.6123E-03-0.6917E-01 0.6856E-01  0.000      0.000      0.000       0.000       0.000       0.000       0.000       0.000       0.000    
  2246400.   10.81831991   10.9393   0.000       0.000      0.1210E-02  0.1360E-05-0.6079E-03-0.6861E-01 0.6800E-01  0.000      0.000      0.000       0.000       0.000       0.000       0.000       0.000       0.000    
  2332800.   10.80301228   10.9231   0.000       0.000      0.1201E-02  0.1329E-05-0.6036E-03-0.6804E-01 0.6745E-01  0.000      0.000      0.000       0.000       0.000       0.000       0.000       0.000       0.000    
  2419200.   10.78813520   10.9073   0.000       0.000      0.1191E-02  0.1291E-05-0.5992E-03-0.6749E-01 0.6689E-01  0.000      0.000      0.000       0.000       0.000       0.000       0.000       0.000       0.000    
  2505600.   10.78144920   10.9002   0.000       0.000      0.1187E-02  0.5804E-06-0.5965E-03-0.6717E-01 0.6658E-01  0.000      0.000      0.000       0.000       0.000       0.000       0.000       0.000       0.000    
  2592000.   10.77169919   10.8898   0.000       0.000      0.1181E-02  0.8464E-06-0.5935E-03-0.6678E-01 0.6620E-01  0.000      0.000      0.000       0.000       0.000       0.000       0.000       0.000       0.000    
  2678400.   10.79030287   10.9096   0.000       0.000      0.1192E-02 -0.1615E-05-0.5966E-03-0.6724E-01 0.6665E-01  0.000      0.000      0.000       0.000       0.000       0.000       0.000       0.000       0.000    
  2764800.   10.86393251   10.9876   0.000       0.000      0.1237E-02 -0.6391E-05-0.6122E-03-0.6935E-01 0.6873E-01  0.000      0.000      0.000       0.000       0.000       0.000       0.000       0.000       0.000    
  2851200.   11.04497886   11.1787   0.000       0.000      0.1337E-02 -0.1572E-04-0.6492E-03-0.7427E-01 0.7360E-01  0.000      0.000      0.000       0.000       0.000       0.000       0.000       0.000       0.000    
  2937600.   11.01163596   11.1435   0.000       0.000      0.1319E-02  0.2894E-05-0.6500E-03-0.7430E-01 0.7362E-01  0.000      0.000      0.000       0.000       0.000       0.000       0.000       0.000       0.000    
  3024000.   11.01806970   11.1506   0.000       0.000      0.1325E-02 -0.5585E-06-0.6538E-03-0.7476E-01 0.7409E-01  0.000      0.000      0.000       0.000       0.000       0.000       0.000       0.000       0.000    
  3110400.   11.01959061   11.1523   0.000       0.000      0.1327E-02 -0.1320E-06-0.6560E-03-0.7499E-01 0.7432E-01  0.000      0.000      0.000       0.000       0.000       0.000       0.000       0.000       0.000    
  3196800.   11.00785777   11.1401   0.000       0.000      0.1322E-02  0.1018E-05-0.6551E-03-0.7482E-01 0.7415E-01  0.000      0.000      0.000       0.000       0.000       0.000       0.000       0.000       0.000    
  3283200.   10.99021366   11.1216   0.000       0.000      0.1314E-02  0.1532E-05-0.6525E-03-0.7442E-01 0.7376E-01  0.000      0.000      0.000       0.000       0.000       0.000       0.000       0.000       0.000    
  3369600.   10.99290277   11.1245   0.000       0.000      0.1316E-02 -0.2334E-06-0.6530E-03-0.7446E-01 0.7380E-01  0.000      0.000      0.000       0.000       0.000       0.000       0.000       0.000       0.000    
  3456000.   11.00718632   11.1396   0.000       0.000      0.1324E-02 -0.1240E-05-0.6560E-03-0.7482E-01 0.7416E-01  0.000      0.000      0.000       0.000       0.000       0.000       0.000       0.000       0.000    
  3542400.   11.02961584   11.1633   0.000       0.000      0.1337E-02 -0.1947E-05-0.6609E-03-0.7544E-01 0.7477E-01  0.000      0.000      0.000       0.000       0.000       0.000       0.000       0.000       0.000    
  3628800.   11.03793103   11.1721   0.000       0.000      0.1342E-02 -0.7218E-06-0.6636E-03-0.7578E-01 0.7510E-01  0.000      0.000      0.000       0.000       0.000       0.000       0.000       0.000       0.000    
  3715200.   11.02646289   11.1601   0.000       0.000      0.1337E-02  0.9955E-06-0.6626E-03-0.7561E-01 0.7494E-01  0.000      0.000      0.000       0.000       0.000       0.000       0.000       0.000       0.000    
  3801600.   11.03010873   11.1641   0.000       0.000      0.1340E-02 -0.3165E-06-0.6636E-03-0.7572E-01 0.7505E-01  0.000      0.000      0.000       0.000       0.000       0.000       0.000       0.000       0.000    
  3888000.   11.04268435   11.1774   0.000       0.000      0.1347E-02 -0.1092E-05-0.6663E-03-0.7606E-01 0.7538E-01  0.000      0.000      0.000       0.000       0.000       0.000       0.000       0.000       0.000    
  3974400.   11.07093534   11.2072   0.000       0.000      0.1362E-02 -0.2452E-05-0.6722E-03-0.7681E-01 0.7613E-01  0.000      0.000      0.000       0.000       0.000       0.000       0.000       0.000       0.000    
  4060800.   11.09361474   11.2311   0.000       0.000      0.1375E-02 -0.1969E-05-0.6776E-03-0.7750E-01 0.7681E-01  0.000      0.000      0.000       0.000       0.000       0.000       0.000       0.000       0.000    
  4147200.   11.08209819   11.2191   0.000       0.000      0.1370E-02  0.9997E-06-0.6771E-03-0.7741E-01 0.7671E-01  0.000      0.000      0.000       0.000       0.000       0.000       0.000       0.000       0.000    
  4233600.   11.06404070   11.2002   0.000       0.000      0.1361E-02  0.1567E-05-0.6745E-03-0.7704E-01 0.7635E-01  0.000      0.000      0.000       0.000       0.000       0.000       0.000       0.000       0.000    
  4320000.   11.04909733   11.1845   0.000       0.000      0.1354E-02  0.1297E-05-0.6718E-03-0.7666E-01 0.7597E-01  0.000      0.000      0.000       0.000       0.000       0.000       0.000       0.000       0.000    
  4406400.   11.03301342   11.1677   0.000       0.000      0.1346E-02  0.1396E-05-0.6685E-03-0.7621E-01 0.7553E-01  0.000      0.000      0.000       0.000       0.000       0.000       0.000       0.000       0.000    
  4492800.   11.02018404   11.1542   0.000       0.000      0.1340E-02  0.1114E-05-0.6656E-03-0.7582E-01 0.7515E-01  0.000      0.000      0.000       0.000       0.000       0.000       0.000       0.000       0.000    
  4579200.   11.00356672   11.1367   0.000       0.000      0.1331E-02  0.1442E-05-0.6619E-03-0.7533E-01 0.7466E-01  0.000      0.000      0.000       0.000       0.000       0.000       0.000       0.000       0.000    
  4665600.   10.98598272   11.1182   0.000       0.000      0.1322E-02  0.1526E-05-0.6578E-03-0.7480E-01 0.7413E-01  0.000      0.000      0.000       0.000       0.000       0.000       0.000       0.000       0.000    
  4752000.   11.01119535   11.1448   0.000       0.000      0.1336E-02 -0.2189E-05-0.6615E-03-0.7531E-01 0.7463E-01  0.000      0.000      0.000       0.000       0.000       0.000       0.000       0.000       0.000    
  4838400.   11.04753333   11.1830   0.000       0.000      0.1355E-02 -0.3154E-05-0.6684E-03-0.7623E-01 0.7554E-01  0.000      0.000      0.000       0.000       0.000       0.000       0.000       0.000       0.000    
  4924800.   11.08817524   11.2258   0.000       0.000      0.1377E-02 -0.3528E-05-0.6768E-03-0.7735E-01 0.7665E-01  0.000      0.000      0.000       0.000       0.000       0.000       0.000       0.000       0.000    
  5011200.   11.11357327   11.2526   0.000       0.000      0.1390E-02 -0.2205E-05-0.6831E-03-0.7817E-01 0.7746E-01  0.000      0.000      0.000       0.000       0.000       0.000       0.000       0.000       0.000    
  5097600.   11.10102912   11.2395   0.000       0.000      0.1385E-02  0.1089E-05-0.6828E-03-0.7810E-01 0.7740E-01  0.000      0.000      0.000       0.000       0.000       0.000       0.000       0.000       0.000    
  5184000.   11.08281652   11.2205   0.000       0.000      0.1377E-02  0.1581E-05-0.6803E-03-0.7775E-01 0.7705E-01  0.000      0.000      0.000       0.000       0.000       0.000       0.000       0.000       0.000    
  5270400.   11.06673643   11.2036   0.000       0.000      0.1369E-02  0.1396E-05-0.6773E-03-0.7735E-01 0.7666E-01  0.000      0.000      0.000       0.000       0.000       0.000       0.000       0.000       0.000    
  5356800.   11.04844771   11.1844   0.000       0.000      0.1360E-02  0.1588E-05-0.6737E-03-0.7686E-01 0.7617E-01  0.000      0.000      0.000       0.000       0.000       0.000       0.000       0.000       0.000    
  5443200.   11.05790323   11.1944   0.000       0.000      0.1365E-02 -0.8208E-06-0.6747E-03-0.7699E-01 0.7630E-01  0.000      0.000      0.000       0.000       0.000       0.000       0.000       0.000       0.000    
  5529600.   11.07004112   11.2072   0.000       0.000      0.1371E-02 -0.1054E-05-0.6768E-03-0.7727E-01 0.7658E-01  0.000      0.000      0.000       0.000       0.000       0.000       0.000       0.000       0.000    
  5616000.   11.08322165   11.2211   0.000       0.000      0.1379E-02 -0.1144E-05-0.6795E-03-0.7763E-01 0.7694E-01  0.000      0.000      0.000       0.000       0.000       0.000       0.000       0.000       0.000    
  5702400.   11.09171187   11.2300   0.000       0.000      0.1383E-02 -0.7370E-06-0.6816E-03-0.7791E-01 0.7721E-01  0.000      0.000      0.000       0.000       0.000       0.000       0.000       0.000       0.000    
  5788800.   11.08741307   11.2256   0.000       0.000      0.1382E-02  0.3732E-06-0.6815E-03-0.7789E-01 0.7719E-01  0.000      0.000      0.000       0.000       0.000       0.000       0.000       0.000       0.000    
  5875200.   11.08829125   11.2266   0.000       0.000      0.1383E-02 -0.7623E-07-0.6819E-03-0.7794E-01 0.7724E-01  0.000      0.000      0.000       0.000       0.000       0.000       0.000       0.000       0.000    
  5961600.   11.08417006   11.2223   0.000       0.000      0.1381E-02  0.3577E-06-0.6814E-03-0.7787E-01 0.7717E-01  0.000      0.000      0.000       0.000       0.000       0.000       0.000       0.000       0.000    
  6048000.   11.07170234   11.2092   0.000       0.000      0.1375E-02  0.1082E-05-0.6792E-03-0.7758E-01 0.7688E-01  0.000      0.000      0.000       0.000       0.000       0.000       0.000       0.000       0.000    
  6134400.   11.05557396   11.1923   0.000       0.000      0.1367E-02  0.1400E-05-0.6760E-03-0.7715E-01 0.7646E-01  0.000      0.000      0.000       0.000       0.000       0.000       0.000       0.000       0.000    
  6220800.   11.03788035   11.1737   0.000       0.000      0.1358E-02  0.1536E-05-0.6722E-03-0.7666E-01 0.7597E-01  0.000      0.000      0.000       0.000       0.000       0.000       0.000       0.000       0.000    
  6307200.   11.01965930   11.1545   0.000       0.000      0.1348E-02  0.1582E-05-0.6680E-03-0.7611E-01 0.7543E-01  0.000      0.000      0.000       0.000       0.000       0.000       0.000       0.000       0.000    
  6393600.   11.00146640   11.1353   0.000       0.000      0.1338E-02  0.1579E-05-0.6636E-03-0.7555E-01 0.7487E-01  0.000      0.000      0.000       0.000       0.000       0.000       0.000       0.000       0.000    
  6480000.   10.98352014   11.1164   0.000       0.000      0.1329E-02  0.1558E-05-0.6590E-03-0.7497E-01 0.7430E-01  0.000      0.000      0.000       0.000       0.000       0.000       0.000       0.000       0.000    
  6566400.   10.96583390   11.0977   0.000       0.000      0.1319E-02  0.1535E-05-0.6544E-03-0.7439E-01 0.7372E-01  0.000      0.000      0.000       0.000       0.000       0.000       0.000       0.000       0.000    
  6652800.   10.94844595   11.0793   0.000       0.000      0.1309E-02  0.1509E-05-0.6498E-03-0.7380E-01 0.7314E-01  0.000      0.000      0.000       0.000       0.000       0.000       0.000       0.000       0.000    
  6739200.   10.93159433   11.0615   0.000       0.000      0.1299E-02  0.1463E-05-0.6452E-03-0.7322E-01 0.7257E-01  0.000      0.000      0.000       0.000       0.000       0.000       0.000       0.000       0.000    
  6825600.   10.91487469   11.0438   0.000       0.000      0.1289E-02  0.1451E-05-0.6405E-03-0.7264E-01 0.7199E-01  0.000      0.000      0.000       0.000       0.000       0.000       0.000       0.000       0.000    
  6912000.   10.89832736   11.0262   0.000       0.000      0.1279E-02  0.1436E-05-0.6358E-03-0.7206E-01 0.7141E-01  0.000      0.000      0.000       0.000       0.000       0.000       0.000       0.000       0.000    
  6998400.   10.88218397   11.0091   0.000       0.000      0.1269E-02  0.1401E-05-0.6311E-03-0.7148E-01 0.7084E-01  0.000      0.000      0.000       0.000       0.000       0.000       0.000       0.000       0.000    
  7084800.   10.86665404   10.9926   0.000       0.000      0.1259E-02  0.1348E-05-0.6265E-03-0.7091E-01 0.7028E-01  0.000      0.000      0.000       0.000       0.000       0.000       0.000       0.000       0.000    
  7171200.   10.85166998   10.9767   0.000       0.000      0.1250E-02  0.1301E-05-0.6219E-03-0.7036E-01 0.6973E-01  0.000      0.000      0.000       0.000       0.000       0.000       0.000       0.000       0.000    
  7257600.   10.83708969   10.9612   0.000       0.000      0.1241E-02  0.1266E-05-0.6174E-03-0.6981E-01 0.6918E-01  0.000      0.000      0.000       0.000       0.000       0.000       0.000       0.000       0.000    
  7344000.   10.82305581   10.9462   0.000       0.000      0.1232E-02  0.1218E-05-0.6130E-03-0.6927E-01 0.6865E-01  0.000      0.000      0.000       0.000       0.000       0.000       0.000       0.000       0.000    
  7430400.   10.81046891   10.9328   0.000       0.000      0.1223E-02  0.1093E-05-0.6089E-03-0.6878E-01 0.6816E-01  0.000      0.000      0.000       0.000       0.000       0.000       0.000       0.000       0.000    
  7516800.   10.79808822   10.9196   0.000       0.000      0.1215E-02  0.1075E-05-0.6049E-03-0.6829E-01 0.6768E-01  0.000      0.000      0.000       0.000       0.000       0.000       0.000       0.000       0.000    
  7603200.   10.78539062   10.9060   0.000       0.000      0.1206E-02  0.1102E-05-0.6008E-03-0.6780E-01 0.6719E-01  0.000      0.000      0.000       0.000       0.000       0.000       0.000       0.000       0.000    
  7689600.   10.77310101   10.8929   0.000       0.000      0.1198E-02  0.1067E-05-0.5967E-03-0.6731E-01 0.6671E-01  0.000      0.000      0.000       0.000       0.000       0.000       0.000       0.000       0.000    
  7776000.   10.76173425   10.8807   0.000       0.000      0.1190E-02  0.9867E-06-0.5929E-03-0.6685E-01 0.6625E-01  0.000      0.000      0.000       0.000       0.000       0.000       0.000       0.000       0.000    
  7862400.   10.75024637   10.8684   0.000       0.000      0.1182E-02  0.9972E-06-0.5890E-03-0.6639E-01 0.6579E-01  0.000      0.000      0.000       0.000       0.000       0.000       0.000       0.000       0.000    
  7948800.   10.73913206   10.8565   0.000       0.000      0.1174E-02  0.9648E-06-0.5852E-03-0.6593E-01 0.6534E-01  0.000      0.000      0.000       0.000       0.000       0.000       0.000       0.000       0.000    
  8035200.   10.72836806   10.8450   0.000       0.000      0.1166E-02  0.9344E-06-0.5815E-03-0.6549E-01 0.6490E-01  0.000      0.000      0.000       0.000       0.000       0.000       0.000       0.000       0.000    
  8121600.   10.71793271   10.8338   0.000       0.000      0.1159E-02  0.9058E-06-0.5779E-03-0.6505E-01 0.6447E-01  0.000      0.000      0.000       0.000       0.000       0.000       0.000       0.000       0.000    
  8208000.   10.70780682   10.8229   0.000       0.000      0.1151E-02  0.8790E-06-0.5743E-03-0.6463E-01 0.6405E-01  0.000      0.000      0.000       0.000       0.000       0.000       0.000       0.000       0.000    
  8294400.   10.69797247   10.8124   0.000       0.000      0.1144E-02  0.8537E-06-0.5708E-03-0.6421E-01 0.6363E-01  0.000      0.000      0.000       0.000       0.000       0.000       0.000       0.000       0.000    
  8380800.   10.74266660   10.8600   0.000       0.000      0.1173E-02 -0.3880E-05-0.5800E-03-0.6550E-01 0.6491E-01  0.000      0.000      0.000       0.000       0.000       0.000       0.000       0.000       0.000    
  8467200.   10.74705412   10.8645   0.000       0.000      0.1174E-02 -0.3809E-06-0.5817E-03-0.6575E-01 0.6515E-01  0.000      0.000      0.000       0.000       0.000       0.000       0.000       0.000       0.000    
  8553600.   10.74778856   10.8653   0.000       0.000      0.1175E-02 -0.6375E-07-0.5821E-03-0.6584E-01 0.6525E-01  0.000      0.000      0.000       0.000       0.000       0.000       0.000       0.000       0.000    
  8640000.   10.74374744   10.8609   0.000       0.000      0.1172E-02  0.3508E-06-0.5813E-03-0.6574E-01 0.6515E-01  0.000      0.000      0.000       0.000       0.000       0.000       0.000       0.000       0.000    
  8726400.   10.73737389   10.8541   0.000       0.000      0.1167E-02  0.5533E-06-0.5796E-03-0.6554E-01 0.6495E-01  0.000      0.000      0.000       0.000       0.000       0.000       0.000       0.000       0.000    
  8812800.   10.72981161   10.8460   0.000       0.000      0.1162E-02  0.6564E-06-0.5775E-03-0.6527E-01 0.6469E-01  0.000      0.000      0.000       0.000       0.000       0.000       0.000       0.000       0.000    
  8899200.   10.72023956   10.8357   0.000       0.000      0.1155E-02  0.8309E-06-0.5748E-03-0.6493E-01 0.6434E-01  0.000      0.000      0.000       0.000       0.000       0.000       0.000       0.000       0.000    
  8985600.   10.71708546   10.8323   0.000       0.000      0.1152E-02  0.2738E-06-0.5734E-03-0.6476E-01 0.6418E-01  0.000      0.000      0.000       0.000       0.000       0.000       0.000       0.000       0.000    
  9072000.   10.72462881   10.8403   0.000       0.000      0.1157E-02 -0.6548E-06-0.5746E-03-0.6495E-01 0.6436E-01  0.000      0.000      0.000       0.000       0.000       0.000       0.000       0.000       0.000    
  9158400.   10.72079403   10.8362   0.000       0.000      0.1154E-02  0.3329E-06-0.5736E-03-0.6483E-01 0.6425E-01  0.000      0.000      0.000       0.000       0.000       0.000       0.000       0.000       0.000    
  9244800.   10.74793516   10.8651   0.000       0.000      0.1171E-02 -0.2356E-05-0.5795E-03-0.6564E-01 0.6505E-01  0.000      0.000      0.000       0.000       0.000       0.000       0.000       0.000       0.000    
  9331200.   10.81656516   10.9379   0.000       0.000      0.1214E-02 -0.5957E-05-0.5952E-03-0.6775E-01 0.6714E-01  0.000      0.000      0.000       0.000       0.000       0.000       0.000       0.000       0.000    
  9417600.   10.98398076   11.1150   0.000       0.000      0.1310E-02 -0.1453E-04-0.6312E-03-0.7253E-01 0.7187E-01  0.000      0.000      0.000       0.000       0.000       0.000       0.000       0.000       0.000    
  9504000.   11.10701308   11.2444   0.000       0.000      0.1374E-02 -0.1068E-04-0.6599E-03-0.7628E-01 0.7558E-01  0.000      0.000      0.000       0.000       0.000       0.000       0.000       0.000       0.000    
  9590400.   11.08431020   11.2207   0.000       0.000      0.1364E-02  0.1971E-05-0.6634E-03-0.7663E-01 0.7593E-01  0.000      0.000      0.000       0.000       0.000       0.000       0.000       0.000       0.000    
  9676800.   11.05647327   11.1917   0.000       0.000      0.1352E-02  0.2416E-05-0.6621E-03-0.7636E-01 0.7566E-01  0.000      0.000      0.000       0.000       0.000       0.000       0.000       0.000       0.000    
  9763200.   11.02691129   11.1607   0.000       0.000      0.1338E-02  0.2566E-05-0.6582E-03-0.7576E-01 0.7507E-01  0.000      0.000      0.000       0.000       0.000       0.000       0.000       0.000       0.000    
  9849600.   10.99879809   11.1312   0.000       0.000      0.1324E-02  0.2440E-05-0.6534E-03-0.7504E-01 0.7437E-01  0.000      0.000      0.000       0.000       0.000       0.000       0.000       0.000       0.000    
  9936000.   11.01689588   11.1503   0.000       0.000      0.1334E-02 -0.1571E-05-0.6565E-03-0.7540E-01 0.7472E-01  0.000      0.000      0.000       0.000       0.000       0.000       0.000       0.000       0.000    
 10022400.   11.03189539   11.1662   0.000       0.000      0.1343E-02 -0.1302E-05-0.6600E-03-0.7581E-01 0.7513E-01  0.000      0.000      0.000       0.000       0.000       0.000       0.000       0.000       0.000    
 10108800.   11.03640099   11.1710   0.000       0.000      0.1346E-02 -0.3911E-06-0.6619E-03-0.7602E-01 0.7533E-01  0.000      0.000      0.000       0.000       0.000       0.000       0.000       0.000       0.000    
 10195200.   11.04855982   11.1838   0.000       0.000      0.1353E-02 -0.1055E-05-0.6650E-03-0.7639E-01 0.7570E-01  0.000      0.000      0.000       0.000       0.000       0.000       0.000       0.000       0.000    
 10281600.   11.05500932   11.1907   0.000       0.000      0.1357E-02 -0.5599E-06-0.6672E-03-0.7665E-01 0.7596E-01  0.000      0.000      0.000       0.000       0.000       0.000       0.000       0.000       0.000    
 10368000.   11.04295681   11.1781   0.000       0.000      0.1351E-02  0.1046E-05-0.6660E-03-0.7645E-01 0.7576E-01  0.000      0.000      0.000       0.000       0.000       0.000       0.000       0.000       0.000    
 10454400.   11.02429297   11.1585   0.000       0.000      0.1342E-02  0.1620E-05-0.6629E-03-0.7601E-01 0.7533E-01  0.000      0.000      0.000       0.000       0.000       0.000       0.000       0.000       0.000    
 10540800.   11.02332426   11.1575   0.000       0.000      0.1342E-02  0.8409E-07-0.6624E-03-0.7593E-01 0.7525E-01  0.000      0.000      0.000       0.000       0.000       0.000       0.000       0.000       0.000    
 10627200.   11.03148348   11.1662   0.000       0.000      0.1347E-02 -0.7083E-06-0.6639E-03-0.7611E-01 0.7543E-01  0.000      0.000      0.000       0.000       0.000       0.000       0.000       0.000       0.000    
 10713600.   11.03207912   11.1668   0.000       0.000      0.1347E-02 -0.5170E-07-0.6644E-03-0.7615E-01 0.7547E-01  0.000      0.000      0.000       0.000       0.000       0.000       0.000       0.000       0.000    
 10800000.   11.02297350   11.1573   0.000       0.000      0.1343E-02  0.7904E-06-0.6630E-03-0.7596E-01 0.7528E-01  0.000      0.000      0.000       0.000       0.000       0.000       0.000       0.000       0.000    
 10886400.   11.00790367   11.1415   0.000       0.000      0.1335E-02  0.1308E-05-0.6602E-03-0.7557E-01 0.7490E-01  0.000      0.000      0.000       0.000       0.000       0.000       0.000       0.000       0.000    
 10972800.   10.98971802   11.1223   0.000       0.000      0.1326E-02  0.1579E-05-0.6564E-03-0.7506E-01 0.7439E-01  0.000      0.000      0.000       0.000       0.000       0.000       0.000       0.000       0.000    
 11059200.   10.96857532   11.1000   0.000       0.000      0.1315E-02  0.1835E-05-0.6516E-03-0.7444E-01 0.7377E-01  0.000      0.000      0.000       0.000       0.000       0.000       0.000       0.000       0.000    
 11145600.   10.94733690   11.0776   0.000       0.000      0.1303E-02  0.1844E-05-0.6466E-03-0.7377E-01 0.7311E-01  0.000      0.000      0.000       0.000       0.000       0.000       0.000       0.000       0.000    
 11232000.   10.92697194   11.0561   0.000       0.000      0.1291E-02  0.1768E-05-0.6414E-03-0.7310E-01 0.7245E-01  0.000      0.000      0.000       0.000       0.000       0.000       0.000       0.000       0.000    
 11318400.   10.90751108   11.0355   0.000       0.000      0.1280E-02  0.1689E-05-0.6362E-03-0.7243E-01 0.7179E-01  0.000      0.000      0.000       0.000       0.000       0.000       0.000       0.000       0.000    
 11404800.   10.91174465   11.0400   0.000       0.000      0.1282E-02 -0.3675E-06-0.6357E-03-0.7239E-01 0.7174E-01  0.000      0.000      0.000       0.000       0.000       0.000       0.000       0.000       0.000    
 11491200.   10.89445227   11.0216   0.000       0.000      0.1272E-02  0.1501E-05-0.6315E-03-0.7186E-01 0.7122E-01  0.000      0.000      0.000       0.000       0.000       0.000       0.000       0.000       0.000    
 11577600.   10.91986556   11.0485   0.000       0.000      0.1286E-02 -0.2206E-05-0.6356E-03-0.7243E-01 0.7179E-01  0.000      0.000      0.000       0.000       0.000       0.000       0.000       0.000       0.000    
 11664000.   10.99060920   11.1231   0.000       0.000      0.1325E-02 -0.6141E-05-0.6493E-03-0.7428E-01 0.7361E-01  0.000      0.000      0.000       0.000       0.000       0.000       0.000       0.000       0.000    
 11750400.   11.15985853   11.3011   0.000       0.000      0.1413E-02 -0.1469E-04-0.6815E-03-0.7856E-01 0.7784E-01  0.000      0.000      0.000       0.000       0.000       0.000       0.000       0.000       0.000    
 11836800.   11.12741847   11.2671   0.000       0.000      0.1396E-02  0.2816E-05-0.6823E-03-0.7860E-01 0.7788E-01  0.000      0.000      0.000       0.000       0.000       0.000       0.000       0.000       0.000    
 11923200.   11.09803041   11.2365   0.000       0.000      0.1384E-02  0.2551E-05-0.6797E-03-0.7821E-01 0.7751E-01  0.000      0.000      0.000       0.000       0.000       0.000       0.000       0.000       0.000    
 12009600.   11.07080480   11.2080   0.000       0.000      0.1372E-02  0.2363E-05-0.6755E-03-0.7762E-01 0.7692E-01  0.000      0.000      0.000       0.000       0.000       0.000       0.000       0.000       0.000    
 12096000.   11.06397266   11.2008   0.000       0.000      0.1369E-02  0.5931E-06-0.6740E-03-0.7740E-01 0.7670E-01  0.000      0.000      0.000       0.000       0.000       0.000       0.000       0.000       0.000    
 12182400.   11.05496626   11.1914   0.000       0.000      0.1364E-02  0.7818E-06-0.6723E-03-0.7714E-01 0.7645E-01  0.000      0.000      0.000       0.000       0.000       0.000       0.000       0.000       0.000    
 12268800.   11.04006632   11.1757   0.000       0.000      0.1357E-02  0.1293E-05-0.6694E-03-0.7675E-01 0.7606E-01  0.000      0.000      0.000       0.000       0.000       0.000       0.000       0.000       0.000    
 12355200.   11.02162596   11.1563   0.000       0.000      0.1347E-02  0.1601E-05-0.6656E-03-0.7623E-01 0.7555E-01  0.000      0.000      0.000       0.000       0.000       0.000       0.000       0.000       0.000    
 12441600.   11.00843686   11.1424   0.000       0.000      0.1340E-02  0.1145E-05-0.6624E-03-0.7581E-01 0.7513E-01  0.000      0.000      0.000       0.000       0.000       0.000       0.000       0.000       0.000    
 12528000.   11.05286376   11.1892   0.000       0.000      0.1364E-02 -0.3857E-05-0.6698E-03-0.7679E-01 0.7610E-01  0.000      0.000      0.000       0.000       0.000       0.000       0.000       0.000       0.000    
 12614400.   11.10388718   11.2429   0.000       0.000      0.1390E-02 -0.4429E-05-0.6798E-03-0.7811E-01 0.7741E-01  0.000      0.000      0.000       0.000       0.000       0.000       0.000       0.000       0.000    
 12700800.   11.09563820   11.2342   0.000       0.000      0.1386E-02  0.7161E-06-0.6804E-03-0.7818E-01 0.7747E-01  0.000      0.000      0.000       0.000       0.000       0.000       0.000       0.000       0.000    
 12787200.   11.08025647   11.2182   0.000       0.000      0.1379E-02  0.1335E-05-0.6786E-03-0.7793E-01 0.7723E-01  0.000      0.000      0.000       0.000       0.000       0.000       0.000       0.000       0.000    
 12873600.   11.05983405   11.1968   0.000       0.000      0.1369E-02  0.1773E-05-0.6751E-03-0.7745E-01 0.7675E-01  0.000      0.000      0.000       0.000       0.000       0.000       0.000       0.000       0.000    
 12960000.   11.06442370   11.2016   0.000       0.000      0.1372E-02 -0.3984E-06-0.6754E-03-0.7749E-01 0.7679E-01  0.000      0.000      0.000       0.000       0.000       0.000       0.000       0.000       0.000    
 13046400.   11.05528995   11.1920   0.000       0.000      0.1367E-02  0.7929E-06-0.6738E-03-0.7726E-01 0.7656E-01  0.000      0.000      0.000       0.000       0.000       0.000       0.000       0.000       0.000    
 13132800.   11.04170889   11.1777   0.000       0.000      0.1360E-02  0.1179E-05-0.6711E-03-0.7690E-01 0.7621E-01  0.000      0.000      0.000       0.000       0.000       0.000       0.000       0.000       0.000    
 13219200.   11.03214631   11.1677   0.000       0.000      0.1355E-02  0.8301E-06-0.6688E-03-0.7661E-01 0.7592E-01  0.000      0.000      0.000       0.000       0.000       0.000       0.000       0.000       0.000    
 13305600.   11.01826386   11.1531   0.000       0.000      0.1348E-02  0.1205E-05-0.6657E-03-0.7620E-01 0.7552E-01  0.000      0.000      0.000       0.000       0.000       0.000       0.000       0.000       0.000    
 13392000.   11.03910149   11.1750   0.000       0.000      0.1359E-02 -0.1809E-05-0.6688E-03-0.7662E-01 0.7594E-01  0.000      0.000      0.000       0.000       0.000       0.000       0.000       0.000       0.000    
 13478400.   11.05474699   11.1915   0.000       0.000      0.1367E-02 -0.1358E-05-0.6719E-03-0.7704E-01 0.7634E-01  0.000      0.000      0.000       0.000       0.000       0.000       0.000       0.000       0.000    
 13564800.   11.05031805   11.1868   0.000       0.000      0.1365E-02  0.3845E-06-0.6717E-03-0.7701E-01 0.7632E-01  0.000      0.000      0.000       0.000       0.000       0.000       0.000       0.000       0.000    
 13651200.   11.04093902   11.1770   0.000       0.000      0.1360E-02  0.8142E-06-0.6701E-03-0.7681E-01 0.7612E-01  0.000      0.000      0.000       0.000       0.000       0.000       0.000       0.000       0.000    
 13737600.   11.02762925   11.1630   0.000       0.000      0.1353E-02  0.1155E-05-0.6675E-03-0.7646E-01 0.7578E-01  0.000      0.000      0.000       0.000       0.000       0.000       0.000       0.000       0.000    
 13824000.   11.07108227   11.2087   0.000       0.000      0.1376E-02 -0.3772E-05-0.6748E-03-0.7745E-01 0.7675E-01  0.000      0.000      0.000       0.000       0.000       0.000       0.000       0.000       0.000    
 13910400.   11.13350409   11.2743   0.000       0.000      0.1408E-02 -0.5419E-05-0.6868E-03-0.7902E-01 0.7831E-01  0.000      0.000      0.000       0.000       0.000       0.000       0.000       0.000       0.000    
 13996800.   11.13193439   11.2727   0.000       0.000      0.1408E-02  0.1363E-06-0.6890E-03-0.7930E-01 0.7858E-01  0.000      0.000      0.000       0.000       0.000       0.000       0.000       0.000       0.000    
 14083200.   11.11750715   11.2577   0.000       0.000      0.1402E-02  0.1252E-05-0.6879E-03-0.7913E-01 0.7841E-01  0.000      0.000      0.000       0.000       0.000       0.000       0.000       0.000       0.000    
 14169600.   11.13183753   11.2728   0.000       0.000      0.1410E-02 -0.1244E-05-0.6907E-03-0.7948E-01 0.7877E-01  0.000      0.000      0.000       0.000       0.000       0.000       0.000       0.000       0.000    
 14256000.   11.14377584   11.2854   0.000       0.000      0.1416E-02 -0.1036E-05-0.6935E-03-0.7983E-01 0.7911E-01  0.000      0.000      0.000       0.000       0.000       0.000       0.000       0.000       0.000    
 14342400.   11.20359371   11.3482   0.000       0.000      0.1446E-02 -0.5193E-05-0.7043E-03-0.8125E-01 0.8052E-01  0.000      0.000      0.000       0.000       0.000       0.000       0.000       0.000       0.000    
 14428800.   11.35773451   11.5095   0.000       0.000      0.1518E-02 -0.1338E-04-0.7309E-03-0.8473E-01 0.8396E-01  0.000      0.000      0.000       0.000       0.000       0.000       0.000       0.000       0.000    
 14515200.   11.35352226   11.5052   0.000       0.000      0.1517E-02  0.3656E-06-0.7362E-03-0.8536E-01 0.8458E-01  0.000      0.000      0.000       0.000       0.000       0.000       0.000       0.000       0.000    
 14601600.   11.37698688   11.5300   0.000       0.000      0.1531E-02 -0.2037E-05-0.7430E-03-0.8620E-01 0.8541E-01  0.000      0.000      0.000       0.000       0.000       0.000       0.000       0.000       0.000    
 14688000.   11.42827495   11.5838   0.000       0.000      0.1555E-02 -0.4452E-05-0.7533E-03-0.8749E-01 0.8669E-01  0.000      0.000      0.000       0.000       0.000       0.000       0.000       0.000       0.000    
 14774400.   11.44670981   11.6032   0.000       0.000      0.1565E-02 -0.1600E-05-0.7592E-03-0.8821E-01 0.8740E-01  0.000      0.000      0.000       0.000       0.000       0.000       0.000       0.000       0.000    
 14860800.   11.43681007   11.5931   0.000       0.000      0.1563E-02  0.8594E-06-0.7605E-03-0.8830E-01 0.8750E-01  0.000      0.000      0.000       0.000       0.000       0.000       0.000       0.000       0.000    
 14947200.   11.42326026   11.5792   0.000       0.000      0.1559E-02  0.1176E-05-0.7601E-03-0.8819E-01 0.8739E-01  0.000      0.000      0.000       0.000       0.000       0.000       0.000       0.000       0.000    
 15033600.   11.40179018   11.5569   0.000       0.000      0.1551E-02  0.1864E-05-0.7577E-03-0.8783E-01 0.8704E-01  0.000      0.000      0.000       0.000       0.000       0.000       0.000       0.000       0.000    
 15120000.   11.37671621   11.5308   0.000       0.000      0.1541E-02  0.2177E-05-0.7542E-03-0.8733E-01 0.8654E-01  0.000      0.000      0.000       0.000       0.000       0.000       0.000       0.000       0.000    
 15206400.   11.34801907   11.5009   0.000       0.000      0.1529E-02  0.2491E-05-0.7495E-03-0.8669E-01 0.8590E-01  0.000      0.000      0.000       0.000       0.000       0.000       0.000       0.000       0.000    
 15292800.   11.31746937   11.4690   0.000       0.000      0.1516E-02  0.2652E-05-0.7441E-03-0.8595E-01 0.8518E-01  0.000      0.000      0.000       0.000       0.000       0.000       0.000       0.000       0.000    
 15379200.   11.35668484   11.5101   0.000       0.000      0.1534E-02 -0.3404E-05-0.7489E-03-0.8658E-01 0.8580E-01  0.000      0.000      0.000       0.000       0.000       0.000       0.000       0.000       0.000    
 15465600.   11.37529324   11.5295   0.000       0.000      0.1542E-02 -0.1615E-05-0.7524E-03-0.8702E-01 0.8623E-01  0.000      0.000      0.000       0.000       0.000       0.000       0.000       0.000       0.000    
 15552000.   11.36088523   11.5145   0.000       0.000      0.1537E-02  0.1251E-05-0.7511E-03-0.8685E-01 0.8607E-01  0.000      0.000      0.000       0.000       0.000       0.000       0.000       0.000       0.000    
 15638400.   11.33450652   11.4871   0.000       0.000      0.1526E-02  0.2290E-05-0.7473E-03-0.8634E-01 0.8556E-01  0.000      0.000      0.000       0.000       0.000       0.000       0.000       0.000       0.000    
 15724800.   11.30666358   11.4580   0.000       0.000      0.1514E-02  0.2417E-05-0.7424E-03-0.8570E-01 0.8492E-01  0.000      0.000      0.000       0.000       0.000       0.000       0.000       0.000       0.000    
 15811200.   11.27897639   11.4291   0.000       0.000      0.1501E-02  0.2403E-05-0.7370E-03-0.8499E-01 0.8423E-01  0.000      0.000      0.000       0.000       0.000       0.000       0.000       0.000       0.000    
 15897600.   11.25242986   11.4013   0.000       0.000      0.1488E-02  0.2304E-05-0.7315E-03-0.8427E-01 0.8351E-01  0.000      0.000      0.000       0.000       0.000       0.000       0.000       0.000       0.000    
 15984000.   11.23358738   11.3815   0.000       0.000      0.1479E-02  0.1636E-05-0.7270E-03-0.8370E-01 0.8294E-01  0.000      0.000      0.000       0.000       0.000       0.000       0.000       0.000       0.000    
 16070400.   11.20938275   11.3561   0.000       0.000      0.1467E-02  0.2101E-05-0.7216E-03-0.8302E-01 0.8227E-01  0.000      0.000      0.000       0.000       0.000       0.000       0.000       0.000       0.000    
 16156800.   11.18588015   11.3314   0.000       0.000      0.1456E-02  0.2040E-05-0.7162E-03-0.8233E-01 0.8159E-01  0.000      0.000      0.000       0.000       0.000       0.000       0.000       0.000       0.000    
 16243200.   11.16272794   11.3071   0.000       0.000      0.1444E-02  0.2010E-05-0.7107E-03-0.8164E-01 0.8090E-01  0.000      0.000      0.000       0.000       0.000       0.000       0.000       0.000       0.000    
 16329600.   11.14036445   11.2836   0.000       0.000      0.1432E-02  0.1941E-05-0.7053E-03-0.8095E-01 0.8022E-01  0.000      0.000      0.000       0.000       0.000       0.000       0.000       0.000       0.000    
 16416000.   11.11872106   11.2608   0.000       0.000      0.1421E-02  0.1879E-05-0.6998E-03-0.8027E-01 0.7955E-01  0.000      0.000      0.000       0.000       0.000       0.000       0.000       0.000       0.000    
 16502400.   11.09782383   11.2388   0.000       0.000      0.1409E-02  0.1814E-05-0.6945E-03-0.7960E-01 0.7889E-01  0.000      0.000      0.000       0.000       0.000       0.000       0.000       0.000       0.000    
 16588800.   11.07768987   11.2175   0.000       0.000      0.1398E-02  0.1748E-05-0.6892E-03-0.7895E-01 0.7824E-01  0.000      0.000      0.000       0.000       0.000       0.000       0.000       0.000       0.000    
 16675200.   11.05830285   11.1970   0.000       0.000      0.1387E-02  0.1683E-05-0.6840E-03-0.7831E-01 0.7760E-01  0.000      0.000      0.000       0.000       0.000       0.000       0.000       0.000       0.000    
 16761600.   11.04325185   11.1811   0.000       0.000      0.1379E-02  0.1307E-05-0.6795E-03-0.7777E-01 0.7707E-01  0.000      0.000      0.000       0.000       0.000       0.000       0.000       0.000       0.000    
 16848000.   11.03173239   11.1689   0.000       0.000      0.1372E-02  0.1000E-05-0.6758E-03-0.7733E-01 0.7663E-01  0.000      0.000      0.000       0.000       0.000       0.000       0.000       0.000       0.000    
 16934400.   11.03337050   11.1705   0.000       0.000      0.1372E-02 -0.1422E-06-0.6747E-03-0.7723E-01 0.7653E-01  0.000      0.000      0.000       0.000       0.000       0.000       0.000       0.000       0.000    
 17020800.   11.02823377   11.1651   0.000       0.000      0.1368E-02  0.4459E-06-0.6729E-03-0.7703E-01 0.7633E-01  0.000      0.000      0.000       0.000       0.000       0.000       0.000       0.000       0.000    
 17107200.   11.01153455   11.1474   0.000       0.000      0.1359E-02  0.1450E-05-0.6689E-03-0.7655E-01 0.7586E-01  0.000      0.000      0.000       0.000       0.000       0.000       0.000       0.000       0.000    
 17193600.   10.99551526   11.1305   0.000       0.000      0.1349E-02  0.1391E-05-0.6648E-03-0.7604E-01 0.7535E-01  0.000      0.000      0.000       0.000       0.000       0.000       0.000       0.000       0.000    
 17280000.   10.97920807   11.1132   0.000       0.000      0.1340E-02  0.1416E-05-0.6604E-03-0.7550E-01 0.7482E-01  0.000      0.000      0.000       0.000       0.000       0.000       0.000       0.000       0.000    
 17366400.   10.96302861   11.0960   0.000       0.000      0.1330E-02  0.1404E-05-0.6559E-03-0.7495E-01 0.7428E-01  0.000      0.000      0.000       0.000       0.000       0.000       0.000       0.000       0.000    
 17452800.   10.94729314   11.0793   0.000       0.000      0.1320E-02  0.1366E-05-0.6514E-03-0.7440E-01 0.7373E-01  0.000      0.000      0.000       0.000       0.000       0.000       0.000       0.000       0.000    
 17539200.   10.93205287   11.0632   0.000       0.000      0.1311E-02  0.1323E-05-0.6470E-03-0.7386E-01 0.7320E-01  0.000      0.000      0.000       0.000       0.000       0.000       0.000       0.000       0.000    
 17625600.   10.91732655   11.0475   0.000       0.000      0.1302E-02  0.1278E-05-0.6427E-03-0.7333E-01 0.7267E-01  0.000      0.000      0.000       0.000       0.000       0.000       0.000       0.000       0.000    
 17712000.   10.90845087   11.0380   0.000       0.000      0.1296E-02  0.7705E-06-0.6395E-03-0.7295E-01 0.7230E-01  0.000      0.000      0.000       0.000       0.000       0.000       0.000       0.000       0.000    
 17798400.   10.89508500   11.0238   0.000       0.000      0.1287E-02  0.1160E-05-0.6355E-03-0.7248E-01 0.7182E-01  0.000      0.000      0.000       0.000       0.000       0.000       0.000       0.000       0.000    
 17884800.   10.88142784   11.0093   0.000       0.000      0.1278E-02  0.1186E-05-0.6315E-03-0.7198E-01 0.7133E-01  0.000      0.000      0.000       0.000       0.000       0.000       0.000       0.000       0.000    
 17971200.   10.86825878   10.9952   0.000       0.000      0.1270E-02  0.1143E-05-0.6274E-03-0.7149E-01 0.7085E-01  0.000      0.000      0.000       0.000       0.000       0.000       0.000       0.000       0.000    
 18057600.   10.85551959   10.9816   0.000       0.000      0.1261E-02  0.1106E-05-0.6235E-03-0.7101E-01 0.7037E-01  0.000      0.000      0.000       0.000       0.000       0.000       0.000       0.000       0.000    
 18144000.   10.84317263   10.9685   0.000       0.000      0.1253E-02  0.1072E-05-0.6196E-03-0.7054E-01 0.6991E-01  0.000      0.000      0.000       0.000       0.000       0.000       0.000       0.000       0.000    
 18230400.   10.83119327   10.9557   0.000       0.000      0.1245E-02  0.1040E-05-0.6158E-03-0.7008E-01 0.6945E-01  0.000      0.000      0.000       0.000       0.000       0.000       0.000       0.000       0.000    
 18316800.   10.81956775   10.9433   0.000       0.000      0.1237E-02  0.1009E-05-0.6120E-03-0.6962E-01 0.6900E-01  0.000      0.000      0.000       0.000       0.000       0.000       0.000       0.000       0.000    
 18403200.   10.80826803   10.9312   0.000       0.000      0.1229E-02  0.9809E-06-0.6083E-03-0.6918E-01 0.6856E-01  0.000      0.000      0.000       0.000       0.000       0.000       0.000       0.000       0.000    
 18489600.   10.79727992   10.9194   0.000       0.000      0.1221E-02  0.9538E-06-0.6047E-03-0.6874E-01 0.6813E-01  0.000      0.000      0.000       0.000       0.000       0.000       0.000       0.000       0.000    
 18576000.   10.78659089   10.9080   0.000       0.000      0.1214E-02  0.9279E-06-0.6011E-03-0.6831E-01 0.6770E-01  0.000      0.000      0.000       0.000       0.000       0.000       0.000       0.000       0.000    
 18662400.   10.77618240   10.8968   0.000       0.000      0.1206E-02  0.9035E-06-0.5976E-03-0.6789E-01 0.6728E-01  0.000      0.000      0.000       0.000       0.000       0.000       0.000       0.000       0.000    
 18748800.   10.76604330   10.8859   0.000       0.000      0.1199E-02  0.8801E-06-0.5942E-03-0.6748E-01 0.6688E-01  0.000      0.000      0.000       0.000       0.000       0.000       0.000       0.000       0.000    
 18835200.   10.76685561   10.8867   0.000       0.000      0.1199E-02 -0.7051E-07-0.5932E-03-0.6740E-01 0.6679E-01  0.000      0.000      0.000       0.000       0.000       0.000       0.000       0.000       0.000    
 18921600.   10.75873248   10.8780   0.000       0.000      0.1192E-02  0.7051E-06-0.5906E-03-0.6709E-01 0.6649E-01  0.000      0.000      0.000       0.000       0.000       0.000       0.000       0.000       0.000    
 19008000.   10.74833152   10.8668   0.000       0.000      0.1185E-02  0.9029E-06-0.5874E-03-0.6670E-01 0.6610E-01  0.000      0.000      0.000       0.000       0.000       0.000       0.000       0.000       0.000    
 19094400.   10.73835403   10.8561   0.000       0.000      0.1178E-02  0.8661E-06-0.5841E-03-0.6630E-01 0.6571E-01  0.000      0.000      0.000       0.000       0.000       0.000       0.000       0.000       0.000    
 19180800.   10.72872771   10.8458   0.000       0.000      0.1170E-02  0.8356E-06-0.5809E-03-0.6591E-01 0.6532E-01  0.000      0.000      0.000       0.000       0.000       0.000       0.000       0.000       0.000    
 19267200.   10.71965557   10.8360   0.000       0.000      0.1164E-02  0.7875E-06-0.5778E-03-0.6553E-01 0.6494E-01  0.000      0.000      0.000       0.000       0.000       0.000       0.000       0.000       0.000    
 19353600.   10.71059048   10.8263   0.000       0.000      0.1157E-02  0.7869E-06-0.5747E-03-0.6515E-01 0.6457E-01  0.000      0.000      0.000       0.000       0.000       0.000       0.000       0.000       0.000    
 19440000.   10.70177973   10.8168   0.000       0.000      0.1150E-02  0.7648E-06-0.5716E-03-0.6478E-01 0.6420E-01  0.000      0.000      0.000       0.000       0.000       0.000       0.000       0.000       0.000    
 19526400.   10.69320257   10.8075   0.000       0.000      0.1143E-02  0.7445E-06-0.5685E-03-0.6441E-01 0.6383E-01  0.000      0.000      0.000       0.000       0.000       0.000       0.000       0.000       0.000    
 19612800.   10.68484275   10.7985   0.000       0.000      0.1137E-02  0.7257E-06-0.5656E-03-0.6405E-01 0.6348E-01  0.000      0.000      0.000       0.000       0.000       0.000       0.000       0.000       0.000    
 19699200.   10.67668491   10.7897   0.000       0.000      0.1131E-02  0.7081E-06-0.5626E-03-0.6369E-01 0.6313E-01  0.000      0.000      0.000       0.000       0.000       0.000       0.000       0.000       0.000    
 19785600.   10.66871802   10.7811   0.000       0.000      0.1124E-02  0.6916E-06-0.5597E-03-0.6335E-01 0.6278E-01  0.000      0.000      0.000       0.000       0.000       0.000       0.000       0.000       0.000    
 19872000.   10.66093248   10.7727   0.000       0.000      0.1118E-02  0.6758E-06-0.5569E-03-0.6300E-01 0.6244E-01  0.000      0.000      0.000       0.000       0.000       0.000       0.000       0.000       0.000    
 19958400.   10.66330824   10.7752   0.000       0.000      0.1119E-02 -0.2062E-06-0.5566E-03-0.6300E-01 0.6244E-01  0.000      0.000      0.000       0.000       0.000       0.000       0.000       0.000       0.000    
 20044800.   10.66974111   10.7820   0.000       0.000      0.1123E-02 -0.5584E-06-0.5576E-03-0.6317E-01 0.6260E-01  0.000      0.000      0.000       0.000       0.000       0.000       0.000       0.000       0.000    
 20131200.   10.66026451   10.7718   0.000       0.000      0.1115E-02  0.8226E-06-0.5550E-03-0.6284E-01 0.6228E-01  0.000      0.000      0.000       0.000       0.000       0.000       0.000       0.000       0.000    
 20217600.   10.65459017   10.7656   0.000       0.000      0.1110E-02  0.4926E-06-0.5530E-03-0.6261E-01 0.6205E-01  0.000      0.000      0.000       0.000       0.000       0.000       0.000       0.000       0.000    
 20304000.   10.64812859   10.7586   0.000       0.000      0.1105E-02  0.5609E-06-0.5508E-03-0.6233E-01 0.6178E-01  0.000      0.000      0.000       0.000       0.000       0.000       0.000       0.000       0.000    
 20390400.   10.63978240   10.7496   0.000       0.000      0.1099E-02  0.7245E-06-0.5481E-03-0.6199E-01 0.6144E-01  0.000      0.000      0.000       0.000       0.000       0.000       0.000       0.000       0.000    
 20476800.   10.63177212   10.7410   0.000       0.000      0.1092E-02  0.6953E-06-0.5453E-03-0.6164E-01 0.6110E-01  0.000      0.000      0.000       0.000       0.000       0.000       0.000       0.000       0.000    
 20563200.   10.62404877   10.7326   0.000       0.000      0.1086E-02  0.6704E-06-0.5426E-03-0.6130E-01 0.6076E-01  0.000      0.000      0.000       0.000       0.000       0.000       0.000       0.000       0.000    
 20649600.   10.61658365   10.7246   0.000       0.000      0.1080E-02  0.6480E-06-0.5399E-03-0.6097E-01 0.6043E-01  0.000      0.000      0.000       0.000       0.000       0.000       0.000       0.000       0.000    
 20736000.   10.60934890   10.7167   0.000       0.000      0.1074E-02  0.6280E-06-0.5372E-03-0.6064E-01 0.6010E-01  0.000      0.000      0.000       0.000       0.000       0.000       0.000       0.000       0.000    
 20822400.   10.60232156   10.7091   0.000       0.000      0.1068E-02  0.6100E-06-0.5346E-03-0.6032E-01 0.5978E-01  0.000      0.000      0.000       0.000       0.000       0.000       0.000       0.000       0.000    
 20908800.   10.59548547   10.7017   0.000       0.000      0.1062E-02  0.5934E-06-0.5320E-03-0.6000E-01 0.5947E-01  0.000      0.000      0.000       0.000       0.000       0.000       0.000       0.000       0.000    
 20995200.   10.58882498   10.6945   0.000       0.000      0.1057E-02  0.5782E-06-0.5295E-03-0.5969E-01 0.5916E-01  0.000      0.000      0.000       0.000       0.000       0.000       0.000       0.000       0.000    
 21081600.   10.58232813   10.6874   0.000       0.000      0.1051E-02  0.5640E-06-0.5270E-03-0.5939E-01 0.5886E-01  0.000      0.000      0.000       0.000       0.000       0.000       0.000       0.000       0.000    
 21168000.   10.57598243   10.6805   0.000       0.000      0.1046E-02  0.5508E-06-0.5246E-03-0.5908E-01 0.5856E-01  0.000      0.000      0.000       0.000       0.000       0.000       0.000       0.000       0.000    
 21254400.   10.56977785   10.6738   0.000       0.000      0.1040E-02  0.5386E-06-0.5222E-03-0.5879E-01 0.5827E-01  0.000      0.000      0.000       0.000       0.000       0.000       0.000       0.000       0.000    
 21340800.   10.56370649   10.6672   0.000       0.000      0.1035E-02  0.5270E-06-0.5198E-03-0.5850E-01 0.5798E-01  0.000      0.000      0.000       0.000       0.000       0.000       0.000       0.000       0.000    
 21427200.   10.55776111   10.6607   0.000       0.000      0.1030E-02  0.5161E-06-0.5175E-03-0.5821E-01 0.5770E-01  0.000      0.000      0.000       0.000       0.000       0.000       0.000       0.000       0.000    
 21513600.   10.55335728   10.6559   0.000       0.000      0.1026E-02  0.3823E-06-0.5156E-03-0.5798E-01 0.5747E-01  0.000      0.000      0.000       0.000       0.000       0.000       0.000       0.000       0.000    
 21600000.   10.56314320   10.6664   0.000       0.000      0.1033E-02 -0.8495E-06-0.5177E-03-0.5830E-01 0.5779E-01  0.000      0.000      0.000       0.000       0.000       0.000       0.000       0.000       0.000    
 21686400.   10.55576439   10.6584   0.000       0.000      0.1026E-02  0.6405E-06-0.5154E-03-0.5801E-01 0.5750E-01  0.000      0.000      0.000       0.000       0.000       0.000       0.000       0.000       0.000    
 21772800.   10.54886154   10.6509   0.000       0.000      0.1020E-02  0.5992E-06-0.5125E-03-0.5772E-01 0.5721E-01  0.000      0.000      0.000       0.000       0.000       0.000       0.000       0.000       0.000    
 21859200.   10.54236684   10.6438   0.000       0.000      0.1014E-02  0.5638E-06-0.5101E-03-0.5742E-01 0.5692E-01  0.000      0.000      0.000       0.000       0.000       0.000       0.000       0.000       0.000    
 21945600.   10.53617880   10.6371   0.000       0.000      0.1009E-02  0.5372E-06-0.5077E-03-0.5712E-01 0.5662E-01  0.000      0.000      0.000       0.000       0.000       0.000       0.000       0.000       0.000    
 22032000.   10.53023493   10.6306   0.000       0.000      0.1004E-02  0.5160E-06-0.5054E-03-0.5684E-01 0.5634E-01  0.000      0.000      0.000       0.000       0.000       0.000       0.000       0.000       0.000    
 22118400.   10.52449093   10.6243   0.000       0.000      0.9985E-03  0.4986E-06-0.5032E-03-0.5655E-01 0.5606E-01  0.000      0.000      0.000       0.000       0.000       0.000       0.000       0.000       0.000    
 22204800.   10.51891775   10.6183   0.000       0.000      0.9935E-03  0.4838E-06-0.5009E-03-0.5628E-01 0.5578E-01  0.000      0.000      0.000       0.000       0.000       0.000       0.000       0.000       0.000    
 22291200.   10.51349402   10.6123   0.000       0.000      0.9885E-03  0.4708E-06-0.4988E-03-0.5600E-01 0.5551E-01  0.000      0.000      0.000       0.000       0.000       0.000       0.000       0.000       0.000    
 22377600.   10.50820477   10.6066   0.000       0.000      0.9837E-03  0.4591E-06-0.4966E-03-0.5574E-01 0.5525E-01  0.000      0.000      0.000       0.000       0.000       0.000       0.000       0.000       0.000    
 22464000.   10.52009183   10.6194   0.000       0.000      0.9933E-03 -0.1032E-05-0.4997E-03-0.5617E-01 0.5568E-01  0.000      0.000      0.000       0.000       0.000       0.000       0.000       0.000       0.000    
 22550400.   10.51530878   10.6141   0.000       0.000      0.9879E-03  0.4152E-06-0.4981E-03-0.5597E-01 0.5548E-01  0.000      0.000      0.000       0.000       0.000       0.000       0.000       0.000       0.000    
 22636800.   10.51320865   10.6118   0.000       0.000      0.9859E-03  0.1823E-06-0.4972E-03-0.5587E-01 0.5538E-01  0.000      0.000      0.000       0.000       0.000       0.000       0.000       0.000       0.000    
 22723200.   10.55691835   10.6590   0.000       0.000      0.1021E-02 -0.3794E-05-0.5098E-03-0.5757E-01 0.5706E-01  0.000      0.000      0.000       0.000       0.000       0.000       0.000       0.000       0.000    
 22809600.   10.55588802   10.6576   0.000       0.000      0.1018E-02  0.8944E-07-0.5103E-03-0.5762E-01 0.5712E-01  0.000      0.000      0.000       0.000       0.000       0.000       0.000       0.000       0.000    
 22896000.   10.55269408   10.6542   0.000       0.000      0.1015E-02  0.2773E-06-0.5101E-03-0.5758E-01 0.5707E-01  0.000      0.000      0.000       0.000       0.000       0.000       0.000       0.000       0.000    
 22982400.   10.54854351   10.6497   0.000       0.000      0.1011E-02  0.3603E-06-0.5091E-03-0.5744E-01 0.5693E-01  0.000      0.000      0.000       0.000       0.000       0.000       0.000       0.000       0.000    
 23068800.   10.54387086   10.6446   0.000       0.000      0.1007E-02  0.4056E-06-0.5078E-03-0.5725E-01 0.5675E-01  0.000      0.000      0.000       0.000       0.000       0.000       0.000       0.000       0.000    
 23155200.   10.53809832   10.6383   0.000       0.000      0.1002E-02  0.5011E-06-0.5061E-03-0.5700E-01 0.5651E-01  0.000      0.000      0.000       0.000       0.000       0.000       0.000       0.000       0.000    
 23241600.   10.53190734   10.6316   0.000       0.000      0.9972E-03  0.5374E-06-0.5041E-03-0.5673E-01 0.5623E-01  0.000      0.000      0.000       0.000       0.000       0.000       0.000       0.000       0.000    
 23328000.   10.52533279   10.6245   0.000       0.000      0.9917E-03  0.5707E-06-0.5019E-03-0.5643E-01 0.5594E-01  0.000      0.000      0.000       0.000       0.000       0.000       0.000       0.000       0.000    
 23414400.   10.51874065   10.6174   0.000       0.000      0.9861E-03  0.5722E-06-0.4996E-03-0.5612E-01 0.5563E-01  0.000      0.000      0.000       0.000       0.000       0.000       0.000       0.000       0.000    
 23500800.   10.51244717   10.6105   0.000       0.000      0.9807E-03  0.5463E-06-0.4973E-03-0.5582E-01 0.5533E-01  0.000      0.000      0.000       0.000       0.000       0.000       0.000       0.000       0.000    
 23587200.   10.50634350   10.6039   0.000       0.000      0.9754E-03  0.5298E-06-0.4950E-03-0.5552E-01 0.5504E-01  0.000      0.000      0.000       0.000       0.000       0.000       0.000       0.000       0.000    
 23673600.   10.50032697   10.5973   0.000       0.000      0.9701E-03  0.5223E-06-0.4927E-03-0.5522E-01 0.5474E-01  0.000      0.000      0.000       0.000       0.000       0.000       0.000       0.000       0.000    
 23760000.   10.49430113   10.5908   0.000       0.000      0.9648E-03  0.5231E-06-0.4904E-03-0.5492E-01 0.5445E-01  0.000      0.000      0.000     -0.4971E-06   0.000       0.000       0.000       0.000       0.000    
 23846400.   10.48843381   10.5844   0.000       0.000      0.9595E-03  0.5093E-06-0.4882E-03-0.5463E-01 0.5415E-01  0.000      0.000      0.000     -0.9376E-06   0.000       0.000       0.000       0.000       0.000    
 23932800.   10.48280953   10.5782   0.000       0.000      0.9544E-03  0.4882E-06-0.4859E-03-0.5434E-01 0.5387E-01  0.000      0.000      0.000     -0.1160E-05   0.000       0.000       0.000       0.000       0.000    
 24019200.   10.47739456   10.5723   0.000       0.000      0.9493E-03  0.4700E-06-0.4838E-03-0.5407E-01 0.5360E-01  0.000      0.000      0.000     -0.1312E-05   0.000       0.000       0.000       0.000       0.000    
 24105600.   10.47213791   10.5666   0.000       0.000      0.9444E-03  0.4563E-06-0.4817E-03-0.5380E-01 0.5333E-01  0.000      0.000      0.000     -0.1431E-05   0.000       0.000       0.000       0.000       0.000    
 24192000.   10.46698131   10.5609   0.000       0.000      0.9395E-03  0.4476E-06-0.4795E-03-0.5353E-01 0.5307E-01  0.000      0.000      0.000     -0.1537E-05   0.000       0.000       0.000       0.000       0.000    
 24278400.   10.46191467   10.5554   0.000       0.000      0.9347E-03  0.4398E-06-0.4775E-03-0.5327E-01 0.5281E-01  0.000      0.000      0.000     -0.1628E-05   0.000       0.000       0.000       0.000       0.000    
 24364800.   10.45696892   10.5500   0.000       0.000      0.9300E-03  0.4293E-06-0.4754E-03-0.5301E-01 0.5255E-01  0.000      0.000      0.000     -0.1693E-05   0.000       0.000       0.000       0.000       0.000    
 24451200.   10.45215592   10.5447   0.000       0.000      0.9254E-03  0.4178E-06-0.4734E-03-0.5275E-01 0.5230E-01  0.000      0.000      0.000     -0.1740E-05   0.000       0.000       0.000       0.000       0.000    
 24537600.   10.44746772   10.5396   0.000       0.000      0.9209E-03  0.4070E-06-0.4714E-03-0.5250E-01 0.5205E-01  0.000      0.000      0.000     -0.1777E-05   0.000       0.000       0.000       0.000       0.000    
 24624000.   10.44289601   10.5345   0.000       0.000      0.9165E-03  0.3968E-06-0.4694E-03-0.5225E-01 0.5180E-01  0.000      0.000      0.000     -0.1807E-05   0.000       0.000       0.000       0.000       0.000    
 24710400.   10.43842810   10.5296   0.000       0.000      0.9121E-03  0.3878E-06-0.4675E-03-0.5201E-01 0.5156E-01  0.000      0.000      0.000     -0.1832E-05   0.000       0.000       0.000       0.000       0.000    
 24796800.   10.43405670   10.5248   0.000       0.000      0.9078E-03  0.3795E-06-0.4655E-03-0.5177E-01 0.5132E-01  0.000      0.000      0.000     -0.1854E-05   0.000       0.000       0.000       0.000       0.000    
 24883200.   10.42998775   10.5204   0.000       0.000      0.9039E-03  0.3532E-06-0.4637E-03-0.5154E-01 0.5110E-01  0.000      0.000      0.000     -0.1778E-05   0.000       0.000       0.000       0.000       0.000    
 24969600.   10.43005142   10.5205   0.000       0.000      0.9046E-03 -0.5527E-08-0.4632E-03-0.5149E-01 0.5105E-01  0.000      0.000      0.000      0.2820E-07   0.000       0.000       0.000       0.000       0.000    
 25056000.   10.42576122   10.5157   0.000       0.000      0.8990E-03  0.3724E-06-0.4615E-03-0.5128E-01 0.5084E-01  0.000      0.000      0.000     -0.1926E-05   0.000       0.000       0.000       0.000       0.000    
 25142400.   10.42145783   10.5109   0.000       0.000      0.8947E-03  0.3736E-06-0.4598E-03-0.5105E-01 0.5061E-01  0.000      0.000      0.000     -0.1984E-05   0.000       0.000       0.000       0.000       0.000    
 25228800.   10.42534934   10.5154   0.000       0.000      0.9002E-03 -0.3378E-06-0.4605E-03-0.5117E-01 0.5073E-01  0.000      0.000      0.000      0.1797E-05   0.000       0.000       0.000       0.000       0.000    
 25315200.   10.42162688   10.5110   0.000       0.000      0.8939E-03  0.3231E-06-0.4592E-03-0.5100E-01 0.5056E-01  0.000      0.000      0.000     -0.1718E-05   0.000       0.000       0.000       0.000       0.000    
 25401600.   10.42197642   10.5115   0.000       0.000      0.8951E-03 -0.3034E-07-0.4590E-03-0.5098E-01 0.5055E-01  0.000      0.000      0.000      0.1629E-06   0.000       0.000       0.000       0.000       0.000    
 25488000.   10.42207179   10.5115   0.000       0.000      0.8946E-03 -0.8279E-08-0.4589E-03-0.5097E-01 0.5053E-01  0.000      0.000      0.000      0.4440E-07   0.000       0.000       0.000       0.000       0.000    
 25574400.   10.42479477   10.5145   0.000       0.000      0.8973E-03 -0.2364E-06-0.4596E-03-0.5107E-01 0.5063E-01  0.000      0.000      0.000      0.1257E-05   0.000       0.000       0.000       0.000       0.000    
 25660800.   10.42155819   10.5108   0.000       0.000      0.8921E-03  0.2810E-06-0.4586E-03-0.5093E-01 0.5050E-01  0.000      0.000      0.000     -0.1496E-05   0.000       0.000       0.000       0.000       0.000    
 25747200.   10.42756836   10.5176   0.000       0.000      0.8999E-03 -0.5217E-06-0.4603E-03-0.5117E-01 0.5073E-01  0.000      0.000      0.000      0.2755E-05   0.000       0.000       0.000       0.000       0.000    
 25833600.   10.46235282   10.5560   0.000       0.000      0.9364E-03 -0.3019E-05-0.4714E-03-0.5265E-01 0.5220E-01  0.000      0.000      0.000      0.1371E-04   0.000       0.000       0.000       0.000       0.000    
 25920000.   10.51192823   10.6092   0.000       0.000      0.9724E-03 -0.4303E-05-0.4880E-03-0.5488E-01 0.5440E-01  0.000      0.000      0.000      0.8358E-05   0.000       0.000       0.000       0.000       0.000    
 26006400.   10.56274384   10.6635   0.000       0.000      0.1008E-02 -0.4411E-05-0.5048E-03-0.5705E-01 0.5656E-01  0.000      0.000      0.000       0.000       0.000       0.000       0.000       0.000       0.000    
 26092800.   10.57697030   10.6786   0.000       0.000      0.1016E-02 -0.1235E-05-0.5114E-03-0.5786E-01 0.5735E-01  0.000      0.000      0.000       0.000       0.000       0.000       0.000       0.000       0.000    
 26179200.   10.57283610   10.6742   0.000       0.000      0.1013E-02  0.3589E-06-0.5125E-03-0.5792E-01 0.5742E-01  0.000      0.000      0.000       0.000       0.000       0.000       0.000       0.000       0.000    
 26265600.   10.56481922   10.6656   0.000       0.000      0.1007E-02  0.6959E-06-0.5116E-03-0.5772E-01 0.5723E-01  0.000      0.000      0.000       0.000       0.000       0.000       0.000       0.000       0.000    
 26352000.   10.55572653   10.6558   0.000       0.000      0.1001E-02  0.7893E-06-0.5098E-03-0.5741E-01 0.5692E-01  0.000      0.000      0.000       0.000       0.000       0.000       0.000       0.000       0.000    
 26438400.   10.54645353   10.6458   0.000       0.000      0.9939E-03  0.8049E-06-0.5075E-03-0.5705E-01 0.5656E-01  0.000      0.000      0.000       0.000       0.000       0.000       0.000       0.000       0.000    
 26524800.   10.53722005   10.6359   0.000       0.000      0.9869E-03  0.8015E-06-0.5050E-03-0.5666E-01 0.5618E-01  0.000      0.000      0.000       0.000       0.000       0.000       0.000       0.000       0.000    
 26611200.   10.52780391   10.6258   0.000       0.000      0.9797E-03  0.8174E-06-0.5022E-03-0.5625E-01 0.5577E-01  0.000      0.000      0.000       0.000       0.000       0.000       0.000       0.000       0.000    
 26697600.   10.51889247   10.6162   0.000       0.000      0.9729E-03  0.7736E-06-0.4993E-03-0.5585E-01 0.5537E-01  0.000      0.000      0.000       0.000       0.000       0.000       0.000       0.000       0.000    
 26784000.   10.51032185   10.6069   0.000       0.000      0.9662E-03  0.7440E-06-0.4965E-03-0.5545E-01 0.5498E-01  0.000      0.000      0.000       0.000       0.000       0.000       0.000       0.000       0.000    
 26870400.   10.53716164   10.6360   0.000       0.000      0.9889E-03 -0.2330E-05-0.5041E-03-0.5647E-01 0.5599E-01  0.000      0.000      0.000       0.000       0.000       0.000       0.000       0.000       0.000    
 26956800.   10.55456068   10.6547   0.000       0.000      0.1001E-02 -0.1510E-05-0.5096E-03-0.5717E-01 0.5668E-01  0.000      0.000      0.000       0.000       0.000       0.000       0.000       0.000       0.000    
 27043200.   10.57115726   10.6725   0.000       0.000      0.1014E-02 -0.1441E-05-0.5151E-03-0.5788E-01 0.5739E-01  0.000      0.000      0.000       0.000       0.000       0.000       0.000       0.000       0.000    
 27129600.   10.57669695   10.6785   0.000       0.000      0.1018E-02 -0.4809E-06-0.5177E-03-0.5819E-01 0.5769E-01  0.000      0.000      0.000       0.000       0.000       0.000       0.000       0.000       0.000    
 27216000.   10.58628888   10.6888   0.000       0.000      0.1025E-02 -0.8326E-06-0.5212E-03-0.5862E-01 0.5812E-01  0.000      0.000      0.000       0.000       0.000       0.000       0.000       0.000       0.000    
 27302400.   10.60972580   10.7140   0.000       0.000      0.1043E-02 -0.2034E-05-0.5284E-03-0.5953E-01 0.5902E-01  0.000      0.000      0.000       0.000       0.000       0.000       0.000       0.000       0.000    
 27388800.   10.65570141   10.7632   0.000       0.000      0.1075E-02 -0.3991E-05-0.5415E-03-0.6124E-01 0.6071E-01  0.000      0.000      0.000       0.000       0.000       0.000       0.000       0.000       0.000    
 27475200.   10.69624103   10.8065   0.000       0.000      0.1103E-02 -0.3519E-05-0.5537E-03-0.6279E-01 0.6225E-01  0.000      0.000      0.000       0.000       0.000       0.000       0.000       0.000       0.000    
 27561600.   10.69432868   10.8044   0.000       0.000      0.1101E-02  0.1660E-06-0.5560E-03-0.6301E-01 0.6247E-01  0.000      0.000      0.000       0.000       0.000       0.000       0.000       0.000       0.000    
 27648000.   10.68566005   10.7953   0.000       0.000      0.1096E-02  0.7525E-06-0.5556E-03-0.6288E-01 0.6234E-01  0.000      0.000      0.000       0.000       0.000       0.000       0.000       0.000       0.000    
 27734400.   10.67344108   10.7823   0.000       0.000      0.1089E-02  0.1061E-05-0.5535E-03-0.6253E-01 0.6200E-01  0.000      0.000      0.000       0.000       0.000       0.000       0.000       0.000       0.000    
 27820800.   10.66266965   10.7709   0.000       0.000      0.1082E-02  0.9350E-06-0.5512E-03-0.6217E-01 0.6164E-01  0.000      0.000      0.000       0.000       0.000       0.000       0.000       0.000       0.000    
 27907200.   10.65429007   10.7620   0.000       0.000      0.1077E-02  0.7274E-06-0.5492E-03-0.6185E-01 0.6132E-01  0.000      0.000      0.000       0.000       0.000       0.000       0.000       0.000       0.000    
 27993600.   10.67411991   10.7832   0.000       0.000      0.1091E-02 -0.1721E-05-0.5541E-03-0.6247E-01 0.6193E-01  0.000      0.000      0.000       0.000       0.000       0.000       0.000       0.000       0.000    
 28080000.   10.70436405   10.8155   0.000       0.000      0.1112E-02 -0.2625E-05-0.5622E-03-0.6350E-01 0.6295E-01  0.000      0.000      0.000       0.000       0.000       0.000       0.000       0.000       0.000    
 28166400.   10.72059937   10.8329   0.000       0.000      0.1123E-02 -0.1409E-05-0.5675E-03-0.6416E-01 0.6360E-01  0.000      0.000      0.000       0.000       0.000       0.000       0.000       0.000       0.000    
 28252800.   10.71411446   10.8260   0.000       0.000      0.1119E-02  0.5629E-06-0.5675E-03-0.6410E-01 0.6355E-01  0.000      0.000      0.000       0.000       0.000       0.000       0.000       0.000       0.000    
 28339200.   10.70281140   10.8140   0.000       0.000      0.1112E-02  0.9812E-06-0.5656E-03-0.6380E-01 0.6325E-01  0.000      0.000      0.000       0.000       0.000       0.000       0.000       0.000       0.000    
 28425600.   10.69003103   10.8004   0.000       0.000      0.1104E-02  0.1109E-05-0.5628E-03-0.6338E-01 0.6284E-01  0.000      0.000      0.000       0.000       0.000       0.000       0.000       0.000       0.000    
 28512000.   10.67689813   10.7865   0.000       0.000      0.1096E-02  0.1140E-05-0.5594E-03-0.6290E-01 0.6237E-01  0.000      0.000      0.000       0.000       0.000       0.000       0.000       0.000       0.000    
 28598400.   10.66387762   10.7726   0.000       0.000      0.1087E-02  0.1130E-05-0.5559E-03-0.6241E-01 0.6187E-01  0.000      0.000      0.000       0.000       0.000       0.000       0.000       0.000       0.000    
 28684800.   10.65117226   10.7591   0.000       0.000      0.1079E-02  0.1103E-05-0.5522E-03-0.6190E-01 0.6137E-01  0.000      0.000      0.000       0.000       0.000       0.000       0.000       0.000       0.000    
 28771200.   10.63884425   10.7459   0.000       0.000      0.1070E-02  0.1070E-05-0.5485E-03-0.6140E-01 0.6087E-01  0.000      0.000      0.000       0.000       0.000       0.000       0.000       0.000       0.000    
 28857600.   10.62694781   10.7332   0.000       0.000      0.1062E-02  0.1033E-05-0.5448E-03-0.6090E-01 0.6038E-01  0.000      0.000      0.000       0.000       0.000       0.000       0.000       0.000       0.000    
 28944000.   10.61536570   10.7208   0.000       0.000      0.1054E-02  0.1005E-05-0.5410E-03-0.6040E-01 0.5989E-01  0.000      0.000      0.000       0.000       0.000       0.000       0.000       0.000       0.000    
 29030400.   10.60405740   10.7087   0.000       0.000      0.1046E-02  0.9816E-06-0.5373E-03-0.5991E-01 0.5940E-01  0.000      0.000      0.000       0.000       0.000       0.000       0.000       0.000       0.000    
 29116800.   10.59315743   10.6970   0.000       0.000      0.1038E-02  0.9462E-06-0.5336E-03-0.5943E-01 0.5892E-01  0.000      0.000      0.000       0.000       0.000       0.000       0.000       0.000       0.000    
 29203200.   10.58250693   10.6855   0.000       0.000      0.1030E-02  0.9245E-06-0.5299E-03-0.5895E-01 0.5845E-01  0.000      0.000      0.000       0.000       0.000       0.000       0.000       0.000       0.000    
 29289600.   10.57229013   10.6746   0.000       0.000      0.1023E-02  0.8869E-06-0.5262E-03-0.5848E-01 0.5799E-01  0.000      0.000      0.000       0.000       0.000       0.000       0.000       0.000       0.000    
 29376000.   10.56254813   10.6641   0.000       0.000      0.1015E-02  0.8457E-06-0.5227E-03-0.5803E-01 0.5754E-01  0.000      0.000      0.000       0.000       0.000       0.000       0.000       0.000       0.000    
 29462400.   10.55323914   10.6541   0.000       0.000      0.1008E-02  0.8081E-06-0.5192E-03-0.5760E-01 0.5711E-01  0.000      0.000      0.000       0.000       0.000       0.000       0.000       0.000       0.000    
 29548800.   10.54428425   10.6444   0.000       0.000      0.1001E-02  0.7773E-06-0.5159E-03-0.5717E-01 0.5668E-01  0.000      0.000      0.000       0.000       0.000       0.000       0.000       0.000       0.000    
 29635200.   10.53563778   10.6351   0.000       0.000      0.9944E-03  0.7506E-06-0.5125E-03-0.5676E-01 0.5627E-01  0.000      0.000      0.000       0.000       0.000       0.000       0.000       0.000       0.000    
 29721600.   10.52730339   10.6261   0.000       0.000      0.9877E-03  0.7235E-06-0.5093E-03-0.5635E-01 0.5587E-01  0.000      0.000      0.000       0.000       0.000       0.000       0.000       0.000       0.000    
 29808000.   10.51918175   10.6173   0.000       0.000      0.9811E-03  0.7050E-06-0.5061E-03-0.5595E-01 0.5548E-01  0.000      0.000      0.000       0.000       0.000       0.000       0.000       0.000       0.000    
 29894400.   10.51130624   10.6088   0.000       0.000      0.9746E-03  0.6836E-06-0.5030E-03-0.5556E-01 0.5509E-01  0.000      0.000      0.000       0.000       0.000       0.000       0.000       0.000       0.000    
 29980800.   10.50366889   10.6005   0.000       0.000      0.9683E-03  0.6630E-06-0.4999E-03-0.5518E-01 0.5471E-01  0.000      0.000      0.000       0.000       0.000       0.000       0.000       0.000       0.000    
 30067200.   10.49634094   10.5925   0.000       0.000      0.9620E-03  0.6361E-06-0.4969E-03-0.5481E-01 0.5434E-01  0.000      0.000      0.000     -0.2559E-06   0.000       0.000       0.000       0.000       0.000    
 30153600.   10.48929163   10.5849   0.000       0.000      0.9559E-03  0.6119E-06-0.4940E-03-0.5445E-01 0.5398E-01  0.000      0.000      0.000     -0.1023E-05   0.000       0.000       0.000       0.000       0.000    
 30240000.   10.48250914   10.5775   0.000       0.000      0.9499E-03  0.5888E-06-0.4912E-03-0.5410E-01 0.5364E-01  0.000      0.000      0.000     -0.1385E-05   0.000       0.000       0.000       0.000       0.000    
 30326400.   10.47596566   10.5704   0.000       0.000      0.9440E-03  0.5680E-06-0.4884E-03-0.5377E-01 0.5331E-01  0.000      0.000      0.000     -0.1618E-05   0.000       0.000       0.000       0.000       0.000    
 30412800.   10.46962827   10.5635   0.000       0.000      0.9382E-03  0.5501E-06-0.4857E-03-0.5344E-01 0.5299E-01  0.000      0.000      0.000     -0.1789E-05   0.000       0.000       0.000       0.000       0.000    
 30499200.   10.46348750   10.5568   0.000       0.000      0.9327E-03  0.5331E-06-0.4831E-03-0.5312E-01 0.5267E-01  0.000      0.000      0.000     -0.1916E-05   0.000       0.000       0.000       0.000       0.000    
 30585600.   10.45752248   10.5502   0.000       0.000      0.9272E-03  0.5178E-06-0.4805E-03-0.5281E-01 0.5236E-01  0.000      0.000      0.000     -0.2016E-05   0.000       0.000       0.000       0.000       0.000    
 30672000.   10.45173419   10.5439   0.000       0.000      0.9219E-03  0.5025E-06-0.4780E-03-0.5250E-01 0.5205E-01  0.000      0.000      0.000     -0.2091E-05   0.000       0.000       0.000       0.000       0.000    
 30758400.   10.44611323   10.5378   0.000       0.000      0.9167E-03  0.4879E-06-0.4755E-03-0.5220E-01 0.5175E-01  0.000      0.000      0.000     -0.2148E-05   0.000       0.000       0.000       0.000       0.000    
 30844800.   10.44065010   10.5318   0.000       0.000      0.9116E-03  0.4742E-06-0.4731E-03-0.5190E-01 0.5146E-01  0.000      0.000      0.000     -0.2192E-05   0.000       0.000       0.000       0.000       0.000    
 30931200.   10.43532677   10.5260   0.000       0.000      0.9066E-03  0.4621E-06-0.4707E-03-0.5161E-01 0.5117E-01  0.000      0.000      0.000     -0.2229E-05   0.000       0.000       0.000       0.000       0.000    
 31017600.   10.43013749   10.5203   0.000       0.000      0.9016E-03  0.4505E-06-0.4683E-03-0.5133E-01 0.5089E-01  0.000      0.000      0.000     -0.2257E-05   0.000       0.000       0.000       0.000       0.000    
 31104000.   10.42508581   10.5148   0.000       0.000      0.8968E-03  0.4385E-06-0.4660E-03-0.5105E-01 0.5061E-01  0.000      0.000      0.000     -0.2273E-05   0.000       0.000       0.000       0.000       0.000    
 31190400.   10.42016464   10.5094   0.000       0.000      0.8920E-03  0.4272E-06-0.4638E-03-0.5077E-01 0.5034E-01  0.000      0.000      0.000     -0.2283E-05   0.000       0.000       0.000       0.000       0.000    
 31276800.   10.41610743   10.5049   0.000       0.000      0.8883E-03  0.3522E-06-0.4618E-03-0.5054E-01 0.5011E-01  0.000      0.000      0.000     -0.1931E-05   0.000       0.000       0.000       0.000       0.000    
 31363200.   10.41139689   10.4997   0.000       0.000      0.8834E-03  0.4089E-06-0.4596E-03-0.5027E-01 0.4985E-01  0.000      0.000      0.000     -0.2296E-05   0.000       0.000       0.000       0.000       0.000    
 31449600.   10.40679022   10.4947   0.000       0.000      0.8788E-03  0.3999E-06-0.4575E-03-0.5002E-01 0.4959E-01  0.000      0.000      0.000     -0.2299E-05   0.000       0.000       0.000       0.000       0.000    
 31536000.   10.40230058   10.4897   0.000       0.000      0.8744E-03  0.3897E-06-0.4554E-03-0.4976E-01 0.4934E-01  0.000      0.000      0.000     -0.2290E-05   0.000       0.000       0.000       0.000       0.000    
 31622400.   10.39756337   10.4845   0.000       0.000      0.8695E-03  0.4112E-06-0.4532E-03-0.4949E-01 0.4907E-01  0.000      0.000      0.000     -0.2468E-05   0.000       0.000       0.000       0.000       0.000    
