TOTIM (T)      HCON          HMAT      QDIR      QWELL        QMAT       QCADS      QTUB1      QTUB2      QTUB3      QTUB4      QTUB5      QTUB6       NSTOR        QFIX        QLH     FHLQ (LQ)        CAUCHY   CAUCHY (LQ)
    86400.   10.67612509   10.7867   0.000       0.000      0.1106E-02   0.000    -0.2355E-04-0.6079E-01 0.5971E-01  0.000      0.000      0.000       0.000       0.000       0.000       0.000       0.000       0.000    
   172800.   10.65901218   10.7684   0.000       0.000      0.1094E-02  0.1485E-05-0.2353E-04-0.6024E-01 0.5917E-01  0.000      0.000      0.000       0.000       0.000       0.000       0.000       0.000       0.000    
   259200.   10.65937068   10.7688   0.000       0.000      0.1094E-02 -0.3112E-07-0.2352E-04-0.6019E-01 0.5912E-01  0.000      0.000      0.000       0.000       0.000       0.000       0.000       0.000       0.000    
   345600.   10.65784515   10.7671   0.000       0.000      0.1093E-02  0.1324E-06-0.2351E-04-0.6011E-01 0.5904E-01  0.000      0.000      0.000       0.000       0.000       0.000       0.000       0.000       0.000    
   432000.   10.66929296   10.7794   0.000       0.000      0.1101E-02 -0.9937E-06-0.2353E-04-0.6045E-01 0.5938E-01  0.000      0.000      0.000       0.000       0.000       0.000       0.000       0.000       0.000    
   518400.   10.67606328   10.7866   0.000       0.000      0.1105E-02 -0.5877E-06-0.2354E-04-0.6070E-01 0.5962E-01  0.000      0.000      0.000       0.000       0.000       0.000       0.000       0.000       0.000    
   604800.   10.67800621   10.7887   0.000       0.000      0.1107E-02 -0.1687E-06-0.2354E-04-0.6080E-01 0.5971E-01  0.000      0.000      0.000       0.000       0.000       0.000       0.000       0.000       0.000    
   691200.   10.69553818   10.8074   0.000       0.000      0.1118E-02 -0.1522E-05-0.2357E-04-0.6137E-01 0.6028E-01  0.000      0.000      0.000       0.000       0.000       0.000       0.000       0.000       0.000    
   777600.   10.74322409   10.8582   0.000       0.000      0.1150E-02 -0.4139E-05-0.2365E-04-0.6290E-01 0.6177E-01  0.000      0.000      0.000       0.000       0.000       0.000       0.000       0.000       0.000    
   864000.   10.81354572   10.9329   0.000       0.000      0.1193E-02 -0.6104E-05-0.2378E-04-0.6513E-01 0.6397E-01  0.000      0.000      0.000       0.000       0.000       0.000       0.000       0.000       0.000    
   950400.   10.84508521   10.9663   0.000       0.000      0.1212E-02 -0.2738E-05-0.2388E-04-0.6637E-01 0.6519E-01  0.000      0.000      0.000       0.000       0.000       0.000       0.000       0.000       0.000    
  1036800.   10.92142396   11.0472   0.000       0.000      0.1257E-02 -0.6627E-05-0.2404E-04-0.6870E-01 0.6747E-01  0.000      0.000      0.000       0.000       0.000       0.000       0.000       0.000       0.000    
  1123200.   11.05900829   11.1922   0.000       0.000      0.1332E-02 -0.1194E-04-0.2431E-04-0.7248E-01 0.7118E-01  0.000      0.000      0.000       0.000       0.000       0.000       0.000       0.000       0.000    
  1209600.   11.04158064   11.1740   0.000       0.000      0.1324E-02  0.1513E-05-0.2440E-04-0.7282E-01 0.7152E-01  0.000      0.000      0.000       0.000       0.000       0.000       0.000       0.000       0.000    
  1296000.   11.02087982   11.1525   0.000       0.000      0.1317E-02  0.1797E-05-0.2445E-04-0.7269E-01 0.7140E-01  0.000      0.000      0.000       0.000       0.000       0.000       0.000       0.000       0.000    
  1382400.   11.00013380   11.1309   0.000       0.000      0.1307E-02  0.1801E-05-0.2449E-04-0.7232E-01 0.7104E-01  0.000      0.000      0.000       0.000       0.000       0.000       0.000       0.000       0.000    
  1468800.   10.97974149   11.1095   0.000       0.000      0.1298E-02  0.1770E-05-0.2451E-04-0.7185E-01 0.7057E-01  0.000      0.000      0.000       0.000       0.000       0.000       0.000       0.000       0.000    
  1555200.   10.95795265   11.0866   0.000       0.000      0.1287E-02  0.1891E-05-0.2452E-04-0.7128E-01 0.7001E-01  0.000      0.000      0.000       0.000       0.000       0.000       0.000       0.000       0.000    
  1641600.   10.93606964   11.0636   0.000       0.000      0.1276E-02  0.1900E-05-0.2450E-04-0.7065E-01 0.6940E-01  0.000      0.000      0.000       0.000       0.000       0.000       0.000       0.000       0.000    
  1728000.   10.91754336   11.0441   0.000       0.000      0.1266E-02  0.1608E-05-0.2448E-04-0.7008E-01 0.6884E-01  0.000      0.000      0.000       0.000       0.000       0.000       0.000       0.000       0.000    
  1814400.   10.90129308   11.0270   0.000       0.000      0.1257E-02  0.1411E-05-0.2444E-04-0.6955E-01 0.6832E-01  0.000      0.000      0.000       0.000       0.000       0.000       0.000       0.000       0.000    
  1900800.   10.88307199   11.0078   0.000       0.000      0.1247E-02  0.1582E-05-0.2439E-04-0.6897E-01 0.6775E-01  0.000      0.000      0.000       0.000       0.000       0.000       0.000       0.000       0.000    
  1987200.   10.86640596   10.9902   0.000       0.000      0.1238E-02  0.1447E-05-0.2432E-04-0.6842E-01 0.6720E-01  0.000      0.000      0.000       0.000       0.000       0.000       0.000       0.000       0.000    
  2073600.   10.85267637   10.9757   0.000       0.000      0.1230E-02  0.1192E-05-0.2425E-04-0.6793E-01 0.6672E-01  0.000      0.000      0.000       0.000       0.000       0.000       0.000       0.000       0.000    
  2160000.   10.83673449   10.9588   0.000       0.000      0.1220E-02  0.1384E-05-0.2416E-04-0.6739E-01 0.6619E-01  0.000      0.000      0.000       0.000       0.000       0.000       0.000       0.000       0.000    
  2246400.   10.82101821   10.9421   0.000       0.000      0.1211E-02  0.1364E-05-0.2407E-04-0.6684E-01 0.6565E-01  0.000      0.000      0.000       0.000       0.000       0.000       0.000       0.000       0.000    
  2332800.   10.80566665   10.9258   0.000       0.000      0.1202E-02  0.1333E-05-0.2397E-04-0.6629E-01 0.6511E-01  0.000      0.000      0.000       0.000       0.000       0.000       0.000       0.000       0.000    
  2419200.   10.79074639   10.9100   0.000       0.000      0.1192E-02  0.1295E-05-0.2386E-04-0.6575E-01 0.6458E-01  0.000      0.000      0.000       0.000       0.000       0.000       0.000       0.000       0.000    
  2505600.   10.78403561   10.9029   0.000       0.000      0.1188E-02  0.5825E-06-0.2377E-04-0.6543E-01 0.6427E-01  0.000      0.000      0.000       0.000       0.000       0.000       0.000       0.000       0.000    
  2592000.   10.77425625   10.8924   0.000       0.000      0.1182E-02  0.8489E-06-0.2366E-04-0.6506E-01 0.6390E-01  0.000      0.000      0.000       0.000       0.000       0.000       0.000       0.000       0.000    
  2678400.   10.79289481   10.9122   0.000       0.000      0.1193E-02 -0.1618E-05-0.2360E-04-0.6550E-01 0.6434E-01  0.000      0.000      0.000       0.000       0.000       0.000       0.000       0.000       0.000    
  2764800.   10.86668814   10.9904   0.000       0.000      0.1237E-02 -0.6406E-05-0.2363E-04-0.6754E-01 0.6634E-01  0.000      0.000      0.000       0.000       0.000       0.000       0.000       0.000       0.000    
  2851200.   11.04813793   11.1818   0.000       0.000      0.1337E-02 -0.1575E-04-0.2383E-04-0.7233E-01 0.7103E-01  0.000      0.000      0.000       0.000       0.000       0.000       0.000       0.000       0.000    
  2937600.   11.01479696   11.1468   0.000       0.000      0.1320E-02  0.2894E-05-0.2380E-04-0.7235E-01 0.7105E-01  0.000      0.000      0.000       0.000       0.000       0.000       0.000       0.000       0.000    
  3024000.   11.02127132   11.1539   0.000       0.000      0.1326E-02 -0.5620E-06-0.2378E-04-0.7282E-01 0.7151E-01  0.000      0.000      0.000       0.000       0.000       0.000       0.000       0.000       0.000    
  3110400.   11.02281145   11.1556   0.000       0.000      0.1328E-02 -0.1337E-06-0.2376E-04-0.7304E-01 0.7173E-01  0.000      0.000      0.000       0.000       0.000       0.000       0.000       0.000       0.000    
  3196800.   11.01106464   11.1434   0.000       0.000      0.1323E-02  0.1020E-05-0.2373E-04-0.7288E-01 0.7158E-01  0.000      0.000      0.000       0.000       0.000       0.000       0.000       0.000       0.000    
  3283200.   10.99338676   11.1248   0.000       0.000      0.1314E-02  0.1535E-05-0.2368E-04-0.7249E-01 0.7120E-01  0.000      0.000      0.000       0.000       0.000       0.000       0.000       0.000       0.000    
  3369600.   10.99607908   11.1277   0.000       0.000      0.1317E-02 -0.2337E-06-0.2365E-04-0.7253E-01 0.7124E-01  0.000      0.000      0.000       0.000       0.000       0.000       0.000       0.000       0.000    
  3456000.   11.01039354   11.1429   0.000       0.000      0.1325E-02 -0.1243E-05-0.2363E-04-0.7288E-01 0.7158E-01  0.000      0.000      0.000       0.000       0.000       0.000       0.000       0.000       0.000    
  3542400.   11.03287624   11.1666   0.000       0.000      0.1337E-02 -0.1952E-05-0.2363E-04-0.7348E-01 0.7217E-01  0.000      0.000      0.000       0.000       0.000       0.000       0.000       0.000       0.000    
  3628800.   11.04122028   11.1755   0.000       0.000      0.1342E-02 -0.7243E-06-0.2360E-04-0.7381E-01 0.7249E-01  0.000      0.000      0.000       0.000       0.000       0.000       0.000       0.000       0.000    
  3715200.   11.02973780   11.1635   0.000       0.000      0.1337E-02  0.9967E-06-0.2354E-04-0.7365E-01 0.7233E-01  0.000      0.000      0.000       0.000       0.000       0.000       0.000       0.000       0.000    
  3801600.   11.03339336   11.1674   0.000       0.000      0.1340E-02 -0.3173E-06-0.2350E-04-0.7376E-01 0.7244E-01  0.000      0.000      0.000       0.000       0.000       0.000       0.000       0.000       0.000    
  3888000.   11.04599833   11.1807   0.000       0.000      0.1347E-02 -0.1094E-05-0.2346E-04-0.7409E-01 0.7276E-01  0.000      0.000      0.000       0.000       0.000       0.000       0.000       0.000       0.000    
  3974400.   11.07431463   11.2106   0.000       0.000      0.1363E-02 -0.2458E-05-0.2344E-04-0.7481E-01 0.7348E-01  0.000      0.000      0.000       0.000       0.000       0.000       0.000       0.000       0.000    
  4060800.   11.09705444   11.2345   0.000       0.000      0.1375E-02 -0.1974E-05-0.2341E-04-0.7548E-01 0.7413E-01  0.000      0.000      0.000       0.000       0.000       0.000       0.000       0.000       0.000    
  4147200.   11.08552977   11.2225   0.000       0.000      0.1370E-02  0.1000E-05-0.2334E-04-0.7539E-01 0.7404E-01  0.000      0.000      0.000       0.000       0.000       0.000       0.000       0.000       0.000    
  4233600.   11.06744013   11.2036   0.000       0.000      0.1362E-02  0.1570E-05-0.2325E-04-0.7504E-01 0.7370E-01  0.000      0.000      0.000       0.000       0.000       0.000       0.000       0.000       0.000    
  4320000.   11.05246327   11.1880   0.000       0.000      0.1355E-02  0.1300E-05-0.2316E-04-0.7467E-01 0.7333E-01  0.000      0.000      0.000       0.000       0.000       0.000       0.000       0.000       0.000    
  4406400.   11.03634055   11.1711   0.000       0.000      0.1347E-02  0.1400E-05-0.2305E-04-0.7423E-01 0.7291E-01  0.000      0.000      0.000       0.000       0.000       0.000       0.000       0.000       0.000    
  4492800.   11.02347716   11.1575   0.000       0.000      0.1341E-02  0.1117E-05-0.2295E-04-0.7385E-01 0.7253E-01  0.000      0.000      0.000       0.000       0.000       0.000       0.000       0.000       0.000    
  4579200.   11.00681755   11.1400   0.000       0.000      0.1332E-02  0.1446E-05-0.2283E-04-0.7338E-01 0.7207E-01  0.000      0.000      0.000       0.000       0.000       0.000       0.000       0.000       0.000    
  4665600.   10.98918755   11.1215   0.000       0.000      0.1323E-02  0.1530E-05-0.2271E-04-0.7285E-01 0.7155E-01  0.000      0.000      0.000       0.000       0.000       0.000       0.000       0.000       0.000    
  4752000.   11.01444369   11.1481   0.000       0.000      0.1336E-02 -0.2192E-05-0.2263E-04-0.7335E-01 0.7204E-01  0.000      0.000      0.000       0.000       0.000       0.000       0.000       0.000       0.000    
  4838400.   11.05086096   11.1864   0.000       0.000      0.1355E-02 -0.3161E-05-0.2258E-04-0.7424E-01 0.7291E-01  0.000      0.000      0.000       0.000       0.000       0.000       0.000       0.000       0.000    
  4924800.   11.09160087   11.2293   0.000       0.000      0.1377E-02 -0.3536E-05-0.2254E-04-0.7533E-01 0.7397E-01  0.000      0.000      0.000       0.000       0.000       0.000       0.000       0.000       0.000    
  5011200.   11.11707191   11.2561   0.000       0.000      0.1390E-02 -0.2211E-05-0.2249E-04-0.7612E-01 0.7476E-01  0.000      0.000      0.000       0.000       0.000       0.000       0.000       0.000       0.000    
  5097600.   11.10452176   11.2430   0.000       0.000      0.1385E-02  0.1089E-05-0.2239E-04-0.7606E-01 0.7470E-01  0.000      0.000      0.000       0.000       0.000       0.000       0.000       0.000       0.000    
  5184000.   11.08627827   11.2240   0.000       0.000      0.1377E-02  0.1584E-05-0.2228E-04-0.7572E-01 0.7437E-01  0.000      0.000      0.000       0.000       0.000       0.000       0.000       0.000       0.000    
  5270400.   11.07016294   11.2071   0.000       0.000      0.1369E-02  0.1399E-05-0.2216E-04-0.7534E-01 0.7399E-01  0.000      0.000      0.000       0.000       0.000       0.000       0.000       0.000       0.000    
  5356800.   11.05183065   11.1879   0.000       0.000      0.1360E-02  0.1591E-05-0.2204E-04-0.7485E-01 0.7351E-01  0.000      0.000      0.000       0.000       0.000       0.000       0.000       0.000       0.000    
  5443200.   11.06129799   11.1978   0.000       0.000      0.1365E-02 -0.8218E-06-0.2195E-04-0.7499E-01 0.7364E-01  0.000      0.000      0.000       0.000       0.000       0.000       0.000       0.000       0.000    
  5529600.   11.07346072   11.2106   0.000       0.000      0.1372E-02 -0.1056E-05-0.2187E-04-0.7526E-01 0.7391E-01  0.000      0.000      0.000       0.000       0.000       0.000       0.000       0.000       0.000    
  5616000.   11.08667295   11.2246   0.000       0.000      0.1379E-02 -0.1147E-05-0.2179E-04-0.7561E-01 0.7425E-01  0.000      0.000      0.000       0.000       0.000       0.000       0.000       0.000       0.000    
  5702400.   11.09518773   11.2335   0.000       0.000      0.1384E-02 -0.7391E-06-0.2170E-04-0.7588E-01 0.7452E-01  0.000      0.000      0.000       0.000       0.000       0.000       0.000       0.000       0.000    
  5788800.   11.09088688   11.2291   0.000       0.000      0.1382E-02  0.3733E-06-0.2160E-04-0.7585E-01 0.7449E-01  0.000      0.000      0.000       0.000       0.000       0.000       0.000       0.000       0.000    
  5875200.   11.09176947   11.2301   0.000       0.000      0.1383E-02 -0.7661E-07-0.2150E-04-0.7590E-01 0.7454E-01  0.000      0.000      0.000       0.000       0.000       0.000       0.000       0.000       0.000    
  5961600.   11.08764185   11.2258   0.000       0.000      0.1381E-02  0.3583E-06-0.2140E-04-0.7583E-01 0.7447E-01  0.000      0.000      0.000       0.000       0.000       0.000       0.000       0.000       0.000    
  6048000.   11.07514852   11.2127   0.000       0.000      0.1375E-02  0.1084E-05-0.2128E-04-0.7555E-01 0.7420E-01  0.000      0.000      0.000       0.000       0.000       0.000       0.000       0.000       0.000    
  6134400.   11.05898297   11.1957   0.000       0.000      0.1367E-02  0.1403E-05-0.2116E-04-0.7514E-01 0.7379E-01  0.000      0.000      0.000       0.000       0.000       0.000       0.000       0.000       0.000    
  6220800.   11.04124549   11.1771   0.000       0.000      0.1358E-02  0.1540E-05-0.2103E-04-0.7466E-01 0.7332E-01  0.000      0.000      0.000       0.000       0.000       0.000       0.000       0.000       0.000    
  6307200.   11.02297701   11.1578   0.000       0.000      0.1349E-02  0.1586E-05-0.2089E-04-0.7413E-01 0.7280E-01  0.000      0.000      0.000       0.000       0.000       0.000       0.000       0.000       0.000    
  6393600.   11.00473509   11.1386   0.000       0.000      0.1339E-02  0.1584E-05-0.2076E-04-0.7358E-01 0.7226E-01  0.000      0.000      0.000       0.000       0.000       0.000       0.000       0.000       0.000    
  6480000.   10.98673928   11.1196   0.000       0.000      0.1329E-02  0.1562E-05-0.2062E-04-0.7301E-01 0.7170E-01  0.000      0.000      0.000       0.000       0.000       0.000       0.000       0.000       0.000    
  6566400.   10.96900338   11.1009   0.000       0.000      0.1319E-02  0.1540E-05-0.2048E-04-0.7245E-01 0.7115E-01  0.000      0.000      0.000       0.000       0.000       0.000       0.000       0.000       0.000    
  6652800.   10.95156595   11.0825   0.000       0.000      0.1309E-02  0.1514E-05-0.2033E-04-0.7188E-01 0.7059E-01  0.000      0.000      0.000       0.000       0.000       0.000       0.000       0.000       0.000    
  6739200.   10.93466570   11.0646   0.000       0.000      0.1299E-02  0.1467E-05-0.2019E-04-0.7132E-01 0.7003E-01  0.000      0.000      0.000       0.000       0.000       0.000       0.000       0.000       0.000    
  6825600.   10.91789759   11.0468   0.000       0.000      0.1289E-02  0.1456E-05-0.2004E-04-0.7075E-01 0.6948E-01  0.000      0.000      0.000       0.000       0.000       0.000       0.000       0.000       0.000    
  6912000.   10.90130200   11.0292   0.000       0.000      0.1279E-02  0.1441E-05-0.1990E-04-0.7018E-01 0.6892E-01  0.000      0.000      0.000       0.000       0.000       0.000       0.000       0.000       0.000    
  6998400.   10.88511110   11.0121   0.000       0.000      0.1270E-02  0.1405E-05-0.1976E-04-0.6962E-01 0.6836E-01  0.000      0.000      0.000       0.000       0.000       0.000       0.000       0.000       0.000    
  7084800.   10.86953495   10.9955   0.000       0.000      0.1260E-02  0.1352E-05-0.1962E-04-0.6906E-01 0.6782E-01  0.000      0.000      0.000       0.000       0.000       0.000       0.000       0.000       0.000    
  7171200.   10.85450598   10.9795   0.000       0.000      0.1250E-02  0.1305E-05-0.1948E-04-0.6852E-01 0.6729E-01  0.000      0.000      0.000       0.000       0.000       0.000       0.000       0.000       0.000    
  7257600.   10.83988182   10.9640   0.000       0.000      0.1241E-02  0.1269E-05-0.1935E-04-0.6799E-01 0.6676E-01  0.000      0.000      0.000       0.000       0.000       0.000       0.000       0.000       0.000    
  7344000.   10.82580543   10.9490   0.000       0.000      0.1232E-02  0.1222E-05-0.1922E-04-0.6747E-01 0.6625E-01  0.000      0.000      0.000       0.000       0.000       0.000       0.000       0.000       0.000    
  7430400.   10.81317946   10.9355   0.000       0.000      0.1224E-02  0.1096E-05-0.1909E-04-0.6698E-01 0.6578E-01  0.000      0.000      0.000       0.000       0.000       0.000       0.000       0.000       0.000    
  7516800.   10.80076067   10.9223   0.000       0.000      0.1215E-02  0.1078E-05-0.1897E-04-0.6651E-01 0.6531E-01  0.000      0.000      0.000       0.000       0.000       0.000       0.000       0.000       0.000    
  7603200.   10.78802454   10.9087   0.000       0.000      0.1207E-02  0.1106E-05-0.1885E-04-0.6603E-01 0.6484E-01  0.000      0.000      0.000       0.000       0.000       0.000       0.000       0.000       0.000    
  7689600.   10.77569734   10.8955   0.000       0.000      0.1198E-02  0.1070E-05-0.1874E-04-0.6555E-01 0.6437E-01  0.000      0.000      0.000       0.000       0.000       0.000       0.000       0.000       0.000    
  7776000.   10.76429520   10.8833   0.000       0.000      0.1190E-02  0.9898E-06-0.1864E-04-0.6510E-01 0.6393E-01  0.000      0.000      0.000       0.000       0.000       0.000       0.000       0.000       0.000    
  7862400.   10.75277198   10.8710   0.000       0.000      0.1182E-02  0.1000E-05-0.1853E-04-0.6465E-01 0.6349E-01  0.000      0.000      0.000       0.000       0.000       0.000       0.000       0.000       0.000    
  7948800.   10.74162331   10.8591   0.000       0.000      0.1174E-02  0.9678E-06-0.1844E-04-0.6421E-01 0.6305E-01  0.000      0.000      0.000       0.000       0.000       0.000       0.000       0.000       0.000    
  8035200.   10.73082591   10.8475   0.000       0.000      0.1167E-02  0.9373E-06-0.1835E-04-0.6378E-01 0.6263E-01  0.000      0.000      0.000       0.000       0.000       0.000       0.000       0.000       0.000    
  8121600.   10.72035808   10.8363   0.000       0.000      0.1159E-02  0.9087E-06-0.1826E-04-0.6335E-01 0.6221E-01  0.000      0.000      0.000       0.000       0.000       0.000       0.000       0.000       0.000    
  8208000.   10.71020062   10.8254   0.000       0.000      0.1152E-02  0.8817E-06-0.1818E-04-0.6294E-01 0.6180E-01  0.000      0.000      0.000       0.000       0.000       0.000       0.000       0.000       0.000    
  8294400.   10.70033553   10.8148   0.000       0.000      0.1144E-02  0.8563E-06-0.1811E-04-0.6253E-01 0.6140E-01  0.000      0.000      0.000       0.000       0.000       0.000       0.000       0.000       0.000    
  8380800.   10.74512535   10.8625   0.000       0.000      0.1173E-02 -0.3888E-05-0.1810E-04-0.6379E-01 0.6264E-01  0.000      0.000      0.000       0.000       0.000       0.000       0.000       0.000       0.000    
  8467200.   10.74953089   10.8670   0.000       0.000      0.1175E-02 -0.3824E-06-0.1807E-04-0.6402E-01 0.6286E-01  0.000      0.000      0.000       0.000       0.000       0.000       0.000       0.000       0.000    
  8553600.   10.75027232   10.8678   0.000       0.000      0.1175E-02 -0.6436E-07-0.1804E-04-0.6411E-01 0.6296E-01  0.000      0.000      0.000       0.000       0.000       0.000       0.000       0.000       0.000    
  8640000.   10.74622408   10.8634   0.000       0.000      0.1172E-02  0.3514E-06-0.1801E-04-0.6402E-01 0.6287E-01  0.000      0.000      0.000       0.000       0.000       0.000       0.000       0.000       0.000    
  8726400.   10.73983540   10.8566   0.000       0.000      0.1168E-02  0.5546E-06-0.1799E-04-0.6382E-01 0.6267E-01  0.000      0.000      0.000       0.000       0.000       0.000       0.000       0.000       0.000    
  8812800.   10.73225330   10.8485   0.000       0.000      0.1162E-02  0.6582E-06-0.1797E-04-0.6357E-01 0.6242E-01  0.000      0.000      0.000       0.000       0.000       0.000       0.000       0.000       0.000    
  8899200.   10.72265548   10.8382   0.000       0.000      0.1156E-02  0.8331E-06-0.1795E-04-0.6323E-01 0.6209E-01  0.000      0.000      0.000       0.000       0.000       0.000       0.000       0.000       0.000    
  8985600.   10.71948920   10.8348   0.000       0.000      0.1153E-02  0.2749E-06-0.1793E-04-0.6307E-01 0.6193E-01  0.000      0.000      0.000       0.000       0.000       0.000       0.000       0.000       0.000    
  9072000.   10.72704624   10.8428   0.000       0.000      0.1158E-02 -0.6560E-06-0.1794E-04-0.6325E-01 0.6211E-01  0.000      0.000      0.000       0.000       0.000       0.000       0.000       0.000       0.000    
  9158400.   10.72320255   10.8386   0.000       0.000      0.1154E-02  0.3337E-06-0.1794E-04-0.6313E-01 0.6200E-01  0.000      0.000      0.000       0.000       0.000       0.000       0.000       0.000       0.000    
  9244800.   10.75040455   10.8676   0.000       0.000      0.1172E-02 -0.2361E-05-0.1797E-04-0.6393E-01 0.6278E-01  0.000      0.000      0.000       0.000       0.000       0.000       0.000       0.000       0.000    
  9331200.   10.81919507   10.9406   0.000       0.000      0.1214E-02 -0.5971E-05-0.1806E-04-0.6598E-01 0.6479E-01  0.000      0.000      0.000       0.000       0.000       0.000       0.000       0.000       0.000    
  9417600.   10.98699299   11.1179   0.000       0.000      0.1309E-02 -0.1457E-04-0.1828E-04-0.7062E-01 0.6934E-01  0.000      0.000      0.000       0.000       0.000       0.000       0.000       0.000       0.000    
  9504000.   11.11034350   11.2477   0.000       0.000      0.1373E-02 -0.1071E-04-0.1850E-04-0.7426E-01 0.7292E-01  0.000      0.000      0.000       0.000       0.000       0.000       0.000       0.000       0.000    
  9590400.   11.08767156   11.2241   0.000       0.000      0.1364E-02  0.1968E-05-0.1859E-04-0.7461E-01 0.7326E-01  0.000      0.000      0.000       0.000       0.000       0.000       0.000       0.000       0.000    
  9676800.   11.05981135   11.1951   0.000       0.000      0.1353E-02  0.2418E-05-0.1865E-04-0.7435E-01 0.7302E-01  0.000      0.000      0.000       0.000       0.000       0.000       0.000       0.000       0.000    
  9763200.   11.03019783   11.1641   0.000       0.000      0.1339E-02  0.2571E-05-0.1870E-04-0.7378E-01 0.7245E-01  0.000      0.000      0.000       0.000       0.000       0.000       0.000       0.000       0.000    
  9849600.   11.00202361   11.1345   0.000       0.000      0.1325E-02  0.2446E-05-0.1874E-04-0.7309E-01 0.7178E-01  0.000      0.000      0.000       0.000       0.000       0.000       0.000       0.000       0.000    
  9936000.   11.02015195   11.1537   0.000       0.000      0.1335E-02 -0.1574E-05-0.1882E-04-0.7343E-01 0.7212E-01  0.000      0.000      0.000       0.000       0.000       0.000       0.000       0.000       0.000    
 10022400.   11.03518674   11.1695   0.000       0.000      0.1343E-02 -0.1305E-05-0.1890E-04-0.7383E-01 0.7251E-01  0.000      0.000      0.000       0.000       0.000       0.000       0.000       0.000       0.000    
 10108800.   11.03971038   11.1743   0.000       0.000      0.1346E-02 -0.3927E-06-0.1895E-04-0.7403E-01 0.7271E-01  0.000      0.000      0.000       0.000       0.000       0.000       0.000       0.000       0.000    
 10195200.   11.05190176   11.1872   0.000       0.000      0.1353E-02 -0.1058E-05-0.1901E-04-0.7440E-01 0.7306E-01  0.000      0.000      0.000       0.000       0.000       0.000       0.000       0.000       0.000    
 10281600.   11.05837346   11.1941   0.000       0.000      0.1358E-02 -0.5618E-06-0.1905E-04-0.7464E-01 0.7331E-01  0.000      0.000      0.000       0.000       0.000       0.000       0.000       0.000       0.000    
 10368000.   11.04630359   11.1815   0.000       0.000      0.1352E-02  0.1048E-05-0.1906E-04-0.7445E-01 0.7312E-01  0.000      0.000      0.000       0.000       0.000       0.000       0.000       0.000       0.000    
 10454400.   11.02760169   11.1619   0.000       0.000      0.1343E-02  0.1623E-05-0.1905E-04-0.7403E-01 0.7270E-01  0.000      0.000      0.000       0.000       0.000       0.000       0.000       0.000       0.000    
 10540800.   11.02662637   11.1609   0.000       0.000      0.1343E-02  0.8466E-07-0.1905E-04-0.7395E-01 0.7263E-01  0.000      0.000      0.000       0.000       0.000       0.000       0.000       0.000       0.000    
 10627200.   11.03480096   11.1696   0.000       0.000      0.1348E-02 -0.7096E-06-0.1905E-04-0.7412E-01 0.7280E-01  0.000      0.000      0.000       0.000       0.000       0.000       0.000       0.000       0.000    
 10713600.   11.03540045   11.1702   0.000       0.000      0.1348E-02 -0.5204E-07-0.1904E-04-0.7417E-01 0.7284E-01  0.000      0.000      0.000       0.000       0.000       0.000       0.000       0.000       0.000    
 10800000.   11.02627789   11.1607   0.000       0.000      0.1344E-02  0.7919E-06-0.1901E-04-0.7398E-01 0.7265E-01  0.000      0.000      0.000       0.000       0.000       0.000       0.000       0.000       0.000    
 10886400.   11.01117488   11.1448   0.000       0.000      0.1336E-02  0.1311E-05-0.1897E-04-0.7360E-01 0.7229E-01  0.000      0.000      0.000       0.000       0.000       0.000       0.000       0.000       0.000    
 10972800.   10.99294542   11.1256   0.000       0.000      0.1327E-02  0.1582E-05-0.1892E-04-0.7311E-01 0.7180E-01  0.000      0.000      0.000       0.000       0.000       0.000       0.000       0.000       0.000    
 11059200.   10.97174932   11.1033   0.000       0.000      0.1316E-02  0.1840E-05-0.1886E-04-0.7250E-01 0.7120E-01  0.000      0.000      0.000       0.000       0.000       0.000       0.000       0.000       0.000    
 11145600.   10.95045442   11.0808   0.000       0.000      0.1304E-02  0.1849E-05-0.1879E-04-0.7185E-01 0.7056E-01  0.000      0.000      0.000       0.000       0.000       0.000       0.000       0.000       0.000    
 11232000.   10.93003309   11.0593   0.000       0.000      0.1292E-02  0.1773E-05-0.1872E-04-0.7120E-01 0.6992E-01  0.000      0.000      0.000       0.000       0.000       0.000       0.000       0.000       0.000    
 11318400.   10.91051698   11.0386   0.000       0.000      0.1281E-02  0.1694E-05-0.1864E-04-0.7055E-01 0.6929E-01  0.000      0.000      0.000       0.000       0.000       0.000       0.000       0.000       0.000    
 11404800.   10.91474689   11.0431   0.000       0.000      0.1283E-02 -0.3672E-06-0.1858E-04-0.7051E-01 0.6924E-01  0.000      0.000      0.000       0.000       0.000       0.000       0.000       0.000       0.000    
 11491200.   10.89741104   11.0247   0.000       0.000      0.1273E-02  0.1505E-05-0.1850E-04-0.6999E-01 0.6874E-01  0.000      0.000      0.000       0.000       0.000       0.000       0.000       0.000       0.000    
 11577600.   10.92287114   11.0516   0.000       0.000      0.1287E-02 -0.2210E-05-0.1847E-04-0.7055E-01 0.6928E-01  0.000      0.000      0.000       0.000       0.000       0.000       0.000       0.000       0.000    
 11664000.   10.99376919   11.1263   0.000       0.000      0.1326E-02 -0.6154E-05-0.1849E-04-0.7234E-01 0.7104E-01  0.000      0.000      0.000       0.000       0.000       0.000       0.000       0.000       0.000    
 11750400.   11.16339072   11.3046   0.000       0.000      0.1412E-02 -0.1472E-04-0.1864E-04-0.7649E-01 0.7511E-01  0.000      0.000      0.000       0.000       0.000       0.000       0.000       0.000       0.000    
 11836800.   11.13095467   11.2706   0.000       0.000      0.1397E-02  0.2816E-05-0.1862E-04-0.7653E-01 0.7515E-01  0.000      0.000      0.000       0.000       0.000       0.000       0.000       0.000       0.000    
 11923200.   11.10153288   11.2400   0.000       0.000      0.1385E-02  0.2554E-05-0.1858E-04-0.7617E-01 0.7480E-01  0.000      0.000      0.000       0.000       0.000       0.000       0.000       0.000       0.000    
 12009600.   11.07425481   11.2115   0.000       0.000      0.1372E-02  0.2368E-05-0.1853E-04-0.7559E-01 0.7424E-01  0.000      0.000      0.000       0.000       0.000       0.000       0.000       0.000       0.000    
 12096000.   11.06740306   11.2043   0.000       0.000      0.1369E-02  0.5948E-06-0.1851E-04-0.7538E-01 0.7403E-01  0.000      0.000      0.000       0.000       0.000       0.000       0.000       0.000       0.000    
 12182400.   11.05837428   11.1949   0.000       0.000      0.1365E-02  0.7837E-06-0.1848E-04-0.7513E-01 0.7378E-01  0.000      0.000      0.000       0.000       0.000       0.000       0.000       0.000       0.000    
 12268800.   11.04343950   11.1792   0.000       0.000      0.1357E-02  0.1296E-05-0.1845E-04-0.7475E-01 0.7341E-01  0.000      0.000      0.000       0.000       0.000       0.000       0.000       0.000       0.000    
 12355200.   11.02495426   11.1597   0.000       0.000      0.1348E-02  0.1605E-05-0.1840E-04-0.7425E-01 0.7291E-01  0.000      0.000      0.000       0.000       0.000       0.000       0.000       0.000       0.000    
 12441600.   11.01172861   11.1458   0.000       0.000      0.1341E-02  0.1148E-05-0.1835E-04-0.7384E-01 0.7251E-01  0.000      0.000      0.000       0.000       0.000       0.000       0.000       0.000       0.000    
 12528000.   11.05624078   11.1927   0.000       0.000      0.1364E-02 -0.3864E-05-0.1835E-04-0.7479E-01 0.7345E-01  0.000      0.000      0.000       0.000       0.000       0.000       0.000       0.000       0.000    
 12614400.   11.10738061   11.2464   0.000       0.000      0.1390E-02 -0.4439E-05-0.1837E-04-0.7607E-01 0.7470E-01  0.000      0.000      0.000       0.000       0.000       0.000       0.000       0.000       0.000    
 12700800.   11.09913767   11.2378   0.000       0.000      0.1387E-02  0.7155E-06-0.1834E-04-0.7613E-01 0.7476E-01  0.000      0.000      0.000       0.000       0.000       0.000       0.000       0.000       0.000    
 12787200.   11.08373365   11.2217   0.000       0.000      0.1380E-02  0.1337E-05-0.1830E-04-0.7589E-01 0.7453E-01  0.000      0.000      0.000       0.000       0.000       0.000       0.000       0.000       0.000    
 12873600.   11.06326865   11.2003   0.000       0.000      0.1370E-02  0.1776E-05-0.1824E-04-0.7542E-01 0.7407E-01  0.000      0.000      0.000       0.000       0.000       0.000       0.000       0.000       0.000    
 12960000.   11.06786188   11.2051   0.000       0.000      0.1373E-02 -0.3987E-06-0.1820E-04-0.7546E-01 0.7411E-01  0.000      0.000      0.000       0.000       0.000       0.000       0.000       0.000       0.000    
 13046400.   11.05870801   11.1955   0.000       0.000      0.1368E-02  0.7946E-06-0.1815E-04-0.7524E-01 0.7389E-01  0.000      0.000      0.000       0.000       0.000       0.000       0.000       0.000       0.000    
 13132800.   11.04509552   11.1812   0.000       0.000      0.1361E-02  0.1182E-05-0.1810E-04-0.7489E-01 0.7355E-01  0.000      0.000      0.000       0.000       0.000       0.000       0.000       0.000       0.000    
 13219200.   11.03550709   11.1711   0.000       0.000      0.1356E-02  0.8323E-06-0.1804E-04-0.7461E-01 0.7327E-01  0.000      0.000      0.000       0.000       0.000       0.000       0.000       0.000       0.000    
 13305600.   11.02158937   11.1565   0.000       0.000      0.1349E-02  0.1208E-05-0.1798E-04-0.7421E-01 0.7288E-01  0.000      0.000      0.000       0.000       0.000       0.000       0.000       0.000       0.000    
 13392000.   11.04246367   11.1784   0.000       0.000      0.1360E-02 -0.1812E-05-0.1794E-04-0.7462E-01 0.7328E-01  0.000      0.000      0.000       0.000       0.000       0.000       0.000       0.000       0.000    
 13478400.   11.05814511   11.1949   0.000       0.000      0.1368E-02 -0.1361E-05-0.1791E-04-0.7502E-01 0.7367E-01  0.000      0.000      0.000       0.000       0.000       0.000       0.000       0.000       0.000    
 13564800.   11.05371390   11.1903   0.000       0.000      0.1366E-02  0.3847E-06-0.1786E-04-0.7499E-01 0.7365E-01  0.000      0.000      0.000       0.000       0.000       0.000       0.000       0.000       0.000    
 13651200.   11.04431734   11.1804   0.000       0.000      0.1361E-02  0.8157E-06-0.1780E-04-0.7480E-01 0.7346E-01  0.000      0.000      0.000       0.000       0.000       0.000       0.000       0.000       0.000    
 13737600.   11.03097753   11.1664   0.000       0.000      0.1354E-02  0.1158E-05-0.1774E-04-0.7447E-01 0.7313E-01  0.000      0.000      0.000       0.000       0.000       0.000       0.000       0.000       0.000    
 13824000.   11.07451658   11.2122   0.000       0.000      0.1377E-02 -0.3779E-05-0.1774E-04-0.7542E-01 0.7406E-01  0.000      0.000      0.000       0.000       0.000       0.000       0.000       0.000       0.000    
 13910400.   11.13707911   11.2779   0.000       0.000      0.1408E-02 -0.5431E-05-0.1776E-04-0.7695E-01 0.7557E-01  0.000      0.000      0.000       0.000       0.000       0.000       0.000       0.000       0.000    
 13996800.   11.13553398   11.2764   0.000       0.000      0.1408E-02  0.1341E-06-0.1773E-04-0.7722E-01 0.7582E-01  0.000      0.000      0.000       0.000       0.000       0.000       0.000       0.000       0.000    
 14083200.   11.12109154   11.2613   0.000       0.000      0.1402E-02  0.1254E-05-0.1769E-04-0.7705E-01 0.7567E-01  0.000      0.000      0.000       0.000       0.000       0.000       0.000       0.000       0.000    
 14169600.   11.13545448   11.2765   0.000       0.000      0.1410E-02 -0.1247E-05-0.1767E-04-0.7740E-01 0.7601E-01  0.000      0.000      0.000       0.000       0.000       0.000       0.000       0.000       0.000    
 14256000.   11.14742450   11.2891   0.000       0.000      0.1416E-02 -0.1039E-05-0.1765E-04-0.7774E-01 0.7634E-01  0.000      0.000      0.000       0.000       0.000       0.000       0.000       0.000       0.000    
 14342400.   11.20737273   11.3520   0.000       0.000      0.1446E-02 -0.5204E-05-0.1768E-04-0.7912E-01 0.7770E-01  0.000      0.000      0.000       0.000       0.000       0.000       0.000       0.000       0.000    
 14428800.   11.36184289   11.5136   0.000       0.000      0.1518E-02 -0.1341E-04-0.1782E-04-0.8250E-01 0.8102E-01  0.000      0.000      0.000       0.000       0.000       0.000       0.000       0.000       0.000    
 14515200.   11.35769120   11.5094   0.000       0.000      0.1517E-02  0.3604E-06-0.1783E-04-0.8311E-01 0.8161E-01  0.000      0.000      0.000       0.000       0.000       0.000       0.000       0.000       0.000    
 14601600.   11.38123854   11.5343   0.000       0.000      0.1531E-02 -0.2044E-05-0.1785E-04-0.8393E-01 0.8242E-01  0.000      0.000      0.000       0.000       0.000       0.000       0.000       0.000       0.000    
 14688000.   11.43265464   11.5882   0.000       0.000      0.1555E-02 -0.4463E-05-0.1789E-04-0.8519E-01 0.8366E-01  0.000      0.000      0.000       0.000       0.000       0.000       0.000       0.000       0.000    
 14774400.   11.45116124   11.6077   0.000       0.000      0.1565E-02 -0.1606E-05-0.1791E-04-0.8589E-01 0.8434E-01  0.000      0.000      0.000       0.000       0.000       0.000       0.000       0.000       0.000    
 14860800.   11.44127166   11.5976   0.000       0.000      0.1563E-02  0.8585E-06-0.1790E-04-0.8598E-01 0.8444E-01  0.000      0.000      0.000       0.000       0.000       0.000       0.000       0.000       0.000    
 14947200.   11.42771069   11.5837   0.000       0.000      0.1560E-02  0.1177E-05-0.1787E-04-0.8588E-01 0.8433E-01  0.000      0.000      0.000       0.000       0.000       0.000       0.000       0.000       0.000    
 15033600.   11.40620506   11.5614   0.000       0.000      0.1552E-02  0.1867E-05-0.1783E-04-0.8553E-01 0.8400E-01  0.000      0.000      0.000       0.000       0.000       0.000       0.000       0.000       0.000    
 15120000.   11.38108062   11.5353   0.000       0.000      0.1542E-02  0.2181E-05-0.1776E-04-0.8504E-01 0.8352E-01  0.000      0.000      0.000       0.000       0.000       0.000       0.000       0.000       0.000    
 15206400.   11.35231984   11.5053   0.000       0.000      0.1530E-02  0.2497E-05-0.1768E-04-0.8442E-01 0.8290E-01  0.000      0.000      0.000       0.000       0.000       0.000       0.000       0.000       0.000    
 15292800.   11.32169770   11.4734   0.000       0.000      0.1517E-02  0.2658E-05-0.1759E-04-0.8370E-01 0.8220E-01  0.000      0.000      0.000       0.000       0.000       0.000       0.000       0.000       0.000    
 15379200.   11.36097535   11.5144   0.000       0.000      0.1535E-02 -0.3410E-05-0.1754E-04-0.8432E-01 0.8280E-01  0.000      0.000      0.000       0.000       0.000       0.000       0.000       0.000       0.000    
 15465600.   11.37962692   11.5339   0.000       0.000      0.1543E-02 -0.1619E-05-0.1749E-04-0.8474E-01 0.8322E-01  0.000      0.000      0.000       0.000       0.000       0.000       0.000       0.000       0.000    
 15552000.   11.36520198   11.5189   0.000       0.000      0.1537E-02  0.1252E-05-0.1739E-04-0.8457E-01 0.8305E-01  0.000      0.000      0.000       0.000       0.000       0.000       0.000       0.000       0.000    
 15638400.   11.33877279   11.4914   0.000       0.000      0.1527E-02  0.2294E-05-0.1728E-04-0.8408E-01 0.8257E-01  0.000      0.000      0.000       0.000       0.000       0.000       0.000       0.000       0.000    
 15724800.   11.31086673   11.4623   0.000       0.000      0.1514E-02  0.2422E-05-0.1716E-04-0.8345E-01 0.8195E-01  0.000      0.000      0.000       0.000       0.000       0.000       0.000       0.000       0.000    
 15811200.   11.28311102   11.4333   0.000       0.000      0.1502E-02  0.2409E-05-0.1702E-04-0.8277E-01 0.8128E-01  0.000      0.000      0.000       0.000       0.000       0.000       0.000       0.000       0.000    
 15897600.   11.25649507   11.4054   0.000       0.000      0.1489E-02  0.2310E-05-0.1689E-04-0.8207E-01 0.8059E-01  0.000      0.000      0.000       0.000       0.000       0.000       0.000       0.000       0.000    
 15984000.   11.23759721   11.3856   0.000       0.000      0.1480E-02  0.1640E-05-0.1676E-04-0.8151E-01 0.8004E-01  0.000      0.000      0.000       0.000       0.000       0.000       0.000       0.000       0.000    
 16070400.   11.21332778   11.3602   0.000       0.000      0.1468E-02  0.2107E-05-0.1662E-04-0.8084E-01 0.7939E-01  0.000      0.000      0.000       0.000       0.000       0.000       0.000       0.000       0.000    
 16156800.   11.18976041   11.3354   0.000       0.000      0.1457E-02  0.2046E-05-0.1647E-04-0.8018E-01 0.7873E-01  0.000      0.000      0.000       0.000       0.000       0.000       0.000       0.000       0.000    
 16243200.   11.16654329   11.3110   0.000       0.000      0.1445E-02  0.2015E-05-0.1633E-04-0.7950E-01 0.7807E-01  0.000      0.000      0.000       0.000       0.000       0.000       0.000       0.000       0.000    
 16329600.   11.14411599   11.2874   0.000       0.000      0.1433E-02  0.1947E-05-0.1618E-04-0.7883E-01 0.7741E-01  0.000      0.000      0.000       0.000       0.000       0.000       0.000       0.000       0.000    
 16416000.   11.12241009   11.2646   0.000       0.000      0.1421E-02  0.1884E-05-0.1604E-04-0.7817E-01 0.7676E-01  0.000      0.000      0.000       0.000       0.000       0.000       0.000       0.000       0.000    
 16502400.   11.10145186   11.2425   0.000       0.000      0.1410E-02  0.1819E-05-0.1590E-04-0.7752E-01 0.7613E-01  0.000      0.000      0.000       0.000       0.000       0.000       0.000       0.000       0.000    
 16588800.   11.08125857   11.2212   0.000       0.000      0.1399E-02  0.1753E-05-0.1576E-04-0.7688E-01 0.7550E-01  0.000      0.000      0.000       0.000       0.000       0.000       0.000       0.000       0.000    
 16675200.   11.06181398   11.2006   0.000       0.000      0.1388E-02  0.1688E-05-0.1562E-04-0.7626E-01 0.7488E-01  0.000      0.000      0.000       0.000       0.000       0.000       0.000       0.000       0.000    
 16761600.   11.04671487   11.1847   0.000       0.000      0.1379E-02  0.1311E-05-0.1549E-04-0.7573E-01 0.7437E-01  0.000      0.000      0.000       0.000       0.000       0.000       0.000       0.000       0.000    
 16848000.   11.03515640   11.1724   0.000       0.000      0.1372E-02  0.1003E-05-0.1536E-04-0.7530E-01 0.7395E-01  0.000      0.000      0.000       0.000       0.000       0.000       0.000       0.000       0.000    
 16934400.   11.03678561   11.1740   0.000       0.000      0.1372E-02 -0.1414E-06-0.1525E-04-0.7521E-01 0.7385E-01  0.000      0.000      0.000       0.000       0.000       0.000       0.000       0.000       0.000    
 17020800.   11.03163095   11.1685   0.000       0.000      0.1369E-02  0.4475E-06-0.1515E-04-0.7501E-01 0.7365E-01  0.000      0.000      0.000       0.000       0.000       0.000       0.000       0.000       0.000    
 17107200.   11.01488966   11.1508   0.000       0.000      0.1359E-02  0.1453E-05-0.1504E-04-0.7454E-01 0.7319E-01  0.000      0.000      0.000       0.000       0.000       0.000       0.000       0.000       0.000    
 17193600.   10.99882605   11.1338   0.000       0.000      0.1350E-02  0.1394E-05-0.1494E-04-0.7405E-01 0.7271E-01  0.000      0.000      0.000       0.000       0.000       0.000       0.000       0.000       0.000    
 17280000.   10.98247223   11.1165   0.000       0.000      0.1341E-02  0.1420E-05-0.1484E-04-0.7352E-01 0.7219E-01  0.000      0.000      0.000       0.000       0.000       0.000       0.000       0.000       0.000    
 17366400.   10.96624553   11.0993   0.000       0.000      0.1331E-02  0.1409E-05-0.1475E-04-0.7299E-01 0.7167E-01  0.000      0.000      0.000       0.000       0.000       0.000       0.000       0.000       0.000    
 17452800.   10.95046332   11.0826   0.000       0.000      0.1321E-02  0.1370E-05-0.1466E-04-0.7245E-01 0.7114E-01  0.000      0.000      0.000       0.000       0.000       0.000       0.000       0.000       0.000    
 17539200.   10.93517723   11.0664   0.000       0.000      0.1312E-02  0.1327E-05-0.1458E-04-0.7193E-01 0.7063E-01  0.000      0.000      0.000       0.000       0.000       0.000       0.000       0.000       0.000    
 17625600.   10.92040624   11.0507   0.000       0.000      0.1303E-02  0.1282E-05-0.1450E-04-0.7141E-01 0.7012E-01  0.000      0.000      0.000       0.000       0.000       0.000       0.000       0.000       0.000    
 17712000.   10.91149894   11.0412   0.000       0.000      0.1297E-02  0.7732E-06-0.1443E-04-0.7104E-01 0.6976E-01  0.000      0.000      0.000       0.000       0.000       0.000       0.000       0.000       0.000    
 17798400.   10.89809347   11.0269   0.000       0.000      0.1288E-02  0.1164E-05-0.1436E-04-0.7058E-01 0.6930E-01  0.000      0.000      0.000       0.000       0.000       0.000       0.000       0.000       0.000    
 17884800.   10.88439559   11.0123   0.000       0.000      0.1279E-02  0.1189E-05-0.1430E-04-0.7010E-01 0.6883E-01  0.000      0.000      0.000       0.000       0.000       0.000       0.000       0.000       0.000    
 17971200.   10.87118646   10.9983   0.000       0.000      0.1271E-02  0.1147E-05-0.1424E-04-0.6962E-01 0.6836E-01  0.000      0.000      0.000       0.000       0.000       0.000       0.000       0.000       0.000    
 18057600.   10.85840812   10.9846   0.000       0.000      0.1262E-02  0.1109E-05-0.1419E-04-0.6915E-01 0.6790E-01  0.000      0.000      0.000       0.000       0.000       0.000       0.000       0.000       0.000    
 18144000.   10.84602299   10.9714   0.000       0.000      0.1254E-02  0.1075E-05-0.1414E-04-0.6869E-01 0.6745E-01  0.000      0.000      0.000       0.000       0.000       0.000       0.000       0.000       0.000    
 18230400.   10.83400645   10.9586   0.000       0.000      0.1246E-02  0.1043E-05-0.1410E-04-0.6824E-01 0.6701E-01  0.000      0.000      0.000       0.000       0.000       0.000       0.000       0.000       0.000    
 18316800.   10.82234472   10.9461   0.000       0.000      0.1238E-02  0.1012E-05-0.1406E-04-0.6780E-01 0.6658E-01  0.000      0.000      0.000       0.000       0.000       0.000       0.000       0.000       0.000    
 18403200.   10.81100971   10.9340   0.000       0.000      0.1230E-02  0.9839E-06-0.1403E-04-0.6737E-01 0.6615E-01  0.000      0.000      0.000       0.000       0.000       0.000       0.000       0.000       0.000    
 18489600.   10.79998722   10.9222   0.000       0.000      0.1222E-02  0.9568E-06-0.1401E-04-0.6694E-01 0.6573E-01  0.000      0.000      0.000       0.000       0.000       0.000       0.000       0.000       0.000    
 18576000.   10.78926467   10.9107   0.000       0.000      0.1215E-02  0.9308E-06-0.1398E-04-0.6653E-01 0.6532E-01  0.000      0.000      0.000       0.000       0.000       0.000       0.000       0.000       0.000    
 18662400.   10.77882348   10.8996   0.000       0.000      0.1207E-02  0.9064E-06-0.1397E-04-0.6612E-01 0.6492E-01  0.000      0.000      0.000       0.000       0.000       0.000       0.000       0.000       0.000    
 18748800.   10.76865247   10.8887   0.000       0.000      0.1200E-02  0.8829E-06-0.1396E-04-0.6572E-01 0.6453E-01  0.000      0.000      0.000       0.000       0.000       0.000       0.000       0.000       0.000    
 18835200.   10.76945830   10.8894   0.000       0.000      0.1200E-02 -0.6995E-07-0.1396E-04-0.6563E-01 0.6445E-01  0.000      0.000      0.000       0.000       0.000       0.000       0.000       0.000       0.000    
 18921600.   10.76131150   10.8807   0.000       0.000      0.1194E-02  0.7072E-06-0.1396E-04-0.6533E-01 0.6415E-01  0.000      0.000      0.000       0.000       0.000       0.000       0.000       0.000       0.000    
 19008000.   10.75088078   10.8695   0.000       0.000      0.1186E-02  0.9054E-06-0.1397E-04-0.6495E-01 0.6378E-01  0.000      0.000      0.000       0.000       0.000       0.000       0.000       0.000       0.000    
 19094400.   10.74087325   10.8588   0.000       0.000      0.1179E-02  0.8687E-06-0.1398E-04-0.6457E-01 0.6340E-01  0.000      0.000      0.000       0.000       0.000       0.000       0.000       0.000       0.000    
 19180800.   10.73121724   10.8484   0.000       0.000      0.1172E-02  0.8382E-06-0.1400E-04-0.6419E-01 0.6303E-01  0.000      0.000      0.000       0.000       0.000       0.000       0.000       0.000       0.000    
 19267200.   10.72211661   10.8386   0.000       0.000      0.1165E-02  0.7900E-06-0.1401E-04-0.6382E-01 0.6267E-01  0.000      0.000      0.000       0.000       0.000       0.000       0.000       0.000       0.000    
 19353600.   10.71302316   10.8288   0.000       0.000      0.1158E-02  0.7894E-06-0.1404E-04-0.6345E-01 0.6230E-01  0.000      0.000      0.000       0.000       0.000       0.000       0.000       0.000       0.000    
 19440000.   10.70418470   10.8193   0.000       0.000      0.1151E-02  0.7672E-06-0.1407E-04-0.6309E-01 0.6195E-01  0.000      0.000      0.000       0.000       0.000       0.000       0.000       0.000       0.000    
 19526400.   10.69558043   10.8101   0.000       0.000      0.1145E-02  0.7469E-06-0.1410E-04-0.6273E-01 0.6160E-01  0.000      0.000      0.000       0.000       0.000       0.000       0.000       0.000       0.000    
 19612800.   10.68719412   10.8010   0.000       0.000      0.1138E-02  0.7280E-06-0.1413E-04-0.6238E-01 0.6125E-01  0.000      0.000      0.000       0.000       0.000       0.000       0.000       0.000       0.000    
 19699200.   10.67901039   10.7922   0.000       0.000      0.1132E-02  0.7104E-06-0.1417E-04-0.6203E-01 0.6091E-01  0.000      0.000      0.000       0.000       0.000       0.000       0.000       0.000       0.000    
 19785600.   10.67101818   10.7836   0.000       0.000      0.1126E-02  0.6938E-06-0.1422E-04-0.6169E-01 0.6058E-01  0.000      0.000      0.000       0.000       0.000       0.000       0.000       0.000       0.000    
 19872000.   10.66320787   10.7752   0.000       0.000      0.1120E-02  0.6780E-06-0.1426E-04-0.6136E-01 0.6025E-01  0.000      0.000      0.000       0.000       0.000       0.000       0.000       0.000       0.000    
 19958400.   10.66558339   10.7776   0.000       0.000      0.1121E-02 -0.2062E-06-0.1432E-04-0.6136E-01 0.6025E-01  0.000      0.000      0.000       0.000       0.000       0.000       0.000       0.000       0.000    
 20044800.   10.67202838   10.7844   0.000       0.000      0.1124E-02 -0.5595E-06-0.1439E-04-0.6152E-01 0.6041E-01  0.000      0.000      0.000       0.000       0.000       0.000       0.000       0.000       0.000    
 20131200.   10.66252855   10.7742   0.000       0.000      0.1117E-02  0.8246E-06-0.1446E-04-0.6120E-01 0.6010E-01  0.000      0.000      0.000       0.000       0.000       0.000       0.000       0.000       0.000    
 20217600.   10.65683733   10.7681   0.000       0.000      0.1112E-02  0.4940E-06-0.1452E-04-0.6098E-01 0.5988E-01  0.000      0.000      0.000       0.000       0.000       0.000       0.000       0.000       0.000    
 20304000.   10.65035624   10.7610   0.000       0.000      0.1107E-02  0.5626E-06-0.1459E-04-0.6071E-01 0.5962E-01  0.000      0.000      0.000       0.000       0.000       0.000       0.000       0.000       0.000    
 20390400.   10.64198563   10.7520   0.000       0.000      0.1100E-02  0.7266E-06-0.1467E-04-0.6038E-01 0.5929E-01  0.000      0.000      0.000       0.000       0.000       0.000       0.000       0.000       0.000    
 20476800.   10.63395104   10.7434   0.000       0.000      0.1094E-02  0.6974E-06-0.1474E-04-0.6004E-01 0.5896E-01  0.000      0.000      0.000       0.000       0.000       0.000       0.000       0.000       0.000    
 20563200.   10.62620376   10.7350   0.000       0.000      0.1088E-02  0.6725E-06-0.1482E-04-0.5971E-01 0.5864E-01  0.000      0.000      0.000       0.000       0.000       0.000       0.000       0.000       0.000    
 20649600.   10.61871526   10.7269   0.000       0.000      0.1082E-02  0.6500E-06-0.1490E-04-0.5938E-01 0.5832E-01  0.000      0.000      0.000       0.000       0.000       0.000       0.000       0.000       0.000    
 20736000.   10.61145768   10.7190   0.000       0.000      0.1076E-02  0.6300E-06-0.1498E-04-0.5906E-01 0.5800E-01  0.000      0.000      0.000       0.000       0.000       0.000       0.000       0.000       0.000    
 20822400.   10.60440808   10.7114   0.000       0.000      0.1070E-02  0.6119E-06-0.1506E-04-0.5875E-01 0.5770E-01  0.000      0.000      0.000       0.000       0.000       0.000       0.000       0.000       0.000    
 20908800.   10.59755025   10.7040   0.000       0.000      0.1064E-02  0.5953E-06-0.1515E-04-0.5844E-01 0.5739E-01  0.000      0.000      0.000       0.000       0.000       0.000       0.000       0.000       0.000    
 20995200.   10.59086853   10.6967   0.000       0.000      0.1059E-02  0.5800E-06-0.1523E-04-0.5814E-01 0.5710E-01  0.000      0.000      0.000       0.000       0.000       0.000       0.000       0.000       0.000    
 21081600.   10.58435092   10.6897   0.000       0.000      0.1053E-02  0.5658E-06-0.1532E-04-0.5785E-01 0.5681E-01  0.000      0.000      0.000       0.000       0.000       0.000       0.000       0.000       0.000    
 21168000.   10.57798491   10.6828   0.000       0.000      0.1048E-02  0.5526E-06-0.1541E-04-0.5755E-01 0.5652E-01  0.000      0.000      0.000       0.000       0.000       0.000       0.000       0.000       0.000    
 21254400.   10.57176044   10.6760   0.000       0.000      0.1042E-02  0.5403E-06-0.1551E-04-0.5727E-01 0.5624E-01  0.000      0.000      0.000       0.000       0.000       0.000       0.000       0.000       0.000    
 21340800.   10.56566958   10.6694   0.000       0.000      0.1037E-02  0.5287E-06-0.1560E-04-0.5698E-01 0.5596E-01  0.000      0.000      0.000       0.000       0.000       0.000       0.000       0.000       0.000    
 21427200.   10.55970509   10.6629   0.000       0.000      0.1032E-02  0.5178E-06-0.1570E-04-0.5670E-01 0.5569E-01  0.000      0.000      0.000       0.000       0.000       0.000       0.000       0.000       0.000    
 21513600.   10.55528612   10.6581   0.000       0.000      0.1028E-02  0.3836E-06-0.1580E-04-0.5648E-01 0.5547E-01  0.000      0.000      0.000       0.000       0.000       0.000       0.000       0.000       0.000    
 21600000.   10.56509309   10.6686   0.000       0.000      0.1035E-02 -0.8513E-06-0.1592E-04-0.5679E-01 0.5577E-01  0.000      0.000      0.000       0.000       0.000       0.000       0.000       0.000       0.000    
 21686400.   10.55769506   10.6605   0.000       0.000      0.1028E-02  0.6422E-06-0.1602E-04-0.5651E-01 0.5550E-01  0.000      0.000      0.000       0.000       0.000       0.000       0.000       0.000       0.000    
 21772800.   10.55077291   10.6530   0.000       0.000      0.1022E-02  0.6009E-06-0.1613E-04-0.5623E-01 0.5522E-01  0.000      0.000      0.000       0.000       0.000       0.000       0.000       0.000       0.000    
 21859200.   10.54425860   10.6459   0.000       0.000      0.1017E-02  0.5655E-06-0.1624E-04-0.5594E-01 0.5494E-01  0.000      0.000      0.000       0.000       0.000       0.000       0.000       0.000       0.000    
 21945600.   10.53805128   10.6392   0.000       0.000      0.1011E-02  0.5388E-06-0.1635E-04-0.5565E-01 0.5465E-01  0.000      0.000      0.000       0.000       0.000       0.000       0.000       0.000       0.000    
 22032000.   10.53208861   10.6327   0.000       0.000      0.1006E-02  0.5176E-06-0.1647E-04-0.5537E-01 0.5438E-01  0.000      0.000      0.000       0.000       0.000       0.000       0.000       0.000       0.000    
 22118400.   10.52632629   10.6264   0.000       0.000      0.1001E-02  0.5002E-06-0.1658E-04-0.5509E-01 0.5411E-01  0.000      0.000      0.000       0.000       0.000       0.000       0.000       0.000       0.000    
 22204800.   10.52073526   10.6203   0.000       0.000      0.9961E-03  0.4853E-06-0.1670E-04-0.5483E-01 0.5385E-01  0.000      0.000      0.000       0.000       0.000       0.000       0.000       0.000       0.000    
 22291200.   10.51529409   10.6144   0.000       0.000      0.9911E-03  0.4723E-06-0.1682E-04-0.5456E-01 0.5359E-01  0.000      0.000      0.000       0.000       0.000       0.000       0.000       0.000       0.000    
 22377600.   10.50998777   10.6086   0.000       0.000      0.9863E-03  0.4606E-06-0.1693E-04-0.5430E-01 0.5333E-01  0.000      0.000      0.000       0.000       0.000       0.000       0.000       0.000       0.000    
 22464000.   10.52190248   10.6215   0.000       0.000      0.9959E-03 -0.1034E-05-0.1707E-04-0.5472E-01 0.5374E-01  0.000      0.000      0.000       0.000       0.000       0.000       0.000       0.000       0.000    
 22550400.   10.51710651   10.6162   0.000       0.000      0.9906E-03  0.4163E-06-0.1720E-04-0.5453E-01 0.5355E-01  0.000      0.000      0.000       0.000       0.000       0.000       0.000       0.000       0.000    
 22636800.   10.51500022   10.6139   0.000       0.000      0.9886E-03  0.1828E-06-0.1733E-04-0.5443E-01 0.5346E-01  0.000      0.000      0.000       0.000       0.000       0.000       0.000       0.000       0.000    
 22723200.   10.55881968   10.6612   0.000       0.000      0.1024E-02 -0.3804E-05-0.1752E-04-0.5608E-01 0.5508E-01  0.000      0.000      0.000       0.000       0.000       0.000       0.000       0.000       0.000    
 22809600.   10.55779317   10.6598   0.000       0.000      0.1020E-02  0.8911E-07-0.1768E-04-0.5614E-01 0.5513E-01  0.000      0.000      0.000       0.000       0.000       0.000       0.000       0.000       0.000    
 22896000.   10.55459627   10.6564   0.000       0.000      0.1018E-02  0.2775E-06-0.1783E-04-0.5609E-01 0.5509E-01  0.000      0.000      0.000       0.000       0.000       0.000       0.000       0.000       0.000    
 22982400.   10.55043663   10.6518   0.000       0.000      0.1014E-02  0.3611E-06-0.1798E-04-0.5596E-01 0.5496E-01  0.000      0.000      0.000       0.000       0.000       0.000       0.000       0.000       0.000    
 23068800.   10.54575178   10.6468   0.000       0.000      0.1010E-02  0.4067E-06-0.1813E-04-0.5578E-01 0.5479E-01  0.000      0.000      0.000       0.000       0.000       0.000       0.000       0.000       0.000    
 23155200.   10.53996326   10.6405   0.000       0.000      0.1005E-02  0.5025E-06-0.1828E-04-0.5554E-01 0.5455E-01  0.000      0.000      0.000       0.000       0.000       0.000       0.000       0.000       0.000    
 23241600.   10.53375448   10.6338   0.000       0.000      0.1000E-02  0.5390E-06-0.1842E-04-0.5527E-01 0.5429E-01  0.000      0.000      0.000       0.000       0.000       0.000       0.000       0.000       0.000    
 23328000.   10.52716059   10.6266   0.000       0.000      0.9946E-03  0.5724E-06-0.1857E-04-0.5498E-01 0.5401E-01  0.000      0.000      0.000       0.000       0.000       0.000       0.000       0.000       0.000    
 23414400.   10.52054866   10.6195   0.000       0.000      0.9891E-03  0.5740E-06-0.1871E-04-0.5468E-01 0.5371E-01  0.000      0.000      0.000       0.000       0.000       0.000       0.000       0.000       0.000    
 23500800.   10.51423588   10.6126   0.000       0.000      0.9837E-03  0.5480E-06-0.1885E-04-0.5439E-01 0.5343E-01  0.000      0.000      0.000       0.000       0.000       0.000       0.000       0.000       0.000    
 23587200.   10.50811325   10.6060   0.000       0.000      0.9785E-03  0.5315E-06-0.1898E-04-0.5410E-01 0.5314E-01  0.000      0.000      0.000       0.000       0.000       0.000       0.000       0.000       0.000    
 23673600.   10.50207788   10.5994   0.000       0.000      0.9732E-03  0.5239E-06-0.1911E-04-0.5381E-01 0.5286E-01  0.000      0.000      0.000       0.000       0.000       0.000       0.000       0.000       0.000    
 23760000.   10.49603307   10.5928   0.000       0.000      0.9679E-03  0.5247E-06-0.1924E-04-0.5352E-01 0.5257E-01  0.000      0.000      0.000     -0.2888E-06   0.000       0.000       0.000       0.000       0.000    
 23846400.   10.49014727   10.5864   0.000       0.000      0.9626E-03  0.5109E-06-0.1937E-04-0.5323E-01 0.5229E-01  0.000      0.000      0.000     -0.8397E-06   0.000       0.000       0.000       0.000       0.000    
 23932800.   10.48450525   10.5803   0.000       0.000      0.9575E-03  0.4898E-06-0.1949E-04-0.5295E-01 0.5202E-01  0.000      0.000      0.000     -0.1093E-05   0.000       0.000       0.000       0.000       0.000    
 24019200.   10.47907325   10.5743   0.000       0.000      0.9525E-03  0.4715E-06-0.1962E-04-0.5269E-01 0.5175E-01  0.000      0.000      0.000     -0.1260E-05   0.000       0.000       0.000       0.000       0.000    
 24105600.   10.47380000   10.5686   0.000       0.000      0.9475E-03  0.4577E-06-0.1974E-04-0.5243E-01 0.5150E-01  0.000      0.000      0.000     -0.1388E-05   0.000       0.000       0.000       0.000       0.000    
 24192000.   10.46862702   10.5629   0.000       0.000      0.9427E-03  0.4490E-06-0.1986E-04-0.5217E-01 0.5124E-01  0.000      0.000      0.000     -0.1501E-05   0.000       0.000       0.000       0.000       0.000    
 24278400.   10.46354423   10.5573   0.000       0.000      0.9380E-03  0.4412E-06-0.1999E-04-0.5191E-01 0.5099E-01  0.000      0.000      0.000     -0.1597E-05   0.000       0.000       0.000       0.000       0.000    
 24364800.   10.45858265   10.5519   0.000       0.000      0.9333E-03  0.4307E-06-0.2011E-04-0.5166E-01 0.5074E-01  0.000      0.000      0.000     -0.1666E-05   0.000       0.000       0.000       0.000       0.000    
 24451200.   10.45375418   10.5466   0.000       0.000      0.9287E-03  0.4191E-06-0.2023E-04-0.5141E-01 0.5050E-01  0.000      0.000      0.000     -0.1716E-05   0.000       0.000       0.000       0.000       0.000    
 24537600.   10.44905084   10.5415   0.000       0.000      0.9242E-03  0.4083E-06-0.2035E-04-0.5116E-01 0.5026E-01  0.000      0.000      0.000     -0.1756E-05   0.000       0.000       0.000       0.000       0.000    
 24624000.   10.44446435   10.5364   0.000       0.000      0.9198E-03  0.3981E-06-0.2047E-04-0.5092E-01 0.5002E-01  0.000      0.000      0.000     -0.1788E-05   0.000       0.000       0.000       0.000       0.000    
 24710400.   10.43998195   10.5315   0.000       0.000      0.9155E-03  0.3891E-06-0.2060E-04-0.5069E-01 0.4979E-01  0.000      0.000      0.000     -0.1816E-05   0.000       0.000       0.000       0.000       0.000    
 24796800.   10.43559635   10.5267   0.000       0.000      0.9112E-03  0.3807E-06-0.2072E-04-0.5045E-01 0.4956E-01  0.000      0.000      0.000     -0.1839E-05   0.000       0.000       0.000       0.000       0.000    
 24883200.   10.43151401   10.5222   0.000       0.000      0.9072E-03  0.3544E-06-0.2084E-04-0.5023E-01 0.4934E-01  0.000      0.000      0.000     -0.1765E-05   0.000       0.000       0.000       0.000       0.000    
 24969600.   10.43157485   10.5224   0.000       0.000      0.9080E-03 -0.5281E-08-0.2097E-04-0.5019E-01 0.4930E-01  0.000      0.000      0.000      0.2667E-07   0.000       0.000       0.000       0.000       0.000    
 25056000.   10.42727190   10.5175   0.000       0.000      0.9024E-03  0.3735E-06-0.2110E-04-0.4997E-01 0.4909E-01  0.000      0.000      0.000     -0.1913E-05   0.000       0.000       0.000       0.000       0.000    
 25142400.   10.42295523   10.5128   0.000       0.000      0.8981E-03  0.3747E-06-0.2123E-04-0.4975E-01 0.4887E-01  0.000      0.000      0.000     -0.1972E-05   0.000       0.000       0.000       0.000       0.000    
 25228800.   10.42685383   10.5172   0.000       0.000      0.9036E-03 -0.3384E-06-0.2137E-04-0.4987E-01 0.4899E-01  0.000      0.000      0.000      0.1784E-05   0.000       0.000       0.000       0.000       0.000    
 25315200.   10.42312122   10.5129   0.000       0.000      0.8974E-03  0.3240E-06-0.2150E-04-0.4970E-01 0.4883E-01  0.000      0.000      0.000     -0.1707E-05   0.000       0.000       0.000       0.000       0.000    
 25401600.   10.42347003   10.5133   0.000       0.000      0.8986E-03 -0.3028E-07-0.2164E-04-0.4969E-01 0.4881E-01  0.000      0.000      0.000      0.1612E-06   0.000       0.000       0.000       0.000       0.000    
 25488000.   10.42356450   10.5134   0.000       0.000      0.8981E-03 -0.8201E-08-0.2178E-04-0.4968E-01 0.4880E-01  0.000      0.000      0.000      0.4359E-07   0.000       0.000       0.000       0.000       0.000    
 25574400.   10.42629351   10.5164   0.000       0.000      0.9008E-03 -0.2369E-06-0.2193E-04-0.4978E-01 0.4890E-01  0.000      0.000      0.000      0.1248E-05   0.000       0.000       0.000       0.000       0.000    
 25660800.   10.42304872   10.5126   0.000       0.000      0.8956E-03  0.2817E-06-0.2208E-04-0.4964E-01 0.4876E-01  0.000      0.000      0.000     -0.1487E-05   0.000       0.000       0.000       0.000       0.000    
 25747200.   10.42907292   10.5194   0.000       0.000      0.9034E-03 -0.5229E-06-0.2223E-04-0.4987E-01 0.4900E-01  0.000      0.000      0.000      0.2737E-05   0.000       0.000       0.000       0.000       0.000    
 25833600.   10.46394571   10.5579   0.000       0.000      0.9397E-03 -0.3027E-05-0.2244E-04-0.5132E-01 0.5042E-01  0.000      0.000      0.000      0.1355E-04   0.000       0.000       0.000       0.000       0.000    
 25920000.   10.51365768   10.6112   0.000       0.000      0.9756E-03 -0.4315E-05-0.2270E-04-0.5348E-01 0.5254E-01  0.000      0.000      0.000      0.7837E-05   0.000       0.000       0.000       0.000       0.000    
 26006400.   10.56461222   10.6657   0.000       0.000      0.1011E-02 -0.4423E-05-0.2297E-04-0.5559E-01 0.5461E-01  0.000      0.000      0.000       0.000       0.000       0.000       0.000       0.000       0.000    
 26092800.   10.57889166   10.6809   0.000       0.000      0.1020E-02 -0.1240E-05-0.2321E-04-0.5638E-01 0.5538E-01  0.000      0.000      0.000       0.000       0.000       0.000       0.000       0.000       0.000    
 26179200.   10.57476183   10.6764   0.000       0.000      0.1017E-02  0.3585E-06-0.2342E-04-0.5645E-01 0.5545E-01  0.000      0.000      0.000       0.000       0.000       0.000       0.000       0.000       0.000    
 26265600.   10.56673229   10.6678   0.000       0.000      0.1011E-02  0.6970E-06-0.2361E-04-0.5626E-01 0.5527E-01  0.000      0.000      0.000       0.000       0.000       0.000       0.000       0.000       0.000    
 26352000.   10.55761923   10.6581   0.000       0.000      0.1004E-02  0.7911E-06-0.2380E-04-0.5596E-01 0.5498E-01  0.000      0.000      0.000       0.000       0.000       0.000       0.000       0.000       0.000    
 26438400.   10.54832261   10.6481   0.000       0.000      0.9975E-03  0.8070E-06-0.2398E-04-0.5561E-01 0.5463E-01  0.000      0.000      0.000       0.000       0.000       0.000       0.000       0.000       0.000    
 26524800.   10.53906402   10.6381   0.000       0.000      0.9905E-03  0.8037E-06-0.2414E-04-0.5523E-01 0.5427E-01  0.000      0.000      0.000       0.000       0.000       0.000       0.000       0.000       0.000    
 26611200.   10.52962136   10.6280   0.000       0.000      0.9834E-03  0.8197E-06-0.2430E-04-0.5483E-01 0.5387E-01  0.000      0.000      0.000       0.000       0.000       0.000       0.000       0.000       0.000    
 26697600.   10.52068403   10.6183   0.000       0.000      0.9765E-03  0.7758E-06-0.2444E-04-0.5444E-01 0.5349E-01  0.000      0.000      0.000       0.000       0.000       0.000       0.000       0.000       0.000    
 26784000.   10.51208800   10.6091   0.000       0.000      0.9698E-03  0.7462E-06-0.2458E-04-0.5405E-01 0.5311E-01  0.000      0.000      0.000       0.000       0.000       0.000       0.000       0.000       0.000    
 26870400.   10.53899285   10.6382   0.000       0.000      0.9923E-03 -0.2335E-05-0.2476E-04-0.5504E-01 0.5408E-01  0.000      0.000      0.000       0.000       0.000       0.000       0.000       0.000       0.000    
 26956800.   10.55643752   10.6569   0.000       0.000      0.1005E-02 -0.1514E-05-0.2494E-04-0.5572E-01 0.5475E-01  0.000      0.000      0.000       0.000       0.000       0.000       0.000       0.000       0.000    
 27043200.   10.57308093   10.6748   0.000       0.000      0.1017E-02 -0.1445E-05-0.2512E-04-0.5642E-01 0.5543E-01  0.000      0.000      0.000       0.000       0.000       0.000       0.000       0.000       0.000    
 27129600.   10.57864101   10.6807   0.000       0.000      0.1021E-02 -0.4826E-06-0.2528E-04-0.5672E-01 0.5572E-01  0.000      0.000      0.000       0.000       0.000       0.000       0.000       0.000       0.000    
 27216000.   10.58826163   10.6911   0.000       0.000      0.1028E-02 -0.8351E-06-0.2545E-04-0.5713E-01 0.5613E-01  0.000      0.000      0.000       0.000       0.000       0.000       0.000       0.000       0.000    
 27302400.   10.61176029   10.7163   0.000       0.000      0.1046E-02 -0.2040E-05-0.2563E-04-0.5802E-01 0.5701E-01  0.000      0.000      0.000       0.000       0.000       0.000       0.000       0.000       0.000    
 27388800.   10.65785330   10.7657   0.000       0.000      0.1078E-02 -0.4001E-05-0.2587E-04-0.5968E-01 0.5863E-01  0.000      0.000      0.000       0.000       0.000       0.000       0.000       0.000       0.000    
 27475200.   10.69850314   10.8091   0.000       0.000      0.1106E-02 -0.3529E-05-0.2611E-04-0.6119E-01 0.6011E-01  0.000      0.000      0.000       0.000       0.000       0.000       0.000       0.000       0.000    
 27561600.   10.69660696   10.8071   0.000       0.000      0.1104E-02  0.1646E-06-0.2628E-04-0.6141E-01 0.6033E-01  0.000      0.000      0.000       0.000       0.000       0.000       0.000       0.000       0.000    
 27648000.   10.68792929   10.7979   0.000       0.000      0.1100E-02  0.7533E-06-0.2643E-04-0.6129E-01 0.6022E-01  0.000      0.000      0.000       0.000       0.000       0.000       0.000       0.000       0.000    
 27734400.   10.67568550   10.7849   0.000       0.000      0.1092E-02  0.1063E-05-0.2656E-04-0.6095E-01 0.5989E-01  0.000      0.000      0.000       0.000       0.000       0.000       0.000       0.000       0.000    
 27820800.   10.66488805   10.7734   0.000       0.000      0.1085E-02  0.9373E-06-0.2669E-04-0.6060E-01 0.5954E-01  0.000      0.000      0.000       0.000       0.000       0.000       0.000       0.000       0.000    
 27907200.   10.65648608   10.7645   0.000       0.000      0.1080E-02  0.7293E-06-0.2680E-04-0.6029E-01 0.5924E-01  0.000      0.000      0.000       0.000       0.000       0.000       0.000       0.000       0.000    
 27993600.   10.67635961   10.7858   0.000       0.000      0.1094E-02 -0.1725E-05-0.2696E-04-0.6089E-01 0.5982E-01  0.000      0.000      0.000       0.000       0.000       0.000       0.000       0.000       0.000    
 28080000.   10.70667761   10.8182   0.000       0.000      0.1115E-02 -0.2632E-05-0.2713E-04-0.6189E-01 0.6080E-01  0.000      0.000      0.000       0.000       0.000       0.000       0.000       0.000       0.000    
 28166400.   10.72296107   10.8355   0.000       0.000      0.1126E-02 -0.1413E-05-0.2728E-04-0.6253E-01 0.6143E-01  0.000      0.000      0.000       0.000       0.000       0.000       0.000       0.000       0.000    
 28252800.   10.71647210   10.8287   0.000       0.000      0.1122E-02  0.5633E-06-0.2740E-04-0.6247E-01 0.6138E-01  0.000      0.000      0.000       0.000       0.000       0.000       0.000       0.000       0.000    
 28339200.   10.70514712   10.8167   0.000       0.000      0.1115E-02  0.9831E-06-0.2748E-04-0.6218E-01 0.6109E-01  0.000      0.000      0.000       0.000       0.000       0.000       0.000       0.000       0.000    
 28425600.   10.69233636   10.8031   0.000       0.000      0.1107E-02  0.1112E-05-0.2756E-04-0.6178E-01 0.6070E-01  0.000      0.000      0.000       0.000       0.000       0.000       0.000       0.000       0.000    
 28512000.   10.67916924   10.7891   0.000       0.000      0.1099E-02  0.1143E-05-0.2762E-04-0.6132E-01 0.6024E-01  0.000      0.000      0.000       0.000       0.000       0.000       0.000       0.000       0.000    
 28598400.   10.66611305   10.7752   0.000       0.000      0.1091E-02  0.1133E-05-0.2767E-04-0.6083E-01 0.5977E-01  0.000      0.000      0.000       0.000       0.000       0.000       0.000       0.000       0.000    
 28684800.   10.65337178   10.7616   0.000       0.000      0.1082E-02  0.1106E-05-0.2771E-04-0.6034E-01 0.5928E-01  0.000      0.000      0.000       0.000       0.000       0.000       0.000       0.000       0.000    
 28771200.   10.64100817   10.7484   0.000       0.000      0.1074E-02  0.1073E-05-0.2774E-04-0.5985E-01 0.5880E-01  0.000      0.000      0.000       0.000       0.000       0.000       0.000       0.000       0.000    
 28857600.   10.62907681   10.7356   0.000       0.000      0.1066E-02  0.1036E-05-0.2776E-04-0.5936E-01 0.5832E-01  0.000      0.000      0.000       0.000       0.000       0.000       0.000       0.000       0.000    
 28944000.   10.61746033   10.7232   0.000       0.000      0.1057E-02  0.1008E-05-0.2778E-04-0.5888E-01 0.5785E-01  0.000      0.000      0.000       0.000       0.000       0.000       0.000       0.000       0.000    
 29030400.   10.60611819   10.7111   0.000       0.000      0.1049E-02  0.9846E-06-0.2779E-04-0.5840E-01 0.5738E-01  0.000      0.000      0.000       0.000       0.000       0.000       0.000       0.000       0.000    
 29116800.   10.59518527   10.6993   0.000       0.000      0.1041E-02  0.9490E-06-0.2779E-04-0.5793E-01 0.5692E-01  0.000      0.000      0.000       0.000       0.000       0.000       0.000       0.000       0.000    
 29203200.   10.58450240   10.6879   0.000       0.000      0.1034E-02  0.9273E-06-0.2779E-04-0.5746E-01 0.5646E-01  0.000      0.000      0.000       0.000       0.000       0.000       0.000       0.000       0.000    
 29289600.   10.57425428   10.6769   0.000       0.000      0.1026E-02  0.8896E-06-0.2778E-04-0.5701E-01 0.5601E-01  0.000      0.000      0.000       0.000       0.000       0.000       0.000       0.000       0.000    
 29376000.   10.56448216   10.6663   0.000       0.000      0.1019E-02  0.8483E-06-0.2778E-04-0.5657E-01 0.5558E-01  0.000      0.000      0.000       0.000       0.000       0.000       0.000       0.000       0.000    
 29462400.   10.55514421   10.6563   0.000       0.000      0.1011E-02  0.8106E-06-0.2777E-04-0.5614E-01 0.5516E-01  0.000      0.000      0.000       0.000       0.000       0.000       0.000       0.000       0.000    
 29548800.   10.54616136   10.6466   0.000       0.000      0.1004E-02  0.7798E-06-0.2776E-04-0.5573E-01 0.5475E-01  0.000      0.000      0.000       0.000       0.000       0.000       0.000       0.000       0.000    
 29635200.   10.53748779   10.6372   0.000       0.000      0.9975E-03  0.7529E-06-0.2775E-04-0.5532E-01 0.5435E-01  0.000      0.000      0.000       0.000       0.000       0.000       0.000       0.000       0.000    
 29721600.   10.52912719   10.6282   0.000       0.000      0.9908E-03  0.7257E-06-0.2774E-04-0.5493E-01 0.5397E-01  0.000      0.000      0.000       0.000       0.000       0.000       0.000       0.000       0.000    
 29808000.   10.52097996   10.6194   0.000       0.000      0.9842E-03  0.7072E-06-0.2773E-04-0.5454E-01 0.5358E-01  0.000      0.000      0.000       0.000       0.000       0.000       0.000       0.000       0.000    
 29894400.   10.51307956   10.6108   0.000       0.000      0.9777E-03  0.6858E-06-0.2772E-04-0.5416E-01 0.5321E-01  0.000      0.000      0.000       0.000       0.000       0.000       0.000       0.000       0.000    
 29980800.   10.50541798   10.6025   0.000       0.000      0.9713E-03  0.6651E-06-0.2771E-04-0.5379E-01 0.5284E-01  0.000      0.000      0.000       0.000       0.000       0.000       0.000       0.000       0.000    
 30067200.   10.49806655   10.5946   0.000       0.000      0.9651E-03  0.6381E-06-0.2771E-04-0.5343E-01 0.5249E-01  0.000      0.000      0.000     -0.9834E-07   0.000       0.000       0.000       0.000       0.000    
 30153600.   10.49099467   10.5869   0.000       0.000      0.9589E-03  0.6139E-06-0.2770E-04-0.5307E-01 0.5214E-01  0.000      0.000      0.000     -0.8881E-06   0.000       0.000       0.000       0.000       0.000    
 30240000.   10.48419060   10.5795   0.000       0.000      0.9529E-03  0.5906E-06-0.2770E-04-0.5273E-01 0.5181E-01  0.000      0.000      0.000     -0.1303E-05   0.000       0.000       0.000       0.000       0.000    
 30326400.   10.47762649   10.5723   0.000       0.000      0.9470E-03  0.5698E-06-0.2770E-04-0.5241E-01 0.5149E-01  0.000      0.000      0.000     -0.1557E-05   0.000       0.000       0.000       0.000       0.000    
 30412800.   10.47126905   10.5654   0.000       0.000      0.9412E-03  0.5519E-06-0.2770E-04-0.5209E-01 0.5118E-01  0.000      0.000      0.000     -0.1740E-05   0.000       0.000       0.000       0.000       0.000    
 30499200.   10.46510871   10.5587   0.000       0.000      0.9356E-03  0.5348E-06-0.2771E-04-0.5178E-01 0.5087E-01  0.000      0.000      0.000     -0.1876E-05   0.000       0.000       0.000       0.000       0.000    
 30585600.   10.45912463   10.5521   0.000       0.000      0.9302E-03  0.5195E-06-0.2771E-04-0.5147E-01 0.5057E-01  0.000      0.000      0.000     -0.1983E-05   0.000       0.000       0.000       0.000       0.000    
 30672000.   10.45331777   10.5458   0.000       0.000      0.9249E-03  0.5041E-06-0.2772E-04-0.5117E-01 0.5027E-01  0.000      0.000      0.000     -0.2062E-05   0.000       0.000       0.000       0.000       0.000    
 30758400.   10.44767873   10.5396   0.000       0.000      0.9196E-03  0.4895E-06-0.2773E-04-0.5088E-01 0.4998E-01  0.000      0.000      0.000     -0.2123E-05   0.000       0.000       0.000       0.000       0.000    
 30844800.   10.44219799   10.5337   0.000       0.000      0.9145E-03  0.4758E-06-0.2775E-04-0.5059E-01 0.4970E-01  0.000      0.000      0.000     -0.2170E-05   0.000       0.000       0.000       0.000       0.000    
 30931200.   10.43685748   10.5278   0.000       0.000      0.9095E-03  0.4636E-06-0.2777E-04-0.5031E-01 0.4942E-01  0.000      0.000      0.000     -0.2210E-05   0.000       0.000       0.000       0.000       0.000    
 31017600.   10.43165143   10.5221   0.000       0.000      0.9046E-03  0.4519E-06-0.2779E-04-0.5003E-01 0.4915E-01  0.000      0.000      0.000     -0.2240E-05   0.000       0.000       0.000       0.000       0.000    
 31104000.   10.42658338   10.5166   0.000       0.000      0.8997E-03  0.4399E-06-0.2781E-04-0.4976E-01 0.4888E-01  0.000      0.000      0.000     -0.2258E-05   0.000       0.000       0.000       0.000       0.000    
 31190400.   10.42164625   10.5111   0.000       0.000      0.8950E-03  0.4286E-06-0.2783E-04-0.4949E-01 0.4862E-01  0.000      0.000      0.000     -0.2270E-05   0.000       0.000       0.000       0.000       0.000    
 31276800.   10.41757531   10.5067   0.000       0.000      0.8912E-03  0.3534E-06-0.2786E-04-0.4926E-01 0.4840E-01  0.000      0.000      0.000     -0.1922E-05   0.000       0.000       0.000       0.000       0.000    
 31363200.   10.41284967   10.5015   0.000       0.000      0.8863E-03  0.4102E-06-0.2789E-04-0.4901E-01 0.4815E-01  0.000      0.000      0.000     -0.2285E-05   0.000       0.000       0.000       0.000       0.000    
 31449600.   10.40822813   10.4964   0.000       0.000      0.8818E-03  0.4012E-06-0.2793E-04-0.4875E-01 0.4790E-01  0.000      0.000      0.000     -0.2290E-05   0.000       0.000       0.000       0.000       0.000    
 31536000.   10.40372390   10.4915   0.000       0.000      0.8773E-03  0.3910E-06-0.2796E-04-0.4851E-01 0.4765E-01  0.000      0.000      0.000     -0.2282E-05   0.000       0.000       0.000       0.000       0.000    
 31622400.   10.39897152   10.4862   0.000       0.000      0.8725E-03  0.4125E-06-0.2800E-04-0.4825E-01 0.4740E-01  0.000      0.000      0.000     -0.2460E-05   0.000       0.000       0.000       0.000       0.000    
