TOTIM (T)      HCON          HMAT      QDIR      QWELL        QMAT       QCADS      QTUB1      QTUB2      QTUB3      QTUB4      QTUB5      QTUB6       NSTOR        QFIX        QLH     FHLQ (LQ)        CAUCHY   CAUCHY (LQ)
    86400.   10.39543040   10.4396   0.000       0.000      0.4419E-03   0.000     0.1875    -0.1879      0.000      0.000      0.000      0.000       0.000       0.000       0.000       0.000       0.000       0.000    
   172800.   10.38369496   10.4250   0.000       0.000      0.4130E-03  0.6791E-06 0.1855    -0.1859      0.000      0.000      0.000      0.000     -0.4257E-05   0.000       0.000       0.000       0.000       0.000    
   259200.   10.38438701   10.4264   0.000       0.000      0.4201E-03 -0.4005E-07 0.1854    -0.1859      0.000      0.000      0.000      0.000      0.2565E-06   0.000       0.000       0.000       0.000       0.000    
   345600.   10.38358422   10.4255   0.000       0.000      0.4188E-03  0.4646E-07 0.1852    -0.1856      0.000      0.000      0.000      0.000     -0.2976E-06   0.000       0.000       0.000       0.000       0.000    
   432000.   10.39159546   10.4355   0.000       0.000      0.4394E-03 -0.4636E-06 0.1865    -0.1869      0.000      0.000      0.000      0.000      0.2929E-05   0.000       0.000       0.000       0.000       0.000    
   518400.   10.39604393   10.4407   0.000       0.000      0.4470E-03 -0.2574E-06 0.1873    -0.1878      0.000      0.000      0.000      0.000      0.1586E-05   0.000       0.000       0.000       0.000       0.000    
   604800.   10.39709415   10.4418   0.000       0.000      0.4471E-03 -0.6078E-07 0.1876    -0.1881      0.000      0.000      0.000      0.000      0.3702E-06   0.000       0.000       0.000       0.000       0.000    
   691200.   10.40897847   10.4565   0.000       0.000      0.4748E-03 -0.6878E-06 0.1897    -0.1901      0.000      0.000      0.000      0.000      0.4069E-05   0.000       0.000       0.000       0.000       0.000    
   777600.   10.44144365   10.4960   0.000       0.000      0.5456E-03 -0.1879E-05 0.1951    -0.1956      0.000      0.000      0.000      0.000      0.9861E-05   0.000       0.000       0.000       0.000       0.000    
   864000.   10.48892428   10.5527   0.000       0.000      0.6378E-03 -0.2748E-05 0.2029    -0.2036      0.000      0.000      0.000      0.000      0.9843E-05   0.000       0.000       0.000       0.000       0.000    
   950400.   10.50807101   10.5738   0.000       0.000      0.6576E-03 -0.1108E-05 0.2068    -0.2074      0.000      0.000      0.000      0.000      0.8964E-06   0.000       0.000       0.000       0.000       0.000    
  1036800.   10.55948193   10.6348   0.000       0.000      0.7534E-03 -0.2975E-05 0.2148    -0.2156      0.000      0.000      0.000      0.000       0.000       0.000       0.000       0.000       0.000       0.000    
  1123200.   10.65406954   10.7460   0.000       0.000      0.9195E-03 -0.5474E-05 0.2282    -0.2291      0.000      0.000      0.000      0.000       0.000       0.000       0.000       0.000       0.000       0.000    
  1209600.   10.63462621   10.7189   0.000       0.000      0.8428E-03  0.1125E-05 0.2280    -0.2289      0.000      0.000      0.000      0.000       0.000       0.000       0.000       0.000       0.000       0.000    
  1296000.   10.61671087   10.6968   0.000       0.000      0.8005E-03  0.1037E-05 0.2268    -0.2276      0.000      0.000      0.000      0.000       0.000       0.000       0.000       0.000       0.000       0.000    
  1382400.   10.60073367   10.6775   0.000       0.000      0.7678E-03  0.9246E-06 0.2252    -0.2260      0.000      0.000      0.000      0.000       0.000       0.000       0.000       0.000       0.000       0.000    
  1468800.   10.58595524   10.6599   0.000       0.000      0.7391E-03  0.8552E-06 0.2234    -0.2242      0.000      0.000      0.000      0.000       0.000       0.000       0.000       0.000       0.000       0.000    
  1555200.   10.57070110   10.6417   0.000       0.000      0.7096E-03  0.8828E-06 0.2214    -0.2221      0.000      0.000      0.000      0.000       0.000       0.000       0.000       0.000       0.000       0.000    
  1641600.   10.55575971   10.6239   0.000       0.000      0.6809E-03  0.8647E-06 0.2193    -0.2200      0.000      0.000      0.000      0.000       0.000       0.000       0.000       0.000       0.000       0.000    
  1728000.   10.54344660   10.6092   0.000       0.000      0.6577E-03  0.7126E-06 0.2174    -0.2180      0.000      0.000      0.000      0.000       0.000       0.000       0.000       0.000       0.000       0.000    
  1814400.   10.53280701   10.5965   0.000       0.000      0.6372E-03  0.6157E-06 0.2157    -0.2163      0.000      0.000      0.000      0.000       0.000       0.000       0.000       0.000       0.000       0.000    
  1900800.   10.52079068   10.5821   0.000       0.000      0.6131E-03  0.6954E-06 0.2138    -0.2144      0.000      0.000      0.000      0.000       0.000       0.000       0.000       0.000       0.000       0.000    
  1987200.   10.50997931   10.5692   0.000       0.000      0.5919E-03  0.6257E-06 0.2119    -0.2125      0.000      0.000      0.000      0.000       0.000       0.000       0.000       0.000       0.000       0.000    
  2073600.   10.50126255   10.5588   0.000       0.000      0.5750E-03  0.5044E-06 0.2104    -0.2110      0.000      0.000      0.000      0.000       0.000       0.000       0.000       0.000       0.000       0.000    
  2160000.   10.49095048   10.5464   0.000       0.000      0.5540E-03  0.5968E-06 0.2086    -0.2092      0.000      0.000      0.000      0.000     -0.6624E-06   0.000       0.000       0.000       0.000       0.000    
  2246400.   10.48087004   10.5343   0.000       0.000      0.5341E-03  0.5834E-06 0.2068    -0.2074      0.000      0.000      0.000      0.000     -0.1367E-05   0.000       0.000       0.000       0.000       0.000    
  2332800.   10.47109658   10.5226   0.000       0.000      0.5149E-03  0.5656E-06 0.2051    -0.2056      0.000      0.000      0.000      0.000     -0.1729E-05   0.000       0.000       0.000       0.000       0.000    
  2419200.   10.46165645   10.5113   0.000       0.000      0.4967E-03  0.5463E-06 0.2033    -0.2038      0.000      0.000      0.000      0.000     -0.1968E-05   0.000       0.000       0.000       0.000       0.000    
  2505600.   10.45793106   10.5071   0.000       0.000      0.4916E-03  0.2156E-06 0.2024    -0.2029      0.000      0.000      0.000      0.000     -0.8469E-06   0.000       0.000       0.000       0.000       0.000    
  2592000.   10.45184503   10.4997   0.000       0.000      0.4790E-03  0.3522E-06 0.2012    -0.2017      0.000      0.000      0.000      0.000     -0.1462E-05   0.000       0.000       0.000       0.000       0.000    
  2678400.   10.46547030   10.5167   0.000       0.000      0.5122E-03 -0.7885E-06 0.2030    -0.2036      0.000      0.000      0.000      0.000      0.3136E-05   0.000       0.000       0.000       0.000       0.000    
  2764800.   10.51694637   10.5790   0.000       0.000      0.6202E-03 -0.2979E-05 0.2106    -0.2112      0.000      0.000      0.000      0.000      0.4899E-05   0.000       0.000       0.000       0.000       0.000    
  2851200.   10.64369306   10.7295   0.000       0.000      0.8580E-03 -0.7335E-05 0.2281    -0.2289      0.000      0.000      0.000      0.000       0.000       0.000       0.000       0.000       0.000       0.000    
  2937600.   10.61237818   10.6871   0.000       0.000      0.7474E-03  0.1812E-05 0.2265    -0.2272      0.000      0.000      0.000      0.000       0.000       0.000       0.000       0.000       0.000       0.000    
  3024000.   10.61439178   10.6891   0.000       0.000      0.7474E-03 -0.1165E-06 0.2276    -0.2283      0.000      0.000      0.000      0.000       0.000       0.000       0.000       0.000       0.000       0.000    
  3110400.   10.61380776   10.6879   0.000       0.000      0.7406E-03  0.3380E-07 0.2281    -0.2288      0.000      0.000      0.000      0.000       0.000       0.000       0.000       0.000       0.000       0.000    
  3196800.   10.60429573   10.6760   0.000       0.000      0.7175E-03  0.5505E-06 0.2273    -0.2280      0.000      0.000      0.000      0.000       0.000       0.000       0.000       0.000       0.000       0.000    
  3283200.   10.59132416   10.6604   0.000       0.000      0.6907E-03  0.7507E-06 0.2258    -0.2265      0.000      0.000      0.000      0.000       0.000       0.000       0.000       0.000       0.000       0.000    
  3369600.   10.59341643   10.6631   0.000       0.000      0.6966E-03 -0.1211E-06 0.2260    -0.2267      0.000      0.000      0.000      0.000       0.000       0.000       0.000       0.000       0.000       0.000    
  3456000.   10.60339655   10.6748   0.000       0.000      0.7142E-03 -0.5776E-06 0.2274    -0.2281      0.000      0.000      0.000      0.000       0.000       0.000       0.000       0.000       0.000       0.000    
  3542400.   10.61865996   10.6925   0.000       0.000      0.7385E-03 -0.8833E-06 0.2295    -0.2303      0.000      0.000      0.000      0.000       0.000       0.000       0.000       0.000       0.000       0.000    
  3628800.   10.62332312   10.6972   0.000       0.000      0.7386E-03 -0.2699E-06 0.2305    -0.2313      0.000      0.000      0.000      0.000       0.000       0.000       0.000       0.000       0.000       0.000    
  3715200.   10.61408060   10.6854   0.000       0.000      0.7134E-03  0.5349E-06 0.2297    -0.2304      0.000      0.000      0.000      0.000       0.000       0.000       0.000       0.000       0.000       0.000    
  3801600.   10.61641154   10.6881   0.000       0.000      0.7165E-03 -0.1349E-06 0.2301    -0.2308      0.000      0.000      0.000      0.000       0.000       0.000       0.000       0.000       0.000       0.000    
  3888000.   10.62497739   10.6979   0.000       0.000      0.7295E-03 -0.4957E-06 0.2313    -0.2321      0.000      0.000      0.000      0.000       0.000       0.000       0.000       0.000       0.000       0.000    
  3974400.   10.64440252   10.7205   0.000       0.000      0.7613E-03 -0.1124E-05 0.2340    -0.2348      0.000      0.000      0.000      0.000       0.000       0.000       0.000       0.000       0.000       0.000    
  4060800.   10.65914913   10.7371   0.000       0.000      0.7793E-03 -0.8534E-06 0.2363    -0.2370      0.000      0.000      0.000      0.000       0.000       0.000       0.000       0.000       0.000       0.000    
  4147200.   10.64920141   10.7241   0.000       0.000      0.7494E-03  0.5757E-06 0.2356    -0.2363      0.000      0.000      0.000      0.000       0.000       0.000       0.000       0.000       0.000       0.000    
  4233600.   10.63569930   10.7077   0.000       0.000      0.7200E-03  0.7814E-06 0.2341    -0.2349      0.000      0.000      0.000      0.000       0.000       0.000       0.000       0.000       0.000       0.000    
  4320000.   10.62520016   10.6952   0.000       0.000      0.6995E-03  0.6076E-06 0.2328    -0.2335      0.000      0.000      0.000      0.000       0.000       0.000       0.000       0.000       0.000       0.000    
  4406400.   10.61417037   10.6820   0.000       0.000      0.6781E-03  0.6383E-06 0.2313    -0.2320      0.000      0.000      0.000      0.000       0.000       0.000       0.000       0.000       0.000       0.000    
  4492800.   10.60566959   10.6719   0.000       0.000      0.6623E-03  0.4919E-06 0.2300    -0.2307      0.000      0.000      0.000      0.000       0.000       0.000       0.000       0.000       0.000       0.000    
  4579200.   10.59450410   10.6586   0.000       0.000      0.6405E-03  0.6462E-06 0.2284    -0.2291      0.000      0.000      0.000      0.000       0.000       0.000       0.000       0.000       0.000       0.000    
  4665600.   10.58283691   10.6447   0.000       0.000      0.6186E-03  0.6752E-06 0.2267    -0.2273      0.000      0.000      0.000      0.000       0.000       0.000       0.000       0.000       0.000       0.000    
  4752000.   10.60168111   10.6676   0.000       0.000      0.6597E-03 -0.1091E-05 0.2288    -0.2295      0.000      0.000      0.000      0.000       0.000       0.000       0.000       0.000       0.000       0.000    
  4838400.   10.62714360   10.6975   0.000       0.000      0.7032E-03 -0.1474E-05 0.2321    -0.2328      0.000      0.000      0.000      0.000       0.000       0.000       0.000       0.000       0.000       0.000    
  4924800.   10.65471780   10.7293   0.000       0.000      0.7455E-03 -0.1596E-05 0.2360    -0.2367      0.000      0.000      0.000      0.000       0.000       0.000       0.000       0.000       0.000       0.000    
  5011200.   10.67072753   10.7470   0.000       0.000      0.7624E-03 -0.9265E-06 0.2386    -0.2393      0.000      0.000      0.000      0.000       0.000       0.000       0.000       0.000       0.000       0.000    
  5097600.   10.65965830   10.7326   0.000       0.000      0.7296E-03  0.6406E-06 0.2379    -0.2386      0.000      0.000      0.000      0.000       0.000       0.000       0.000       0.000       0.000       0.000    
  5184000.   10.64593011   10.7160   0.000       0.000      0.7005E-03  0.7945E-06 0.2365    -0.2372      0.000      0.000      0.000      0.000       0.000       0.000       0.000       0.000       0.000       0.000    
  5270400.   10.63459255   10.7025   0.000       0.000      0.6792E-03  0.6561E-06 0.2350    -0.2357      0.000      0.000      0.000      0.000       0.000       0.000       0.000       0.000       0.000       0.000    
  5356800.   10.62203759   10.6876   0.000       0.000      0.6559E-03  0.7266E-06 0.2333    -0.2340      0.000      0.000      0.000      0.000       0.000       0.000       0.000       0.000       0.000       0.000    
  5443200.   10.62953137   10.6969   0.000       0.000      0.6734E-03 -0.4337E-06 0.2340    -0.2347      0.000      0.000      0.000      0.000       0.000       0.000       0.000       0.000       0.000       0.000    
  5529600.   10.63814261   10.7068   0.000       0.000      0.6869E-03 -0.4983E-06 0.2351    -0.2358      0.000      0.000      0.000      0.000       0.000       0.000       0.000       0.000       0.000       0.000    
  5616000.   10.64704286   10.7169   0.000       0.000      0.6990E-03 -0.5151E-06 0.2364    -0.2371      0.000      0.000      0.000      0.000       0.000       0.000       0.000       0.000       0.000       0.000    
  5702400.   10.65233719   10.7227   0.000       0.000      0.7032E-03 -0.3064E-06 0.2373    -0.2380      0.000      0.000      0.000      0.000       0.000       0.000       0.000       0.000       0.000       0.000    
  5788800.   10.64851083   10.7175   0.000       0.000      0.6903E-03  0.2214E-06 0.2370    -0.2377      0.000      0.000      0.000      0.000       0.000       0.000       0.000       0.000       0.000       0.000    
  5875200.   10.64884076   10.7177   0.000       0.000      0.6887E-03 -0.1909E-07 0.2372    -0.2378      0.000      0.000      0.000      0.000       0.000       0.000       0.000       0.000       0.000       0.000    
  5961600.   10.64562581   10.7136   0.000       0.000      0.6797E-03  0.1861E-06 0.2369    -0.2375      0.000      0.000      0.000      0.000       0.000       0.000       0.000       0.000       0.000       0.000    
  6048000.   10.63664582   10.7027   0.000       0.000      0.6604E-03  0.5197E-06 0.2358    -0.2364      0.000      0.000      0.000      0.000       0.000       0.000       0.000       0.000       0.000       0.000    
  6134400.   10.62546605   10.6894   0.000       0.000      0.6389E-03  0.6470E-06 0.2343    -0.2349      0.000      0.000      0.000      0.000       0.000       0.000       0.000       0.000       0.000       0.000    
  6220800.   10.61352204   10.6752   0.000       0.000      0.6172E-03  0.6912E-06 0.2326    -0.2332      0.000      0.000      0.000      0.000       0.000       0.000       0.000       0.000       0.000       0.000    
  6307200.   10.60145499   10.6611   0.000       0.000      0.5960E-03  0.6983E-06 0.2308    -0.2314      0.000      0.000      0.000      0.000       0.000       0.000       0.000       0.000       0.000       0.000    
  6393600.   10.58957845   10.6471   0.000       0.000      0.5756E-03  0.6873E-06 0.2290    -0.2295      0.000      0.000      0.000      0.000       0.000       0.000       0.000       0.000       0.000       0.000    
  6480000.   10.57798946   10.6336   0.000       0.000      0.5560E-03  0.6707E-06 0.2271    -0.2276      0.000      0.000      0.000      0.000       0.000       0.000       0.000       0.000       0.000       0.000    
  6566400.   10.56665962   10.6204   0.000       0.000      0.5370E-03  0.6557E-06 0.2252    -0.2258      0.000      0.000      0.000      0.000       0.000       0.000       0.000       0.000       0.000       0.000    
  6652800.   10.55559395   10.6075   0.000       0.000      0.5186E-03  0.6404E-06 0.2233    -0.2239      0.000      0.000      0.000      0.000       0.000       0.000       0.000       0.000       0.000       0.000    
  6739200.   10.54494550   10.5951   0.000       0.000      0.5011E-03  0.6162E-06 0.2215    -0.2220      0.000      0.000      0.000      0.000       0.000       0.000       0.000       0.000       0.000       0.000    
  6825600.   10.53441134   10.5828   0.000       0.000      0.4839E-03  0.6096E-06 0.2196    -0.2201      0.000      0.000      0.000      0.000       0.000       0.000       0.000       0.000       0.000       0.000    
  6912000.   10.52402251   10.5707   0.000       0.000      0.4670E-03  0.6012E-06 0.2178    -0.2182      0.000      0.000      0.000      0.000       0.000       0.000       0.000       0.000       0.000       0.000    
  6998400.   10.51393938   10.5590   0.000       0.000      0.4509E-03  0.5835E-06 0.2159    -0.2164      0.000      0.000      0.000      0.000       0.000       0.000       0.000       0.000       0.000       0.000    
  7084800.   10.50429711   10.5479   0.000       0.000      0.4358E-03  0.5580E-06 0.2141    -0.2146      0.000      0.000      0.000      0.000       0.000       0.000       0.000       0.000       0.000       0.000    
  7171200.   10.49503369   10.5372   0.000       0.000      0.4214E-03  0.5361E-06 0.2124    -0.2128      0.000      0.000      0.000      0.000     -0.2696E-06   0.000       0.000       0.000       0.000       0.000    
  7257600.   10.48604405   10.5268   0.000       0.000      0.4077E-03  0.5202E-06 0.2106    -0.2110      0.000      0.000      0.000      0.000     -0.9971E-06   0.000       0.000       0.000       0.000       0.000    
  7344000.   10.47742757   10.5169   0.000       0.000      0.3947E-03  0.4986E-06 0.2089    -0.2093      0.000      0.000      0.000      0.000     -0.1332E-05   0.000       0.000       0.000       0.000       0.000    
  7430400.   10.46980285   10.5082   0.000       0.000      0.3839E-03  0.4412E-06 0.2074    -0.2078      0.000      0.000      0.000      0.000     -0.1413E-05   0.000       0.000       0.000       0.000       0.000    
  7516800.   10.46227494   10.4996   0.000       0.000      0.3730E-03  0.4356E-06 0.2058    -0.2062      0.000      0.000      0.000      0.000     -0.1577E-05   0.000       0.000       0.000       0.000       0.000    
  7603200.   10.45450388   10.4907   0.000       0.000      0.3615E-03  0.4497E-06 0.2043    -0.2046      0.000      0.000      0.000      0.000     -0.1795E-05   0.000       0.000       0.000       0.000       0.000    
  7689600.   10.44701846   10.4821   0.000       0.000      0.3509E-03  0.4332E-06 0.2027    -0.2031      0.000      0.000      0.000      0.000     -0.1874E-05   0.000       0.000       0.000       0.000       0.000    
  7776000.   10.44016363   10.4743   0.000       0.000      0.3416E-03  0.3967E-06 0.2012    -0.2016      0.000      0.000      0.000      0.000     -0.1830E-05   0.000       0.000       0.000       0.000       0.000    
  7862400.   10.43319642   10.4664   0.000       0.000      0.3319E-03  0.4032E-06 0.1998    -0.2001      0.000      0.000      0.000      0.000     -0.1964E-05   0.000       0.000       0.000       0.000       0.000    
  7948800.   10.42647871   10.4588   0.000       0.000      0.3228E-03  0.3888E-06 0.1983    -0.1987      0.000      0.000      0.000      0.000     -0.1986E-05   0.000       0.000       0.000       0.000       0.000    
  8035200.   10.41998998   10.4514   0.000       0.000      0.3142E-03  0.3755E-06 0.1969    -0.1972      0.000      0.000      0.000      0.000     -0.1999E-05   0.000       0.000       0.000       0.000       0.000    
  8121600.   10.41371259   10.4443   0.000       0.000      0.3061E-03  0.3633E-06 0.1955    -0.1958      0.000      0.000      0.000      0.000     -0.2006E-05   0.000       0.000       0.000       0.000       0.000    
  8208000.   10.40763232   10.4375   0.000       0.000      0.2983E-03  0.3519E-06 0.1942    -0.1945      0.000      0.000      0.000      0.000     -0.2007E-05   0.000       0.000       0.000       0.000       0.000    
  8294400.   10.40173677   10.4308   0.000       0.000      0.2909E-03  0.3412E-06 0.1929    -0.1931      0.000      0.000      0.000      0.000     -0.2004E-05   0.000       0.000       0.000       0.000       0.000    
  8380800.   10.43335896   10.4706   0.000       0.000      0.3729E-03 -0.1830E-05 0.1976    -0.1980      0.000      0.000      0.000      0.000      0.1005E-04   0.000       0.000       0.000       0.000       0.000    
  8467200.   10.43565603   10.4725   0.000       0.000      0.3689E-03 -0.1329E-06 0.1982    -0.1986      0.000      0.000      0.000      0.000      0.6577E-06   0.000       0.000       0.000       0.000       0.000    
  8553600.   10.43574062   10.4726   0.000       0.000      0.3689E-03 -0.4896E-08 0.1984    -0.1988      0.000      0.000      0.000      0.000      0.2402E-07   0.000       0.000       0.000       0.000       0.000    
  8640000.   10.43282503   10.4692   0.000       0.000      0.3640E-03  0.1687E-06 0.1980    -0.1983      0.000      0.000      0.000      0.000     -0.8361E-06   0.000       0.000       0.000       0.000       0.000    
  8726400.   10.42855499   10.4643   0.000       0.000      0.3576E-03  0.2471E-06 0.1972    -0.1976      0.000      0.000      0.000      0.000     -0.1255E-05   0.000       0.000       0.000       0.000       0.000    
  8812800.   10.42365083   10.4587   0.000       0.000      0.3508E-03  0.2838E-06 0.1963    -0.1967      0.000      0.000      0.000      0.000     -0.1485E-05   0.000       0.000       0.000       0.000       0.000    
  8899200.   10.41748731   10.4516   0.000       0.000      0.3414E-03  0.3567E-06 0.1951    -0.1955      0.000      0.000      0.000      0.000     -0.1929E-05   0.000       0.000       0.000       0.000       0.000    
  8985600.   10.41586661   10.4502   0.000       0.000      0.3435E-03  0.9379E-07 0.1946    -0.1950      0.000      0.000      0.000      0.000     -0.5184E-06   0.000       0.000       0.000       0.000       0.000    
  9072000.   10.42149981   10.4576   0.000       0.000      0.3610E-03 -0.3260E-06 0.1954    -0.1957      0.000      0.000      0.000      0.000      0.1782E-05   0.000       0.000       0.000       0.000       0.000    
  9158400.   10.41892101   10.4545   0.000       0.000      0.3556E-03  0.1492E-06 0.1949    -0.1953      0.000      0.000      0.000      0.000     -0.8087E-06   0.000       0.000       0.000       0.000       0.000    
  9244800.   10.43788703   10.4782   0.000       0.000      0.4035E-03 -0.1098E-05 0.1979    -0.1982      0.000      0.000      0.000      0.000      0.5655E-05   0.000       0.000       0.000       0.000       0.000    
  9331200.   10.48509953   10.5356   0.000       0.000      0.5050E-03 -0.2732E-05 0.2053    -0.2058      0.000      0.000      0.000      0.000      0.1032E-04   0.000       0.000       0.000       0.000       0.000    
  9417600.   10.60133450   10.6744   0.000       0.000      0.7310E-03 -0.6727E-05 0.2220    -0.2228      0.000      0.000      0.000      0.000      0.1397E-05   0.000       0.000       0.000       0.000       0.000    
  9504000.   10.68298397   10.7676   0.000       0.000      0.8461E-03 -0.4725E-05 0.2342    -0.2351      0.000      0.000      0.000      0.000       0.000       0.000       0.000       0.000       0.000       0.000    
  9590400.   10.65874307   10.7350   0.000       0.000      0.7626E-03  0.1403E-05 0.2338    -0.2345      0.000      0.000      0.000      0.000       0.000       0.000       0.000       0.000       0.000       0.000    
  9676800.   10.63549851   10.7068   0.000       0.000      0.7130E-03  0.1345E-05 0.2320    -0.2327      0.000      0.000      0.000      0.000       0.000       0.000       0.000       0.000       0.000       0.000    
  9763200.   10.61339529   10.6806   0.000       0.000      0.6723E-03  0.1279E-05 0.2296    -0.2303      0.000      0.000      0.000      0.000       0.000       0.000       0.000       0.000       0.000       0.000    
  9849600.   10.59354318   10.6574   0.000       0.000      0.6382E-03  0.1149E-05 0.2271    -0.2277      0.000      0.000      0.000      0.000       0.000       0.000       0.000       0.000       0.000       0.000    
  9936000.   10.60714230   10.6744   0.000       0.000      0.6724E-03 -0.7870E-06 0.2286    -0.2293      0.000      0.000      0.000      0.000       0.000       0.000       0.000       0.000       0.000       0.000    
 10022400.   10.61732581   10.6862   0.000       0.000      0.6883E-03 -0.5893E-06 0.2301    -0.2308      0.000      0.000      0.000      0.000       0.000       0.000       0.000       0.000       0.000       0.000    
 10108800.   10.61958235   10.6883   0.000       0.000      0.6868E-03 -0.1306E-06 0.2307    -0.2314      0.000      0.000      0.000      0.000       0.000       0.000       0.000       0.000       0.000       0.000    
 10195200.   10.62747691   10.6973   0.000       0.000      0.6982E-03 -0.4569E-06 0.2319    -0.2326      0.000      0.000      0.000      0.000       0.000       0.000       0.000       0.000       0.000       0.000    
 10281600.   10.63111693   10.7011   0.000       0.000      0.6993E-03 -0.2106E-06 0.2327    -0.2334      0.000      0.000      0.000      0.000       0.000       0.000       0.000       0.000       0.000       0.000    
 10368000.   10.62165519   10.6892   0.000       0.000      0.6754E-03  0.5476E-06 0.2318    -0.2325      0.000      0.000      0.000      0.000       0.000       0.000       0.000       0.000       0.000       0.000    
 10454400.   10.60820164   10.6730   0.000       0.000      0.6477E-03  0.7786E-06 0.2302    -0.2308      0.000      0.000      0.000      0.000       0.000       0.000       0.000       0.000       0.000       0.000    
 10540800.   10.60792628   10.6728   0.000       0.000      0.6490E-03  0.1594E-07 0.2300    -0.2307      0.000      0.000      0.000      0.000       0.000       0.000       0.000       0.000       0.000       0.000    
 10627200.   10.61383331   10.6798   0.000       0.000      0.6593E-03 -0.3418E-06 0.2308    -0.2314      0.000      0.000      0.000      0.000       0.000       0.000       0.000       0.000       0.000       0.000    
 10713600.   10.61391008   10.6794   0.000       0.000      0.6551E-03 -0.4443E-08 0.2309    -0.2316      0.000      0.000      0.000      0.000       0.000       0.000       0.000       0.000       0.000       0.000    
 10800000.   10.60714592   10.6710   0.000       0.000      0.6383E-03  0.3914E-06 0.2301    -0.2308      0.000      0.000      0.000      0.000       0.000       0.000       0.000       0.000       0.000       0.000    
 10886400.   10.59652712   10.6581   0.000       0.000      0.6162E-03  0.6145E-06 0.2288    -0.2294      0.000      0.000      0.000      0.000       0.000       0.000       0.000       0.000       0.000       0.000    
 10972800.   10.58410911   10.6433   0.000       0.000      0.5923E-03  0.7186E-06 0.2270    -0.2276      0.000      0.000      0.000      0.000       0.000       0.000       0.000       0.000       0.000       0.000    
 11059200.   10.56993169   10.6265   0.000       0.000      0.5660E-03  0.8205E-06 0.2249    -0.2255      0.000      0.000      0.000      0.000       0.000       0.000       0.000       0.000       0.000       0.000    
 11145600.   10.55598493   10.6101   0.000       0.000      0.5412E-03  0.8071E-06 0.2227    -0.2233      0.000      0.000      0.000      0.000       0.000       0.000       0.000       0.000       0.000       0.000    
 11232000.   10.54283655   10.5947   0.000       0.000      0.5184E-03  0.7609E-06 0.2206    -0.2211      0.000      0.000      0.000      0.000       0.000       0.000       0.000       0.000       0.000       0.000    
 11318400.   10.53041679   10.5801   0.000       0.000      0.4971E-03  0.7187E-06 0.2184    -0.2189      0.000      0.000      0.000      0.000       0.000       0.000       0.000       0.000       0.000       0.000    
 11404800.   10.53466862   10.5858   0.000       0.000      0.5116E-03 -0.2461E-06 0.2186    -0.2191      0.000      0.000      0.000      0.000       0.000       0.000       0.000       0.000       0.000       0.000    
 11491200.   10.52305456   10.5717   0.000       0.000      0.4862E-03  0.6721E-06 0.2168    -0.2173      0.000      0.000      0.000      0.000       0.000       0.000       0.000       0.000       0.000       0.000    
 11577600.   10.54179711   10.5948   0.000       0.000      0.5303E-03 -0.1085E-05 0.2191    -0.2196      0.000      0.000      0.000      0.000       0.000       0.000       0.000       0.000       0.000       0.000    
 11664000.   10.59151879   10.6543   0.000       0.000      0.6273E-03 -0.2877E-05 0.2258    -0.2264      0.000      0.000      0.000      0.000       0.000       0.000       0.000       0.000       0.000       0.000    
 11750400.   10.71039946   10.7944   0.000       0.000      0.8400E-03 -0.6880E-05 0.2411    -0.2419      0.000      0.000      0.000      0.000       0.000       0.000       0.000       0.000       0.000       0.000    
 11836800.   10.67966709   10.7535   0.000       0.000      0.7380E-03  0.1778E-05 0.2397    -0.2404      0.000      0.000      0.000      0.000       0.000       0.000       0.000       0.000       0.000       0.000    
 11923200.   10.65608739   10.7250   0.000       0.000      0.6887E-03  0.1365E-05 0.2376    -0.2383      0.000      0.000      0.000      0.000       0.000       0.000       0.000       0.000       0.000       0.000    
 12009600.   10.63626024   10.7015   0.000       0.000      0.6529E-03  0.1147E-05 0.2354    -0.2360      0.000      0.000      0.000      0.000       0.000       0.000       0.000       0.000       0.000       0.000    
 12096000.   10.63191459   10.6969   0.000       0.000      0.6494E-03  0.2515E-06 0.2347    -0.2353      0.000      0.000      0.000      0.000       0.000       0.000       0.000       0.000       0.000       0.000    
 12182400.   10.62578632   10.6896   0.000       0.000      0.6384E-03  0.3546E-06 0.2338    -0.2345      0.000      0.000      0.000      0.000       0.000       0.000       0.000       0.000       0.000       0.000    
 12268800.   10.61548747   10.6774   0.000       0.000      0.6188E-03  0.5960E-06 0.2325    -0.2331      0.000      0.000      0.000      0.000       0.000       0.000       0.000       0.000       0.000       0.000    
 12355200.   10.60294808   10.6625   0.000       0.000      0.5958E-03  0.7257E-06 0.2307    -0.2313      0.000      0.000      0.000      0.000       0.000       0.000       0.000       0.000       0.000       0.000    
 12441600.   10.59442637   10.6526   0.000       0.000      0.5821E-03  0.4932E-06 0.2294    -0.2300      0.000      0.000      0.000      0.000       0.000       0.000       0.000       0.000       0.000       0.000    
 12528000.   10.62682729   10.6918   0.000       0.000      0.6501E-03 -0.1875E-05 0.2332    -0.2339      0.000      0.000      0.000      0.000       0.000       0.000       0.000       0.000       0.000       0.000    
 12614400.   10.66211027   10.7329   0.000       0.000      0.7081E-03 -0.2042E-05 0.2379    -0.2386      0.000      0.000      0.000      0.000       0.000       0.000       0.000       0.000       0.000       0.000    
 12700800.   10.65376876   10.7214   0.000       0.000      0.6764E-03  0.4827E-06 0.2376    -0.2383      0.000      0.000      0.000      0.000       0.000       0.000       0.000       0.000       0.000       0.000    
 12787200.   10.64183259   10.7068   0.000       0.000      0.6498E-03  0.6908E-06 0.2365    -0.2371      0.000      0.000      0.000      0.000       0.000       0.000       0.000       0.000       0.000       0.000    
 12873600.   10.62726066   10.6894   0.000       0.000      0.6218E-03  0.8433E-06 0.2347    -0.2353      0.000      0.000      0.000      0.000       0.000       0.000       0.000       0.000       0.000       0.000    
 12960000.   10.63112818   10.6944   0.000       0.000      0.6329E-03 -0.2238E-06 0.2350    -0.2356      0.000      0.000      0.000      0.000       0.000       0.000       0.000       0.000       0.000       0.000    
 13046400.   10.62465508   10.6865   0.000       0.000      0.6182E-03  0.3746E-06 0.2342    -0.2348      0.000      0.000      0.000      0.000       0.000       0.000       0.000       0.000       0.000       0.000    
 13132800.   10.61525964   10.6753   0.000       0.000      0.5999E-03  0.5437E-06 0.2329    -0.2335      0.000      0.000      0.000      0.000       0.000       0.000       0.000       0.000       0.000       0.000    
 13219200.   10.60901915   10.6680   0.000       0.000      0.5894E-03  0.3611E-06 0.2320    -0.2326      0.000      0.000      0.000      0.000       0.000       0.000       0.000       0.000       0.000       0.000    
 13305600.   10.59973075   10.6570   0.000       0.000      0.5722E-03  0.5375E-06 0.2306    -0.2312      0.000      0.000      0.000      0.000       0.000       0.000       0.000       0.000       0.000       0.000    
 13392000.   10.61526139   10.6759   0.000       0.000      0.6063E-03 -0.8988E-06 0.2324    -0.2330      0.000      0.000      0.000      0.000       0.000       0.000       0.000       0.000       0.000       0.000    
 13478400.   10.62601587   10.6883   0.000       0.000      0.6225E-03 -0.6224E-06 0.2338    -0.2344      0.000      0.000      0.000      0.000       0.000       0.000       0.000       0.000       0.000       0.000    
 13564800.   10.62212001   10.6830   0.000       0.000      0.6090E-03  0.2255E-06 0.2336    -0.2342      0.000      0.000      0.000      0.000       0.000       0.000       0.000       0.000       0.000       0.000    
 13651200.   10.61523231   10.6746   0.000       0.000      0.5941E-03  0.3986E-06 0.2328    -0.2334      0.000      0.000      0.000      0.000       0.000       0.000       0.000       0.000       0.000       0.000    
 13737600.   10.60597390   10.6636   0.000       0.000      0.5763E-03  0.5358E-06 0.2315    -0.2321      0.000      0.000      0.000      0.000       0.000       0.000       0.000       0.000       0.000       0.000    
 13824000.   10.63742985   10.7016   0.000       0.000      0.6417E-03 -0.1820E-05 0.2353    -0.2359      0.000      0.000      0.000      0.000       0.000       0.000       0.000       0.000       0.000       0.000    
 13910400.   10.68081241   10.7523   0.000       0.000      0.7154E-03 -0.2511E-05 0.2409    -0.2416      0.000      0.000      0.000      0.000       0.000       0.000       0.000       0.000       0.000       0.000    
 13996800.   10.67676103   10.7458   0.000       0.000      0.6900E-03  0.2345E-06 0.2413    -0.2420      0.000      0.000      0.000      0.000       0.000       0.000       0.000       0.000       0.000       0.000    
 14083200.   10.66499791   10.7312   0.000       0.000      0.6624E-03  0.6807E-06 0.2403    -0.2410      0.000      0.000      0.000      0.000       0.000       0.000       0.000       0.000       0.000       0.000    
 14169600.   10.67497333   10.7432   0.000       0.000      0.6822E-03 -0.5773E-06 0.2416    -0.2423      0.000      0.000      0.000      0.000       0.000       0.000       0.000       0.000       0.000       0.000    
 14256000.   10.68273691   10.7520   0.000       0.000      0.6923E-03 -0.4493E-06 0.2428    -0.2435      0.000      0.000      0.000      0.000       0.000       0.000       0.000       0.000       0.000       0.000    
 14342400.   10.72482463   10.8015   0.000       0.000      0.7667E-03 -0.2436E-05 0.2479    -0.2487      0.000      0.000      0.000      0.000       0.000       0.000       0.000       0.000       0.000       0.000    
 14428800.   10.83403377   10.9288   0.000       0.000      0.9478E-03 -0.6320E-05 0.2606    -0.2615      0.000      0.000      0.000      0.000       0.000       0.000       0.000       0.000       0.000       0.000    
 14515200.   10.82354726   10.9126   0.000       0.000      0.8906E-03  0.6069E-06 0.2615    -0.2624      0.000      0.000      0.000      0.000       0.000       0.000       0.000       0.000       0.000       0.000    
 14601600.   10.83696594   10.9273   0.000       0.000      0.9033E-03 -0.7765E-06 0.2639    -0.2648      0.000      0.000      0.000      0.000       0.000       0.000       0.000       0.000       0.000       0.000    
 14688000.   10.87138102   10.9665   0.000       0.000      0.9516E-03 -0.1992E-05 0.2683    -0.2692      0.000      0.000      0.000      0.000       0.000       0.000       0.000       0.000       0.000       0.000    
 14774400.   10.88094562   10.9760   0.000       0.000      0.9508E-03 -0.5535E-06 0.2703    -0.2713      0.000      0.000      0.000      0.000       0.000       0.000       0.000       0.000       0.000       0.000    
 14860800.   10.87060609   10.9627   0.000       0.000      0.9208E-03  0.5984E-06 0.2701    -0.2711      0.000      0.000      0.000      0.000       0.000       0.000       0.000       0.000       0.000       0.000    
 14947200.   10.85911187   10.9486   0.000       0.000      0.8952E-03  0.6652E-06 0.2694    -0.2703      0.000      0.000      0.000      0.000       0.000       0.000       0.000       0.000       0.000       0.000    
 15033600.   10.84273881   10.9291   0.000       0.000      0.8633E-03  0.9475E-06 0.2680    -0.2689      0.000      0.000      0.000      0.000       0.000       0.000       0.000       0.000       0.000       0.000    
 15120000.   10.82455565   10.9076   0.000       0.000      0.8303E-03  0.1052E-05 0.2661    -0.2670      0.000      0.000      0.000      0.000       0.000       0.000       0.000       0.000       0.000       0.000    
 15206400.   10.80436216   10.8839   0.000       0.000      0.7950E-03  0.1169E-05 0.2639    -0.2647      0.000      0.000      0.000      0.000       0.000       0.000       0.000       0.000       0.000       0.000    
 15292800.   10.78336141   10.8593   0.000       0.000      0.7593E-03  0.1215E-05 0.2614    -0.2621      0.000      0.000      0.000      0.000       0.000       0.000       0.000       0.000       0.000       0.000    
 15379200.   10.81326550   10.8949   0.000       0.000      0.8168E-03 -0.1731E-05 0.2641    -0.2649      0.000      0.000      0.000      0.000       0.000       0.000       0.000       0.000       0.000       0.000    
 15465600.   10.82584654   10.9087   0.000       0.000      0.8281E-03 -0.7281E-06 0.2657    -0.2665      0.000      0.000      0.000      0.000       0.000       0.000       0.000       0.000       0.000       0.000    
 15552000.   10.81408624   10.8938   0.000       0.000      0.7975E-03  0.6806E-06 0.2648    -0.2656      0.000      0.000      0.000      0.000       0.000       0.000       0.000       0.000       0.000       0.000    
 15638400.   10.79475795   10.8708   0.000       0.000      0.7600E-03  0.1119E-05 0.2629    -0.2636      0.000      0.000      0.000      0.000       0.000       0.000       0.000       0.000       0.000       0.000    
 15724800.   10.77537678   10.8480   0.000       0.000      0.7263E-03  0.1122E-05 0.2606    -0.2613      0.000      0.000      0.000      0.000       0.000       0.000       0.000       0.000       0.000       0.000    
 15811200.   10.75668209   10.8262   0.000       0.000      0.6953E-03  0.1082E-05 0.2582    -0.2589      0.000      0.000      0.000      0.000       0.000       0.000       0.000       0.000       0.000       0.000    
 15897600.   10.73913502   10.8058   0.000       0.000      0.6670E-03  0.1015E-05 0.2558    -0.2565      0.000      0.000      0.000      0.000       0.000       0.000       0.000       0.000       0.000       0.000    
 15984000.   10.72729149   10.7923   0.000       0.000      0.6496E-03  0.6854E-06 0.2540    -0.2547      0.000      0.000      0.000      0.000       0.000       0.000       0.000       0.000       0.000       0.000    
 16070400.   10.71144053   10.7738   0.000       0.000      0.6233E-03  0.9173E-06 0.2518    -0.2524      0.000      0.000      0.000      0.000       0.000       0.000       0.000       0.000       0.000       0.000    
 16156800.   10.69626839   10.7562   0.000       0.000      0.5993E-03  0.8780E-06 0.2496    -0.2502      0.000      0.000      0.000      0.000       0.000       0.000       0.000       0.000       0.000       0.000    
 16243200.   10.68144183   10.7391   0.000       0.000      0.5762E-03  0.8580E-06 0.2473    -0.2479      0.000      0.000      0.000      0.000       0.000       0.000       0.000       0.000       0.000       0.000    
 16329600.   10.66724320   10.7227   0.000       0.000      0.5545E-03  0.8217E-06 0.2451    -0.2457      0.000      0.000      0.000      0.000       0.000       0.000       0.000       0.000       0.000       0.000    
 16416000.   10.65358901   10.7070   0.000       0.000      0.5339E-03  0.7902E-06 0.2430    -0.2435      0.000      0.000      0.000      0.000       0.000       0.000       0.000       0.000       0.000       0.000    
 16502400.   10.64048035   10.6919   0.000       0.000      0.5144E-03  0.7586E-06 0.2408    -0.2413      0.000      0.000      0.000      0.000       0.000       0.000       0.000       0.000       0.000       0.000    
 16588800.   10.62791658   10.6775   0.000       0.000      0.4960E-03  0.7271E-06 0.2387    -0.2392      0.000      0.000      0.000      0.000       0.000       0.000       0.000       0.000       0.000       0.000    
 16675200.   10.61587496   10.6637   0.000       0.000      0.4786E-03  0.6969E-06 0.2367    -0.2372      0.000      0.000      0.000      0.000       0.000       0.000       0.000       0.000       0.000       0.000    
 16761600.   10.60688497   10.6536   0.000       0.000      0.4674E-03  0.5203E-06 0.2350    -0.2355      0.000      0.000      0.000      0.000       0.000       0.000       0.000       0.000       0.000       0.000    
 16848000.   10.60023541   10.6463   0.000       0.000      0.4602E-03  0.3848E-06 0.2337    -0.2342      0.000      0.000      0.000      0.000       0.000       0.000       0.000       0.000       0.000       0.000    
 16934400.   10.60268666   10.6497   0.000       0.000      0.4706E-03 -0.1419E-06 0.2336    -0.2341      0.000      0.000      0.000      0.000       0.000       0.000       0.000       0.000       0.000       0.000    
 17020800.   10.59978982   10.6465   0.000       0.000      0.4669E-03  0.1676E-06 0.2330    -0.2334      0.000      0.000      0.000      0.000       0.000       0.000       0.000       0.000       0.000       0.000    
 17107200.   10.58869419   10.6334   0.000       0.000      0.4475E-03  0.6421E-06 0.2313    -0.2318      0.000      0.000      0.000      0.000       0.000       0.000       0.000       0.000       0.000       0.000    
 17193600.   10.57847433   10.6218   0.000       0.000      0.4328E-03  0.5914E-06 0.2296    -0.2300      0.000      0.000      0.000      0.000       0.000       0.000       0.000       0.000       0.000       0.000    
 17280000.   10.56821397   10.6101   0.000       0.000      0.4185E-03  0.5938E-06 0.2279    -0.2283      0.000      0.000      0.000      0.000       0.000       0.000       0.000       0.000       0.000       0.000    
 17366400.   10.55813367   10.5986   0.000       0.000      0.4049E-03  0.5834E-06 0.2261    -0.2265      0.000      0.000      0.000      0.000       0.000       0.000       0.000       0.000       0.000       0.000    
 17452800.   10.54841443   10.5876   0.000       0.000      0.3921E-03  0.5625E-06 0.2243    -0.2247      0.000      0.000      0.000      0.000       0.000       0.000       0.000       0.000       0.000       0.000    
 17539200.   10.53906055   10.5771   0.000       0.000      0.3801E-03  0.5413E-06 0.2226    -0.2230      0.000      0.000      0.000      0.000       0.000       0.000       0.000       0.000       0.000       0.000    
 17625600.   10.53006787   10.5669   0.000       0.000      0.3687E-03  0.5204E-06 0.2209    -0.2213      0.000      0.000      0.000      0.000       0.000       0.000       0.000       0.000       0.000       0.000    
 17712000.   10.52515379   10.5618   0.000       0.000      0.3661E-03  0.2844E-06 0.2197    -0.2201      0.000      0.000      0.000      0.000       0.000       0.000       0.000       0.000       0.000       0.000    
 17798400.   10.51690431   10.5524   0.000       0.000      0.3548E-03  0.4774E-06 0.2182    -0.2186      0.000      0.000      0.000      0.000       0.000       0.000       0.000       0.000       0.000       0.000    
 17884800.   10.50851166   10.5429   0.000       0.000      0.3440E-03  0.4857E-06 0.2166    -0.2169      0.000      0.000      0.000      0.000       0.000       0.000       0.000       0.000       0.000       0.000    
 17971200.   10.50050277   10.5339   0.000       0.000      0.3343E-03  0.4635E-06 0.2150    -0.2154      0.000      0.000      0.000      0.000       0.000       0.000       0.000       0.000       0.000       0.000    
 18057600.   10.49279880   10.5253   0.000       0.000      0.3253E-03  0.4458E-06 0.2135    -0.2138      0.000      0.000      0.000      0.000     -0.4705E-06   0.000       0.000       0.000       0.000       0.000    
 18144000.   10.48535824   10.5170   0.000       0.000      0.3167E-03  0.4306E-06 0.2120    -0.2123      0.000      0.000      0.000      0.000     -0.8905E-06   0.000       0.000       0.000       0.000       0.000    
 18230400.   10.47815891   10.5090   0.000       0.000      0.3085E-03  0.4166E-06 0.2105    -0.2108      0.000      0.000      0.000      0.000     -0.1113E-05   0.000       0.000       0.000       0.000       0.000    
 18316800.   10.47118825   10.5013   0.000       0.000      0.3008E-03  0.4034E-06 0.2091    -0.2094      0.000      0.000      0.000      0.000     -0.1267E-05   0.000       0.000       0.000       0.000       0.000    
 18403200.   10.46442603   10.4938   0.000       0.000      0.2934E-03  0.3913E-06 0.2077    -0.2080      0.000      0.000      0.000      0.000     -0.1381E-05   0.000       0.000       0.000       0.000       0.000    
 18489600.   10.45786173   10.4865   0.000       0.000      0.2864E-03  0.3799E-06 0.2063    -0.2066      0.000      0.000      0.000      0.000     -0.1468E-05   0.000       0.000       0.000       0.000       0.000    
 18576000.   10.45148673   10.4795   0.000       0.000      0.2797E-03  0.3689E-06 0.2049    -0.2052      0.000      0.000      0.000      0.000     -0.1535E-05   0.000       0.000       0.000       0.000       0.000    
 18662400.   10.44528814   10.4726   0.000       0.000      0.2732E-03  0.3587E-06 0.2036    -0.2038      0.000      0.000      0.000      0.000     -0.1587E-05   0.000       0.000       0.000       0.000       0.000    
 18748800.   10.43925831   10.4660   0.000       0.000      0.2671E-03  0.3489E-06 0.2022    -0.2025      0.000      0.000      0.000      0.000     -0.1627E-05   0.000       0.000       0.000       0.000       0.000    
 18835200.   10.44075446   10.4686   0.000       0.000      0.2784E-03 -0.8658E-07 0.2021    -0.2024      0.000      0.000      0.000      0.000      0.4112E-06   0.000       0.000       0.000       0.000       0.000    
 18921600.   10.43575081   10.4629   0.000       0.000      0.2715E-03  0.2896E-06 0.2011    -0.2014      0.000      0.000      0.000      0.000     -0.1394E-05   0.000       0.000       0.000       0.000       0.000    
 19008000.   10.42927331   10.4556   0.000       0.000      0.2630E-03  0.3749E-06 0.1998    -0.2001      0.000      0.000      0.000      0.000     -0.1881E-05   0.000       0.000       0.000       0.000       0.000    
 19094400.   10.42320913   10.4488   0.000       0.000      0.2564E-03  0.3509E-06 0.1985    -0.1988      0.000      0.000      0.000      0.000     -0.1834E-05   0.000       0.000       0.000       0.000       0.000    
 19180800.   10.41742790   10.4425   0.000       0.000      0.2505E-03  0.3346E-06 0.1972    -0.1975      0.000      0.000      0.000      0.000     -0.1812E-05   0.000       0.000       0.000       0.000       0.000    
 19267200.   10.41203461   10.4366   0.000       0.000      0.2454E-03  0.3121E-06 0.1960    -0.1963      0.000      0.000      0.000      0.000     -0.1743E-05   0.000       0.000       0.000       0.000       0.000    
 19353600.   10.40663427   10.4306   0.000       0.000      0.2400E-03  0.3125E-06 0.1948    -0.1950      0.000      0.000      0.000      0.000     -0.1795E-05   0.000       0.000       0.000       0.000       0.000    
 19440000.   10.40140272   10.4249   0.000       0.000      0.2351E-03  0.3028E-06 0.1936    -0.1938      0.000      0.000      0.000      0.000     -0.1784E-05   0.000       0.000       0.000       0.000       0.000    
 19526400.   10.39632311   10.4194   0.000       0.000      0.2303E-03  0.2940E-06 0.1924    -0.1927      0.000      0.000      0.000      0.000     -0.1773E-05   0.000       0.000       0.000       0.000       0.000    
 19612800.   10.39138152   10.4140   0.000       0.000      0.2258E-03  0.2860E-06 0.1913    -0.1915      0.000      0.000      0.000      0.000     -0.1762E-05   0.000       0.000       0.000       0.000       0.000    
 19699200.   10.38656531   10.4087   0.000       0.000      0.2214E-03  0.2787E-06 0.1902    -0.1904      0.000      0.000      0.000      0.000     -0.1751E-05   0.000       0.000       0.000       0.000       0.000    
 19785600.   10.38186733   10.4036   0.000       0.000      0.2173E-03  0.2719E-06 0.1890    -0.1893      0.000      0.000      0.000      0.000     -0.1740E-05   0.000       0.000       0.000       0.000       0.000    
 19872000.   10.37728127   10.3986   0.000       0.000      0.2132E-03  0.2654E-06 0.1880    -0.1882      0.000      0.000      0.000      0.000     -0.1727E-05   0.000       0.000       0.000       0.000       0.000    
 19958400.   10.37959593   10.4022   0.000       0.000      0.2264E-03 -0.1340E-06 0.1880    -0.1883      0.000      0.000      0.000      0.000      0.8754E-06   0.000       0.000       0.000       0.000       0.000    
 20044800.   10.38440146   10.4087   0.000       0.000      0.2425E-03 -0.2781E-06 0.1887    -0.1889      0.000      0.000      0.000      0.000      0.1794E-05   0.000       0.000       0.000       0.000       0.000    
 20131200.   10.37809806   10.4010   0.000       0.000      0.2291E-03  0.3648E-06 0.1875    -0.1878      0.000      0.000      0.000      0.000     -0.2360E-05   0.000       0.000       0.000       0.000       0.000    
 20217600.   10.37467424   10.3974   0.000       0.000      0.2275E-03  0.1981E-06 0.1867    -0.1870      0.000      0.000      0.000      0.000     -0.1304E-05   0.000       0.000       0.000       0.000       0.000    
 20304000.   10.37077370   10.3932   0.000       0.000      0.2240E-03  0.2257E-06 0.1858    -0.1861      0.000      0.000      0.000      0.000     -0.1505E-05   0.000       0.000       0.000       0.000       0.000    
 20390400.   10.36562643   10.3874   0.000       0.000      0.2176E-03  0.2979E-06 0.1847    -0.1849      0.000      0.000      0.000      0.000     -0.2015E-05   0.000       0.000       0.000       0.000       0.000    
 20476800.   10.36077562   10.3820   0.000       0.000      0.2125E-03  0.2807E-06 0.1836    -0.1838      0.000      0.000      0.000      0.000     -0.1929E-05   0.000       0.000       0.000       0.000       0.000    
 20563200.   10.35614805   10.3769   0.000       0.000      0.2079E-03  0.2678E-06 0.1825    -0.1827      0.000      0.000      0.000      0.000     -0.1867E-05   0.000       0.000       0.000       0.000       0.000    
 20649600.   10.35170231   10.3721   0.000       0.000      0.2036E-03  0.2573E-06 0.1814    -0.1816      0.000      0.000      0.000      0.000     -0.1817E-05   0.000       0.000       0.000       0.000       0.000    
 20736000.   10.34741069   10.3674   0.000       0.000      0.1995E-03  0.2484E-06 0.1804    -0.1806      0.000      0.000      0.000      0.000     -0.1776E-05   0.000       0.000       0.000       0.000       0.000    
 20822400.   10.34325386   10.3628   0.000       0.000      0.1957E-03  0.2406E-06 0.1793    -0.1795      0.000      0.000      0.000      0.000     -0.1740E-05   0.000       0.000       0.000       0.000       0.000    
 20908800.   10.33921921   10.3584   0.000       0.000      0.1921E-03  0.2335E-06 0.1783    -0.1785      0.000      0.000      0.000      0.000     -0.1707E-05   0.000       0.000       0.000       0.000       0.000    
 20995200.   10.33529537   10.3542   0.000       0.000      0.1886E-03  0.2271E-06 0.1774    -0.1775      0.000      0.000      0.000      0.000     -0.1676E-05   0.000       0.000       0.000       0.000       0.000    
 21081600.   10.33147390   10.3500   0.000       0.000      0.1852E-03  0.2211E-06 0.1764    -0.1766      0.000      0.000      0.000      0.000     -0.1648E-05   0.000       0.000       0.000       0.000       0.000    
 21168000.   10.32774628   10.3460   0.000       0.000      0.1820E-03  0.2157E-06 0.1754    -0.1756      0.000      0.000      0.000      0.000     -0.1622E-05   0.000       0.000       0.000       0.000       0.000    
 21254400.   10.32410578   10.3420   0.000       0.000      0.1790E-03  0.2107E-06 0.1745    -0.1747      0.000      0.000      0.000      0.000     -0.1598E-05   0.000       0.000       0.000       0.000       0.000    
 21340800.   10.32054723   10.3382   0.000       0.000      0.1760E-03  0.2059E-06 0.1736    -0.1737      0.000      0.000      0.000      0.000     -0.1574E-05   0.000       0.000       0.000       0.000       0.000    
 21427200.   10.31706590   10.3344   0.000       0.000      0.1732E-03  0.2015E-06 0.1726    -0.1728      0.000      0.000      0.000      0.000     -0.1552E-05   0.000       0.000       0.000       0.000       0.000    
 21513600.   10.31461231   10.3319   0.000       0.000      0.1731E-03  0.1420E-06 0.1719    -0.1721      0.000      0.000      0.000      0.000     -0.1101E-05   0.000       0.000       0.000       0.000       0.000    
 21600000.   10.32165716   10.3415   0.000       0.000      0.1982E-03 -0.4077E-06 0.1730    -0.1732      0.000      0.000      0.000      0.000      0.3145E-05   0.000       0.000       0.000       0.000       0.000    
 21686400.   10.31680289   10.3354   0.000       0.000      0.1858E-03  0.2809E-06 0.1721    -0.1723      0.000      0.000      0.000      0.000     -0.2162E-05   0.000       0.000       0.000       0.000       0.000    
 21772800.   10.31246254   10.3305   0.000       0.000      0.1802E-03  0.2512E-06 0.1711    -0.1713      0.000      0.000      0.000      0.000     -0.1952E-05   0.000       0.000       0.000       0.000       0.000    
 21859200.   10.30852040   10.3261   0.000       0.000      0.1760E-03  0.2281E-06 0.1701    -0.1703      0.000      0.000      0.000      0.000     -0.1788E-05   0.000       0.000       0.000       0.000       0.000    
 21945600.   10.30482378   10.3221   0.000       0.000      0.1725E-03  0.2139E-06 0.1692    -0.1693      0.000      0.000      0.000      0.000     -0.1690E-05   0.000       0.000       0.000       0.000       0.000    
 22032000.   10.30130146   10.3182   0.000       0.000      0.1692E-03  0.2038E-06 0.1683    -0.1684      0.000      0.000      0.000      0.000     -0.1621E-05   0.000       0.000       0.000       0.000       0.000    
 22118400.   10.29791332   10.3145   0.000       0.000      0.1662E-03  0.1961E-06 0.1674    -0.1675      0.000      0.000      0.000      0.000     -0.1570E-05   0.000       0.000       0.000       0.000       0.000    
 22204800.   10.29463601   10.3110   0.000       0.000      0.1634E-03  0.1897E-06 0.1665    -0.1666      0.000      0.000      0.000      0.000     -0.1528E-05   0.000       0.000       0.000       0.000       0.000    
 22291200.   10.29145364   10.3075   0.000       0.000      0.1607E-03  0.1842E-06 0.1656    -0.1658      0.000      0.000      0.000      0.000     -0.1492E-05   0.000       0.000       0.000       0.000       0.000    
 22377600.   10.28835539   10.3042   0.000       0.000      0.1581E-03  0.1793E-06 0.1648    -0.1649      0.000      0.000      0.000      0.000     -0.1461E-05   0.000       0.000       0.000       0.000       0.000    
 22464000.   10.29674474   10.3155   0.000       0.000      0.1880E-03 -0.4855E-06 0.1662    -0.1664      0.000      0.000      0.000      0.000      0.3937E-05   0.000       0.000       0.000       0.000       0.000    
 22550400.   10.29358623   10.3115   0.000       0.000      0.1787E-03  0.1828E-06 0.1656    -0.1658      0.000      0.000      0.000      0.000     -0.1475E-05   0.000       0.000       0.000       0.000       0.000    
 22636800.   10.29236486   10.3104   0.000       0.000      0.1803E-03  0.7068E-07 0.1652    -0.1654      0.000      0.000      0.000      0.000     -0.5728E-06   0.000       0.000       0.000       0.000       0.000    
 22723200.   10.32201318   10.3487   0.000       0.000      0.2666E-03 -0.1716E-05 0.1708    -0.1711      0.000      0.000      0.000      0.000      0.1353E-04   0.000       0.000       0.000       0.000       0.000    
 22809600.   10.32052321   10.3455   0.000       0.000      0.2501E-03  0.8622E-07 0.1710    -0.1713      0.000      0.000      0.000      0.000     -0.6607E-06   0.000       0.000       0.000       0.000       0.000    
 22896000.   10.31795857   10.3425   0.000       0.000      0.2449E-03  0.1484E-06 0.1707    -0.1709      0.000      0.000      0.000      0.000     -0.1142E-05   0.000       0.000       0.000       0.000       0.000    
 22982400.   10.31510402   10.3392   0.000       0.000      0.2410E-03  0.1652E-06 0.1702    -0.1704      0.000      0.000      0.000      0.000     -0.1279E-05   0.000       0.000       0.000       0.000       0.000    
 23068800.   10.31207016   10.3358   0.000       0.000      0.2373E-03  0.1756E-06 0.1695    -0.1698      0.000      0.000      0.000      0.000     -0.1367E-05   0.000       0.000       0.000       0.000       0.000    
 23155200.   10.30838944   10.3316   0.000       0.000      0.2321E-03  0.2130E-06 0.1687    -0.1690      0.000      0.000      0.000      0.000     -0.1670E-05   0.000       0.000       0.000       0.000       0.000    
 23241600.   10.30450246   10.3272   0.000       0.000      0.2266E-03  0.2249E-06 0.1678    -0.1681      0.000      0.000      0.000      0.000     -0.1777E-05   0.000       0.000       0.000       0.000       0.000    
 23328000.   10.30041181   10.3225   0.000       0.000      0.2207E-03  0.2367E-06 0.1669    -0.1671      0.000      0.000      0.000      0.000     -0.1885E-05   0.000       0.000       0.000       0.000       0.000    
 23414400.   10.29635063   10.3178   0.000       0.000      0.2149E-03  0.2350E-06 0.1659    -0.1661      0.000      0.000      0.000      0.000     -0.1886E-05   0.000       0.000       0.000       0.000       0.000    
 23500800.   10.29251628   10.3135   0.000       0.000      0.2098E-03  0.2219E-06 0.1649    -0.1651      0.000      0.000      0.000      0.000     -0.1793E-05   0.000       0.000       0.000       0.000       0.000    
 23587200.   10.28881976   10.3093   0.000       0.000      0.2048E-03  0.2139E-06 0.1640    -0.1642      0.000      0.000      0.000      0.000     -0.1741E-05   0.000       0.000       0.000       0.000       0.000    
 23673600.   10.28518561   10.3052   0.000       0.000      0.1998E-03  0.2103E-06 0.1630    -0.1633      0.000      0.000      0.000      0.000     -0.1722E-05   0.000       0.000       0.000       0.000       0.000    
 23760000.   10.28154642   10.3010   0.000       0.000      0.1947E-03  0.2106E-06 0.1621    -0.1623      0.000      0.000      0.000      0.000     -0.1735E-05   0.000       0.000       0.000       0.000       0.000    
 23846400.   10.27801711   10.2970   0.000       0.000      0.1898E-03  0.2042E-06 0.1612    -0.1614      0.000      0.000      0.000      0.000     -0.1693E-05   0.000       0.000       0.000       0.000       0.000    
 23932800.   10.27465032   10.2932   0.000       0.000      0.1853E-03  0.1948E-06 0.1603    -0.1605      0.000      0.000      0.000      0.000     -0.1624E-05   0.000       0.000       0.000       0.000       0.000    
 24019200.   10.27141567   10.2895   0.000       0.000      0.1810E-03  0.1872E-06 0.1594    -0.1596      0.000      0.000      0.000      0.000     -0.1568E-05   0.000       0.000       0.000       0.000       0.000    
 24105600.   10.26828324   10.2860   0.000       0.000      0.1769E-03  0.1813E-06 0.1585    -0.1587      0.000      0.000      0.000      0.000     -0.1526E-05   0.000       0.000       0.000       0.000       0.000    
 24192000.   10.26521634   10.2825   0.000       0.000      0.1730E-03  0.1775E-06 0.1577    -0.1579      0.000      0.000      0.000      0.000     -0.1501E-05   0.000       0.000       0.000       0.000       0.000    
 24278400.   10.26220804   10.2791   0.000       0.000      0.1691E-03  0.1741E-06 0.1569    -0.1570      0.000      0.000      0.000      0.000     -0.1479E-05   0.000       0.000       0.000       0.000       0.000    
 24364800.   10.25927930   10.2758   0.000       0.000      0.1655E-03  0.1695E-06 0.1560    -0.1562      0.000      0.000      0.000      0.000     -0.1446E-05   0.000       0.000       0.000       0.000       0.000    
 24451200.   10.25643694   10.2726   0.000       0.000      0.1621E-03  0.1645E-06 0.1552    -0.1554      0.000      0.000      0.000      0.000     -0.1409E-05   0.000       0.000       0.000       0.000       0.000    
 24537600.   10.25367444   10.2696   0.000       0.000      0.1589E-03  0.1599E-06 0.1544    -0.1546      0.000      0.000      0.000      0.000     -0.1375E-05   0.000       0.000       0.000       0.000       0.000    
 24624000.   10.25098570   10.2666   0.000       0.000      0.1559E-03  0.1556E-06 0.1537    -0.1538      0.000      0.000      0.000      0.000     -0.1343E-05   0.000       0.000       0.000       0.000       0.000    
 24710400.   10.24836197   10.2637   0.000       0.000      0.1530E-03  0.1518E-06 0.1529    -0.1530      0.000      0.000      0.000      0.000     -0.1316E-05   0.000       0.000       0.000       0.000       0.000    
 24796800.   10.24579845   10.2608   0.000       0.000      0.1502E-03  0.1484E-06 0.1521    -0.1523      0.000      0.000      0.000      0.000     -0.1290E-05   0.000       0.000       0.000       0.000       0.000    
 24883200.   10.24343479   10.2582   0.000       0.000      0.1480E-03  0.1368E-06 0.1514    -0.1516      0.000      0.000      0.000      0.000     -0.1193E-05   0.000       0.000       0.000       0.000       0.000    
 24969600.   10.24385927   10.2593   0.000       0.000      0.1549E-03 -0.2456E-07 0.1513    -0.1515      0.000      0.000      0.000      0.000      0.2145E-06   0.000       0.000       0.000       0.000       0.000    
 25056000.   10.24119001   10.2561   0.000       0.000      0.1493E-03  0.1545E-06 0.1506    -0.1508      0.000      0.000      0.000      0.000     -0.1351E-05   0.000       0.000       0.000       0.000       0.000    
 25142400.   10.23859892   10.2532   0.000       0.000      0.1461E-03  0.1499E-06 0.1499    -0.1500      0.000      0.000      0.000      0.000     -0.1316E-05   0.000       0.000       0.000       0.000       0.000    
 25228800.   10.24159604   10.2578   0.000       0.000      0.1617E-03 -0.1734E-06 0.1503    -0.1505      0.000      0.000      0.000      0.000      0.1521E-05   0.000       0.000       0.000       0.000       0.000    
 25315200.   10.23916392   10.2546   0.000       0.000      0.1547E-03  0.1407E-06 0.1498    -0.1499      0.000      0.000      0.000      0.000     -0.1234E-05   0.000       0.000       0.000       0.000       0.000    
 25401600.   10.23964546   10.2558   0.000       0.000      0.1613E-03 -0.2787E-07 0.1497    -0.1499      0.000      0.000      0.000      0.000      0.2446E-06   0.000       0.000       0.000       0.000       0.000    
 25488000.   10.23987080   10.2564   0.000       0.000      0.1650E-03 -0.1304E-07 0.1497    -0.1499      0.000      0.000      0.000      0.000      0.1144E-06   0.000       0.000       0.000       0.000       0.000    
 25574400.   10.24185341   10.2593   0.000       0.000      0.1745E-03 -0.1147E-06 0.1500    -0.1502      0.000      0.000      0.000      0.000      0.1005E-05   0.000       0.000       0.000       0.000       0.000    
 25660800.   10.23968784   10.2566   0.000       0.000      0.1687E-03  0.1253E-06 0.1496    -0.1497      0.000      0.000      0.000      0.000     -0.1098E-05   0.000       0.000       0.000       0.000       0.000    
 25747200.   10.24395851   10.2627   0.000       0.000      0.1874E-03 -0.2471E-06 0.1504    -0.1506      0.000      0.000      0.000      0.000      0.2163E-05   0.000       0.000       0.000       0.000       0.000    
 25833600.   10.26755900   10.2938   0.000       0.000      0.2623E-03 -0.1366E-05 0.1553    -0.1556      0.000      0.000      0.000      0.000      0.1173E-04   0.000       0.000       0.000       0.000       0.000    
 25920000.   10.30004819   10.3342   0.000       0.000      0.3413E-03 -0.1880E-05 0.1624    -0.1627      0.000      0.000      0.000      0.000      0.1547E-04   0.000       0.000       0.000       0.000       0.000    
 26006400.   10.33287614   10.3739   0.000       0.000      0.4101E-03 -0.1900E-05 0.1695    -0.1699      0.000      0.000      0.000      0.000      0.1470E-04   0.000       0.000       0.000       0.000       0.000    
 26092800.   10.34059137   10.3817   0.000       0.000      0.4115E-03 -0.4465E-06 0.1720    -0.1724      0.000      0.000      0.000      0.000      0.3300E-05   0.000       0.000       0.000       0.000       0.000    
 26179200.   10.33633879   10.3758   0.000       0.000      0.3943E-03  0.2461E-06 0.1719    -0.1723      0.000      0.000      0.000      0.000     -0.1811E-05   0.000       0.000       0.000       0.000       0.000    
 26265600.   10.33020882   10.3682   0.000       0.000      0.3796E-03  0.3547E-06 0.1711    -0.1715      0.000      0.000      0.000      0.000     -0.2644E-05   0.000       0.000       0.000       0.000       0.000    
 26352000.   10.32383301   10.3605   0.000       0.000      0.3663E-03  0.3690E-06 0.1700    -0.1704      0.000      0.000      0.000      0.000     -0.2791E-05   0.000       0.000       0.000       0.000       0.000    
 26438400.   10.31760375   10.3530   0.000       0.000      0.3540E-03  0.3605E-06 0.1688    -0.1691      0.000      0.000      0.000      0.000     -0.2766E-05   0.000       0.000       0.000       0.000       0.000    
 26524800.   10.31155329   10.3458   0.000       0.000      0.3422E-03  0.3501E-06 0.1675    -0.1679      0.000      0.000      0.000      0.000     -0.2722E-05   0.000       0.000       0.000       0.000       0.000    
 26611200.   10.30547200   10.3385   0.000       0.000      0.3300E-03  0.3519E-06 0.1662    -0.1666      0.000      0.000      0.000      0.000     -0.2769E-05   0.000       0.000       0.000       0.000       0.000    
 26697600.   10.29979833   10.3317   0.000       0.000      0.3189E-03  0.3283E-06 0.1650    -0.1653      0.000      0.000      0.000      0.000     -0.2614E-05   0.000       0.000       0.000       0.000       0.000    
 26784000.   10.29439193   10.3252   0.000       0.000      0.3081E-03  0.3129E-06 0.1637    -0.1640      0.000      0.000      0.000      0.000     -0.2516E-05   0.000       0.000       0.000       0.000       0.000    
 26870400.   10.31288985   10.3492   0.000       0.000      0.3636E-03 -0.1070E-05 0.1671    -0.1675      0.000      0.000      0.000      0.000      0.8504E-05   0.000       0.000       0.000       0.000       0.000    
 26956800.   10.32430772   10.3629   0.000       0.000      0.3855E-03 -0.6608E-06 0.1695    -0.1699      0.000      0.000      0.000      0.000      0.5092E-05   0.000       0.000       0.000       0.000       0.000    
 27043200.   10.33495312   10.3756   0.000       0.000      0.4069E-03 -0.6161E-06 0.1718    -0.1722      0.000      0.000      0.000      0.000      0.4632E-05   0.000       0.000       0.000       0.000       0.000    
 27129600.   10.33800161   10.3788   0.000       0.000      0.4082E-03 -0.1764E-06 0.1728    -0.1732      0.000      0.000      0.000      0.000      0.1305E-05   0.000       0.000       0.000       0.000       0.000    
 27216000.   10.34400799   10.3861   0.000       0.000      0.4210E-03 -0.3476E-06 0.1741    -0.1745      0.000      0.000      0.000      0.000      0.2542E-05   0.000       0.000       0.000       0.000       0.000    
 27302400.   10.35950776   10.4052   0.000       0.000      0.4572E-03 -0.8970E-06 0.1771    -0.1776      0.000      0.000      0.000      0.000      0.6374E-05   0.000       0.000       0.000       0.000       0.000    
 27388800.   10.39025525   10.4428   0.000       0.000      0.5254E-03 -0.1779E-05 0.1829    -0.1834      0.000      0.000      0.000      0.000      0.1176E-04   0.000       0.000       0.000       0.000       0.000    
 27475200.   10.41666025   10.4739   0.000       0.000      0.5727E-03 -0.1528E-05 0.1880    -0.1885      0.000      0.000      0.000      0.000      0.9017E-05   0.000       0.000       0.000       0.000       0.000    
 27561600.   10.41325983   10.4682   0.000       0.000      0.5493E-03  0.1968E-06 0.1883    -0.1888      0.000      0.000      0.000      0.000     -0.1098E-05   0.000       0.000       0.000       0.000       0.000    
 27648000.   10.40613867   10.4591   0.000       0.000      0.5293E-03  0.4121E-06 0.1876    -0.1881      0.000      0.000      0.000      0.000     -0.2362E-05   0.000       0.000       0.000       0.000       0.000    
 27734400.   10.39727709   10.4481   0.000       0.000      0.5084E-03  0.5128E-06 0.1863    -0.1868      0.000      0.000      0.000      0.000     -0.3053E-05   0.000       0.000       0.000       0.000       0.000    
 27820800.   10.38985666   10.4391   0.000       0.000      0.4927E-03  0.4294E-06 0.1851    -0.1856      0.000      0.000      0.000      0.000     -0.2648E-05   0.000       0.000       0.000       0.000       0.000    
 27907200.   10.38427679   10.4324   0.000       0.000      0.4813E-03  0.3229E-06 0.1841    -0.1846      0.000      0.000      0.000      0.000     -0.2044E-05   0.000       0.000       0.000       0.000       0.000    
 27993600.   10.39816843   10.4499   0.000       0.000      0.5172E-03 -0.8039E-06 0.1864    -0.1869      0.000      0.000      0.000      0.000      0.5005E-05   0.000       0.000       0.000       0.000       0.000    
 28080000.   10.41864809   10.4746   0.000       0.000      0.5591E-03 -0.1185E-05 0.1899    -0.1905      0.000      0.000      0.000      0.000      0.6833E-05   0.000       0.000       0.000       0.000       0.000    
 28166400.   10.42877938   10.4859   0.000       0.000      0.5715E-03 -0.5863E-06 0.1920    -0.1926      0.000      0.000      0.000      0.000      0.3112E-05   0.000       0.000       0.000       0.000       0.000    
 28252800.   10.42315216   10.4782   0.000       0.000      0.5501E-03  0.3256E-06 0.1916    -0.1921      0.000      0.000      0.000      0.000     -0.1705E-05   0.000       0.000       0.000       0.000       0.000    
 28339200.   10.41485374   10.4677   0.000       0.000      0.5289E-03  0.4802E-06 0.1905    -0.1910      0.000      0.000      0.000      0.000     -0.2620E-05   0.000       0.000       0.000       0.000       0.000    
 28425600.   10.40601840   10.4569   0.000       0.000      0.5088E-03  0.5113E-06 0.1890    -0.1895      0.000      0.000      0.000      0.000     -0.2920E-05   0.000       0.000       0.000       0.000       0.000    
 28512000.   10.39723027   10.4462   0.000       0.000      0.4897E-03  0.5086E-06 0.1875    -0.1880      0.000      0.000      0.000      0.000     -0.3029E-05   0.000       0.000       0.000       0.000       0.000    
 28598400.   10.38869057   10.4358   0.000       0.000      0.4714E-03  0.4942E-06 0.1859    -0.1864      0.000      0.000      0.000      0.000     -0.3055E-05   0.000       0.000       0.000       0.000       0.000    
 28684800.   10.38047052   10.4259   0.000       0.000      0.4539E-03  0.4757E-06 0.1843    -0.1848      0.000      0.000      0.000      0.000     -0.3040E-05   0.000       0.000       0.000       0.000       0.000    
 28771200.   10.37257437   10.4163   0.000       0.000      0.4372E-03  0.4570E-06 0.1827    -0.1832      0.000      0.000      0.000      0.000     -0.3006E-05   0.000       0.000       0.000       0.000       0.000    
 28857600.   10.36501589   10.4071   0.000       0.000      0.4212E-03  0.4374E-06 0.1812    -0.1816      0.000      0.000      0.000      0.000     -0.2953E-05   0.000       0.000       0.000       0.000       0.000    
 28944000.   10.35769950   10.3983   0.000       0.000      0.4057E-03  0.4234E-06 0.1796    -0.1801      0.000      0.000      0.000      0.000     -0.2926E-05   0.000       0.000       0.000       0.000       0.000    
 29030400.   10.35059055   10.3897   0.000       0.000      0.3907E-03  0.4114E-06 0.1781    -0.1785      0.000      0.000      0.000      0.000     -0.2904E-05   0.000       0.000       0.000       0.000       0.000    
 29116800.   10.34377616   10.3814   0.000       0.000      0.3764E-03  0.3944E-06 0.1766    -0.1770      0.000      0.000      0.000      0.000     -0.2838E-05   0.000       0.000       0.000       0.000       0.000    
 29203200.   10.33714101   10.3734   0.000       0.000      0.3626E-03  0.3840E-06 0.1751    -0.1755      0.000      0.000      0.000      0.000     -0.2812E-05   0.000       0.000       0.000       0.000       0.000    
 29289600.   10.33080847   10.3658   0.000       0.000      0.3495E-03  0.3665E-06 0.1737    -0.1740      0.000      0.000      0.000      0.000     -0.2727E-05   0.000       0.000       0.000       0.000       0.000    
 29376000.   10.32479989   10.3585   0.000       0.000      0.3373E-03  0.3477E-06 0.1723    -0.1726      0.000      0.000      0.000      0.000     -0.2626E-05   0.000       0.000       0.000       0.000       0.000    
 29462400.   10.31908111   10.3517   0.000       0.000      0.3257E-03  0.3309E-06 0.1709    -0.1713      0.000      0.000      0.000      0.000     -0.2532E-05   0.000       0.000       0.000       0.000       0.000    
 29548800.   10.31359584   10.3451   0.000       0.000      0.3147E-03  0.3174E-06 0.1696    -0.1699      0.000      0.000      0.000      0.000     -0.2458E-05   0.000       0.000       0.000       0.000       0.000    
 29635200.   10.30831277   10.3387   0.000       0.000      0.3043E-03  0.3057E-06 0.1683    -0.1686      0.000      0.000      0.000      0.000     -0.2394E-05   0.000       0.000       0.000       0.000       0.000    
 29721600.   10.30323449   10.3327   0.000       0.000      0.2944E-03  0.2939E-06 0.1671    -0.1674      0.000      0.000      0.000      0.000     -0.2325E-05   0.000       0.000       0.000       0.000       0.000    
 29808000.   10.29829344   10.3268   0.000       0.000      0.2848E-03  0.2859E-06 0.1658    -0.1661      0.000      0.000      0.000      0.000     -0.2284E-05   0.000       0.000       0.000       0.000       0.000    
 29894400.   10.29351335   10.3211   0.000       0.000      0.2757E-03  0.2766E-06 0.1646    -0.1649      0.000      0.000      0.000      0.000     -0.2230E-05   0.000       0.000       0.000       0.000       0.000    
 29980800.   10.28888775   10.3156   0.000       0.000      0.2671E-03  0.2677E-06 0.1634    -0.1637      0.000      0.000      0.000      0.000     -0.2176E-05   0.000       0.000       0.000       0.000       0.000    
 30067200.   10.28446184   10.3104   0.000       0.000      0.2589E-03  0.2561E-06 0.1623    -0.1626      0.000      0.000      0.000      0.000     -0.2098E-05   0.000       0.000       0.000       0.000       0.000    
 30153600.   10.28021164   10.3053   0.000       0.000      0.2512E-03  0.2460E-06 0.1612    -0.1614      0.000      0.000      0.000      0.000     -0.2030E-05   0.000       0.000       0.000       0.000       0.000    
 30240000.   10.27612943   10.3005   0.000       0.000      0.2439E-03  0.2362E-06 0.1601    -0.1603      0.000      0.000      0.000      0.000     -0.1963E-05   0.000       0.000       0.000       0.000       0.000    
 30326400.   10.27219100   10.2959   0.000       0.000      0.2368E-03  0.2279E-06 0.1590    -0.1593      0.000      0.000      0.000      0.000     -0.1906E-05   0.000       0.000       0.000       0.000       0.000    
 30412800.   10.26838483   10.2914   0.000       0.000      0.2302E-03  0.2203E-06 0.1580    -0.1582      0.000      0.000      0.000      0.000     -0.1853E-05   0.000       0.000       0.000       0.000       0.000    
 30499200.   10.26470738   10.2871   0.000       0.000      0.2239E-03  0.2128E-06 0.1570    -0.1572      0.000      0.000      0.000      0.000     -0.1801E-05   0.000       0.000       0.000       0.000       0.000    
 30585600.   10.26114268   10.2829   0.000       0.000      0.2180E-03  0.2063E-06 0.1560    -0.1562      0.000      0.000      0.000      0.000     -0.1755E-05   0.000       0.000       0.000       0.000       0.000    
 30672000.   10.25769099   10.2789   0.000       0.000      0.2124E-03  0.1998E-06 0.1550    -0.1552      0.000      0.000      0.000      0.000     -0.1708E-05   0.000       0.000       0.000       0.000       0.000    
 30758400.   10.25434545   10.2751   0.000       0.000      0.2071E-03  0.1936E-06 0.1541    -0.1543      0.000      0.000      0.000      0.000     -0.1663E-05   0.000       0.000       0.000       0.000       0.000    
 30844800.   10.25109943   10.2713   0.000       0.000      0.2020E-03  0.1878E-06 0.1532    -0.1534      0.000      0.000      0.000      0.000     -0.1621E-05   0.000       0.000       0.000       0.000       0.000    
 30931200.   10.24794069   10.2677   0.000       0.000      0.1972E-03  0.1828E-06 0.1522    -0.1524      0.000      0.000      0.000      0.000     -0.1584E-05   0.000       0.000       0.000       0.000       0.000    
 31017600.   10.24486569   10.2641   0.000       0.000      0.1926E-03  0.1780E-06 0.1513    -0.1515      0.000      0.000      0.000      0.000     -0.1548E-05   0.000       0.000       0.000       0.000       0.000    
 31104000.   10.24187702   10.2607   0.000       0.000      0.1882E-03  0.1730E-06 0.1505    -0.1507      0.000      0.000      0.000      0.000     -0.1511E-05   0.000       0.000       0.000       0.000       0.000    
 31190400.   10.23896970   10.2574   0.000       0.000      0.1841E-03  0.1682E-06 0.1496    -0.1498      0.000      0.000      0.000      0.000     -0.1475E-05   0.000       0.000       0.000       0.000       0.000    
 31276800.   10.23664165   10.2548   0.000       0.000      0.1818E-03  0.1347E-06 0.1489    -0.1491      0.000      0.000      0.000      0.000     -0.1185E-05   0.000       0.000       0.000       0.000       0.000    
 31363200.   10.23383763   10.2516   0.000       0.000      0.1774E-03  0.1623E-06 0.1480    -0.1482      0.000      0.000      0.000      0.000     -0.1432E-05   0.000       0.000       0.000       0.000       0.000    
 31449600.   10.23111347   10.2485   0.000       0.000      0.1737E-03  0.1576E-06 0.1472    -0.1474      0.000      0.000      0.000      0.000     -0.1396E-05   0.000       0.000       0.000       0.000       0.000    
 31536000.   10.22846804   10.2455   0.000       0.000      0.1702E-03  0.1531E-06 0.1464    -0.1466      0.000      0.000      0.000      0.000     -0.1360E-05   0.000       0.000       0.000       0.000       0.000    
 31622400.   10.22564998   10.2422   0.000       0.000      0.1660E-03  0.1631E-06 0.1456    -0.1457      0.000      0.000      0.000      0.000     -0.1453E-05   0.000       0.000       0.000       0.000       0.000    
