TOTIM (T)      HCON          HMAT      QDIR      QWELL        QMAT       QCADS      QTUB1      QTUB2      QTUB3      QTUB4      QTUB5      QTUB6       NSTOR        QFIX        QLH     FHLQ (LQ)        CAUCHY   CAUCHY (LQ)
    86400.   10.14264108   10.1666   0.000       0.000      0.2393E-03   0.000    -0.3315E-01 0.1098E-01 0.2193E-01  0.000      0.000      0.000       0.000       0.000       0.000       0.000       0.000       0.000    
   172800.   10.13542582   10.1556   0.000       0.000      0.2019E-03  0.6263E-06-0.3203E-01 0.1063E-01 0.2118E-01  0.000      0.000      0.000     -0.6016E-05   0.000       0.000       0.000       0.000       0.000    
   259200.   10.13666146   10.1583   0.000       0.000      0.2165E-03 -0.1073E-06-0.3227E-01 0.1071E-01 0.2134E-01  0.000      0.000      0.000      0.1032E-05   0.000       0.000       0.000       0.000       0.000    
   345600.   10.13658078   10.1583   0.000       0.000      0.2172E-03  0.7004E-08-0.3228E-01 0.1072E-01 0.2134E-01  0.000      0.000      0.000     -0.6737E-07   0.000       0.000       0.000       0.000       0.000    
   432000.   10.14181365   10.1664   0.000       0.000      0.2456E-03 -0.4542E-06-0.3311E-01 0.1098E-01 0.2189E-01  0.000      0.000      0.000      0.4363E-05   0.000       0.000       0.000       0.000       0.000    
   518400.   10.14419564   10.1695   0.000       0.000      0.2527E-03 -0.2068E-06-0.3346E-01 0.1108E-01 0.2212E-01  0.000      0.000      0.000      0.1981E-05   0.000       0.000       0.000       0.000       0.000    
   604800.   10.14434909   10.1693   0.000       0.000      0.2496E-03 -0.1332E-07-0.3346E-01 0.1108E-01 0.2212E-01  0.000      0.000      0.000      0.1275E-06   0.000       0.000       0.000       0.000       0.000    
   691200.   10.15140690   10.1798   0.000       0.000      0.2835E-03 -0.6127E-06-0.3450E-01 0.1141E-01 0.2282E-01  0.000      0.000      0.000      0.5852E-05   0.000       0.000       0.000       0.000       0.000    
   777600.   10.17090018   10.2078   0.000       0.000      0.3689E-03 -0.1692E-05-0.3725E-01 0.1226E-01 0.2464E-01  0.000      0.000      0.000      0.1602E-04   0.000       0.000       0.000       0.000       0.000    
   864000.   10.19872727   10.2458   0.000       0.000      0.4710E-03 -0.2416E-05-0.4084E-01 0.1336E-01 0.2704E-01  0.000      0.000      0.000      0.2244E-04   0.000       0.000       0.000       0.000       0.000    
   950400.   10.20624036   10.2530   0.000       0.000      0.4678E-03 -0.6522E-06-0.4160E-01 0.1357E-01 0.2757E-01  0.000      0.000      0.000      0.5963E-05   0.000       0.000       0.000       0.000       0.000    
  1036800.   10.23589563   10.2929   0.000       0.000      0.5702E-03 -0.2574E-05-0.4503E-01 0.1462E-01 0.2986E-01  0.000      0.000      0.000      0.2308E-04   0.000       0.000       0.000       0.000       0.000    
  1123200.   10.29420172   10.3695   0.000       0.000      0.7531E-03 -0.5061E-05-0.5127E-01 0.1654E-01 0.3403E-01  0.000      0.000      0.000      0.4287E-04   0.000       0.000       0.000       0.000       0.000    
  1209600.   10.27016392   10.3303   0.000       0.000      0.6012E-03  0.2087E-05-0.4839E-01 0.1558E-01 0.3218E-01  0.000      0.000      0.000     -0.1722E-04   0.000       0.000       0.000       0.000       0.000    
  1296000.   10.25204300   10.3047   0.000       0.000      0.5269E-03  0.1573E-05-0.4611E-01 0.1486E-01 0.3070E-01  0.000      0.000      0.000     -0.1341E-04   0.000       0.000       0.000       0.000       0.000    
  1382400.   10.23862070   10.2864   0.000       0.000      0.4776E-03  0.1165E-05-0.4439E-01 0.1433E-01 0.2957E-01  0.000      0.000      0.000     -0.1015E-04   0.000       0.000       0.000       0.000       0.000    
  1468800.   10.22782828   10.2719   0.000       0.000      0.4402E-03  0.9368E-06-0.4301E-01 0.1390E-01 0.2866E-01  0.000      0.000      0.000     -0.8287E-05   0.000       0.000       0.000       0.000       0.000    
  1555200.   10.21778264   10.2584   0.000       0.000      0.4059E-03  0.8720E-06-0.4173E-01 0.1351E-01 0.2781E-01  0.000      0.000      0.000     -0.7806E-05   0.000       0.000       0.000       0.000       0.000    
  1641600.   10.20869316   10.2463   0.000       0.000      0.3759E-03  0.7890E-06-0.4059E-01 0.1316E-01 0.2704E-01  0.000      0.000      0.000     -0.7137E-05   0.000       0.000       0.000       0.000       0.000    
  1728000.   10.20181772   10.2373   0.000       0.000      0.3552E-03  0.5968E-06-0.3972E-01 0.1290E-01 0.2646E-01  0.000      0.000      0.000     -0.5442E-05   0.000       0.000       0.000       0.000       0.000    
  1814400.   10.19622388   10.2301   0.000       0.000      0.3386E-03  0.4856E-06-0.3903E-01 0.1270E-01 0.2599E-01  0.000      0.000      0.000     -0.4454E-05   0.000       0.000       0.000       0.000       0.000    
  1900800.   10.18982968   10.2215   0.000       0.000      0.3171E-03  0.5551E-06-0.3823E-01 0.1246E-01 0.2544E-01  0.000      0.000      0.000     -0.5120E-05   0.000       0.000       0.000       0.000       0.000    
  1987200.   10.18439756   10.2144   0.000       0.000      0.3004E-03  0.4715E-06-0.3755E-01 0.1226E-01 0.2498E-01  0.000      0.000      0.000     -0.4373E-05   0.000       0.000       0.000       0.000       0.000    
  2073600.   10.18037679   10.2093   0.000       0.000      0.2896E-03  0.3490E-06-0.3707E-01 0.1212E-01 0.2465E-01  0.000      0.000      0.000     -0.3250E-05   0.000       0.000       0.000       0.000       0.000    
  2160000.   10.17530469   10.2025   0.000       0.000      0.2724E-03  0.4403E-06-0.3643E-01 0.1194E-01 0.2421E-01  0.000      0.000      0.000     -0.4115E-05   0.000       0.000       0.000       0.000       0.000    
  2246400.   10.17049192   10.1962   0.000       0.000      0.2571E-03  0.4178E-06-0.3582E-01 0.1176E-01 0.2380E-01  0.000      0.000      0.000     -0.3920E-05   0.000       0.000       0.000       0.000       0.000    
  2332800.   10.16596002   10.1903   0.000       0.000      0.2431E-03  0.3934E-06-0.3526E-01 0.1160E-01 0.2341E-01  0.000      0.000      0.000     -0.3705E-05   0.000       0.000       0.000       0.000       0.000    
  2419200.   10.16169313   10.1847   0.000       0.000      0.2302E-03  0.3704E-06-0.3472E-01 0.1144E-01 0.2305E-01  0.000      0.000      0.000     -0.3499E-05   0.000       0.000       0.000       0.000       0.000    
  2505600.   10.16099059   10.1844   0.000       0.000      0.2345E-03  0.6098E-07-0.3471E-01 0.1145E-01 0.2303E-01  0.000      0.000      0.000     -0.5772E-06   0.000       0.000       0.000       0.000       0.000    
  2592000.   10.15847461   10.1811   0.000       0.000      0.2264E-03  0.2184E-06-0.3441E-01 0.1136E-01 0.2282E-01  0.000      0.000      0.000     -0.2070E-05   0.000       0.000       0.000       0.000       0.000    
  2678400.   10.16816452   10.1960   0.000       0.000      0.2784E-03 -0.8411E-06-0.3589E-01 0.1183E-01 0.2378E-01  0.000      0.000      0.000      0.7950E-05   0.000       0.000       0.000       0.000       0.000    
  2764800.   10.20086410   10.2428   0.000       0.000      0.4195E-03 -0.2839E-05-0.4032E-01 0.1321E-01 0.2671E-01  0.000      0.000      0.000      0.2638E-04   0.000       0.000       0.000       0.000       0.000    
  2851200.   10.28214985   10.3531   0.000       0.000      0.7091E-03 -0.7056E-05-0.4973E-01 0.1613E-01 0.3296E-01  0.000      0.000      0.000      0.6167E-04   0.000       0.000       0.000       0.000       0.000    
  2937600.   10.25007435   10.3007   0.000       0.000      0.5059E-03  0.2784E-05-0.4587E-01 0.1487E-01 0.3048E-01  0.000      0.000      0.000     -0.2356E-04   0.000       0.000       0.000       0.000       0.000    
  3024000.   10.24635340   10.2955   0.000       0.000      0.4915E-03  0.3230E-06-0.4524E-01 0.1467E-01 0.3008E-01  0.000      0.000      0.000     -0.2804E-05   0.000       0.000       0.000       0.000       0.000    
  3110400.   10.24283193   10.2900   0.000       0.000      0.4712E-03  0.3057E-06-0.4468E-01 0.1449E-01 0.2972E-01  0.000      0.000      0.000     -0.2666E-05   0.000       0.000       0.000       0.000       0.000    
  3196800.   10.23440628   10.2778   0.000       0.000      0.4338E-03  0.7314E-06-0.4358E-01 0.1414E-01 0.2900E-01  0.000      0.000      0.000     -0.6427E-05   0.000       0.000       0.000       0.000       0.000    
  3283200.   10.22493724   10.2647   0.000       0.000      0.3978E-03  0.8220E-06-0.4237E-01 0.1376E-01 0.2820E-01  0.000      0.000      0.000     -0.7301E-05   0.000       0.000       0.000       0.000       0.000    
  3369600.   10.22632199   10.2673   0.000       0.000      0.4100E-03 -0.1202E-06-0.4252E-01 0.1382E-01 0.2830E-01  0.000      0.000      0.000      0.1073E-05   0.000       0.000       0.000       0.000       0.000    
  3456000.   10.23253897   10.2760   0.000       0.000      0.4342E-03 -0.5397E-06-0.4326E-01 0.1405E-01 0.2878E-01  0.000      0.000      0.000      0.4795E-05   0.000       0.000       0.000       0.000       0.000    
  3542400.   10.24152651   10.2879   0.000       0.000      0.4633E-03 -0.7802E-06-0.4429E-01 0.1437E-01 0.2946E-01  0.000      0.000      0.000      0.6869E-05   0.000       0.000       0.000       0.000       0.000    
  3628800.   10.24274205   10.2884   0.000       0.000      0.4565E-03 -0.1055E-06-0.4437E-01 0.1439E-01 0.2952E-01  0.000      0.000      0.000      0.9232E-06   0.000       0.000       0.000       0.000       0.000    
  3715200.   10.23498946   10.2769   0.000       0.000      0.4186E-03  0.6730E-06-0.4338E-01 0.1408E-01 0.2887E-01  0.000      0.000      0.000     -0.5912E-05   0.000       0.000       0.000       0.000       0.000    
  3801600.   10.23592349   10.2784   0.000       0.000      0.4248E-03 -0.8108E-07-0.4346E-01 0.1411E-01 0.2892E-01  0.000      0.000      0.000      0.7153E-06   0.000       0.000       0.000       0.000       0.000    
  3888000.   10.24091189   10.2851   0.000       0.000      0.4422E-03 -0.4330E-06-0.4402E-01 0.1429E-01 0.2929E-01  0.000      0.000      0.000      0.3806E-05   0.000       0.000       0.000       0.000       0.000    
  3974400.   10.25263239   10.3008   0.000       0.000      0.4818E-03 -0.1017E-05-0.4535E-01 0.1470E-01 0.3018E-01  0.000      0.000      0.000      0.8848E-05   0.000       0.000       0.000       0.000       0.000    
  4060800.   10.26029433   10.3100   0.000       0.000      0.4975E-03 -0.6651E-06-0.4616E-01 0.1495E-01 0.3072E-01  0.000      0.000      0.000      0.5709E-05   0.000       0.000       0.000       0.000       0.000    
  4147200.   10.25114722   10.2960   0.000       0.000      0.4490E-03  0.7940E-06-0.4502E-01 0.1459E-01 0.2998E-01  0.000      0.000      0.000     -0.6823E-05   0.000       0.000       0.000       0.000       0.000    
  4233600.   10.24111019   10.2821   0.000       0.000      0.4102E-03  0.8713E-06-0.4379E-01 0.1421E-01 0.2916E-01  0.000      0.000      0.000     -0.7584E-05   0.000       0.000       0.000       0.000       0.000    
  4320000.   10.23428411   10.2731   0.000       0.000      0.3884E-03  0.5925E-06-0.4295E-01 0.1396E-01 0.2860E-01  0.000      0.000      0.000     -0.5213E-05   0.000       0.000       0.000       0.000       0.000    
  4406400.   10.22767745   10.2644   0.000       0.000      0.3669E-03  0.5735E-06-0.4216E-01 0.1372E-01 0.2807E-01  0.000      0.000      0.000     -0.5086E-05   0.000       0.000       0.000       0.000       0.000    
  4492800.   10.22310081   10.2585   0.000       0.000      0.3544E-03  0.3973E-06-0.4162E-01 0.1356E-01 0.2770E-01  0.000      0.000      0.000     -0.3546E-05   0.000       0.000       0.000       0.000       0.000    
  4579200.   10.21691967   10.2503   0.000       0.000      0.3338E-03  0.5366E-06-0.4088E-01 0.1334E-01 0.2720E-01  0.000      0.000      0.000     -0.4818E-05   0.000       0.000       0.000       0.000       0.000    
  4665600.   10.21070276   10.2421   0.000       0.000      0.3144E-03  0.5397E-06-0.4014E-01 0.1312E-01 0.2670E-01  0.000      0.000      0.000     -0.4878E-05   0.000       0.000       0.000       0.000       0.000    
  4752000.   10.22435969   10.2624   0.000       0.000      0.3803E-03 -0.1185E-05-0.4192E-01 0.1369E-01 0.2786E-01  0.000      0.000      0.000      0.1067E-04   0.000       0.000       0.000       0.000       0.000    
  4838400.   10.24068717   10.2844   0.000       0.000      0.4369E-03 -0.1417E-05-0.4390E-01 0.1431E-01 0.2917E-01  0.000      0.000      0.000      0.1255E-04   0.000       0.000       0.000       0.000       0.000    
  4924800.   10.25698144   10.3054   0.000       0.000      0.4840E-03 -0.1414E-05-0.4576E-01 0.1488E-01 0.3041E-01  0.000      0.000      0.000      0.1227E-04   0.000       0.000       0.000       0.000       0.000    
  5011200.   10.26453674   10.3138   0.000       0.000      0.4928E-03 -0.6558E-06-0.4653E-01 0.1511E-01 0.3093E-01  0.000      0.000      0.000      0.5596E-05   0.000       0.000       0.000       0.000       0.000    
  5097600.   10.25404707   10.2978   0.000       0.000      0.4374E-03  0.9106E-06-0.4523E-01 0.1470E-01 0.3009E-01  0.000      0.000      0.000     -0.7785E-05   0.000       0.000       0.000       0.000       0.000    
  5184000.   10.24364702   10.2834   0.000       0.000      0.3975E-03  0.9028E-06-0.4395E-01 0.1430E-01 0.2924E-01  0.000      0.000      0.000     -0.7830E-05   0.000       0.000       0.000       0.000       0.000    
  5270400.   10.23621360   10.2736   0.000       0.000      0.3737E-03  0.6453E-06-0.4304E-01 0.1402E-01 0.2863E-01  0.000      0.000      0.000     -0.5661E-05   0.000       0.000       0.000       0.000       0.000    
  5356800.   10.22867336   10.2636   0.000       0.000      0.3492E-03  0.6545E-06-0.4213E-01 0.1375E-01 0.2803E-01  0.000      0.000      0.000     -0.5795E-05   0.000       0.000       0.000       0.000       0.000    
  5443200.   10.23464417   10.2728   0.000       0.000      0.3818E-03 -0.5183E-06-0.4290E-01 0.1400E-01 0.2852E-01  0.000      0.000      0.000      0.4593E-05   0.000       0.000       0.000       0.000       0.000    
  5529600.   10.24039633   10.2806   0.000       0.000      0.4016E-03 -0.4993E-06-0.4360E-01 0.1422E-01 0.2898E-01  0.000      0.000      0.000      0.4394E-05   0.000       0.000       0.000       0.000       0.000    
  5616000.   10.24564204   10.2873   0.000       0.000      0.4166E-03 -0.4554E-06-0.4421E-01 0.1441E-01 0.2938E-01  0.000      0.000      0.000      0.3979E-05   0.000       0.000       0.000       0.000       0.000    
  5702400.   10.24809235   10.2900   0.000       0.000      0.4192E-03 -0.2127E-06-0.4447E-01 0.1449E-01 0.2956E-01  0.000      0.000      0.000      0.1850E-05   0.000       0.000       0.000       0.000       0.000    
  5788800.   10.24450649   10.2844   0.000       0.000      0.3994E-03  0.3113E-06-0.4401E-01 0.1435E-01 0.2926E-01  0.000      0.000      0.000     -0.2709E-05   0.000       0.000       0.000       0.000       0.000    
  5875200.   10.24423107   10.2841   0.000       0.000      0.3983E-03  0.2391E-07-0.4396E-01 0.1434E-01 0.2922E-01  0.000      0.000      0.000     -0.2086E-06   0.000       0.000       0.000       0.000       0.000    
  5961600.   10.24174026   10.2804   0.000       0.000      0.3869E-03  0.2162E-06-0.4364E-01 0.1424E-01 0.2901E-01  0.000      0.000      0.000     -0.1890E-05   0.000       0.000       0.000       0.000       0.000    
  6048000.   10.23576119   10.2721   0.000       0.000      0.3634E-03  0.5190E-06-0.4292E-01 0.1402E-01 0.2853E-01  0.000      0.000      0.000     -0.4560E-05   0.000       0.000       0.000       0.000       0.000    
  6134400.   10.22894336   10.2629   0.000       0.000      0.3399E-03  0.5918E-06-0.4210E-01 0.1377E-01 0.2798E-01  0.000      0.000      0.000     -0.5240E-05   0.000       0.000       0.000       0.000       0.000    
  6220800.   10.22218570   10.2540   0.000       0.000      0.3185E-03  0.5866E-06-0.4130E-01 0.1353E-01 0.2744E-01  0.000      0.000      0.000     -0.5235E-05   0.000       0.000       0.000       0.000       0.000    
  6307200.   10.21576972   10.2457   0.000       0.000      0.2993E-03  0.5569E-06-0.4054E-01 0.1331E-01 0.2693E-01  0.000      0.000      0.000     -0.5007E-05   0.000       0.000       0.000       0.000       0.000    
  6393600.   10.20977308   10.2380   0.000       0.000      0.2822E-03  0.5205E-06-0.3984E-01 0.1310E-01 0.2645E-01  0.000      0.000      0.000     -0.4711E-05   0.000       0.000       0.000       0.000       0.000    
  6480000.   10.20416120   10.2308   0.000       0.000      0.2667E-03  0.4871E-06-0.3918E-01 0.1290E-01 0.2601E-01  0.000      0.000      0.000     -0.4434E-05   0.000       0.000       0.000       0.000       0.000    
  6566400.   10.19884987   10.2241   0.000       0.000      0.2524E-03  0.4611E-06-0.3857E-01 0.1272E-01 0.2559E-01  0.000      0.000      0.000     -0.4220E-05   0.000       0.000       0.000       0.000       0.000    
  6652800.   10.19380175   10.2177   0.000       0.000      0.2390E-03  0.4382E-06-0.3798E-01 0.1255E-01 0.2519E-01  0.000      0.000      0.000     -0.4030E-05   0.000       0.000       0.000       0.000       0.000    
  6739200.   10.18908416   10.2118   0.000       0.000      0.2269E-03  0.4095E-06-0.3744E-01 0.1240E-01 0.2481E-01  0.000      0.000      0.000     -0.3783E-05   0.000       0.000       0.000       0.000       0.000    
  6825600.   10.18447658   10.2060   0.000       0.000      0.2150E-03  0.4000E-06-0.3691E-01 0.1224E-01 0.2445E-01  0.000      0.000      0.000     -0.3710E-05   0.000       0.000       0.000       0.000       0.000    
  6912000.   10.17999735   10.2003   0.000       0.000      0.2035E-03  0.3888E-06-0.3639E-01 0.1209E-01 0.2409E-01  0.000      0.000      0.000     -0.3621E-05   0.000       0.000       0.000       0.000       0.000    
  6998400.   10.17574075   10.1950   0.000       0.000      0.1929E-03  0.3695E-06-0.3590E-01 0.1195E-01 0.2376E-01  0.000      0.000      0.000     -0.3453E-05   0.000       0.000       0.000       0.000       0.000    
  7084800.   10.17177281   10.1901   0.000       0.000      0.1834E-03  0.3444E-06-0.3544E-01 0.1181E-01 0.2344E-01  0.000      0.000      0.000     -0.3230E-05   0.000       0.000       0.000       0.000       0.000    
  7171200.   10.16803264   10.1855   0.000       0.000      0.1747E-03  0.3247E-06-0.3501E-01 0.1169E-01 0.2315E-01  0.000      0.000      0.000     -0.3053E-05   0.000       0.000       0.000       0.000       0.000    
  7257600.   10.16444391   10.1811   0.000       0.000      0.1665E-03  0.3115E-06-0.3460E-01 0.1157E-01 0.2286E-01  0.000      0.000      0.000     -0.2938E-05   0.000       0.000       0.000       0.000       0.000    
  7344000.   10.16106620   10.1770   0.000       0.000      0.1590E-03  0.2932E-06-0.3421E-01 0.1146E-01 0.2259E-01  0.000      0.000      0.000     -0.2772E-05   0.000       0.000       0.000       0.000       0.000    
  7430400.   10.15826768   10.1737   0.000       0.000      0.1541E-03  0.2429E-06-0.3391E-01 0.1137E-01 0.2238E-01  0.000      0.000      0.000     -0.2302E-05   0.000       0.000       0.000       0.000       0.000    
  7516800.   10.15545094   10.1703   0.000       0.000      0.1484E-03  0.2445E-06-0.3359E-01 0.1128E-01 0.2216E-01  0.000      0.000      0.000     -0.2322E-05   0.000       0.000       0.000       0.000       0.000    
  7603200.   10.15243961   10.1666   0.000       0.000      0.1415E-03  0.2614E-06-0.3324E-01 0.1117E-01 0.2192E-01  0.000      0.000      0.000     -0.2487E-05   0.000       0.000       0.000       0.000       0.000    
  7689600.   10.14959712   10.1632   0.000       0.000      0.1356E-03  0.2467E-06-0.3291E-01 0.1108E-01 0.2169E-01  0.000      0.000      0.000     -0.2352E-05   0.000       0.000       0.000       0.000       0.000    
  7776000.   10.14711760   10.1602   0.000       0.000      0.1313E-03  0.2152E-06-0.3263E-01 0.1100E-01 0.2150E-01  0.000      0.000      0.000     -0.2055E-05   0.000       0.000       0.000       0.000       0.000    
  7862400.   10.14451740   10.1571   0.000       0.000      0.1260E-03  0.2257E-06-0.3233E-01 0.1091E-01 0.2129E-01  0.000      0.000      0.000     -0.2159E-05   0.000       0.000       0.000       0.000       0.000    
  7948800.   10.14204726   10.1542   0.000       0.000      0.1213E-03  0.2144E-06-0.3204E-01 0.1082E-01 0.2109E-01  0.000      0.000      0.000     -0.2054E-05   0.000       0.000       0.000       0.000       0.000    
  8035200.   10.13968791   10.1514   0.000       0.000      0.1170E-03  0.2048E-06-0.3177E-01 0.1074E-01 0.2090E-01  0.000      0.000      0.000     -0.1965E-05   0.000       0.000       0.000       0.000       0.000    
  8121600.   10.13742483   10.1487   0.000       0.000      0.1129E-03  0.1964E-06-0.3150E-01 0.1067E-01 0.2072E-01  0.000      0.000      0.000     -0.1888E-05   0.000       0.000       0.000       0.000       0.000    
  8208000.   10.13524843   10.1462   0.000       0.000      0.1092E-03  0.1889E-06-0.3125E-01 0.1059E-01 0.2055E-01  0.000      0.000      0.000     -0.1818E-05   0.000       0.000       0.000       0.000       0.000    
  8294400.   10.13315110   10.1437   0.000       0.000      0.1057E-03  0.1821E-06-0.3101E-01 0.1052E-01 0.2038E-01  0.000      0.000      0.000     -0.1754E-05   0.000       0.000       0.000       0.000       0.000    
  8380800.   10.15384582   10.1758   0.000       0.000      0.2198E-03 -0.1796E-05-0.3430E-01 0.1155E-01 0.2255E-01  0.000      0.000      0.000      0.1721E-04   0.000       0.000       0.000       0.000       0.000    
  8467200.   10.15406738   10.1743   0.000       0.000      0.2027E-03 -0.1923E-07-0.3428E-01 0.1153E-01 0.2255E-01  0.000      0.000      0.000      0.1830E-06   0.000       0.000       0.000       0.000       0.000    
  8553600.   10.15343576   10.1731   0.000       0.000      0.1962E-03  0.5483E-07-0.3416E-01 0.1149E-01 0.2248E-01  0.000      0.000      0.000     -0.5217E-06   0.000       0.000       0.000       0.000       0.000    
  8640000.   10.15140879   10.1700   0.000       0.000      0.1860E-03  0.1760E-06-0.3385E-01 0.1139E-01 0.2228E-01  0.000      0.000      0.000     -0.1676E-05   0.000       0.000       0.000       0.000       0.000    
  8726400.   10.14896538   10.1666   0.000       0.000      0.1764E-03  0.2121E-06-0.3349E-01 0.1127E-01 0.2204E-01  0.000      0.000      0.000     -0.2023E-05   0.000       0.000       0.000       0.000       0.000    
  8812800.   10.14644484   10.1632   0.000       0.000      0.1680E-03  0.2188E-06-0.3313E-01 0.1116E-01 0.2180E-01  0.000      0.000      0.000     -0.2090E-05   0.000       0.000       0.000       0.000       0.000    
  8899200.   10.14337198   10.1591   0.000       0.000      0.1576E-03  0.2667E-06-0.3270E-01 0.1102E-01 0.2151E-01  0.000      0.000      0.000     -0.2553E-05   0.000       0.000       0.000       0.000       0.000    
  8985600.   10.14327756   10.1596   0.000       0.000      0.1636E-03  0.8196E-08-0.3273E-01 0.1103E-01 0.2153E-01  0.000      0.000      0.000     -0.7852E-07   0.000       0.000       0.000       0.000       0.000    
  9072000.   10.14743303   10.1663   0.000       0.000      0.1885E-03 -0.3607E-06-0.3341E-01 0.1125E-01 0.2198E-01  0.000      0.000      0.000      0.3451E-05   0.000       0.000       0.000       0.000       0.000    
  9158400.   10.14595843   10.1639   0.000       0.000      0.1793E-03  0.1280E-06-0.3319E-01 0.1117E-01 0.2184E-01  0.000      0.000      0.000     -0.1224E-05   0.000       0.000       0.000       0.000       0.000    
  9244800.   10.15800734   10.1822   0.000       0.000      0.2421E-03 -0.1046E-05-0.3501E-01 0.1174E-01 0.2304E-01  0.000      0.000      0.000      0.9964E-05   0.000       0.000       0.000       0.000       0.000    
  9331200.   10.18686462   10.2235   0.000       0.000      0.3661E-03 -0.2505E-05-0.3900E-01 0.1298E-01 0.2568E-01  0.000      0.000      0.000      0.2351E-04   0.000       0.000       0.000       0.000       0.000    
  9417600.   10.26004178   10.3237   0.000       0.000      0.6363E-03 -0.6352E-05-0.4776E-01 0.1569E-01 0.3150E-01  0.000      0.000      0.000      0.5675E-04   0.000       0.000       0.000       0.000       0.000    
  9504000.   10.30586252   10.3786   0.000       0.000      0.7276E-03 -0.3977E-05-0.5238E-01 0.1707E-01 0.3462E-01  0.000      0.000      0.000      0.3277E-04   0.000       0.000       0.000       0.000       0.000    
  9590400.   10.27673184   10.3328   0.000       0.000      0.5609E-03  0.2529E-05-0.4894E-01 0.1594E-01 0.3242E-01  0.000      0.000      0.000     -0.2055E-04   0.000       0.000       0.000       0.000       0.000    
  9676800.   10.25451034   10.3019   0.000       0.000      0.4737E-03  0.1929E-05-0.4619E-01 0.1507E-01 0.3063E-01  0.000      0.000      0.000     -0.1634E-04   0.000       0.000       0.000       0.000       0.000    
  9763200.   10.23719759   10.2785   0.000       0.000      0.4126E-03  0.1503E-05-0.4400E-01 0.1438E-01 0.2919E-01  0.000      0.000      0.000     -0.1309E-04   0.000       0.000       0.000       0.000       0.000    
  9849600.   10.22369719   10.2606   0.000       0.000      0.3688E-03  0.1172E-05-0.4228E-01 0.1385E-01 0.2805E-01  0.000      0.000      0.000     -0.1040E-04   0.000       0.000       0.000       0.000       0.000    
  9936000.   10.23325539   10.2753   0.000       0.000      0.4208E-03 -0.8297E-06-0.4344E-01 0.1422E-01 0.2881E-01  0.000      0.000      0.000      0.7380E-05   0.000       0.000       0.000       0.000       0.000    
 10022400.   10.23920022   10.2830   0.000       0.000      0.4383E-03 -0.5160E-06-0.4411E-01 0.1442E-01 0.2925E-01  0.000      0.000      0.000      0.4548E-05   0.000       0.000       0.000       0.000       0.000    
 10108800.   10.23921587   10.2823   0.000       0.000      0.4305E-03 -0.1358E-08-0.4405E-01 0.1440E-01 0.2922E-01  0.000      0.000      0.000      0.1193E-07   0.000       0.000       0.000       0.000       0.000    
 10195200.   10.24311499   10.2873   0.000       0.000      0.4420E-03 -0.3385E-06-0.4445E-01 0.1452E-01 0.2949E-01  0.000      0.000      0.000      0.2965E-05   0.000       0.000       0.000       0.000       0.000    
 10281600.   10.24399166   10.2878   0.000       0.000      0.4385E-03 -0.7610E-07-0.4449E-01 0.1453E-01 0.2952E-01  0.000      0.000      0.000      0.6646E-06   0.000       0.000       0.000       0.000       0.000    
 10368000.   10.23635789   10.2766   0.000       0.000      0.4027E-03  0.6627E-06-0.4351E-01 0.1422E-01 0.2888E-01  0.000      0.000      0.000     -0.5812E-05   0.000       0.000       0.000       0.000       0.000    
 10454400.   10.22711640   10.2639   0.000       0.000      0.3677E-03  0.8022E-06-0.4236E-01 0.1387E-01 0.2811E-01  0.000      0.000      0.000     -0.7108E-05   0.000       0.000       0.000       0.000       0.000    
 10540800.   10.22738373   10.2650   0.000       0.000      0.3758E-03 -0.2321E-07-0.4239E-01 0.1389E-01 0.2812E-01  0.000      0.000      0.000      0.2067E-06   0.000       0.000       0.000       0.000       0.000    
 10627200.   10.23140089   10.2707   0.000       0.000      0.3927E-03 -0.3487E-06-0.4287E-01 0.1404E-01 0.2844E-01  0.000      0.000      0.000      0.3098E-05   0.000       0.000       0.000       0.000       0.000    
 10713600.   10.23101237   10.2697   0.000       0.000      0.3869E-03  0.3373E-07-0.4281E-01 0.1402E-01 0.2840E-01  0.000      0.000      0.000     -0.2990E-06   0.000       0.000       0.000       0.000       0.000    
 10800000.   10.22618932   10.2627   0.000       0.000      0.3651E-03  0.4187E-06-0.4220E-01 0.1383E-01 0.2800E-01  0.000      0.000      0.000     -0.3723E-05   0.000       0.000       0.000       0.000       0.000    
 10886400.   10.21939229   10.2533   0.000       0.000      0.3392E-03  0.5900E-06-0.4135E-01 0.1357E-01 0.2743E-01  0.000      0.000      0.000     -0.5282E-05   0.000       0.000       0.000       0.000       0.000    
 10972800.   10.21206438   10.2434   0.000       0.000      0.3138E-03  0.6361E-06-0.4044E-01 0.1330E-01 0.2682E-01  0.000      0.000      0.000     -0.5738E-05   0.000       0.000       0.000       0.000       0.000    
 11059200.   10.20415541   10.2329   0.000       0.000      0.2873E-03  0.6865E-06-0.3946E-01 0.1300E-01 0.2617E-01  0.000      0.000      0.000     -0.6242E-05   0.000       0.000       0.000       0.000       0.000    
 11145600.   10.19688330   10.2234   0.000       0.000      0.2649E-03  0.6313E-06-0.3857E-01 0.1274E-01 0.2556E-01  0.000      0.000      0.000     -0.5783E-05   0.000       0.000       0.000       0.000       0.000    
 11232000.   10.19043924   10.2151   0.000       0.000      0.2463E-03  0.5594E-06-0.3778E-01 0.1250E-01 0.2503E-01  0.000      0.000      0.000     -0.5157E-05   0.000       0.000       0.000       0.000       0.000    
 11318400.   10.18463130   10.2076   0.000       0.000      0.2302E-03  0.5042E-06-0.3708E-01 0.1230E-01 0.2455E-01  0.000      0.000      0.000     -0.4674E-05   0.000       0.000       0.000       0.000       0.000    
 11404800.   10.18935494   10.2156   0.000       0.000      0.2620E-03 -0.4100E-06-0.3782E-01 0.1254E-01 0.2503E-01  0.000      0.000      0.000      0.3803E-05   0.000       0.000       0.000       0.000       0.000    
 11491200.   10.18308036   10.2064   0.000       0.000      0.2330E-03  0.5447E-06-0.3703E-01 0.1229E-01 0.2449E-01  0.000      0.000      0.000     -0.5055E-05   0.000       0.000       0.000       0.000       0.000    
 11577600.   10.19634785   10.2264   0.000       0.000      0.3010E-03 -0.1152E-05-0.3889E-01 0.1288E-01 0.2571E-01  0.000      0.000      0.000      0.1066E-04   0.000       0.000       0.000       0.000       0.000    
 11664000.   10.22820264   10.2709   0.000       0.000      0.4271E-03 -0.2765E-05-0.4293E-01 0.1414E-01 0.2839E-01  0.000      0.000      0.000      0.2503E-04   0.000       0.000       0.000       0.000       0.000    
 11750400.   10.30487880   10.3736   0.000       0.000      0.6872E-03 -0.6656E-05-0.5144E-01 0.1679E-01 0.3403E-01  0.000      0.000      0.000      0.5621E-04   0.000       0.000       0.000       0.000       0.000    
 11836800.   10.27361854   10.3235   0.000       0.000      0.4990E-03  0.2714E-05-0.4784E-01 0.1560E-01 0.3171E-01  0.000      0.000      0.000     -0.2213E-04   0.000       0.000       0.000       0.000       0.000    
 11923200.   10.25301969   10.2951   0.000       0.000      0.4207E-03  0.1788E-05-0.4532E-01 0.1481E-01 0.3007E-01  0.000      0.000      0.000     -0.1520E-04   0.000       0.000       0.000       0.000       0.000    
 12009600.   10.23862474   10.2759   0.000       0.000      0.3724E-03  0.1250E-05-0.4352E-01 0.1426E-01 0.2888E-01  0.000      0.000      0.000     -0.1088E-04   0.000       0.000       0.000       0.000       0.000    
 12096000.   10.23612459   10.2735   0.000       0.000      0.3734E-03  0.2170E-06-0.4320E-01 0.1416E-01 0.2866E-01  0.000      0.000      0.000     -0.1910E-05   0.000       0.000       0.000       0.000       0.000    
 12182400.   10.23245265   10.2687   0.000       0.000      0.3621E-03  0.3187E-06-0.4275E-01 0.1403E-01 0.2836E-01  0.000      0.000      0.000     -0.2816E-05   0.000       0.000       0.000       0.000       0.000    
 12268800.   10.22616934   10.2602   0.000       0.000      0.3400E-03  0.5454E-06-0.4199E-01 0.1379E-01 0.2785E-01  0.000      0.000      0.000     -0.4847E-05   0.000       0.000       0.000       0.000       0.000    
 12355200.   10.21886062   10.2504   0.000       0.000      0.3156E-03  0.6344E-06-0.4110E-01 0.1352E-01 0.2726E-01  0.000      0.000      0.000     -0.5681E-05   0.000       0.000       0.000       0.000       0.000    
 12441600.   10.21460317   10.2452   0.000       0.000      0.3058E-03  0.3696E-06-0.4060E-01 0.1338E-01 0.2692E-01  0.000      0.000      0.000     -0.3330E-05   0.000       0.000       0.000       0.000       0.000    
 12528000.   10.23688404   10.2774   0.000       0.000      0.4052E-03 -0.1934E-05-0.4340E-01 0.1426E-01 0.2876E-01  0.000      0.000      0.000      0.1726E-04   0.000       0.000       0.000       0.000       0.000    
 12614400.   10.25881077   10.3062   0.000       0.000      0.4739E-03 -0.1903E-05-0.4594E-01 0.1504E-01 0.3044E-01  0.000      0.000      0.000      0.1653E-04   0.000       0.000       0.000       0.000       0.000    
 12700800.   10.24994456   10.2914   0.000       0.000      0.4150E-03  0.7696E-06-0.4482E-01 0.1468E-01 0.2972E-01  0.000      0.000      0.000     -0.6626E-05   0.000       0.000       0.000       0.000       0.000    
 12787200.   10.24042733   10.2780   0.000       0.000      0.3759E-03  0.8261E-06-0.4363E-01 0.1431E-01 0.2894E-01  0.000      0.000      0.000     -0.7200E-05   0.000       0.000       0.000       0.000       0.000    
 12873600.   10.23066809   10.2648   0.000       0.000      0.3409E-03  0.8472E-06-0.4242E-01 0.1393E-01 0.2814E-01  0.000      0.000      0.000     -0.7472E-05   0.000       0.000       0.000       0.000       0.000    
 12960000.   10.23391154   10.2702   0.000       0.000      0.3627E-03 -0.2815E-06-0.4283E-01 0.1407E-01 0.2840E-01  0.000      0.000      0.000      0.2493E-05   0.000       0.000       0.000       0.000       0.000    
 13046400.   10.22984172   10.2643   0.000       0.000      0.3446E-03  0.3533E-06-0.4234E-01 0.1392E-01 0.2807E-01  0.000      0.000      0.000     -0.3130E-05   0.000       0.000       0.000       0.000       0.000    
 13132800.   10.22415434   10.2566   0.000       0.000      0.3242E-03  0.4937E-06-0.4165E-01 0.1371E-01 0.2761E-01  0.000      0.000      0.000     -0.4399E-05   0.000       0.000       0.000       0.000       0.000    
 13219200.   10.22094471   10.2526   0.000       0.000      0.3165E-03  0.2786E-06-0.4128E-01 0.1360E-01 0.2736E-01  0.000      0.000      0.000     -0.2495E-05   0.000       0.000       0.000       0.000       0.000    
 13305600.   10.21586299   10.2458   0.000       0.000      0.2995E-03  0.4411E-06-0.4067E-01 0.1342E-01 0.2695E-01  0.000      0.000      0.000     -0.3968E-05   0.000       0.000       0.000       0.000       0.000    
 13392000.   10.22701759   10.2623   0.000       0.000      0.3529E-03 -0.9683E-06-0.4211E-01 0.1387E-01 0.2789E-01  0.000      0.000      0.000      0.8681E-05   0.000       0.000       0.000       0.000       0.000    
 13478400.   10.23370623   10.2709   0.000       0.000      0.3722E-03 -0.5806E-06-0.4293E-01 0.1413E-01 0.2843E-01  0.000      0.000      0.000      0.5153E-05   0.000       0.000       0.000       0.000       0.000    
 13564800.   10.23022017   10.2652   0.000       0.000      0.3499E-03  0.3026E-06-0.4248E-01 0.1398E-01 0.2814E-01  0.000      0.000      0.000     -0.2681E-05   0.000       0.000       0.000       0.000       0.000    
 13651200.   10.22540239   10.2584   0.000       0.000      0.3302E-03  0.4182E-06-0.4187E-01 0.1380E-01 0.2774E-01  0.000      0.000      0.000     -0.3723E-05   0.000       0.000       0.000       0.000       0.000    
 13737600.   10.21967613   10.2506   0.000       0.000      0.3096E-03  0.4971E-06-0.4116E-01 0.1358E-01 0.2727E-01  0.000      0.000      0.000     -0.4451E-05   0.000       0.000       0.000       0.000       0.000    
 13824000.   10.24088899   10.2812   0.000       0.000      0.4030E-03 -0.1841E-05-0.4378E-01 0.1441E-01 0.2899E-01  0.000      0.000      0.000      0.1634E-04   0.000       0.000       0.000       0.000       0.000    
 13910400.   10.26805500   10.3172   0.000       0.000      0.4915E-03 -0.2358E-05-0.4689E-01 0.1537E-01 0.3105E-01  0.000      0.000      0.000      0.2029E-04   0.000       0.000       0.000       0.000       0.000    
 13996800.   10.26134300   10.3051   0.000       0.000      0.4372E-03  0.5826E-06-0.4602E-01 0.1507E-01 0.3050E-01  0.000      0.000      0.000     -0.4943E-05   0.000       0.000       0.000       0.000       0.000    
 14083200.   10.25114524   10.2905   0.000       0.000      0.3931E-03  0.8852E-06-0.4475E-01 0.1468E-01 0.2968E-01  0.000      0.000      0.000     -0.7601E-05   0.000       0.000       0.000       0.000       0.000    
 14169600.   10.25698796   10.2990   0.000       0.000      0.4200E-03 -0.5072E-06-0.4539E-01 0.1488E-01 0.3009E-01  0.000      0.000      0.000      0.4368E-05   0.000       0.000       0.000       0.000       0.000    
 14256000.   10.26095321   10.3039   0.000       0.000      0.4291E-03 -0.3442E-06-0.4580E-01 0.1500E-01 0.3037E-01  0.000      0.000      0.000      0.2944E-05   0.000       0.000       0.000       0.000       0.000    
 14342400.   10.28774230   10.3401   0.000       0.000      0.5239E-03 -0.2325E-05-0.4874E-01 0.1592E-01 0.3232E-01  0.000      0.000      0.000      0.1944E-04   0.000       0.000       0.000       0.000       0.000    
 14428800.   10.35952240   10.4341   0.000       0.000      0.7462E-03 -0.6231E-05-0.5598E-01 0.1817E-01 0.3712E-01  0.000      0.000      0.000      0.4737E-04   0.000       0.000       0.000       0.000       0.000    
 14515200.   10.34198097   10.4045   0.000       0.000      0.6250E-03  0.1523E-05-0.5405E-01 0.1751E-01 0.3590E-01  0.000      0.000      0.000     -0.1085E-04   0.000       0.000       0.000       0.000       0.000    
 14601600.   10.34489888   10.4074   0.000       0.000      0.6253E-03 -0.2533E-06-0.5415E-01 0.1754E-01 0.3599E-01  0.000      0.000      0.000      0.1841E-05   0.000       0.000       0.000       0.000       0.000    
 14688000.   10.36387329   10.4313   0.000       0.000      0.6745E-03 -0.1647E-05-0.5584E-01 0.1805E-01 0.3712E-01  0.000      0.000      0.000      0.1162E-04   0.000       0.000       0.000       0.000       0.000    
 14774400.   10.36455147   10.4299   0.000       0.000      0.6537E-03 -0.5887E-07-0.5574E-01 0.1800E-01 0.3708E-01  0.000      0.000      0.000      0.4033E-06   0.000       0.000       0.000       0.000       0.000    
 14860800.   10.35222201   10.4123   0.000       0.000      0.6009E-03  0.1070E-05-0.5437E-01 0.1757E-01 0.3619E-01  0.000      0.000      0.000     -0.7462E-05   0.000       0.000       0.000       0.000       0.000    
 14947200.   10.34122210   10.3975   0.000       0.000      0.5631E-03  0.9549E-06-0.5315E-01 0.1719E-01 0.3539E-01  0.000      0.000      0.000     -0.6879E-05   0.000       0.000       0.000       0.000       0.000    
 15033600.   10.32838651   10.3805   0.000       0.000      0.5216E-03  0.1114E-05-0.5176E-01 0.1676E-01 0.3447E-01  0.000      0.000      0.000     -0.8275E-05   0.000       0.000       0.000       0.000       0.000    
 15120000.   10.31566536   10.3640   0.000       0.000      0.4833E-03  0.1104E-05-0.5039E-01 0.1634E-01 0.3356E-01  0.000      0.000      0.000     -0.8447E-05   0.000       0.000       0.000       0.000       0.000    
 15206400.   10.30266147   10.3472   0.000       0.000      0.4454E-03  0.1129E-05-0.4900E-01 0.1592E-01 0.3262E-01  0.000      0.000      0.000     -0.8871E-05   0.000       0.000       0.000       0.000       0.000    
 15292800.   10.29003465   10.3310   0.000       0.000      0.4098E-03  0.1096E-05-0.4764E-01 0.1551E-01 0.3171E-01  0.000      0.000      0.000     -0.8828E-05   0.000       0.000       0.000       0.000       0.000    
 15379200.   10.31226685   10.3625   0.000       0.000      0.5028E-03 -0.1930E-05-0.5008E-01 0.1629E-01 0.3330E-01  0.000      0.000      0.000      0.1540E-04   0.000       0.000       0.000       0.000       0.000    
 15465600.   10.32006393   10.3716   0.000       0.000      0.5155E-03 -0.6768E-06-0.5089E-01 0.1654E-01 0.3384E-01  0.000      0.000      0.000      0.5243E-05   0.000       0.000       0.000       0.000       0.000    
 15552000.   10.31044652   10.3576   0.000       0.000      0.4713E-03  0.8348E-06-0.4985E-01 0.1622E-01 0.3315E-01  0.000      0.000      0.000     -0.6480E-05   0.000       0.000       0.000       0.000       0.000    
 15638400.   10.29699596   10.3395   0.000       0.000      0.4250E-03  0.1168E-05-0.4838E-01 0.1577E-01 0.3218E-01  0.000      0.000      0.000     -0.9274E-05   0.000       0.000       0.000       0.000       0.000    
 15724800.   10.28497287   10.3239   0.000       0.000      0.3895E-03  0.1044E-05-0.4707E-01 0.1537E-01 0.3130E-01  0.000      0.000      0.000     -0.8487E-05   0.000       0.000       0.000       0.000       0.000    
 15811200.   10.27436465   10.3104   0.000       0.000      0.3603E-03  0.9209E-06-0.4593E-01 0.1503E-01 0.3053E-01  0.000      0.000      0.000     -0.7633E-05   0.000       0.000       0.000       0.000       0.000    
 15897600.   10.26509745   10.2987   0.000       0.000      0.3364E-03  0.8044E-06-0.4494E-01 0.1473E-01 0.2986E-01  0.000      0.000      0.000     -0.6773E-05   0.000       0.000       0.000       0.000       0.000    
 15984000.   10.25988725   10.2927   0.000       0.000      0.3278E-03  0.4523E-06-0.4442E-01 0.1459E-01 0.2949E-01  0.000      0.000      0.000     -0.3849E-05   0.000       0.000       0.000       0.000       0.000    
 16070400.   10.25193427   10.2825   0.000       0.000      0.3052E-03  0.6904E-06-0.4357E-01 0.1434E-01 0.2892E-01  0.000      0.000      0.000     -0.5931E-05   0.000       0.000       0.000       0.000       0.000    
 16156800.   10.24464452   10.2733   0.000       0.000      0.2869E-03  0.6328E-06-0.4279E-01 0.1411E-01 0.2839E-01  0.000      0.000      0.000     -0.5492E-05   0.000       0.000       0.000       0.000       0.000    
 16243200.   10.23773776   10.2647   0.000       0.000      0.2699E-03  0.5995E-06-0.4206E-01 0.1390E-01 0.2789E-01  0.000      0.000      0.000     -0.5252E-05   0.000       0.000       0.000       0.000       0.000    
 16329600.   10.23134291   10.2568   0.000       0.000      0.2547E-03  0.5551E-06-0.4139E-01 0.1370E-01 0.2743E-01  0.000      0.000      0.000     -0.4902E-05   0.000       0.000       0.000       0.000       0.000    
 16416000.   10.22535384   10.2494   0.000       0.000      0.2408E-03  0.5199E-06-0.4076E-01 0.1352E-01 0.2699E-01  0.000      0.000      0.000     -0.4625E-05   0.000       0.000       0.000       0.000       0.000    
 16502400.   10.21973937   10.2425   0.000       0.000      0.2281E-03  0.4874E-06-0.4017E-01 0.1335E-01 0.2659E-01  0.000      0.000      0.000     -0.4364E-05   0.000       0.000       0.000       0.000       0.000    
 16588800.   10.21447554   10.2361   0.000       0.000      0.2165E-03  0.4569E-06-0.3962E-01 0.1319E-01 0.2621E-01  0.000      0.000      0.000     -0.4116E-05   0.000       0.000       0.000       0.000       0.000    
 16675200.   10.20953000   10.2301   0.000       0.000      0.2058E-03  0.4293E-06-0.3910E-01 0.1304E-01 0.2585E-01  0.000      0.000      0.000     -0.3888E-05   0.000       0.000       0.000       0.000       0.000    
 16761600.   10.20647738   10.2268   0.000       0.000      0.2031E-03  0.2650E-06-0.3883E-01 0.1296E-01 0.2566E-01  0.000      0.000      0.000     -0.2410E-05   0.000       0.000       0.000       0.000       0.000    
 16848000.   10.20468491   10.2251   0.000       0.000      0.2042E-03  0.1556E-06-0.3871E-01 0.1294E-01 0.2557E-01  0.000      0.000      0.000     -0.1418E-05   0.000       0.000       0.000       0.000       0.000    
 16934400.   10.20834133   10.2311   0.000       0.000      0.2275E-03 -0.3174E-06-0.3930E-01 0.1313E-01 0.2594E-01  0.000      0.000      0.000      0.2891E-05   0.000       0.000       0.000       0.000       0.000    
 17020800.   10.20785218   10.2305   0.000       0.000      0.2266E-03  0.4246E-07-0.3931E-01 0.1313E-01 0.2595E-01  0.000      0.000      0.000     -0.3861E-06   0.000       0.000       0.000       0.000       0.000    
 17107200.   10.20205186   10.2225   0.000       0.000      0.2045E-03  0.5035E-06-0.3862E-01 0.1292E-01 0.2549E-01  0.000      0.000      0.000     -0.4593E-05   0.000       0.000       0.000       0.000       0.000    
 17193600.   10.19729591   10.2165   0.000       0.000      0.1920E-03  0.4128E-06-0.3807E-01 0.1276E-01 0.2511E-01  0.000      0.000      0.000     -0.3785E-05   0.000       0.000       0.000       0.000       0.000    
 17280000.   10.19276692   10.2108   0.000       0.000      0.1808E-03  0.3931E-06-0.3755E-01 0.1260E-01 0.2476E-01  0.000      0.000      0.000     -0.3620E-05   0.000       0.000       0.000       0.000       0.000    
 17366400.   10.18849324   10.2056   0.000       0.000      0.1710E-03  0.3710E-06-0.3707E-01 0.1246E-01 0.2444E-01  0.000      0.000      0.000     -0.3430E-05   0.000       0.000       0.000       0.000       0.000    
 17452800.   10.18452210   10.2008   0.000       0.000      0.1625E-03  0.3447E-06-0.3663E-01 0.1233E-01 0.2413E-01  0.000      0.000      0.000     -0.3198E-05   0.000       0.000       0.000       0.000       0.000    
 17539200.   10.18080799   10.1963   0.000       0.000      0.1551E-03  0.3224E-06-0.3622E-01 0.1221E-01 0.2385E-01  0.000      0.000      0.000     -0.3001E-05   0.000       0.000       0.000       0.000       0.000    
 17625600.   10.17731861   10.1922   0.000       0.000      0.1484E-03  0.3029E-06-0.3584E-01 0.1209E-01 0.2359E-01  0.000      0.000      0.000     -0.2828E-05   0.000       0.000       0.000       0.000       0.000    
 17712000.   10.17632473   10.1916   0.000       0.000      0.1532E-03  0.8627E-07-0.3581E-01 0.1209E-01 0.2356E-01  0.000      0.000      0.000     -0.8070E-06   0.000       0.000       0.000       0.000       0.000    
 17798400.   10.17299415   10.1874   0.000       0.000      0.1444E-03  0.2891E-06-0.3543E-01 0.1197E-01 0.2331E-01  0.000      0.000      0.000     -0.2709E-05   0.000       0.000       0.000       0.000       0.000    
 17884800.   10.16963290   10.1833   0.000       0.000      0.1369E-03  0.2918E-06-0.3505E-01 0.1186E-01 0.2305E-01  0.000      0.000      0.000     -0.2741E-05   0.000       0.000       0.000       0.000       0.000    
 17971200.   10.16656299   10.1797   0.000       0.000      0.1311E-03  0.2665E-06-0.3470E-01 0.1176E-01 0.2281E-01  0.000      0.000      0.000     -0.2510E-05   0.000       0.000       0.000       0.000       0.000    
 18057600.   10.16368488   10.1763   0.000       0.000      0.1261E-03  0.2498E-06-0.3438E-01 0.1166E-01 0.2259E-01  0.000      0.000      0.000     -0.2358E-05   0.000       0.000       0.000       0.000       0.000    
 18144000.   10.16095016   10.1731   0.000       0.000      0.1215E-03  0.2374E-06-0.3408E-01 0.1157E-01 0.2239E-01  0.000      0.000      0.000     -0.2245E-05   0.000       0.000       0.000       0.000       0.000    
 18230400.   10.15833548   10.1701   0.000       0.000      0.1173E-03  0.2270E-06-0.3379E-01 0.1148E-01 0.2219E-01  0.000      0.000      0.000     -0.2151E-05   0.000       0.000       0.000       0.000       0.000    
 18316800.   10.15582942   10.1672   0.000       0.000      0.1135E-03  0.2175E-06-0.3352E-01 0.1140E-01 0.2200E-01  0.000      0.000      0.000     -0.2065E-05   0.000       0.000       0.000       0.000       0.000    
 18403200.   10.15341708   10.1644   0.000       0.000      0.1098E-03  0.2094E-06-0.3325E-01 0.1132E-01 0.2182E-01  0.000      0.000      0.000     -0.1991E-05   0.000       0.000       0.000       0.000       0.000    
 18489600.   10.15109183   10.1617   0.000       0.000      0.1064E-03  0.2018E-06-0.3299E-01 0.1124E-01 0.2164E-01  0.000      0.000      0.000     -0.1923E-05   0.000       0.000       0.000       0.000       0.000    
 18576000.   10.14884816   10.1592   0.000       0.000      0.1033E-03  0.1948E-06-0.3275E-01 0.1117E-01 0.2147E-01  0.000      0.000      0.000     -0.1858E-05   0.000       0.000       0.000       0.000       0.000    
 18662400.   10.14667831   10.1567   0.000       0.000      0.1003E-03  0.1884E-06-0.3251E-01 0.1110E-01 0.2131E-01  0.000      0.000      0.000     -0.1799E-05   0.000       0.000       0.000       0.000       0.000    
 18748800.   10.14457832   10.1543   0.000       0.000      0.9745E-04  0.1823E-06-0.3227E-01 0.1102E-01 0.2115E-01  0.000      0.000      0.000     -0.1744E-05   0.000       0.000       0.000       0.000       0.000    
 18835200.   10.14698732   10.1588   0.000       0.000      0.1177E-03 -0.2091E-06-0.3273E-01 0.1117E-01 0.2145E-01  0.000      0.000      0.000      0.2000E-05   0.000       0.000       0.000       0.000       0.000    
 18921600.   10.14493019   10.1559   0.000       0.000      0.1099E-03  0.1786E-06-0.3248E-01 0.1109E-01 0.2128E-01  0.000      0.000      0.000     -0.1708E-05   0.000       0.000       0.000       0.000       0.000    
 19008000.   10.14211472   10.1523   0.000       0.000      0.1015E-03  0.2444E-06-0.3211E-01 0.1097E-01 0.2103E-01  0.000      0.000      0.000     -0.2341E-05   0.000       0.000       0.000       0.000       0.000    
 19094400.   10.13972949   10.1494   0.000       0.000      0.9661E-04  0.2071E-06-0.3181E-01 0.1088E-01 0.2083E-01  0.000      0.000      0.000     -0.1987E-05   0.000       0.000       0.000       0.000       0.000    
 19180800.   10.13757891   10.1469   0.000       0.000      0.9300E-04  0.1867E-06-0.3154E-01 0.1080E-01 0.2065E-01  0.000      0.000      0.000     -0.1794E-05   0.000       0.000       0.000       0.000       0.000    
 19267200.   10.13567272   10.1447   0.000       0.000      0.9055E-04  0.1655E-06-0.3132E-01 0.1073E-01 0.2050E-01  0.000      0.000      0.000     -0.1592E-05   0.000       0.000       0.000       0.000       0.000    
 19353600.   10.13374159   10.1425   0.000       0.000      0.8767E-04  0.1676E-06-0.3109E-01 0.1066E-01 0.2034E-01  0.000      0.000      0.000     -0.1614E-05   0.000       0.000       0.000       0.000       0.000    
 19440000.   10.13190065   10.1404   0.000       0.000      0.8520E-04  0.1598E-06-0.3087E-01 0.1059E-01 0.2019E-01  0.000      0.000      0.000     -0.1541E-05   0.000       0.000       0.000       0.000       0.000    
 19526400.   10.13013171   10.1384   0.000       0.000      0.8294E-04  0.1536E-06-0.3066E-01 0.1052E-01 0.2005E-01  0.000      0.000      0.000     -0.1482E-05   0.000       0.000       0.000       0.000       0.000    
 19612800.   10.12842358   10.1365   0.000       0.000      0.8085E-04  0.1483E-06-0.3046E-01 0.1046E-01 0.1991E-01  0.000      0.000      0.000     -0.1432E-05   0.000       0.000       0.000       0.000       0.000    
 19699200.   10.12676872   10.1347   0.000       0.000      0.7890E-04  0.1437E-06-0.3026E-01 0.1040E-01 0.1978E-01  0.000      0.000      0.000     -0.1389E-05   0.000       0.000       0.000       0.000       0.000    
 19785600.   10.12516222   10.1329   0.000       0.000      0.7706E-04  0.1395E-06-0.3007E-01 0.1034E-01 0.1965E-01  0.000      0.000      0.000     -0.1350E-05   0.000       0.000       0.000       0.000       0.000    
 19872000.   10.12360026   10.1311   0.000       0.000      0.7533E-04  0.1356E-06-0.2988E-01 0.1028E-01 0.1953E-01  0.000      0.000      0.000     -0.1313E-05   0.000       0.000       0.000       0.000       0.000    
 19958400.   10.12612793   10.1357   0.000       0.000      0.9605E-04 -0.2194E-06-0.3038E-01 0.1043E-01 0.1985E-01  0.000      0.000      0.000      0.2125E-05   0.000       0.000       0.000       0.000       0.000    
 20044800.   10.12966149   10.1414   0.000       0.000      0.1171E-03 -0.3067E-06-0.3100E-01 0.1062E-01 0.2026E-01  0.000      0.000      0.000      0.2965E-05   0.000       0.000       0.000       0.000       0.000    
 20131200.   10.12607320   10.1357   0.000       0.000      0.9667E-04  0.3115E-06-0.3042E-01 0.1044E-01 0.1989E-01  0.000      0.000      0.000     -0.3011E-05   0.000       0.000       0.000       0.000       0.000    
 20217600.   10.12474233   10.1343   0.000       0.000      0.9547E-04  0.1155E-06-0.3025E-01 0.1038E-01 0.1977E-01  0.000      0.000      0.000     -0.1118E-05   0.000       0.000       0.000       0.000       0.000    
 20304000.   10.12319848   10.1324   0.000       0.000      0.9223E-04  0.1340E-06-0.3004E-01 0.1031E-01 0.1963E-01  0.000      0.000      0.000     -0.1298E-05   0.000       0.000       0.000       0.000       0.000    
 20390400.   10.12097273   10.1295   0.000       0.000      0.8554E-04  0.1932E-06-0.2971E-01 0.1021E-01 0.1942E-01  0.000      0.000      0.000     -0.1874E-05   0.000       0.000       0.000       0.000       0.000    
 20476800.   10.11904675   10.1272   0.000       0.000      0.8144E-04  0.1672E-06-0.2945E-01 0.1013E-01 0.1924E-01  0.000      0.000      0.000     -0.1623E-05   0.000       0.000       0.000       0.000       0.000    
 20563200.   10.11729982   10.1251   0.000       0.000      0.7830E-04  0.1516E-06-0.2921E-01 0.1005E-01 0.1908E-01  0.000      0.000      0.000     -0.1473E-05   0.000       0.000       0.000       0.000       0.000    
 20649600.   10.11567200   10.1232   0.000       0.000      0.7569E-04  0.1413E-06-0.2900E-01 0.9984E-02 0.1894E-01  0.000      0.000      0.000     -0.1374E-05   0.000       0.000       0.000       0.000       0.000    
 20736000.   10.11413169   10.1215   0.000       0.000      0.7340E-04  0.1337E-06-0.2879E-01 0.9919E-02 0.1880E-01  0.000      0.000      0.000     -0.1301E-05   0.000       0.000       0.000       0.000       0.000    
 20822400.   10.11266065   10.1198   0.000       0.000      0.7135E-04  0.1277E-06-0.2860E-01 0.9858E-02 0.1867E-01  0.000      0.000      0.000     -0.1244E-05   0.000       0.000       0.000       0.000       0.000    
 20908800.   10.11124823   10.1182   0.000       0.000      0.6947E-04  0.1226E-06-0.2842E-01 0.9799E-02 0.1855E-01  0.000      0.000      0.000     -0.1195E-05   0.000       0.000       0.000       0.000       0.000    
 20995200.   10.10988614   10.1167   0.000       0.000      0.6774E-04  0.1182E-06-0.2824E-01 0.9743E-02 0.1843E-01  0.000      0.000      0.000     -0.1153E-05   0.000       0.000       0.000       0.000       0.000    
 21081600.   10.10856871   10.1152   0.000       0.000      0.6613E-04  0.1144E-06-0.2807E-01 0.9688E-02 0.1831E-01  0.000      0.000      0.000     -0.1116E-05   0.000       0.000       0.000       0.000       0.000    
 21168000.   10.10729070   10.1138   0.000       0.000      0.6463E-04  0.1109E-06-0.2790E-01 0.9634E-02 0.1820E-01  0.000      0.000      0.000     -0.1083E-05   0.000       0.000       0.000       0.000       0.000    
 21254400.   10.10604829   10.1124   0.000       0.000      0.6322E-04  0.1078E-06-0.2774E-01 0.9582E-02 0.1809E-01  0.000      0.000      0.000     -0.1054E-05   0.000       0.000       0.000       0.000       0.000    
 21340800.   10.10483870   10.1110   0.000       0.000      0.6188E-04  0.1050E-06-0.2758E-01 0.9531E-02 0.1799E-01  0.000      0.000      0.000     -0.1026E-05   0.000       0.000       0.000       0.000       0.000    
 21427200.   10.10365943   10.1097   0.000       0.000      0.6062E-04  0.1024E-06-0.2743E-01 0.9481E-02 0.1788E-01  0.000      0.000      0.000     -0.1001E-05   0.000       0.000       0.000       0.000       0.000    
 21513600.   10.10306787   10.1093   0.000       0.000      0.6279E-04  0.5135E-07-0.2738E-01 0.9463E-02 0.1785E-01  0.000      0.000      0.000     -0.5024E-06   0.000       0.000       0.000       0.000       0.000    
 21600000.   10.10799390   10.1177   0.000       0.000      0.9688E-04 -0.4276E-06-0.2832E-01 0.9754E-02 0.1847E-01  0.000      0.000      0.000      0.4180E-05   0.000       0.000       0.000       0.000       0.000    
 21686400.   10.10515378   10.1129   0.000       0.000      0.7777E-04  0.2465E-06-0.2781E-01 0.9588E-02 0.1814E-01  0.000      0.000      0.000     -0.2409E-05   0.000       0.000       0.000       0.000       0.000    
 21772800.   10.10311263   10.1102   0.000       0.000      0.7056E-04  0.1772E-06-0.2747E-01 0.9481E-02 0.1792E-01  0.000      0.000      0.000     -0.1733E-05   0.000       0.000       0.000       0.000       0.000    
 21859200.   10.10150118   10.1082   0.000       0.000      0.6661E-04  0.1399E-06-0.2722E-01 0.9401E-02 0.1775E-01  0.000      0.000      0.000     -0.1369E-05   0.000       0.000       0.000       0.000       0.000    
 21945600.   10.10009776   10.1065   0.000       0.000      0.6392E-04  0.1218E-06-0.2702E-01 0.9334E-02 0.1762E-01  0.000      0.000      0.000     -0.1193E-05   0.000       0.000       0.000       0.000       0.000    
 22032000.   10.09881330   10.1050   0.000       0.000      0.6184E-04  0.1115E-06-0.2683E-01 0.9275E-02 0.1749E-01  0.000      0.000      0.000     -0.1093E-05   0.000       0.000       0.000       0.000       0.000    
 22118400.   10.09760672   10.1036   0.000       0.000      0.6008E-04  0.1047E-06-0.2666E-01 0.9219E-02 0.1738E-01  0.000      0.000      0.000     -0.1027E-05   0.000       0.000       0.000       0.000       0.000    
 22204800.   10.09645753   10.1023   0.000       0.000      0.5853E-04  0.9976E-07-0.2650E-01 0.9166E-02 0.1727E-01  0.000      0.000      0.000     -0.9786E-06   0.000       0.000       0.000       0.000       0.000    
 22291200.   10.09535365   10.1011   0.000       0.000      0.5713E-04  0.9582E-07-0.2634E-01 0.9116E-02 0.1717E-01  0.000      0.000      0.000     -0.9404E-06   0.000       0.000       0.000       0.000       0.000    
 22377600.   10.09428742   10.0999   0.000       0.000      0.5584E-04  0.9255E-07-0.2619E-01 0.9067E-02 0.1707E-01  0.000      0.000      0.000     -0.9087E-06   0.000       0.000       0.000       0.000       0.000    
 22464000.   10.09994304   10.1095   0.000       0.000      0.9583E-04 -0.4909E-06-0.2730E-01 0.9411E-02 0.1780E-01  0.000      0.000      0.000      0.4816E-05   0.000       0.000       0.000       0.000       0.000    
 22550400.   10.09796071   10.1060   0.000       0.000      0.8018E-04  0.1721E-06-0.2692E-01 0.9284E-02 0.1756E-01  0.000      0.000      0.000     -0.1687E-05   0.000       0.000       0.000       0.000       0.000    
 22636800.   10.09754872   10.1057   0.000       0.000      0.8105E-04  0.3576E-07-0.2687E-01 0.9263E-02 0.1752E-01  0.000      0.000      0.000     -0.3507E-06   0.000       0.000       0.000       0.000       0.000    
 22723200.   10.11566244   10.1347   0.000       0.000      0.1901E-03 -0.1572E-05-0.3011E-01 0.1027E-01 0.1967E-01  0.000      0.000      0.000      0.1536E-04   0.000       0.000       0.000       0.000       0.000    
 22809600.   10.11281871   10.1282   0.000       0.000      0.1538E-03  0.2469E-06-0.2949E-01 0.1006E-01 0.1928E-01  0.000      0.000      0.000     -0.2403E-05   0.000       0.000       0.000       0.000       0.000    
 22896000.   10.11049139   10.1244   0.000       0.000      0.1389E-03  0.2020E-06-0.2903E-01 0.9908E-02 0.1899E-01  0.000      0.000      0.000     -0.1969E-05   0.000       0.000       0.000       0.000       0.000    
 22982400.   10.10860552   10.1216   0.000       0.000      0.1297E-03  0.1637E-06-0.2868E-01 0.9792E-02 0.1876E-01  0.000      0.000      0.000     -0.1597E-05   0.000       0.000       0.000       0.000       0.000    
 23068800.   10.10692506   10.1192   0.000       0.000      0.1230E-03  0.1459E-06-0.2839E-01 0.9695E-02 0.1857E-01  0.000      0.000      0.000     -0.1424E-05   0.000       0.000       0.000       0.000       0.000    
 23155200.   10.10503548   10.1166   0.000       0.000      0.1156E-03  0.1640E-06-0.2807E-01 0.9591E-02 0.1836E-01  0.000      0.000      0.000     -0.1603E-05   0.000       0.000       0.000       0.000       0.000    
 23241600.   10.10317320   10.1141   0.000       0.000      0.1090E-03  0.1617E-06-0.2776E-01 0.9491E-02 0.1816E-01  0.000      0.000      0.000     -0.1581E-05   0.000       0.000       0.000       0.000       0.000    
 23328000.   10.10129512   10.1116   0.000       0.000      0.1027E-03  0.1630E-06-0.2745E-01 0.9392E-02 0.1795E-01  0.000      0.000      0.000     -0.1596E-05   0.000       0.000       0.000       0.000       0.000    
 23414400.   10.09951598   10.1092   0.000       0.000      0.9708E-04  0.1544E-06-0.2716E-01 0.9301E-02 0.1776E-01  0.000      0.000      0.000     -0.1513E-05   0.000       0.000       0.000       0.000       0.000    
 23500800.   10.09792164   10.1072   0.000       0.000      0.9266E-04  0.1384E-06-0.2691E-01 0.9221E-02 0.1759E-01  0.000      0.000      0.000     -0.1357E-05   0.000       0.000       0.000       0.000       0.000    
 23587200.   10.09642781   10.1053   0.000       0.000      0.8870E-04  0.1297E-06-0.2668E-01 0.9147E-02 0.1744E-01  0.000      0.000      0.000     -0.1272E-05   0.000       0.000       0.000       0.000       0.000    
 23673600.   10.09497919   10.1035   0.000       0.000      0.8487E-04  0.1257E-06-0.2645E-01 0.9075E-02 0.1729E-01  0.000      0.000      0.000     -0.1234E-05   0.000       0.000       0.000       0.000       0.000    
 23760000.   10.09353339   10.1016   0.000       0.000      0.8096E-04  0.1255E-06-0.2622E-01 0.9003E-02 0.1714E-01  0.000      0.000      0.000     -0.1233E-05   0.000       0.000       0.000       0.000       0.000    
 23846400.   10.09216130   10.0999   0.000       0.000      0.7748E-04  0.1191E-06-0.2601E-01 0.8936E-02 0.1700E-01  0.000      0.000      0.000     -0.1170E-05   0.000       0.000       0.000       0.000       0.000    
 23932800.   10.09088489   10.0983   0.000       0.000      0.7451E-04  0.1108E-06-0.2581E-01 0.8873E-02 0.1686E-01  0.000      0.000      0.000     -0.1089E-05   0.000       0.000       0.000       0.000       0.000    
 24019200.   10.08967489   10.0969   0.000       0.000      0.7179E-04  0.1050E-06-0.2563E-01 0.8814E-02 0.1674E-01  0.000      0.000      0.000     -0.1033E-05   0.000       0.000       0.000       0.000       0.000    
 24105600.   10.08851508   10.0954   0.000       0.000      0.6927E-04  0.1007E-06-0.2545E-01 0.8758E-02 0.1662E-01  0.000      0.000      0.000     -0.9907E-06   0.000       0.000       0.000       0.000       0.000    
 24192000.   10.08738622   10.0941   0.000       0.000      0.6683E-04  0.9799E-07-0.2528E-01 0.8703E-02 0.1651E-01  0.000      0.000      0.000     -0.9646E-06   0.000       0.000       0.000       0.000       0.000    
 24278400.   10.08628578   10.0927   0.000       0.000      0.6450E-04  0.9552E-07-0.2511E-01 0.8649E-02 0.1639E-01  0.000      0.000      0.000     -0.9407E-06   0.000       0.000       0.000       0.000       0.000    
 24364800.   10.08522662   10.0915   0.000       0.000      0.6237E-04  0.9194E-07-0.2495E-01 0.8597E-02 0.1629E-01  0.000      0.000      0.000     -0.9058E-06   0.000       0.000       0.000       0.000       0.000    
 24451200.   10.08421085   10.0903   0.000       0.000      0.6045E-04  0.8817E-07-0.2479E-01 0.8547E-02 0.1618E-01  0.000      0.000      0.000     -0.8690E-06   0.000       0.000       0.000       0.000       0.000    
 24537600.   10.08323275   10.0891   0.000       0.000      0.5868E-04  0.8490E-07-0.2464E-01 0.8499E-02 0.1608E-01  0.000      0.000      0.000     -0.8371E-06   0.000       0.000       0.000       0.000       0.000    
 24624000.   10.08228804   10.0880   0.000       0.000      0.5704E-04  0.8201E-07-0.2450E-01 0.8453E-02 0.1599E-01  0.000      0.000      0.000     -0.8087E-06   0.000       0.000       0.000       0.000       0.000    
 24710400.   10.08137138   10.0869   0.000       0.000      0.5551E-04  0.7957E-07-0.2436E-01 0.8408E-02 0.1589E-01  0.000      0.000      0.000     -0.7850E-06   0.000       0.000       0.000       0.000       0.000    
 24796800.   10.08048028   10.0859   0.000       0.000      0.5406E-04  0.7735E-07-0.2422E-01 0.8364E-02 0.1580E-01  0.000      0.000      0.000     -0.7633E-06   0.000       0.000       0.000       0.000       0.000    
 24883200.   10.07969746   10.0850   0.000       0.000      0.5329E-04  0.6795E-07-0.2411E-01 0.8326E-02 0.1573E-01  0.000      0.000      0.000     -0.6708E-06   0.000       0.000       0.000       0.000       0.000    
 24969600.   10.08054131   10.0869   0.000       0.000      0.6336E-04 -0.7325E-07-0.2433E-01 0.8393E-02 0.1587E-01  0.000      0.000      0.000      0.7230E-06   0.000       0.000       0.000       0.000       0.000    
 25056000.   10.07930741   10.0850   0.000       0.000      0.5696E-04  0.1071E-06-0.2410E-01 0.8317E-02 0.1572E-01  0.000      0.000      0.000     -0.1057E-05   0.000       0.000       0.000       0.000       0.000    
 25142400.   10.07827373   10.0837   0.000       0.000      0.5401E-04  0.8973E-07-0.2392E-01 0.8260E-02 0.1561E-01  0.000      0.000      0.000     -0.8861E-06   0.000       0.000       0.000       0.000       0.000    
 25228800.   10.08060083   10.0880   0.000       0.000      0.7419E-04 -0.2020E-06-0.2445E-01 0.8422E-02 0.1596E-01  0.000      0.000      0.000      0.1994E-05   0.000       0.000       0.000       0.000       0.000    
 25315200.   10.07925022   10.0857   0.000       0.000      0.6474E-04  0.1172E-06-0.2417E-01 0.8330E-02 0.1578E-01  0.000      0.000      0.000     -0.1157E-05   0.000       0.000       0.000       0.000       0.000    
 25401600.   10.07989669   10.0872   0.000       0.000      0.7255E-04 -0.5612E-07-0.2433E-01 0.8378E-02 0.1588E-01  0.000      0.000      0.000      0.5540E-06   0.000       0.000       0.000       0.000       0.000    
 25488000.   10.08023994   10.0879   0.000       0.000      0.7633E-04 -0.2980E-07-0.2442E-01 0.8399E-02 0.1594E-01  0.000      0.000      0.000      0.2941E-06   0.000       0.000       0.000       0.000       0.000    
 25574400.   10.08158892   10.0903   0.000       0.000      0.8677E-04 -0.1171E-06-0.2471E-01 0.8484E-02 0.1614E-01  0.000      0.000      0.000      0.1156E-05   0.000       0.000       0.000       0.000       0.000    
 25660800.   10.08028497   10.0881   0.000       0.000      0.7777E-04  0.1132E-06-0.2443E-01 0.8394E-02 0.1596E-01  0.000      0.000      0.000     -0.1117E-05   0.000       0.000       0.000       0.000       0.000    
 25747200.   10.08309939   10.0931   0.000       0.000      0.9954E-04 -0.2443E-06-0.2503E-01 0.8575E-02 0.1635E-01  0.000      0.000      0.000      0.2410E-05   0.000       0.000       0.000       0.000       0.000    
 25833600.   10.09726512   10.1160   0.000       0.000      0.1875E-03 -0.1230E-05-0.2775E-01 0.9416E-02 0.1816E-01  0.000      0.000      0.000      0.1209E-04   0.000       0.000       0.000       0.000       0.000    
 25920000.   10.11519405   10.1425   0.000       0.000      0.2732E-03 -0.1556E-05-0.3076E-01 0.1033E-01 0.2016E-01  0.000      0.000      0.000      0.1521E-04   0.000       0.000       0.000       0.000       0.000    
 26006400.   10.13217071   10.1659   0.000       0.000      0.3371E-03 -0.1474E-05-0.3328E-01 0.1110E-01 0.2186E-01  0.000      0.000      0.000      0.1428E-04   0.000       0.000       0.000       0.000       0.000    
 26092800.   10.13274911   10.1638   0.000       0.000      0.3107E-03 -0.5021E-07-0.3311E-01 0.1102E-01 0.2179E-01  0.000      0.000      0.000      0.4841E-06   0.000       0.000       0.000       0.000       0.000    
 26179200.   10.12720221   10.1541   0.000       0.000      0.2690E-03  0.4815E-06-0.3206E-01 0.1067E-01 0.2111E-01  0.000      0.000      0.000     -0.4649E-05   0.000       0.000       0.000       0.000       0.000    
 26265600.   10.12203579   10.1460   0.000       0.000      0.2398E-03  0.4485E-06-0.3112E-01 0.1037E-01 0.2050E-01  0.000      0.000      0.000     -0.4343E-05   0.000       0.000       0.000       0.000       0.000    
 26352000.   10.11765250   10.1395   0.000       0.000      0.2185E-03  0.3805E-06-0.3035E-01 0.1012E-01 0.2000E-01  0.000      0.000      0.000     -0.3694E-05   0.000       0.000       0.000       0.000       0.000    
 26438400.   10.11388823   10.1341   0.000       0.000      0.2018E-03  0.3268E-06-0.2970E-01 0.9918E-02 0.1958E-01  0.000      0.000      0.000     -0.3179E-05   0.000       0.000       0.000       0.000       0.000    
 26524800.   10.11053923   10.1293   0.000       0.000      0.1877E-03  0.2907E-06-0.2913E-01 0.9740E-02 0.1920E-01  0.000      0.000      0.000     -0.2833E-05   0.000       0.000       0.000       0.000       0.000    
 26611200.   10.10736217   10.1248   0.000       0.000      0.1747E-03  0.2758E-06-0.2860E-01 0.9575E-02 0.1885E-01  0.000      0.000      0.000     -0.2692E-05   0.000       0.000       0.000       0.000       0.000    
 26697600.   10.10457082   10.1210   0.000       0.000      0.1639E-03  0.2423E-06-0.2814E-01 0.9432E-02 0.1854E-01  0.000      0.000      0.000     -0.2368E-05   0.000       0.000       0.000       0.000       0.000    
 26784000.   10.10201555   10.1174   0.000       0.000      0.1542E-03  0.2218E-06-0.2772E-01 0.9303E-02 0.1826E-01  0.000      0.000      0.000     -0.2170E-05   0.000       0.000       0.000       0.000       0.000    
 26870400.   10.11391288   10.1368   0.000       0.000      0.2287E-03 -0.1033E-05-0.2986E-01 0.9970E-02 0.1967E-01  0.000      0.000      0.000      0.1008E-04   0.000       0.000       0.000       0.000       0.000    
 26956800.   10.11990018   10.1449   0.000       0.000      0.2496E-03 -0.5197E-06-0.3080E-01 0.1025E-01 0.2030E-01  0.000      0.000      0.000      0.5053E-05   0.000       0.000       0.000       0.000       0.000    
 27043200.   10.12511854   10.1519   0.000       0.000      0.2675E-03 -0.4530E-06-0.3157E-01 0.1048E-01 0.2082E-01  0.000      0.000      0.000      0.4392E-05   0.000       0.000       0.000       0.000       0.000    
 27129600.   10.12550160   10.1514   0.000       0.000      0.2592E-03 -0.3325E-07-0.3153E-01 0.1046E-01 0.2081E-01  0.000      0.000      0.000      0.3219E-06   0.000       0.000       0.000       0.000       0.000    
 27216000.   10.12815163   10.1550   0.000       0.000      0.2684E-03 -0.2300E-06-0.3189E-01 0.1057E-01 0.2106E-01  0.000      0.000      0.000      0.2225E-05   0.000       0.000       0.000       0.000       0.000    
 27302400.   10.13672115   10.1674   0.000       0.000      0.3072E-03 -0.7439E-06-0.3318E-01 0.1096E-01 0.2192E-01  0.000      0.000      0.000      0.7173E-05   0.000       0.000       0.000       0.000       0.000    
 27388800.   10.15434855   10.1926   0.000       0.000      0.3829E-03 -0.1530E-05-0.3572E-01 0.1174E-01 0.2361E-01  0.000      0.000      0.000      0.1464E-04   0.000       0.000       0.000       0.000       0.000    
 27475200.   10.16794425   10.2103   0.000       0.000      0.4233E-03 -0.1180E-05-0.3748E-01 0.1227E-01 0.2480E-01  0.000      0.000      0.000      0.1117E-04   0.000       0.000       0.000       0.000       0.000    
 27561600.   10.16190588   10.1990   0.000       0.000      0.3709E-03  0.5242E-06-0.3644E-01 0.1193E-01 0.2414E-01  0.000      0.000      0.000     -0.4948E-05   0.000       0.000       0.000       0.000       0.000    
 27648000.   10.15524745   10.1887   0.000       0.000      0.3341E-03  0.5780E-06-0.3536E-01 0.1158E-01 0.2344E-01  0.000      0.000      0.000     -0.5481E-05   0.000       0.000       0.000       0.000       0.000    
 27734400.   10.14875876   10.1791   0.000       0.000      0.3033E-03  0.5633E-06-0.3434E-01 0.1126E-01 0.2277E-01  0.000      0.000      0.000     -0.5366E-05   0.000       0.000       0.000       0.000       0.000    
 27820800.   10.14400554   10.1724   0.000       0.000      0.2837E-03  0.4126E-06-0.3360E-01 0.1103E-01 0.2228E-01  0.000      0.000      0.000     -0.3945E-05   0.000       0.000       0.000       0.000       0.000    
 27907200.   10.14078848   10.1680   0.000       0.000      0.2719E-03  0.2793E-06-0.3311E-01 0.1088E-01 0.2196E-01  0.000      0.000      0.000     -0.2677E-05   0.000       0.000       0.000       0.000       0.000    
 27993600.   10.14983434   10.1820   0.000       0.000      0.3215E-03 -0.7852E-06-0.3450E-01 0.1132E-01 0.2287E-01  0.000      0.000      0.000      0.7513E-05   0.000       0.000       0.000       0.000       0.000    
 28080000.   10.16187614   10.1990   0.000       0.000      0.3708E-03 -0.1045E-05-0.3620E-01 0.1184E-01 0.2400E-01  0.000      0.000      0.000      0.9932E-05   0.000       0.000       0.000       0.000       0.000    
 28166400.   10.16627554   10.2038   0.000       0.000      0.3754E-03 -0.3819E-06-0.3673E-01 0.1199E-01 0.2436E-01  0.000      0.000      0.000      0.3607E-05   0.000       0.000       0.000       0.000       0.000    
 28252800.   10.16071359   10.1945   0.000       0.000      0.3375E-03  0.4828E-06-0.3584E-01 0.1171E-01 0.2378E-01  0.000      0.000      0.000     -0.4563E-05   0.000       0.000       0.000       0.000       0.000    
 28339200.   10.15459778   10.1853   0.000       0.000      0.3073E-03  0.5309E-06-0.3489E-01 0.1141E-01 0.2316E-01  0.000      0.000      0.000     -0.5038E-05   0.000       0.000       0.000       0.000       0.000    
 28425600.   10.14899725   10.1773   0.000       0.000      0.2831E-03  0.4862E-06-0.3405E-01 0.1115E-01 0.2260E-01  0.000      0.000      0.000     -0.4632E-05   0.000       0.000       0.000       0.000       0.000    
 28512000.   10.14395411   10.1702   0.000       0.000      0.2628E-03  0.4378E-06-0.3330E-01 0.1093E-01 0.2210E-01  0.000      0.000      0.000     -0.4186E-05   0.000       0.000       0.000       0.000       0.000    
 28598400.   10.13939114   10.1639   0.000       0.000      0.2454E-03  0.3961E-06-0.3263E-01 0.1072E-01 0.2166E-01  0.000      0.000      0.000     -0.3799E-05   0.000       0.000       0.000       0.000       0.000    
 28684800.   10.13523034   10.1582   0.000       0.000      0.2300E-03  0.3612E-06-0.3202E-01 0.1054E-01 0.2125E-01  0.000      0.000      0.000     -0.3473E-05   0.000       0.000       0.000       0.000       0.000    
 28771200.   10.13139791   10.1530   0.000       0.000      0.2162E-03  0.3327E-06-0.3147E-01 0.1038E-01 0.2087E-01  0.000      0.000      0.000     -0.3206E-05   0.000       0.000       0.000       0.000       0.000    
 28857600.   10.12785537   10.1482   0.000       0.000      0.2036E-03  0.3075E-06-0.3096E-01 0.1022E-01 0.2053E-01  0.000      0.000      0.000     -0.2970E-05   0.000       0.000       0.000       0.000       0.000    
 28944000.   10.12451284   10.1437   0.000       0.000      0.1919E-03  0.2902E-06-0.3048E-01 0.1008E-01 0.2020E-01  0.000      0.000      0.000     -0.2808E-05   0.000       0.000       0.000       0.000       0.000    
 29030400.   10.12133430   10.1394   0.000       0.000      0.1808E-03  0.2759E-06-0.3002E-01 0.9948E-02 0.1989E-01  0.000      0.000      0.000     -0.2674E-05   0.000       0.000       0.000       0.000       0.000    
 29116800.   10.11836230   10.1354   0.000       0.000      0.1707E-03  0.2580E-06-0.2960E-01 0.9823E-02 0.1960E-01  0.000      0.000      0.000     -0.2505E-05   0.000       0.000       0.000       0.000       0.000    
 29203200.   10.11551222   10.1316   0.000       0.000      0.1611E-03  0.2474E-06-0.2919E-01 0.9703E-02 0.1932E-01  0.000      0.000      0.000     -0.2405E-05   0.000       0.000       0.000       0.000       0.000    
 29289600.   10.11285510   10.1281   0.000       0.000      0.1523E-03  0.2307E-06-0.2881E-01 0.9591E-02 0.1906E-01  0.000      0.000      0.000     -0.2246E-05   0.000       0.000       0.000       0.000       0.000    
 29376000.   10.11039013   10.1248   0.000       0.000      0.1445E-03  0.2140E-06-0.2846E-01 0.9489E-02 0.1882E-01  0.000      0.000      0.000     -0.2086E-05   0.000       0.000       0.000       0.000       0.000    
 29462400.   10.10808587   10.1218   0.000       0.000      0.1373E-03  0.2000E-06-0.2813E-01 0.9393E-02 0.1860E-01  0.000      0.000      0.000     -0.1952E-05   0.000       0.000       0.000       0.000       0.000    
 29548800.   10.10590350   10.1190   0.000       0.000      0.1306E-03  0.1894E-06-0.2782E-01 0.9303E-02 0.1839E-01  0.000      0.000      0.000     -0.1851E-05   0.000       0.000       0.000       0.000       0.000    
 29635200.   10.10382392   10.1163   0.000       0.000      0.1243E-03  0.1805E-06-0.2753E-01 0.9216E-02 0.1818E-01  0.000      0.000      0.000     -0.1765E-05   0.000       0.000       0.000       0.000       0.000    
 29721600.   10.10184902   10.1137   0.000       0.000      0.1185E-03  0.1714E-06-0.2725E-01 0.9133E-02 0.1799E-01  0.000      0.000      0.000     -0.1678E-05   0.000       0.000       0.000       0.000       0.000    
 29808000.   10.09993757   10.1112   0.000       0.000      0.1128E-03  0.1659E-06-0.2697E-01 0.9053E-02 0.1780E-01  0.000      0.000      0.000     -0.1625E-05   0.000       0.000       0.000       0.000       0.000    
 29894400.   10.09810681   10.1089   0.000       0.000      0.1076E-03  0.1589E-06-0.2671E-01 0.8976E-02 0.1762E-01  0.000      0.000      0.000     -0.1558E-05   0.000       0.000       0.000       0.000       0.000    
 29980800.   10.09635114   10.1066   0.000       0.000      0.1026E-03  0.1524E-06-0.2646E-01 0.8901E-02 0.1745E-01  0.000      0.000      0.000     -0.1495E-05   0.000       0.000       0.000       0.000       0.000    
 30067200.   10.09469476   10.1045   0.000       0.000      0.9817E-04  0.1438E-06-0.2622E-01 0.8831E-02 0.1729E-01  0.000      0.000      0.000     -0.1411E-05   0.000       0.000       0.000       0.000       0.000    
 30153600.   10.09311828   10.1025   0.000       0.000      0.9403E-04  0.1368E-06-0.2599E-01 0.8764E-02 0.1713E-01  0.000      0.000      0.000     -0.1344E-05   0.000       0.000       0.000       0.000       0.000    
 30240000.   10.09161680   10.1006   0.000       0.000      0.9020E-04  0.1303E-06-0.2578E-01 0.8700E-02 0.1698E-01  0.000      0.000      0.000     -0.1281E-05   0.000       0.000       0.000       0.000       0.000    
 30326400.   10.09017177   10.0988   0.000       0.000      0.8657E-04  0.1254E-06-0.2557E-01 0.8637E-02 0.1684E-01  0.000      0.000      0.000     -0.1233E-05   0.000       0.000       0.000       0.000       0.000    
 30412800.   10.08878472   10.0971   0.000       0.000      0.8317E-04  0.1204E-06-0.2536E-01 0.8577E-02 0.1670E-01  0.000      0.000      0.000     -0.1185E-05   0.000       0.000       0.000       0.000       0.000    
 30499200.   10.08745709   10.0955   0.000       0.000      0.8004E-04  0.1152E-06-0.2517E-01 0.8519E-02 0.1657E-01  0.000      0.000      0.000     -0.1134E-05   0.000       0.000       0.000       0.000       0.000    
 30585600.   10.08617876   10.0939   0.000       0.000      0.7711E-04  0.1110E-06-0.2498E-01 0.8463E-02 0.1644E-01  0.000      0.000      0.000     -0.1093E-05   0.000       0.000       0.000       0.000       0.000    
 30672000.   10.08495027   10.0924   0.000       0.000      0.7440E-04  0.1066E-06-0.2480E-01 0.8409E-02 0.1632E-01  0.000      0.000      0.000     -0.1051E-05   0.000       0.000       0.000       0.000       0.000    
 30758400.   10.08376734   10.0910   0.000       0.000      0.7187E-04  0.1027E-06-0.2463E-01 0.8356E-02 0.1620E-01  0.000      0.000      0.000     -0.1012E-05   0.000       0.000       0.000       0.000       0.000    
 30844800.   10.08262616   10.0896   0.000       0.000      0.6950E-04  0.9906E-07-0.2446E-01 0.8305E-02 0.1609E-01  0.000      0.000      0.000     -0.9768E-06   0.000       0.000       0.000       0.000       0.000    
 30931200.   10.08151987   10.0882   0.000       0.000      0.6727E-04  0.9603E-07-0.2430E-01 0.8255E-02 0.1598E-01  0.000      0.000      0.000     -0.9473E-06   0.000       0.000       0.000       0.000       0.000    
 31017600.   10.08044735   10.0870   0.000       0.000      0.6516E-04  0.9310E-07-0.2414E-01 0.8207E-02 0.1587E-01  0.000      0.000      0.000     -0.9187E-06   0.000       0.000       0.000       0.000       0.000    
 31104000.   10.07941068   10.0857   0.000       0.000      0.6320E-04  0.8999E-07-0.2399E-01 0.8159E-02 0.1576E-01  0.000      0.000      0.000     -0.8883E-06   0.000       0.000       0.000       0.000       0.000    
 31190400.   10.07840682   10.0845   0.000       0.000      0.6136E-04  0.8714E-07-0.2384E-01 0.8113E-02 0.1566E-01  0.000      0.000      0.000     -0.8605E-06   0.000       0.000       0.000       0.000       0.000    
 31276800.   10.07772987   10.0839   0.000       0.000      0.6168E-04  0.5876E-07-0.2375E-01 0.8088E-02 0.1560E-01  0.000      0.000      0.000     -0.5804E-06   0.000       0.000       0.000       0.000       0.000    
 31363200.   10.07671432   10.0826   0.000       0.000      0.5914E-04  0.8816E-07-0.2359E-01 0.8038E-02 0.1550E-01  0.000      0.000      0.000     -0.8710E-06   0.000       0.000       0.000       0.000       0.000    
 31449600.   10.07576019   10.0815   0.000       0.000      0.5733E-04  0.8282E-07-0.2345E-01 0.7992E-02 0.1540E-01  0.000      0.000      0.000     -0.8186E-06   0.000       0.000       0.000       0.000       0.000    
 31536000.   10.07484847   10.0804   0.000       0.000      0.5576E-04  0.7914E-07-0.2331E-01 0.7948E-02 0.1530E-01  0.000      0.000      0.000     -0.7824E-06   0.000       0.000       0.000       0.000       0.000    
 31622400.   10.07382532   10.0792   0.000       0.000      0.5333E-04  0.8881E-07-0.2314E-01 0.7896E-02 0.1519E-01  0.000      0.000      0.000     -0.8783E-06   0.000       0.000       0.000       0.000       0.000    
