TOTIM (T)      HCON          HMAT      QDIR      QWELL        QMAT       QCADS      QTUB1      QTUB2      QTUB3      QTUB4      QTUB5      QTUB6       NSTOR        QFIX        QLH     FHLQ (LQ)        CAUCHY   CAUCHY (LQ)
    86400.   10.69664118   10.7582   0.000       0.000      0.6161E-03   0.000    -0.1210E-01 0.1149E-01  0.000      0.000      0.000      0.000       0.000       0.000       0.000       0.000       0.000       0.000    
   172800.   10.67915687   10.7396   0.000       0.000      0.6045E-03  0.1012E-05-0.1197E-01 0.1136E-01  0.000      0.000      0.000      0.000       0.000       0.000       0.000       0.000       0.000       0.000    
   259200.   10.67948668   10.7399   0.000       0.000      0.6037E-03 -0.1909E-07-0.1198E-01 0.1137E-01  0.000      0.000      0.000      0.000       0.000       0.000       0.000       0.000       0.000       0.000    
   345600.   10.67789987   10.7381   0.000       0.000      0.6018E-03  0.9183E-07-0.1195E-01 0.1135E-01  0.000      0.000      0.000      0.000       0.000       0.000       0.000       0.000       0.000       0.000    
   432000.   10.68957905   10.7505   0.000       0.000      0.6089E-03 -0.6759E-06-0.1203E-01 0.1142E-01  0.000      0.000      0.000      0.000       0.000       0.000       0.000       0.000       0.000       0.000    
   518400.   10.69650894   10.7579   0.000       0.000      0.6137E-03 -0.4010E-06-0.1207E-01 0.1146E-01  0.000      0.000      0.000      0.000       0.000       0.000       0.000       0.000       0.000       0.000    
   604800.   10.69852084   10.7601   0.000       0.000      0.6157E-03 -0.1164E-06-0.1209E-01 0.1148E-01  0.000      0.000      0.000      0.000       0.000       0.000       0.000       0.000       0.000       0.000    
   691200.   10.71644894   10.7792   0.000       0.000      0.6279E-03 -0.1038E-05-0.1224E-01 0.1161E-01  0.000      0.000      0.000      0.000       0.000       0.000       0.000       0.000       0.000       0.000    
   777600.   10.76519006   10.8312   0.000       0.000      0.6599E-03 -0.2821E-05-0.1259E-01 0.1194E-01  0.000      0.000      0.000      0.000       0.000       0.000       0.000       0.000       0.000       0.000    
   864000.   10.83710672   10.9078   0.000       0.000      0.7067E-03 -0.4162E-05-0.1310E-01 0.1240E-01  0.000      0.000      0.000      0.000       0.000       0.000       0.000       0.000       0.000       0.000    
   950400.   10.86956166   10.9428   0.000       0.000      0.7326E-03 -0.1878E-05-0.1335E-01 0.1262E-01  0.000      0.000      0.000      0.000       0.000       0.000       0.000       0.000       0.000       0.000    
  1036800.   10.94768323   11.0260   0.000       0.000      0.7827E-03 -0.4521E-05-0.1394E-01 0.1316E-01  0.000      0.000      0.000      0.000       0.000       0.000       0.000       0.000       0.000       0.000    
  1123200.   11.08827584   11.1746   0.000       0.000      0.8633E-03 -0.8136E-05-0.1485E-01 0.1399E-01  0.000      0.000      0.000      0.000       0.000       0.000       0.000       0.000       0.000       0.000    
  1209600.   11.07112278   11.1581   0.000       0.000      0.8699E-03  0.9927E-06-0.1482E-01 0.1394E-01  0.000      0.000      0.000      0.000       0.000       0.000       0.000       0.000       0.000       0.000    
  1296000.   11.05038496   11.1374   0.000       0.000      0.8702E-03  0.1200E-05-0.1489E-01 0.1402E-01  0.000      0.000      0.000      0.000       0.000       0.000       0.000       0.000       0.000       0.000    
  1382400.   11.02938247   11.1159   0.000       0.000      0.8653E-03  0.1215E-05-0.1487E-01 0.1400E-01  0.000      0.000      0.000      0.000       0.000       0.000       0.000       0.000       0.000       0.000    
  1468800.   11.00863310   11.0944   0.000       0.000      0.8572E-03  0.1201E-05-0.1480E-01 0.1395E-01  0.000      0.000      0.000      0.000       0.000       0.000       0.000       0.000       0.000       0.000    
  1555200.   10.98639984   11.0710   0.000       0.000      0.8461E-03  0.1287E-05-0.1471E-01 0.1386E-01  0.000      0.000      0.000      0.000       0.000       0.000       0.000       0.000       0.000       0.000    
  1641600.   10.96402866   11.0473   0.000       0.000      0.8332E-03  0.1295E-05-0.1459E-01 0.1376E-01  0.000      0.000      0.000      0.000       0.000       0.000       0.000       0.000       0.000       0.000    
  1728000.   10.94505230   11.0271   0.000       0.000      0.8207E-03  0.1098E-05-0.1448E-01 0.1366E-01  0.000      0.000      0.000      0.000       0.000       0.000       0.000       0.000       0.000       0.000    
  1814400.   10.92838625   11.0092   0.000       0.000      0.8085E-03  0.9645E-06-0.1437E-01 0.1356E-01  0.000      0.000      0.000      0.000       0.000       0.000       0.000       0.000       0.000       0.000    
  1900800.   10.90970639   10.9892   0.000       0.000      0.7946E-03  0.1081E-05-0.1424E-01 0.1344E-01  0.000      0.000      0.000      0.000       0.000       0.000       0.000       0.000       0.000       0.000    
  1987200.   10.89260363   10.9707   0.000       0.000      0.7810E-03  0.9897E-06-0.1411E-01 0.1333E-01  0.000      0.000      0.000      0.000       0.000       0.000       0.000       0.000       0.000       0.000    
  2073600.   10.87849261   10.9554   0.000       0.000      0.7687E-03  0.8166E-06-0.1400E-01 0.1323E-01  0.000      0.000      0.000      0.000       0.000       0.000       0.000       0.000       0.000       0.000    
  2160000.   10.86212747   10.9376   0.000       0.000      0.7550E-03  0.9471E-06-0.1387E-01 0.1311E-01  0.000      0.000      0.000      0.000       0.000       0.000       0.000       0.000       0.000       0.000    
  2246400.   10.84598805   10.9201   0.000       0.000      0.7411E-03  0.9340E-06-0.1374E-01 0.1299E-01  0.000      0.000      0.000      0.000       0.000       0.000       0.000       0.000       0.000       0.000    
  2332800.   10.83021632   10.9029   0.000       0.000      0.7272E-03  0.9127E-06-0.1360E-01 0.1287E-01  0.000      0.000      0.000      0.000       0.000       0.000       0.000       0.000       0.000       0.000    
  2419200.   10.81488233   10.8862   0.000       0.000      0.7133E-03  0.8874E-06-0.1346E-01 0.1275E-01  0.000      0.000      0.000      0.000       0.000       0.000       0.000       0.000       0.000       0.000    
  2505600.   10.80792887   10.8784   0.000       0.000      0.7044E-03  0.4024E-06-0.1338E-01 0.1268E-01  0.000      0.000      0.000      0.000       0.000       0.000       0.000       0.000       0.000       0.000    
  2592000.   10.79786217   10.8673   0.000       0.000      0.6940E-03  0.5826E-06-0.1328E-01 0.1258E-01  0.000      0.000      0.000      0.000       0.000       0.000       0.000       0.000       0.000       0.000    
  2678400.   10.81681379   10.8869   0.000       0.000      0.7011E-03 -0.1097E-05-0.1338E-01 0.1268E-01  0.000      0.000      0.000      0.000       0.000       0.000       0.000       0.000       0.000       0.000    
  2764800.   10.89211137   10.9663   0.000       0.000      0.7417E-03 -0.4357E-05-0.1385E-01 0.1311E-01  0.000      0.000      0.000      0.000       0.000       0.000       0.000       0.000       0.000       0.000    
  2851200.   11.07729441   11.1613   0.000       0.000      0.8397E-03 -0.1072E-04-0.1496E-01 0.1413E-01  0.000      0.000      0.000      0.000       0.000       0.000       0.000       0.000       0.000       0.000    
  2937600.   11.04392505   11.1275   0.000       0.000      0.8356E-03  0.1931E-05-0.1476E-01 0.1392E-01  0.000      0.000      0.000      0.000       0.000       0.000       0.000       0.000       0.000       0.000    
  3024000.   11.05085064   11.1355   0.000       0.000      0.8468E-03 -0.4008E-06-0.1499E-01 0.1414E-01  0.000      0.000      0.000      0.000       0.000       0.000       0.000       0.000       0.000       0.000    
  3110400.   11.05259408   11.1378   0.000       0.000      0.8523E-03 -0.1009E-06-0.1506E-01 0.1421E-01  0.000      0.000      0.000      0.000       0.000       0.000       0.000       0.000       0.000       0.000    
  3196800.   11.04073629   11.1257   0.000       0.000      0.8495E-03  0.6862E-06-0.1504E-01 0.1419E-01  0.000      0.000      0.000      0.000       0.000       0.000       0.000       0.000       0.000       0.000    
  3283200.   11.02276120   11.1069   0.000       0.000      0.8418E-03  0.1040E-05-0.1497E-01 0.1413E-01  0.000      0.000      0.000      0.000       0.000       0.000       0.000       0.000       0.000       0.000    
  3369600.   11.02549613   11.1098   0.000       0.000      0.8427E-03 -0.1583E-06-0.1501E-01 0.1417E-01  0.000      0.000      0.000      0.000       0.000       0.000       0.000       0.000       0.000       0.000    
  3456000.   11.04009793   11.1250   0.000       0.000      0.8495E-03 -0.8450E-06-0.1510E-01 0.1425E-01  0.000      0.000      0.000      0.000       0.000       0.000       0.000       0.000       0.000       0.000    
  3542400.   11.06307296   11.1492   0.000       0.000      0.8610E-03 -0.1330E-05-0.1524E-01 0.1438E-01  0.000      0.000      0.000      0.000       0.000       0.000       0.000       0.000       0.000       0.000    
  3628800.   11.07168194   11.1583   0.000       0.000      0.8664E-03 -0.4982E-06-0.1531E-01 0.1444E-01  0.000      0.000      0.000      0.000       0.000       0.000       0.000       0.000       0.000       0.000    
  3715200.   11.06006969   11.1463   0.000       0.000      0.8619E-03  0.6720E-06-0.1527E-01 0.1441E-01  0.000      0.000      0.000      0.000       0.000       0.000       0.000       0.000       0.000       0.000    
  3801600.   11.06382633   11.1502   0.000       0.000      0.8634E-03 -0.2174E-06-0.1532E-01 0.1446E-01  0.000      0.000      0.000      0.000       0.000       0.000       0.000       0.000       0.000       0.000    
  3888000.   11.07670396   11.1636   0.000       0.000      0.8691E-03 -0.7452E-06-0.1540E-01 0.1453E-01  0.000      0.000      0.000      0.000       0.000       0.000       0.000       0.000       0.000       0.000    
  3974400.   11.10562652   11.1939   0.000       0.000      0.8829E-03 -0.1674E-05-0.1558E-01 0.1470E-01  0.000      0.000      0.000      0.000       0.000       0.000       0.000       0.000       0.000       0.000    
  4060800.   11.12892304   11.2184   0.000       0.000      0.8951E-03 -0.1348E-05-0.1572E-01 0.1483E-01  0.000      0.000      0.000      0.000       0.000       0.000       0.000       0.000       0.000       0.000    
  4147200.   11.11732140   11.2065   0.000       0.000      0.8914E-03  0.6714E-06-0.1568E-01 0.1479E-01  0.000      0.000      0.000      0.000       0.000       0.000       0.000       0.000       0.000       0.000    
  4233600.   11.09894520   11.1872   0.000       0.000      0.8830E-03  0.1063E-05-0.1562E-01 0.1473E-01  0.000      0.000      0.000      0.000       0.000       0.000       0.000       0.000       0.000       0.000    
  4320000.   11.08366377   11.1711   0.000       0.000      0.8742E-03  0.8843E-06-0.1555E-01 0.1467E-01  0.000      0.000      0.000      0.000       0.000       0.000       0.000       0.000       0.000       0.000    
  4406400.   11.06717901   11.1536   0.000       0.000      0.8638E-03  0.9540E-06-0.1545E-01 0.1459E-01  0.000      0.000      0.000      0.000       0.000       0.000       0.000       0.000       0.000       0.000    
  4492800.   11.05399572   11.1394   0.000       0.000      0.8543E-03  0.7629E-06-0.1537E-01 0.1451E-01  0.000      0.000      0.000      0.000       0.000       0.000       0.000       0.000       0.000       0.000    
  4579200.   11.03693498   11.1212   0.000       0.000      0.8424E-03  0.9873E-06-0.1525E-01 0.1441E-01  0.000      0.000      0.000      0.000       0.000       0.000       0.000       0.000       0.000       0.000    
  4665600.   11.01886964   11.1018   0.000       0.000      0.8295E-03  0.1045E-05-0.1513E-01 0.1430E-01  0.000      0.000      0.000      0.000       0.000       0.000       0.000       0.000       0.000       0.000    
  4752000.   11.04452510   11.1283   0.000       0.000      0.8380E-03 -0.1485E-05-0.1526E-01 0.1442E-01  0.000      0.000      0.000      0.000       0.000       0.000       0.000       0.000       0.000       0.000    
  4838400.   11.08165873   11.1671   0.000       0.000      0.8540E-03 -0.2149E-05-0.1544E-01 0.1459E-01  0.000      0.000      0.000      0.000       0.000       0.000       0.000       0.000       0.000       0.000    
  4924800.   11.12329643   11.2107   0.000       0.000      0.8740E-03 -0.2410E-05-0.1567E-01 0.1480E-01  0.000      0.000      0.000      0.000       0.000       0.000       0.000       0.000       0.000       0.000    
  5011200.   11.14943889   11.2383   0.000       0.000      0.8883E-03 -0.1513E-05-0.1583E-01 0.1494E-01  0.000      0.000      0.000      0.000       0.000       0.000       0.000       0.000       0.000       0.000    
  5097600.   11.13683426   11.2253   0.000       0.000      0.8850E-03  0.7294E-06-0.1579E-01 0.1490E-01  0.000      0.000      0.000      0.000       0.000       0.000       0.000       0.000       0.000       0.000    
  5184000.   11.11831942   11.2060   0.000       0.000      0.8772E-03  0.1071E-05-0.1573E-01 0.1485E-01  0.000      0.000      0.000      0.000       0.000       0.000       0.000       0.000       0.000       0.000    
  5270400.   11.10188489   11.1887   0.000       0.000      0.8684E-03  0.9511E-06-0.1566E-01 0.1479E-01  0.000      0.000      0.000      0.000       0.000       0.000       0.000       0.000       0.000       0.000    
  5356800.   11.08314802   11.1689   0.000       0.000      0.8572E-03  0.1084E-05-0.1555E-01 0.1469E-01  0.000      0.000      0.000      0.000       0.000       0.000       0.000       0.000       0.000       0.000    
  5443200.   11.09272552   11.1786   0.000       0.000      0.8588E-03 -0.5543E-06-0.1560E-01 0.1474E-01  0.000      0.000      0.000      0.000       0.000       0.000       0.000       0.000       0.000       0.000    
  5529600.   11.10510598   11.1914   0.000       0.000      0.8627E-03 -0.7165E-06-0.1564E-01 0.1478E-01  0.000      0.000      0.000      0.000       0.000       0.000       0.000       0.000       0.000       0.000    
  5616000.   11.11860437   11.2054   0.000       0.000      0.8680E-03 -0.7812E-06-0.1571E-01 0.1484E-01  0.000      0.000      0.000      0.000       0.000       0.000       0.000       0.000       0.000       0.000    
  5702400.   11.12734161   11.2145   0.000       0.000      0.8718E-03 -0.5056E-06-0.1576E-01 0.1489E-01  0.000      0.000      0.000      0.000       0.000       0.000       0.000       0.000       0.000       0.000    
  5788800.   11.12301880   11.2100   0.000       0.000      0.8697E-03  0.2502E-06-0.1574E-01 0.1487E-01  0.000      0.000      0.000      0.000       0.000       0.000       0.000       0.000       0.000       0.000    
  5875200.   11.12394528   11.2109   0.000       0.000      0.8694E-03 -0.5362E-07-0.1576E-01 0.1489E-01  0.000      0.000      0.000      0.000       0.000       0.000       0.000       0.000       0.000       0.000    
  5961600.   11.11975506   11.2064   0.000       0.000      0.8665E-03  0.2425E-06-0.1574E-01 0.1487E-01  0.000      0.000      0.000      0.000       0.000       0.000       0.000       0.000       0.000       0.000    
  6048000.   11.10702175   11.1930   0.000       0.000      0.8593E-03  0.7369E-06-0.1567E-01 0.1481E-01  0.000      0.000      0.000      0.000       0.000       0.000       0.000       0.000       0.000       0.000    
  6134400.   11.09051005   11.1755   0.000       0.000      0.8495E-03  0.9555E-06-0.1557E-01 0.1472E-01  0.000      0.000      0.000      0.000       0.000       0.000       0.000       0.000       0.000       0.000    
  6220800.   11.07236194   11.1562   0.000       0.000      0.8381E-03  0.1050E-05-0.1546E-01 0.1462E-01  0.000      0.000      0.000      0.000       0.000       0.000       0.000       0.000       0.000       0.000    
  6307200.   11.05364716   11.1362   0.000       0.000      0.8257E-03  0.1083E-05-0.1533E-01 0.1451E-01  0.000      0.000      0.000      0.000       0.000       0.000       0.000       0.000       0.000       0.000    
  6393600.   11.03494207   11.1162   0.000       0.000      0.8128E-03  0.1082E-05-0.1520E-01 0.1439E-01  0.000      0.000      0.000      0.000       0.000       0.000       0.000       0.000       0.000       0.000    
  6480000.   11.01647646   11.0964   0.000       0.000      0.7995E-03  0.1069E-05-0.1506E-01 0.1426E-01  0.000      0.000      0.000      0.000       0.000       0.000       0.000       0.000       0.000       0.000    
  6566400.   10.99826848   11.0769   0.000       0.000      0.7860E-03  0.1054E-05-0.1492E-01 0.1413E-01  0.000      0.000      0.000      0.000       0.000       0.000       0.000       0.000       0.000       0.000    
  6652800.   10.98035994   11.0576   0.000       0.000      0.7725E-03  0.1036E-05-0.1478E-01 0.1400E-01  0.000      0.000      0.000      0.000       0.000       0.000       0.000       0.000       0.000       0.000    
  6739200.   10.96299604   11.0389   0.000       0.000      0.7590E-03  0.1005E-05-0.1463E-01 0.1387E-01  0.000      0.000      0.000      0.000       0.000       0.000       0.000       0.000       0.000       0.000    
  6825600.   10.94576535   11.0203   0.000       0.000      0.7455E-03  0.9971E-06-0.1449E-01 0.1374E-01  0.000      0.000      0.000      0.000       0.000       0.000       0.000       0.000       0.000       0.000    
  6912000.   10.92870927   11.0019   0.000       0.000      0.7320E-03  0.9870E-06-0.1434E-01 0.1361E-01  0.000      0.000      0.000      0.000       0.000       0.000       0.000       0.000       0.000       0.000    
  6998400.   10.91206485   10.9839   0.000       0.000      0.7187E-03  0.9632E-06-0.1419E-01 0.1347E-01  0.000      0.000      0.000      0.000       0.000       0.000       0.000       0.000       0.000       0.000    
  7084800.   10.89604745   10.9666   0.000       0.000      0.7057E-03  0.9269E-06-0.1405E-01 0.1334E-01  0.000      0.000      0.000      0.000       0.000       0.000       0.000       0.000       0.000       0.000    
  7171200.   10.88058945   10.9499   0.000       0.000      0.6930E-03  0.8946E-06-0.1390E-01 0.1321E-01  0.000      0.000      0.000      0.000       0.000       0.000       0.000       0.000       0.000       0.000    
  7257600.   10.86554626   10.9336   0.000       0.000      0.6806E-03  0.8706E-06-0.1376E-01 0.1308E-01  0.000      0.000      0.000      0.000       0.000       0.000       0.000       0.000       0.000       0.000    
  7344000.   10.85106387   10.9179   0.000       0.000      0.6685E-03  0.8381E-06-0.1362E-01 0.1295E-01  0.000      0.000      0.000      0.000       0.000       0.000       0.000       0.000       0.000       0.000    
  7430400.   10.83806426   10.9038   0.000       0.000      0.6574E-03  0.7523E-06-0.1349E-01 0.1284E-01  0.000      0.000      0.000      0.000       0.000       0.000       0.000       0.000       0.000       0.000    
  7516800.   10.82528106   10.8899   0.000       0.000      0.6466E-03  0.7398E-06-0.1337E-01 0.1272E-01  0.000      0.000      0.000      0.000       0.000       0.000       0.000       0.000       0.000       0.000    
  7603200.   10.81217744   10.8757   0.000       0.000      0.6357E-03  0.7583E-06-0.1323E-01 0.1260E-01  0.000      0.000      0.000      0.000       0.000       0.000       0.000       0.000       0.000       0.000    
  7689600.   10.79949232   10.8620   0.000       0.000      0.6251E-03  0.7341E-06-0.1311E-01 0.1248E-01  0.000      0.000      0.000      0.000       0.000       0.000       0.000       0.000       0.000       0.000    
  7776000.   10.78775315   10.8493   0.000       0.000      0.6152E-03  0.6794E-06-0.1299E-01 0.1237E-01  0.000      0.000      0.000      0.000       0.000       0.000       0.000       0.000       0.000       0.000    
  7862400.   10.77589362   10.8364   0.000       0.000      0.6054E-03  0.6863E-06-0.1286E-01 0.1226E-01  0.000      0.000      0.000      0.000       0.000       0.000       0.000       0.000       0.000       0.000    
  7948800.   10.76441843   10.8240   0.000       0.000      0.5959E-03  0.6641E-06-0.1275E-01 0.1215E-01  0.000      0.000      0.000      0.000       0.000       0.000       0.000       0.000       0.000       0.000    
  8035200.   10.75330381   10.8120   0.000       0.000      0.5867E-03  0.6432E-06-0.1263E-01 0.1204E-01  0.000      0.000      0.000      0.000       0.000       0.000       0.000       0.000       0.000       0.000    
  8121600.   10.74252786   10.8003   0.000       0.000      0.5778E-03  0.6236E-06-0.1251E-01 0.1194E-01  0.000      0.000      0.000      0.000       0.000       0.000       0.000       0.000       0.000       0.000    
  8208000.   10.73207102   10.7890   0.000       0.000      0.5692E-03  0.6051E-06-0.1240E-01 0.1183E-01  0.000      0.000      0.000      0.000       0.000       0.000       0.000       0.000       0.000       0.000    
  8294400.   10.72191493   10.7780   0.000       0.000      0.5609E-03  0.5877E-06-0.1229E-01 0.1173E-01  0.000      0.000      0.000      0.000       0.000       0.000       0.000       0.000       0.000       0.000    
  8380800.   10.76758103   10.8263   0.000       0.000      0.5875E-03 -0.2643E-05-0.1260E-01 0.1201E-01  0.000      0.000      0.000      0.000       0.000       0.000       0.000       0.000       0.000       0.000    
  8467200.   10.77213353   10.8313   0.000       0.000      0.5920E-03 -0.2635E-06-0.1258E-01 0.1199E-01  0.000      0.000      0.000      0.000       0.000       0.000       0.000       0.000       0.000       0.000    
  8553600.   10.77294586   10.8324   0.000       0.000      0.5947E-03 -0.4701E-07-0.1260E-01 0.1201E-01  0.000      0.000      0.000      0.000       0.000       0.000       0.000       0.000       0.000       0.000    
  8640000.   10.76883712   10.8282   0.000       0.000      0.5940E-03  0.2378E-06-0.1258E-01 0.1198E-01  0.000      0.000      0.000      0.000       0.000       0.000       0.000       0.000       0.000       0.000    
  8726400.   10.76231375   10.8215   0.000       0.000      0.5914E-03  0.3775E-06-0.1253E-01 0.1194E-01  0.000      0.000      0.000      0.000       0.000       0.000       0.000       0.000       0.000       0.000    
  8812800.   10.75455233   10.8133   0.000       0.000      0.5875E-03  0.4492E-06-0.1247E-01 0.1188E-01  0.000      0.000      0.000      0.000       0.000       0.000       0.000       0.000       0.000       0.000    
  8899200.   10.74471871   10.8029   0.000       0.000      0.5818E-03  0.5691E-06-0.1239E-01 0.1181E-01  0.000      0.000      0.000      0.000       0.000       0.000       0.000       0.000       0.000       0.000    
  8985600.   10.74144113   10.7994   0.000       0.000      0.5799E-03  0.1897E-06-0.1236E-01 0.1178E-01  0.000      0.000      0.000      0.000       0.000       0.000       0.000       0.000       0.000       0.000    
  9072000.   10.74912256   10.8076   0.000       0.000      0.5848E-03 -0.4445E-06-0.1240E-01 0.1182E-01  0.000      0.000      0.000      0.000       0.000       0.000       0.000       0.000       0.000       0.000    
  9158400.   10.74519311   10.8035   0.000       0.000      0.5833E-03  0.2274E-06-0.1236E-01 0.1177E-01  0.000      0.000      0.000      0.000       0.000       0.000       0.000       0.000       0.000       0.000    
  9244800.   10.77295974   10.8331   0.000       0.000      0.6012E-03 -0.1607E-05-0.1256E-01 0.1196E-01  0.000      0.000      0.000      0.000       0.000       0.000       0.000       0.000       0.000       0.000    
  9331200.   10.84322782   10.9077   0.000       0.000      0.6450E-03 -0.4066E-05-0.1303E-01 0.1239E-01  0.000      0.000      0.000      0.000       0.000       0.000       0.000       0.000       0.000       0.000    
  9417600.   11.01455807   11.0888   0.000       0.000      0.7428E-03 -0.9915E-05-0.1412E-01 0.1339E-01  0.000      0.000      0.000      0.000       0.000       0.000       0.000       0.000       0.000       0.000    
  9504000.   11.14083645   11.2227   0.000       0.000      0.8184E-03 -0.7308E-05-0.1487E-01 0.1406E-01  0.000      0.000      0.000      0.000       0.000       0.000       0.000       0.000       0.000       0.000    
  9590400.   11.11847419   11.2011   0.000       0.000      0.8267E-03  0.1294E-05-0.1488E-01 0.1406E-01  0.000      0.000      0.000      0.000       0.000       0.000       0.000       0.000       0.000       0.000    
  9676800.   11.09048362   11.1731   0.000       0.000      0.8263E-03  0.1620E-05-0.1493E-01 0.1411E-01  0.000      0.000      0.000      0.000       0.000       0.000       0.000       0.000       0.000       0.000    
  9763200.   11.06044551   11.1423   0.000       0.000      0.8190E-03  0.1738E-05-0.1487E-01 0.1405E-01  0.000      0.000      0.000      0.000       0.000       0.000       0.000       0.000       0.000       0.000    
  9849600.   11.03173904   11.1126   0.000       0.000      0.8084E-03  0.1661E-05-0.1477E-01 0.1396E-01  0.000      0.000      0.000      0.000       0.000       0.000       0.000       0.000       0.000       0.000    
  9936000.   11.05017432   11.1320   0.000       0.000      0.8185E-03 -0.1067E-05-0.1491E-01 0.1409E-01  0.000      0.000      0.000      0.000       0.000       0.000       0.000       0.000       0.000       0.000    
 10022400.   11.06553422   11.1483   0.000       0.000      0.8277E-03 -0.8889E-06-0.1500E-01 0.1418E-01  0.000      0.000      0.000      0.000       0.000       0.000       0.000       0.000       0.000       0.000    
 10108800.   11.07022954   11.1535   0.000       0.000      0.8325E-03 -0.2717E-06-0.1506E-01 0.1423E-01  0.000      0.000      0.000      0.000       0.000       0.000       0.000       0.000       0.000       0.000    
 10195200.   11.08273336   11.1668   0.000       0.000      0.8406E-03 -0.7236E-06-0.1517E-01 0.1433E-01  0.000      0.000      0.000      0.000       0.000       0.000       0.000       0.000       0.000       0.000    
 10281600.   11.08941594   11.1740   0.000       0.000      0.8459E-03 -0.3867E-06-0.1523E-01 0.1439E-01  0.000      0.000      0.000      0.000       0.000       0.000       0.000       0.000       0.000       0.000    
 10368000.   11.07719077   11.1614   0.000       0.000      0.8417E-03  0.7075E-06-0.1519E-01 0.1435E-01  0.000      0.000      0.000      0.000       0.000       0.000       0.000       0.000       0.000       0.000    
 10454400.   11.05814617   11.1414   0.000       0.000      0.8329E-03  0.1102E-05-0.1512E-01 0.1428E-01  0.000      0.000      0.000      0.000       0.000       0.000       0.000       0.000       0.000       0.000    
 10540800.   11.05711792   11.1403   0.000       0.000      0.8313E-03  0.5951E-07-0.1513E-01 0.1430E-01  0.000      0.000      0.000      0.000       0.000       0.000       0.000       0.000       0.000       0.000    
 10627200.   11.06543240   11.1489   0.000       0.000      0.8342E-03 -0.4812E-06-0.1518E-01 0.1434E-01  0.000      0.000      0.000      0.000       0.000       0.000       0.000       0.000       0.000       0.000    
 10713600.   11.06606212   11.1495   0.000       0.000      0.8339E-03 -0.3644E-07-0.1518E-01 0.1435E-01  0.000      0.000      0.000      0.000       0.000       0.000       0.000       0.000       0.000       0.000    
 10800000.   11.05678135   11.1397   0.000       0.000      0.8288E-03  0.5371E-06-0.1514E-01 0.1431E-01  0.000      0.000      0.000      0.000       0.000       0.000       0.000       0.000       0.000       0.000    
 10886400.   11.04137168   11.1234   0.000       0.000      0.8200E-03  0.8918E-06-0.1506E-01 0.1423E-01  0.000      0.000      0.000      0.000       0.000       0.000       0.000       0.000       0.000       0.000    
 10972800.   11.02273569   11.1036   0.000       0.000      0.8087E-03  0.1078E-05-0.1495E-01 0.1414E-01  0.000      0.000      0.000      0.000       0.000       0.000       0.000       0.000       0.000       0.000    
 11059200.   11.00104141   11.0805   0.000       0.000      0.7948E-03  0.1255E-05-0.1481E-01 0.1401E-01  0.000      0.000      0.000      0.000       0.000       0.000       0.000       0.000       0.000       0.000    
 11145600.   10.97921758   11.0572   0.000       0.000      0.7800E-03  0.1263E-05-0.1466E-01 0.1388E-01  0.000      0.000      0.000      0.000       0.000       0.000       0.000       0.000       0.000       0.000    
 11232000.   10.95826576   11.0348   0.000       0.000      0.7650E-03  0.1212E-05-0.1451E-01 0.1374E-01  0.000      0.000      0.000      0.000       0.000       0.000       0.000       0.000       0.000       0.000    
 11318400.   10.93822736   11.0132   0.000       0.000      0.7499E-03  0.1160E-05-0.1436E-01 0.1360E-01  0.000      0.000      0.000      0.000       0.000       0.000       0.000       0.000       0.000       0.000    
 11404800.   10.94241347   11.0172   0.000       0.000      0.7474E-03 -0.2423E-06-0.1435E-01 0.1360E-01  0.000      0.000      0.000      0.000       0.000       0.000       0.000       0.000       0.000       0.000    
 11491200.   10.92465516   10.9981   0.000       0.000      0.7345E-03  0.1028E-05-0.1419E-01 0.1346E-01  0.000      0.000      0.000      0.000       0.000       0.000       0.000       0.000       0.000       0.000    
 11577600.   10.95054548   11.0250   0.000       0.000      0.7446E-03 -0.1498E-05-0.1434E-01 0.1360E-01  0.000      0.000      0.000      0.000       0.000       0.000       0.000       0.000       0.000       0.000    
 11664000.   11.02285856   11.1009   0.000       0.000      0.7801E-03 -0.4185E-05-0.1475E-01 0.1397E-01  0.000      0.000      0.000      0.000       0.000       0.000       0.000       0.000       0.000       0.000    
 11750400.   11.19592181   11.2824   0.000       0.000      0.8647E-03 -0.1002E-04-0.1572E-01 0.1486E-01  0.000      0.000      0.000      0.000       0.000       0.000       0.000       0.000       0.000       0.000    
 11836800.   11.16347295   11.2496   0.000       0.000      0.8613E-03  0.1878E-05-0.1553E-01 0.1467E-01  0.000      0.000      0.000      0.000       0.000       0.000       0.000       0.000       0.000       0.000    
 11923200.   11.13380609   11.2193   0.000       0.000      0.8551E-03  0.1717E-05-0.1554E-01 0.1468E-01  0.000      0.000      0.000      0.000       0.000       0.000       0.000       0.000       0.000       0.000    
 12009600.   11.10607492   11.1905   0.000       0.000      0.8447E-03  0.1605E-05-0.1545E-01 0.1460E-01  0.000      0.000      0.000      0.000       0.000       0.000       0.000       0.000       0.000       0.000    
 12096000.   11.09906018   11.1832   0.000       0.000      0.8413E-03  0.4059E-06-0.1543E-01 0.1459E-01  0.000      0.000      0.000      0.000       0.000       0.000       0.000       0.000       0.000       0.000    
 12182400.   11.08982537   11.1734   0.000       0.000      0.8362E-03  0.5344E-06-0.1538E-01 0.1454E-01  0.000      0.000      0.000      0.000       0.000       0.000       0.000       0.000       0.000       0.000    
 12268800.   11.07456824   11.1574   0.000       0.000      0.8278E-03  0.8829E-06-0.1530E-01 0.1447E-01  0.000      0.000      0.000      0.000       0.000       0.000       0.000       0.000       0.000       0.000    
 12355200.   11.05566727   11.1374   0.000       0.000      0.8170E-03  0.1094E-05-0.1519E-01 0.1437E-01  0.000      0.000      0.000      0.000       0.000       0.000       0.000       0.000       0.000       0.000    
 12441600.   11.04210158   11.1229   0.000       0.000      0.8078E-03  0.7851E-06-0.1510E-01 0.1429E-01  0.000      0.000      0.000      0.000       0.000       0.000       0.000       0.000       0.000       0.000    
 12528000.   11.08740449   11.1701   0.000       0.000      0.8270E-03 -0.2622E-05-0.1535E-01 0.1453E-01  0.000      0.000      0.000      0.000       0.000       0.000       0.000       0.000       0.000       0.000    
 12614400.   11.13960330   11.2248   0.000       0.000      0.8517E-03 -0.3021E-05-0.1561E-01 0.1477E-01  0.000      0.000      0.000      0.000       0.000       0.000       0.000       0.000       0.000       0.000    
 12700800.   11.13140166   11.2165   0.000       0.000      0.8509E-03  0.4746E-06-0.1557E-01 0.1472E-01  0.000      0.000      0.000      0.000       0.000       0.000       0.000       0.000       0.000       0.000    
 12787200.   11.11580851   11.2004   0.000       0.000      0.8454E-03  0.9024E-06-0.1554E-01 0.1469E-01  0.000      0.000      0.000      0.000       0.000       0.000       0.000       0.000       0.000       0.000    
 12873600.   11.09495856   11.1785   0.000       0.000      0.8355E-03  0.1207E-05-0.1545E-01 0.1461E-01  0.000      0.000      0.000      0.000       0.000       0.000       0.000       0.000       0.000       0.000    
 12960000.   11.09959274   11.1832   0.000       0.000      0.8361E-03 -0.2682E-06-0.1548E-01 0.1464E-01  0.000      0.000      0.000      0.000       0.000       0.000       0.000       0.000       0.000       0.000    
 13046400.   11.09024348   11.1733   0.000       0.000      0.8304E-03  0.5410E-06-0.1541E-01 0.1458E-01  0.000      0.000      0.000      0.000       0.000       0.000       0.000       0.000       0.000       0.000    
 13132800.   11.07633868   11.1586   0.000       0.000      0.8223E-03  0.8047E-06-0.1533E-01 0.1451E-01  0.000      0.000      0.000      0.000       0.000       0.000       0.000       0.000       0.000       0.000    
 13219200.   11.06650932   11.1481   0.000       0.000      0.8155E-03  0.5688E-06-0.1527E-01 0.1445E-01  0.000      0.000      0.000      0.000       0.000       0.000       0.000       0.000       0.000       0.000    
 13305600.   11.05225891   11.1329   0.000       0.000      0.8062E-03  0.8247E-06-0.1517E-01 0.1437E-01  0.000      0.000      0.000      0.000       0.000       0.000       0.000       0.000       0.000       0.000    
 13392000.   11.07347200   11.1549   0.000       0.000      0.8138E-03 -0.1228E-05-0.1529E-01 0.1447E-01  0.000      0.000      0.000      0.000       0.000       0.000       0.000       0.000       0.000       0.000    
 13478400.   11.08947073   11.1715   0.000       0.000      0.8204E-03 -0.9259E-06-0.1535E-01 0.1453E-01  0.000      0.000      0.000      0.000       0.000       0.000       0.000       0.000       0.000       0.000    
 13564800.   11.08501089   11.1668   0.000       0.000      0.8184E-03  0.2581E-06-0.1532E-01 0.1450E-01  0.000      0.000      0.000      0.000       0.000       0.000       0.000       0.000       0.000       0.000    
 13651200.   11.07545471   11.1568   0.000       0.000      0.8135E-03  0.5530E-06-0.1528E-01 0.1447E-01  0.000      0.000      0.000      0.000       0.000       0.000       0.000       0.000       0.000       0.000    
 13737600.   11.06183741   11.1424   0.000       0.000      0.8058E-03  0.7880E-06-0.1520E-01 0.1440E-01  0.000      0.000      0.000      0.000       0.000       0.000       0.000       0.000       0.000       0.000    
 13824000.   11.10617963   11.1887   0.000       0.000      0.8252E-03 -0.2566E-05-0.1546E-01 0.1463E-01  0.000      0.000      0.000      0.000       0.000       0.000       0.000       0.000       0.000       0.000    
 13910400.   11.17003110   11.2556   0.000       0.000      0.8555E-03 -0.3695E-05-0.1579E-01 0.1493E-01  0.000      0.000      0.000      0.000       0.000       0.000       0.000       0.000       0.000       0.000    
 13996800.   11.16869708   11.2546   0.000       0.000      0.8590E-03  0.7720E-07-0.1578E-01 0.1492E-01  0.000      0.000      0.000      0.000       0.000       0.000       0.000       0.000       0.000       0.000    
 14083200.   11.15413392   11.2397   0.000       0.000      0.8554E-03  0.8428E-06-0.1576E-01 0.1491E-01  0.000      0.000      0.000      0.000       0.000       0.000       0.000       0.000       0.000       0.000    
 14169600.   11.16881790   11.2551   0.000       0.000      0.8630E-03 -0.8498E-06-0.1588E-01 0.1502E-01  0.000      0.000      0.000      0.000       0.000       0.000       0.000       0.000       0.000       0.000    
 14256000.   11.18108136   11.2680   0.000       0.000      0.8696E-03 -0.7097E-06-0.1595E-01 0.1508E-01  0.000      0.000      0.000      0.000       0.000       0.000       0.000       0.000       0.000       0.000    
 14342400.   11.24224904   11.3321   0.000       0.000      0.8981E-03 -0.3540E-05-0.1630E-01 0.1541E-01  0.000      0.000      0.000      0.000       0.000       0.000       0.000       0.000       0.000       0.000    
 14428800.   11.39978279   11.4965   0.000       0.000      0.9676E-03 -0.9117E-05-0.1712E-01 0.1616E-01  0.000      0.000      0.000      0.000       0.000       0.000       0.000       0.000       0.000       0.000    
 14515200.   11.39614500   11.4938   0.000       0.000      0.9766E-03  0.2105E-06-0.1710E-01 0.1612E-01  0.000      0.000      0.000      0.000       0.000       0.000       0.000       0.000       0.000       0.000    
 14601600.   11.42052354   11.5200   0.000       0.000      0.9947E-03 -0.1411E-05-0.1738E-01 0.1639E-01  0.000      0.000      0.000      0.000       0.000       0.000       0.000       0.000       0.000       0.000    
 14688000.   11.47316033   11.5753   0.000       0.000      0.1022E-02 -0.3046E-05-0.1771E-01 0.1669E-01  0.000      0.000      0.000      0.000       0.000       0.000       0.000       0.000       0.000       0.000    
 14774400.   11.49234156   11.5959   0.000       0.000      0.1036E-02 -0.1110E-05-0.1786E-01 0.1682E-01  0.000      0.000      0.000      0.000       0.000       0.000       0.000       0.000       0.000       0.000    
 14860800.   11.48256955   11.5863   0.000       0.000      0.1038E-02  0.5655E-06-0.1789E-01 0.1686E-01  0.000      0.000      0.000      0.000       0.000       0.000       0.000       0.000       0.000       0.000    
 14947200.   11.46893416   11.5725   0.000       0.000      0.1036E-02  0.7891E-06-0.1791E-01 0.1687E-01  0.000      0.000      0.000      0.000       0.000       0.000       0.000       0.000       0.000       0.000    
 15033600.   11.44711551   11.5500   0.000       0.000      0.1029E-02  0.1263E-05-0.1785E-01 0.1682E-01  0.000      0.000      0.000      0.000       0.000       0.000       0.000       0.000       0.000       0.000    
 15120000.   11.42153417   11.5233   0.000       0.000      0.1018E-02  0.1480E-05-0.1776E-01 0.1674E-01  0.000      0.000      0.000      0.000       0.000       0.000       0.000       0.000       0.000       0.000    
 15206400.   11.39218701   11.4926   0.000       0.000      0.1004E-02  0.1698E-05-0.1763E-01 0.1663E-01  0.000      0.000      0.000      0.000       0.000       0.000       0.000       0.000       0.000       0.000    
 15292800.   11.36089153   11.4597   0.000       0.000      0.9882E-03  0.1811E-05-0.1748E-01 0.1649E-01  0.000      0.000      0.000      0.000       0.000       0.000       0.000       0.000       0.000       0.000    
 15379200.   11.40075501   11.5007   0.000       0.000      0.9998E-03 -0.2307E-05-0.1768E-01 0.1668E-01  0.000      0.000      0.000      0.000       0.000       0.000       0.000       0.000       0.000       0.000    
 15465600.   11.41977448   11.5203   0.000       0.000      0.1005E-02 -0.1101E-05-0.1772E-01 0.1672E-01  0.000      0.000      0.000      0.000       0.000       0.000       0.000       0.000       0.000       0.000    
 15552000.   11.40517843   11.5051   0.000       0.000      0.9989E-03  0.8447E-06-0.1766E-01 0.1666E-01  0.000      0.000      0.000      0.000       0.000       0.000       0.000       0.000       0.000       0.000    
 15638400.   11.37828305   11.4769   0.000       0.000      0.9865E-03  0.1556E-05-0.1755E-01 0.1656E-01  0.000      0.000      0.000      0.000       0.000       0.000       0.000       0.000       0.000       0.000    
 15724800.   11.34979186   11.4470   0.000       0.000      0.9718E-03  0.1649E-05-0.1741E-01 0.1644E-01  0.000      0.000      0.000      0.000       0.000       0.000       0.000       0.000       0.000       0.000    
 15811200.   11.32139481   11.4170   0.000       0.000      0.9557E-03  0.1643E-05-0.1726E-01 0.1630E-01  0.000      0.000      0.000      0.000       0.000       0.000       0.000       0.000       0.000       0.000    
 15897600.   11.29412486   11.3880   0.000       0.000      0.9391E-03  0.1578E-05-0.1709E-01 0.1615E-01  0.000      0.000      0.000      0.000       0.000       0.000       0.000       0.000       0.000       0.000    
 15984000.   11.27470112   11.3672   0.000       0.000      0.9252E-03  0.1124E-05-0.1696E-01 0.1603E-01  0.000      0.000      0.000      0.000       0.000       0.000       0.000       0.000       0.000       0.000    
 16070400.   11.24981234   11.3407   0.000       0.000      0.9089E-03  0.1440E-05-0.1679E-01 0.1588E-01  0.000      0.000      0.000      0.000       0.000       0.000       0.000       0.000       0.000       0.000    
 16156800.   11.22562916   11.3149   0.000       0.000      0.8926E-03  0.1399E-05-0.1662E-01 0.1573E-01  0.000      0.000      0.000      0.000       0.000       0.000       0.000       0.000       0.000       0.000    
 16243200.   11.20179362   11.2894   0.000       0.000      0.8761E-03  0.1379E-05-0.1645E-01 0.1558E-01  0.000      0.000      0.000      0.000       0.000       0.000       0.000       0.000       0.000       0.000    
 16329600.   11.17875770   11.2647   0.000       0.000      0.8599E-03  0.1333E-05-0.1628E-01 0.1542E-01  0.000      0.000      0.000      0.000       0.000       0.000       0.000       0.000       0.000       0.000    
 16416000.   11.15645480   11.2408   0.000       0.000      0.8438E-03  0.1291E-05-0.1611E-01 0.1527E-01  0.000      0.000      0.000      0.000       0.000       0.000       0.000       0.000       0.000       0.000    
 16502400.   11.13491368   11.2177   0.000       0.000      0.8281E-03  0.1247E-05-0.1594E-01 0.1512E-01  0.000      0.000      0.000      0.000       0.000       0.000       0.000       0.000       0.000       0.000    
 16588800.   11.11415326   11.1954   0.000       0.000      0.8127E-03  0.1201E-05-0.1578E-01 0.1496E-01  0.000      0.000      0.000      0.000       0.000       0.000       0.000       0.000       0.000       0.000    
 16675200.   11.09415806   11.1739   0.000       0.000      0.7977E-03  0.1157E-05-0.1561E-01 0.1481E-01  0.000      0.000      0.000      0.000       0.000       0.000       0.000       0.000       0.000       0.000    
 16761600.   11.07859695   11.1571   0.000       0.000      0.7848E-03  0.9005E-06-0.1547E-01 0.1469E-01  0.000      0.000      0.000      0.000       0.000       0.000       0.000       0.000       0.000       0.000    
 16848000.   11.06666016   11.1441   0.000       0.000      0.7741E-03  0.6908E-06-0.1535E-01 0.1458E-01  0.000      0.000      0.000      0.000       0.000       0.000       0.000       0.000       0.000       0.000    
 16934400.   11.06819162   11.1452   0.000       0.000      0.7704E-03 -0.8863E-07-0.1531E-01 0.1454E-01  0.000      0.000      0.000      0.000       0.000       0.000       0.000       0.000       0.000       0.000    
 17020800.   11.06285228   11.1393   0.000       0.000      0.7646E-03  0.3090E-06-0.1523E-01 0.1447E-01  0.000      0.000      0.000      0.000       0.000       0.000       0.000       0.000       0.000       0.000    
 17107200.   11.04570959   11.1211   0.000       0.000      0.7535E-03  0.9921E-06-0.1510E-01 0.1435E-01  0.000      0.000      0.000      0.000       0.000       0.000       0.000       0.000       0.000       0.000    
 17193600.   11.02922947   11.1035   0.000       0.000      0.7425E-03  0.9537E-06-0.1497E-01 0.1423E-01  0.000      0.000      0.000      0.000       0.000       0.000       0.000       0.000       0.000       0.000    
 17280000.   11.01243559   11.0855   0.000       0.000      0.7309E-03  0.9719E-06-0.1484E-01 0.1411E-01  0.000      0.000      0.000      0.000       0.000       0.000       0.000       0.000       0.000       0.000    
 17366400.   10.99576268   11.0677   0.000       0.000      0.7193E-03  0.9649E-06-0.1470E-01 0.1398E-01  0.000      0.000      0.000      0.000       0.000       0.000       0.000       0.000       0.000       0.000    
 17452800.   10.97953850   11.0503   0.000       0.000      0.7077E-03  0.9389E-06-0.1456E-01 0.1385E-01  0.000      0.000      0.000      0.000       0.000       0.000       0.000       0.000       0.000       0.000    
 17539200.   10.96381881   11.0335   0.000       0.000      0.6964E-03  0.9097E-06-0.1442E-01 0.1373E-01  0.000      0.000      0.000      0.000       0.000       0.000       0.000       0.000       0.000       0.000    
 17625600.   10.94862483   11.0172   0.000       0.000      0.6853E-03  0.8793E-06-0.1429E-01 0.1360E-01  0.000      0.000      0.000      0.000       0.000       0.000       0.000       0.000       0.000       0.000    
 17712000.   10.93941560   11.0072   0.000       0.000      0.6775E-03  0.5329E-06-0.1419E-01 0.1351E-01  0.000      0.000      0.000      0.000       0.000       0.000       0.000       0.000       0.000       0.000    
 17798400.   10.92563274   10.9924   0.000       0.000      0.6676E-03  0.7976E-06-0.1406E-01 0.1339E-01  0.000      0.000      0.000      0.000       0.000       0.000       0.000       0.000       0.000       0.000    
 17884800.   10.91155057   10.9773   0.000       0.000      0.6576E-03  0.8149E-06-0.1394E-01 0.1328E-01  0.000      0.000      0.000      0.000       0.000       0.000       0.000       0.000       0.000       0.000    
 17971200.   10.89796338   10.9627   0.000       0.000      0.6478E-03  0.7863E-06-0.1381E-01 0.1316E-01  0.000      0.000      0.000      0.000       0.000       0.000       0.000       0.000       0.000       0.000    
 18057600.   10.88481539   10.9486   0.000       0.000      0.6383E-03  0.7609E-06-0.1369E-01 0.1305E-01  0.000      0.000      0.000      0.000       0.000       0.000       0.000       0.000       0.000       0.000    
 18144000.   10.87206992   10.9350   0.000       0.000      0.6290E-03  0.7376E-06-0.1357E-01 0.1294E-01  0.000      0.000      0.000      0.000       0.000       0.000       0.000       0.000       0.000       0.000    
 18230400.   10.85970246   10.9217   0.000       0.000      0.6201E-03  0.7157E-06-0.1345E-01 0.1283E-01  0.000      0.000      0.000      0.000       0.000       0.000       0.000       0.000       0.000       0.000    
 18316800.   10.84769923   10.9088   0.000       0.000      0.6113E-03  0.6946E-06-0.1333E-01 0.1272E-01  0.000      0.000      0.000      0.000       0.000       0.000       0.000       0.000       0.000       0.000    
 18403200.   10.83603165   10.8963   0.000       0.000      0.6029E-03  0.6752E-06-0.1322E-01 0.1262E-01  0.000      0.000      0.000      0.000       0.000       0.000       0.000       0.000       0.000       0.000    
 18489600.   10.82468527   10.8842   0.000       0.000      0.5947E-03  0.6566E-06-0.1311E-01 0.1251E-01  0.000      0.000      0.000      0.000       0.000       0.000       0.000       0.000       0.000       0.000    
 18576000.   10.81364722   10.8723   0.000       0.000      0.5868E-03  0.6388E-06-0.1300E-01 0.1241E-01  0.000      0.000      0.000      0.000       0.000       0.000       0.000       0.000       0.000       0.000    
 18662400.   10.80289852   10.8608   0.000       0.000      0.5791E-03  0.6220E-06-0.1289E-01 0.1231E-01  0.000      0.000      0.000      0.000       0.000       0.000       0.000       0.000       0.000       0.000    
 18748800.   10.79242774   10.8496   0.000       0.000      0.5716E-03  0.6059E-06-0.1279E-01 0.1222E-01  0.000      0.000      0.000      0.000       0.000       0.000       0.000       0.000       0.000       0.000    
 18835200.   10.79316856   10.8503   0.000       0.000      0.5709E-03 -0.4287E-07-0.1276E-01 0.1219E-01  0.000      0.000      0.000      0.000       0.000       0.000       0.000       0.000       0.000       0.000    
 18921600.   10.78479594   10.8413   0.000       0.000      0.5655E-03  0.4845E-06-0.1267E-01 0.1211E-01  0.000      0.000      0.000      0.000       0.000       0.000       0.000       0.000       0.000       0.000    
 19008000.   10.77408897   10.8300   0.000       0.000      0.5588E-03  0.6196E-06-0.1258E-01 0.1202E-01  0.000      0.000      0.000      0.000       0.000       0.000       0.000       0.000       0.000       0.000    
 19094400.   10.76380276   10.8190   0.000       0.000      0.5521E-03  0.5953E-06-0.1248E-01 0.1193E-01  0.000      0.000      0.000      0.000       0.000       0.000       0.000       0.000       0.000       0.000    
 19180800.   10.75387061   10.8084   0.000       0.000      0.5455E-03  0.5748E-06-0.1239E-01 0.1184E-01  0.000      0.000      0.000      0.000       0.000       0.000       0.000       0.000       0.000       0.000    
 19267200.   10.74450463   10.7984   0.000       0.000      0.5392E-03  0.5420E-06-0.1229E-01 0.1175E-01  0.000      0.000      0.000      0.000       0.000       0.000       0.000       0.000       0.000       0.000    
 19353600.   10.73514687   10.7884   0.000       0.000      0.5330E-03  0.5415E-06-0.1220E-01 0.1167E-01  0.000      0.000      0.000      0.000       0.000       0.000       0.000       0.000       0.000       0.000    
 19440000.   10.72605026   10.7787   0.000       0.000      0.5268E-03  0.5264E-06-0.1211E-01 0.1158E-01  0.000      0.000      0.000      0.000       0.000       0.000       0.000       0.000       0.000       0.000    
 19526400.   10.71719359   10.7693   0.000       0.000      0.5209E-03  0.5125E-06-0.1202E-01 0.1150E-01  0.000      0.000      0.000      0.000       0.000       0.000       0.000       0.000       0.000       0.000    
 19612800.   10.70856062   10.7601   0.000       0.000      0.5151E-03  0.4996E-06-0.1193E-01 0.1141E-01  0.000      0.000      0.000      0.000       0.000       0.000       0.000       0.000       0.000       0.000    
 19699200.   10.70013597   10.7511   0.000       0.000      0.5094E-03  0.4875E-06-0.1184E-01 0.1133E-01  0.000      0.000      0.000      0.000       0.000       0.000       0.000       0.000       0.000       0.000    
 19785600.   10.69190828   10.7423   0.000       0.000      0.5039E-03  0.4761E-06-0.1176E-01 0.1125E-01  0.000      0.000      0.000      0.000       0.000       0.000       0.000       0.000       0.000       0.000    
 19872000.   10.68386769   10.7337   0.000       0.000      0.4986E-03  0.4653E-06-0.1168E-01 0.1118E-01  0.000      0.000      0.000      0.000       0.000       0.000       0.000       0.000       0.000       0.000    
 19958400.   10.68623864   10.7363   0.000       0.000      0.5002E-03 -0.1372E-06-0.1167E-01 0.1117E-01  0.000      0.000      0.000      0.000       0.000       0.000       0.000       0.000       0.000       0.000    
 20044800.   10.69279091   10.7433   0.000       0.000      0.5051E-03 -0.3792E-06-0.1170E-01 0.1120E-01  0.000      0.000      0.000      0.000       0.000       0.000       0.000       0.000       0.000       0.000    
 20131200.   10.68307567   10.7331   0.000       0.000      0.5002E-03  0.5622E-06-0.1161E-01 0.1111E-01  0.000      0.000      0.000      0.000       0.000       0.000       0.000       0.000       0.000       0.000    
 20217600.   10.67723370   10.7270   0.000       0.000      0.4975E-03  0.3381E-06-0.1156E-01 0.1107E-01  0.000      0.000      0.000      0.000       0.000       0.000       0.000       0.000       0.000       0.000    
 20304000.   10.67057436   10.7200   0.000       0.000      0.4939E-03  0.3854E-06-0.1150E-01 0.1101E-01  0.000      0.000      0.000      0.000       0.000       0.000       0.000       0.000       0.000       0.000    
 20390400.   10.66198025   10.7109   0.000       0.000      0.4890E-03  0.4973E-06-0.1142E-01 0.1093E-01  0.000      0.000      0.000      0.000       0.000       0.000       0.000       0.000       0.000       0.000    
 20476800.   10.65372319   10.7021   0.000       0.000      0.4840E-03  0.4778E-06-0.1135E-01 0.1086E-01  0.000      0.000      0.000      0.000       0.000       0.000       0.000       0.000       0.000       0.000    
 20563200.   10.64575604   10.6937   0.000       0.000      0.4791E-03  0.4611E-06-0.1127E-01 0.1079E-01  0.000      0.000      0.000      0.000       0.000       0.000       0.000       0.000       0.000       0.000    
 20649600.   10.63805219   10.6855   0.000       0.000      0.4742E-03  0.4458E-06-0.1119E-01 0.1072E-01  0.000      0.000      0.000      0.000       0.000       0.000       0.000       0.000       0.000       0.000    
 20736000.   10.63058424   10.6775   0.000       0.000      0.4694E-03  0.4322E-06-0.1112E-01 0.1065E-01  0.000      0.000      0.000      0.000       0.000       0.000       0.000       0.000       0.000       0.000    
 20822400.   10.62332923   10.6698   0.000       0.000      0.4648E-03  0.4199E-06-0.1104E-01 0.1058E-01  0.000      0.000      0.000      0.000       0.000       0.000       0.000       0.000       0.000       0.000    
 20908800.   10.61627085   10.6623   0.000       0.000      0.4602E-03  0.4085E-06-0.1097E-01 0.1051E-01  0.000      0.000      0.000      0.000       0.000       0.000       0.000       0.000       0.000       0.000    
 20995200.   10.60939319   10.6550   0.000       0.000      0.4557E-03  0.3980E-06-0.1090E-01 0.1044E-01  0.000      0.000      0.000      0.000       0.000       0.000       0.000       0.000       0.000       0.000    
 21081600.   10.60268406   10.6478   0.000       0.000      0.4514E-03  0.3883E-06-0.1083E-01 0.1038E-01  0.000      0.000      0.000      0.000       0.000       0.000       0.000       0.000       0.000       0.000    
 21168000.   10.59613070   10.6408   0.000       0.000      0.4471E-03  0.3792E-06-0.1076E-01 0.1031E-01  0.000      0.000      0.000      0.000       0.000       0.000       0.000       0.000       0.000       0.000    
 21254400.   10.58972283   10.6340   0.000       0.000      0.4430E-03  0.3708E-06-0.1069E-01 0.1025E-01  0.000      0.000      0.000      0.000       0.000       0.000       0.000       0.000       0.000       0.000    
 21340800.   10.58345233   10.6273   0.000       0.000      0.4389E-03  0.3629E-06-0.1062E-01 0.1019E-01  0.000      0.000      0.000      0.000       0.000       0.000       0.000       0.000       0.000       0.000    
 21427200.   10.57731179   10.6208   0.000       0.000      0.4350E-03  0.3554E-06-0.1056E-01 0.1012E-01  0.000      0.000      0.000      0.000       0.000       0.000       0.000       0.000       0.000       0.000    
 21513600.   10.57275322   10.6160   0.000       0.000      0.4322E-03  0.2638E-06-0.1051E-01 0.1007E-01  0.000      0.000      0.000      0.000       0.000       0.000       0.000       0.000       0.000       0.000    
 21600000.   10.58275220   10.6268   0.000       0.000      0.4405E-03 -0.5786E-06-0.1058E-01 0.1014E-01  0.000      0.000      0.000      0.000       0.000       0.000       0.000       0.000       0.000       0.000    
 21686400.   10.57517589   10.6188   0.000       0.000      0.4364E-03  0.4384E-06-0.1050E-01 0.1006E-01  0.000      0.000      0.000      0.000       0.000       0.000       0.000       0.000       0.000       0.000    
 21772800.   10.56808153   10.6113   0.000       0.000      0.4326E-03  0.4106E-06-0.1044E-01 0.1001E-01  0.000      0.000      0.000      0.000       0.000       0.000       0.000       0.000       0.000       0.000    
 21859200.   10.56138971   10.6043   0.000       0.000      0.4287E-03  0.3873E-06-0.1038E-01 0.9949E-02  0.000      0.000      0.000      0.000       0.000       0.000       0.000       0.000       0.000       0.000    
 21945600.   10.55500678   10.5975   0.000       0.000      0.4248E-03  0.3694E-06-0.1031E-01 0.9889E-02  0.000      0.000      0.000      0.000       0.000       0.000       0.000       0.000       0.000       0.000    
 22032000.   10.54887236   10.5910   0.000       0.000      0.4210E-03  0.3550E-06-0.1025E-01 0.9830E-02  0.000      0.000      0.000      0.000       0.000       0.000       0.000       0.000       0.000       0.000    
 22118400.   10.54294244   10.5847   0.000       0.000      0.4173E-03  0.3432E-06-0.1019E-01 0.9772E-02  0.000      0.000      0.000      0.000       0.000       0.000       0.000       0.000       0.000       0.000    
 22204800.   10.53718780   10.5785   0.000       0.000      0.4136E-03  0.3330E-06-0.1013E-01 0.9714E-02  0.000      0.000      0.000      0.000       0.000       0.000       0.000       0.000       0.000       0.000    
 22291200.   10.53158680   10.5726   0.000       0.000      0.4101E-03  0.3241E-06-0.1007E-01 0.9658E-02  0.000      0.000      0.000      0.000       0.000       0.000       0.000       0.000       0.000       0.000    
 22377600.   10.52612406   10.5668   0.000       0.000      0.4066E-03  0.3161E-06-0.1001E-01 0.9602E-02  0.000      0.000      0.000      0.000       0.000       0.000       0.000       0.000       0.000       0.000    
 22464000.   10.53829164   10.5800   0.000       0.000      0.4173E-03 -0.7041E-06-0.1011E-01 0.9696E-02  0.000      0.000      0.000      0.000       0.000       0.000       0.000       0.000       0.000       0.000    
 22550400.   10.53337560   10.5749   0.000       0.000      0.4150E-03  0.2845E-06-0.1005E-01 0.9634E-02  0.000      0.000      0.000      0.000       0.000       0.000       0.000       0.000       0.000       0.000    
 22636800.   10.53121775   10.5727   0.000       0.000      0.4151E-03  0.1249E-06-0.1004E-01 0.9623E-02  0.000      0.000      0.000      0.000       0.000       0.000       0.000       0.000       0.000       0.000    
 22723200.   10.57604550   10.6212   0.000       0.000      0.4517E-03 -0.2594E-05-0.1044E-01 0.9989E-02  0.000      0.000      0.000      0.000       0.000       0.000       0.000       0.000       0.000       0.000    
 22809600.   10.57505164   10.6205   0.000       0.000      0.4546E-03  0.5751E-07-0.1041E-01 0.9951E-02  0.000      0.000      0.000      0.000       0.000       0.000       0.000       0.000       0.000       0.000    
 22896000.   10.57184385   10.6175   0.000       0.000      0.4565E-03  0.1856E-06-0.1042E-01 0.9964E-02  0.000      0.000      0.000      0.000       0.000       0.000       0.000       0.000       0.000       0.000    
 22982400.   10.56761241   10.6133   0.000       0.000      0.4565E-03  0.2449E-06-0.1041E-01 0.9951E-02  0.000      0.000      0.000      0.000       0.000       0.000       0.000       0.000       0.000       0.000    
 23068800.   10.56282401   10.6084   0.000       0.000      0.4554E-03  0.2771E-06-0.1038E-01 0.9925E-02  0.000      0.000      0.000      0.000       0.000       0.000       0.000       0.000       0.000       0.000    
 23155200.   10.55689510   10.6022   0.000       0.000      0.4529E-03  0.3431E-06-0.1034E-01 0.9886E-02  0.000      0.000      0.000      0.000       0.000       0.000       0.000       0.000       0.000       0.000    
 23241600.   10.55052774   10.5955   0.000       0.000      0.4497E-03  0.3685E-06-0.1029E-01 0.9840E-02  0.000      0.000      0.000      0.000       0.000       0.000       0.000       0.000       0.000       0.000    
 23328000.   10.54375971   10.5883   0.000       0.000      0.4457E-03  0.3917E-06-0.1023E-01 0.9787E-02  0.000      0.000      0.000      0.000       0.000       0.000       0.000       0.000       0.000       0.000    
 23414400.   10.53696830   10.5811   0.000       0.000      0.4414E-03  0.3930E-06-0.1017E-01 0.9731E-02  0.000      0.000      0.000      0.000       0.000       0.000       0.000       0.000       0.000       0.000    
 23500800.   10.53047959   10.5742   0.000       0.000      0.4371E-03  0.3755E-06-0.1011E-01 0.9675E-02  0.000      0.000      0.000      0.000       0.000       0.000       0.000       0.000       0.000       0.000    
 23587200.   10.52418341   10.5675   0.000       0.000      0.4328E-03  0.3644E-06-0.1005E-01 0.9619E-02  0.000      0.000      0.000      0.000       0.000       0.000       0.000       0.000       0.000       0.000    
 23673600.   10.51797520   10.5608   0.000       0.000      0.4283E-03  0.3593E-06-0.9990E-02 0.9561E-02  0.000      0.000      0.000      0.000       0.000       0.000       0.000       0.000       0.000       0.000    
 23760000.   10.51175550   10.5541   0.000       0.000      0.4236E-03  0.3599E-06-0.9926E-02 0.9502E-02  0.000      0.000      0.000      0.000       0.000       0.000       0.000       0.000       0.000       0.000    
 23846400.   10.50569784   10.5476   0.000       0.000      0.4190E-03  0.3506E-06-0.9862E-02 0.9443E-02  0.000      0.000      0.000      0.000       0.000       0.000       0.000       0.000       0.000       0.000    
 23932800.   10.49989046   10.5413   0.000       0.000      0.4144E-03  0.3361E-06-0.9799E-02 0.9384E-02  0.000      0.000      0.000      0.000     -0.8846E-09   0.000       0.000       0.000       0.000       0.000    
 24019200.   10.49430150   10.5353   0.000       0.000      0.4099E-03  0.3234E-06-0.9740E-02 0.9329E-02  0.000      0.000      0.000      0.000     -0.3305E-06   0.000       0.000       0.000       0.000       0.000    
 24105600.   10.48887514   10.5294   0.000       0.000      0.4055E-03  0.3140E-06-0.9680E-02 0.9274E-02  0.000      0.000      0.000      0.000     -0.5710E-06   0.000       0.000       0.000       0.000       0.000    
 24192000.   10.48355082   10.5237   0.000       0.000      0.4012E-03  0.3081E-06-0.9621E-02 0.9219E-02  0.000      0.000      0.000      0.000     -0.7174E-06   0.000       0.000       0.000       0.000       0.000    
 24278400.   10.47831878   10.5180   0.000       0.000      0.3970E-03  0.3028E-06-0.9562E-02 0.9164E-02  0.000      0.000      0.000      0.000     -0.8275E-06   0.000       0.000       0.000       0.000       0.000    
 24364800.   10.47321094   10.5125   0.000       0.000      0.3929E-03  0.2956E-06-0.9504E-02 0.9110E-02  0.000      0.000      0.000      0.000     -0.9087E-06   0.000       0.000       0.000       0.000       0.000    
 24451200.   10.46823957   10.5071   0.000       0.000      0.3890E-03  0.2877E-06-0.9447E-02 0.9057E-02  0.000      0.000      0.000      0.000     -0.9697E-06   0.000       0.000       0.000       0.000       0.000    
 24537600.   10.46339662   10.5019   0.000       0.000      0.3851E-03  0.2803E-06-0.9391E-02 0.9004E-02  0.000      0.000      0.000      0.000     -0.1018E-05   0.000       0.000       0.000       0.000       0.000    
 24624000.   10.45867367   10.4968   0.000       0.000      0.3814E-03  0.2733E-06-0.9335E-02 0.8953E-02  0.000      0.000      0.000      0.000     -0.1058E-05   0.000       0.000       0.000       0.000       0.000    
 24710400.   10.45405772   10.4918   0.000       0.000      0.3778E-03  0.2671E-06-0.9281E-02 0.8902E-02  0.000      0.000      0.000      0.000     -0.1091E-05   0.000       0.000       0.000       0.000       0.000    
 24796800.   10.44954129   10.4870   0.000       0.000      0.3743E-03  0.2614E-06-0.9227E-02 0.8852E-02  0.000      0.000      0.000      0.000     -0.1120E-05   0.000       0.000       0.000       0.000       0.000    
 24883200.   10.44533578   10.4825   0.000       0.000      0.3712E-03  0.2434E-06-0.9177E-02 0.8805E-02  0.000      0.000      0.000      0.000     -0.1086E-05   0.000       0.000       0.000       0.000       0.000    
 24969600.   10.44537321   10.4827   0.000       0.000      0.3729E-03 -0.2166E-08-0.9171E-02 0.8798E-02  0.000      0.000      0.000      0.000      0.9847E-08   0.000       0.000       0.000       0.000       0.000    
 25056000.   10.44094972   10.4778   0.000       0.000      0.3686E-03  0.2560E-06-0.9115E-02 0.8745E-02  0.000      0.000      0.000      0.000     -0.1185E-05   0.000       0.000       0.000       0.000       0.000    
 25142400.   10.43651211   10.4731   0.000       0.000      0.3655E-03  0.2568E-06-0.9067E-02 0.8700E-02  0.000      0.000      0.000      0.000     -0.1232E-05   0.000       0.000       0.000       0.000       0.000    
 25228800.   10.44048229   10.4777   0.000       0.000      0.3722E-03 -0.2298E-06-0.9105E-02 0.8734E-02  0.000      0.000      0.000      0.000      0.1104E-05   0.000       0.000       0.000       0.000       0.000    
 25315200.   10.43665104   10.4734   0.000       0.000      0.3678E-03  0.2217E-06-0.9054E-02 0.8685E-02  0.000      0.000      0.000      0.000     -0.1065E-05   0.000       0.000       0.000       0.000       0.000    
 25401600.   10.43699854   10.4741   0.000       0.000      0.3706E-03 -0.2011E-07-0.9061E-02 0.8691E-02  0.000      0.000      0.000      0.000      0.9785E-07   0.000       0.000       0.000       0.000       0.000    
 25488000.   10.43708600   10.4743   0.000       0.000      0.3720E-03 -0.5061E-08-0.9058E-02 0.8686E-02  0.000      0.000      0.000      0.000      0.2459E-07   0.000       0.000       0.000       0.000       0.000    
 25574400.   10.43987441   10.4776   0.000       0.000      0.3768E-03 -0.1614E-06-0.9087E-02 0.8712E-02  0.000      0.000      0.000      0.000      0.7754E-06   0.000       0.000       0.000       0.000       0.000    
 25660800.   10.43655243   10.4739   0.000       0.000      0.3738E-03  0.1922E-06-0.9051E-02 0.8677E-02  0.000      0.000      0.000      0.000     -0.9257E-06   0.000       0.000       0.000       0.000       0.000    
 25747200.   10.44271569   10.4811   0.000       0.000      0.3836E-03 -0.3567E-06-0.9124E-02 0.8742E-02  0.000      0.000      0.000      0.000      0.1699E-05   0.000       0.000       0.000       0.000       0.000    
 25833600.   10.47842107   10.5208   0.000       0.000      0.4233E-03 -0.2066E-05-0.9485E-02 0.9072E-02  0.000      0.000      0.000      0.000      0.7965E-05   0.000       0.000       0.000       0.000       0.000    
 25920000.   10.52938469   10.5759   0.000       0.000      0.4648E-03 -0.2949E-05-0.9964E-02 0.9505E-02  0.000      0.000      0.000      0.000      0.2430E-05   0.000       0.000       0.000       0.000       0.000    
 26006400.   10.58160667   10.6324   0.000       0.000      0.5080E-03 -0.3022E-05-0.1043E-01 0.9927E-02  0.000      0.000      0.000      0.000       0.000       0.000       0.000       0.000       0.000       0.000    
 26092800.   10.59639278   10.6491   0.000       0.000      0.5272E-03 -0.8557E-06-0.1061E-01 0.1008E-01  0.000      0.000      0.000      0.000       0.000       0.000       0.000       0.000       0.000       0.000    
 26179200.   10.59233386   10.6456   0.000       0.000      0.5322E-03  0.2349E-06-0.1066E-01 0.1013E-01  0.000      0.000      0.000      0.000       0.000       0.000       0.000       0.000       0.000       0.000    
 26265600.   10.58421468   10.6374   0.000       0.000      0.5321E-03  0.4699E-06-0.1066E-01 0.1013E-01  0.000      0.000      0.000      0.000       0.000       0.000       0.000       0.000       0.000       0.000    
 26352000.   10.57493290   10.6278   0.000       0.000      0.5291E-03  0.5371E-06-0.1063E-01 0.1010E-01  0.000      0.000      0.000      0.000       0.000       0.000       0.000       0.000       0.000       0.000    
 26438400.   10.56543114   10.6179   0.000       0.000      0.5244E-03  0.5499E-06-0.1058E-01 0.1006E-01  0.000      0.000      0.000      0.000       0.000       0.000       0.000       0.000       0.000       0.000    
 26524800.   10.55594904   10.6078   0.000       0.000      0.5187E-03  0.5487E-06-0.1052E-01 0.1001E-01  0.000      0.000      0.000      0.000       0.000       0.000       0.000       0.000       0.000       0.000    
 26611200.   10.54626641   10.5975   0.000       0.000      0.5120E-03  0.5603E-06-0.1045E-01 0.9941E-02  0.000      0.000      0.000      0.000       0.000       0.000       0.000       0.000       0.000       0.000    
 26697600.   10.53709240   10.5876   0.000       0.000      0.5050E-03  0.5309E-06-0.1038E-01 0.9875E-02  0.000      0.000      0.000      0.000       0.000       0.000       0.000       0.000       0.000       0.000    
 26784000.   10.52826218   10.5780   0.000       0.000      0.4977E-03  0.5110E-06-0.1030E-01 0.9805E-02  0.000      0.000      0.000      0.000       0.000       0.000       0.000       0.000       0.000       0.000    
 26870400.   10.55576526   10.6077   0.000       0.000      0.5191E-03 -0.1592E-05-0.1055E-01 0.1004E-01  0.000      0.000      0.000      0.000       0.000       0.000       0.000       0.000       0.000       0.000    
 26956800.   10.57362482   10.6270   0.000       0.000      0.5337E-03 -0.1034E-05-0.1069E-01 0.1016E-01  0.000      0.000      0.000      0.000       0.000       0.000       0.000       0.000       0.000       0.000    
 27043200.   10.59070478   10.6456   0.000       0.000      0.5487E-03 -0.9884E-06-0.1086E-01 0.1031E-01  0.000      0.000      0.000      0.000       0.000       0.000       0.000       0.000       0.000       0.000    
 27129600.   10.59646057   10.6520   0.000       0.000      0.5557E-03 -0.3331E-06-0.1093E-01 0.1037E-01  0.000      0.000      0.000      0.000       0.000       0.000       0.000       0.000       0.000       0.000    
 27216000.   10.60635685   10.6629   0.000       0.000      0.5656E-03 -0.5727E-06-0.1105E-01 0.1048E-01  0.000      0.000      0.000      0.000       0.000       0.000       0.000       0.000       0.000       0.000    
 27302400.   10.63043428   10.6890   0.000       0.000      0.5852E-03 -0.1393E-05-0.1127E-01 0.1069E-01  0.000      0.000      0.000      0.000       0.000       0.000       0.000       0.000       0.000       0.000    
 27388800.   10.67761969   10.7397   0.000       0.000      0.6209E-03 -0.2731E-05-0.1167E-01 0.1105E-01  0.000      0.000      0.000      0.000       0.000       0.000       0.000       0.000       0.000       0.000    
 27475200.   10.71929659   10.7846   0.000       0.000      0.6534E-03 -0.2412E-05-0.1201E-01 0.1136E-01  0.000      0.000      0.000      0.000       0.000       0.000       0.000       0.000       0.000       0.000    
 27561600.   10.71756595   10.7835   0.000       0.000      0.6589E-03  0.1002E-06-0.1206E-01 0.1140E-01  0.000      0.000      0.000      0.000       0.000       0.000       0.000       0.000       0.000       0.000    
 27648000.   10.70883254   10.7746   0.000       0.000      0.6581E-03  0.5054E-06-0.1208E-01 0.1142E-01  0.000      0.000      0.000      0.000       0.000       0.000       0.000       0.000       0.000       0.000    
 27734400.   10.69637807   10.7616   0.000       0.000      0.6526E-03  0.7207E-06-0.1204E-01 0.1138E-01  0.000      0.000      0.000      0.000       0.000       0.000       0.000       0.000       0.000       0.000    
 27820800.   10.68535189   10.7500   0.000       0.000      0.6463E-03  0.6381E-06-0.1199E-01 0.1134E-01  0.000      0.000      0.000      0.000       0.000       0.000       0.000       0.000       0.000       0.000    
 27907200.   10.67674865   10.7408   0.000       0.000      0.6404E-03  0.4979E-06-0.1194E-01 0.1130E-01  0.000      0.000      0.000      0.000       0.000       0.000       0.000       0.000       0.000       0.000    
 27993600.   10.69702991   10.7623   0.000       0.000      0.6532E-03 -0.1174E-05-0.1211E-01 0.1145E-01  0.000      0.000      0.000      0.000       0.000       0.000       0.000       0.000       0.000       0.000    
 28080000.   10.72802833   10.7954   0.000       0.000      0.6736E-03 -0.1794E-05-0.1234E-01 0.1166E-01  0.000      0.000      0.000      0.000       0.000       0.000       0.000       0.000       0.000       0.000    
 28166400.   10.74475779   10.8134   0.000       0.000      0.6864E-03 -0.9681E-06-0.1247E-01 0.1179E-01  0.000      0.000      0.000      0.000       0.000       0.000       0.000       0.000       0.000       0.000    
 28252800.   10.73823956   10.8067   0.000       0.000      0.6850E-03  0.3772E-06-0.1247E-01 0.1178E-01  0.000      0.000      0.000      0.000       0.000       0.000       0.000       0.000       0.000       0.000    
 28339200.   10.72672431   10.7946   0.000       0.000      0.6789E-03  0.6664E-06-0.1243E-01 0.1175E-01  0.000      0.000      0.000      0.000       0.000       0.000       0.000       0.000       0.000       0.000    
 28425600.   10.71363937   10.7807   0.000       0.000      0.6703E-03  0.7572E-06-0.1235E-01 0.1168E-01  0.000      0.000      0.000      0.000       0.000       0.000       0.000       0.000       0.000       0.000    
 28512000.   10.70015775   10.7662   0.000       0.000      0.6602E-03  0.7802E-06-0.1226E-01 0.1160E-01  0.000      0.000      0.000      0.000       0.000       0.000       0.000       0.000       0.000       0.000    
 28598400.   10.68676989   10.7517   0.000       0.000      0.6492E-03  0.7748E-06-0.1216E-01 0.1151E-01  0.000      0.000      0.000      0.000       0.000       0.000       0.000       0.000       0.000       0.000    
 28684800.   10.67369202   10.7375   0.000       0.000      0.6379E-03  0.7568E-06-0.1206E-01 0.1142E-01  0.000      0.000      0.000      0.000       0.000       0.000       0.000       0.000       0.000       0.000    
 28771200.   10.66099275   10.7236   0.000       0.000      0.6263E-03  0.7349E-06-0.1194E-01 0.1132E-01  0.000      0.000      0.000      0.000       0.000       0.000       0.000       0.000       0.000       0.000    
 28857600.   10.64873070   10.7102   0.000       0.000      0.6147E-03  0.7096E-06-0.1183E-01 0.1122E-01  0.000      0.000      0.000      0.000       0.000       0.000       0.000       0.000       0.000       0.000    
 28944000.   10.63678779   10.6971   0.000       0.000      0.6030E-03  0.6911E-06-0.1172E-01 0.1112E-01  0.000      0.000      0.000      0.000       0.000       0.000       0.000       0.000       0.000       0.000    
 29030400.   10.62512358   10.6843   0.000       0.000      0.5914E-03  0.6750E-06-0.1160E-01 0.1101E-01  0.000      0.000      0.000      0.000       0.000       0.000       0.000       0.000       0.000       0.000    
 29116800.   10.61387659   10.6719   0.000       0.000      0.5799E-03  0.6509E-06-0.1149E-01 0.1091E-01  0.000      0.000      0.000      0.000       0.000       0.000       0.000       0.000       0.000       0.000    
 29203200.   10.60288483   10.6597   0.000       0.000      0.5685E-03  0.6361E-06-0.1137E-01 0.1080E-01  0.000      0.000      0.000      0.000       0.000       0.000       0.000       0.000       0.000       0.000    
 29289600.   10.59233755   10.6481   0.000       0.000      0.5574E-03  0.6104E-06-0.1126E-01 0.1070E-01  0.000      0.000      0.000      0.000       0.000       0.000       0.000       0.000       0.000       0.000    
 29376000.   10.58227750   10.6369   0.000       0.000      0.5466E-03  0.5822E-06-0.1115E-01 0.1060E-01  0.000      0.000      0.000      0.000       0.000       0.000       0.000       0.000       0.000       0.000    
 29462400.   10.57266255   10.6263   0.000       0.000      0.5362E-03  0.5564E-06-0.1104E-01 0.1050E-01  0.000      0.000      0.000      0.000       0.000       0.000       0.000       0.000       0.000       0.000    
 29548800.   10.56341211   10.6160   0.000       0.000      0.5261E-03  0.5353E-06-0.1093E-01 0.1040E-01  0.000      0.000      0.000      0.000       0.000       0.000       0.000       0.000       0.000       0.000    
 29635200.   10.55447940   10.6061   0.000       0.000      0.5164E-03  0.5169E-06-0.1083E-01 0.1031E-01  0.000      0.000      0.000      0.000       0.000       0.000       0.000       0.000       0.000       0.000    
 29721600.   10.54586820   10.5966   0.000       0.000      0.5070E-03  0.4983E-06-0.1072E-01 0.1022E-01  0.000      0.000      0.000      0.000       0.000       0.000       0.000       0.000       0.000       0.000    
 29808000.   10.53747656   10.5873   0.000       0.000      0.4978E-03  0.4856E-06-0.1062E-01 0.1012E-01  0.000      0.000      0.000      0.000       0.000       0.000       0.000       0.000       0.000       0.000    
 29894400.   10.52933868   10.5782   0.000       0.000      0.4890E-03  0.4709E-06-0.1052E-01 0.1003E-01  0.000      0.000      0.000      0.000       0.000       0.000       0.000       0.000       0.000       0.000    
 29980800.   10.52144593   10.5695   0.000       0.000      0.4804E-03  0.4568E-06-0.1042E-01 0.9942E-02  0.000      0.000      0.000      0.000       0.000       0.000       0.000       0.000       0.000       0.000    
 30067200.   10.51387070   10.5611   0.000       0.000      0.4721E-03  0.4384E-06-0.1033E-01 0.9855E-02  0.000      0.000      0.000      0.000       0.000       0.000       0.000       0.000       0.000       0.000    
 30153600.   10.50658168   10.5530   0.000       0.000      0.4641E-03  0.4218E-06-0.1023E-01 0.9769E-02  0.000      0.000      0.000      0.000       0.000       0.000       0.000       0.000       0.000       0.000    
 30240000.   10.49956959   10.5452   0.000       0.000      0.4565E-03  0.4058E-06-0.1014E-01 0.9685E-02  0.000      0.000      0.000      0.000     -0.6889E-08   0.000       0.000       0.000       0.000       0.000    
 30326400.   10.49280941   10.5377   0.000       0.000      0.4489E-03  0.3912E-06-0.1006E-01 0.9605E-02  0.000      0.000      0.000      0.000     -0.4626E-06   0.000       0.000       0.000       0.000       0.000    
 30412800.   10.48626148   10.5304   0.000       0.000      0.4418E-03  0.3789E-06-0.9970E-02 0.9527E-02  0.000      0.000      0.000      0.000     -0.7679E-06   0.000       0.000       0.000       0.000       0.000    
 30499200.   10.47991530   10.5234   0.000       0.000      0.4350E-03  0.3673E-06-0.9887E-02 0.9450E-02  0.000      0.000      0.000      0.000     -0.9456E-06   0.000       0.000       0.000       0.000       0.000    
 30585600.   10.47375022   10.5166   0.000       0.000      0.4285E-03  0.3568E-06-0.9805E-02 0.9375E-02  0.000      0.000      0.000      0.000     -0.1073E-05   0.000       0.000       0.000       0.000       0.000    
 30672000.   10.46776741   10.5100   0.000       0.000      0.4223E-03  0.3462E-06-0.9726E-02 0.9302E-02  0.000      0.000      0.000      0.000     -0.1166E-05   0.000       0.000       0.000       0.000       0.000    
 30758400.   10.46195729   10.5036   0.000       0.000      0.4163E-03  0.3362E-06-0.9648E-02 0.9230E-02  0.000      0.000      0.000      0.000     -0.1238E-05   0.000       0.000       0.000       0.000       0.000    
 30844800.   10.45631013   10.4974   0.000       0.000      0.4106E-03  0.3268E-06-0.9572E-02 0.9160E-02  0.000      0.000      0.000      0.000     -0.1294E-05   0.000       0.000       0.000       0.000       0.000    
 30931200.   10.45080743   10.4913   0.000       0.000      0.4051E-03  0.3184E-06-0.9498E-02 0.9091E-02  0.000      0.000      0.000      0.000     -0.1340E-05   0.000       0.000       0.000       0.000       0.000    
 31017600.   10.44544324   10.4854   0.000       0.000      0.3998E-03  0.3104E-06-0.9425E-02 0.9024E-02  0.000      0.000      0.000      0.000     -0.1377E-05   0.000       0.000       0.000       0.000       0.000    
 31104000.   10.44022115   10.4797   0.000       0.000      0.3947E-03  0.3022E-06-0.9355E-02 0.8958E-02  0.000      0.000      0.000      0.000     -0.1403E-05   0.000       0.000       0.000       0.000       0.000    
 31190400.   10.43513389   10.4741   0.000       0.000      0.3898E-03  0.2944E-06-0.9285E-02 0.8894E-02  0.000      0.000      0.000      0.000     -0.1423E-05   0.000       0.000       0.000       0.000       0.000    
 31276800.   10.43093430   10.4695   0.000       0.000      0.3860E-03  0.2430E-06-0.9226E-02 0.8838E-02  0.000      0.000      0.000      0.000     -0.1215E-05   0.000       0.000       0.000       0.000       0.000    
 31363200.   10.42606634   10.4642   0.000       0.000      0.3813E-03  0.2817E-06-0.9159E-02 0.8776E-02  0.000      0.000      0.000      0.000     -0.1452E-05   0.000       0.000       0.000       0.000       0.000    
 31449600.   10.42130559   10.4590   0.000       0.000      0.3769E-03  0.2755E-06-0.9094E-02 0.8716E-02  0.000      0.000      0.000      0.000     -0.1463E-05   0.000       0.000       0.000       0.000       0.000    
 31536000.   10.41666497   10.4539   0.000       0.000      0.3727E-03  0.2686E-06-0.9031E-02 0.8657E-02  0.000      0.000      0.000      0.000     -0.1465E-05   0.000       0.000       0.000       0.000       0.000    
 31622400.   10.41177069   10.4486   0.000       0.000      0.3682E-03  0.2832E-06-0.8965E-02 0.8595E-02  0.000      0.000      0.000      0.000     -0.1586E-05   0.000       0.000       0.000       0.000       0.000    
