   TOTIM (T)     FLOWRATE     DIAM.         RE           RT
        86400.   0.18496       1.0000      0.18011E+06   212.31    
       172800.   0.18306       1.0000      0.17825E+06   214.52    
       259200.   0.18298       1.0000      0.17817E+06   214.62    
       345600.   0.18274       1.0000      0.17794E+06   214.89    
       432000.   0.18398       1.0000      0.17915E+06   213.45    
       518400.   0.18478       1.0000      0.17993E+06   212.52    
       604800.   0.18507       1.0000      0.18021E+06   212.19    
       691200.   0.18705       1.0000      0.18214E+06   209.95    
       777600.   0.19229       1.0000      0.18724E+06   204.22    
       864000.   0.19986       1.0000      0.19461E+06   196.49    
       950400.   0.20363       1.0000      0.19829E+06   192.85    
      1036800.   0.21143       1.0000      0.20588E+06   185.74    
      1123200.   0.22435       1.0000      0.21846E+06   175.04    
      1209600.   0.22434       1.0000      0.21845E+06   175.05    
      1296000.   0.22326       1.0000      0.21740E+06   175.89    
      1382400.   0.22176       1.0000      0.21593E+06   177.09    
      1468800.   0.22006       1.0000      0.21429E+06   178.45    
      1555200.   0.21812       1.0000      0.21239E+06   180.04    
      1641600.   0.21606       1.0000      0.21039E+06   181.76    
      1728000.   0.21423       1.0000      0.20860E+06   183.31    
      1814400.   0.21257       1.0000      0.20699E+06   184.74    
      1900800.   0.21070       1.0000      0.20517E+06   186.37    
      1987200.   0.20894       1.0000      0.20346E+06   187.94    
      2073600.   0.20744       1.0000      0.20199E+06   189.31    
      2160000.   0.20571       1.0000      0.20031E+06   190.90    
      2246400.   0.20398       1.0000      0.19862E+06   192.52    
      2332800.   0.20225       1.0000      0.19694E+06   194.17    
      2419200.   0.20054       1.0000      0.19527E+06   195.82    
      2505600.   0.19964       1.0000      0.19440E+06   196.70    
      2592000.   0.19848       1.0000      0.19327E+06   197.85    
      2678400.   0.20022       1.0000      0.19497E+06   196.13    
      2764800.   0.20750       1.0000      0.20205E+06   189.25    
      2851200.   0.22429       1.0000      0.21840E+06   175.09    
      2937600.   0.22296       1.0000      0.21710E+06   176.13    
      3024000.   0.22409       1.0000      0.21821E+06   175.24    
      3110400.   0.22460       1.0000      0.21870E+06   174.84    
      3196800.   0.22384       1.0000      0.21797E+06   175.43    
      3283200.   0.22241       1.0000      0.21657E+06   176.57    
      3369600.   0.22263       1.0000      0.21679E+06   176.39    
      3456000.   0.22394       1.0000      0.21806E+06   175.36    
      3542400.   0.22604       1.0000      0.22011E+06   173.73    
      3628800.   0.22703       1.0000      0.22107E+06   172.97    
      3715200.   0.22628       1.0000      0.22034E+06   173.54    
      3801600.   0.22667       1.0000      0.22072E+06   173.25    
      3888000.   0.22785       1.0000      0.22187E+06   172.35    
      3974400.   0.23041       1.0000      0.22436E+06   170.43    
      4060800.   0.23262       1.0000      0.22651E+06   168.82    
      4147200.   0.23202       1.0000      0.22593E+06   169.25    
      4233600.   0.23065       1.0000      0.22459E+06   170.26    
      4320000.   0.22936       1.0000      0.22334E+06   171.21    
      4406400.   0.22792       1.0000      0.22193E+06   172.30    
      4492800.   0.22669       1.0000      0.22074E+06   173.23    
      4579200.   0.22512       1.0000      0.21921E+06   174.44    
      4665600.   0.22342       1.0000      0.21755E+06   175.77    
      4752000.   0.22544       1.0000      0.21952E+06   174.19    
      4838400.   0.22865       1.0000      0.22265E+06   171.75    
      4924800.   0.23237       1.0000      0.22627E+06   169.00    
      5011200.   0.23491       1.0000      0.22874E+06   167.17    
      5097600.   0.23431       1.0000      0.22815E+06   167.60    
      5184000.   0.23295       1.0000      0.22683E+06   168.58    
      5270400.   0.23158       1.0000      0.22550E+06   169.57    
      5356800.   0.22995       1.0000      0.22391E+06   170.78    
      5443200.   0.23060       1.0000      0.22455E+06   170.29    
      5529600.   0.23164       1.0000      0.22556E+06   169.53    
      5616000.   0.23285       1.0000      0.22674E+06   168.65    
      5702400.   0.23372       1.0000      0.22758E+06   168.02    
      5788800.   0.23351       1.0000      0.22738E+06   168.17    
      5875200.   0.23365       1.0000      0.22752E+06   168.07    
      5961600.   0.23337       1.0000      0.22724E+06   168.27    
      6048000.   0.23235       1.0000      0.22625E+06   169.01    
      6134400.   0.23093       1.0000      0.22486E+06   170.05    
      6220800.   0.22929       1.0000      0.22327E+06   171.27    
      6307200.   0.22754       1.0000      0.22157E+06   172.58    
      6393600.   0.22575       1.0000      0.21982E+06   173.95    
      6480000.   0.22393       1.0000      0.21805E+06   175.36    
      6566400.   0.22211       1.0000      0.21628E+06   176.81    
      6652800.   0.22028       1.0000      0.21450E+06   178.27    
      6739200.   0.21848       1.0000      0.21274E+06   179.74    
      6825600.   0.21667       1.0000      0.21098E+06   181.25    
      6912000.   0.21485       1.0000      0.20921E+06   182.78    
      6998400.   0.21305       1.0000      0.20745E+06   184.32    
      7084800.   0.21129       1.0000      0.20574E+06   185.86    
      7171200.   0.20956       1.0000      0.20406E+06   187.39    
      7257600.   0.20786       1.0000      0.20240E+06   188.92    
      7344000.   0.20620       1.0000      0.20079E+06   190.44    
      7430400.   0.20468       1.0000      0.19931E+06   191.86    
      7516800.   0.20317       1.0000      0.19784E+06   193.28    
      7603200.   0.20163       1.0000      0.19634E+06   194.76    
      7689600.   0.20012       1.0000      0.19486E+06   196.23    
      7776000.   0.19869       1.0000      0.19347E+06   197.64    
      7862400.   0.19724       1.0000      0.19207E+06   199.09    
      7948800.   0.19583       1.0000      0.19069E+06   200.53    
      8035200.   0.19445       1.0000      0.18934E+06   201.96    
      8121600.   0.19309       1.0000      0.18802E+06   203.37    
      8208000.   0.19177       1.0000      0.18673E+06   204.78    
      8294400.   0.19047       1.0000      0.18547E+06   206.18    
      8380800.   0.19504       1.0000      0.18992E+06   201.34    
      8467200.   0.19564       1.0000      0.19051E+06   200.72    
      8553600.   0.19580       1.0000      0.19066E+06   200.56    
      8640000.   0.19539       1.0000      0.19026E+06   200.98    
      8726400.   0.19467       1.0000      0.18956E+06   201.72    
      8812800.   0.19378       1.0000      0.18869E+06   202.65    
      8899200.   0.19264       1.0000      0.18758E+06   203.85    
      8985600.   0.19216       1.0000      0.18711E+06   204.36    
      9072000.   0.19285       1.0000      0.18779E+06   203.63    
      9158400.   0.19241       1.0000      0.18735E+06   204.10    
      9244800.   0.19523       1.0000      0.19010E+06   201.15    
      9331200.   0.20236       1.0000      0.19704E+06   194.06    
      9417600.   0.21850       1.0000      0.21276E+06   179.72    
      9504000.   0.23037       1.0000      0.22432E+06   170.47    
      9590400.   0.23012       1.0000      0.22408E+06   170.65    
      9676800.   0.22850       1.0000      0.22250E+06   171.86    
      9763200.   0.22622       1.0000      0.22028E+06   173.59    
      9849600.   0.22379       1.0000      0.21791E+06   175.48    
      9936000.   0.22524       1.0000      0.21933E+06   174.35    
     10022400.   0.22666       1.0000      0.22071E+06   173.26    
     10108800.   0.22726       1.0000      0.22129E+06   172.80    
     10195200.   0.22848       1.0000      0.22248E+06   171.88    
     10281600.   0.22924       1.0000      0.22322E+06   171.30    
     10368000.   0.22841       1.0000      0.22241E+06   171.93    
     10454400.   0.22686       1.0000      0.22091E+06   173.10    
     10540800.   0.22671       1.0000      0.22076E+06   173.21    
     10627200.   0.22741       1.0000      0.22144E+06   172.68    
     10713600.   0.22754       1.0000      0.22157E+06   172.58    
     10800000.   0.22683       1.0000      0.22088E+06   173.12    
     10886400.   0.22552       1.0000      0.21960E+06   174.13    
     10972800.   0.22383       1.0000      0.21796E+06   175.44    
     11059200.   0.22180       1.0000      0.21598E+06   177.05    
     11145600.   0.21968       1.0000      0.21391E+06   178.76    
     11232000.   0.21757       1.0000      0.21186E+06   180.49    
     11318400.   0.21550       1.0000      0.20984E+06   182.23    
     11404800.   0.21562       1.0000      0.20996E+06   182.13    
     11491200.   0.21388       1.0000      0.20826E+06   183.61    
     11577600.   0.21606       1.0000      0.21038E+06   181.76    
     11664000.   0.22249       1.0000      0.21665E+06   176.50    
     11750400.   0.23717       1.0000      0.23094E+06   165.58    
     11836800.   0.23601       1.0000      0.22981E+06   166.39    
     11923200.   0.23412       1.0000      0.22798E+06   167.73    
     12009600.   0.23195       1.0000      0.22586E+06   169.30    
     12096000.   0.23129       1.0000      0.22522E+06   169.79    
     12182400.   0.23048       1.0000      0.22443E+06   170.38    
     12268800.   0.22916       1.0000      0.22314E+06   171.36    
     12355200.   0.22747       1.0000      0.22150E+06   172.64    
     12441600.   0.22616       1.0000      0.22022E+06   173.64    
     12528000.   0.22982       1.0000      0.22378E+06   170.87    
     12614400.   0.23432       1.0000      0.22817E+06   167.59    
     12700800.   0.23413       1.0000      0.22798E+06   167.73    
     12787200.   0.23305       1.0000      0.22693E+06   168.51    
     12873600.   0.23134       1.0000      0.22527E+06   169.75    
     12960000.   0.23162       1.0000      0.22554E+06   169.55    
     13046400.   0.23084       1.0000      0.22478E+06   170.11    
     13132800.   0.22964       1.0000      0.22361E+06   171.01    
     13219200.   0.22871       1.0000      0.22271E+06   171.70    
     13305600.   0.22740       1.0000      0.22143E+06   172.69    
     13392000.   0.22904       1.0000      0.22303E+06   171.45    
     13478400.   0.23045       1.0000      0.22440E+06   170.41    
     13564800.   0.23022       1.0000      0.22418E+06   170.57    
     13651200.   0.22947       1.0000      0.22344E+06   171.13    
     13737600.   0.22829       1.0000      0.22229E+06   172.02    
     13824000.   0.23188       1.0000      0.22579E+06   169.36    
     13910400.   0.23728       1.0000      0.23105E+06   165.50    
     13996800.   0.23773       1.0000      0.23149E+06   165.19    
     14083200.   0.23685       1.0000      0.23063E+06   165.80    
     14169600.   0.23808       1.0000      0.23183E+06   164.94    
     14256000.   0.23921       1.0000      0.23293E+06   164.16    
     14342400.   0.24415       1.0000      0.23774E+06   160.84    
     14428800.   0.25625       1.0000      0.24953E+06   153.25    
     14515200.   0.25734       1.0000      0.25058E+06   152.60    
     14601600.   0.25974       1.0000      0.25292E+06   151.19    
     14688000.   0.26396       1.0000      0.25703E+06   148.77    
     14774400.   0.26598       1.0000      0.25900E+06   147.64    
     14860800.   0.26588       1.0000      0.25890E+06   147.70    
     14947200.   0.26525       1.0000      0.25828E+06   148.05    
     15033600.   0.26389       1.0000      0.25696E+06   148.81    
     15120000.   0.26211       1.0000      0.25523E+06   149.82    
     15206400.   0.25994       1.0000      0.25312E+06   151.07    
     15292800.   0.25751       1.0000      0.25075E+06   152.50    
     15379200.   0.26013       1.0000      0.25330E+06   150.96    
     15465600.   0.26165       1.0000      0.25479E+06   150.08    
     15552000.   0.26086       1.0000      0.25401E+06   150.54    
     15638400.   0.25899       1.0000      0.25219E+06   151.63    
     15724800.   0.25680       1.0000      0.25006E+06   152.92    
     15811200.   0.25450       1.0000      0.24782E+06   154.30    
     15897600.   0.25220       1.0000      0.24558E+06   155.71    
     15984000.   0.25044       1.0000      0.24387E+06   156.80    
     16070400.   0.24828       1.0000      0.24176E+06   158.17    
     16156800.   0.24611       1.0000      0.23965E+06   159.56    
     16243200.   0.24394       1.0000      0.23753E+06   160.99    
     16329600.   0.24179       1.0000      0.23544E+06   162.42    
     16416000.   0.23967       1.0000      0.23338E+06   163.85    
     16502400.   0.23759       1.0000      0.23135E+06   165.28    
     16588800.   0.23556       1.0000      0.22937E+06   166.71    
     16675200.   0.23357       1.0000      0.22743E+06   168.13    
     16761600.   0.23193       1.0000      0.22584E+06   169.32    
     16848000.   0.23062       1.0000      0.22457E+06   170.28    
     16934400.   0.23048       1.0000      0.22443E+06   170.38    
     17020800.   0.22987       1.0000      0.22383E+06   170.84    
     17107200.   0.22825       1.0000      0.22226E+06   172.05    
     17193600.   0.22661       1.0000      0.22066E+06   173.29    
     17280000.   0.22489       1.0000      0.21899E+06   174.62    
     17366400.   0.22315       1.0000      0.21730E+06   175.98    
     17452800.   0.22143       1.0000      0.21562E+06   177.34    
     17539200.   0.21974       1.0000      0.21397E+06   178.71    
     17625600.   0.21808       1.0000      0.21235E+06   180.07    
     17712000.   0.21696       1.0000      0.21126E+06   181.00    
     17798400.   0.21545       1.0000      0.20979E+06   182.27    
     17884800.   0.21388       1.0000      0.20827E+06   183.60    
     17971200.   0.21235       1.0000      0.20678E+06   184.93    
     18057600.   0.21085       1.0000      0.20531E+06   186.25    
     18144000.   0.20937       1.0000      0.20387E+06   187.56    
     18230400.   0.20792       1.0000      0.20247E+06   188.87    
     18316800.   0.20651       1.0000      0.20109E+06   190.16    
     18403200.   0.20512       1.0000      0.19973E+06   191.45    
     18489600.   0.20375       1.0000      0.19840E+06   192.73    
     18576000.   0.20241       1.0000      0.19710E+06   194.01    
     18662400.   0.20110       1.0000      0.19582E+06   195.28    
     18748800.   0.19981       1.0000      0.19456E+06   196.54    
     18835200.   0.19966       1.0000      0.19441E+06   196.69    
     18921600.   0.19865       1.0000      0.19343E+06   197.69    
     19008000.   0.19738       1.0000      0.19220E+06   198.96    
     19094400.   0.19612       1.0000      0.19097E+06   200.24    
     19180800.   0.19488       1.0000      0.18976E+06   201.51    
     19267200.   0.19369       1.0000      0.18860E+06   202.75    
     19353600.   0.19249       1.0000      0.18744E+06   204.01    
     19440000.   0.19132       1.0000      0.18630E+06   205.26    
     19526400.   0.19017       1.0000      0.18518E+06   206.50    
     19612800.   0.18904       1.0000      0.18408E+06   207.73    
     19699200.   0.18793       1.0000      0.18300E+06   208.96    
     19785600.   0.18684       1.0000      0.18193E+06   210.18    
     19872000.   0.18576       1.0000      0.18089E+06   211.40    
     19958400.   0.18583       1.0000      0.18095E+06   211.32    
     20044800.   0.18643       1.0000      0.18153E+06   210.65    
     20131200.   0.18531       1.0000      0.18044E+06   211.92    
     20217600.   0.18454       1.0000      0.17969E+06   212.80    
     20304000.   0.18366       1.0000      0.17884E+06   213.82    
     20390400.   0.18255       1.0000      0.17776E+06   215.12    
     20476800.   0.18146       1.0000      0.17669E+06   216.41    
     20563200.   0.18039       1.0000      0.17565E+06   217.70    
     20649600.   0.17933       1.0000      0.17463E+06   218.98    
     20736000.   0.17831       1.0000      0.17362E+06   220.24    
     20822400.   0.17730       1.0000      0.17264E+06   221.49    
     20908800.   0.17631       1.0000      0.17168E+06   222.74    
     20995200.   0.17534       1.0000      0.17073E+06   223.97    
     21081600.   0.17438       1.0000      0.16980E+06   225.20    
     21168000.   0.17344       1.0000      0.16889E+06   226.41    
     21254400.   0.17252       1.0000      0.16799E+06   227.63    
     21340800.   0.17161       1.0000      0.16710E+06   228.84    
     21427200.   0.17071       1.0000      0.16623E+06   230.04    
     21513600.   0.17000       1.0000      0.16554E+06   231.00    
     21600000.   0.17105       1.0000      0.16656E+06   229.58    
     21686400.   0.17012       1.0000      0.16566E+06   230.83    
     21772800.   0.16916       1.0000      0.16472E+06   232.15    
     21859200.   0.16821       1.0000      0.16379E+06   233.46    
     21945600.   0.16728       1.0000      0.16289E+06   234.76    
     22032000.   0.16637       1.0000      0.16201E+06   236.03    
     22118400.   0.16549       1.0000      0.16115E+06   237.29    
     22204800.   0.16463       1.0000      0.16030E+06   238.54    
     22291200.   0.16378       1.0000      0.15948E+06   239.78    
     22377600.   0.16294       1.0000      0.15866E+06   241.00    
     22464000.   0.16431       1.0000      0.16000E+06   238.99    
     22550400.   0.16371       1.0000      0.15941E+06   239.87    
     22636800.   0.16337       1.0000      0.15908E+06   240.38    
     22723200.   0.16876       1.0000      0.16433E+06   232.69    
     22809600.   0.16896       1.0000      0.16452E+06   232.42    
     22896000.   0.16867       1.0000      0.16425E+06   232.81    
     22982400.   0.16817       1.0000      0.16375E+06   233.52    
     23068800.   0.16754       1.0000      0.16315E+06   234.39    
     23155200.   0.16675       1.0000      0.16238E+06   235.50    
     23241600.   0.16588       1.0000      0.16153E+06   236.73    
     23328000.   0.16494       1.0000      0.16061E+06   238.08    
     23414400.   0.16398       1.0000      0.15967E+06   239.48    
     23500800.   0.16304       1.0000      0.15876E+06   240.86    
     23587200.   0.16212       1.0000      0.15786E+06   242.23    
     23673600.   0.16120       1.0000      0.15697E+06   243.60    
     23760000.   0.16028       1.0000      0.15607E+06   245.01    
     23846400.   0.15937       1.0000      0.15519E+06   246.41    
     23932800.   0.15849       1.0000      0.15433E+06   247.78    
     24019200.   0.15763       1.0000      0.15349E+06   249.13    
     24105600.   0.15679       1.0000      0.15267E+06   250.46    
     24192000.   0.15596       1.0000      0.15186E+06   251.80    
     24278400.   0.15514       1.0000      0.15106E+06   253.13    
     24364800.   0.15433       1.0000      0.15028E+06   254.46    
     24451200.   0.15354       1.0000      0.14950E+06   255.77    
     24537600.   0.15276       1.0000      0.14875E+06   257.07    
     24624000.   0.15199       1.0000      0.14800E+06   258.37    
     24710400.   0.15124       1.0000      0.14727E+06   259.66    
     24796800.   0.15050       1.0000      0.14655E+06   260.93    
     24883200.   0.14980       1.0000      0.14586E+06   262.16    
     24969600.   0.14967       1.0000      0.14574E+06   262.37    
     25056000.   0.14899       1.0000      0.14508E+06   263.57    
     25142400.   0.14827       1.0000      0.14438E+06   264.85    
     25228800.   0.14869       1.0000      0.14479E+06   264.10    
     25315200.   0.14814       1.0000      0.14425E+06   265.09    
     25401600.   0.14810       1.0000      0.14421E+06   265.16    
     25488000.   0.14805       1.0000      0.14417E+06   265.24    
     25574400.   0.14839       1.0000      0.14449E+06   264.64    
     25660800.   0.14792       1.0000      0.14404E+06   265.48    
     25747200.   0.14869       1.0000      0.14479E+06   264.10    
     25833600.   0.15347       1.0000      0.14944E+06   255.89    
     25920000.   0.16034       1.0000      0.15613E+06   244.92    
     26006400.   0.16729       1.0000      0.16290E+06   234.74    
     26092800.   0.16970       1.0000      0.16525E+06   231.40    
     26179200.   0.16965       1.0000      0.16520E+06   231.48    
     26265600.   0.16888       1.0000      0.16444E+06   232.54    
     26352000.   0.16783       1.0000      0.16342E+06   233.99    
     26438400.   0.16667       1.0000      0.16229E+06   235.62    
     26524800.   0.16546       1.0000      0.16111E+06   237.34    
     26611200.   0.16419       1.0000      0.15987E+06   239.18    
     26697600.   0.16295       1.0000      0.15867E+06   241.00    
     26784000.   0.16173       1.0000      0.15749E+06   242.81    
     26870400.   0.16500       1.0000      0.16067E+06   238.00    
     26956800.   0.16734       1.0000      0.16295E+06   234.67    
     27043200.   0.16959       1.0000      0.16514E+06   231.56    
     27129600.   0.17050       1.0000      0.16603E+06   230.32    
     27216000.   0.17182       1.0000      0.16731E+06   228.55    
     27302400.   0.17476       1.0000      0.17017E+06   224.71    
     27388800.   0.18030       1.0000      0.17557E+06   217.80    
     27475200.   0.18529       1.0000      0.18042E+06   211.94    
     27561600.   0.18563       1.0000      0.18075E+06   211.55    
     27648000.   0.18499       1.0000      0.18013E+06   212.28    
     27734400.   0.18378       1.0000      0.17895E+06   213.68    
     27820800.   0.18260       1.0000      0.17781E+06   215.06    
     27907200.   0.18163       1.0000      0.17686E+06   216.20    
     27993600.   0.18380       1.0000      0.17898E+06   213.65    
     28080000.   0.18726       1.0000      0.18234E+06   209.71    
     28166400.   0.18931       1.0000      0.18434E+06   207.44    
     28252800.   0.18891       1.0000      0.18395E+06   207.88    
     28339200.   0.18783       1.0000      0.18290E+06   209.07    
     28425600.   0.18646       1.0000      0.18156E+06   210.61    
     28512000.   0.18497       1.0000      0.18011E+06   212.31    
     28598400.   0.18343       1.0000      0.17861E+06   214.09    
     28684800.   0.18188       1.0000      0.17710E+06   215.91    
     28771200.   0.18034       1.0000      0.17561E+06   217.75    
     28857600.   0.17883       1.0000      0.17413E+06   219.60    
     28944000.   0.17732       1.0000      0.17267E+06   221.46    
     29030400.   0.17584       1.0000      0.17122E+06   223.33    
     29116800.   0.17438       1.0000      0.16980E+06   225.20    
     29203200.   0.17293       1.0000      0.16839E+06   227.09    
     29289600.   0.17152       1.0000      0.16702E+06   228.95    
     29376000.   0.17015       1.0000      0.16569E+06   230.79    
     29462400.   0.16883       1.0000      0.16440E+06   232.60    
     29548800.   0.16754       1.0000      0.16314E+06   234.39    
     29635200.   0.16628       1.0000      0.16192E+06   236.16    
     29721600.   0.16505       1.0000      0.16072E+06   237.92    
     29808000.   0.16385       1.0000      0.15954E+06   239.68    
     29894400.   0.16266       1.0000      0.15839E+06   241.42    
     29980800.   0.16150       1.0000      0.15726E+06   243.16    
     30067200.   0.16037       1.0000      0.15616E+06   244.86    
     30153600.   0.15928       1.0000      0.15510E+06   246.55    
     30240000.   0.15821       1.0000      0.15406E+06   248.21    
     30326400.   0.15718       1.0000      0.15305E+06   249.84    
     30412800.   0.15617       1.0000      0.15207E+06   251.46    
     30499200.   0.15518       1.0000      0.15110E+06   253.07    
     30585600.   0.15421       1.0000      0.15016E+06   254.66    
     30672000.   0.15326       1.0000      0.14923E+06   256.24    
     30758400.   0.15233       1.0000      0.14833E+06   257.80    
     30844800.   0.15142       1.0000      0.14744E+06   259.35    
     30931200.   0.15052       1.0000      0.14657E+06   260.89    
     31017600.   0.14964       1.0000      0.14571E+06   262.43    
     31104000.   0.14878       1.0000      0.14487E+06   263.95    
     31190400.   0.14793       1.0000      0.14405E+06   265.46    
     31276800.   0.14721       1.0000      0.14334E+06   266.77    
     31363200.   0.14640       1.0000      0.14255E+06   268.24    
     31449600.   0.14559       1.0000      0.14177E+06   269.73    
     31536000.   0.14480       1.0000      0.14100E+06   271.20    
     31622400.   0.14397       1.0000      0.14019E+06   272.76    
