   TOTIM (T)     FLOWRATE     DIAM.         RE           RT
        86400.   0.18270E-01   1.0000       35441.       2149.4    
       172800.   0.17299E-01   1.0000       33572.       2270.1    
       259200.   0.17711E-01   1.0000       34366.       2217.2    
       345600.   0.17714E-01   1.0000       34371.       2216.9    
       432000.   0.18435E-01   1.0000       35759.       2130.1    
       518400.   0.18585E-01   1.0000       36047.       2112.9    
       604800.   0.18491E-01   1.0000       35867.       2123.7    
       691200.   0.19383E-01   1.0000       37579.       2026.0    
       777600.   0.21621E-01   1.0000       41870.       1816.3    
       864000.   0.24320E-01   1.0000       47021.       1614.7    
       950400.   0.24152E-01   1.0000       46702.       1626.0    
      1036800.   0.27058E-01   1.0000       52223.       1451.3    
      1123200.   0.32318E-01   1.0000       62129.       1215.1    
      1209600.   0.27712E-01   1.0000       53462.       1417.1    
      1296000.   0.25867E-01   1.0000       49967.       1518.1    
      1382400.   0.24802E-01   1.0000       47944.       1583.3    
      1468800.   0.24024E-01   1.0000       46462.       1634.6    
      1555200.   0.23284E-01   1.0000       45053.       1686.5    
      1641600.   0.22639E-01   1.0000       43821.       1734.6    
      1728000.   0.22231E-01   1.0000       43042.       1766.4    
      1814400.   0.21907E-01   1.0000       42422.       1792.6    
      1900800.   0.21430E-01   1.0000       41508.       1832.5    
      1987200.   0.21079E-01   1.0000       40836.       1863.0    
      2073600.   0.20869E-01   1.0000       40435.       1881.7    
      2160000.   0.20472E-01   1.0000       39674.       1918.2    
      2246400.   0.20124E-01   1.0000       39006.       1951.4    
      2332800.   0.19800E-01   1.0000       38384.       1983.3    
      2419200.   0.19494E-01   1.0000       37797.       2014.5    
      2505600.   0.19634E-01   1.0000       38065.       2000.1    
      2592000.   0.19416E-01   1.0000       37647.       2022.6    
      2678400.   0.20798E-01   1.0000       40297.       1888.2    
      2764800.   0.24557E-01   1.0000       47478.       1599.2    
      2851200.   0.32631E-01   1.0000       62722.       1203.5    
      2937600.   0.26431E-01   1.0000       51041.       1485.8    
      3024000.   0.26287E-01   1.0000       50768.       1493.9    
      3110400.   0.25913E-01   1.0000       50059.       1515.5    
      3196800.   0.25009E-01   1.0000       48341.       1570.2    
      3283200.   0.24155E-01   1.0000       46715.       1625.8    
      3369600.   0.24646E-01   1.0000       47652.       1593.3    
      3456000.   0.25398E-01   1.0000       49082.       1546.2    
      3542400.   0.26256E-01   1.0000       50712.       1495.7    
      3628800.   0.26089E-01   1.0000       50395.       1505.2    
      3715200.   0.25095E-01   1.0000       48507.       1564.8    
      3801600.   0.25401E-01   1.0000       49090.       1546.0    
      3888000.   0.25978E-01   1.0000       50186.       1511.6    
      3974400.   0.27156E-01   1.0000       52421.       1446.1    
      4060800.   0.27625E-01   1.0000       53308.       1421.6    
      4147200.   0.26279E-01   1.0000       50759.       1494.3    
      4233600.   0.25326E-01   1.0000       48948.       1550.6    
      4320000.   0.24870E-01   1.0000       48082.       1579.0    
      4406400.   0.24391E-01   1.0000       47170.       1610.0    
      4492800.   0.24144E-01   1.0000       46699.       1626.5    
      4579200.   0.23648E-01   1.0000       45754.       1660.6    
      4665600.   0.23183E-01   1.0000       44867.       1693.9    
      4752000.   0.25076E-01   1.0000       48473.       1566.1    
      4838400.   0.26621E-01   1.0000       51409.       1475.1    
      4924800.   0.27905E-01   1.0000       53842.       1407.2    
      5011200.   0.28122E-01   1.0000       54251.       1396.4    
      5097600.   0.26558E-01   1.0000       51290.       1478.7    
      5184000.   0.25566E-01   1.0000       49407.       1536.0    
      5270400.   0.25037E-01   1.0000       48401.       1568.5    
      5356800.   0.24458E-01   1.0000       47298.       1605.6    
      5443200.   0.25456E-01   1.0000       49198.       1542.6    
      5529600.   0.26018E-01   1.0000       50266.       1509.3    
      5616000.   0.26437E-01   1.0000       51062.       1485.4    
      5702400.   0.26518E-01   1.0000       51216.       1480.9    
      5788800.   0.25986E-01   1.0000       50206.       1511.2    
      5875200.   0.26023E-01   1.0000       50276.       1509.0    
      5961600.   0.25752E-01   1.0000       49761.       1525.0    
      6048000.   0.25142E-01   1.0000       48602.       1561.9    
      6134400.   0.24552E-01   1.0000       47480.       1599.4    
      6220800.   0.24022E-01   1.0000       46469.       1634.8    
      6307200.   0.23545E-01   1.0000       45559.       1667.9    
      6393600.   0.23113E-01   1.0000       44735.       1699.0    
      6480000.   0.22714E-01   1.0000       43973.       1728.9    
      6566400.   0.22336E-01   1.0000       43249.       1758.2    
      6652800.   0.21974E-01   1.0000       42557.       1787.1    
      6739200.   0.21639E-01   1.0000       41915.       1814.8    
      6825600.   0.21300E-01   1.0000       41266.       1843.7    
      6912000.   0.20966E-01   1.0000       40626.       1873.0    
      6998400.   0.20650E-01   1.0000       40020.       1901.7    
      7084800.   0.20357E-01   1.0000       39458.       1929.1    
      7171200.   0.20078E-01   1.0000       38922.       1955.9    
      7257600.   0.19804E-01   1.0000       38396.       1983.0    
      7344000.   0.19545E-01   1.0000       37900.       2009.2    
      7430400.   0.19350E-01   1.0000       37524.       2029.5    
      7516800.   0.19127E-01   1.0000       37096.       2053.1    
      7603200.   0.18871E-01   1.0000       36603.       2081.0    
      7689600.   0.18638E-01   1.0000       36156.       2107.0    
      7776000.   0.18446E-01   1.0000       35785.       2129.0    
      7862400.   0.18221E-01   1.0000       35352.       2155.2    
      7948800.   0.18012E-01   1.0000       34950.       2180.2    
      8035200.   0.17811E-01   1.0000       34562.       2204.9    
      8121600.   0.17615E-01   1.0000       34186.       2229.3    
      8208000.   0.17425E-01   1.0000       33819.       2253.7    
      8294400.   0.17239E-01   1.0000       33461.       2277.9    
      8380800.   0.20108E-01   1.0000       38977.       1953.0    
      8467200.   0.19466E-01   1.0000       37744.       2017.4    
      8553600.   0.19221E-01   1.0000       37274.       2043.1    
      8640000.   0.18900E-01   1.0000       36656.       2077.8    
      8726400.   0.18602E-01   1.0000       36084.       2111.0    
      8812800.   0.18332E-01   1.0000       35565.       2142.1    
      8899200.   0.18006E-01   1.0000       34936.       2181.0    
      8985600.   0.18106E-01   1.0000       35129.       2168.9    
      9072000.   0.18682E-01   1.0000       36238.       2102.0    
      9158400.   0.18350E-01   1.0000       35598.       2140.1    
      9244800.   0.19943E-01   1.0000       38659.       1969.1    
      9331200.   0.23155E-01   1.0000       44806.       1696.0    
      9417600.   0.30560E-01   1.0000       58837.       1285.0    
      9504000.   0.32963E-01   1.0000       63344.       1191.3    
      9590400.   0.27886E-01   1.0000       53799.       1408.2    
      9676800.   0.25676E-01   1.0000       49610.       1529.4    
      9763200.   0.24274E-01   1.0000       46943.       1617.8    
      9849600.   0.23298E-01   1.0000       45082.       1685.6    
      9936000.   0.24936E-01   1.0000       48203.       1574.8    
     10022400.   0.25452E-01   1.0000       49185.       1542.9    
     10108800.   0.25260E-01   1.0000       48821.       1554.6    
     10195200.   0.25662E-01   1.0000       49585.       1530.3    
     10281600.   0.25627E-01   1.0000       49519.       1532.3    
     10368000.   0.24697E-01   1.0000       47751.       1590.1    
     10454400.   0.23846E-01   1.0000       46128.       1646.8    
     10540800.   0.24209E-01   1.0000       46821.       1622.1    
     10627200.   0.24752E-01   1.0000       47856.       1586.5    
     10713600.   0.24623E-01   1.0000       47610.       1594.8    
     10800000.   0.24072E-01   1.0000       46562.       1631.3    
     10886400.   0.23435E-01   1.0000       45347.       1675.7    
     10972800.   0.22824E-01   1.0000       44180.       1720.6    
     11059200.   0.22180E-01   1.0000       42949.       1770.5    
     11145600.   0.21640E-01   1.0000       41916.       1814.7    
     11232000.   0.21189E-01   1.0000       41051.       1853.4    
     11318400.   0.20786E-01   1.0000       40280.       1889.2    
     11404800.   0.21665E-01   1.0000       41963.       1812.6    
     11491200.   0.20836E-01   1.0000       40376.       1884.7    
     11577600.   0.22691E-01   1.0000       43925.       1730.6    
     11664000.   0.26098E-01   1.0000       50415.       1504.7    
     11750400.   0.33455E-01   1.0000       64272.       1173.8    
     11836800.   0.27589E-01   1.0000       53242.       1423.4    
     11923200.   0.25576E-01   1.0000       49424.       1535.4    
     12009600.   0.24480E-01   1.0000       47339.       1604.2    
     12096000.   0.24702E-01   1.0000       47762.       1589.8    
     12182400.   0.24464E-01   1.0000       47309.       1605.2    
     12268800.   0.23905E-01   1.0000       46244.       1642.7    
     12355200.   0.23296E-01   1.0000       45082.       1685.7    
     12441600.   0.23092E-01   1.0000       44694.       1700.6    
     12528000.   0.25909E-01   1.0000       50057.       1515.7    
     12614400.   0.27766E-01   1.0000       53579.       1414.3    
     12700800.   0.25987E-01   1.0000       50207.       1511.1    
     12787200.   0.24974E-01   1.0000       48280.       1572.5    
     12873600.   0.24112E-01   1.0000       46640.       1628.6    
     12960000.   0.24832E-01   1.0000       48011.       1581.4    
     13046400.   0.24342E-01   1.0000       47079.       1613.2    
     13132800.   0.23817E-01   1.0000       46078.       1648.8    
     13219200.   0.23656E-01   1.0000       45769.       1660.1    
     13305600.   0.23216E-01   1.0000       44930.       1691.5    
     13392000.   0.24736E-01   1.0000       47827.       1587.6    
     13478400.   0.25225E-01   1.0000       48758.       1556.8    
     13564800.   0.24566E-01   1.0000       47506.       1598.5    
     13651200.   0.24049E-01   1.0000       46519.       1632.9    
     13737600.   0.23522E-01   1.0000       45516.       1669.5    
     13824000.   0.26185E-01   1.0000       50584.       1499.7    
     13910400.   0.28621E-01   1.0000       55197.       1372.1    
     13996800.   0.26929E-01   1.0000       51994.       1458.3    
     14083200.   0.25739E-01   1.0000       49738.       1525.7    
     14169600.   0.26634E-01   1.0000       51437.       1474.4    
     14256000.   0.26923E-01   1.0000       51986.       1458.6    
     14342400.   0.29693E-01   1.0000       57221.       1322.5    
     14428800.   0.36280E-01   1.0000       69540.       1082.4    
     14515200.   0.32259E-01   1.0000       62046.       1217.3    
     14601600.   0.32454E-01   1.0000       62413.       1210.0    
     14688000.   0.34132E-01   1.0000       65550.       1150.5    
     14774400.   0.33547E-01   1.0000       64459.       1170.6    
     14860800.   0.32076E-01   1.0000       61709.       1224.3    
     14947200.   0.31182E-01   1.0000       60031.       1259.4    
     15033600.   0.30178E-01   1.0000       58142.       1301.3    
     15120000.   0.29275E-01   1.0000       56441.       1341.4    
     15206400.   0.28369E-01   1.0000       54730.       1384.3    
     15292800.   0.27523E-01   1.0000       53129.       1426.8    
     15379200.   0.30430E-01   1.0000       58619.       1290.5    
     15465600.   0.30766E-01   1.0000       59251.       1276.4    
     15552000.   0.29458E-01   1.0000       56789.       1333.1    
     15638400.   0.28231E-01   1.0000       54472.       1391.0    
     15724800.   0.27363E-01   1.0000       52828.       1435.1    
     15811200.   0.26665E-01   1.0000       51504.       1472.7    
     15897600.   0.26087E-01   1.0000       50408.       1505.3    
     15984000.   0.25924E-01   1.0000       50098.       1514.8    
     16070400.   0.25322E-01   1.0000       48952.       1550.8    
     16156800.   0.24843E-01   1.0000       48041.       1580.7    
     16243200.   0.24390E-01   1.0000       47178.       1610.1    
     16329600.   0.23978E-01   1.0000       46391.       1637.8    
     16416000.   0.23588E-01   1.0000       45646.       1664.9    
     16502400.   0.23219E-01   1.0000       44942.       1691.3    
     16588800.   0.22871E-01   1.0000       44276.       1717.1    
     16675200.   0.22539E-01   1.0000       43643.       1742.3    
     16761600.   0.22418E-01   1.0000       43411.       1751.7    
     16848000.   0.22382E-01   1.0000       43342.       1754.5    
     16934400.   0.22947E-01   1.0000       44421.       1711.3    
     17020800.   0.22820E-01   1.0000       44179.       1720.8    
     17107200.   0.22133E-01   1.0000       42864.       1774.3    
     17193600.   0.21742E-01   1.0000       42116.       1806.2    
     17280000.   0.21381E-01   1.0000       41425.       1836.7    
     17366400.   0.21049E-01   1.0000       40789.       1865.6    
     17452800.   0.20748E-01   1.0000       40210.       1892.7    
     17539200.   0.20466E-01   1.0000       39670.       1918.8    
     17625600.   0.20201E-01   1.0000       39161.       1943.9    
     17712000.   0.20241E-01   1.0000       39238.       1940.1    
     17798400.   0.19900E-01   1.0000       38582.       1973.4    
     17884800.   0.19608E-01   1.0000       38023.       2002.7    
     17971200.   0.19362E-01   1.0000       37549.       2028.2    
     18057600.   0.19132E-01   1.0000       37106.       2052.6    
     18144000.   0.18911E-01   1.0000       36682.       2076.6    
     18230400.   0.18698E-01   1.0000       36272.       2100.2    
     18316800.   0.18492E-01   1.0000       35876.       2123.6    
     18403200.   0.18291E-01   1.0000       35489.       2146.9    
     18489600.   0.18096E-01   1.0000       35113.       2170.1    
     18576000.   0.17906E-01   1.0000       34747.       2193.1    
     18662400.   0.17720E-01   1.0000       34389.       2216.1    
     18748800.   0.17538E-01   1.0000       34039.       2239.1    
     18835200.   0.17958E-01   1.0000       34846.       2186.8    
     18921600.   0.17625E-01   1.0000       34205.       2228.1    
     19008000.   0.17303E-01   1.0000       33585.       2269.5    
     19094400.   0.17082E-01   1.0000       33159.       2298.9    
     19180800.   0.16890E-01   1.0000       32788.       2325.1    
     19267200.   0.16724E-01   1.0000       32469.       2348.1    
     19353600.   0.16546E-01   1.0000       32125.       2373.4    
     19440000.   0.16379E-01   1.0000       31802.       2397.6    
     19526400.   0.16217E-01   1.0000       31490.       2421.5    
     19612800.   0.16060E-01   1.0000       31187.       2445.2    
     19699200.   0.15907E-01   1.0000       30891.       2468.8    
     19785600.   0.15757E-01   1.0000       30601.       2492.3    
     19872000.   0.15610E-01   1.0000       30318.       2515.7    
     19958400.   0.16036E-01   1.0000       31140.       2448.9    
     20044800.   0.16455E-01   1.0000       31948.       2386.5    
     20131200.   0.15816E-01   1.0000       30715.       2483.0    
     20217600.   0.15713E-01   1.0000       30517.       2499.2    
     20304000.   0.15547E-01   1.0000       30196.       2525.9    
     20390400.   0.15292E-01   1.0000       29703.       2568.1    
     20476800.   0.15105E-01   1.0000       29341.       2599.8    
     20563200.   0.14940E-01   1.0000       29022.       2628.6    
     20649600.   0.14786E-01   1.0000       28726.       2655.9    
     20736000.   0.14640E-01   1.0000       28444.       2682.3    
     20822400.   0.14500E-01   1.0000       28173.       2708.2    
     20908800.   0.14365E-01   1.0000       27912.       2733.7    
     20995200.   0.14234E-01   1.0000       27658.       2758.9    
     21081600.   0.14106E-01   1.0000       27411.       2783.8    
     21168000.   0.13982E-01   1.0000       27170.       2808.7    
     21254400.   0.13860E-01   1.0000       26934.       2833.4    
     21340800.   0.13740E-01   1.0000       26703.       2858.0    
     21427200.   0.13623E-01   1.0000       26476.       2882.6    
     21513600.   0.13591E-01   1.0000       26414.       2889.4    
     21600000.   0.14353E-01   1.0000       27888.       2736.0    
     21686400.   0.13767E-01   1.0000       26754.       2852.5    
     21772800.   0.13526E-01   1.0000       26289.       2903.2    
     21859200.   0.13362E-01   1.0000       25971.       2938.9    
     21945600.   0.13223E-01   1.0000       25702.       2969.8    
     22032000.   0.13096E-01   1.0000       25456.       2998.6    
     22118400.   0.12976E-01   1.0000       25224.       3026.3    
     22204800.   0.12861E-01   1.0000       25001.       3053.3    
     22291200.   0.12750E-01   1.0000       24786.       3079.9    
     22377600.   0.12642E-01   1.0000       24577.       3106.2    
     22464000.   0.13552E-01   1.0000       26338.       2897.7    
     22550400.   0.13062E-01   1.0000       25390.       3006.4    
     22636800.   0.13029E-01   1.0000       25326.       3014.0    
     22723200.   0.15690E-01   1.0000       30467.       2502.9    
     22809600.   0.14637E-01   1.0000       28435.       2682.9    
     22896000.   0.14250E-01   1.0000       27686.       2755.8    
     22982400.   0.14010E-01   1.0000       27223.       2803.0    
     23068800.   0.13820E-01   1.0000       26855.       2841.5    
     23155200.   0.13606E-01   1.0000       26441.       2886.3    
     23241600.   0.13409E-01   1.0000       26061.       2928.6    
     23328000.   0.13215E-01   1.0000       25686.       2971.5    
     23414400.   0.13040E-01   1.0000       25346.       3011.5    
     23500800.   0.12891E-01   1.0000       25058.       3046.3    
     23587200.   0.12751E-01   1.0000       24787.       3079.7    
     23673600.   0.12613E-01   1.0000       24520.       3113.4    
     23760000.   0.12473E-01   1.0000       24248.       3148.5    
     23846400.   0.12342E-01   1.0000       23994.       3181.9    
     23932800.   0.12222E-01   1.0000       23762.       3213.1    
     24019200.   0.12107E-01   1.0000       23540.       3243.6    
     24105600.   0.11996E-01   1.0000       23324.       3273.6    
     24192000.   0.11886E-01   1.0000       23111.       3303.9    
     24278400.   0.11778E-01   1.0000       22901.       3334.3    
     24364800.   0.11674E-01   1.0000       22699.       3364.0    
     24451200.   0.11573E-01   1.0000       22505.       3393.1    
     24537600.   0.11476E-01   1.0000       22317.       3421.8    
     24624000.   0.11382E-01   1.0000       22134.       3450.2    
     24710400.   0.11290E-01   1.0000       21955.       3478.4    
     24796800.   0.11199E-01   1.0000       21779.       3506.6    
     24883200.   0.11124E-01   1.0000       21634.       3530.2    
     24969600.   0.11308E-01   1.0000       21991.       3472.6    
     25056000.   0.11092E-01   1.0000       21571.       3540.4    
     25142400.   0.10971E-01   1.0000       21337.       3579.4    
     25228800.   0.11402E-01   1.0000       22173.       3444.1    
     25315200.   0.11109E-01   1.0000       21605.       3535.0    
     25401600.   0.11252E-01   1.0000       21883.       3489.9    
     25488000.   0.11290E-01   1.0000       21956.       3478.3    
     25574400.   0.11492E-01   1.0000       22347.       3417.2    
     25660800.   0.11226E-01   1.0000       21831.       3498.2    
     25747200.   0.11714E-01   1.0000       22777.       3352.4    
     25833600.   0.13806E-01   1.0000       26826.       2844.4    
     25920000.   0.15866E-01   1.0000       30804.       2475.2    
     26006400.   0.17439E-01   1.0000       33835.       2251.9    
     26092800.   0.16732E-01   1.0000       32475.       2346.9    
     26179200.   0.15731E-01   1.0000       30545.       2496.3    
     26265600.   0.15092E-01   1.0000       29312.       2602.0    
     26352000.   0.14636E-01   1.0000       28431.       2683.1    
     26438400.   0.14278E-01   1.0000       27739.       2750.4    
     26524800.   0.13973E-01   1.0000       27149.       2810.5    
     26611200.   0.13683E-01   1.0000       26589.       2870.0    
     26697600.   0.13444E-01   1.0000       26127.       2920.9    
     26784000.   0.13227E-01   1.0000       25707.       2968.9    
     26870400.   0.15106E-01   1.0000       29339.       2599.5    
     26956800.   0.15587E-01   1.0000       30268.       2519.3    
     27043200.   0.16044E-01   1.0000       31149.       2447.6    
     27129600.   0.15854E-01   1.0000       30781.       2477.0    
     27216000.   0.16142E-01   1.0000       31338.       2432.8    
     27302400.   0.17185E-01   1.0000       33347.       2285.1    
     27388800.   0.19177E-01   1.0000       37178.       2047.7    
     27475200.   0.20239E-01   1.0000       39215.       1940.4    
     27561600.   0.18867E-01   1.0000       36583.       2081.4    
     27648000.   0.18041E-01   1.0000       34996.       2176.7    
     27734400.   0.17385E-01   1.0000       33733.       2258.9    
     27820800.   0.17007E-01   1.0000       33005.       2309.1    
     27907200.   0.16803E-01   1.0000       32613.       2337.1    
     27993600.   0.18179E-01   1.0000       35262.       2160.2    
     28080000.   0.19495E-01   1.0000       37789.       2014.4    
     28166400.   0.19628E-01   1.0000       38045.       2000.7    
     28252800.   0.18688E-01   1.0000       36241.       2101.3    
     28339200.   0.18022E-01   1.0000       34961.       2179.0    
     28425600.   0.17515E-01   1.0000       33985.       2242.1    
     28512000.   0.17097E-01   1.0000       33180.       2296.9    
     28598400.   0.16735E-01   1.0000       32483.       2346.5    
     28684800.   0.16413E-01   1.0000       31863.       2392.5    
     28771200.   0.16120E-01   1.0000       31298.       2436.1    
     28857600.   0.15851E-01   1.0000       30778.       2477.5    
     28944000.   0.15593E-01   1.0000       30281.       2518.4    
     29030400.   0.15345E-01   1.0000       29802.       2559.1    
     29116800.   0.15114E-01   1.0000       29356.       2598.2    
     29203200.   0.14887E-01   1.0000       28918.       2637.8    
     29289600.   0.14678E-01   1.0000       28513.       2675.5    
     29376000.   0.14483E-01   1.0000       28137.       2711.4    
     29462400.   0.14299E-01   1.0000       27782.       2746.3    
     29548800.   0.14122E-01   1.0000       27439.       2780.8    
     29635200.   0.13950E-01   1.0000       27106.       2815.1    
     29721600.   0.13784E-01   1.0000       26785.       2849.0    
     29808000.   0.13619E-01   1.0000       26467.       2883.5    
     29894400.   0.13460E-01   1.0000       26158.       2917.6    
     29980800.   0.13304E-01   1.0000       25858.       2951.7    
     30067200.   0.13158E-01   1.0000       25574.       2984.6    
     30153600.   0.13016E-01   1.0000       25299.       3017.1    
     30240000.   0.12879E-01   1.0000       25034.       3049.2    
     30326400.   0.12744E-01   1.0000       24773.       3081.4    
     30412800.   0.12613E-01   1.0000       24519.       3113.5    
     30499200.   0.12486E-01   1.0000       24274.       3145.0    
     30585600.   0.12363E-01   1.0000       24034.       3176.5    
     30672000.   0.12242E-01   1.0000       23802.       3207.7    
     30758400.   0.12125E-01   1.0000       23575.       3238.6    
     30844800.   0.12011E-01   1.0000       23353.       3269.4    
     30931200.   0.11899E-01   1.0000       23136.       3300.3    
     31017600.   0.11789E-01   1.0000       22923.       3331.1    
     31104000.   0.11682E-01   1.0000       22715.       3361.6    
     31190400.   0.11577E-01   1.0000       22512.       3392.1    
     31276800.   0.11523E-01   1.0000       22407.       3408.0    
     31363200.   0.11399E-01   1.0000       22168.       3444.9    
     31449600.   0.11295E-01   1.0000       21965.       3476.7    
     31536000.   0.11196E-01   1.0000       21773.       3507.5    
     31622400.   0.11076E-01   1.0000       21541.       3545.5    
