   TOTIM (T)     FLOWRATE     DIAM.         RE           RT
        86400.   0.74828E-01   1.0000       72863.       524.80    
       172800.   0.74091E-01   1.0000       72146.       530.02    
       259200.   0.74053E-01   1.0000       72109.       530.30    
       345600.   0.73956E-01   1.0000       72014.       530.99    
       432000.   0.74430E-01   1.0000       72476.       527.61    
       518400.   0.74743E-01   1.0000       72780.       525.40    
       604800.   0.74860E-01   1.0000       72894.       524.58    
       691200.   0.75624E-01   1.0000       73639.       519.28    
       777600.   0.77644E-01   1.0000       75605.       505.77    
       864000.   0.80570E-01   1.0000       78455.       487.40    
       950400.   0.82093E-01   1.0000       79938.       478.36    
      1036800.   0.85120E-01   1.0000       82886.       461.35    
      1123200.   0.90117E-01   1.0000       87751.       435.77    
      1209600.   0.90282E-01   1.0000       87912.       434.97    
      1296000.   0.89942E-01   1.0000       87581.       436.61    
      1382400.   0.89394E-01   1.0000       87047.       439.29    
      1468800.   0.88755E-01   1.0000       86424.       442.45    
      1555200.   0.88007E-01   1.0000       85696.       446.21    
      1641600.   0.87208E-01   1.0000       84918.       450.30    
      1728000.   0.86489E-01   1.0000       84219.       454.04    
      1814400.   0.85836E-01   1.0000       83583.       457.50    
      1900800.   0.85106E-01   1.0000       82872.       461.42    
      1987200.   0.84412E-01   1.0000       82196.       465.22    
      2073600.   0.83815E-01   1.0000       81615.       468.53    
      2160000.   0.83137E-01   1.0000       80954.       472.35    
      2246400.   0.82452E-01   1.0000       80288.       476.27    
      2332800.   0.81769E-01   1.0000       79623.       480.25    
      2419200.   0.81093E-01   1.0000       78964.       484.26    
      2505600.   0.80727E-01   1.0000       78607.       486.45    
      2592000.   0.80266E-01   1.0000       78158.       489.25    
      2678400.   0.80909E-01   1.0000       78785.       485.36    
      2764800.   0.83681E-01   1.0000       81484.       469.28    
      2851200.   0.90111E-01   1.0000       87746.       435.79    
      2937600.   0.89803E-01   1.0000       87446.       437.29    
      3024000.   0.90290E-01   1.0000       87920.       434.93    
      3110400.   0.90520E-01   1.0000       88143.       433.83    
      3196800.   0.90260E-01   1.0000       87890.       435.08    
      3283200.   0.89724E-01   1.0000       87369.       437.67    
      3369600.   0.89800E-01   1.0000       87442.       437.30    
      3456000.   0.90296E-01   1.0000       87926.       434.90    
      3542400.   0.91110E-01   1.0000       88718.       431.02    
      3628800.   0.91514E-01   1.0000       89112.       429.11    
      3715200.   0.91256E-01   1.0000       88860.       430.33    
      3801600.   0.91406E-01   1.0000       89006.       429.62    
      3888000.   0.91858E-01   1.0000       89447.       427.50    
      3974400.   0.92844E-01   1.0000       90406.       422.97    
      4060800.   0.93713E-01   1.0000       91253.       419.04    
      4147200.   0.93527E-01   1.0000       91071.       419.88    
      4233600.   0.93019E-01   1.0000       90577.       422.17    
      4320000.   0.92529E-01   1.0000       90099.       424.41    
      4406400.   0.91969E-01   1.0000       89555.       426.99    
      4492800.   0.91490E-01   1.0000       89088.       429.23    
      4579200.   0.90880E-01   1.0000       88494.       432.11    
      4665600.   0.90214E-01   1.0000       87846.       435.30    
      4752000.   0.90953E-01   1.0000       88565.       431.76    
      4838400.   0.92179E-01   1.0000       89759.       426.02    
      4924800.   0.93622E-01   1.0000       91164.       419.45    
      5011200.   0.94636E-01   1.0000       92151.       414.96    
      5097600.   0.94456E-01   1.0000       91976.       415.75    
      5184000.   0.93958E-01   1.0000       91492.       417.95    
      5270400.   0.93438E-01   1.0000       90985.       420.28    
      5356800.   0.92808E-01   1.0000       90371.       423.13    
      5443200.   0.93036E-01   1.0000       90594.       422.09    
      5529600.   0.93429E-01   1.0000       90976.       420.32    
      5616000.   0.93898E-01   1.0000       91433.       418.22    
      5702400.   0.94244E-01   1.0000       91770.       416.68    
      5788800.   0.94186E-01   1.0000       91713.       416.94    
      5875200.   0.94245E-01   1.0000       91770.       416.68    
      5961600.   0.94144E-01   1.0000       91672.       417.13    
      6048000.   0.93760E-01   1.0000       91298.       418.84    
      6134400.   0.93215E-01   1.0000       90768.       421.28    
      6220800.   0.92582E-01   1.0000       90151.       424.17    
      6307200.   0.91900E-01   1.0000       89487.       427.31    
      6393600.   0.91196E-01   1.0000       88802.       430.61    
      6480000.   0.90483E-01   1.0000       88108.       434.00    
      6566400.   0.89765E-01   1.0000       87408.       437.48    
      6652800.   0.89044E-01   1.0000       86707.       441.01    
      6739200.   0.88332E-01   1.0000       86013.       444.57    
      6825600.   0.87616E-01   1.0000       85316.       448.20    
      6912000.   0.86898E-01   1.0000       84616.       451.91    
      6998400.   0.86185E-01   1.0000       83922.       455.65    
      7084800.   0.85486E-01   1.0000       83242.       459.37    
      7171200.   0.84802E-01   1.0000       82576.       463.08    
      7257600.   0.84128E-01   1.0000       81920.       466.79    
      7344000.   0.83470E-01   1.0000       81279.       470.47    
      7430400.   0.82863E-01   1.0000       80688.       473.91    
      7516800.   0.82264E-01   1.0000       80105.       477.36    
      7603200.   0.81652E-01   1.0000       79508.       480.94    
      7689600.   0.81050E-01   1.0000       78922.       484.52    
      7776000.   0.80481E-01   1.0000       78368.       487.94    
      7862400.   0.79906E-01   1.0000       77808.       491.45    
      7948800.   0.79343E-01   1.0000       77260.       494.94    
      8035200.   0.78792E-01   1.0000       76724.       498.40    
      8121600.   0.78252E-01   1.0000       76198.       501.84    
      8208000.   0.77723E-01   1.0000       75683.       505.25    
      8294400.   0.77205E-01   1.0000       75178.       508.64    
      8380800.   0.78935E-01   1.0000       76863.       497.50    
      8467200.   0.79188E-01   1.0000       77109.       495.91    
      8553600.   0.79262E-01   1.0000       77181.       495.44    
      8640000.   0.79110E-01   1.0000       77033.       496.39    
      8726400.   0.78834E-01   1.0000       76764.       498.13    
      8812800.   0.78487E-01   1.0000       76426.       500.34    
      8899200.   0.78040E-01   1.0000       75991.       503.20    
      8985600.   0.77841E-01   1.0000       75798.       504.49    
      9072000.   0.78095E-01   1.0000       76045.       502.85    
      9158400.   0.77925E-01   1.0000       75879.       503.94    
      9244800.   0.78997E-01   1.0000       76923.       497.11    
      9331200.   0.81729E-01   1.0000       79583.       480.49    
      9417600.   0.87924E-01   1.0000       85615.       446.64    
      9504000.   0.92595E-01   1.0000       90164.       424.10    
      9590400.   0.92692E-01   1.0000       90259.       423.66    
      9676800.   0.92152E-01   1.0000       89733.       426.14    
      9763200.   0.91308E-01   1.0000       88911.       430.08    
      9849600.   0.90376E-01   1.0000       88003.       434.52    
      9936000.   0.90902E-01   1.0000       88516.       432.00    
     10022400.   0.91447E-01   1.0000       89046.       429.43    
     10108800.   0.91695E-01   1.0000       89288.       428.26    
     10195200.   0.92171E-01   1.0000       89751.       426.05    
     10281600.   0.92480E-01   1.0000       90052.       424.63    
     10368000.   0.92185E-01   1.0000       89765.       425.99    
     10454400.   0.91601E-01   1.0000       89196.       428.71    
     10540800.   0.91530E-01   1.0000       89127.       429.04    
     10627200.   0.91789E-01   1.0000       89379.       427.83    
     10713600.   0.91846E-01   1.0000       89435.       427.56    
     10800000.   0.91582E-01   1.0000       89178.       428.79    
     10886400.   0.91082E-01   1.0000       88690.       431.15    
     10972800.   0.90432E-01   1.0000       88058.       434.25    
     11059200.   0.89642E-01   1.0000       87289.       438.07    
     11145600.   0.88810E-01   1.0000       86479.       442.18    
     11232000.   0.87981E-01   1.0000       85671.       446.35    
     11318400.   0.87164E-01   1.0000       84876.       450.53    
     11404800.   0.87176E-01   1.0000       84887.       450.47    
     11491200.   0.86505E-01   1.0000       84234.       453.96    
     11577600.   0.87306E-01   1.0000       85014.       449.79    
     11664000.   0.89755E-01   1.0000       87399.       437.52    
     11750400.   0.95363E-01   1.0000       92860.       411.79    
     11836800.   0.95107E-01   1.0000       92610.       412.90    
     11923200.   0.94450E-01   1.0000       91971.       415.77    
     12009600.   0.93636E-01   1.0000       91178.       419.39    
     12096000.   0.93370E-01   1.0000       90919.       420.58    
     12182400.   0.93057E-01   1.0000       90614.       422.00    
     12268800.   0.92549E-01   1.0000       90119.       424.31    
     12355200.   0.91894E-01   1.0000       89482.       427.34    
     12441600.   0.91378E-01   1.0000       88979.       429.75    
     12528000.   0.92739E-01   1.0000       90304.       423.45    
     12614400.   0.94469E-01   1.0000       91989.       415.69    
     12700800.   0.94456E-01   1.0000       91976.       415.75    
     12787200.   0.94070E-01   1.0000       91600.       417.46    
     12873600.   0.93425E-01   1.0000       90973.       420.33    
     12960000.   0.93513E-01   1.0000       91058.       419.94    
     13046400.   0.93220E-01   1.0000       90773.       421.26    
     13132800.   0.92758E-01   1.0000       90323.       423.36    
     13219200.   0.92393E-01   1.0000       89967.       425.03    
     13305600.   0.91883E-01   1.0000       89471.       427.39    
     13392000.   0.92487E-01   1.0000       90059.       424.60    
     13478400.   0.93029E-01   1.0000       90586.       422.13    
     13564800.   0.92962E-01   1.0000       90521.       422.43    
     13651200.   0.92682E-01   1.0000       90249.       423.71    
     13737600.   0.92231E-01   1.0000       89809.       425.78    
     13824000.   0.93574E-01   1.0000       91117.       419.67    
     13910400.   0.95646E-01   1.0000       93135.       410.58    
     13996800.   0.95886E-01   1.0000       93369.       409.55    
     14083200.   0.95585E-01   1.0000       93076.       410.84    
     14169600.   0.96055E-01   1.0000       93534.       408.83    
     14256000.   0.96499E-01   1.0000       93966.       406.95    
     14342400.   0.98379E-01   1.0000       95797.       399.17    
     14428800.   0.10299       1.0000      0.10029E+06   381.29    
     14515200.   0.10356       1.0000      0.10084E+06   379.19    
     14601600.   0.10454       1.0000      0.10179E+06   375.66    
     14688000.   0.10618       1.0000      0.10339E+06   369.83    
     14774400.   0.10702       1.0000      0.10421E+06   366.94    
     14860800.   0.10704       1.0000      0.10423E+06   366.86    
     14947200.   0.10683       1.0000      0.10403E+06   367.58    
     15033600.   0.10633       1.0000      0.10354E+06   369.30    
     15120000.   0.10566       1.0000      0.10289E+06   371.65    
     15206400.   0.10483       1.0000      0.10208E+06   374.59    
     15292800.   0.10390       1.0000      0.10117E+06   377.97    
     15379200.   0.10484       1.0000      0.10209E+06   374.56    
     15465600.   0.10543       1.0000      0.10267E+06   372.46    
     15552000.   0.10516       1.0000      0.10240E+06   373.42    
     15638400.   0.10446       1.0000      0.10172E+06   375.92    
     15724800.   0.10363       1.0000      0.10091E+06   378.95    
     15811200.   0.10274       1.0000      0.10004E+06   382.24    
     15897600.   0.10184       1.0000       99163.       385.62    
     15984000.   0.10114       1.0000       98482.       388.28    
     16070400.   0.10029       1.0000       97657.       391.56    
     16156800.   0.99440E-01   1.0000       96829.       394.91    
     16243200.   0.98583E-01   1.0000       95995.       398.34    
     16329600.   0.97736E-01   1.0000       95170.       401.80    
     16416000.   0.96899E-01   1.0000       94355.       405.26    
     16502400.   0.96078E-01   1.0000       93555.       408.73    
     16588800.   0.95272E-01   1.0000       92771.       412.19    
     16675200.   0.94484E-01   1.0000       92003.       415.63    
     16761600.   0.93830E-01   1.0000       91367.       418.52    
     16848000.   0.93302E-01   1.0000       90853.       420.89    
     16934400.   0.93221E-01   1.0000       90774.       421.26    
     17020800.   0.92975E-01   1.0000       90534.       422.37    
     17107200.   0.92352E-01   1.0000       89927.       425.22    
     17193600.   0.91707E-01   1.0000       89299.       428.21    
     17280000.   0.91030E-01   1.0000       88640.       431.39    
     17366400.   0.90344E-01   1.0000       87972.       434.67    
     17452800.   0.89662E-01   1.0000       87308.       437.98    
     17539200.   0.88990E-01   1.0000       86654.       441.28    
     17625600.   0.88331E-01   1.0000       86012.       444.58    
     17712000.   0.87875E-01   1.0000       85568.       446.89    
     17798400.   0.87278E-01   1.0000       84986.       449.94    
     17884800.   0.86659E-01   1.0000       84384.       453.15    
     17971200.   0.86050E-01   1.0000       83791.       456.36    
     18057600.   0.85451E-01   1.0000       83208.       459.56    
     18144000.   0.84864E-01   1.0000       82636.       462.74    
     18230400.   0.84287E-01   1.0000       82075.       465.90    
     18316800.   0.83722E-01   1.0000       81524.       469.05    
     18403200.   0.83168E-01   1.0000       80985.       472.18    
     18489600.   0.82624E-01   1.0000       80455.       475.29    
     18576000.   0.82090E-01   1.0000       79935.       478.38    
     18662400.   0.81565E-01   1.0000       79424.       481.45    
     18748800.   0.81050E-01   1.0000       78922.       484.52    
     18835200.   0.80968E-01   1.0000       78842.       485.01    
     18921600.   0.80571E-01   1.0000       78455.       487.40    
     19008000.   0.80070E-01   1.0000       77968.       490.45    
     19094400.   0.79569E-01   1.0000       77480.       493.53    
     19180800.   0.79075E-01   1.0000       76999.       496.62    
     19267200.   0.78599E-01   1.0000       76536.       499.62    
     19353600.   0.78122E-01   1.0000       76071.       502.67    
     19440000.   0.77654E-01   1.0000       75615.       505.70    
     19526400.   0.77194E-01   1.0000       75167.       508.72    
     19612800.   0.76741E-01   1.0000       74726.       511.72    
     19699200.   0.76296E-01   1.0000       74293.       514.70    
     19785600.   0.75859E-01   1.0000       73867.       517.67    
     19872000.   0.75428E-01   1.0000       73448.       520.63    
     19958400.   0.75440E-01   1.0000       73459.       520.55    
     20044800.   0.75660E-01   1.0000       73674.       519.03    
     20131200.   0.75223E-01   1.0000       73249.       522.04    
     20217600.   0.74917E-01   1.0000       72950.       524.18    
     20304000.   0.74567E-01   1.0000       72610.       526.64    
     20390400.   0.74129E-01   1.0000       72182.       529.75    
     20476800.   0.73694E-01   1.0000       71759.       532.88    
     20563200.   0.73265E-01   1.0000       71342.       536.00    
     20649600.   0.72845E-01   1.0000       70933.       539.09    
     20736000.   0.72434E-01   1.0000       70532.       542.15    
     20822400.   0.72030E-01   1.0000       70139.       545.19    
     20908800.   0.71634E-01   1.0000       69753.       548.21    
     20995200.   0.71244E-01   1.0000       69374.       551.20    
     21081600.   0.70862E-01   1.0000       69002.       554.17    
     21168000.   0.70486E-01   1.0000       68635.       557.13    
     21254400.   0.70115E-01   1.0000       68275.       560.08    
     21340800.   0.69750E-01   1.0000       67919.       563.01    
     21427200.   0.69391E-01   1.0000       67569.       565.92    
     21513600.   0.69105E-01   1.0000       67290.       568.27    
     21600000.   0.69504E-01   1.0000       67680.       565.00    
     21686400.   0.69135E-01   1.0000       67320.       568.02    
     21772800.   0.68756E-01   1.0000       66951.       571.15    
     21859200.   0.68378E-01   1.0000       66582.       574.31    
     21945600.   0.68007E-01   1.0000       66221.       577.44    
     22032000.   0.67645E-01   1.0000       65869.       580.53    
     22118400.   0.67291E-01   1.0000       65524.       583.59    
     22204800.   0.66944E-01   1.0000       65186.       586.61    
     22291200.   0.66604E-01   1.0000       64855.       589.61    
     22377600.   0.66269E-01   1.0000       64530.       592.58    
     22464000.   0.66797E-01   1.0000       65043.       587.90    
     22550400.   0.66554E-01   1.0000       64807.       590.05    
     22636800.   0.66417E-01   1.0000       64673.       591.26    
     22723200.   0.68520E-01   1.0000       66721.       573.12    
     22809600.   0.68594E-01   1.0000       66793.       572.50    
     22896000.   0.68495E-01   1.0000       66697.       573.33    
     22982400.   0.68301E-01   1.0000       66507.       574.96    
     23068800.   0.68056E-01   1.0000       66270.       577.02    
     23155200.   0.67744E-01   1.0000       65966.       579.68    
     23241600.   0.67400E-01   1.0000       65630.       582.64    
     23328000.   0.67026E-01   1.0000       65266.       585.89    
     23414400.   0.66644E-01   1.0000       64894.       589.25    
     23500800.   0.66270E-01   1.0000       64530.       592.57    
     23587200.   0.65902E-01   1.0000       64172.       595.88    
     23673600.   0.65536E-01   1.0000       63816.       599.21    
     23760000.   0.65168E-01   1.0000       63457.       602.60    
     23846400.   0.64804E-01   1.0000       63103.       605.98    
     23932800.   0.64451E-01   1.0000       62759.       609.30    
     24019200.   0.64108E-01   1.0000       62425.       612.56    
     24105600.   0.63772E-01   1.0000       62097.       615.79    
     24192000.   0.63440E-01   1.0000       61774.       619.01    
     24278400.   0.63111E-01   1.0000       61454.       622.24    
     24364800.   0.62787E-01   1.0000       61138.       625.45    
     24451200.   0.62469E-01   1.0000       60829.       628.63    
     24537600.   0.62157E-01   1.0000       60525.       631.79    
     24624000.   0.61850E-01   1.0000       60226.       634.92    
     24710400.   0.61548E-01   1.0000       59932.       638.04    
     24796800.   0.61251E-01   1.0000       59642.       641.14    
     24883200.   0.60969E-01   1.0000       59368.       644.10    
     24969600.   0.60910E-01   1.0000       59311.       644.72    
     25056000.   0.60640E-01   1.0000       59048.       647.59    
     25142400.   0.60353E-01   1.0000       58769.       650.67    
     25228800.   0.60506E-01   1.0000       58917.       649.03    
     25315200.   0.60288E-01   1.0000       58705.       651.38    
     25401600.   0.60266E-01   1.0000       58684.       651.61    
     25488000.   0.60244E-01   1.0000       58662.       651.85    
     25574400.   0.60369E-01   1.0000       58784.       650.50    
     25660800.   0.60187E-01   1.0000       58607.       652.47    
     25747200.   0.60480E-01   1.0000       58893.       649.30    
     25833600.   0.62329E-01   1.0000       60692.       630.05    
     25920000.   0.65027E-01   1.0000       63320.       603.90    
     26006400.   0.67765E-01   1.0000       65986.       579.50    
     26092800.   0.68732E-01   1.0000       66928.       571.35    
     26179200.   0.68741E-01   1.0000       66937.       571.27    
     26265600.   0.68460E-01   1.0000       66662.       573.62    
     26352000.   0.68057E-01   1.0000       66271.       577.01    
     26438400.   0.67606E-01   1.0000       65831.       580.87    
     26524800.   0.67131E-01   1.0000       65369.       584.97    
     26611200.   0.66630E-01   1.0000       64881.       589.37    
     26697600.   0.66140E-01   1.0000       64404.       593.74    
     26784000.   0.65658E-01   1.0000       63935.       598.09    
     26870400.   0.66928E-01   1.0000       65171.       586.75    
     26956800.   0.67834E-01   1.0000       66053.       578.91    
     27043200.   0.68719E-01   1.0000       66914.       571.46    
     27129600.   0.69084E-01   1.0000       67271.       568.43    
     27216000.   0.69608E-01   1.0000       67781.       564.16    
     27302400.   0.70759E-01   1.0000       68901.       554.98    
     27388800.   0.72922E-01   1.0000       71008.       538.52    
     27475200.   0.74867E-01   1.0000       72902.       524.53    
     27561600.   0.75046E-01   1.0000       73076.       523.28    
     27648000.   0.74829E-01   1.0000       72864.       524.80    
     27734400.   0.74370E-01   1.0000       72417.       528.03    
     27820800.   0.73915E-01   1.0000       71974.       531.29    
     27907200.   0.73535E-01   1.0000       71605.       534.03    
     27993600.   0.74368E-01   1.0000       72416.       528.05    
     28080000.   0.75701E-01   1.0000       73713.       518.75    
     28166400.   0.76511E-01   1.0000       74502.       513.26    
     28252800.   0.76386E-01   1.0000       74381.       514.10    
     28339200.   0.75983E-01   1.0000       73988.       516.83    
     28425600.   0.75454E-01   1.0000       73473.       520.45    
     28512000.   0.74871E-01   1.0000       72905.       524.50    
     28598400.   0.74265E-01   1.0000       72316.       528.78    
     28684800.   0.73655E-01   1.0000       71721.       533.16    
     28771200.   0.73047E-01   1.0000       71129.       537.60    
     28857600.   0.72447E-01   1.0000       70545.       542.05    
     28944000.   0.71852E-01   1.0000       69966.       546.54    
     29030400.   0.71262E-01   1.0000       69391.       551.07    
     29116800.   0.70682E-01   1.0000       68827.       555.58    
     29203200.   0.70108E-01   1.0000       68267.       560.13    
     29289600.   0.69548E-01   1.0000       67722.       564.65    
     29376000.   0.69005E-01   1.0000       67193.       569.09    
     29462400.   0.68479E-01   1.0000       66681.       573.46    
     29548800.   0.67966E-01   1.0000       66182.       577.78    
     29635200.   0.67466E-01   1.0000       65694.       582.07    
     29721600.   0.66977E-01   1.0000       65219.       586.32    
     29808000.   0.66496E-01   1.0000       64751.       590.56    
     29894400.   0.66025E-01   1.0000       64291.       594.78    
     29980800.   0.65563E-01   1.0000       63841.       598.97    
     30067200.   0.65114E-01   1.0000       63404.       603.10    
     30153600.   0.64678E-01   1.0000       62980.       607.16    
     30240000.   0.64254E-01   1.0000       62567.       611.17    
     30326400.   0.63842E-01   1.0000       62166.       615.11    
     30412800.   0.63439E-01   1.0000       61773.       619.02    
     30499200.   0.63044E-01   1.0000       61389.       622.90    
     30585600.   0.62657E-01   1.0000       61012.       626.74    
     30672000.   0.62279E-01   1.0000       60644.       630.55    
     30758400.   0.61907E-01   1.0000       60282.       634.33    
     30844800.   0.61544E-01   1.0000       59928.       638.08    
     30931200.   0.61187E-01   1.0000       59580.       641.81    
     31017600.   0.60836E-01   1.0000       59238.       645.51    
     31104000.   0.60491E-01   1.0000       58903.       649.18    
     31190400.   0.60153E-01   1.0000       58574.       652.83    
     31276800.   0.59861E-01   1.0000       58290.       656.01    
     31363200.   0.59538E-01   1.0000       57974.       659.58    
     31449600.   0.59216E-01   1.0000       57662.       663.16    
     31536000.   0.58900E-01   1.0000       57354.       666.72    
     31622400.   0.58569E-01   1.0000       57031.       670.49    
