   TOTIM (T)     FLOWRATE     DIAM.         RE           RT
        86400.   0.68914E-01   1.0000       67104.       569.84    
       172800.   0.68279E-01   1.0000       66486.       575.14    
       259200.   0.68225E-01   1.0000       66434.       575.59    
       345600.   0.68133E-01   1.0000       66345.       576.37    
       432000.   0.68538E-01   1.0000       66738.       572.97    
       518400.   0.68819E-01   1.0000       67012.       570.63    
       604800.   0.68933E-01   1.0000       67123.       569.68    
       691200.   0.69597E-01   1.0000       67769.       564.25    
       777600.   0.71350E-01   1.0000       69477.       550.38    
       864000.   0.73919E-01   1.0000       71979.       531.25    
       950400.   0.75334E-01   1.0000       73356.       521.28    
      1036800.   0.77987E-01   1.0000       75939.       503.55    
      1123200.   0.82328E-01   1.0000       80166.       477.00    
      1209600.   0.82690E-01   1.0000       80519.       474.91    
      1296000.   0.82483E-01   1.0000       80318.       476.09    
      1382400.   0.82031E-01   1.0000       79877.       478.72    
      1468800.   0.81471E-01   1.0000       79332.       482.01    
      1555200.   0.80806E-01   1.0000       78685.       485.98    
      1641600.   0.80089E-01   1.0000       77987.       490.33    
      1728000.   0.79434E-01   1.0000       77349.       494.37    
      1814400.   0.78836E-01   1.0000       76766.       498.12    
      1900800.   0.78175E-01   1.0000       76123.       502.33    
      1987200.   0.77543E-01   1.0000       75507.       506.43    
      2073600.   0.76994E-01   1.0000       74973.       510.04    
      2160000.   0.76380E-01   1.0000       74375.       514.14    
      2246400.   0.75760E-01   1.0000       73771.       518.35    
      2332800.   0.75140E-01   1.0000       73167.       522.62    
      2419200.   0.74526E-01   1.0000       72569.       526.93    
      2505600.   0.74177E-01   1.0000       72230.       529.41    
      2592000.   0.73758E-01   1.0000       71822.       532.41    
      2678400.   0.74281E-01   1.0000       72330.       528.67    
      2764800.   0.76646E-01   1.0000       74633.       512.36    
      2851200.   0.82167E-01   1.0000       80010.       477.93    
      2937600.   0.82174E-01   1.0000       80017.       477.89    
      3024000.   0.82660E-01   1.0000       80490.       475.08    
      3110400.   0.82892E-01   1.0000       80716.       473.75    
      3196800.   0.82695E-01   1.0000       80524.       474.88    
      3283200.   0.82241E-01   1.0000       80082.       477.50    
      3369600.   0.82280E-01   1.0000       80120.       477.27    
      3456000.   0.82689E-01   1.0000       80519.       474.91    
      3542400.   0.83386E-01   1.0000       81197.       470.94    
      3628800.   0.83758E-01   1.0000       81559.       468.85    
      3715200.   0.83566E-01   1.0000       81372.       469.93    
      3801600.   0.83688E-01   1.0000       81491.       469.24    
      3888000.   0.84068E-01   1.0000       81861.       467.12    
      3974400.   0.84908E-01   1.0000       82679.       462.50    
      4060800.   0.85676E-01   1.0000       83427.       458.35    
      4147200.   0.85566E-01   1.0000       83320.       458.94    
      4233600.   0.85149E-01   1.0000       82913.       461.19    
      4320000.   0.84719E-01   1.0000       82495.       463.53    
      4406400.   0.84223E-01   1.0000       82012.       466.26    
      4492800.   0.83789E-01   1.0000       81589.       468.68    
      4579200.   0.83246E-01   1.0000       81061.       471.73    
      4665600.   0.82652E-01   1.0000       80482.       475.12    
      4752000.   0.83232E-01   1.0000       81047.       471.81    
      4838400.   0.84271E-01   1.0000       82059.       465.99    
      4924800.   0.85528E-01   1.0000       83282.       459.15    
      5011200.   0.86445E-01   1.0000       84176.       454.27    
      5097600.   0.86359E-01   1.0000       84092.       454.73    
      5184000.   0.85958E-01   1.0000       83701.       456.85    
      5270400.   0.85508E-01   1.0000       83263.       459.25    
      5356800.   0.84955E-01   1.0000       82725.       462.24    
      5443200.   0.85111E-01   1.0000       82877.       461.39    
      5529600.   0.85436E-01   1.0000       83193.       459.64    
      5616000.   0.85841E-01   1.0000       83588.       457.47    
      5702400.   0.86152E-01   1.0000       83890.       455.82    
      5788800.   0.86125E-01   1.0000       83863.       455.97    
      5875200.   0.86178E-01   1.0000       83916.       455.68    
      5961600.   0.86097E-01   1.0000       83837.       456.11    
      6048000.   0.85774E-01   1.0000       83522.       457.83    
      6134400.   0.85303E-01   1.0000       83064.       460.36    
      6220800.   0.84747E-01   1.0000       82522.       463.38    
      6307200.   0.84143E-01   1.0000       81934.       466.71    
      6393600.   0.83516E-01   1.0000       81323.       470.21    
      6480000.   0.82878E-01   1.0000       80702.       473.83    
      6566400.   0.82235E-01   1.0000       80076.       477.53    
      6652800.   0.81589E-01   1.0000       79447.       481.31    
      6739200.   0.80951E-01   1.0000       78825.       485.11    
      6825600.   0.80309E-01   1.0000       78200.       488.99    
      6912000.   0.79665E-01   1.0000       77573.       492.94    
      6998400.   0.79026E-01   1.0000       76951.       496.92    
      7084800.   0.78400E-01   1.0000       76341.       500.89    
      7171200.   0.77786E-01   1.0000       75744.       504.84    
      7257600.   0.77182E-01   1.0000       75156.       508.79    
      7344000.   0.76593E-01   1.0000       74582.       512.71    
      7430400.   0.76047E-01   1.0000       74051.       516.39    
      7516800.   0.75511E-01   1.0000       73529.       520.05    
      7603200.   0.74965E-01   1.0000       72997.       523.84    
      7689600.   0.74428E-01   1.0000       72474.       527.62    
      7776000.   0.73919E-01   1.0000       71978.       531.26    
      7862400.   0.73407E-01   1.0000       71479.       534.96    
      7948800.   0.72905E-01   1.0000       70991.       538.65    
      8035200.   0.72414E-01   1.0000       70513.       542.30    
      8121600.   0.71933E-01   1.0000       70044.       545.92    
      8208000.   0.71462E-01   1.0000       69586.       549.52    
      8294400.   0.71001E-01   1.0000       69137.       553.09    
      8380800.   0.72461E-01   1.0000       70558.       541.95    
      8467200.   0.72733E-01   1.0000       70824.       539.92    
      8553600.   0.72829E-01   1.0000       70917.       539.21    
      8640000.   0.72717E-01   1.0000       70808.       540.04    
      8726400.   0.72486E-01   1.0000       70583.       541.76    
      8812800.   0.72187E-01   1.0000       70292.       544.00    
      8899200.   0.71798E-01   1.0000       69913.       546.95    
      8985600.   0.71615E-01   1.0000       69735.       548.34    
      9072000.   0.71826E-01   1.0000       69940.       546.74    
      9158400.   0.71692E-01   1.0000       69810.       547.76    
      9244800.   0.72609E-01   1.0000       70702.       540.84    
      9331200.   0.74973E-01   1.0000       73005.       523.78    
      9417600.   0.80322E-01   1.0000       78214.       488.90    
      9504000.   0.84501E-01   1.0000       82283.       464.73    
      9590400.   0.84847E-01   1.0000       82619.       462.83    
      9676800.   0.84489E-01   1.0000       82271.       464.79    
      9763200.   0.83792E-01   1.0000       81592.       468.66    
      9849600.   0.82981E-01   1.0000       80803.       473.24    
      9936000.   0.83377E-01   1.0000       81188.       470.99    
     10022400.   0.83838E-01   1.0000       81637.       468.40    
     10108800.   0.84067E-01   1.0000       81860.       467.12    
     10195200.   0.84481E-01   1.0000       82263.       464.84    
     10281600.   0.84761E-01   1.0000       82536.       463.30    
     10368000.   0.84532E-01   1.0000       82313.       464.55    
     10454400.   0.84036E-01   1.0000       81830.       467.30    
     10540800.   0.83950E-01   1.0000       81746.       467.78    
     10627200.   0.84153E-01   1.0000       81944.       466.65    
     10713600.   0.84205E-01   1.0000       81994.       466.36    
     10800000.   0.83986E-01   1.0000       81781.       467.58    
     10886400.   0.83555E-01   1.0000       81361.       469.99    
     10972800.   0.82985E-01   1.0000       80807.       473.21    
     11059200.   0.82288E-01   1.0000       80128.       477.23    
     11145600.   0.81546E-01   1.0000       79405.       481.57    
     11232000.   0.80801E-01   1.0000       78680.       486.01    
     11318400.   0.80065E-01   1.0000       77963.       490.47    
     11404800.   0.80028E-01   1.0000       77927.       490.70    
     11491200.   0.79447E-01   1.0000       77361.       494.29    
     11577600.   0.80092E-01   1.0000       77990.       490.31    
     11664000.   0.82171E-01   1.0000       80014.       477.91    
     11750400.   0.86959E-01   1.0000       84676.       451.59    
     11836800.   0.86996E-01   1.0000       84712.       451.40    
     11923200.   0.86526E-01   1.0000       84255.       453.85    
     12009600.   0.85845E-01   1.0000       83591.       457.45    
     12096000.   0.85590E-01   1.0000       83343.       458.81    
     12182400.   0.85307E-01   1.0000       83068.       460.34    
     12268800.   0.84864E-01   1.0000       82636.       462.74    
     12355200.   0.84289E-01   1.0000       82076.       465.89    
     12441600.   0.83821E-01   1.0000       81621.       468.50    
     12528000.   0.84928E-01   1.0000       82698.       462.39    
     12614400.   0.86413E-01   1.0000       84144.       454.44    
     12700800.   0.86484E-01   1.0000       84214.       454.07    
     12787200.   0.86190E-01   1.0000       83927.       455.62    
     12873600.   0.85645E-01   1.0000       83396.       458.52    
     12960000.   0.85690E-01   1.0000       83441.       458.28    
     13046400.   0.85439E-01   1.0000       83196.       459.62    
     13132800.   0.85039E-01   1.0000       82807.       461.78    
     13219200.   0.84711E-01   1.0000       82487.       463.57    
     13305600.   0.84263E-01   1.0000       82050.       466.04    
     13392000.   0.84740E-01   1.0000       82515.       463.42    
     13478400.   0.85207E-01   1.0000       82970.       460.88    
     13564800.   0.85177E-01   1.0000       82941.       461.04    
     13651200.   0.84950E-01   1.0000       82720.       462.27    
     13737600.   0.84564E-01   1.0000       82344.       464.38    
     13824000.   0.85666E-01   1.0000       83417.       458.41    
     13910400.   0.87439E-01   1.0000       85144.       449.11    
     13996800.   0.87739E-01   1.0000       85435.       447.58    
     14083200.   0.87533E-01   1.0000       85235.       448.63    
     14169600.   0.87927E-01   1.0000       85619.       446.62    
     14256000.   0.88317E-01   1.0000       85998.       444.65    
     14342400.   0.89904E-01   1.0000       87544.       436.80    
     14428800.   0.93803E-01   1.0000       91340.       418.64    
     14515200.   0.94495E-01   1.0000       92014.       415.58    
     14601600.   0.95403E-01   1.0000       92899.       411.62    
     14688000.   0.96832E-01   1.0000       94290.       405.55    
     14774400.   0.97620E-01   1.0000       95057.       402.27    
     14860800.   0.97714E-01   1.0000       95149.       401.89    
     14947200.   0.97573E-01   1.0000       95011.       402.47    
     15033600.   0.97166E-01   1.0000       94615.       404.15    
     15120000.   0.96596E-01   1.0000       94059.       406.54    
     15206400.   0.95877E-01   1.0000       93360.       409.59    
     15292800.   0.95056E-01   1.0000       92560.       413.12    
     15379200.   0.95772E-01   1.0000       93258.       410.03    
     15465600.   0.96275E-01   1.0000       93748.       407.89    
     15552000.   0.96085E-01   1.0000       93562.       408.70    
     15638400.   0.95509E-01   1.0000       93001.       411.17    
     15724800.   0.94788E-01   1.0000       92299.       414.29    
     15811200.   0.94004E-01   1.0000       91536.       417.75    
     15897600.   0.93207E-01   1.0000       90760.       421.32    
     15984000.   0.92569E-01   1.0000       90139.       424.22    
     16070400.   0.91818E-01   1.0000       89407.       427.69    
     16156800.   0.91059E-01   1.0000       88668.       431.26    
     16243200.   0.90293E-01   1.0000       87922.       434.92    
     16329600.   0.89534E-01   1.0000       87184.       438.60    
     16416000.   0.88785E-01   1.0000       86454.       442.30    
     16502400.   0.88048E-01   1.0000       85737.       446.00    
     16588800.   0.87326E-01   1.0000       85033.       449.69    
     16675200.   0.86619E-01   1.0000       84345.       453.36    
     16761600.   0.86026E-01   1.0000       83767.       456.49    
     16848000.   0.85544E-01   1.0000       83298.       459.06    
     16934400.   0.85443E-01   1.0000       83200.       459.60    
     17020800.   0.85224E-01   1.0000       82987.       460.78    
     17107200.   0.84692E-01   1.0000       82468.       463.68    
     17193600.   0.84126E-01   1.0000       81917.       466.80    
     17280000.   0.83528E-01   1.0000       81335.       470.14    
     17366400.   0.82919E-01   1.0000       80742.       473.59    
     17452800.   0.82312E-01   1.0000       80151.       477.08    
     17539200.   0.81714E-01   1.0000       79569.       480.58    
     17625600.   0.81126E-01   1.0000       78996.       484.06    
     17712000.   0.80710E-01   1.0000       78591.       486.55    
     17798400.   0.80184E-01   1.0000       78079.       489.75    
     17884800.   0.79637E-01   1.0000       77546.       493.11    
     17971200.   0.79095E-01   1.0000       77019.       496.49    
     18057600.   0.78563E-01   1.0000       76500.       499.85    
     18144000.   0.78040E-01   1.0000       75992.       503.20    
     18230400.   0.77528E-01   1.0000       75493.       506.53    
     18316800.   0.77026E-01   1.0000       75004.       509.83    
     18403200.   0.76533E-01   1.0000       74524.       513.11    
     18489600.   0.76050E-01   1.0000       74053.       516.37    
     18576000.   0.75576E-01   1.0000       73591.       519.61    
     18662400.   0.75110E-01   1.0000       73138.       522.83    
     18748800.   0.74653E-01   1.0000       72693.       526.03    
     18835200.   0.74565E-01   1.0000       72607.       526.66    
     18921600.   0.74224E-01   1.0000       72275.       529.08    
     19008000.   0.73789E-01   1.0000       71851.       532.19    
     19094400.   0.73348E-01   1.0000       71422.       535.39    
     19180800.   0.72910E-01   1.0000       70996.       538.60    
     19267200.   0.72489E-01   1.0000       70586.       541.74    
     19353600.   0.72067E-01   1.0000       70175.       544.91    
     19440000.   0.71652E-01   1.0000       69770.       548.07    
     19526400.   0.71244E-01   1.0000       69373.       551.21    
     19612800.   0.70842E-01   1.0000       68982.       554.33    
     19699200.   0.70448E-01   1.0000       68598.       557.43    
     19785600.   0.70060E-01   1.0000       68221.       560.52    
     19872000.   0.69679E-01   1.0000       67849.       563.59    
     19958400.   0.69679E-01   1.0000       67850.       563.58    
     20044800.   0.69871E-01   1.0000       68037.       562.04    
     20131200.   0.69507E-01   1.0000       67682.       564.98    
     20217600.   0.69241E-01   1.0000       67423.       567.15    
     20304000.   0.68934E-01   1.0000       67125.       569.67    
     20390400.   0.68549E-01   1.0000       66749.       572.87    
     20476800.   0.68164E-01   1.0000       66375.       576.11    
     20563200.   0.67784E-01   1.0000       66004.       579.34    
     20649600.   0.67410E-01   1.0000       65641.       582.55    
     20736000.   0.67044E-01   1.0000       65284.       585.73    
     20822400.   0.66685E-01   1.0000       64935.       588.88    
     20908800.   0.66333E-01   1.0000       64592.       592.01    
     20995200.   0.65987E-01   1.0000       64255.       595.11    
     21081600.   0.65647E-01   1.0000       63924.       598.20    
     21168000.   0.65313E-01   1.0000       63598.       601.26    
     21254400.   0.64984E-01   1.0000       63278.       604.30    
     21340800.   0.64660E-01   1.0000       62962.       607.33    
     21427200.   0.64340E-01   1.0000       62651.       610.35    
     21513600.   0.64086E-01   1.0000       62404.       612.77    
     21600000.   0.64445E-01   1.0000       62753.       609.36    
     21686400.   0.64119E-01   1.0000       62435.       612.46    
     21772800.   0.63789E-01   1.0000       62114.       615.63    
     21859200.   0.63454E-01   1.0000       61788.       618.87    
     21945600.   0.63124E-01   1.0000       61467.       622.11    
     22032000.   0.62801E-01   1.0000       61152.       625.30    
     22118400.   0.62486E-01   1.0000       60845.       628.46    
     22204800.   0.62176E-01   1.0000       60544.       631.59    
     22291200.   0.61873E-01   1.0000       60249.       634.69    
     22377600.   0.61575E-01   1.0000       59958.       637.76    
     22464000.   0.62063E-01   1.0000       60433.       632.75    
     22550400.   0.61834E-01   1.0000       60211.       635.08    
     22636800.   0.61723E-01   1.0000       60102.       636.23    
     22723200.   0.63624E-01   1.0000       61954.       617.22    
     22809600.   0.63679E-01   1.0000       62007.       616.69    
     22896000.   0.63613E-01   1.0000       61943.       617.33    
     22982400.   0.63449E-01   1.0000       61783.       618.92    
     23068800.   0.63234E-01   1.0000       61574.       621.03    
     23155200.   0.62955E-01   1.0000       61303.       623.77    
     23241600.   0.62646E-01   1.0000       61001.       626.85    
     23328000.   0.62310E-01   1.0000       60674.       630.23    
     23414400.   0.61965E-01   1.0000       60338.       633.74    
     23500800.   0.61628E-01   1.0000       60010.       637.21    
     23587200.   0.61295E-01   1.0000       59686.       640.67    
     23673600.   0.60965E-01   1.0000       59364.       644.14    
     23760000.   0.60633E-01   1.0000       59041.       647.67    
     23846400.   0.60306E-01   1.0000       58723.       651.18    
     23932800.   0.59989E-01   1.0000       58414.       654.61    
     24019200.   0.59683E-01   1.0000       58116.       657.98    
     24105600.   0.59383E-01   1.0000       57824.       661.30    
     24192000.   0.59085E-01   1.0000       57534.       664.63    
     24278400.   0.58791E-01   1.0000       57247.       667.96    
     24364800.   0.58501E-01   1.0000       56965.       671.27    
     24451200.   0.58216E-01   1.0000       56687.       674.56    
     24537600.   0.57936E-01   1.0000       56415.       677.82    
     24624000.   0.57661E-01   1.0000       56147.       681.05    
     24710400.   0.57390E-01   1.0000       55884.       684.26    
     24796800.   0.57124E-01   1.0000       55624.       687.45    
     24883200.   0.56871E-01   1.0000       55378.       690.51    
     24969600.   0.56815E-01   1.0000       55323.       691.19    
     25056000.   0.56576E-01   1.0000       55091.       694.11    
     25142400.   0.56322E-01   1.0000       54843.       697.24    
     25228800.   0.56450E-01   1.0000       54968.       695.65    
     25315200.   0.56263E-01   1.0000       54785.       697.98    
     25401600.   0.56243E-01   1.0000       54766.       698.22    
     25488000.   0.56225E-01   1.0000       54749.       698.45    
     25574400.   0.56336E-01   1.0000       54857.       697.07    
     25660800.   0.56181E-01   1.0000       54706.       698.98    
     25747200.   0.56439E-01   1.0000       54957.       695.80    
     25833600.   0.58076E-01   1.0000       56552.       676.18    
     25920000.   0.60551E-01   1.0000       58962.       648.54    
     26006400.   0.63008E-01   1.0000       61354.       623.25    
     26092800.   0.63881E-01   1.0000       62204.       614.73    
     26179200.   0.63923E-01   1.0000       62245.       614.33    
     26265600.   0.63686E-01   1.0000       62014.       616.62    
     26352000.   0.63326E-01   1.0000       61663.       620.13    
     26438400.   0.62914E-01   1.0000       61262.       624.18    
     26524800.   0.62478E-01   1.0000       60838.       628.54    
     26611200.   0.62018E-01   1.0000       60390.       633.20    
     26697600.   0.61567E-01   1.0000       59951.       637.84    
     26784000.   0.61123E-01   1.0000       59518.       642.48    
     26870400.   0.62271E-01   1.0000       60636.       630.63    
     26956800.   0.63058E-01   1.0000       61403.       622.75    
     27043200.   0.63849E-01   1.0000       62173.       615.04    
     27129600.   0.64182E-01   1.0000       62497.       611.85    
     27216000.   0.64654E-01   1.0000       62957.       607.39    
     27302400.   0.65671E-01   1.0000       63947.       597.98    
     27388800.   0.67571E-01   1.0000       65797.       581.17    
     27475200.   0.69299E-01   1.0000       67480.       566.67    
     27561600.   0.69527E-01   1.0000       67702.       564.81    
     27648000.   0.69363E-01   1.0000       67542.       566.15    
     27734400.   0.68961E-01   1.0000       67151.       569.45    
     27820800.   0.68546E-01   1.0000       66747.       572.90    
     27907200.   0.68192E-01   1.0000       66401.       575.88    
     27993600.   0.68885E-01   1.0000       67076.       570.08    
     28080000.   0.70038E-01   1.0000       68199.       560.70    
     28166400.   0.70772E-01   1.0000       68914.       554.88    
     28252800.   0.70698E-01   1.0000       68842.       555.46    
     28339200.   0.70351E-01   1.0000       68504.       558.20    
     28425600.   0.69879E-01   1.0000       68044.       561.97    
     28512000.   0.69348E-01   1.0000       67527.       566.27    
     28598400.   0.68794E-01   1.0000       66988.       570.84    
     28684800.   0.68233E-01   1.0000       66442.       575.52    
     28771200.   0.67675E-01   1.0000       65898.       580.28    
     28857600.   0.67123E-01   1.0000       65361.       585.04    
     28944000.   0.66576E-01   1.0000       64828.       589.85    
     29030400.   0.66034E-01   1.0000       64300.       594.69    
     29116800.   0.65502E-01   1.0000       63782.       599.52    
     29203200.   0.64975E-01   1.0000       63270.       604.38    
     29289600.   0.64462E-01   1.0000       62770.       609.19    
     29376000.   0.63965E-01   1.0000       62285.       613.93    
     29462400.   0.63483E-01   1.0000       61816.       618.59    
     29548800.   0.63014E-01   1.0000       61360.       623.19    
     29635200.   0.62557E-01   1.0000       60914.       627.75    
     29721600.   0.62111E-01   1.0000       60480.       632.25    
     29808000.   0.61673E-01   1.0000       60053.       636.75    
     29894400.   0.61243E-01   1.0000       59635.       641.21    
     29980800.   0.60822E-01   1.0000       59225.       645.65    
     30067200.   0.60415E-01   1.0000       58829.       650.00    
     30153600.   0.60021E-01   1.0000       58445.       654.27    
     30240000.   0.59639E-01   1.0000       58073.       658.46    
     30326400.   0.59270E-01   1.0000       57714.       662.56    
     30412800.   0.58909E-01   1.0000       57362.       666.62    
     30499200.   0.58555E-01   1.0000       57018.       670.65    
     30585600.   0.58208E-01   1.0000       56679.       674.65    
     30672000.   0.57867E-01   1.0000       56348.       678.62    
     30758400.   0.57534E-01   1.0000       56024.       682.55    
     30844800.   0.57208E-01   1.0000       55706.       686.44    
     30931200.   0.56887E-01   1.0000       55394.       690.31    
     31017600.   0.56573E-01   1.0000       55087.       694.15    
     31104000.   0.56264E-01   1.0000       54787.       697.96    
     31190400.   0.55961E-01   1.0000       54491.       701.74    
     31276800.   0.55699E-01   1.0000       54236.       705.04    
     31363200.   0.55409E-01   1.0000       53955.       708.72    
     31449600.   0.55122E-01   1.0000       53675.       712.42    
     31536000.   0.54839E-01   1.0000       53399.       716.09    
     31622400.   0.54543E-01   1.0000       53111.       719.98    
