   TOTIM (T)     FLOWRATE     DIAM.         RE           RT
        86400.   0.82601E-01   1.0000       80433.       475.41    
       172800.   0.79451E-01   1.0000       77365.       494.26    
       259200.   0.80153E-01   1.0000       78048.       489.94    
       345600.   0.80208E-01   1.0000       78102.       489.60    
       432000.   0.82553E-01   1.0000       80386.       475.69    
       518400.   0.83513E-01   1.0000       81320.       470.22    
       604800.   0.83483E-01   1.0000       81291.       470.40    
       691200.   0.86389E-01   1.0000       84121.       454.57    
       777600.   0.94057E-01   1.0000       91587.       417.51    
       864000.   0.10401       1.0000      0.10128E+06   377.56    
       950400.   0.10592       1.0000      0.10314E+06   370.74    
      1036800.   0.11535       1.0000      0.11232E+06   340.43    
      1123200.   0.13266       1.0000      0.12918E+06   296.02    
      1209600.   0.12415       1.0000      0.12089E+06   316.32    
      1296000.   0.11749       1.0000      0.11441E+06   334.23    
      1382400.   0.11260       1.0000      0.10965E+06   348.75    
      1468800.   0.10874       1.0000      0.10589E+06   361.13    
      1555200.   0.10522       1.0000      0.10245E+06   373.23    
      1641600.   0.10206       1.0000       99381.       384.77    
      1728000.   0.99723E-01   1.0000       97105.       393.79    
      1814400.   0.97858E-01   1.0000       95289.       401.29    
      1900800.   0.95679E-01   1.0000       93167.       410.43    
      1987200.   0.93857E-01   1.0000       91393.       418.40    
      2073600.   0.92568E-01   1.0000       90137.       424.23    
      2160000.   0.90845E-01   1.0000       88460.       432.27    
      2246400.   0.89214E-01   1.0000       86872.       440.18    
      2332800.   0.87686E-01   1.0000       85384.       447.85    
      2419200.   0.86253E-01   1.0000       83988.       455.29    
      2505600.   0.86272E-01   1.0000       84007.       455.19    
      2592000.   0.85487E-01   1.0000       83243.       459.37    
      2678400.   0.89648E-01   1.0000       87295.       438.04    
      2764800.   0.10206       1.0000       99378.       384.78    
      2851200.   0.12833       1.0000      0.12496E+06   306.00    
      2937600.   0.11707       1.0000      0.11399E+06   335.45    
      3024000.   0.11502       1.0000      0.11200E+06   341.43    
      3110400.   0.11335       1.0000      0.11038E+06   346.44    
      3196800.   0.11019       1.0000      0.10730E+06   356.37    
      3283200.   0.10678       1.0000      0.10398E+06   367.76    
      3369600.   0.10722       1.0000      0.10441E+06   366.25    
      3456000.   0.10930       1.0000      0.10643E+06   359.30    
      3542400.   0.11217       1.0000      0.10922E+06   350.10    
      3628800.   0.11232       1.0000      0.10938E+06   349.61    
      3715200.   0.10949       1.0000      0.10662E+06   358.66    
      3801600.   0.10969       1.0000      0.10681E+06   358.01    
      3888000.   0.11126       1.0000      0.10834E+06   352.95    
      3974400.   0.11496       1.0000      0.11195E+06   341.58    
      4060800.   0.11716       1.0000      0.11409E+06   335.17    
      4147200.   0.11387       1.0000      0.11088E+06   344.85    
      4233600.   0.11036       1.0000      0.10747E+06   355.82    
      4320000.   0.10803       1.0000      0.10520E+06   363.49    
      4406400.   0.10584       1.0000      0.10306E+06   371.03    
      4492800.   0.10438       1.0000      0.10164E+06   376.22    
      4579200.   0.10236       1.0000       99674.       383.64    
      4665600.   0.10034       1.0000       97703.       391.38    
      4752000.   0.10538       1.0000      0.10262E+06   372.64    
      4838400.   0.11093       1.0000      0.10802E+06   354.00    
      4924800.   0.11605       1.0000      0.11300E+06   338.40    
      5011200.   0.11808       1.0000      0.11498E+06   332.58    
      5097600.   0.11429       1.0000      0.11129E+06   343.59    
      5184000.   0.11064       1.0000      0.10773E+06   354.94    
      5270400.   0.10810       1.0000      0.10526E+06   363.28    
      5356800.   0.10559       1.0000      0.10282E+06   371.90    
      5443200.   0.10778       1.0000      0.10495E+06   364.36    
      5529600.   0.10976       1.0000      0.10688E+06   357.78    
      5616000.   0.11144       1.0000      0.10852E+06   352.37    
      5702400.   0.11213       1.0000      0.10918E+06   350.23    
      5788800.   0.11079       1.0000      0.10789E+06   354.44    
      5875200.   0.11062       1.0000      0.10772E+06   355.00    
      5961600.   0.10973       1.0000      0.10685E+06   357.87    
      6048000.   0.10769       1.0000      0.10487E+06   364.64    
      6134400.   0.10541       1.0000      0.10265E+06   372.53    
      6220800.   0.10319       1.0000      0.10049E+06   380.54    
      6307200.   0.10112       1.0000       98469.       388.34    
      6393600.   0.99216E-01   1.0000       96612.       395.80    
      6480000.   0.97453E-01   1.0000       94894.       402.96    
      6566400.   0.95797E-01   1.0000       93282.       409.93    
      6652800.   0.94231E-01   1.0000       91757.       416.74    
      6739200.   0.92780E-01   1.0000       90344.       423.26    
      6825600.   0.91357E-01   1.0000       88959.       429.85    
      6912000.   0.89971E-01   1.0000       87609.       436.47    
      6998400.   0.88658E-01   1.0000       86331.       442.94    
      7084800.   0.87446E-01   1.0000       85150.       449.08    
      7171200.   0.86309E-01   1.0000       84043.       454.99    
      7257600.   0.85217E-01   1.0000       82980.       460.82    
      7344000.   0.84195E-01   1.0000       81984.       466.42    
      7430400.   0.83396E-01   1.0000       81207.       470.88    
      7516800.   0.82569E-01   1.0000       80401.       475.60    
      7603200.   0.81641E-01   1.0000       79497.       481.01    
      7689600.   0.80773E-01   1.0000       78652.       486.18    
      7776000.   0.80048E-01   1.0000       77946.       490.58    
      7862400.   0.79254E-01   1.0000       77173.       495.50    
      7948800.   0.78504E-01   1.0000       76443.       500.23    
      8035200.   0.77790E-01   1.0000       75748.       504.82    
      8121600.   0.77106E-01   1.0000       75081.       509.30    
      8208000.   0.76447E-01   1.0000       74440.       513.69    
      8294400.   0.75812E-01   1.0000       73822.       517.99    
      8380800.   0.85085E-01   1.0000       82851.       461.54    
      8467200.   0.84993E-01   1.0000       82762.       462.04    
      8553600.   0.84595E-01   1.0000       82374.       464.21    
      8640000.   0.83692E-01   1.0000       81495.       469.22    
      8726400.   0.82684E-01   1.0000       80514.       474.94    
      8812800.   0.81697E-01   1.0000       79552.       480.68    
      8899200.   0.80505E-01   1.0000       78392.       487.79    
      8985600.   0.80641E-01   1.0000       78524.       486.97    
      9072000.   0.82573E-01   1.0000       80405.       475.58    
      9158400.   0.81975E-01   1.0000       79823.       479.05    
      9244800.   0.87088E-01   1.0000       84802.       450.92    
      9331200.   0.98221E-01   1.0000       95643.       399.81    
      9417600.   0.12266       1.0000      0.11944E+06   320.14    
      9504000.   0.13524       1.0000      0.13169E+06   290.38    
      9590400.   0.12508       1.0000      0.12179E+06   313.97    
      9676800.   0.11707       1.0000      0.11399E+06   335.45    
      9763200.   0.11087       1.0000      0.10796E+06   354.18    
      9849600.   0.10611       1.0000      0.10333E+06   370.08    
      9936000.   0.10942       1.0000      0.10655E+06   358.88    
     10022400.   0.11133       1.0000      0.10841E+06   352.73    
     10108800.   0.11114       1.0000      0.10822E+06   353.35    
     10195200.   0.11224       1.0000      0.10929E+06   349.88    
     10281600.   0.11231       1.0000      0.10936E+06   349.65    
     10368000.   0.10955       1.0000      0.10668E+06   358.45    
     10454400.   0.10631       1.0000      0.10352E+06   369.39    
     10540800.   0.10644       1.0000      0.10364E+06   368.95    
     10627200.   0.10784       1.0000      0.10501E+06   364.16    
     10713600.   0.10765       1.0000      0.10483E+06   364.78    
     10800000.   0.10593       1.0000      0.10315E+06   370.70    
     10886400.   0.10357       1.0000      0.10085E+06   379.18    
     10972800.   0.10105       1.0000       98401.       388.60    
     11059200.   0.98363E-01   1.0000       95780.       399.24    
     11145600.   0.95925E-01   1.0000       93407.       409.38    
     11232000.   0.93806E-01   1.0000       91343.       418.63    
     11318400.   0.91923E-01   1.0000       89510.       427.20    
     11404800.   0.94079E-01   1.0000       91609.       417.42    
     11491200.   0.91881E-01   1.0000       89468.       427.40    
     11577600.   0.97139E-01   1.0000       94589.       404.26    
     11664000.   0.10846       1.0000      0.10561E+06   362.07    
     11750400.   0.13220       1.0000      0.12873E+06   297.04    
     11836800.   0.12168       1.0000      0.11849E+06   322.73    
     11923200.   0.11435       1.0000      0.11135E+06   343.41    
     12009600.   0.10929       1.0000      0.10642E+06   359.31    
     12096000.   0.10843       1.0000      0.10558E+06   362.17    
     12182400.   0.10721       1.0000      0.10440E+06   366.28    
     12268800.   0.10510       1.0000      0.10235E+06   373.63    
     12355200.   0.10266       1.0000       99960.       382.54    
     12441600.   0.10132       1.0000       98659.       387.58    
     12528000.   0.10922       1.0000      0.10636E+06   359.54    
     12614400.   0.11631       1.0000      0.11325E+06   337.64    
     12700800.   0.11303       1.0000      0.11007E+06   347.42    
     12787200.   0.10961       1.0000      0.10673E+06   358.28    
     12873600.   0.10622       1.0000      0.10343E+06   369.71    
     12960000.   0.10740       1.0000      0.10458E+06   365.64    
     13046400.   0.10604       1.0000      0.10325E+06   370.34    
     13132800.   0.10412       1.0000      0.10139E+06   377.15    
     13219200.   0.10311       1.0000      0.10040E+06   380.85    
     13305600.   0.10145       1.0000       98786.       387.09    
     13392000.   0.10553       1.0000      0.10275E+06   372.14    
     13478400.   0.10781       1.0000      0.10498E+06   364.25    
     13564800.   0.10650       1.0000      0.10371E+06   368.72    
     13651200.   0.10478       1.0000      0.10203E+06   374.78    
     13737600.   0.10280       1.0000      0.10010E+06   382.00    
     13824000.   0.11018       1.0000      0.10728E+06   356.43    
     13910400.   0.11883       1.0000      0.11571E+06   330.46    
     13996800.   0.11624       1.0000      0.11318E+06   337.85    
     14083200.   0.11257       1.0000      0.10961E+06   348.86    
     14169600.   0.11432       1.0000      0.11132E+06   343.51    
     14256000.   0.11544       1.0000      0.11241E+06   340.17    
     14342400.   0.12364       1.0000      0.12040E+06   317.61    
     14428800.   0.14385       1.0000      0.14008E+06   272.99    
     14515200.   0.13809       1.0000      0.13447E+06   284.37    
     14601600.   0.13810       1.0000      0.13447E+06   284.36    
     14688000.   0.14270       1.0000      0.13895E+06   275.19    
     14774400.   0.14225       1.0000      0.13851E+06   276.07    
     14860800.   0.13828       1.0000      0.13464E+06   284.00    
     14947200.   0.13479       1.0000      0.13125E+06   291.35    
     15033600.   0.13088       1.0000      0.12744E+06   300.05    
     15120000.   0.12707       1.0000      0.12374E+06   309.03    
     15206400.   0.12323       1.0000      0.11999E+06   318.68    
     15292800.   0.11951       1.0000      0.11637E+06   328.59    
     15379200.   0.12645       1.0000      0.12313E+06   310.55    
     15465600.   0.12873       1.0000      0.12535E+06   305.05    
     15552000.   0.12574       1.0000      0.12244E+06   312.31    
     15638400.   0.12161       1.0000      0.11842E+06   322.91    
     15724800.   0.11798       1.0000      0.11488E+06   332.85    
     15811200.   0.11484       1.0000      0.11182E+06   341.97    
     15897600.   0.11214       1.0000      0.10920E+06   350.18    
     15984000.   0.11078       1.0000      0.10787E+06   354.50    
     16070400.   0.10849       1.0000      0.10564E+06   361.98    
     16156800.   0.10640       1.0000      0.10361E+06   369.08    
     16243200.   0.10443       1.0000      0.10169E+06   376.03    
     16329600.   0.10263       1.0000       99932.       382.65    
     16416000.   0.10094       1.0000       98294.       389.02    
     16502400.   0.99376E-01   1.0000       96767.       395.17    
     16588800.   0.97913E-01   1.0000       95342.       401.07    
     16675200.   0.96544E-01   1.0000       94009.       406.76    
     16761600.   0.95850E-01   1.0000       93334.       409.70    
     16848000.   0.95588E-01   1.0000       93078.       410.83    
     16934400.   0.97282E-01   1.0000       94728.       403.67    
     17020800.   0.97346E-01   1.0000       94790.       403.41    
     17107200.   0.95421E-01   1.0000       92916.       411.54    
     17193600.   0.93918E-01   1.0000       91452.       418.13    
     17280000.   0.92523E-01   1.0000       90094.       424.43    
     17366400.   0.91234E-01   1.0000       88838.       430.43    
     17452800.   0.90059E-01   1.0000       87695.       436.04    
     17539200.   0.88978E-01   1.0000       86642.       441.34    
     17625600.   0.87974E-01   1.0000       85664.       446.38    
     17712000.   0.87949E-01   1.0000       85640.       446.51    
     17798400.   0.86948E-01   1.0000       84666.       451.65    
     17884800.   0.85928E-01   1.0000       83672.       457.01    
     17971200.   0.85025E-01   1.0000       82792.       461.87    
     18057600.   0.84192E-01   1.0000       81982.       466.43    
     18144000.   0.83408E-01   1.0000       81218.       470.82    
     18230400.   0.82661E-01   1.0000       80491.       475.07    
     18316800.   0.81948E-01   1.0000       79796.       479.21    
     18403200.   0.81262E-01   1.0000       79128.       483.25    
     18489600.   0.80600E-01   1.0000       78484.       487.22    
     18576000.   0.79961E-01   1.0000       77862.       491.11    
     18662400.   0.79343E-01   1.0000       77259.       494.94    
     18748800.   0.78743E-01   1.0000       76675.       498.71    
     18835200.   0.80094E-01   1.0000       77991.       490.30    
     18921600.   0.79410E-01   1.0000       77325.       494.52    
     19008000.   0.78403E-01   1.0000       76345.       500.87    
     19094400.   0.77610E-01   1.0000       75572.       505.99    
     19180800.   0.76928E-01   1.0000       74908.       510.48    
     19267200.   0.76354E-01   1.0000       74349.       514.31    
     19353600.   0.75760E-01   1.0000       73771.       518.34    
     19440000.   0.75201E-01   1.0000       73226.       522.20    
     19526400.   0.74666E-01   1.0000       72706.       525.94    
     19612800.   0.74151E-01   1.0000       72204.       529.60    
     19699200.   0.73652E-01   1.0000       71718.       533.19    
     19785600.   0.73167E-01   1.0000       71246.       536.72    
     19872000.   0.72694E-01   1.0000       70786.       540.21    
     19958400.   0.74127E-01   1.0000       72181.       529.77    
     20044800.   0.75900E-01   1.0000       73907.       517.39    
     20131200.   0.74300E-01   1.0000       72349.       528.53    
     20217600.   0.73830E-01   1.0000       71891.       531.90    
     20304000.   0.73278E-01   1.0000       71355.       535.90    
     20390400.   0.72415E-01   1.0000       70514.       542.29    
     20476800.   0.71713E-01   1.0000       69831.       547.59    
     20563200.   0.71103E-01   1.0000       69236.       552.30    
     20649600.   0.70548E-01   1.0000       68696.       556.64    
     20736000.   0.70032E-01   1.0000       68193.       560.75    
     20822400.   0.69543E-01   1.0000       67717.       564.69    
     20908800.   0.69076E-01   1.0000       67262.       568.50    
     20995200.   0.68627E-01   1.0000       66826.       572.22    
     21081600.   0.68194E-01   1.0000       66404.       575.85    
     21168000.   0.67775E-01   1.0000       65995.       579.42    
     21254400.   0.67366E-01   1.0000       65598.       582.93    
     21340800.   0.66968E-01   1.0000       65210.       586.40    
     21427200.   0.66579E-01   1.0000       64831.       589.82    
     21513600.   0.66485E-01   1.0000       64739.       590.66    
     21600000.   0.69153E-01   1.0000       67337.       567.87    
     21686400.   0.67744E-01   1.0000       65966.       579.68    
     21772800.   0.66826E-01   1.0000       65072.       587.64    
     21859200.   0.66169E-01   1.0000       64432.       593.48    
     21945600.   0.65632E-01   1.0000       63909.       598.33    
     22032000.   0.65159E-01   1.0000       63448.       602.68    
     22118400.   0.64723E-01   1.0000       63024.       606.74    
     22204800.   0.64313E-01   1.0000       62624.       610.61    
     22291200.   0.63921E-01   1.0000       62243.       614.35    
     22377600.   0.63545E-01   1.0000       61876.       617.99    
     22464000.   0.66691E-01   1.0000       64940.       588.83    
     22550400.   0.65639E-01   1.0000       63916.       598.27    
     22636800.   0.65493E-01   1.0000       63774.       599.60    
     22723200.   0.74584E-01   1.0000       72626.       526.52    
     22809600.   0.72797E-01   1.0000       70886.       539.44    
     22896000.   0.71464E-01   1.0000       69587.       549.51    
     22982400.   0.70478E-01   1.0000       68628.       557.19    
     23068800.   0.69665E-01   1.0000       67836.       563.70    
     23155200.   0.68784E-01   1.0000       66979.       570.91    
     23241600.   0.67947E-01   1.0000       66163.       577.95    
     23328000.   0.67119E-01   1.0000       65357.       585.08    
     23414400.   0.66355E-01   1.0000       64613.       591.81    
     23500800.   0.65693E-01   1.0000       63968.       597.78    
     23587200.   0.65083E-01   1.0000       63374.       603.38    
     23673600.   0.64494E-01   1.0000       62801.       608.89    
     23760000.   0.63903E-01   1.0000       62225.       614.53    
     23846400.   0.63348E-01   1.0000       61685.       619.91    
     23932800.   0.62841E-01   1.0000       61191.       624.91    
     24019200.   0.62363E-01   1.0000       60726.       629.70    
     24105600.   0.61907E-01   1.0000       60281.       634.34    
     24192000.   0.61462E-01   1.0000       59848.       638.93    
     24278400.   0.61028E-01   1.0000       59426.       643.47    
     24364800.   0.60613E-01   1.0000       59021.       647.88    
     24451200.   0.60217E-01   1.0000       58636.       652.14    
     24537600.   0.59838E-01   1.0000       58267.       656.27    
     24624000.   0.59472E-01   1.0000       57911.       660.30    
     24710400.   0.59118E-01   1.0000       57566.       664.26    
     24796800.   0.58773E-01   1.0000       57230.       668.16    
     24883200.   0.58487E-01   1.0000       56951.       671.43    
     24969600.   0.59140E-01   1.0000       57588.       664.01    
     25056000.   0.58519E-01   1.0000       56982.       671.07    
     25142400.   0.58048E-01   1.0000       56524.       676.50    
     25228800.   0.59555E-01   1.0000       57991.       659.39    
     25315200.   0.58797E-01   1.0000       57253.       667.89    
     25401600.   0.59267E-01   1.0000       57711.       662.59    
     25488000.   0.59520E-01   1.0000       57958.       659.77    
     25574400.   0.60339E-01   1.0000       58754.       650.83    
     25660800.   0.59580E-01   1.0000       58016.       659.11    
     25747200.   0.61256E-01   1.0000       59648.       641.08    
     25833600.   0.68883E-01   1.0000       67075.       570.09    
     25920000.   0.77221E-01   1.0000       75194.       508.54    
     26006400.   0.84135E-01   1.0000       81927.       466.75    
     26092800.   0.83491E-01   1.0000       81299.       470.35    
     26179200.   0.80383E-01   1.0000       78273.       488.54    
     26265600.   0.77692E-01   1.0000       75653.       505.45    
     26352000.   0.75518E-01   1.0000       73536.       520.01    
     26438400.   0.73722E-01   1.0000       71786.       532.68    
     26524800.   0.72168E-01   1.0000       70274.       544.14    
     26611200.   0.70720E-01   1.0000       68863.       555.29    
     26697600.   0.69475E-01   1.0000       67651.       565.23    
     26784000.   0.68351E-01   1.0000       66557.       574.53    
     26870400.   0.74378E-01   1.0000       72425.       527.98    
     26956800.   0.76988E-01   1.0000       74966.       510.08    
     27043200.   0.79091E-01   1.0000       77014.       496.52    
     27129600.   0.78935E-01   1.0000       76863.       497.49    
     27216000.   0.79890E-01   1.0000       77793.       491.55    
     27302400.   0.83442E-01   1.0000       81252.       470.62    
     27388800.   0.90499E-01   1.0000       88123.       433.93    
     27475200.   0.95313E-01   1.0000       92810.       412.01    
     27561600.   0.92231E-01   1.0000       89810.       425.78    
     27648000.   0.89102E-01   1.0000       86763.       440.73    
     27734400.   0.86205E-01   1.0000       83942.       455.54    
     27820800.   0.84147E-01   1.0000       81938.       466.68    
     27907200.   0.82804E-01   1.0000       80630.       474.25    
     27993600.   0.86710E-01   1.0000       84434.       452.89    
     28080000.   0.91476E-01   1.0000       89074.       429.29    
     28166400.   0.92867E-01   1.0000       90429.       422.86    
     28252800.   0.90281E-01   1.0000       87911.       434.98    
     28339200.   0.87597E-01   1.0000       85298.       448.30    
     28425600.   0.85231E-01   1.0000       82993.       460.75    
     28512000.   0.83159E-01   1.0000       80976.       472.23    
     28598400.   0.81324E-01   1.0000       79189.       482.88    
     28684800.   0.79677E-01   1.0000       77585.       492.86    
     28771200.   0.78177E-01   1.0000       76124.       502.32    
     28857600.   0.76802E-01   1.0000       74786.       511.31    
     28944000.   0.75509E-01   1.0000       73527.       520.07    
     29030400.   0.74282E-01   1.0000       72332.       528.66    
     29116800.   0.73141E-01   1.0000       71220.       536.91    
     29203200.   0.72044E-01   1.0000       70153.       545.08    
     29289600.   0.71028E-01   1.0000       69163.       552.88    
     29376000.   0.70093E-01   1.0000       68253.       560.26    
     29462400.   0.69222E-01   1.0000       67405.       567.30    
     29548800.   0.68398E-01   1.0000       66602.       574.14    
     29635200.   0.67611E-01   1.0000       65836.       580.82    
     29721600.   0.66865E-01   1.0000       65110.       587.30    
     29808000.   0.66139E-01   1.0000       64402.       593.75    
     29894400.   0.65443E-01   1.0000       63725.       600.06    
     29980800.   0.64775E-01   1.0000       63074.       606.25    
     30067200.   0.64147E-01   1.0000       62463.       612.18    
     30153600.   0.63550E-01   1.0000       61882.       617.93    
     30240000.   0.62982E-01   1.0000       61328.       623.51    
     30326400.   0.62431E-01   1.0000       60792.       629.01    
     30412800.   0.61901E-01   1.0000       60276.       634.39    
     30499200.   0.61396E-01   1.0000       59784.       639.62    
     30585600.   0.60908E-01   1.0000       59309.       644.74    
     30672000.   0.60440E-01   1.0000       58853.       649.73    
     30758400.   0.59990E-01   1.0000       58415.       654.61    
     30844800.   0.59554E-01   1.0000       57991.       659.39    
     30931200.   0.59131E-01   1.0000       57579.       664.11    
     31017600.   0.58720E-01   1.0000       57179.       668.76    
     31104000.   0.58322E-01   1.0000       56791.       673.32    
     31190400.   0.57937E-01   1.0000       56416.       677.81    
     31276800.   0.57737E-01   1.0000       56221.       680.15    
     31363200.   0.57320E-01   1.0000       55815.       685.10    
     31449600.   0.56939E-01   1.0000       55444.       689.68    
     31536000.   0.56580E-01   1.0000       55095.       694.05    
     31622400.   0.56149E-01   1.0000       54675.       699.39    
