   TOTIM (T)     FLOWRATE     DIAM.         RE           RT
        86400.   0.32154E-01   1.0000       31310.       1221.3    
       172800.   0.31295E-01   1.0000       30473.       1254.8    
       259200.   0.31468E-01   1.0000       30642.       1247.9    
       345600.   0.31466E-01   1.0000       30640.       1248.0    
       432000.   0.32095E-01   1.0000       31253.       1223.5    
       518400.   0.32361E-01   1.0000       31511.       1213.5    
       604800.   0.32365E-01   1.0000       31515.       1213.3    
       691200.   0.33168E-01   1.0000       32297.       1184.0    
       777600.   0.35282E-01   1.0000       34356.       1113.0    
       864000.   0.38063E-01   1.0000       37063.       1031.7    
       950400.   0.38713E-01   1.0000       37696.       1014.4    
      1036800.   0.41417E-01   1.0000       40330.       948.16    
      1123200.   0.46293E-01   1.0000       45078.       848.28    
      1209600.   0.44241E-01   1.0000       43079.       887.64    
      1296000.   0.42641E-01   1.0000       41522.       920.94    
      1382400.   0.41415E-01   1.0000       40328.       948.19    
      1468800.   0.40423E-01   1.0000       39362.       971.47    
      1555200.   0.39494E-01   1.0000       38457.       994.32    
      1641600.   0.38645E-01   1.0000       37631.       1016.2    
      1728000.   0.38003E-01   1.0000       37005.       1033.3    
      1814400.   0.37480E-01   1.0000       36496.       1047.8    
      1900800.   0.36865E-01   1.0000       35897.       1065.2    
      1987200.   0.36341E-01   1.0000       35387.       1080.6    
      2073600.   0.35956E-01   1.0000       35012.       1092.2    
      2160000.   0.35452E-01   1.0000       34521.       1107.7    
      2246400.   0.34969E-01   1.0000       34051.       1123.0    
      2332800.   0.34510E-01   1.0000       33604.       1137.9    
      2419200.   0.34074E-01   1.0000       33179.       1152.5    
      2505600.   0.34031E-01   1.0000       33138.       1153.9    
      2592000.   0.33776E-01   1.0000       32889.       1162.7    
      2678400.   0.34873E-01   1.0000       33957.       1126.1    
      2764800.   0.38246E-01   1.0000       37242.       1026.8    
      2851200.   0.45475E-01   1.0000       44281.       863.56    
      2937600.   0.42641E-01   1.0000       41522.       920.94    
      3024000.   0.42266E-01   1.0000       41156.       929.12    
      3110400.   0.41903E-01   1.0000       40802.       937.17    
      3196800.   0.41115E-01   1.0000       40036.       955.12    
      3283200.   0.40233E-01   1.0000       39176.       976.07    
      3369600.   0.40374E-01   1.0000       39314.       972.66    
      3456000.   0.40959E-01   1.0000       39884.       958.76    
      3542400.   0.41781E-01   1.0000       40684.       939.91    
      3628800.   0.41881E-01   1.0000       40782.       937.65    
      3715200.   0.41166E-01   1.0000       40086.       953.93    
      3801600.   0.41254E-01   1.0000       40171.       951.91    
      3888000.   0.41708E-01   1.0000       40613.       941.53    
      3974400.   0.42756E-01   1.0000       41633.       918.47    
      4060800.   0.43416E-01   1.0000       42277.       904.50    
      4147200.   0.42595E-01   1.0000       41476.       921.94    
      4233600.   0.41686E-01   1.0000       40592.       942.04    
      4320000.   0.41064E-01   1.0000       39986.       956.30    
      4406400.   0.40462E-01   1.0000       39399.       970.54    
      4492800.   0.40050E-01   1.0000       38998.       980.53    
      4579200.   0.39480E-01   1.0000       38444.       994.67    
      4665600.   0.38902E-01   1.0000       37881.       1009.5    
      4752000.   0.40245E-01   1.0000       39188.       975.78    
      4838400.   0.41759E-01   1.0000       40663.       940.40    
      4924800.   0.43200E-01   1.0000       42066.       909.02    
      5011200.   0.43833E-01   1.0000       42682.       895.90    
      5097600.   0.42887E-01   1.0000       41761.       915.66    
      5184000.   0.41941E-01   1.0000       40840.       936.31    
      5270400.   0.41260E-01   1.0000       40177.       951.76    
      5356800.   0.40569E-01   1.0000       39504.       967.98    
      5443200.   0.41147E-01   1.0000       40066.       954.39    
      5529600.   0.41684E-01   1.0000       40590.       942.08    
      5616000.   0.42162E-01   1.0000       41055.       931.40    
      5702400.   0.42378E-01   1.0000       41265.       926.66    
      5788800.   0.42047E-01   1.0000       40944.       933.94    
      5875200.   0.42021E-01   1.0000       40917.       934.54    
      5961600.   0.41793E-01   1.0000       40696.       939.63    
      6048000.   0.41246E-01   1.0000       40163.       952.08    
      6134400.   0.40620E-01   1.0000       39553.       966.77    
      6220800.   0.39995E-01   1.0000       38945.       981.86    
      6307200.   0.39399E-01   1.0000       38365.       996.72    
      6393600.   0.38839E-01   1.0000       37820.       1011.1    
      6480000.   0.38312E-01   1.0000       37306.       1025.0    
      6566400.   0.37810E-01   1.0000       36817.       1038.6    
      6652800.   0.37328E-01   1.0000       36348.       1052.0    
      6739200.   0.36874E-01   1.0000       35906.       1065.0    
      6825600.   0.36426E-01   1.0000       35470.       1078.1    
      6912000.   0.35986E-01   1.0000       35042.       1091.2    
      6998400.   0.35565E-01   1.0000       34631.       1104.2    
      7084800.   0.35169E-01   1.0000       34246.       1116.6    
      7171200.   0.34794E-01   1.0000       33880.       1128.7    
      7257600.   0.34430E-01   1.0000       33526.       1140.6    
      7344000.   0.34085E-01   1.0000       33190.       1152.1    
      7430400.   0.33801E-01   1.0000       32914.       1161.8    
      7516800.   0.33511E-01   1.0000       32631.       1171.9    
      7603200.   0.33194E-01   1.0000       32322.       1183.0    
      7689600.   0.32893E-01   1.0000       32030.       1193.9    
      7776000.   0.32632E-01   1.0000       31775.       1203.4    
      7862400.   0.32353E-01   1.0000       31503.       1213.8    
      7948800.   0.32086E-01   1.0000       31244.       1223.9    
      8035200.   0.31830E-01   1.0000       30994.       1233.8    
      8121600.   0.31582E-01   1.0000       30753.       1243.4    
      8208000.   0.31342E-01   1.0000       30519.       1253.0    
      8294400.   0.31109E-01   1.0000       30292.       1262.4    
      8380800.   0.33581E-01   1.0000       32699.       1169.4    
      8467200.   0.33554E-01   1.0000       32673.       1170.4    
      8553600.   0.33457E-01   1.0000       32579.       1173.7    
      8640000.   0.33207E-01   1.0000       32335.       1182.6    
      8726400.   0.32919E-01   1.0000       32055.       1192.9    
      8812800.   0.32629E-01   1.0000       31773.       1203.5    
      8899200.   0.32277E-01   1.0000       31430.       1216.6    
      8985600.   0.32281E-01   1.0000       31434.       1216.5    
      9072000.   0.32778E-01   1.0000       31917.       1198.1    
      9158400.   0.32598E-01   1.0000       31742.       1204.7    
      9244800.   0.33977E-01   1.0000       33085.       1155.8    
      9331200.   0.37024E-01   1.0000       36052.       1060.7    
      9417600.   0.43763E-01   1.0000       42614.       897.32    
      9504000.   0.47414E-01   1.0000       46169.       828.24    
      9590400.   0.44960E-01   1.0000       43779.       873.45    
      9676800.   0.42992E-01   1.0000       41863.       913.43    
      9763200.   0.41399E-01   1.0000       40312.       948.57    
      9849600.   0.40140E-01   1.0000       39086.       978.34    
      9936000.   0.41049E-01   1.0000       39972.       956.65    
     10022400.   0.41597E-01   1.0000       40505.       944.06    
     10108800.   0.41597E-01   1.0000       40505.       944.06    
     10195200.   0.41947E-01   1.0000       40846.       936.17    
     10281600.   0.42018E-01   1.0000       40914.       934.61    
     10368000.   0.41315E-01   1.0000       40230.       950.51    
     10454400.   0.40458E-01   1.0000       39396.       970.64    
     10540800.   0.40494E-01   1.0000       39431.       969.76    
     10627200.   0.40878E-01   1.0000       39805.       960.66    
     10713600.   0.40844E-01   1.0000       39772.       961.45    
     10800000.   0.40395E-01   1.0000       39335.       972.15    
     10886400.   0.39756E-01   1.0000       38712.       987.77    
     10972800.   0.39061E-01   1.0000       38036.       1005.3    
     11059200.   0.38303E-01   1.0000       37297.       1025.3    
     11145600.   0.37600E-01   1.0000       36613.       1044.4    
     11232000.   0.36975E-01   1.0000       36004.       1062.1    
     11318400.   0.36407E-01   1.0000       35451.       1078.6    
     11404800.   0.36938E-01   1.0000       35968.       1063.1    
     11491200.   0.36300E-01   1.0000       35347.       1081.8    
     11577600.   0.37696E-01   1.0000       36706.       1041.8    
     11664000.   0.40775E-01   1.0000       39705.       963.09    
     11750400.   0.47316E-01   1.0000       46074.       829.95    
     11836800.   0.44668E-01   1.0000       43495.       879.15    
     11923200.   0.42839E-01   1.0000       41714.       916.69    
     12009600.   0.41507E-01   1.0000       40417.       946.10    
     12096000.   0.41276E-01   1.0000       40193.       951.39    
     12182400.   0.40944E-01   1.0000       39869.       959.11    
     12268800.   0.40369E-01   1.0000       39309.       972.77    
     12355200.   0.39691E-01   1.0000       38649.       989.39    
     12441600.   0.39303E-01   1.0000       38271.       999.17    
     12528000.   0.41431E-01   1.0000       40343.       947.84    
     12614400.   0.43386E-01   1.0000       42247.       905.13    
     12700800.   0.42575E-01   1.0000       41457.       922.38    
     12787200.   0.41700E-01   1.0000       40605.       941.73    
     12873600.   0.40791E-01   1.0000       39720.       962.72    
     12960000.   0.41103E-01   1.0000       40024.       955.41    
     13046400.   0.40728E-01   1.0000       39658.       964.21    
     13132800.   0.40202E-01   1.0000       39147.       976.81    
     13219200.   0.39911E-01   1.0000       38863.       983.94    
     13305600.   0.39436E-01   1.0000       38401.       995.78    
     13392000.   0.40522E-01   1.0000       39458.       969.10    
     13478400.   0.41145E-01   1.0000       40065.       954.42    
     13564800.   0.40813E-01   1.0000       39742.       962.18    
     13651200.   0.40357E-01   1.0000       39298.       973.05    
     13737600.   0.39814E-01   1.0000       38769.       986.33    
     13824000.   0.41810E-01   1.0000       40713.       939.24    
     13910400.   0.44200E-01   1.0000       43039.       888.46    
     13996800.   0.43585E-01   1.0000       42441.       900.99    
     14083200.   0.42662E-01   1.0000       41542.       920.48    
     14169600.   0.43170E-01   1.0000       42037.       909.65    
     14256000.   0.43507E-01   1.0000       42365.       902.62    
     14342400.   0.45786E-01   1.0000       44584.       857.68    
     14428800.   0.51385E-01   1.0000       50036.       764.23    
     14515200.   0.50031E-01   1.0000       48717.       784.91    
     14601600.   0.50228E-01   1.0000       48909.       781.83    
     14688000.   0.51614E-01   1.0000       50259.       760.84    
     14774400.   0.51636E-01   1.0000       50280.       760.52    
     14860800.   0.50692E-01   1.0000       49361.       774.67    
     14947200.   0.49836E-01   1.0000       48527.       787.99    
     15033600.   0.48826E-01   1.0000       47544.       804.29    
     15120000.   0.47813E-01   1.0000       46558.       821.32    
     15206400.   0.46763E-01   1.0000       45536.       839.76    
     15292800.   0.45729E-01   1.0000       44528.       858.76    
     15379200.   0.47585E-01   1.0000       46336.       825.25    
     15465600.   0.48218E-01   1.0000       46952.       814.43    
     15552000.   0.47448E-01   1.0000       46203.       827.63    
     15638400.   0.46346E-01   1.0000       45129.       847.33    
     15724800.   0.45341E-01   1.0000       44151.       866.10    
     15811200.   0.44445E-01   1.0000       43279.       883.55    
     15897600.   0.43658E-01   1.0000       42512.       899.48    
     15984000.   0.43226E-01   1.0000       42091.       908.48    
     16070400.   0.42541E-01   1.0000       41424.       923.11    
     16156800.   0.41908E-01   1.0000       40808.       937.05    
     16243200.   0.41302E-01   1.0000       40218.       950.80    
     16329600.   0.40736E-01   1.0000       39667.       964.00    
     16416000.   0.40202E-01   1.0000       39147.       976.81    
     16502400.   0.39698E-01   1.0000       38655.       989.22    
     16588800.   0.39221E-01   1.0000       38191.       1001.2    
     16675200.   0.38769E-01   1.0000       37752.       1012.9    
     16761600.   0.38502E-01   1.0000       37492.       1019.9    
     16848000.   0.38357E-01   1.0000       37350.       1023.8    
     16934400.   0.38753E-01   1.0000       37736.       1013.3    
     17020800.   0.38721E-01   1.0000       37704.       1014.2    
     17107200.   0.38154E-01   1.0000       37152.       1029.3    
     17193600.   0.37692E-01   1.0000       36702.       1041.9    
     17280000.   0.37251E-01   1.0000       36273.       1054.2    
     17366400.   0.36835E-01   1.0000       35868.       1066.1    
     17452800.   0.36448E-01   1.0000       35491.       1077.4    
     17539200.   0.36085E-01   1.0000       35137.       1088.3    
     17625600.   0.35742E-01   1.0000       34804.       1098.7    
     17712000.   0.35667E-01   1.0000       34730.       1101.0    
     17798400.   0.35330E-01   1.0000       34403.       1111.5    
     17884800.   0.34989E-01   1.0000       34070.       1122.3    
     17971200.   0.34677E-01   1.0000       33767.       1132.4    
     18057600.   0.34384E-01   1.0000       33482.       1142.1    
     18144000.   0.34105E-01   1.0000       33209.       1151.5    
     18230400.   0.33836E-01   1.0000       32947.       1160.6    
     18316800.   0.33576E-01   1.0000       32695.       1169.6    
     18403200.   0.33325E-01   1.0000       32450.       1178.4    
     18489600.   0.33080E-01   1.0000       32212.       1187.1    
     18576000.   0.32843E-01   1.0000       31981.       1195.7    
     18662400.   0.32612E-01   1.0000       31756.       1204.1    
     18748800.   0.32387E-01   1.0000       31537.       1212.5    
     18835200.   0.32695E-01   1.0000       31837.       1201.1    
     18921600.   0.32460E-01   1.0000       31607.       1209.8    
     19008000.   0.32138E-01   1.0000       31294.       1221.9    
     19094400.   0.31869E-01   1.0000       31032.       1232.2    
     19180800.   0.31628E-01   1.0000       30798.       1241.6    
     19267200.   0.31416E-01   1.0000       30591.       1250.0    
     19353600.   0.31199E-01   1.0000       30380.       1258.7    
     19440000.   0.30991E-01   1.0000       30177.       1267.1    
     19526400.   0.30790E-01   1.0000       29982.       1275.4    
     19612800.   0.30595E-01   1.0000       29792.       1283.5    
     19699200.   0.30405E-01   1.0000       29607.       1291.5    
     19785600.   0.30220E-01   1.0000       29426.       1299.5    
     19872000.   0.30038E-01   1.0000       29249.       1307.3    
     19958400.   0.30377E-01   1.0000       29579.       1292.8    
     20044800.   0.30820E-01   1.0000       30011.       1274.2    
     20131200.   0.30357E-01   1.0000       29560.       1293.6    
     20217600.   0.30196E-01   1.0000       29403.       1300.5    
     20304000.   0.30006E-01   1.0000       29219.       1308.7    
     20390400.   0.29731E-01   1.0000       28951.       1320.8    
     20476800.   0.29497E-01   1.0000       28722.       1331.3    
     20563200.   0.29285E-01   1.0000       28516.       1340.9    
     20649600.   0.29088E-01   1.0000       28324.       1350.0    
     20736000.   0.28901E-01   1.0000       28142.       1358.8    
     20822400.   0.28721E-01   1.0000       27967.       1367.3    
     20908800.   0.28548E-01   1.0000       27798.       1375.6    
     20995200.   0.28380E-01   1.0000       27635.       1383.7    
     21081600.   0.28216E-01   1.0000       27475.       1391.8    
     21168000.   0.28056E-01   1.0000       27320.       1399.7    
     21254400.   0.27900E-01   1.0000       27167.       1407.5    
     21340800.   0.27747E-01   1.0000       27018.       1415.3    
     21427200.   0.27596E-01   1.0000       26872.       1423.0    
     21513600.   0.27527E-01   1.0000       26804.       1426.6    
     21600000.   0.28214E-01   1.0000       27473.       1391.9    
     21686400.   0.27805E-01   1.0000       27075.       1412.3    
     21772800.   0.27527E-01   1.0000       26805.       1426.6    
     21859200.   0.27312E-01   1.0000       26595.       1437.8    
     21945600.   0.27128E-01   1.0000       26415.       1447.6    
     22032000.   0.26959E-01   1.0000       26252.       1456.6    
     22118400.   0.26801E-01   1.0000       26097.       1465.2    
     22204800.   0.26650E-01   1.0000       25950.       1473.6    
     22291200.   0.26503E-01   1.0000       25808.       1481.7    
     22377600.   0.26361E-01   1.0000       25669.       1489.7    
     22464000.   0.27181E-01   1.0000       26467.       1444.8    
     22550400.   0.26874E-01   1.0000       26168.       1461.3    
     22636800.   0.26814E-01   1.0000       26110.       1464.5    
     22723200.   0.29269E-01   1.0000       28501.       1341.7    
     22809600.   0.28808E-01   1.0000       28051.       1363.2    
     22896000.   0.28470E-01   1.0000       27723.       1379.3    
     22982400.   0.28205E-01   1.0000       27464.       1392.3    
     23068800.   0.27977E-01   1.0000       27242.       1403.7    
     23155200.   0.27725E-01   1.0000       26997.       1416.4    
     23241600.   0.27480E-01   1.0000       26758.       1429.0    
     23328000.   0.27233E-01   1.0000       26518.       1442.0    
     23414400.   0.27000E-01   1.0000       26291.       1454.4    
     23500800.   0.26792E-01   1.0000       26089.       1465.7    
     23587200.   0.26596E-01   1.0000       25898.       1476.5    
     23673600.   0.26405E-01   1.0000       25712.       1487.2    
     23760000.   0.26212E-01   1.0000       25524.       1498.2    
     23846400.   0.26028E-01   1.0000       25345.       1508.8    
     23932800.   0.25856E-01   1.0000       25177.       1518.8    
     24019200.   0.25692E-01   1.0000       25018.       1528.5    
     24105600.   0.25533E-01   1.0000       24863.       1538.0    
     24192000.   0.25378E-01   1.0000       24712.       1547.4    
     24278400.   0.25225E-01   1.0000       24563.       1556.8    
     24364800.   0.25078E-01   1.0000       24419.       1565.9    
     24451200.   0.24935E-01   1.0000       24281.       1574.9    
     24537600.   0.24798E-01   1.0000       24147.       1583.6    
     24624000.   0.24664E-01   1.0000       24016.       1592.2    
     24710400.   0.24533E-01   1.0000       23889.       1600.7    
     24796800.   0.24406E-01   1.0000       23765.       1609.1    
     24883200.   0.24294E-01   1.0000       23656.       1616.4    
     24969600.   0.24439E-01   1.0000       23798.       1606.8    
     25056000.   0.24242E-01   1.0000       23606.       1619.9    
     25142400.   0.24086E-01   1.0000       23454.       1630.4    
     25228800.   0.24467E-01   1.0000       23824.       1605.0    
     25315200.   0.24239E-01   1.0000       23603.       1620.1    
     25401600.   0.24346E-01   1.0000       23707.       1613.0    
     25488000.   0.24395E-01   1.0000       23754.       1609.8    
     25574400.   0.24601E-01   1.0000       23955.       1596.3    
     25660800.   0.24382E-01   1.0000       23741.       1610.6    
     25747200.   0.24823E-01   1.0000       24171.       1582.0    
     25833600.   0.26894E-01   1.0000       26188.       1460.1    
     25920000.   0.29202E-01   1.0000       28435.       1344.8    
     26006400.   0.31171E-01   1.0000       30352.       1259.8    
     26092800.   0.31115E-01   1.0000       30299.       1262.1    
     26179200.   0.30375E-01   1.0000       29577.       1292.8    
     26265600.   0.29709E-01   1.0000       28929.       1321.8    
     26352000.   0.29155E-01   1.0000       28390.       1346.9    
     26438400.   0.28686E-01   1.0000       27933.       1368.9    
     26524800.   0.28271E-01   1.0000       27529.       1389.0    
     26611200.   0.27876E-01   1.0000       27144.       1408.8    
     26697600.   0.27528E-01   1.0000       26806.       1426.5    
     26784000.   0.27208E-01   1.0000       26494.       1443.3    
     26870400.   0.28834E-01   1.0000       28077.       1361.9    
     26956800.   0.29562E-01   1.0000       28786.       1328.4    
     27043200.   0.30176E-01   1.0000       29384.       1301.3    
     27129600.   0.30182E-01   1.0000       29390.       1301.1    
     27216000.   0.30485E-01   1.0000       29684.       1288.2    
     27302400.   0.31493E-01   1.0000       30666.       1246.9    
     27388800.   0.33473E-01   1.0000       32594.       1173.2    
     27475200.   0.34880E-01   1.0000       33964.       1125.9    
     27561600.   0.34162E-01   1.0000       33266.       1149.5    
     27648000.   0.33404E-01   1.0000       32527.       1175.6    
     27734400.   0.32669E-01   1.0000       31811.       1202.1    
     27820800.   0.32138E-01   1.0000       31294.       1221.9    
     27907200.   0.31787E-01   1.0000       30953.       1235.4    
     27993600.   0.32860E-01   1.0000       31997.       1195.1    
     28080000.   0.34190E-01   1.0000       33292.       1148.6    
     28166400.   0.34634E-01   1.0000       33725.       1133.9    
     28252800.   0.34002E-01   1.0000       33109.       1154.9    
     28339200.   0.33320E-01   1.0000       32445.       1178.6    
     28425600.   0.32698E-01   1.0000       31839.       1201.0    
     28512000.   0.32139E-01   1.0000       31295.       1221.9    
     28598400.   0.31634E-01   1.0000       30803.       1241.4    
     28684800.   0.31171E-01   1.0000       30353.       1259.8    
     28771200.   0.30742E-01   1.0000       29935.       1277.4    
     28857600.   0.30342E-01   1.0000       29546.       1294.2    
     28944000.   0.29961E-01   1.0000       29175.       1310.7    
     29030400.   0.29595E-01   1.0000       28818.       1326.9    
     29116800.   0.29249E-01   1.0000       28482.       1342.6    
     29203200.   0.28914E-01   1.0000       28155.       1358.2    
     29289600.   0.28599E-01   1.0000       27848.       1373.1    
     29376000.   0.28304E-01   1.0000       27561.       1387.4    
     29462400.   0.28027E-01   1.0000       27291.       1401.2    
     29548800.   0.27761E-01   1.0000       27032.       1414.6    
     29635200.   0.27505E-01   1.0000       26783.       1427.7    
     29721600.   0.27260E-01   1.0000       26545.       1440.5    
     29808000.   0.27021E-01   1.0000       26311.       1453.3    
     29894400.   0.26789E-01   1.0000       26086.       1465.9    
     29980800.   0.26565E-01   1.0000       25867.       1478.3    
     30067200.   0.26352E-01   1.0000       25660.       1490.2    
     30153600.   0.26147E-01   1.0000       25461.       1501.9    
     30240000.   0.25950E-01   1.0000       25269.       1513.3    
     30326400.   0.25759E-01   1.0000       25082.       1524.5    
     30412800.   0.25573E-01   1.0000       24902.       1535.6    
     30499200.   0.25394E-01   1.0000       24727.       1546.4    
     30585600.   0.25220E-01   1.0000       24558.       1557.1    
     30672000.   0.25052E-01   1.0000       24395.       1567.5    
     30758400.   0.24889E-01   1.0000       24236.       1577.8    
     30844800.   0.24731E-01   1.0000       24082.       1587.9    
     30931200.   0.24576E-01   1.0000       23931.       1597.9    
     31017600.   0.24425E-01   1.0000       23784.       1607.8    
     31104000.   0.24278E-01   1.0000       23641.       1617.5    
     31190400.   0.24135E-01   1.0000       23501.       1627.1    
     31276800.   0.24043E-01   1.0000       23411.       1633.3    
     31363200.   0.23892E-01   1.0000       23265.       1643.6    
     31449600.   0.23752E-01   1.0000       23129.       1653.3    
     31536000.   0.23618E-01   1.0000       22998.       1662.7    
     31622400.   0.23464E-01   1.0000       22848.       1673.6    
