   TOTIM (T)     FLOWRATE     DIAM.         RE           RT
        86400.   0.32914E-01   1.0000       32050.       1193.1    
       172800.   0.31980E-01   1.0000       31141.       1227.9    
       259200.   0.32168E-01   1.0000       31323.       1220.8    
       345600.   0.32167E-01   1.0000       31323.       1220.8    
       432000.   0.32852E-01   1.0000       31989.       1195.4    
       518400.   0.33142E-01   1.0000       32272.       1184.9    
       604800.   0.33147E-01   1.0000       32277.       1184.7    
       691200.   0.34020E-01   1.0000       33127.       1154.3    
       777600.   0.36319E-01   1.0000       35365.       1081.3    
       864000.   0.39343E-01   1.0000       38310.       998.14    
       950400.   0.40050E-01   1.0000       38999.       980.52    
      1036800.   0.42983E-01   1.0000       41855.       913.61    
      1123200.   0.48278E-01   1.0000       47010.       813.42    
      1209600.   0.46044E-01   1.0000       44835.       852.89    
      1296000.   0.44282E-01   1.0000       43120.       886.81    
      1382400.   0.42931E-01   1.0000       41804.       914.72    
      1468800.   0.41835E-01   1.0000       40737.       938.68    
      1555200.   0.40809E-01   1.0000       39738.       962.28    
      1641600.   0.39872E-01   1.0000       38825.       984.91    
      1728000.   0.39161E-01   1.0000       38132.       1002.8    
      1814400.   0.38580E-01   1.0000       37568.       1017.9    
      1900800.   0.37903E-01   1.0000       36908.       1036.1    
      1987200.   0.37326E-01   1.0000       36346.       1052.1    
      2073600.   0.36902E-01   1.0000       35933.       1064.2    
      2160000.   0.36349E-01   1.0000       35395.       1080.3    
      2246400.   0.35821E-01   1.0000       34881.       1096.3    
      2332800.   0.35320E-01   1.0000       34393.       1111.8    
      2419200.   0.34845E-01   1.0000       33930.       1127.0    
      2505600.   0.34799E-01   1.0000       33885.       1128.5    
      2592000.   0.34522E-01   1.0000       33616.       1137.5    
      2678400.   0.35716E-01   1.0000       34778.       1099.5    
      2764800.   0.39386E-01   1.0000       38351.       997.06    
      2851200.   0.47245E-01   1.0000       46005.       831.20    
      2937600.   0.44176E-01   1.0000       43016.       888.95    
      3024000.   0.43750E-01   1.0000       42602.       897.59    
      3110400.   0.43348E-01   1.0000       42210.       905.93    
      3196800.   0.42482E-01   1.0000       41367.       924.38    
      3283200.   0.41513E-01   1.0000       40423.       945.98    
      3369600.   0.41655E-01   1.0000       40562.       942.74    
      3456000.   0.42283E-01   1.0000       41173.       928.74    
      3542400.   0.43168E-01   1.0000       42035.       909.70    
      3628800.   0.43270E-01   1.0000       42134.       907.56    
      3715200.   0.42484E-01   1.0000       41369.       924.35    
      3801600.   0.42569E-01   1.0000       41451.       922.51    
      3888000.   0.43055E-01   1.0000       41925.       912.08    
      3974400.   0.44186E-01   1.0000       43026.       888.74    
      4060800.   0.44897E-01   1.0000       43718.       874.67    
      4147200.   0.43996E-01   1.0000       42841.       892.58    
      4233600.   0.42998E-01   1.0000       41869.       913.31    
      4320000.   0.42313E-01   1.0000       41202.       928.09    
      4406400.   0.41650E-01   1.0000       40556.       942.86    
      4492800.   0.41195E-01   1.0000       40114.       953.27    
      4579200.   0.40570E-01   1.0000       39505.       967.94    
      4665600.   0.39937E-01   1.0000       38888.       983.30    
      4752000.   0.41392E-01   1.0000       40305.       948.74    
      4838400.   0.43037E-01   1.0000       41907.       912.48    
      4924800.   0.44601E-01   1.0000       43430.       880.47    
      5011200.   0.45285E-01   1.0000       44097.       867.16    
      5097600.   0.44253E-01   1.0000       43091.       887.40    
      5184000.   0.43216E-01   1.0000       42082.       908.68    
      5270400.   0.42470E-01   1.0000       41355.       924.66    
      5356800.   0.41712E-01   1.0000       40617.       941.44    
      5443200.   0.42334E-01   1.0000       41223.       927.61    
      5529600.   0.42915E-01   1.0000       41789.       915.06    
      5616000.   0.43431E-01   1.0000       42291.       904.18    
      5702400.   0.43662E-01   1.0000       42516.       899.41    
      5788800.   0.43298E-01   1.0000       42162.       906.96    
      5875200.   0.43264E-01   1.0000       42128.       907.68    
      5961600.   0.43012E-01   1.0000       41883.       913.00    
      6048000.   0.42414E-01   1.0000       41300.       925.87    
      6134400.   0.41729E-01   1.0000       40633.       941.08    
      6220800.   0.41046E-01   1.0000       39969.       956.72    
      6307200.   0.40396E-01   1.0000       39335.       972.13    
      6393600.   0.39786E-01   1.0000       38741.       987.04    
      6480000.   0.39212E-01   1.0000       38182.       1001.5    
      6566400.   0.38666E-01   1.0000       37651.       1015.6    
      6652800.   0.38143E-01   1.0000       37142.       1029.5    
      6739200.   0.37652E-01   1.0000       36664.       1043.0    
      6825600.   0.37169E-01   1.0000       36193.       1056.5    
      6912000.   0.36694E-01   1.0000       35731.       1070.2    
      6998400.   0.36240E-01   1.0000       35289.       1083.6    
      7084800.   0.35815E-01   1.0000       34875.       1096.5    
      7171200.   0.35413E-01   1.0000       34483.       1108.9    
      7257600.   0.35023E-01   1.0000       34104.       1121.2    
      7344000.   0.34655E-01   1.0000       33745.       1133.2    
      7430400.   0.34354E-01   1.0000       33452.       1143.1    
      7516800.   0.34046E-01   1.0000       33152.       1153.4    
      7603200.   0.33709E-01   1.0000       32824.       1165.0    
      7689600.   0.33391E-01   1.0000       32514.       1176.1    
      7776000.   0.33115E-01   1.0000       32245.       1185.9    
      7862400.   0.32820E-01   1.0000       31958.       1196.5    
      7948800.   0.32538E-01   1.0000       31684.       1206.9    
      8035200.   0.32268E-01   1.0000       31421.       1217.0    
      8121600.   0.32008E-01   1.0000       31167.       1226.9    
      8208000.   0.31756E-01   1.0000       30922.       1236.6    
      8294400.   0.31511E-01   1.0000       30684.       1246.2    
      8380800.   0.34208E-01   1.0000       33309.       1148.0    
      8467200.   0.34190E-01   1.0000       33293.       1148.6    
      8553600.   0.34091E-01   1.0000       33196.       1151.9    
      8640000.   0.33826E-01   1.0000       32938.       1160.9    
      8726400.   0.33519E-01   1.0000       32639.       1171.6    
      8812800.   0.33208E-01   1.0000       32337.       1182.5    
      8899200.   0.32831E-01   1.0000       31969.       1196.1    
      8985600.   0.32840E-01   1.0000       31978.       1195.8    
      9072000.   0.33385E-01   1.0000       32509.       1176.3    
      9158400.   0.33196E-01   1.0000       32324.       1183.0    
      9244800.   0.34699E-01   1.0000       33788.       1131.7    
      9331200.   0.38016E-01   1.0000       37018.       1033.0    
      9417600.   0.45345E-01   1.0000       44155.       866.02    
      9504000.   0.49320E-01   1.0000       48025.       796.23    
      9590400.   0.46650E-01   1.0000       45425.       841.80    
      9676800.   0.44493E-01   1.0000       43325.       882.60    
      9763200.   0.42748E-01   1.0000       41625.       918.65    
      9849600.   0.41365E-01   1.0000       40279.       949.36    
      9936000.   0.42340E-01   1.0000       41229.       927.48    
     10022400.   0.42927E-01   1.0000       41800.       914.80    
     10108800.   0.42917E-01   1.0000       41791.       915.01    
     10195200.   0.43288E-01   1.0000       42151.       907.19    
     10281600.   0.43355E-01   1.0000       42216.       905.78    
     10368000.   0.42582E-01   1.0000       41464.       922.22    
     10454400.   0.41640E-01   1.0000       40547.       943.07    
     10540800.   0.41671E-01   1.0000       40577.       942.38    
     10627200.   0.42081E-01   1.0000       40977.       933.19    
     10713600.   0.42039E-01   1.0000       40935.       934.13    
     10800000.   0.41545E-01   1.0000       40454.       945.24    
     10886400.   0.40844E-01   1.0000       39772.       961.45    
     10972800.   0.40084E-01   1.0000       39032.       979.69    
     11059200.   0.39255E-01   1.0000       38225.       1000.4    
     11145600.   0.38489E-01   1.0000       37478.       1020.3    
     11232000.   0.37807E-01   1.0000       36814.       1038.7    
     11318400.   0.37190E-01   1.0000       36213.       1055.9    
     11404800.   0.37767E-01   1.0000       36775.       1039.8    
     11491200.   0.37077E-01   1.0000       36103.       1059.2    
     11577600.   0.38595E-01   1.0000       37581.       1017.5    
     11664000.   0.41945E-01   1.0000       40843.       936.23    
     11750400.   0.49055E-01   1.0000       47767.       800.54    
     11836800.   0.46186E-01   1.0000       44974.       850.25    
     11923200.   0.44184E-01   1.0000       43024.       888.79    
     12009600.   0.42728E-01   1.0000       41606.       919.08    
     12096000.   0.42469E-01   1.0000       41354.       924.67    
     12182400.   0.42103E-01   1.0000       40997.       932.72    
     12268800.   0.41472E-01   1.0000       40383.       946.90    
     12355200.   0.40729E-01   1.0000       39660.       964.17    
     12441600.   0.40303E-01   1.0000       39245.       974.37    
     12528000.   0.42611E-01   1.0000       41493.       921.58    
     12614400.   0.44736E-01   1.0000       43562.       877.81    
     12700800.   0.43854E-01   1.0000       42702.       895.48    
     12787200.   0.42896E-01   1.0000       41769.       915.48    
     12873600.   0.41902E-01   1.0000       40802.       937.17    
     12960000.   0.42236E-01   1.0000       41127.       929.77    
     13046400.   0.41826E-01   1.0000       40728.       938.88    
     13132800.   0.41252E-01   1.0000       40169.       951.96    
     13219200.   0.40932E-01   1.0000       39857.       959.40    
     13305600.   0.40414E-01   1.0000       39353.       971.69    
     13392000.   0.41592E-01   1.0000       40500.       944.17    
     13478400.   0.42270E-01   1.0000       41160.       929.02    
     13564800.   0.41909E-01   1.0000       40808.       937.04    
     13651200.   0.41411E-01   1.0000       40324.       948.30    
     13737600.   0.40819E-01   1.0000       39747.       962.05    
     13824000.   0.42985E-01   1.0000       41857.       913.56    
     13910400.   0.45583E-01   1.0000       44386.       861.50    
     13996800.   0.44916E-01   1.0000       43737.       874.30    
     14083200.   0.43906E-01   1.0000       42754.       894.40    
     14169600.   0.44452E-01   1.0000       43285.       883.43    
     14256000.   0.44814E-01   1.0000       43637.       876.29    
     14342400.   0.47285E-01   1.0000       46043.       830.50    
     14428800.   0.53361E-01   1.0000       51960.       735.92    
     14515200.   0.51891E-01   1.0000       50529.       756.78    
     14601600.   0.52085E-01   1.0000       50718.       753.95    
     14688000.   0.53577E-01   1.0000       52170.       732.97    
     14774400.   0.53587E-01   1.0000       52180.       732.82    
     14860800.   0.52545E-01   1.0000       51166.       747.36    
     14947200.   0.51596E-01   1.0000       50242.       761.10    
     15033600.   0.50482E-01   1.0000       49157.       777.90    
     15120000.   0.49366E-01   1.0000       48070.       795.48    
     15206400.   0.48212E-01   1.0000       46946.       814.52    
     15292800.   0.47076E-01   1.0000       45840.       834.18    
     15379200.   0.49082E-01   1.0000       47793.       800.09    
     15465600.   0.49764E-01   1.0000       48458.       789.12    
     15552000.   0.48921E-01   1.0000       47637.       802.72    
     15638400.   0.47714E-01   1.0000       46461.       823.03    
     15724800.   0.46615E-01   1.0000       45391.       842.44    
     15811200.   0.45636E-01   1.0000       44438.       860.50    
     15897600.   0.44777E-01   1.0000       43601.       877.01    
     15984000.   0.44305E-01   1.0000       43141.       886.36    
     16070400.   0.43560E-01   1.0000       42416.       901.52    
     16156800.   0.42872E-01   1.0000       41746.       915.98    
     16243200.   0.42215E-01   1.0000       41106.       930.24    
     16329600.   0.41603E-01   1.0000       40511.       943.92    
     16416000.   0.41026E-01   1.0000       39949.       957.19    
     16502400.   0.40483E-01   1.0000       39420.       970.04    
     16588800.   0.39970E-01   1.0000       38921.       982.48    
     16675200.   0.39486E-01   1.0000       38449.       994.53    
     16761600.   0.39202E-01   1.0000       38173.       1001.7    
     16848000.   0.39052E-01   1.0000       38027.       1005.6    
     16934400.   0.39490E-01   1.0000       38453.       994.43    
     17020800.   0.39464E-01   1.0000       38428.       995.09    
     17107200.   0.38855E-01   1.0000       37835.       1010.7    
     17193600.   0.38360E-01   1.0000       37353.       1023.7    
     17280000.   0.37889E-01   1.0000       36894.       1036.4    
     17366400.   0.37445E-01   1.0000       36462.       1048.7    
     17452800.   0.37032E-01   1.0000       36060.       1060.4    
     17539200.   0.36646E-01   1.0000       35684.       1071.6    
     17625600.   0.36282E-01   1.0000       35330.       1082.3    
     17712000.   0.36209E-01   1.0000       35259.       1084.5    
     17798400.   0.35853E-01   1.0000       34912.       1095.3    
     17884800.   0.35492E-01   1.0000       34560.       1106.4    
     17971200.   0.35162E-01   1.0000       34239.       1116.8    
     18057600.   0.34854E-01   1.0000       33938.       1126.7    
     18144000.   0.34559E-01   1.0000       33652.       1136.3    
     18230400.   0.34277E-01   1.0000       33377.       1145.7    
     18316800.   0.34005E-01   1.0000       33112.       1154.8    
     18403200.   0.33741E-01   1.0000       32855.       1163.9    
     18489600.   0.33486E-01   1.0000       32607.       1172.7    
     18576000.   0.33238E-01   1.0000       32366.       1181.5    
     18662400.   0.32997E-01   1.0000       32131.       1190.1    
     18748800.   0.32763E-01   1.0000       31903.       1198.6    
     18835200.   0.33108E-01   1.0000       32239.       1186.1    
     18921600.   0.32863E-01   1.0000       32000.       1195.0    
     19008000.   0.32522E-01   1.0000       31669.       1207.5    
     19094400.   0.32240E-01   1.0000       31393.       1218.1    
     19180800.   0.31987E-01   1.0000       31148.       1227.7    
     19267200.   0.31767E-01   1.0000       30933.       1236.2    
     19353600.   0.31540E-01   1.0000       30712.       1245.1    
     19440000.   0.31324E-01   1.0000       30502.       1253.7    
     19526400.   0.31116E-01   1.0000       30299.       1262.1    
     19612800.   0.30913E-01   1.0000       30102.       1270.3    
     19699200.   0.30716E-01   1.0000       29910.       1278.5    
     19785600.   0.30524E-01   1.0000       29723.       1286.5    
     19872000.   0.30336E-01   1.0000       29540.       1294.5    
     19958400.   0.30714E-01   1.0000       29908.       1278.5    
     20044800.   0.31206E-01   1.0000       30387.       1258.4    
     20131200.   0.30713E-01   1.0000       29906.       1278.6    
     20217600.   0.30545E-01   1.0000       29743.       1285.6    
     20304000.   0.30348E-01   1.0000       29551.       1294.0    
     20390400.   0.30057E-01   1.0000       29268.       1306.5    
     20476800.   0.29810E-01   1.0000       29028.       1317.3    
     20563200.   0.29589E-01   1.0000       28812.       1327.2    
     20649600.   0.29383E-01   1.0000       28611.       1336.5    
     20736000.   0.29188E-01   1.0000       28421.       1345.4    
     20822400.   0.29001E-01   1.0000       28239.       1354.1    
     20908800.   0.28821E-01   1.0000       28064.       1362.6    
     20995200.   0.28646E-01   1.0000       27894.       1370.9    
     21081600.   0.28477E-01   1.0000       27729.       1379.0    
     21168000.   0.28311E-01   1.0000       27568.       1387.1    
     21254400.   0.28150E-01   1.0000       27411.       1395.0    
     21340800.   0.27992E-01   1.0000       27257.       1402.9    
     21427200.   0.27837E-01   1.0000       27107.       1410.7    
     21513600.   0.27771E-01   1.0000       27041.       1414.1    
     21600000.   0.28526E-01   1.0000       27777.       1376.7    
     21686400.   0.28091E-01   1.0000       27353.       1398.0    
     21772800.   0.27796E-01   1.0000       27066.       1412.8    
     21859200.   0.27570E-01   1.0000       26846.       1424.4    
     21945600.   0.27377E-01   1.0000       26658.       1434.4    
     22032000.   0.27202E-01   1.0000       26487.       1443.7    
     22118400.   0.27037E-01   1.0000       26327.       1452.4    
     22204800.   0.26880E-01   1.0000       26175.       1460.9    
     22291200.   0.26729E-01   1.0000       26027.       1469.2    
     22377600.   0.26582E-01   1.0000       25884.       1477.3    
     22464000.   0.27481E-01   1.0000       26760.       1429.0    
     22550400.   0.27156E-01   1.0000       26444.       1446.1    
     22636800.   0.27098E-01   1.0000       26387.       1449.2    
     22723200.   0.29774E-01   1.0000       28993.       1318.9    
     22809600.   0.29283E-01   1.0000       28514.       1341.1    
     22896000.   0.28919E-01   1.0000       28160.       1357.9    
     22982400.   0.28635E-01   1.0000       27883.       1371.4    
     23068800.   0.28391E-01   1.0000       27646.       1383.2    
     23155200.   0.28121E-01   1.0000       27382.       1396.5    
     23241600.   0.27858E-01   1.0000       27126.       1409.7    
     23328000.   0.27593E-01   1.0000       26869.       1423.2    
     23414400.   0.27343E-01   1.0000       26626.       1436.2    
     23500800.   0.27121E-01   1.0000       26409.       1447.9    
     23587200.   0.26913E-01   1.0000       26206.       1459.2    
     23673600.   0.26709E-01   1.0000       26008.       1470.3    
     23760000.   0.26504E-01   1.0000       25809.       1481.6    
     23846400.   0.26309E-01   1.0000       25619.       1492.6    
     23932800.   0.26128E-01   1.0000       25442.       1503.0    
     24019200.   0.25955E-01   1.0000       25274.       1513.0    
     24105600.   0.25788E-01   1.0000       25111.       1522.8    
     24192000.   0.25625E-01   1.0000       24952.       1532.5    
     24278400.   0.25465E-01   1.0000       24797.       1542.1    
     24364800.   0.25311E-01   1.0000       24646.       1551.5    
     24451200.   0.25162E-01   1.0000       24502.       1560.7    
     24537600.   0.25019E-01   1.0000       24362.       1569.6    
     24624000.   0.24880E-01   1.0000       24227.       1578.4    
     24710400.   0.24744E-01   1.0000       24095.       1587.0    
     24796800.   0.24612E-01   1.0000       23966.       1595.5    
     24883200.   0.24498E-01   1.0000       23854.       1603.0    
     24969600.   0.24662E-01   1.0000       24015.       1592.3    
     25056000.   0.24455E-01   1.0000       23813.       1605.8    
     25142400.   0.24291E-01   1.0000       23654.       1616.6    
     25228800.   0.24712E-01   1.0000       24063.       1589.1    
     25315200.   0.24471E-01   1.0000       23829.       1604.7    
     25401600.   0.24594E-01   1.0000       23948.       1596.8    
     25488000.   0.24653E-01   1.0000       24006.       1592.9    
     25574400.   0.24883E-01   1.0000       24230.       1578.2    
     25660800.   0.24651E-01   1.0000       24004.       1593.0    
     25747200.   0.25136E-01   1.0000       24476.       1562.3    
     25833600.   0.27395E-01   1.0000       26676.       1433.5    
     25920000.   0.29912E-01   1.0000       29126.       1312.9    
     26006400.   0.32058E-01   1.0000       31217.       1224.9    
     26092800.   0.32001E-01   1.0000       31161.       1227.1    
     26179200.   0.31193E-01   1.0000       30374.       1258.9    
     26265600.   0.30465E-01   1.0000       29665.       1289.0    
     26352000.   0.29858E-01   1.0000       29074.       1315.2    
     26438400.   0.29343E-01   1.0000       28572.       1338.3    
     26524800.   0.28887E-01   1.0000       28129.       1359.4    
     26611200.   0.28453E-01   1.0000       27706.       1380.2    
     26697600.   0.28073E-01   1.0000       27336.       1398.9    
     26784000.   0.27722E-01   1.0000       26994.       1416.6    
     26870400.   0.29488E-01   1.0000       28714.       1331.7    
     26956800.   0.30282E-01   1.0000       29487.       1296.8    
     27043200.   0.30950E-01   1.0000       30137.       1268.8    
     27129600.   0.30955E-01   1.0000       30142.       1268.6    
     27216000.   0.31281E-01   1.0000       30460.       1255.4    
     27302400.   0.32376E-01   1.0000       31526.       1212.9    
     27388800.   0.34526E-01   1.0000       33620.       1137.4    
     27475200.   0.36054E-01   1.0000       35108.       1089.2    
     27561600.   0.35270E-01   1.0000       34344.       1113.4    
     27648000.   0.34435E-01   1.0000       33531.       1140.4    
     27734400.   0.33627E-01   1.0000       32744.       1167.8    
     27820800.   0.33041E-01   1.0000       32174.       1188.5    
     27907200.   0.32652E-01   1.0000       31794.       1202.7    
     27993600.   0.33811E-01   1.0000       32924.       1161.4    
     28080000.   0.35253E-01   1.0000       34327.       1114.0    
     28166400.   0.35731E-01   1.0000       34793.       1099.0    
     28252800.   0.35037E-01   1.0000       34117.       1120.8    
     28339200.   0.34287E-01   1.0000       33387.       1145.3    
     28425600.   0.33602E-01   1.0000       32720.       1168.7    
     28512000.   0.32988E-01   1.0000       32122.       1190.4    
     28598400.   0.32432E-01   1.0000       31581.       1210.8    
     28684800.   0.31924E-01   1.0000       31086.       1230.1    
     28771200.   0.31454E-01   1.0000       30628.       1248.5    
     28857600.   0.31016E-01   1.0000       30202.       1266.1    
     28944000.   0.30600E-01   1.0000       29796.       1283.3    
     29030400.   0.30200E-01   1.0000       29407.       1300.3    
     29116800.   0.29824E-01   1.0000       29041.       1316.7    
     29203200.   0.29460E-01   1.0000       28686.       1333.0    
     29289600.   0.29118E-01   1.0000       28354.       1348.6    
     29376000.   0.28800E-01   1.0000       28044.       1363.5    
     29462400.   0.28501E-01   1.0000       27752.       1377.9    
     29548800.   0.28215E-01   1.0000       27474.       1391.8    
     29635200.   0.27940E-01   1.0000       27207.       1405.5    
     29721600.   0.27678E-01   1.0000       26951.       1418.8    
     29808000.   0.27422E-01   1.0000       26702.       1432.1    
     29894400.   0.27174E-01   1.0000       26461.       1445.1    
     29980800.   0.26935E-01   1.0000       26228.       1457.9    
     30067200.   0.26709E-01   1.0000       26008.       1470.3    
     30153600.   0.26492E-01   1.0000       25796.       1482.3    
     30240000.   0.26283E-01   1.0000       25593.       1494.1    
     30326400.   0.26081E-01   1.0000       25396.       1505.7    
     30412800.   0.25885E-01   1.0000       25205.       1517.1    
     30499200.   0.25696E-01   1.0000       25022.       1528.2    
     30585600.   0.25514E-01   1.0000       24844.       1539.2    
     30672000.   0.25337E-01   1.0000       24672.       1549.9    
     30758400.   0.25167E-01   1.0000       24506.       1560.4    
     30844800.   0.25001E-01   1.0000       24345.       1570.7    
     30931200.   0.24839E-01   1.0000       24187.       1581.0    
     31017600.   0.24682E-01   1.0000       24034.       1591.1    
     31104000.   0.24528E-01   1.0000       23884.       1601.0    
     31190400.   0.24379E-01   1.0000       23739.       1610.8    
     31276800.   0.24285E-01   1.0000       23648.       1617.0    
     31363200.   0.24128E-01   1.0000       23495.       1627.5    
     31449600.   0.23983E-01   1.0000       23353.       1637.4    
     31536000.   0.23844E-01   1.0000       23218.       1647.0    
     31622400.   0.23683E-01   1.0000       23061.       1658.2    
