   TOTIM (T)     FLOWRATE     DIAM.         RE           RT
        86400.   0.10151       1.0000       98847.       386.85    
       172800.   0.10052       1.0000       97881.       390.67    
       259200.   0.10047       1.0000       97830.       390.87    
       345600.   0.10034       1.0000       97701.       391.39    
       432000.   0.10097       1.0000       98322.       388.92    
       518400.   0.10139       1.0000       98733.       387.30    
       604800.   0.10155       1.0000       98887.       386.69    
       691200.   0.10258       1.0000       99889.       382.81    
       777600.   0.10530       1.0000      0.10253E+06   372.94    
       864000.   0.10924       1.0000      0.10637E+06   359.48    
       950400.   0.11130       1.0000      0.10838E+06   352.82    
      1036800.   0.11538       1.0000      0.11235E+06   340.35    
      1123200.   0.12210       1.0000      0.11890E+06   321.61    
      1209600.   0.12236       1.0000      0.11915E+06   320.94    
      1296000.   0.12192       1.0000      0.11871E+06   322.11    
      1382400.   0.12118       1.0000      0.11800E+06   324.05    
      1468800.   0.12032       1.0000      0.11716E+06   326.37    
      1555200.   0.11932       1.0000      0.11618E+06   329.12    
      1641600.   0.11824       1.0000      0.11514E+06   332.12    
      1728000.   0.11727       1.0000      0.11419E+06   334.87    
      1814400.   0.11639       1.0000      0.11333E+06   337.40    
      1900800.   0.11540       1.0000      0.11237E+06   340.28    
      1987200.   0.11447       1.0000      0.11146E+06   343.07    
      2073600.   0.11366       1.0000      0.11068E+06   345.50    
      2160000.   0.11274       1.0000      0.10978E+06   348.31    
      2246400.   0.11182       1.0000      0.10888E+06   351.19    
      2332800.   0.11090       1.0000      0.10799E+06   354.11    
      2419200.   0.10998       1.0000      0.10710E+06   357.05    
      2505600.   0.10949       1.0000      0.10661E+06   358.67    
      2592000.   0.10887       1.0000      0.10601E+06   360.72    
      2678400.   0.10973       1.0000      0.10685E+06   357.89    
      2764800.   0.11345       1.0000      0.11047E+06   346.14    
      2851200.   0.12210       1.0000      0.11889E+06   321.63    
      2937600.   0.12172       1.0000      0.11853E+06   322.62    
      3024000.   0.12238       1.0000      0.11917E+06   320.87    
      3110400.   0.12270       1.0000      0.11948E+06   320.05    
      3196800.   0.12236       1.0000      0.11914E+06   320.95    
      3283200.   0.12164       1.0000      0.11844E+06   322.84    
      3369600.   0.12174       1.0000      0.11854E+06   322.58    
      3456000.   0.12240       1.0000      0.11919E+06   320.82    
      3542400.   0.12350       1.0000      0.12026E+06   317.98    
      3628800.   0.12405       1.0000      0.12079E+06   316.57    
      3715200.   0.12370       1.0000      0.12046E+06   317.45    
      3801600.   0.12391       1.0000      0.12065E+06   316.93    
      3888000.   0.12452       1.0000      0.12125E+06   315.38    
      3974400.   0.12584       1.0000      0.12254E+06   312.06    
      4060800.   0.12701       1.0000      0.12368E+06   309.18    
      4147200.   0.12677       1.0000      0.12344E+06   309.77    
      4233600.   0.12609       1.0000      0.12278E+06   311.44    
      4320000.   0.12543       1.0000      0.12214E+06   313.07    
      4406400.   0.12468       1.0000      0.12141E+06   314.96    
      4492800.   0.12403       1.0000      0.12078E+06   316.60    
      4579200.   0.12321       1.0000      0.11998E+06   318.72    
      4665600.   0.12232       1.0000      0.11910E+06   321.05    
      4752000.   0.12330       1.0000      0.12006E+06   318.49    
      4838400.   0.12495       1.0000      0.12167E+06   314.29    
      4924800.   0.12689       1.0000      0.12356E+06   309.47    
      5011200.   0.12826       1.0000      0.12490E+06   306.16    
      5097600.   0.12803       1.0000      0.12467E+06   306.72    
      5184000.   0.12737       1.0000      0.12402E+06   308.32    
      5270400.   0.12667       1.0000      0.12334E+06   310.02    
      5356800.   0.12582       1.0000      0.12252E+06   312.11    
      5443200.   0.12612       1.0000      0.12281E+06   311.36    
      5529600.   0.12665       1.0000      0.12333E+06   310.06    
      5616000.   0.12728       1.0000      0.12394E+06   308.52    
      5702400.   0.12775       1.0000      0.12440E+06   307.39    
      5788800.   0.12768       1.0000      0.12433E+06   307.57    
      5875200.   0.12776       1.0000      0.12440E+06   307.38    
      5961600.   0.12762       1.0000      0.12427E+06   307.70    
      6048000.   0.12711       1.0000      0.12377E+06   308.95    
      6134400.   0.12638       1.0000      0.12306E+06   310.73    
      6220800.   0.12553       1.0000      0.12223E+06   312.84    
      6307200.   0.12461       1.0000      0.12134E+06   315.15    
      6393600.   0.12366       1.0000      0.12041E+06   317.57    
      6480000.   0.12270       1.0000      0.11948E+06   320.06    
      6566400.   0.12173       1.0000      0.11853E+06   322.61    
      6652800.   0.12076       1.0000      0.11759E+06   325.20    
      6739200.   0.11979       1.0000      0.11665E+06   327.81    
      6825600.   0.11883       1.0000      0.11571E+06   330.47    
      6912000.   0.11786       1.0000      0.11476E+06   333.19    
      6998400.   0.11690       1.0000      0.11383E+06   335.94    
      7084800.   0.11595       1.0000      0.11291E+06   338.67    
      7171200.   0.11503       1.0000      0.11201E+06   341.39    
      7257600.   0.11412       1.0000      0.11113E+06   344.11    
      7344000.   0.11323       1.0000      0.11026E+06   346.81    
      7430400.   0.11241       1.0000      0.10946E+06   349.34    
      7516800.   0.11160       1.0000      0.10867E+06   351.87    
      7603200.   0.11078       1.0000      0.10787E+06   354.49    
      7689600.   0.10997       1.0000      0.10708E+06   357.11    
      7776000.   0.10920       1.0000      0.10633E+06   359.62    
      7862400.   0.10842       1.0000      0.10557E+06   362.20    
      7948800.   0.10766       1.0000      0.10483E+06   364.75    
      8035200.   0.10692       1.0000      0.10411E+06   367.29    
      8121600.   0.10619       1.0000      0.10340E+06   369.81    
      8208000.   0.10547       1.0000      0.10270E+06   372.32    
      8294400.   0.10477       1.0000      0.10202E+06   374.81    
      8380800.   0.10709       1.0000      0.10428E+06   366.69    
      8467200.   0.10744       1.0000      0.10462E+06   365.50    
      8553600.   0.10754       1.0000      0.10472E+06   365.15    
      8640000.   0.10734       1.0000      0.10452E+06   365.84    
      8726400.   0.10697       1.0000      0.10416E+06   367.11    
      8812800.   0.10650       1.0000      0.10371E+06   368.72    
      8899200.   0.10590       1.0000      0.10312E+06   370.82    
      8985600.   0.10563       1.0000      0.10286E+06   371.76    
      9072000.   0.10597       1.0000      0.10319E+06   370.58    
      9158400.   0.10574       1.0000      0.10297E+06   371.37    
      9244800.   0.10718       1.0000      0.10437E+06   366.39    
      9331200.   0.11086       1.0000      0.10794E+06   354.25    
      9417600.   0.11919       1.0000      0.11606E+06   329.48    
      9504000.   0.12549       1.0000      0.12220E+06   312.93    
      9590400.   0.12566       1.0000      0.12236E+06   312.51    
      9676800.   0.12495       1.0000      0.12167E+06   314.29    
      9763200.   0.12382       1.0000      0.12057E+06   317.16    
      9849600.   0.12256       1.0000      0.11935E+06   320.41    
      9936000.   0.12326       1.0000      0.12003E+06   318.59    
     10022400.   0.12400       1.0000      0.12074E+06   316.70    
     10108800.   0.12433       1.0000      0.12107E+06   315.85    
     10195200.   0.12497       1.0000      0.12169E+06   314.23    
     10281600.   0.12539       1.0000      0.12210E+06   313.18    
     10368000.   0.12500       1.0000      0.12172E+06   314.16    
     10454400.   0.12421       1.0000      0.12095E+06   316.15    
     10540800.   0.12412       1.0000      0.12086E+06   316.40    
     10627200.   0.12446       1.0000      0.12119E+06   315.52    
     10713600.   0.12454       1.0000      0.12127E+06   315.32    
     10800000.   0.12419       1.0000      0.12093E+06   316.22    
     10886400.   0.12351       1.0000      0.12027E+06   317.94    
     10972800.   0.12264       1.0000      0.11942E+06   320.21    
     11059200.   0.12158       1.0000      0.11838E+06   323.01    
     11145600.   0.12045       1.0000      0.11729E+06   326.02    
     11232000.   0.11933       1.0000      0.11620E+06   329.08    
     11318400.   0.11823       1.0000      0.11513E+06   332.14    
     11404800.   0.11824       1.0000      0.11514E+06   332.12    
     11491200.   0.11734       1.0000      0.11426E+06   334.67    
     11577600.   0.11841       1.0000      0.11530E+06   331.64    
     11664000.   0.12170       1.0000      0.11850E+06   322.68    
     11750400.   0.12924       1.0000      0.12584E+06   303.86    
     11836800.   0.12893       1.0000      0.12554E+06   304.59    
     11923200.   0.12806       1.0000      0.12470E+06   306.66    
     12009600.   0.12697       1.0000      0.12363E+06   309.29    
     12096000.   0.12661       1.0000      0.12328E+06   310.18    
     12182400.   0.12618       1.0000      0.12287E+06   311.21    
     12268800.   0.12550       1.0000      0.12221E+06   312.91    
     12355200.   0.12462       1.0000      0.12135E+06   315.12    
     12441600.   0.12392       1.0000      0.12067E+06   316.89    
     12528000.   0.12574       1.0000      0.12244E+06   312.30    
     12614400.   0.12807       1.0000      0.12471E+06   306.63    
     12700800.   0.12806       1.0000      0.12470E+06   306.64    
     12787200.   0.12755       1.0000      0.12420E+06   307.88    
     12873600.   0.12669       1.0000      0.12336E+06   309.98    
     12960000.   0.12680       1.0000      0.12347E+06   309.70    
     13046400.   0.12641       1.0000      0.12309E+06   310.66    
     13132800.   0.12579       1.0000      0.12248E+06   312.20    
     13219200.   0.12529       1.0000      0.12200E+06   313.42    
     13305600.   0.12461       1.0000      0.12134E+06   315.15    
     13392000.   0.12541       1.0000      0.12212E+06   313.12    
     13478400.   0.12614       1.0000      0.12283E+06   311.31    
     13564800.   0.12606       1.0000      0.12275E+06   311.52    
     13651200.   0.12568       1.0000      0.12238E+06   312.45    
     13737600.   0.12508       1.0000      0.12179E+06   313.97    
     13824000.   0.12688       1.0000      0.12354E+06   309.52    
     13910400.   0.12966       1.0000      0.12626E+06   302.86    
     13996800.   0.13000       1.0000      0.12659E+06   302.08    
     14083200.   0.12960       1.0000      0.12620E+06   303.01    
     14169600.   0.13023       1.0000      0.12681E+06   301.54    
     14256000.   0.13083       1.0000      0.12740E+06   300.16    
     14342400.   0.13336       1.0000      0.12986E+06   294.47    
     14428800.   0.13955       1.0000      0.13589E+06   281.39    
     14515200.   0.14035       1.0000      0.13666E+06   279.80    
     14601600.   0.14167       1.0000      0.13795E+06   277.19    
     14688000.   0.14389       1.0000      0.14011E+06   272.92    
     14774400.   0.14503       1.0000      0.14122E+06   270.78    
     14860800.   0.14507       1.0000      0.14126E+06   270.70    
     14947200.   0.14479       1.0000      0.14099E+06   271.22    
     15033600.   0.14413       1.0000      0.14034E+06   272.47    
     15120000.   0.14322       1.0000      0.13946E+06   274.18    
     15206400.   0.14211       1.0000      0.13838E+06   276.34    
     15292800.   0.14085       1.0000      0.13715E+06   278.81    
     15379200.   0.14211       1.0000      0.13838E+06   276.34    
     15465600.   0.14290       1.0000      0.13915E+06   274.80    
     15552000.   0.14255       1.0000      0.13880E+06   275.49    
     15638400.   0.14161       1.0000      0.13789E+06   277.31    
     15724800.   0.14049       1.0000      0.13680E+06   279.53    
     15811200.   0.13928       1.0000      0.13563E+06   281.94    
     15897600.   0.13807       1.0000      0.13445E+06   284.41    
     15984000.   0.13713       1.0000      0.13353E+06   286.37    
     16070400.   0.13599       1.0000      0.13242E+06   288.78    
     16156800.   0.13484       1.0000      0.13130E+06   291.23    
     16243200.   0.13368       1.0000      0.13017E+06   293.75    
     16329600.   0.13254       1.0000      0.12906E+06   296.28    
     16416000.   0.13141       1.0000      0.12796E+06   298.83    
     16502400.   0.13030       1.0000      0.12688E+06   301.37    
     16588800.   0.12922       1.0000      0.12582E+06   303.91    
     16675200.   0.12815       1.0000      0.12479E+06   306.43    
     16761600.   0.12727       1.0000      0.12393E+06   308.56    
     16848000.   0.12656       1.0000      0.12323E+06   310.30    
     16934400.   0.12644       1.0000      0.12312E+06   310.58    
     17020800.   0.12611       1.0000      0.12280E+06   311.39    
     17107200.   0.12527       1.0000      0.12198E+06   313.48    
     17193600.   0.12440       1.0000      0.12114E+06   315.67    
     17280000.   0.12349       1.0000      0.12025E+06   318.00    
     17366400.   0.12256       1.0000      0.11935E+06   320.40    
     17452800.   0.12164       1.0000      0.11845E+06   322.82    
     17539200.   0.12074       1.0000      0.11757E+06   325.25    
     17625600.   0.11985       1.0000      0.11670E+06   327.67    
     17712000.   0.11923       1.0000      0.11610E+06   329.36    
     17798400.   0.11843       1.0000      0.11532E+06   331.60    
     17884800.   0.11759       1.0000      0.11450E+06   333.95    
     17971200.   0.11677       1.0000      0.11370E+06   336.31    
     18057600.   0.11596       1.0000      0.11291E+06   338.65    
     18144000.   0.11517       1.0000      0.11214E+06   340.98    
     18230400.   0.11439       1.0000      0.11138E+06   343.30    
     18316800.   0.11362       1.0000      0.11064E+06   345.61    
     18403200.   0.11288       1.0000      0.10991E+06   347.90    
     18489600.   0.11214       1.0000      0.10920E+06   350.18    
     18576000.   0.11142       1.0000      0.10849E+06   352.45    
     18662400.   0.11071       1.0000      0.10780E+06   354.71    
     18748800.   0.11001       1.0000      0.10713E+06   356.95    
     18835200.   0.10990       1.0000      0.10701E+06   357.32    
     18921600.   0.10936       1.0000      0.10649E+06   359.07    
     19008000.   0.10869       1.0000      0.10584E+06   361.30    
     19094400.   0.10801       1.0000      0.10518E+06   363.56    
     19180800.   0.10735       1.0000      0.10453E+06   365.83    
     19267200.   0.10670       1.0000      0.10390E+06   368.03    
     19353600.   0.10606       1.0000      0.10327E+06   370.27    
     19440000.   0.10543       1.0000      0.10266E+06   372.49    
     19526400.   0.10480       1.0000      0.10205E+06   374.70    
     19612800.   0.10419       1.0000      0.10146E+06   376.90    
     19699200.   0.10359       1.0000      0.10087E+06   379.09    
     19785600.   0.10300       1.0000      0.10029E+06   381.27    
     19872000.   0.10242       1.0000       99727.       383.43    
     19958400.   0.10243       1.0000       99740.       383.39    
     20044800.   0.10272       1.0000      0.10003E+06   382.29    
     20131200.   0.10214       1.0000       99455.       384.49    
     20217600.   0.10172       1.0000       99052.       386.05    
     20304000.   0.10125       1.0000       98592.       387.85    
     20390400.   0.10066       1.0000       98014.       390.14    
     20476800.   0.10007       1.0000       97442.       392.43    
     20563200.   0.99490E-01   1.0000       96878.       394.71    
     20649600.   0.98922E-01   1.0000       96325.       396.98    
     20736000.   0.98365E-01   1.0000       95783.       399.23    
     20822400.   0.97819E-01   1.0000       95251.       401.45    
     20908800.   0.97283E-01   1.0000       94729.       403.67    
     20995200.   0.96757E-01   1.0000       94216.       405.86    
     21081600.   0.96239E-01   1.0000       93713.       408.04    
     21168000.   0.95730E-01   1.0000       93217.       410.21    
     21254400.   0.95229E-01   1.0000       92729.       412.37    
     21340800.   0.94735E-01   1.0000       92248.       414.52    
     21427200.   0.94249E-01   1.0000       91774.       416.66    
     21513600.   0.93861E-01   1.0000       91397.       418.38    
     21600000.   0.94398E-01   1.0000       91920.       416.00    
     21686400.   0.93899E-01   1.0000       91434.       418.21    
     21772800.   0.93387E-01   1.0000       90935.       420.51    
     21859200.   0.92876E-01   1.0000       90437.       422.82    
     21945600.   0.92374E-01   1.0000       89949.       425.12    
     22032000.   0.91885E-01   1.0000       89472.       427.38    
     22118400.   0.91406E-01   1.0000       89006.       429.62    
     22204800.   0.90936E-01   1.0000       88549.       431.84    
     22291200.   0.90476E-01   1.0000       88100.       434.04    
     22377600.   0.90023E-01   1.0000       87660.       436.22    
     22464000.   0.90733E-01   1.0000       88351.       432.81    
     22550400.   0.90404E-01   1.0000       88030.       434.38    
     22636800.   0.90218E-01   1.0000       87850.       435.28    
     22723200.   0.93053E-01   1.0000       90610.       422.02    
     22809600.   0.93152E-01   1.0000       90706.       421.57    
     22896000.   0.93020E-01   1.0000       90578.       422.17    
     22982400.   0.92758E-01   1.0000       90323.       423.36    
     23068800.   0.92429E-01   1.0000       90002.       424.87    
     23155200.   0.92007E-01   1.0000       89591.       426.81    
     23241600.   0.91541E-01   1.0000       89137.       428.99    
     23328000.   0.91036E-01   1.0000       88646.       431.37    
     23414400.   0.90518E-01   1.0000       88142.       433.83    
     23500800.   0.90013E-01   1.0000       87649.       436.27    
     23587200.   0.89515E-01   1.0000       87165.       438.70    
     23673600.   0.89020E-01   1.0000       86683.       441.14    
     23760000.   0.88521E-01   1.0000       86197.       443.62    
     23846400.   0.88029E-01   1.0000       85717.       446.10    
     23932800.   0.87551E-01   1.0000       85252.       448.54    
     24019200.   0.87086E-01   1.0000       84800.       450.93    
     24105600.   0.86631E-01   1.0000       84357.       453.30    
     24192000.   0.86182E-01   1.0000       83919.       455.66    
     24278400.   0.85737E-01   1.0000       83486.       458.03    
     24364800.   0.85298E-01   1.0000       83059.       460.38    
     24451200.   0.84868E-01   1.0000       82640.       462.72    
     24537600.   0.84445E-01   1.0000       82228.       465.03    
     24624000.   0.84030E-01   1.0000       81824.       467.33    
     24710400.   0.83621E-01   1.0000       81426.       469.62    
     24796800.   0.83218E-01   1.0000       81033.       471.89    
     24883200.   0.82837E-01   1.0000       80662.       474.07    
     24969600.   0.82756E-01   1.0000       80583.       474.53    
     25056000.   0.82390E-01   1.0000       80227.       476.64    
     25142400.   0.82002E-01   1.0000       79849.       478.89    
     25228800.   0.82205E-01   1.0000       80047.       477.71    
     25315200.   0.81911E-01   1.0000       79760.       479.42    
     25401600.   0.81880E-01   1.0000       79730.       479.60    
     25488000.   0.81849E-01   1.0000       79700.       479.78    
     25574400.   0.82016E-01   1.0000       79863.       478.81    
     25660800.   0.81771E-01   1.0000       79624.       480.25    
     25747200.   0.82164E-01   1.0000       80007.       477.94    
     25833600.   0.84652E-01   1.0000       82430.       463.90    
     25920000.   0.88294E-01   1.0000       85976.       444.77    
     26006400.   0.91990E-01   1.0000       89575.       426.89    
     26092800.   0.93297E-01   1.0000       90848.       420.91    
     26179200.   0.93315E-01   1.0000       90865.       420.83    
     26265600.   0.92937E-01   1.0000       90497.       422.54    
     26352000.   0.92395E-01   1.0000       89969.       425.02    
     26438400.   0.91786E-01   1.0000       89376.       427.84    
     26524800.   0.91144E-01   1.0000       88751.       430.86    
     26611200.   0.90467E-01   1.0000       88092.       434.08    
     26697600.   0.89805E-01   1.0000       87447.       437.28    
     26784000.   0.89152E-01   1.0000       86812.       440.48    
     26870400.   0.90862E-01   1.0000       88477.       432.19    
     26956800.   0.92083E-01   1.0000       89665.       426.46    
     27043200.   0.93275E-01   1.0000       90826.       421.01    
     27129600.   0.93770E-01   1.0000       91308.       418.79    
     27216000.   0.94477E-01   1.0000       91996.       415.66    
     27302400.   0.96028E-01   1.0000       93507.       408.94    
     27388800.   0.98943E-01   1.0000       96345.       396.90    
     27475200.   0.10156       1.0000       98897.       386.66    
     27561600.   0.10181       1.0000       99141.       385.70    
     27648000.   0.10153       1.0000       98860.       386.80    
     27734400.   0.10091       1.0000       98259.       389.16    
     27820800.   0.10029       1.0000       97661.       391.55    
     27907200.   0.99781E-01   1.0000       97161.       393.56    
     27993600.   0.10090       1.0000       98250.       389.20    
     28080000.   0.10269       1.0000       99995.       382.41    
     28166400.   0.10379       1.0000      0.10106E+06   378.37    
     28252800.   0.10362       1.0000      0.10090E+06   378.97    
     28339200.   0.10308       1.0000      0.10038E+06   380.96    
     28425600.   0.10237       1.0000       99683.       383.61    
     28512000.   0.10158       1.0000       98916.       386.58    
     28598400.   0.10076       1.0000       98119.       389.72    
     28684800.   0.99940E-01   1.0000       97316.       392.94    
     28771200.   0.99118E-01   1.0000       96516.       396.19    
     28857600.   0.98308E-01   1.0000       95727.       399.46    
     28944000.   0.97504E-01   1.0000       94944.       402.75    
     29030400.   0.96705E-01   1.0000       94166.       406.08    
     29116800.   0.95922E-01   1.0000       93404.       409.39    
     29203200.   0.95146E-01   1.0000       92648.       412.73    
     29289600.   0.94389E-01   1.0000       91911.       416.04    
     29376000.   0.93656E-01   1.0000       91197.       419.30    
     29462400.   0.92944E-01   1.0000       90504.       422.51    
     29548800.   0.92252E-01   1.0000       89830.       425.68    
     29635200.   0.91575E-01   1.0000       89171.       428.83    
     29721600.   0.90915E-01   1.0000       88528.       431.94    
     29808000.   0.90265E-01   1.0000       87895.       435.05    
     29894400.   0.89627E-01   1.0000       87274.       438.15    
     29980800.   0.89003E-01   1.0000       86666.       441.22    
     30067200.   0.88397E-01   1.0000       86076.       444.25    
     30153600.   0.87807E-01   1.0000       85502.       447.23    
     30240000.   0.87234E-01   1.0000       84944.       450.17    
     30326400.   0.86678E-01   1.0000       84402.       453.06    
     30412800.   0.86133E-01   1.0000       83872.       455.92    
     30499200.   0.85600E-01   1.0000       83353.       458.76    
     30585600.   0.85077E-01   1.0000       82844.       461.58    
     30672000.   0.84565E-01   1.0000       82345.       464.37    
     30758400.   0.84064E-01   1.0000       81857.       467.14    
     30844800.   0.83572E-01   1.0000       81378.       469.89    
     30931200.   0.83090E-01   1.0000       80908.       472.62    
     31017600.   0.82615E-01   1.0000       80446.       475.34    
     31104000.   0.82150E-01   1.0000       79993.       478.03    
     31190400.   0.81693E-01   1.0000       79548.       480.70    
     31276800.   0.81298E-01   1.0000       79164.       483.04    
     31363200.   0.80861E-01   1.0000       78738.       485.65    
     31449600.   0.80426E-01   1.0000       78315.       488.27    
     31536000.   0.79999E-01   1.0000       77898.       490.88    
     31622400.   0.79551E-01   1.0000       77463.       493.64    
