   TOTIM (T)     FLOWRATE     DIAM.         RE           RT
        86400.  -0.46670E-01   1.0000       45445.       841.44    
       172800.  -0.46250E-01   1.0000       45036.       849.07    
       259200.  -0.46214E-01   1.0000       45001.       849.73    
       345600.  -0.46148E-01   1.0000       44937.       850.95    
       432000.  -0.46412E-01   1.0000       45194.       846.11    
       518400.  -0.46597E-01   1.0000       45373.       842.76    
       604800.  -0.46675E-01   1.0000       45449.       841.35    
       691200.  -0.47117E-01   1.0000       45880.       833.46    
       777600.  -0.48279E-01   1.0000       47011.       813.40    
       864000.  -0.49985E-01   1.0000       48673.       785.64    
       950400.  -0.50938E-01   1.0000       49601.       770.93    
      1036800.  -0.52724E-01   1.0000       51339.       744.83    
      1123200.  -0.55620E-01   1.0000       54160.       706.03    
      1209600.  -0.55885E-01   1.0000       54418.       702.69    
      1296000.  -0.55806E-01   1.0000       54341.       703.69    
      1382400.  -0.55535E-01   1.0000       54077.       707.12    
      1468800.  -0.55177E-01   1.0000       53728.       711.71    
      1555200.  -0.54740E-01   1.0000       53303.       717.39    
      1641600.  -0.54263E-01   1.0000       52838.       723.70    
      1728000.  -0.53823E-01   1.0000       52410.       729.61    
      1814400.  -0.53417E-01   1.0000       52015.       735.16    
      1900800.  -0.52968E-01   1.0000       51578.       741.38    
      1987200.  -0.52539E-01   1.0000       51160.       747.44    
      2073600.  -0.52163E-01   1.0000       50793.       752.83    
      2160000.  -0.51744E-01   1.0000       50385.       758.93    
      2246400.  -0.51321E-01   1.0000       49974.       765.18    
      2332800.  -0.50898E-01   1.0000       49562.       771.54    
      2419200.  -0.50479E-01   1.0000       49154.       777.94    
      2505600.  -0.50235E-01   1.0000       48916.       781.73    
      2592000.  -0.49945E-01   1.0000       48634.       786.27    
      2678400.  -0.50279E-01   1.0000       48959.       781.04    
      2764800.  -0.51832E-01   1.0000       50472.       757.63    
      2851200.  -0.55484E-01   1.0000       54027.       707.77    
      2937600.  -0.55494E-01   1.0000       54037.       707.64    
      3024000.  -0.55875E-01   1.0000       54408.       702.81    
      3110400.  -0.56050E-01   1.0000       54579.       700.62    
      3196800.  -0.55934E-01   1.0000       54465.       702.08    
      3283200.  -0.55643E-01   1.0000       54182.       705.75    
      3369600.  -0.55673E-01   1.0000       54211.       705.37    
      3456000.  -0.55940E-01   1.0000       54471.       702.01    
      3542400.  -0.56398E-01   1.0000       54917.       696.30    
      3628800.  -0.56644E-01   1.0000       55157.       693.27    
      3715200.  -0.56522E-01   1.0000       55038.       694.77    
      3801600.  -0.56608E-01   1.0000       55122.       693.72    
      3888000.  -0.56858E-01   1.0000       55365.       690.67    
      3974400.  -0.57412E-01   1.0000       55905.       684.00    
      4060800.  -0.57919E-01   1.0000       56398.       678.01    
      4147200.  -0.57851E-01   1.0000       56332.       678.81    
      4233600.  -0.57584E-01   1.0000       56072.       681.96    
      4320000.  -0.57301E-01   1.0000       55797.       685.32    
      4406400.  -0.56969E-01   1.0000       55474.       689.32    
      4492800.  -0.56676E-01   1.0000       55188.       692.89    
      4579200.  -0.56308E-01   1.0000       54830.       697.41    
      4665600.  -0.55906E-01   1.0000       54439.       702.42    
      4752000.  -0.56280E-01   1.0000       54803.       697.76    
      4838400.  -0.56954E-01   1.0000       55458.       689.51    
      4924800.  -0.57780E-01   1.0000       56263.       679.64    
      5011200.  -0.58390E-01   1.0000       56857.       672.54    
      5097600.  -0.58343E-01   1.0000       56811.       673.09    
      5184000.  -0.58090E-01   1.0000       56565.       676.01    
      5270400.  -0.57797E-01   1.0000       56279.       679.45    
      5356800.  -0.57428E-01   1.0000       55921.       683.81    
      5443200.  -0.57527E-01   1.0000       56016.       682.64    
      5529600.  -0.57731E-01   1.0000       56215.       680.22    
      5616000.  -0.57994E-01   1.0000       56472.       677.13    
      5702400.  -0.58198E-01   1.0000       56670.       674.76    
      5788800.  -0.58181E-01   1.0000       56653.       674.97    
      5875200.  -0.58218E-01   1.0000       56690.       674.53    
      5961600.  -0.58163E-01   1.0000       56636.       675.16    
      6048000.  -0.57948E-01   1.0000       56427.       677.67    
      6134400.  -0.57635E-01   1.0000       56122.       681.35    
      6220800.  -0.57263E-01   1.0000       55760.       685.78    
      6307200.  -0.56857E-01   1.0000       55364.       690.68    
      6393600.  -0.56433E-01   1.0000       54952.       695.87    
      6480000.  -0.56001E-01   1.0000       54531.       701.23    
      6566400.  -0.55565E-01   1.0000       54106.       706.74    
      6652800.  -0.55127E-01   1.0000       53680.       712.36    
      6739200.  -0.54693E-01   1.0000       53257.       718.01    
      6825600.  -0.54256E-01   1.0000       52832.       723.78    
      6912000.  -0.53819E-01   1.0000       52406.       729.67    
      6998400.  -0.53384E-01   1.0000       51983.       735.61    
      7084800.  -0.52958E-01   1.0000       51568.       741.53    
      7171200.  -0.52541E-01   1.0000       51162.       747.41    
      7257600.  -0.52130E-01   1.0000       50762.       753.30    
      7344000.  -0.51729E-01   1.0000       50371.       759.14    
      7430400.  -0.51358E-01   1.0000       50009.       764.63    
      7516800.  -0.50993E-01   1.0000       49654.       770.10    
      7603200.  -0.50622E-01   1.0000       49293.       775.75    
      7689600.  -0.50257E-01   1.0000       48938.       781.37    
      7776000.  -0.49912E-01   1.0000       48602.       786.78    
      7862400.  -0.49565E-01   1.0000       48263.       792.30    
      7948800.  -0.49225E-01   1.0000       47932.       797.77    
      8035200.  -0.48892E-01   1.0000       47608.       803.20    
      8121600.  -0.48567E-01   1.0000       47291.       808.58    
      8208000.  -0.48248E-01   1.0000       46981.       813.92    
      8294400.  -0.47936E-01   1.0000       46678.       819.21    
      8380800.  -0.48893E-01   1.0000       47609.       803.18    
      8467200.  -0.49068E-01   1.0000       47779.       800.32    
      8553600.  -0.49142E-01   1.0000       47852.       799.12    
      8640000.  -0.49075E-01   1.0000       47787.       800.20    
      8726400.  -0.48928E-01   1.0000       47644.       802.60    
      8812800.  -0.48733E-01   1.0000       47454.       805.82    
      8899200.  -0.48477E-01   1.0000       47204.       810.08    
      8985600.  -0.48355E-01   1.0000       47086.       812.12    
      9072000.  -0.48492E-01   1.0000       47219.       809.83    
      9158400.  -0.48402E-01   1.0000       47131.       811.33    
      9244800.  -0.49010E-01   1.0000       47723.       801.27    
      9331200.  -0.50574E-01   1.0000       49246.       776.49    
      9417600.  -0.54121E-01   1.0000       52700.       725.60    
      9504000.  -0.56904E-01   1.0000       55410.       690.11    
      9590400.  -0.57182E-01   1.0000       55681.       686.76    
      9676800.  -0.57013E-01   1.0000       55516.       688.79    
      9763200.  -0.56587E-01   1.0000       55101.       693.98    
      9849600.  -0.56067E-01   1.0000       54595.       700.41    
      9936000.  -0.56334E-01   1.0000       54855.       697.09    
     10022400.  -0.56633E-01   1.0000       55147.       693.41    
     10108800.  -0.56787E-01   1.0000       55297.       691.52    
     10195200.  -0.57067E-01   1.0000       55569.       688.14    
     10281600.  -0.57256E-01   1.0000       55753.       685.87    
     10368000.  -0.57109E-01   1.0000       55610.       687.63    
     10454400.  -0.56787E-01   1.0000       55296.       691.53    
     10540800.  -0.56731E-01   1.0000       55242.       692.21    
     10627200.  -0.56860E-01   1.0000       55367.       690.64    
     10713600.  -0.56890E-01   1.0000       55397.       690.27    
     10800000.  -0.56745E-01   1.0000       55255.       692.04    
     10886400.  -0.56460E-01   1.0000       54978.       695.54    
     10972800.  -0.56081E-01   1.0000       54609.       700.24    
     11059200.  -0.55615E-01   1.0000       54155.       706.11    
     11145600.  -0.55117E-01   1.0000       53670.       712.49    
     11232000.  -0.54614E-01   1.0000       53180.       719.04    
     11318400.  -0.54117E-01   1.0000       52696.       725.65    
     11404800.  -0.54080E-01   1.0000       52660.       726.15    
     11491200.  -0.53682E-01   1.0000       52272.       731.53    
     11577600.  -0.54102E-01   1.0000       52682.       725.85    
     11664000.  -0.55466E-01   1.0000       54010.       708.00    
     11750400.  -0.58632E-01   1.0000       57092.       669.77    
     11836800.  -0.58657E-01   1.0000       57117.       669.49    
     11923200.  -0.58401E-01   1.0000       56868.       672.41    
     12009600.  -0.57974E-01   1.0000       56452.       677.37    
     12096000.  -0.57813E-01   1.0000       56295.       679.26    
     12182400.  -0.57623E-01   1.0000       56110.       681.49    
     12268800.  -0.57328E-01   1.0000       55823.       685.01    
     12355200.  -0.56945E-01   1.0000       55450.       689.61    
     12441600.  -0.56631E-01   1.0000       55144.       693.43    
     12528000.  -0.57356E-01   1.0000       55850.       684.68    
     12614400.  -0.58326E-01   1.0000       56795.       673.28    
     12700800.  -0.58374E-01   1.0000       56842.       672.73    
     12787200.  -0.58195E-01   1.0000       56667.       674.80    
     12873600.  -0.57842E-01   1.0000       56323.       678.92    
     12960000.  -0.57873E-01   1.0000       56354.       678.55    
     13046400.  -0.57701E-01   1.0000       56186.       680.58    
     13132800.  -0.57435E-01   1.0000       55927.       683.73    
     13219200.  -0.57215E-01   1.0000       55713.       686.35    
     13305600.  -0.56913E-01   1.0000       55419.       690.00    
     13392000.  -0.57224E-01   1.0000       55721.       686.25    
     13478400.  -0.57523E-01   1.0000       56013.       682.68    
     13564800.  -0.57503E-01   1.0000       55993.       682.93    
     13651200.  -0.57356E-01   1.0000       55850.       684.67    
     13737600.  -0.57102E-01   1.0000       55603.       687.72    
     13824000.  -0.57829E-01   1.0000       56311.       679.07    
     13910400.  -0.58994E-01   1.0000       57445.       665.66    
     13996800.  -0.59193E-01   1.0000       57639.       663.42    
     14083200.  -0.59076E-01   1.0000       57525.       664.73    
     14169600.  -0.59349E-01   1.0000       57791.       661.68    
     14256000.  -0.59607E-01   1.0000       58042.       658.81    
     14342400.  -0.60662E-01   1.0000       59069.       647.36    
     14428800.  -0.63243E-01   1.0000       61583.       620.93    
     14515200.  -0.63696E-01   1.0000       62024.       616.52    
     14601600.  -0.64343E-01   1.0000       62654.       610.32    
     14688000.  -0.65310E-01   1.0000       63595.       601.29    
     14774400.  -0.65843E-01   1.0000       64114.       596.42    
     14860800.  -0.65923E-01   1.0000       64193.       595.69    
     14947200.  -0.65848E-01   1.0000       64119.       596.38    
     15033600.  -0.65588E-01   1.0000       63866.       598.74    
     15120000.  -0.65214E-01   1.0000       63502.       602.17    
     15206400.  -0.64738E-01   1.0000       63038.       606.60    
     15292800.  -0.64190E-01   1.0000       62505.       611.78    
     15379200.  -0.64658E-01   1.0000       62960.       607.35    
     15465600.  -0.64971E-01   1.0000       63265.       604.42    
     15552000.  -0.64841E-01   1.0000       63138.       605.64    
     15638400.  -0.64463E-01   1.0000       62770.       609.19    
     15724800.  -0.63986E-01   1.0000       62306.       613.73    
     15811200.  -0.63462E-01   1.0000       61795.       618.80    
     15897600.  -0.62925E-01   1.0000       61273.       624.08    
     15984000.  -0.62492E-01   1.0000       60851.       628.40    
     16070400.  -0.61981E-01   1.0000       60354.       633.58    
     16156800.  -0.61467E-01   1.0000       59854.       638.87    
     16243200.  -0.60948E-01   1.0000       59348.       644.32    
     16329600.  -0.60433E-01   1.0000       58846.       649.81    
     16416000.  -0.59924E-01   1.0000       58351.       655.33    
     16502400.  -0.59423E-01   1.0000       57863.       660.85    
     16588800.  -0.58932E-01   1.0000       57385.       666.36    
     16675200.  -0.58451E-01   1.0000       56917.       671.84    
     16761600.  -0.58046E-01   1.0000       56522.       676.53    
     16848000.  -0.57715E-01   1.0000       56199.       680.41    
     16934400.  -0.57636E-01   1.0000       56123.       681.34    
     17020800.  -0.57480E-01   1.0000       55971.       683.19    
     17107200.  -0.57122E-01   1.0000       55623.       687.47    
     17193600.  -0.56744E-01   1.0000       55254.       692.05    
     17280000.  -0.56342E-01   1.0000       54863.       696.99    
     17366400.  -0.55932E-01   1.0000       54463.       702.10    
     17452800.  -0.55523E-01   1.0000       54065.       707.28    
     17539200.  -0.55118E-01   1.0000       53671.       712.46    
     17625600.  -0.54721E-01   1.0000       53285.       717.63    
     17712000.  -0.54438E-01   1.0000       53009.       721.37    
     17798400.  -0.54081E-01   1.0000       52661.       726.13    
     17884800.  -0.53713E-01   1.0000       52303.       731.10    
     17971200.  -0.53348E-01   1.0000       51948.       736.10    
     18057600.  -0.52990E-01   1.0000       51598.       741.09    
     18144000.  -0.52637E-01   1.0000       51255.       746.05    
     18230400.  -0.52292E-01   1.0000       50919.       750.98    
     18316800.  -0.51953E-01   1.0000       50589.       755.87    
     18403200.  -0.51622E-01   1.0000       50266.       760.73    
     18489600.  -0.51296E-01   1.0000       49949.       765.55    
     18576000.  -0.50977E-01   1.0000       49639.       770.34    
     18662400.  -0.50664E-01   1.0000       49334.       775.11    
     18748800.  -0.50357E-01   1.0000       49035.       779.84    
     18835200.  -0.50293E-01   1.0000       48973.       780.82    
     18921600.  -0.50063E-01   1.0000       48749.       784.41    
     19008000.  -0.49775E-01   1.0000       48468.       788.95    
     19094400.  -0.49482E-01   1.0000       48182.       793.63    
     19180800.  -0.49190E-01   1.0000       47898.       798.34    
     19267200.  -0.48908E-01   1.0000       47624.       802.94    
     19353600.  -0.48625E-01   1.0000       47349.       807.60    
     19440000.  -0.48348E-01   1.0000       47079.       812.24    
     19526400.  -0.48075E-01   1.0000       46813.       816.85    
     19612800.  -0.47807E-01   1.0000       46552.       821.43    
     19699200.  -0.47543E-01   1.0000       46295.       825.98    
     19785600.  -0.47284E-01   1.0000       46043.       830.51    
     19872000.  -0.47030E-01   1.0000       45795.       835.01    
     19958400.  -0.47027E-01   1.0000       45792.       835.05    
     20044800.  -0.47152E-01   1.0000       45914.       832.84    
     20131200.  -0.46913E-01   1.0000       45682.       837.08    
     20217600.  -0.46741E-01   1.0000       45514.       840.16    
     20304000.  -0.46540E-01   1.0000       45318.       843.79    
     20390400.  -0.46286E-01   1.0000       45070.       848.43    
     20476800.  -0.46031E-01   1.0000       44823.       853.12    
     20563200.  -0.45779E-01   1.0000       44577.       857.82    
     20649600.  -0.45531E-01   1.0000       44335.       862.49    
     20736000.  -0.45287E-01   1.0000       44098.       867.13    
     20822400.  -0.45048E-01   1.0000       43866.       871.73    
     20908800.  -0.44814E-01   1.0000       43637.       876.29    
     20995200.  -0.44584E-01   1.0000       43413.       880.81    
     21081600.  -0.44358E-01   1.0000       43193.       885.30    
     21168000.  -0.44135E-01   1.0000       42977.       889.76    
     21254400.  -0.43917E-01   1.0000       42764.       894.19    
     21340800.  -0.43701E-01   1.0000       42554.       898.60    
     21427200.  -0.43489E-01   1.0000       42347.       902.98    
     21513600.  -0.43320E-01   1.0000       42183.       906.50    
     21600000.  -0.43556E-01   1.0000       42412.       901.60    
     21686400.  -0.43342E-01   1.0000       42204.       906.05    
     21772800.  -0.43129E-01   1.0000       41996.       910.53    
     21859200.  -0.42909E-01   1.0000       41783.       915.19    
     21945600.  -0.42692E-01   1.0000       41571.       919.85    
     22032000.  -0.42478E-01   1.0000       41363.       924.47    
     22118400.  -0.42269E-01   1.0000       41159.       929.05    
     22204800.  -0.42064E-01   1.0000       40960.       933.57    
     22291200.  -0.41863E-01   1.0000       40764.       938.06    
     22377600.  -0.41665E-01   1.0000       40571.       942.51    
     22464000.  -0.41986E-01   1.0000       40884.       935.30    
     22550400.  -0.41838E-01   1.0000       40739.       938.62    
     22636800.  -0.41769E-01   1.0000       40673.       940.16    
     22723200.  -0.43027E-01   1.0000       41897.       912.68    
     22809600.  -0.43073E-01   1.0000       41942.       911.71    
     22896000.  -0.43048E-01   1.0000       41918.       912.23    
     22982400.  -0.42951E-01   1.0000       41824.       914.29    
     23068800.  -0.42817E-01   1.0000       41693.       917.16    
     23155200.  -0.42638E-01   1.0000       41518.       921.02    
     23241600.  -0.42436E-01   1.0000       41322.       925.39    
     23328000.  -0.42215E-01   1.0000       41107.       930.23    
     23414400.  -0.41988E-01   1.0000       40885.       935.28    
     23500800.  -0.41764E-01   1.0000       40667.       940.28    
     23587200.  -0.41543E-01   1.0000       40452.       945.29    
     23673600.  -0.41322E-01   1.0000       40237.       950.34    
     23760000.  -0.41098E-01   1.0000       40019.       955.52    
     23846400.  -0.40876E-01   1.0000       39803.       960.70    
     23932800.  -0.40664E-01   1.0000       39596.       965.72    
     24019200.  -0.40460E-01   1.0000       39398.       970.58    
     24105600.  -0.40260E-01   1.0000       39203.       975.40    
     24192000.  -0.40062E-01   1.0000       39011.       980.22    
     24278400.  -0.39866E-01   1.0000       38819.       985.05    
     24364800.  -0.39673E-01   1.0000       38631.       989.85    
     24451200.  -0.39483E-01   1.0000       38446.       994.61    
     24537600.  -0.39296E-01   1.0000       38265.       999.33    
     24624000.  -0.39113E-01   1.0000       38086.       1004.0    
     24710400.  -0.38933E-01   1.0000       37911.       1008.7    
     24796800.  -0.38756E-01   1.0000       37738.       1013.3    
     24883200.  -0.38588E-01   1.0000       37575.       1017.7    
     24969600.  -0.38555E-01   1.0000       37543.       1018.5    
     25056000.  -0.38392E-01   1.0000       37384.       1022.9    
     25142400.  -0.38224E-01   1.0000       37221.       1027.3    
     25228800.  -0.38321E-01   1.0000       37315.       1024.8    
     25315200.  -0.38188E-01   1.0000       37185.       1028.3    
     25401600.  -0.38183E-01   1.0000       37181.       1028.5    
     25488000.  -0.38173E-01   1.0000       37171.       1028.7    
     25574400.  -0.38253E-01   1.0000       37249.       1026.6    
     25660800.  -0.38147E-01   1.0000       37145.       1029.4    
     25747200.  -0.38334E-01   1.0000       37327.       1024.4    
     25833600.  -0.39459E-01   1.0000       38423.       995.22    
     25920000.  -0.41108E-01   1.0000       40029.       955.28    
     26006400.  -0.42709E-01   1.0000       41588.       919.48    
     26092800.  -0.43320E-01   1.0000       42183.       906.50    
     26179200.  -0.43384E-01   1.0000       42245.       905.17    
     26265600.  -0.43252E-01   1.0000       42117.       907.93    
     26352000.  -0.43028E-01   1.0000       41899.       912.65    
     26438400.  -0.42763E-01   1.0000       41640.       918.31    
     26524800.  -0.42477E-01   1.0000       41362.       924.49    
     26611200.  -0.42172E-01   1.0000       41065.       931.19    
     26697600.  -0.41871E-01   1.0000       40772.       937.88    
     26784000.  -0.41573E-01   1.0000       40482.       944.60    
     26870400.  -0.42325E-01   1.0000       41214.       927.82    
     26956800.  -0.42845E-01   1.0000       41720.       916.57    
     27043200.  -0.43376E-01   1.0000       42237.       905.33    
     27129600.  -0.43609E-01   1.0000       42464.       900.50    
     27216000.  -0.43933E-01   1.0000       42779.       893.87    
     27302400.  -0.44615E-01   1.0000       43443.       880.20    
     27388800.  -0.45880E-01   1.0000       44676.       855.92    
     27475200.  -0.47040E-01   1.0000       45805.       834.83    
     27561600.  -0.47215E-01   1.0000       45975.       831.73    
     27648000.  -0.47132E-01   1.0000       45895.       833.19    
     27734400.  -0.46880E-01   1.0000       45650.       837.66    
     27820800.  -0.46611E-01   1.0000       45388.       842.49    
     27907200.  -0.46377E-01   1.0000       45159.       846.76    
     27993600.  -0.46831E-01   1.0000       45602.       838.54    
     28080000.  -0.47590E-01   1.0000       46341.       825.17    
     28166400.  -0.48081E-01   1.0000       46818.       816.75    
     28252800.  -0.48043E-01   1.0000       46782.       817.39    
     28339200.  -0.47825E-01   1.0000       46569.       821.12    
     28425600.  -0.47516E-01   1.0000       46268.       826.46    
     28512000.  -0.47163E-01   1.0000       45925.       832.65    
     28598400.  -0.46791E-01   1.0000       45562.       839.27    
     28684800.  -0.46412E-01   1.0000       45194.       846.11    
     28771200.  -0.46033E-01   1.0000       44825.       853.07    
     28857600.  -0.45659E-01   1.0000       44460.       860.08    
     28944000.  -0.45286E-01   1.0000       44097.       867.15    
     29030400.  -0.44917E-01   1.0000       43738.       874.28    
     29116800.  -0.44554E-01   1.0000       43384.       881.40    
     29203200.  -0.44195E-01   1.0000       43035.       888.56    
     29289600.  -0.43845E-01   1.0000       42693.       895.66    
     29376000.  -0.43505E-01   1.0000       42363.       902.65    
     29462400.  -0.43176E-01   1.0000       42042.       909.53    
     29548800.  -0.42856E-01   1.0000       41731.       916.32    
     29635200.  -0.42544E-01   1.0000       41427.       923.05    
     29721600.  -0.42239E-01   1.0000       41130.       929.70    
     29808000.  -0.41940E-01   1.0000       40839.       936.32    
     29894400.  -0.41648E-01   1.0000       40554.       942.90    
     29980800.  -0.41361E-01   1.0000       40275.       949.45    
     30067200.  -0.41081E-01   1.0000       40002.       955.91    
     30153600.  -0.40807E-01   1.0000       39736.       962.32    
     30240000.  -0.40545E-01   1.0000       39481.       968.55    
     30326400.  -0.40295E-01   1.0000       39237.       974.56    
     30412800.  -0.40051E-01   1.0000       38999.       980.51    
     30499200.  -0.39810E-01   1.0000       38765.       986.43    
     30585600.  -0.39575E-01   1.0000       38536.       992.30    
     30672000.  -0.39344E-01   1.0000       38311.       998.11    
     30758400.  -0.39119E-01   1.0000       38092.       1003.9    
     30844800.  -0.38898E-01   1.0000       37876.       1009.6    
     30931200.  -0.38681E-01   1.0000       37665.       1015.2    
     31017600.  -0.38468E-01   1.0000       37458.       1020.8    
     31104000.  -0.38259E-01   1.0000       37255.       1026.4    
     31190400.  -0.38055E-01   1.0000       37056.       1031.9    
     31276800.  -0.37879E-01   1.0000       36884.       1036.7    
     31363200.  -0.37683E-01   1.0000       36694.       1042.1    
     31449600.  -0.37490E-01   1.0000       36506.       1047.5    
     31536000.  -0.37299E-01   1.0000       36320.       1052.8    
     31622400.  -0.37100E-01   1.0000       36126.       1058.5    
