   TOTIM (T)     FLOWRATE     DIAM.         RE           RT
        86400.  -0.28981       1.0000      0.28220E+06   135.50    
       172800.  -0.28328       1.0000      0.27584E+06   138.63    
       259200.  -0.28430       1.0000      0.27683E+06   138.13    
       345600.  -0.28414       1.0000      0.27668E+06   138.21    
       432000.  -0.28882       1.0000      0.28124E+06   135.97    
       518400.  -0.29098       1.0000      0.28334E+06   134.96    
       604800.  -0.29119       1.0000      0.28355E+06   134.86    
       691200.  -0.29744       1.0000      0.28963E+06   132.02    
       777600.  -0.31395       1.0000      0.30570E+06   125.08    
       864000.  -0.33609       1.0000      0.32727E+06   116.84    
       950400.  -0.34234       1.0000      0.33336E+06   114.71    
      1036800.  -0.36414       1.0000      0.35458E+06   107.84    
      1123200.  -0.40285       1.0000      0.39227E+06   97.481    
      1209600.  -0.38880       1.0000      0.37859E+06   101.00    
      1296000.  -0.37790       1.0000      0.36798E+06   103.92    
      1382400.  -0.36939       1.0000      0.35969E+06   106.31    
      1468800.  -0.36219       1.0000      0.35268E+06   108.42    
      1555200.  -0.35517       1.0000      0.34584E+06   110.57    
      1641600.  -0.34856       1.0000      0.33941E+06   112.66    
      1728000.  -0.34338       1.0000      0.33436E+06   114.36    
      1814400.  -0.33903       1.0000      0.33013E+06   115.83    
      1900800.  -0.33399       1.0000      0.32522E+06   117.58    
      1987200.  -0.32958       1.0000      0.32093E+06   119.15    
      2073600.  -0.32621       1.0000      0.31765E+06   120.38    
      2160000.  -0.32196       1.0000      0.31351E+06   121.97    
      2246400.  -0.31785       1.0000      0.30950E+06   123.55    
      2332800.  -0.31390       1.0000      0.30565E+06   125.11    
      2419200.  -0.31010       1.0000      0.30196E+06   126.64    
      2505600.  -0.30926       1.0000      0.30114E+06   126.98    
      2592000.  -0.30692       1.0000      0.29887E+06   127.95    
      2678400.  -0.31480       1.0000      0.30654E+06   124.74    
      2764800.  -0.34038       1.0000      0.33144E+06   115.37    
      2851200.  -0.39630       1.0000      0.38590E+06   99.090    
      2937600.  -0.37647       1.0000      0.36659E+06   104.31    
      3024000.  -0.37483       1.0000      0.36499E+06   104.77    
      3110400.  -0.37296       1.0000      0.36317E+06   105.29    
      3196800.  -0.36754       1.0000      0.35789E+06   106.85    
      3283200.  -0.36113       1.0000      0.35165E+06   108.74    
      3369600.  -0.36218       1.0000      0.35267E+06   108.43    
      3456000.  -0.36658       1.0000      0.35696E+06   107.12    
      3542400.  -0.37288       1.0000      0.36309E+06   105.32    
      3628800.  -0.37391       1.0000      0.36409E+06   105.03    
      3715200.  -0.36882       1.0000      0.35913E+06   106.48    
      3801600.  -0.36960       1.0000      0.35989E+06   106.25    
      3888000.  -0.37311       1.0000      0.36332E+06   105.25    
      3974400.  -0.38113       1.0000      0.37113E+06   103.03    
      4060800.  -0.38641       1.0000      0.37627E+06   101.63    
      4147200.  -0.38065       1.0000      0.37065E+06   103.17    
      4233600.  -0.37409       1.0000      0.36427E+06   104.97    
      4320000.  -0.36947       1.0000      0.35977E+06   106.29    
      4406400.  -0.36484       1.0000      0.35526E+06   107.64    
      4492800.  -0.36153       1.0000      0.35204E+06   108.62    
      4579200.  -0.35700       1.0000      0.34762E+06   110.00    
      4665600.  -0.35234       1.0000      0.34309E+06   111.45    
      4752000.  -0.36198       1.0000      0.35248E+06   108.49    
      4838400.  -0.37328       1.0000      0.36348E+06   105.20    
      4924800.  -0.38436       1.0000      0.37427E+06   102.17    
      5011200.  -0.38961       1.0000      0.37938E+06   100.79    
      5097600.  -0.38308       1.0000      0.37302E+06   102.51    
      5184000.  -0.37635       1.0000      0.36646E+06   104.35    
      5270400.  -0.37135       1.0000      0.36160E+06   105.75    
      5356800.  -0.36608       1.0000      0.35647E+06   107.27    
      5443200.  -0.37014       1.0000      0.36042E+06   106.09    
      5529600.  -0.37404       1.0000      0.36422E+06   104.99    
      5616000.  -0.37764       1.0000      0.36773E+06   103.99    
      5702400.  -0.37939       1.0000      0.36943E+06   103.51    
      5788800.  -0.37709       1.0000      0.36719E+06   104.14    
      5875200.  -0.37699       1.0000      0.36710E+06   104.17    
      5961600.  -0.37536       1.0000      0.36550E+06   104.62    
      6048000.  -0.37129       1.0000      0.36155E+06   105.77    
      6134400.  -0.36653       1.0000      0.35691E+06   107.14    
      6220800.  -0.36168       1.0000      0.35218E+06   108.58    
      6307200.  -0.35693       1.0000      0.34756E+06   110.02    
      6393600.  -0.35238       1.0000      0.34313E+06   111.44    
      6480000.  -0.34802       1.0000      0.33888E+06   112.84    
      6566400.  -0.34380       1.0000      0.33478E+06   114.22    
      6652800.  -0.33971       1.0000      0.33080E+06   115.60    
      6739200.  -0.33582       1.0000      0.32700E+06   116.94    
      6825600.  -0.33195       1.0000      0.32323E+06   118.30    
      6912000.  -0.32813       1.0000      0.31951E+06   119.68    
      6998400.  -0.32444       1.0000      0.31592E+06   121.04    
      7084800.  -0.32093       1.0000      0.31250E+06   122.36    
      7171200.  -0.31757       1.0000      0.30923E+06   123.66    
      7257600.  -0.31430       1.0000      0.30605E+06   124.94    
      7344000.  -0.31118       1.0000      0.30301E+06   126.20    
      7430400.  -0.30852       1.0000      0.30042E+06   127.29    
      7516800.  -0.30583       1.0000      0.29780E+06   128.41    
      7603200.  -0.30295       1.0000      0.29500E+06   129.62    
      7689600.  -0.30020       1.0000      0.29232E+06   130.81    
      7776000.  -0.29775       1.0000      0.28993E+06   131.89    
      7862400.  -0.29517       1.0000      0.28742E+06   133.04    
      7948800.  -0.29269       1.0000      0.28501E+06   134.17    
      8035200.  -0.29030       1.0000      0.28268E+06   135.27    
      8121600.  -0.28798       1.0000      0.28042E+06   136.36    
      8208000.  -0.28572       1.0000      0.27822E+06   137.44    
      8294400.  -0.28353       1.0000      0.27609E+06   138.50    
      8380800.  -0.30174       1.0000      0.29382E+06   130.15    
      8467200.  -0.30203       1.0000      0.29410E+06   130.02    
      8553600.  -0.30158       1.0000      0.29366E+06   130.21    
      8640000.  -0.29987       1.0000      0.29200E+06   130.95    
      8726400.  -0.29773       1.0000      0.28991E+06   131.90    
      8812800.  -0.29544       1.0000      0.28769E+06   132.92    
      8899200.  -0.29261       1.0000      0.28493E+06   134.21    
      8985600.  -0.29238       1.0000      0.28471E+06   134.31    
      9072000.  -0.29593       1.0000      0.28816E+06   132.70    
      9158400.  -0.29459       1.0000      0.28686E+06   133.30    
      9244800.  -0.30496       1.0000      0.29695E+06   128.77    
      9331200.  -0.32846       1.0000      0.31984E+06   119.56    
      9417600.  -0.38096       1.0000      0.37096E+06   103.08    
      9504000.  -0.41077       1.0000      0.39999E+06   95.600    
      9590400.  -0.39405       1.0000      0.38371E+06   99.657    
      9676800.  -0.38070       1.0000      0.37071E+06   103.15    
      9763200.  -0.36960       1.0000      0.35989E+06   106.25    
      9849600.  -0.36042       1.0000      0.35095E+06   108.96    
      9936000.  -0.36714       1.0000      0.35750E+06   106.96    
     10022400.  -0.37131       1.0000      0.36156E+06   105.76    
     10108800.  -0.37149       1.0000      0.36174E+06   105.71    
     10195200.  -0.37433       1.0000      0.36450E+06   104.91    
     10281600.  -0.37512       1.0000      0.36527E+06   104.69    
     10368000.  -0.37010       1.0000      0.36039E+06   106.11    
     10454400.  -0.36379       1.0000      0.35424E+06   107.95    
     10540800.  -0.36399       1.0000      0.35443E+06   107.89    
     10627200.  -0.36679       1.0000      0.35716E+06   107.07    
     10713600.  -0.36655       1.0000      0.35693E+06   107.13    
     10800000.  -0.36323       1.0000      0.35370E+06   108.11    
     10886400.  -0.35843       1.0000      0.34902E+06   109.56    
     10972800.  -0.35309       1.0000      0.34382E+06   111.22    
     11059200.  -0.34715       1.0000      0.33804E+06   113.12    
     11145600.  -0.34152       1.0000      0.33255E+06   114.99    
     11232000.  -0.33636       1.0000      0.32753E+06   116.75    
     11318400.  -0.33159       1.0000      0.32288E+06   118.43    
     11404800.  -0.33498       1.0000      0.32618E+06   117.23    
     11491200.  -0.32990       1.0000      0.32124E+06   119.04    
     11577600.  -0.33994       1.0000      0.33102E+06   115.52    
     11664000.  -0.36311       1.0000      0.35357E+06   108.15    
     11750400.  -0.41315       1.0000      0.40231E+06   95.049    
     11836800.  -0.39456       1.0000      0.38420E+06   99.528    
     11923200.  -0.38193       1.0000      0.37190E+06   102.82    
     12009600.  -0.37257       1.0000      0.36279E+06   105.40    
     12096000.  -0.37094       1.0000      0.36120E+06   105.87    
     12182400.  -0.36840       1.0000      0.35873E+06   106.60    
     12268800.  -0.36398       1.0000      0.35442E+06   107.89    
     12355200.  -0.35872       1.0000      0.34930E+06   109.47    
     12441600.  -0.35553       1.0000      0.34619E+06   110.46    
     12528000.  -0.37109       1.0000      0.36135E+06   105.82    
     12614400.  -0.38588       1.0000      0.37575E+06   101.77    
     12700800.  -0.38029       1.0000      0.37031E+06   103.26    
     12787200.  -0.37413       1.0000      0.36430E+06   104.96    
     12873600.  -0.36750       1.0000      0.35785E+06   106.86    
     12960000.  -0.36973       1.0000      0.36002E+06   106.21    
     13046400.  -0.36687       1.0000      0.35724E+06   107.04    
     13132800.  -0.36284       1.0000      0.35331E+06   108.23    
     13219200.  -0.36048       1.0000      0.35102E+06   108.94    
     13305600.  -0.35673       1.0000      0.34736E+06   110.08    
     13392000.  -0.36454       1.0000      0.35497E+06   107.72    
     13478400.  -0.36919       1.0000      0.35949E+06   106.37    
     13564800.  -0.36684       1.0000      0.35721E+06   107.05    
     13651200.  -0.36352       1.0000      0.35398E+06   108.03    
     13737600.  -0.35945       1.0000      0.35001E+06   109.25    
     13824000.  -0.37419       1.0000      0.36437E+06   104.95    
     13910400.  -0.39229       1.0000      0.38199E+06   100.10    
     13996800.  -0.38827       1.0000      0.37808E+06   101.14    
     14083200.  -0.38187       1.0000      0.37185E+06   102.84    
     14169600.  -0.38592       1.0000      0.37579E+06   101.76    
     14256000.  -0.38866       1.0000      0.37846E+06   101.04    
     14342400.  -0.40591       1.0000      0.39525E+06   96.746    
     14428800.  -0.44829       1.0000      0.43652E+06   87.600    
     14515200.  -0.43912       1.0000      0.42759E+06   89.428    
     14601600.  -0.44158       1.0000      0.42998E+06   88.931    
     14688000.  -0.45277       1.0000      0.44088E+06   86.733    
     14774400.  -0.45372       1.0000      0.44180E+06   86.552    
     14860800.  -0.44744       1.0000      0.43569E+06   87.765    
     14947200.  -0.44167       1.0000      0.43008E+06   88.912    
     15033600.  -0.43458       1.0000      0.42317E+06   90.363    
     15120000.  -0.42727       1.0000      0.41605E+06   91.909    
     15206400.  -0.41952       1.0000      0.40850E+06   93.608    
     15292800.  -0.41172       1.0000      0.40091E+06   95.381    
     15379200.  -0.42507       1.0000      0.41391E+06   92.384    
     15465600.  -0.42965       1.0000      0.41837E+06   91.400    
     15552000.  -0.42406       1.0000      0.41293E+06   92.605    
     15638400.  -0.41603       1.0000      0.40510E+06   94.393    
     15724800.  -0.40858       1.0000      0.39785E+06   96.114    
     15811200.  -0.40176       1.0000      0.39121E+06   97.745    
     15897600.  -0.39559       1.0000      0.38521E+06   99.268    
     15984000.  -0.39194       1.0000      0.38165E+06   100.19    
     16070400.  -0.38642       1.0000      0.37627E+06   101.63    
     16156800.  -0.38124       1.0000      0.37123E+06   103.01    
     16243200.  -0.37623       1.0000      0.36635E+06   104.38    
     16329600.  -0.37148       1.0000      0.36173E+06   105.71    
     16416000.  -0.36694       1.0000      0.35731E+06   107.02    
     16502400.  -0.36261       1.0000      0.35309E+06   108.30    
     16588800.  -0.35848       1.0000      0.34906E+06   109.55    
     16675200.  -0.35452       1.0000      0.34521E+06   110.77    
     16761600.  -0.35193       1.0000      0.34269E+06   111.59    
     16848000.  -0.35027       1.0000      0.34107E+06   112.11    
     16934400.  -0.35267       1.0000      0.34341E+06   111.35    
     17020800.  -0.35208       1.0000      0.34284E+06   111.54    
     17107200.  -0.34760       1.0000      0.33847E+06   112.98    
     17193600.  -0.34380       1.0000      0.33477E+06   114.22    
     17280000.  -0.34010       1.0000      0.33117E+06   115.47    
     17366400.  -0.33653       1.0000      0.32769E+06   116.69    
     17452800.  -0.33314       1.0000      0.32439E+06   117.88    
     17539200.  -0.32992       1.0000      0.32125E+06   119.03    
     17625600.  -0.32684       1.0000      0.31826E+06   120.15    
     17712000.  -0.32574       1.0000      0.31718E+06   120.56    
     17798400.  -0.32278       1.0000      0.31430E+06   121.66    
     17884800.  -0.31977       1.0000      0.31137E+06   122.81    
     17971200.  -0.31696       1.0000      0.30864E+06   123.90    
     18057600.  -0.31429       1.0000      0.30604E+06   124.95    
     18144000.  -0.31172       1.0000      0.30353E+06   125.98    
     18230400.  -0.30923       1.0000      0.30111E+06   126.99    
     18316800.  -0.30681       1.0000      0.29876E+06   127.99    
     18403200.  -0.30447       1.0000      0.29647E+06   128.98    
     18489600.  -0.30219       1.0000      0.29425E+06   129.95    
     18576000.  -0.29996       1.0000      0.29209E+06   130.92    
     18662400.  -0.29779       1.0000      0.28997E+06   131.87    
     18748800.  -0.29567       1.0000      0.28791E+06   132.81    
     18835200.  -0.29755       1.0000      0.28974E+06   131.98    
     18921600.  -0.29555       1.0000      0.28779E+06   132.87    
     19008000.  -0.29285       1.0000      0.28516E+06   134.10    
     19094400.  -0.29049       1.0000      0.28286E+06   135.19    
     19180800.  -0.28831       1.0000      0.28074E+06   136.21    
     19267200.  -0.28634       1.0000      0.27882E+06   137.15    
     19353600.  -0.28433       1.0000      0.27687E+06   138.11    
     19440000.  -0.28239       1.0000      0.27498E+06   139.06    
     19526400.  -0.28051       1.0000      0.27315E+06   139.99    
     19612800.  -0.27868       1.0000      0.27137E+06   140.91    
     19699200.  -0.27690       1.0000      0.26963E+06   141.82    
     19785600.  -0.27515       1.0000      0.26792E+06   142.72    
     19872000.  -0.27343       1.0000      0.26625E+06   143.62    
     19958400.  -0.27564       1.0000      0.26841E+06   142.47    
     20044800.  -0.27885       1.0000      0.27153E+06   140.83    
     20131200.  -0.27540       1.0000      0.26817E+06   142.59    
     20217600.  -0.27401       1.0000      0.26681E+06   143.32    
     20304000.  -0.27238       1.0000      0.26523E+06   144.17    
     20390400.  -0.27007       1.0000      0.26298E+06   145.41    
     20476800.  -0.26801       1.0000      0.26098E+06   146.52    
     20563200.  -0.26611       1.0000      0.25912E+06   147.57    
     20649600.  -0.26430       1.0000      0.25736E+06   148.58    
     20736000.  -0.26257       1.0000      0.25568E+06   149.56    
     20822400.  -0.26090       1.0000      0.25405E+06   150.52    
     20908800.  -0.25928       1.0000      0.25248E+06   151.46    
     20995200.  -0.25771       1.0000      0.25094E+06   152.38    
     21081600.  -0.25617       1.0000      0.24945E+06   153.29    
     21168000.  -0.25467       1.0000      0.24799E+06   154.20    
     21254400.  -0.25320       1.0000      0.24656E+06   155.09    
     21340800.  -0.25176       1.0000      0.24515E+06   155.98    
     21427200.  -0.25035       1.0000      0.24378E+06   156.86    
     21513600.  -0.24955       1.0000      0.24300E+06   157.36    
     21600000.  -0.25454       1.0000      0.24786E+06   154.28    
     21686400.  -0.25156       1.0000      0.24496E+06   156.10    
     21772800.  -0.24932       1.0000      0.24278E+06   157.51    
     21859200.  -0.24748       1.0000      0.24098E+06   158.68    
     21945600.  -0.24582       1.0000      0.23937E+06   159.75    
     22032000.  -0.24428       1.0000      0.23787E+06   160.76    
     22118400.  -0.24281       1.0000      0.23644E+06   161.73    
     22204800.  -0.24140       1.0000      0.23506E+06   162.68    
     22291200.  -0.24003       1.0000      0.23373E+06   163.60    
     22377600.  -0.23870       1.0000      0.23243E+06   164.52    
     22464000.  -0.24470       1.0000      0.23828E+06   160.48    
     22550400.  -0.24257       1.0000      0.23620E+06   161.89    
     22636800.  -0.24207       1.0000      0.23571E+06   162.23    
     22723200.  -0.26080       1.0000      0.25395E+06   150.58    
     22809600.  -0.25828       1.0000      0.25150E+06   152.04    
     22896000.  -0.25610       1.0000      0.24938E+06   153.34    
     22982400.  -0.25423       1.0000      0.24755E+06   154.47    
     23068800.  -0.25249       1.0000      0.24586E+06   155.53    
     23155200.  -0.25047       1.0000      0.24389E+06   156.78    
     23241600.  -0.24843       1.0000      0.24191E+06   158.07    
     23328000.  -0.24634       1.0000      0.23987E+06   159.42    
     23414400.  -0.24431       1.0000      0.23790E+06   160.74    
     23500800.  -0.24245       1.0000      0.23609E+06   161.97    
     23587200.  -0.24069       1.0000      0.23437E+06   163.16    
     23673600.  -0.23895       1.0000      0.23268E+06   164.34    
     23760000.  -0.23721       1.0000      0.23098E+06   165.55    
     23846400.  -0.23553       1.0000      0.22935E+06   166.73    
     23932800.  -0.23395       1.0000      0.22781E+06   167.85    
     24019200.  -0.23244       1.0000      0.22633E+06   168.95    
     24105600.  -0.23097       1.0000      0.22491E+06   170.02    
     24192000.  -0.22953       1.0000      0.22351E+06   171.09    
     24278400.  -0.22812       1.0000      0.22213E+06   172.15    
     24364800.  -0.22675       1.0000      0.22079E+06   173.19    
     24451200.  -0.22542       1.0000      0.21950E+06   174.21    
     24537600.  -0.22413       1.0000      0.21824E+06   175.21    
     24624000.  -0.22287       1.0000      0.21702E+06   176.20    
     24710400.  -0.22164       1.0000      0.21582E+06   177.18    
     24796800.  -0.22044       1.0000      0.21465E+06   178.14    
     24883200.  -0.21936       1.0000      0.21360E+06   179.02    
     24969600.  -0.22024       1.0000      0.21445E+06   178.31    
     25056000.  -0.21868       1.0000      0.21293E+06   179.58    
     25142400.  -0.21732       1.0000      0.21161E+06   180.70    
     25228800.  -0.21998       1.0000      0.21421E+06   178.51    
     25315200.  -0.21834       1.0000      0.21261E+06   179.86    
     25401600.  -0.21904       1.0000      0.21329E+06   179.28    
     25488000.  -0.21940       1.0000      0.21364E+06   178.99    
     25574400.  -0.22096       1.0000      0.21516E+06   177.72    
     25660800.  -0.21942       1.0000      0.21366E+06   178.97    
     25747200.  -0.22269       1.0000      0.21685E+06   176.34    
     25833600.  -0.23866       1.0000      0.23239E+06   164.54    
     25920000.  -0.25767       1.0000      0.25090E+06   152.41    
     26006400.  -0.27465       1.0000      0.26744E+06   142.98    
     26092800.  -0.27599       1.0000      0.26874E+06   142.29    
     26179200.  -0.27140       1.0000      0.26427E+06   144.70    
     26265600.  -0.26679       1.0000      0.25978E+06   147.20    
     26352000.  -0.26265       1.0000      0.25576E+06   149.51    
     26438400.  -0.25894       1.0000      0.25214E+06   151.66    
     26524800.  -0.25552       1.0000      0.24881E+06   153.69    
     26611200.  -0.25218       1.0000      0.24556E+06   155.72    
     26697600.  -0.24916       1.0000      0.24262E+06   157.61    
     26784000.  -0.24634       1.0000      0.23987E+06   159.41    
     26870400.  -0.25845       1.0000      0.25167E+06   151.94    
     26956800.  -0.26453       1.0000      0.25759E+06   148.45    
     27043200.  -0.26981       1.0000      0.26273E+06   145.54    
     27129600.  -0.27046       1.0000      0.26336E+06   145.20    
     27216000.  -0.27319       1.0000      0.26602E+06   143.74    
     27302400.  -0.28135       1.0000      0.27396E+06   139.58    
     27388800.  -0.29724       1.0000      0.28943E+06   132.12    
     27475200.  -0.30916       1.0000      0.30105E+06   127.02    
     27561600.  -0.30478       1.0000      0.29678E+06   128.85    
     27648000.  -0.29958       1.0000      0.29171E+06   131.08    
     27734400.  -0.29420       1.0000      0.28647E+06   133.48    
     27820800.  -0.29008       1.0000      0.28247E+06   135.37    
     27907200.  -0.28720       1.0000      0.27966E+06   136.73    
     27993600.  -0.29515       1.0000      0.28741E+06   133.05    
     28080000.  -0.30555       1.0000      0.29753E+06   128.52    
     28166400.  -0.30950       1.0000      0.30138E+06   126.88    
     28252800.  -0.30520       1.0000      0.29718E+06   128.67    
     28339200.  -0.30020       1.0000      0.29232E+06   130.81    
     28425600.  -0.29542       1.0000      0.28766E+06   132.93    
     28512000.  -0.29094       1.0000      0.28330E+06   134.98    
     28598400.  -0.28675       1.0000      0.27922E+06   136.95    
     28684800.  -0.28282       1.0000      0.27539E+06   138.85    
     28771200.  -0.27911       1.0000      0.27178E+06   140.70    
     28857600.  -0.27560       1.0000      0.26836E+06   142.49    
     28944000.  -0.27222       1.0000      0.26507E+06   144.26    
     29030400.  -0.26895       1.0000      0.26189E+06   146.01    
     29116800.  -0.26583       1.0000      0.25885E+06   147.73    
     29203200.  -0.26279       1.0000      0.25589E+06   149.43    
     29289600.  -0.25991       1.0000      0.25309E+06   151.09    
     29376000.  -0.25719       1.0000      0.25044E+06   152.69    
     29462400.  -0.25460       1.0000      0.24792E+06   154.24    
     29548800.  -0.25212       1.0000      0.24550E+06   155.76    
     29635200.  -0.24973       1.0000      0.24317E+06   157.25    
     29721600.  -0.24743       1.0000      0.24093E+06   158.71    
     29808000.  -0.24517       1.0000      0.23874E+06   160.17    
     29894400.  -0.24299       1.0000      0.23661E+06   161.61    
     29980800.  -0.24087       1.0000      0.23454E+06   163.03    
     30067200.  -0.23884       1.0000      0.23257E+06   164.42    
     30153600.  -0.23690       1.0000      0.23068E+06   165.77    
     30240000.  -0.23502       1.0000      0.22885E+06   167.09    
     30326400.  -0.23320       1.0000      0.22708E+06   168.39    
     30412800.  -0.23144       1.0000      0.22536E+06   169.68    
     30499200.  -0.22973       1.0000      0.22370E+06   170.94    
     30585600.  -0.22808       1.0000      0.22209E+06   172.18    
     30672000.  -0.22647       1.0000      0.22052E+06   173.40    
     30758400.  -0.22491       1.0000      0.21900E+06   174.61    
     30844800.  -0.22339       1.0000      0.21752E+06   175.79    
     30931200.  -0.22190       1.0000      0.21608E+06   176.97    
     31017600.  -0.22045       1.0000      0.21467E+06   178.13    
     31104000.  -0.21904       1.0000      0.21329E+06   179.28    
     31190400.  -0.21766       1.0000      0.21195E+06   180.42    
     31276800.  -0.21667       1.0000      0.21099E+06   181.24    
     31363200.  -0.21528       1.0000      0.20963E+06   182.41    
     31449600.  -0.21396       1.0000      0.20834E+06   183.54    
     31536000.  -0.21267       1.0000      0.20709E+06   184.65    
     31622400.  -0.21125       1.0000      0.20570E+06   185.90    
