   TOTIM (T)     FLOWRATE     DIAM.         RE           RT
        86400.   0.68197E-02   1.0000       6640.6       5758.3    
       172800.   0.67408E-02   1.0000       6563.8       5825.7    
       259200.   0.67570E-02   1.0000       6579.6       5811.7    
       345600.   0.67382E-02   1.0000       6561.3       5827.9    
       432000.   0.67873E-02   1.0000       6609.1       5785.8    
       518400.   0.68037E-02   1.0000       6625.1       5771.8    
       604800.   0.68111E-02   1.0000       6632.2       5765.6    
       691200.   0.68951E-02   1.0000       6714.1       5695.3    
       777600.   0.70948E-02   1.0000       6908.5       5535.1    
       864000.   0.73672E-02   1.0000       7173.8       5330.3    
       950400.   0.74750E-02   1.0000       7278.8       5253.5    
      1036800.   0.78155E-02   1.0000       7610.4       5024.6    
      1123200.   0.83176E-02   1.0000       8099.3       4721.3    
      1209600.   0.82176E-02   1.0000       8001.8       4778.8    
      1296000.   0.82913E-02   1.0000       8073.6       4736.3    
      1382400.   0.82966E-02   1.0000       8078.8       4733.2    
      1468800.   0.82763E-02   1.0000       8059.0       4744.9    
      1555200.   0.82334E-02   1.0000       8017.2       4769.6    
      1641600.   0.81789E-02   1.0000       7964.2       4801.4    
      1728000.   0.81275E-02   1.0000       7914.2       4831.7    
      1814400.   0.80753E-02   1.0000       7863.3       4863.0    
      1900800.   0.80070E-02   1.0000       7796.8       4904.5    
      1987200.   0.79456E-02   1.0000       7737.0       4942.4    
      2073600.   0.78890E-02   1.0000       7681.9       4977.8    
      2160000.   0.78179E-02   1.0000       7612.6       5023.1    
      2246400.   0.77493E-02   1.0000       7545.8       5067.6    
      2332800.   0.76772E-02   1.0000       7475.6       5115.1    
      2419200.   0.76054E-02   1.0000       7405.7       5163.4    
      2505600.   0.75652E-02   1.0000       7366.5       5190.9    
      2592000.   0.75052E-02   1.0000       7308.2       5232.3    
      2678400.   0.75719E-02   1.0000       7373.1       5186.3    
      2764800.   0.78369E-02   1.0000       7631.2       5010.9    
      2851200.   0.84613E-02   1.0000       8239.2       4641.1    
      2937600.   0.82231E-02   1.0000       8007.2       4775.5    
      3024000.   0.84048E-02   1.0000       8184.1       4672.3    
      3110400.   0.84453E-02   1.0000       8223.6       4649.9    
      3196800.   0.84335E-02   1.0000       8212.1       4656.4    
      3283200.   0.84052E-02   1.0000       8184.5       4672.1    
      3369600.   0.84438E-02   1.0000       8222.2       4650.7    
      3456000.   0.84954E-02   1.0000       8272.3       4622.5    
      3542400.   0.85748E-02   1.0000       8349.7       4579.7    
      3628800.   0.86013E-02   1.0000       8375.4       4565.6    
      3715200.   0.85758E-02   1.0000       8350.6       4579.2    
      3801600.   0.86185E-02   1.0000       8392.3       4556.5    
      3888000.   0.86667E-02   1.0000       8439.2       4531.1    
      3974400.   0.87667E-02   1.0000       8536.5       4479.4    
      4060800.   0.88360E-02   1.0000       8604.0       4444.3    
      4147200.   0.88020E-02   1.0000       8570.9       4461.5    
      4233600.   0.87745E-02   1.0000       8544.1       4475.5    
      4320000.   0.87468E-02   1.0000       8517.2       4489.6    
      4406400.   0.86982E-02   1.0000       8469.9       4514.7    
      4492800.   0.86580E-02   1.0000       8430.7       4535.7    
      4579200.   0.85962E-02   1.0000       8370.6       4568.3    
      4665600.   0.85314E-02   1.0000       8307.5       4603.0    
      4752000.   0.86240E-02   1.0000       8397.6       4553.5    
      4838400.   0.87142E-02   1.0000       8485.4       4506.4    
      4924800.   0.88305E-02   1.0000       8598.7       4447.1    
      5011200.   0.89063E-02   1.0000       8672.5       4409.2    
      5097600.   0.88700E-02   1.0000       8637.2       4427.3    
      5184000.   0.88478E-02   1.0000       8615.5       4438.4    
      5270400.   0.88134E-02   1.0000       8582.0       4455.7    
      5356800.   0.87589E-02   1.0000       8529.0       4483.4    
      5443200.   0.88001E-02   1.0000       8569.0       4462.5    
      5529600.   0.88202E-02   1.0000       8588.6       4452.3    
      5616000.   0.88559E-02   1.0000       8623.4       4434.3    
      5702400.   0.88796E-02   1.0000       8646.5       4422.5    
      5788800.   0.88655E-02   1.0000       8632.7       4429.5    
      5875200.   0.88809E-02   1.0000       8647.7       4421.9    
      5961600.   0.88663E-02   1.0000       8633.5       4429.1    
      6048000.   0.88254E-02   1.0000       8593.7       4449.6    
      6134400.   0.87775E-02   1.0000       8547.1       4473.9    
      6220800.   0.87174E-02   1.0000       8488.5       4504.8    
      6307200.   0.86525E-02   1.0000       8425.3       4538.6    
      6393600.   0.85808E-02   1.0000       8355.5       4576.5    
      6480000.   0.85081E-02   1.0000       8284.8       4615.6    
      6566400.   0.84309E-02   1.0000       8209.6       4657.9    
      6652800.   0.83542E-02   1.0000       8134.8       4700.6    
      6739200.   0.82749E-02   1.0000       8057.6       4745.7    
      6825600.   0.81960E-02   1.0000       7980.8       4791.3    
      6912000.   0.81139E-02   1.0000       7900.8       4839.8    
      6998400.   0.80343E-02   1.0000       7823.4       4887.8    
      7084800.   0.79543E-02   1.0000       7745.5       4936.9    
      7171200.   0.78750E-02   1.0000       7668.3       4986.6    
      7257600.   0.77966E-02   1.0000       7591.9       5036.8    
      7344000.   0.77188E-02   1.0000       7516.2       5087.6    
      7430400.   0.76472E-02   1.0000       7446.4       5135.2    
      7516800.   0.75740E-02   1.0000       7375.2       5184.8    
      7603200.   0.75009E-02   1.0000       7304.0       5235.3    
      7689600.   0.74287E-02   1.0000       7233.6       5286.3    
      7776000.   0.73612E-02   1.0000       7167.9       5334.7    
      7862400.   0.72908E-02   1.0000       7099.4       5386.2    
      7948800.   0.72242E-02   1.0000       7034.5       5435.9    
      8035200.   0.71571E-02   1.0000       6969.2       5486.9    
      8121600.   0.70931E-02   1.0000       6906.9       5536.3    
      8208000.   0.70285E-02   1.0000       6844.0       5587.2    
      8294400.   0.69673E-02   1.0000       6784.4       5636.3    
      8380800.   0.71476E-02   1.0000       6960.0       5494.1    
      8467200.   0.71035E-02   1.0000       6917.0       5528.3    
      8553600.   0.71137E-02   1.0000       6927.0       5520.3    
      8640000.   0.70967E-02   1.0000       6910.4       5533.5    
      8726400.   0.70712E-02   1.0000       6885.6       5553.5    
      8812800.   0.70379E-02   1.0000       6853.1       5579.8    
      8899200.   0.69936E-02   1.0000       6810.0       5615.1    
      8985600.   0.69775E-02   1.0000       6794.3       5628.0    
      9072000.   0.70001E-02   1.0000       6816.3       5609.9    
      9158400.   0.69659E-02   1.0000       6783.0       5637.5    
      9244800.   0.70870E-02   1.0000       6900.9       5541.2    
      9331200.   0.73474E-02   1.0000       7154.5       5344.8    
      9417600.   0.79590E-02   1.0000       7750.0       4934.0    
      9504000.   0.83078E-02   1.0000       8089.6       4726.9    
      9590400.   0.82484E-02   1.0000       8031.9       4760.9    
      9676800.   0.83103E-02   1.0000       8092.1       4725.5    
      9763200.   0.82939E-02   1.0000       8076.1       4734.8    
      9849600.   0.82504E-02   1.0000       8033.8       4759.8    
      9936000.   0.83562E-02   1.0000       8136.8       4699.5    
     10022400.   0.83996E-02   1.0000       8179.1       4675.2    
     10108800.   0.84257E-02   1.0000       8204.5       4660.7    
     10195200.   0.84917E-02   1.0000       8268.8       4624.5    
     10281600.   0.85258E-02   1.0000       8302.0       4606.0    
     10368000.   0.85023E-02   1.0000       8279.1       4618.7    
     10454400.   0.84651E-02   1.0000       8242.8       4639.0    
     10540800.   0.84868E-02   1.0000       8264.0       4627.2    
     10627200.   0.85169E-02   1.0000       8293.3       4610.8    
     10713600.   0.85153E-02   1.0000       8291.7       4611.7    
     10800000.   0.84897E-02   1.0000       8266.9       4625.6    
     10886400.   0.84505E-02   1.0000       8228.7       4647.0    
     10972800.   0.83945E-02   1.0000       8174.1       4678.0    
     11059200.   0.83247E-02   1.0000       8106.2       4717.3    
     11145600.   0.82496E-02   1.0000       8033.0       4760.2    
     11232000.   0.81692E-02   1.0000       7954.7       4807.1    
     11318400.   0.80890E-02   1.0000       7876.6       4854.7    
     11404800.   0.80975E-02   1.0000       7884.9       4849.6    
     11491200.   0.79972E-02   1.0000       7787.3       4910.4    
     11577600.   0.80980E-02   1.0000       7885.4       4849.3    
     11664000.   0.83248E-02   1.0000       8106.2       4717.2    
     11750400.   0.88692E-02   1.0000       8636.4       4427.7    
     11836800.   0.86481E-02   1.0000       8421.0       4540.9    
     11923200.   0.86929E-02   1.0000       8464.7       4517.5    
     12009600.   0.86583E-02   1.0000       8431.0       4535.5    
     12096000.   0.86685E-02   1.0000       8440.9       4530.2    
     12182400.   0.86398E-02   1.0000       8412.9       4545.3    
     12268800.   0.85933E-02   1.0000       8367.7       4569.8    
     12355200.   0.85376E-02   1.0000       8313.5       4599.6    
     12441600.   0.84969E-02   1.0000       8273.8       4621.7    
     12528000.   0.86579E-02   1.0000       8430.6       4535.7    
     12614400.   0.87862E-02   1.0000       8555.5       4469.5    
     12700800.   0.87325E-02   1.0000       8503.2       4497.0    
     12787200.   0.87228E-02   1.0000       8493.8       4502.0    
     12873600.   0.86770E-02   1.0000       8449.2       4525.7    
     12960000.   0.87116E-02   1.0000       8482.9       4507.8    
     13046400.   0.86653E-02   1.0000       8437.8       4531.8    
     13132800.   0.86232E-02   1.0000       8396.8       4554.0    
     13219200.   0.85945E-02   1.0000       8368.8       4569.2    
     13305600.   0.85420E-02   1.0000       8317.8       4597.3    
     13392000.   0.86188E-02   1.0000       8392.5       4556.3    
     13478400.   0.86429E-02   1.0000       8416.0       4543.6    
     13564800.   0.86170E-02   1.0000       8390.8       4557.3    
     13651200.   0.85949E-02   1.0000       8369.3       4569.0    
     13737600.   0.85552E-02   1.0000       8330.6       4590.2    
     13824000.   0.87180E-02   1.0000       8489.1       4504.5    
     13910400.   0.88899E-02   1.0000       8656.5       4417.4    
     13996800.   0.88495E-02   1.0000       8617.2       4437.5    
     14083200.   0.88447E-02   1.0000       8612.5       4440.0    
     14169600.   0.89294E-02   1.0000       8695.0       4397.8    
     14256000.   0.89634E-02   1.0000       8728.0       4381.2    
     14342400.   0.91705E-02   1.0000       8929.8       4282.2    
     14428800.   0.96377E-02   1.0000       9384.7       4074.6    
     14515200.   0.95315E-02   1.0000       9281.2       4120.0    
     14601600.   0.97242E-02   1.0000       9468.9       4038.3    
     14688000.   0.99193E-02   1.0000       9658.9       3958.9    
     14774400.   0.99812E-02   1.0000       9719.1       3934.4    
     14860800.   0.99983E-02   1.0000       9735.8       3927.6    
     14947200.   0.10016E-01   1.0000       9753.0       3920.7    
     15033600.   0.99940E-02   1.0000       9731.6       3929.3    
     15120000.   0.99517E-02   1.0000       9690.4       3946.1    
     15206400.   0.98906E-02   1.0000       9631.0       3970.4    
     15292800.   0.98128E-02   1.0000       9555.2       4001.9    
     15379200.   0.99534E-02   1.0000       9692.1       3945.4    
     15465600.   0.99565E-02   1.0000       9695.1       3944.2    
     15552000.   0.99085E-02   1.0000       9648.3       3963.3    
     15638400.   0.98539E-02   1.0000       9595.2       3985.2    
     15724800.   0.97879E-02   1.0000       9531.0       4012.1    
     15811200.   0.97086E-02   1.0000       9453.7       4044.8    
     15897600.   0.96243E-02   1.0000       9371.6       4080.3    
     15984000.   0.95585E-02   1.0000       9307.6       4108.4    
     16070400.   0.94620E-02   1.0000       9213.6       4150.3    
     16156800.   0.93761E-02   1.0000       9130.0       4188.3    
     16243200.   0.92838E-02   1.0000       9040.1       4229.9    
     16329600.   0.91932E-02   1.0000       8951.8       4271.6    
     16416000.   0.91002E-02   1.0000       8861.3       4315.3    
     16502400.   0.90088E-02   1.0000       8772.3       4359.0    
     16588800.   0.89172E-02   1.0000       8683.1       4403.8    
     16675200.   0.88267E-02   1.0000       8595.0       4449.0    
     16761600.   0.87513E-02   1.0000       8521.5       4487.3    
     16848000.   0.86837E-02   1.0000       8455.7       4522.2    
     16934400.   0.86644E-02   1.0000       8436.9       4532.3    
     17020800.   0.86112E-02   1.0000       8385.2       4560.3    
     17107200.   0.85309E-02   1.0000       8306.9       4603.3    
     17193600.   0.84636E-02   1.0000       8241.4       4639.8    
     17280000.   0.83868E-02   1.0000       8166.6       4682.4    
     17366400.   0.83111E-02   1.0000       8092.9       4725.0    
     17452800.   0.82329E-02   1.0000       8016.8       4769.9    
     17539200.   0.81573E-02   1.0000       7943.1       4814.1    
     17625600.   0.80806E-02   1.0000       7868.4       4859.8    
     17712000.   0.80270E-02   1.0000       7816.2       4892.2    
     17798400.   0.79510E-02   1.0000       7742.2       4939.0    
     17884800.   0.78793E-02   1.0000       7672.5       4983.9    
     17971200.   0.78107E-02   1.0000       7605.6       5027.7    
     18057600.   0.77405E-02   1.0000       7537.3       5073.3    
     18144000.   0.76731E-02   1.0000       7471.7       5117.9    
     18230400.   0.76053E-02   1.0000       7405.7       5163.5    
     18316800.   0.75400E-02   1.0000       7342.0       5208.2    
     18403200.   0.74750E-02   1.0000       7278.7       5253.5    
     18489600.   0.74115E-02   1.0000       7216.9       5298.5    
     18576000.   0.73494E-02   1.0000       7156.4       5343.3    
     18662400.   0.72873E-02   1.0000       7096.0       5388.8    
     18748800.   0.72285E-02   1.0000       7038.8       5432.6    
     18835200.   0.72159E-02   1.0000       7026.5       5442.1    
     18921600.   0.71556E-02   1.0000       6967.7       5488.0    
     19008000.   0.71011E-02   1.0000       6914.6       5530.1    
     19094400.   0.70473E-02   1.0000       6862.3       5572.3    
     19180800.   0.69932E-02   1.0000       6809.6       5615.4    
     19267200.   0.69403E-02   1.0000       6758.1       5658.2    
     19353600.   0.68869E-02   1.0000       6706.1       5702.1    
     19440000.   0.68350E-02   1.0000       6655.6       5745.4    
     19526400.   0.67828E-02   1.0000       6604.7       5789.6    
     19612800.   0.67335E-02   1.0000       6556.8       5832.0    
     19699200.   0.66832E-02   1.0000       6507.8       5875.9    
     19785600.   0.66355E-02   1.0000       6461.3       5918.1    
     19872000.   0.65871E-02   1.0000       6414.1       5961.7    
     19958400.   0.65872E-02   1.0000       6414.3       5961.5    
     20044800.   0.65975E-02   1.0000       6424.3       5952.2    
     20131200.   0.65370E-02   1.0000       6365.4       6007.3    
     20217600.   0.65148E-02   1.0000       6343.8       6027.8    
     20304000.   0.64781E-02   1.0000       6308.0       6062.0    
     20390400.   0.64331E-02   1.0000       6264.2       6104.3    
     20476800.   0.63904E-02   1.0000       6222.6       6145.2    
     20563200.   0.63475E-02   1.0000       6180.9       6186.7    
     20649600.   0.63042E-02   1.0000       6138.7       6229.2    
     20736000.   0.62622E-02   1.0000       6097.8       6270.9    
     20822400.   0.62198E-02   1.0000       6056.5       6313.7    
     20908800.   0.61792E-02   1.0000       6016.9       6355.2    
     20995200.   0.61380E-02   1.0000       5976.8       6397.9    
     21081600.   0.60987E-02   1.0000       5938.6       6439.1    
     21168000.   0.60587E-02   1.0000       5899.6       6481.6    
     21254400.   0.60207E-02   1.0000       5862.6       6522.5    
     21340800.   0.59825E-02   1.0000       5825.4       6564.2    
     21427200.   0.59447E-02   1.0000       5788.6       6605.9    
     21513600.   0.59157E-02   1.0000       5760.4       6638.3    
     21600000.   0.59574E-02   1.0000       5801.0       6591.8    
     21686400.   0.58999E-02   1.0000       5745.0       6656.0    
     21772800.   0.58713E-02   1.0000       5717.2       6688.4    
     21859200.   0.58371E-02   1.0000       5683.8       6727.7    
     21945600.   0.58010E-02   1.0000       5648.7       6769.5    
     22032000.   0.57665E-02   1.0000       5615.1       6810.0    
     22118400.   0.57318E-02   1.0000       5581.4       6851.2    
     22204800.   0.56970E-02   1.0000       5547.5       6893.0    
     22291200.   0.56637E-02   1.0000       5515.0       6933.6    
     22377600.   0.56304E-02   1.0000       5482.6       6974.6    
     22464000.   0.56890E-02   1.0000       5539.6       6902.8    
     22550400.   0.56436E-02   1.0000       5495.4       6958.3    
     22636800.   0.56394E-02   1.0000       5491.3       6963.5    
     22723200.   0.58661E-02   1.0000       5712.1       6694.4    
     22809600.   0.58196E-02   1.0000       5666.8       6747.9    
     22896000.   0.58330E-02   1.0000       5679.9       6732.3    
     22982400.   0.58290E-02   1.0000       5675.9       6737.0    
     23068800.   0.58154E-02   1.0000       5662.7       6752.8    
     23155200.   0.57943E-02   1.0000       5642.1       6777.4    
     23241600.   0.57689E-02   1.0000       5617.4       6807.2    
     23328000.   0.57385E-02   1.0000       5587.8       6843.2    
     23414400.   0.57074E-02   1.0000       5557.6       6880.5    
     23500800.   0.56760E-02   1.0000       5526.9       6918.6    
     23587200.   0.56436E-02   1.0000       5495.4       6958.4    
     23673600.   0.56100E-02   1.0000       5462.7       7000.0    
     23760000.   0.55758E-02   1.0000       5429.5       7042.9    
     23846400.   0.55420E-02   1.0000       5396.5       7085.8    
     23932800.   0.55085E-02   1.0000       5363.9       7128.9    
     24019200.   0.54751E-02   1.0000       5331.4       7172.4    
     24105600.   0.54418E-02   1.0000       5298.9       7216.4    
     24192000.   0.54087E-02   1.0000       5266.7       7260.5    
     24278400.   0.53762E-02   1.0000       5235.1       7304.4    
     24364800.   0.53440E-02   1.0000       5203.7       7348.4    
     24451200.   0.53122E-02   1.0000       5172.8       7392.3    
     24537600.   0.52809E-02   1.0000       5142.2       7436.2    
     24624000.   0.52499E-02   1.0000       5112.1       7480.1    
     24710400.   0.52191E-02   1.0000       5082.1       7524.3    
     24796800.   0.51893E-02   1.0000       5053.1       7567.4    
     24883200.   0.51613E-02   1.0000       5025.8       7608.5    
     24969600.   0.51588E-02   1.0000       5023.4       7612.2    
     25056000.   0.51243E-02   1.0000       4989.7       7663.5    
     25142400.   0.50980E-02   1.0000       4964.2       7702.9    
     25228800.   0.51219E-02   1.0000       4987.5       7667.0    
     25315200.   0.50872E-02   1.0000       4953.6       7719.4    
     25401600.   0.50937E-02   1.0000       4960.0       7709.5    
     25488000.   0.50903E-02   1.0000       4956.7       7714.6    
     25574400.   0.51061E-02   1.0000       4972.1       7690.7    
     25660800.   0.50822E-02   1.0000       4948.7       7727.0    
     25747200.   0.51261E-02   1.0000       4991.6       7660.7    
     25833600.   0.53297E-02   1.0000       5189.8       7368.1    
     25920000.   0.55724E-02   1.0000       5426.1       7047.2    
     26006400.   0.58185E-02   1.0000       5665.8       6749.1    
     26092800.   0.58972E-02   1.0000       5742.4       6659.1    
     26179200.   0.59285E-02   1.0000       5772.8       6623.9    
     26265600.   0.59393E-02   1.0000       5783.3       6611.9    
     26352000.   0.59309E-02   1.0000       5775.2       6621.2    
     26438400.   0.59113E-02   1.0000       5756.1       6643.2    
     26524800.   0.58842E-02   1.0000       5729.7       6673.8    
     26611200.   0.58505E-02   1.0000       5696.9       6712.3    
     26697600.   0.58151E-02   1.0000       5662.4       6753.1    
     26784000.   0.57773E-02   1.0000       5625.6       6797.2    
     26870400.   0.59245E-02   1.0000       5768.9       6628.4    
     26956800.   0.59865E-02   1.0000       5829.3       6559.7    
     27043200.   0.60750E-02   1.0000       5915.5       6464.2    
     27129600.   0.61107E-02   1.0000       5950.2       6426.5    
     27216000.   0.61798E-02   1.0000       6017.6       6354.5    
     27302400.   0.63069E-02   1.0000       6141.4       6226.5    
     27388800.   0.65267E-02   1.0000       6355.3       6016.8    
     27475200.   0.67042E-02   1.0000       6528.2       5857.5    
     27561600.   0.67135E-02   1.0000       6537.2       5849.4    
     27648000.   0.67339E-02   1.0000       6557.1       5831.7    
     27734400.   0.67201E-02   1.0000       6543.7       5843.6    
     27820800.   0.67030E-02   1.0000       6527.0       5858.6    
     27907200.   0.66853E-02   1.0000       6509.7       5874.1    
     27993600.   0.67899E-02   1.0000       6611.7       5783.6    
     28080000.   0.69136E-02   1.0000       6732.1       5680.1    
     28166400.   0.69801E-02   1.0000       6796.8       5626.0    
     28252800.   0.69713E-02   1.0000       6788.2       5633.1    
     28339200.   0.69573E-02   1.0000       6774.6       5644.4    
     28425600.   0.69251E-02   1.0000       6743.2       5670.7    
     28512000.   0.68818E-02   1.0000       6701.1       5706.3    
     28598400.   0.68332E-02   1.0000       6653.8       5747.0    
     28684800.   0.67804E-02   1.0000       6602.4       5791.7    
     28771200.   0.67248E-02   1.0000       6548.3       5839.5    
     28857600.   0.66675E-02   1.0000       6492.5       5889.7    
     28944000.   0.66085E-02   1.0000       6435.0       5942.3    
     29030400.   0.65480E-02   1.0000       6376.1       5997.2    
     29116800.   0.64872E-02   1.0000       6316.8       6053.5    
     29203200.   0.64263E-02   1.0000       6257.5       6110.8    
     29289600.   0.63659E-02   1.0000       6198.8       6168.8    
     29376000.   0.63063E-02   1.0000       6140.7       6227.1    
     29462400.   0.62470E-02   1.0000       6083.0       6286.2    
     29548800.   0.61892E-02   1.0000       6026.7       6345.0    
     29635200.   0.61320E-02   1.0000       5971.0       6404.1    
     29721600.   0.60757E-02   1.0000       5916.2       6463.4    
     29808000.   0.60199E-02   1.0000       5861.9       6523.3    
     29894400.   0.59650E-02   1.0000       5808.4       6583.4    
     29980800.   0.59108E-02   1.0000       5755.7       6643.7    
     30067200.   0.58580E-02   1.0000       5704.2       6703.7    
     30153600.   0.58061E-02   1.0000       5653.7       6763.5    
     30240000.   0.57555E-02   1.0000       5604.4       6823.1    
     30326400.   0.57057E-02   1.0000       5555.9       6882.5    
     30412800.   0.56570E-02   1.0000       5508.5       6941.8    
     30499200.   0.56095E-02   1.0000       5462.2       7000.7    
     30585600.   0.55629E-02   1.0000       5416.8       7059.3    
     30672000.   0.55174E-02   1.0000       5372.5       7117.5    
     30758400.   0.54729E-02   1.0000       5329.2       7175.4    
     30844800.   0.54294E-02   1.0000       5286.8       7232.9    
     30931200.   0.53868E-02   1.0000       5245.3       7290.1    
     31017600.   0.53450E-02   1.0000       5204.7       7347.0    
     31104000.   0.53042E-02   1.0000       5165.0       7403.5    
     31190400.   0.52643E-02   1.0000       5126.1       7459.7    
     31276800.   0.52301E-02   1.0000       5092.8       7508.4    
     31363200.   0.51912E-02   1.0000       5054.9       7564.8    
     31449600.   0.51543E-02   1.0000       5019.0       7618.9    
     31536000.   0.51179E-02   1.0000       4983.5       7673.1    
     31622400.   0.50800E-02   1.0000       4946.6       7730.4    
