   TOTIM (T)     FLOWRATE     DIAM.         RE           RT
        86400.   0.19095       1.0000      0.21960E+06   205.66    
       172800.   0.18877       1.0000      0.22019E+06   208.03    
       259200.   0.18875       1.0000      0.21993E+06   208.05    
       345600.   0.18851       1.0000      0.21984E+06   208.32    
       432000.   0.18994       1.0000      0.21938E+06   206.74    
       518400.   0.19081       1.0000      0.21923E+06   205.80    
       604800.   0.19109       1.0000      0.21930E+06   205.50    
       691200.   0.19333       1.0000      0.21846E+06   203.12    
       777600.   0.19917       1.0000      0.21386E+06   197.17    
       864000.   0.20756       1.0000      0.20211E+06   189.20    
       950400.   0.21157       1.0000      0.20602E+06   185.61    
      1036800.   0.22013       1.0000      0.21435E+06   178.40    
      1123200.   0.23437       1.0000      0.22822E+06   167.55    
      1209600.   0.23399       1.0000      0.22785E+06   167.83    
      1296000.   0.23255       1.0000      0.22644E+06   168.87    
      1382400.   0.23069       1.0000      0.22463E+06   170.23    
      1468800.   0.22877       1.0000      0.22276E+06   171.66    
      1555200.   0.22657       1.0000      0.22062E+06   173.33    
      1641600.   0.22423       1.0000      0.21834E+06   175.14    
      1728000.   0.22217       1.0000      0.21633E+06   176.76    
      1814400.   0.22035       1.0000      0.21457E+06   178.21    
      1900800.   0.21822       1.0000      0.21250E+06   179.95    
      1987200.   0.21632       1.0000      0.21065E+06   181.53    
      2073600.   0.21467       1.0000      0.20903E+06   182.93    
      2160000.   0.21276       1.0000      0.20717E+06   184.58    
      2246400.   0.21087       1.0000      0.20534E+06   186.23    
      2332800.   0.20894       1.0000      0.20510E+06   187.94    
      2419200.   0.20710       1.0000      0.21390E+06   189.62    
      2505600.   0.20614       1.0000      0.21507E+06   190.51    
      2592000.   0.20492       1.0000      0.21684E+06   191.64    
      2678400.   0.20693       1.0000      0.21009E+06   189.77    
      2764800.   0.21506       1.0000      0.20941E+06   182.60    
      2851200.   0.23378       1.0000      0.22764E+06   167.98    
      2937600.   0.23192       1.0000      0.22583E+06   169.32    
      3024000.   0.23300       1.0000      0.22688E+06   168.54    
      3110400.   0.23344       1.0000      0.22731E+06   168.23    
      3196800.   0.23244       1.0000      0.22634E+06   168.94    
      3283200.   0.23082       1.0000      0.22476E+06   170.13    
      3369600.   0.23106       1.0000      0.22500E+06   169.95    
      3456000.   0.23245       1.0000      0.22634E+06   168.94    
      3542400.   0.23482       1.0000      0.22866E+06   167.23    
      3628800.   0.23583       1.0000      0.22964E+06   166.52    
      3715200.   0.23490       1.0000      0.22873E+06   167.18    
      3801600.   0.23530       1.0000      0.22912E+06   166.89    
      3888000.   0.23658       1.0000      0.23036E+06   165.99    
      3974400.   0.23941       1.0000      0.23313E+06   164.03    
      4060800.   0.24175       1.0000      0.23540E+06   162.44    
      4147200.   0.24101       1.0000      0.23468E+06   162.94    
      4233600.   0.23934       1.0000      0.23306E+06   164.07    
      4320000.   0.23793       1.0000      0.23168E+06   165.05    
      4406400.   0.23627       1.0000      0.23006E+06   166.21    
      4492800.   0.23491       1.0000      0.22874E+06   167.17    
      4579200.   0.23317       1.0000      0.22705E+06   168.42    
      4665600.   0.23126       1.0000      0.22519E+06   169.81    
      4752000.   0.23361       1.0000      0.22748E+06   168.10    
      4838400.   0.23718       1.0000      0.23096E+06   165.57    
      4924800.   0.24124       1.0000      0.23490E+06   162.79    
      5011200.   0.24404       1.0000      0.23763E+06   160.91    
      5097600.   0.24316       1.0000      0.23677E+06   161.50    
      5184000.   0.24163       1.0000      0.23528E+06   162.52    
      5270400.   0.24001       1.0000      0.23371E+06   163.62    
      5356800.   0.23824       1.0000      0.23198E+06   164.83    
      5443200.   0.23900       1.0000      0.23273E+06   164.31    
      5529600.   0.24013       1.0000      0.23383E+06   163.54    
      5616000.   0.24149       1.0000      0.23515E+06   162.61    
      5702400.   0.24241       1.0000      0.23605E+06   162.00    
      5788800.   0.24212       1.0000      0.23576E+06   162.19    
      5875200.   0.24224       1.0000      0.23588E+06   162.11    
      5961600.   0.24188       1.0000      0.23553E+06   162.35    
      6048000.   0.24066       1.0000      0.23434E+06   163.17    
      6134400.   0.23913       1.0000      0.23285E+06   164.22    
      6220800.   0.23725       1.0000      0.23102E+06   165.52    
      6307200.   0.23537       1.0000      0.22919E+06   166.84    
      6393600.   0.23335       1.0000      0.22722E+06   168.29    
      6480000.   0.23141       1.0000      0.22533E+06   169.70    
      6566400.   0.22937       1.0000      0.22335E+06   171.21    
      6652800.   0.22743       1.0000      0.22146E+06   172.67    
      6739200.   0.22543       1.0000      0.21951E+06   174.20    
      6825600.   0.22351       1.0000      0.21765E+06   175.69    
      6912000.   0.22149       1.0000      0.21568E+06   177.30    
      6998400.   0.21960       1.0000      0.21384E+06   178.82    
      7084800.   0.21770       1.0000      0.21198E+06   180.39    
      7171200.   0.21585       1.0000      0.21018E+06   181.93    
      7257600.   0.21404       1.0000      0.20842E+06   183.47    
      7344000.   0.21224       1.0000      0.20667E+06   185.02    
      7430400.   0.21065       1.0000      0.21219E+06   186.43    
      7516800.   0.20902       1.0000      0.21655E+06   187.87    
      7603200.   0.20740       1.0000      0.21903E+06   189.34    
      7689600.   0.20576       1.0000      0.22066E+06   190.86    
      7776000.   0.20427       1.0000      0.22170E+06   192.24    
      7862400.   0.20271       1.0000      0.22251E+06   193.73    
      7948800.   0.20124       1.0000      0.22308E+06   195.14    
      8035200.   0.19974       1.0000      0.22347E+06   196.61    
      8121600.   0.19834       1.0000      0.22373E+06   198.00    
      8208000.   0.19689       1.0000      0.22385E+06   199.45    
      8294400.   0.19556       1.0000      0.22391E+06   200.81    
      8380800.   0.20084       1.0000      0.21976E+06   195.53    
      8467200.   0.20147       1.0000      0.21974E+06   194.92    
      8553600.   0.20161       1.0000      0.21991E+06   194.78    
      8640000.   0.20113       1.0000      0.22047E+06   195.25    
      8726400.   0.20037       1.0000      0.22108E+06   195.99    
      8812800.   0.19939       1.0000      0.22162E+06   196.95    
      8899200.   0.19815       1.0000      0.22217E+06   198.18    
      8985600.   0.19768       1.0000      0.22207E+06   198.65    
      9072000.   0.19850       1.0000      0.22119E+06   197.83    
      9158400.   0.19800       1.0000      0.22147E+06   198.33    
      9244800.   0.20127       1.0000      0.21842E+06   195.11    
      9331200.   0.20921       1.0000      0.20371E+06   187.71    
      9417600.   0.22722       1.0000      0.22125E+06   172.83    
      9504000.   0.24015       1.0000      0.23385E+06   163.52    
      9590400.   0.23945       1.0000      0.23316E+06   164.00    
      9676800.   0.23739       1.0000      0.23116E+06   165.42    
      9763200.   0.23473       1.0000      0.22857E+06   167.30    
      9849600.   0.23196       1.0000      0.22587E+06   169.29    
      9936000.   0.23359       1.0000      0.22746E+06   168.12    
     10022400.   0.23518       1.0000      0.22901E+06   166.98    
     10108800.   0.23578       1.0000      0.22959E+06   166.55    
     10195200.   0.23705       1.0000      0.23082E+06   165.66    
     10281600.   0.23782       1.0000      0.23157E+06   165.13    
     10368000.   0.23687       1.0000      0.23065E+06   165.79    
     10454400.   0.23502       1.0000      0.22885E+06   167.09    
     10540800.   0.23487       1.0000      0.22870E+06   167.20    
     10627200.   0.23568       1.0000      0.22949E+06   166.63    
     10713600.   0.23579       1.0000      0.22960E+06   166.55    
     10800000.   0.23490       1.0000      0.22874E+06   167.17    
     10886400.   0.23347       1.0000      0.22734E+06   168.20    
     10972800.   0.23151       1.0000      0.22544E+06   169.62    
     11059200.   0.22930       1.0000      0.22328E+06   171.26    
     11145600.   0.22698       1.0000      0.22102E+06   173.01    
     11232000.   0.22460       1.0000      0.21870E+06   174.84    
     11318400.   0.22239       1.0000      0.21655E+06   176.58    
     11404800.   0.22263       1.0000      0.21678E+06   176.39    
     11491200.   0.22064       1.0000      0.21484E+06   177.98    
     11577600.   0.22318       1.0000      0.21732E+06   175.96    
     11664000.   0.23047       1.0000      0.22442E+06   170.39    
     11750400.   0.24678       1.0000      0.24030E+06   159.13    
     11836800.   0.24515       1.0000      0.23871E+06   160.19    
     11923200.   0.24284       1.0000      0.23646E+06   161.71    
     12009600.   0.24029       1.0000      0.23398E+06   163.43    
     12096000.   0.23958       1.0000      0.23329E+06   163.91    
     12182400.   0.23870       1.0000      0.23243E+06   164.52    
     12268800.   0.23718       1.0000      0.23095E+06   165.57    
     12355200.   0.23531       1.0000      0.22914E+06   166.88    
     12441600.   0.23385       1.0000      0.22771E+06   167.93    
     12528000.   0.23805       1.0000      0.23180E+06   164.97    
     12614400.   0.24301       1.0000      0.23663E+06   161.59    
     12700800.   0.24269       1.0000      0.23632E+06   161.81    
     12787200.   0.24137       1.0000      0.23503E+06   162.69    
     12873600.   0.23946       1.0000      0.23317E+06   163.99    
     12960000.   0.23978       1.0000      0.23348E+06   163.78    
     13046400.   0.23890       1.0000      0.23263E+06   164.38    
     13132800.   0.23751       1.0000      0.23127E+06   165.34    
     13219200.   0.23648       1.0000      0.23027E+06   166.06    
     13305600.   0.23507       1.0000      0.22890E+06   167.06    
     13392000.   0.23694       1.0000      0.23072E+06   165.74    
     13478400.   0.23853       1.0000      0.23227E+06   164.63    
     13564800.   0.23822       1.0000      0.23196E+06   164.85    
     13651200.   0.23731       1.0000      0.23108E+06   165.48    
     13737600.   0.23601       1.0000      0.22981E+06   166.39    
     13824000.   0.24007       1.0000      0.23376E+06   163.58    
     13910400.   0.24613       1.0000      0.23967E+06   159.55    
     13996800.   0.24647       1.0000      0.24000E+06   159.33    
     14083200.   0.24532       1.0000      0.23888E+06   160.08    
     14169600.   0.24673       1.0000      0.24026E+06   159.16    
     14256000.   0.24796       1.0000      0.24145E+06   158.37    
     14342400.   0.25341       1.0000      0.24676E+06   154.97    
     14428800.   0.26692       1.0000      0.25991E+06   147.12    
     14515200.   0.26787       1.0000      0.26084E+06   146.60    
     14601600.   0.27035       1.0000      0.26325E+06   145.26    
     14688000.   0.27496       1.0000      0.26774E+06   142.82    
     14774400.   0.27704       1.0000      0.26977E+06   141.75    
     14860800.   0.27671       1.0000      0.26945E+06   141.92    
     14947200.   0.27581       1.0000      0.26857E+06   142.38    
     15033600.   0.27428       1.0000      0.26708E+06   143.17    
     15120000.   0.27216       1.0000      0.26502E+06   144.29    
     15206400.   0.26976       1.0000      0.26268E+06   145.57    
     15292800.   0.26695       1.0000      0.25994E+06   147.11    
     15379200.   0.26996       1.0000      0.26287E+06   145.47    
     15465600.   0.27165       1.0000      0.26451E+06   144.56    
     15552000.   0.27068       1.0000      0.26357E+06   145.08    
     15638400.   0.26852       1.0000      0.26147E+06   146.25    
     15724800.   0.26606       1.0000      0.25907E+06   147.60    
     15811200.   0.26347       1.0000      0.25656E+06   149.05    
     15897600.   0.26094       1.0000      0.25408E+06   150.50    
     15984000.   0.25902       1.0000      0.25222E+06   151.61    
     16070400.   0.25658       1.0000      0.24984E+06   153.05    
     16156800.   0.25427       1.0000      0.24760E+06   154.44    
     16243200.   0.25184       1.0000      0.24523E+06   155.93    
     16329600.   0.24956       1.0000      0.24301E+06   157.36    
     16416000.   0.24722       1.0000      0.24073E+06   158.84    
     16502400.   0.24500       1.0000      0.23857E+06   160.28    
     16588800.   0.24279       1.0000      0.23642E+06   161.74    
     16675200.   0.24064       1.0000      0.23433E+06   163.19    
     16761600.   0.23893       1.0000      0.23266E+06   164.35    
     16848000.   0.23754       1.0000      0.23130E+06   165.32    
     16934400.   0.23749       1.0000      0.23126E+06   165.35    
     17020800.   0.23685       1.0000      0.23063E+06   165.80    
     17107200.   0.23507       1.0000      0.22890E+06   167.05    
     17193600.   0.23331       1.0000      0.22718E+06   168.32    
     17280000.   0.23141       1.0000      0.22533E+06   169.70    
     17366400.   0.22961       1.0000      0.22358E+06   171.03    
     17452800.   0.22772       1.0000      0.22174E+06   172.45    
     17539200.   0.22597       1.0000      0.22004E+06   173.79    
     17625600.   0.22416       1.0000      0.21828E+06   175.18    
     17712000.   0.22302       1.0000      0.21716E+06   176.08    
     17798400.   0.22143       1.0000      0.21562E+06   177.35    
     17884800.   0.21972       1.0000      0.21395E+06   178.73    
     17971200.   0.21815       1.0000      0.21242E+06   180.01    
     18057600.   0.21652       1.0000      0.21083E+06   181.37    
     18144000.   0.21500       1.0000      0.20935E+06   182.65    
     18230400.   0.21344       1.0000      0.20784E+06   183.98    
     18316800.   0.21197       1.0000      0.21312E+06   185.26    
     18403200.   0.21049       1.0000      0.21732E+06   186.56    
     18489600.   0.20906       1.0000      0.21960E+06   187.84    
     18576000.   0.20766       1.0000      0.22113E+06   189.11    
     18662400.   0.20624       1.0000      0.22225E+06   190.41    
     18748800.   0.20493       1.0000      0.22306E+06   191.62    
     18835200.   0.20487       1.0000      0.22229E+06   191.69    
     18921600.   0.20378       1.0000      0.22297E+06   192.71    
     19008000.   0.20243       1.0000      0.22370E+06   193.99    
     19094400.   0.20109       1.0000      0.22416E+06   195.29    
     19180800.   0.19979       1.0000      0.22445E+06   196.56    
     19267200.   0.19853       1.0000      0.22461E+06   197.80    
     19353600.   0.19728       1.0000      0.22470E+06   199.06    
     19440000.   0.19605       1.0000      0.22473E+06   200.30    
     19526400.   0.19481       1.0000      0.22467E+06   201.58    
     19612800.   0.19367       1.0000      0.22459E+06   202.77    
     19699200.   0.19247       1.0000      0.22444E+06   204.03    
     19785600.   0.19136       1.0000      0.22428E+06   205.22    
     19872000.   0.19020       1.0000      0.22406E+06   206.46    
     19958400.   0.19041       1.0000      0.22364E+06   206.24    
     20044800.   0.19116       1.0000      0.22326E+06   205.43    
     20131200.   0.18989       1.0000      0.22339E+06   206.81    
     20217600.   0.18909       1.0000      0.22326E+06   207.68    
     20304000.   0.18816       1.0000      0.22310E+06   208.70    
     20390400.   0.18697       1.0000      0.22291E+06   210.03    
     20476800.   0.18581       1.0000      0.22265E+06   211.35    
     20563200.   0.18469       1.0000      0.22235E+06   212.63    
     20649600.   0.18357       1.0000      0.22200E+06   213.93    
     20736000.   0.18250       1.0000      0.22165E+06   215.18    
     20822400.   0.18142       1.0000      0.22127E+06   216.46    
     20908800.   0.18040       1.0000      0.22089E+06   217.68    
     20995200.   0.17936       1.0000      0.22047E+06   218.94    
     21081600.   0.17838       1.0000      0.22007E+06   220.15    
     21168000.   0.17738       1.0000      0.21964E+06   221.39    
     21254400.   0.17643       1.0000      0.21922E+06   222.58    
     21340800.   0.17547       1.0000      0.21877E+06   223.80    
     21427200.   0.17452       1.0000      0.21832E+06   225.01    
     21513600.   0.17382       1.0000      0.21793E+06   225.93    
     21600000.   0.17515       1.0000      0.21802E+06   224.21    
     21686400.   0.17404       1.0000      0.21772E+06   225.64    
     21772800.   0.17300       1.0000      0.21732E+06   226.99    
     21859200.   0.17199       1.0000      0.21687E+06   228.32    
     21945600.   0.17099       1.0000      0.21638E+06   229.66    
     22032000.   0.17005       1.0000      0.21590E+06   230.93    
     22118400.   0.16913       1.0000      0.21541E+06   232.19    
     22204800.   0.16821       1.0000      0.21490E+06   233.46    
     22291200.   0.16733       1.0000      0.21442E+06   234.69    
     22377600.   0.16645       1.0000      0.21391E+06   235.92    
     22464000.   0.16819       1.0000      0.21435E+06   233.48    
     22550400.   0.16745       1.0000      0.21408E+06   234.52    
     22636800.   0.16710       1.0000      0.21387E+06   235.01    
     22723200.   0.17352       1.0000      0.21560E+06   226.31    
     22809600.   0.17346       1.0000      0.21597E+06   226.39    
     22896000.   0.17304       1.0000      0.21603E+06   226.94    
     22982400.   0.17247       1.0000      0.21592E+06   227.69    
     23068800.   0.17176       1.0000      0.21568E+06   228.63    
     23155200.   0.17090       1.0000      0.21537E+06   229.78    
     23241600.   0.16995       1.0000      0.21498E+06   231.06    
     23328000.   0.16891       1.0000      0.21451E+06   232.48    
     23414400.   0.16789       1.0000      0.21403E+06   233.91    
     23500800.   0.16689       1.0000      0.21353E+06   235.31    
     23587200.   0.16590       1.0000      0.21301E+06   236.71    
     23673600.   0.16491       1.0000      0.21248E+06   238.13    
     23760000.   0.16392       1.0000      0.21193E+06   239.57    
     23846400.   0.16295       1.0000      0.21138E+06   241.00    
     23932800.   0.16200       1.0000      0.21083E+06   242.40    
     24019200.   0.16108       1.0000      0.21027E+06   243.79    
     24105600.   0.16017       1.0000      0.20971E+06   245.17    
     24192000.   0.15928       1.0000      0.20915E+06   246.55    
     24278400.   0.15840       1.0000      0.20860E+06   247.91    
     24364800.   0.15754       1.0000      0.20804E+06   249.27    
     24451200.   0.15670       1.0000      0.20749E+06   250.61    
     24537600.   0.15587       1.0000      0.20693E+06   251.95    
     24624000.   0.15505       1.0000      0.20638E+06   253.27    
     24710400.   0.15425       1.0000      0.20582E+06   254.59    
     24796800.   0.15347       1.0000      0.20528E+06   255.89    
     24883200.   0.15274       1.0000      0.20476E+06   257.11    
     24969600.   0.15274       1.0000      0.20465E+06   257.10    
     25056000.   0.15195       1.0000      0.20412E+06   258.44    
     25142400.   0.15117       1.0000      0.20358E+06   259.78    
     25228800.   0.15187       1.0000      0.20387E+06   258.57    
     25315200.   0.15116       1.0000      0.20342E+06   259.79    
     25401600.   0.15123       1.0000      0.20338E+06   259.68    
     25488000.   0.15123       1.0000      0.20333E+06   259.68    
     25574400.   0.15170       1.0000      0.20354E+06   258.87    
     25660800.   0.15109       1.0000      0.20317E+06   259.92    
     25747200.   0.15217       1.0000      0.20371E+06   258.07    
     25833600.   0.15818       1.0000      0.20674E+06   248.26    
     25920000.   0.16593       1.0000      0.21010E+06   236.66    
     26006400.   0.17342       1.0000      0.21260E+06   226.44    
     26092800.   0.17566       1.0000      0.21386E+06   223.55    
     26179200.   0.17529       1.0000      0.21448E+06   224.03    
     26265600.   0.17426       1.0000      0.21462E+06   225.36    
     26352000.   0.17301       1.0000      0.21448E+06   226.98    
     26438400.   0.17168       1.0000      0.21416E+06   228.74    
     26524800.   0.17031       1.0000      0.21373E+06   230.58    
     26611200.   0.16889       1.0000      0.21321E+06   232.52    
     26697600.   0.16751       1.0000      0.21265E+06   234.43    
     26784000.   0.16617       1.0000      0.21204E+06   236.33    
     26870400.   0.17013       1.0000      0.21310E+06   230.82    
     26956800.   0.17270       1.0000      0.21390E+06   227.39    
     27043200.   0.17515       1.0000      0.21464E+06   224.21    
     27129600.   0.17602       1.0000      0.21511E+06   223.10    
     27216000.   0.17746       1.0000      0.21554E+06   221.29    
     27302400.   0.18075       1.0000      0.21596E+06   217.26    
     27388800.   0.18694       1.0000      0.21565E+06   210.07    
     27475200.   0.19231       1.0000      0.21439E+06   204.20    
     27561600.   0.19247       1.0000      0.21586E+06   204.03    
     27648000.   0.19160       1.0000      0.21710E+06   204.96    
     27734400.   0.19014       1.0000      0.21798E+06   206.53    
     27820800.   0.18881       1.0000      0.21842E+06   207.98    
     27907200.   0.18773       1.0000      0.21859E+06   209.18    
     27993600.   0.19021       1.0000      0.21772E+06   206.46    
     28080000.   0.19405       1.0000      0.21608E+06   202.37    
     28166400.   0.19623       1.0000      0.21527E+06   200.12    
     28252800.   0.19567       1.0000      0.21668E+06   200.69    
     28339200.   0.19439       1.0000      0.21793E+06   202.02    
     28425600.   0.19281       1.0000      0.21878E+06   203.67    
     28512000.   0.19111       1.0000      0.21930E+06   205.48    
     28598400.   0.18941       1.0000      0.21958E+06   207.33    
     28684800.   0.18770       1.0000      0.21967E+06   209.22    
     28771200.   0.18601       1.0000      0.21961E+06   211.12    
     28857600.   0.18434       1.0000      0.21943E+06   213.03    
     28944000.   0.18269       1.0000      0.21916E+06   214.96    
     29030400.   0.18105       1.0000      0.21881E+06   216.90    
     29116800.   0.17944       1.0000      0.21838E+06   218.85    
     29203200.   0.17787       1.0000      0.21792E+06   220.77    
     29289600.   0.17635       1.0000      0.21740E+06   222.69    
     29376000.   0.17487       1.0000      0.21686E+06   224.57    
     29462400.   0.17343       1.0000      0.21628E+06   226.43    
     29548800.   0.17204       1.0000      0.21568E+06   228.26    
     29635200.   0.17068       1.0000      0.21507E+06   230.07    
     29721600.   0.16936       1.0000      0.21444E+06   231.87    
     29808000.   0.16806       1.0000      0.21380E+06   233.66    
     29894400.   0.16679       1.0000      0.21315E+06   235.45    
     29980800.   0.16554       1.0000      0.21248E+06   237.22    
     30067200.   0.16433       1.0000      0.21182E+06   238.97    
     30153600.   0.16315       1.0000      0.21115E+06   240.70    
     30240000.   0.16200       1.0000      0.21048E+06   242.40    
     30326400.   0.16088       1.0000      0.20980E+06   244.09    
     30412800.   0.15979       1.0000      0.20913E+06   245.77    
     30499200.   0.15872       1.0000      0.20847E+06   247.42    
     30585600.   0.15767       1.0000      0.20780E+06   249.06    
     30672000.   0.15665       1.0000      0.20713E+06   250.68    
     30758400.   0.15566       1.0000      0.20647E+06   252.29    
     30844800.   0.15468       1.0000      0.20582E+06   253.88    
     30931200.   0.15373       1.0000      0.20517E+06   255.46    
     31017600.   0.15279       1.0000      0.20452E+06   257.02    
     31104000.   0.15187       1.0000      0.20387E+06   258.58    
     31190400.   0.15097       1.0000      0.20323E+06   260.12    
     31276800.   0.15023       1.0000      0.20267E+06   261.41    
     31363200.   0.14936       1.0000      0.20204E+06   262.93    
     31449600.   0.14850       1.0000      0.20142E+06   264.44    
     31536000.   0.14766       1.0000      0.20079E+06   265.94    
     31622400.   0.14677       1.0000      0.20013E+06   267.56    
