   TOTIM (T)     FLOWRATE     DIAM.         RE           RT
        86400.  -0.28288E-01   1.0000       27545.       1388.2    
       172800.  -0.28099E-01   1.0000       27362.       1397.5    
       259200.  -0.28097E-01   1.0000       27359.       1397.6    
       345600.  -0.28060E-01   1.0000       27323.       1399.5    
       432000.  -0.28175E-01   1.0000       27435.       1393.8    
       518400.  -0.28244E-01   1.0000       27503.       1390.4    
       604800.  -0.28275E-01   1.0000       27533.       1388.9    
       691200.  -0.28475E-01   1.0000       27727.       1379.1    
       777600.  -0.28988E-01   1.0000       28227.       1354.7    
       864000.  -0.29733E-01   1.0000       28953.       1320.7    
       950400.  -0.30134E-01   1.0000       29343.       1303.2    
      1036800.  -0.30972E-01   1.0000       30159.       1267.9    
      1123200.  -0.32294E-01   1.0000       31446.       1216.0    
      1209600.  -0.32351E-01   1.0000       31501.       1213.9    
      1296000.  -0.32422E-01   1.0000       31571.       1211.2    
      1382400.  -0.32378E-01   1.0000       31528.       1212.9    
      1468800.  -0.32280E-01   1.0000       31433.       1216.5    
      1555200.  -0.32136E-01   1.0000       31292.       1222.0    
      1641600.  -0.31966E-01   1.0000       31127.       1228.5    
      1728000.  -0.31806E-01   1.0000       30971.       1234.7    
      1814400.  -0.31652E-01   1.0000       30821.       1240.7    
      1900800.  -0.31470E-01   1.0000       30644.       1247.8    
      1987200.  -0.31295E-01   1.0000       30473.       1254.8    
      2073600.  -0.31138E-01   1.0000       30321.       1261.1    
      2160000.  -0.30955E-01   1.0000       30143.       1268.6    
      2246400.  -0.30771E-01   1.0000       29963.       1276.2    
      2332800.  -0.30582E-01   1.0000       29780.       1284.1    
      2419200.  -0.30393E-01   1.0000       29595.       1292.1    
      2505600.  -0.30281E-01   1.0000       29486.       1296.9    
      2592000.  -0.30138E-01   1.0000       29347.       1303.0    
      2678400.  -0.30285E-01   1.0000       29490.       1296.7    
      2764800.  -0.30965E-01   1.0000       30152.       1268.2    
      2851200.  -0.32590E-01   1.0000       31734.       1205.0    
      2937600.  -0.32448E-01   1.0000       31596.       1210.3    
      3024000.  -0.32728E-01   1.0000       31869.       1199.9    
      3110400.  -0.32839E-01   1.0000       31977.       1195.8    
      3196800.  -0.32817E-01   1.0000       31956.       1196.6    
      3283200.  -0.32724E-01   1.0000       31865.       1200.0    
      3369600.  -0.32778E-01   1.0000       31918.       1198.0    
      3456000.  -0.32918E-01   1.0000       32054.       1192.9    
      3542400.  -0.33139E-01   1.0000       32269.       1185.0    
      3628800.  -0.33255E-01   1.0000       32382.       1180.9    
      3715200.  -0.33216E-01   1.0000       32344.       1182.3    
      3801600.  -0.33291E-01   1.0000       32417.       1179.6    
      3888000.  -0.33421E-01   1.0000       32544.       1175.0    
      3974400.  -0.33688E-01   1.0000       32803.       1165.7    
      4060800.  -0.33920E-01   1.0000       33029.       1157.7    
      4147200.  -0.33892E-01   1.0000       33002.       1158.7    
      4233600.  -0.33805E-01   1.0000       32917.       1161.7    
      4320000.  -0.33708E-01   1.0000       32823.       1165.0    
      4406400.  -0.33578E-01   1.0000       32697.       1169.5    
      4492800.  -0.33464E-01   1.0000       32586.       1173.5    
      4579200.  -0.33309E-01   1.0000       32435.       1179.0    
      4665600.  -0.33139E-01   1.0000       32269.       1185.0    
      4752000.  -0.33328E-01   1.0000       32453.       1178.3    
      4838400.  -0.33616E-01   1.0000       32733.       1168.2    
      4924800.  -0.33977E-01   1.0000       33085.       1155.8    
      5011200.  -0.34242E-01   1.0000       33343.       1146.8    
      5097600.  -0.34218E-01   1.0000       33320.       1147.6    
      5184000.  -0.34135E-01   1.0000       33239.       1150.4    
      5270400.  -0.34029E-01   1.0000       33135.       1154.0    
      5356800.  -0.33880E-01   1.0000       32990.       1159.1    
      5443200.  -0.33949E-01   1.0000       33057.       1156.7    
      5529600.  -0.34038E-01   1.0000       33144.       1153.7    
      5616000.  -0.34157E-01   1.0000       33260.       1149.7    
      5702400.  -0.34250E-01   1.0000       33351.       1146.6    
      5788800.  -0.34246E-01   1.0000       33347.       1146.7    
      5875200.  -0.34279E-01   1.0000       33379.       1145.6    
      5961600.  -0.34261E-01   1.0000       33362.       1146.2    
      6048000.  -0.34173E-01   1.0000       33275.       1149.2    
      6134400.  -0.34044E-01   1.0000       33150.       1153.5    
      6220800.  -0.33887E-01   1.0000       32997.       1158.9    
      6307200.  -0.33712E-01   1.0000       32827.       1164.9    
      6393600.  -0.33526E-01   1.0000       32646.       1171.3    
      6480000.  -0.33333E-01   1.0000       32458.       1178.1    
      6566400.  -0.33136E-01   1.0000       32266.       1185.1    
      6652800.  -0.32935E-01   1.0000       32070.       1192.3    
      6739200.  -0.32734E-01   1.0000       31874.       1199.7    
      6825600.  -0.32529E-01   1.0000       31675.       1207.2    
      6912000.  -0.32322E-01   1.0000       31474.       1215.0    
      6998400.  -0.32115E-01   1.0000       31272.       1222.8    
      7084800.  -0.31911E-01   1.0000       31073.       1230.6    
      7171200.  -0.31709E-01   1.0000       30876.       1238.5    
      7257600.  -0.31508E-01   1.0000       30681.       1246.3    
      7344000.  -0.31311E-01   1.0000       30489.       1254.2    
      7430400.  -0.31127E-01   1.0000       30310.       1261.6    
      7516800.  -0.30944E-01   1.0000       30132.       1269.1    
      7603200.  -0.30758E-01   1.0000       29950.       1276.7    
      7689600.  -0.30575E-01   1.0000       29772.       1284.4    
      7776000.  -0.30400E-01   1.0000       29602.       1291.8    
      7862400.  -0.30224E-01   1.0000       29430.       1299.3    
      7948800.  -0.30051E-01   1.0000       29262.       1306.8    
      8035200.  -0.29881E-01   1.0000       29097.       1314.2    
      8121600.  -0.29714E-01   1.0000       28934.       1321.6    
      8208000.  -0.29551E-01   1.0000       28775.       1328.9    
      8294400.  -0.29390E-01   1.0000       28618.       1336.2    
      8380800.  -0.29803E-01   1.0000       29021.       1317.6    
      8467200.  -0.29817E-01   1.0000       29034.       1317.0    
      8553600.  -0.29841E-01   1.0000       29058.       1316.0    
      8640000.  -0.29802E-01   1.0000       29020.       1317.7    
      8726400.  -0.29730E-01   1.0000       28950.       1320.9    
      8812800.  -0.29638E-01   1.0000       28860.       1325.0    
      8899200.  -0.29517E-01   1.0000       28742.       1330.4    
      8985600.  -0.29458E-01   1.0000       28685.       1333.1    
      9072000.  -0.29509E-01   1.0000       28734.       1330.8    
      9158400.  -0.29450E-01   1.0000       28676.       1333.5    
      9244800.  -0.29721E-01   1.0000       28941.       1321.3    
      9331200.  -0.30402E-01   1.0000       29603.       1291.7    
      9417600.  -0.31982E-01   1.0000       31142.       1227.9    
      9504000.  -0.33158E-01   1.0000       32287.       1184.3    
      9590400.  -0.33245E-01   1.0000       32372.       1181.2    
      9676800.  -0.33274E-01   1.0000       32400.       1180.2    
      9763200.  -0.33157E-01   1.0000       32286.       1184.4    
      9849600.  -0.32984E-01   1.0000       32118.       1190.6    
      9936000.  -0.33168E-01   1.0000       32297.       1184.0    
     10022400.  -0.33314E-01   1.0000       32440.       1178.8    
     10108800.  -0.33403E-01   1.0000       32526.       1175.6    
     10195200.  -0.33561E-01   1.0000       32680.       1170.1    
     10281600.  -0.33666E-01   1.0000       32782.       1166.5    
     10368000.  -0.33619E-01   1.0000       32736.       1168.1    
     10454400.  -0.33505E-01   1.0000       32625.       1172.1    
     10540800.  -0.33515E-01   1.0000       32635.       1171.7    
     10627200.  -0.33588E-01   1.0000       32707.       1169.2    
     10713600.  -0.33608E-01   1.0000       32726.       1168.5    
     10800000.  -0.33554E-01   1.0000       32673.       1170.4    
     10886400.  -0.33442E-01   1.0000       32564.       1174.3    
     10972800.  -0.33287E-01   1.0000       32413.       1179.7    
     11059200.  -0.33091E-01   1.0000       32222.       1186.7    
     11145600.  -0.32877E-01   1.0000       32014.       1194.4    
     11232000.  -0.32658E-01   1.0000       31801.       1202.5    
     11318400.  -0.32436E-01   1.0000       31585.       1210.7    
     11404800.  -0.32424E-01   1.0000       31573.       1211.1    
     11491200.  -0.32221E-01   1.0000       31375.       1218.8    
     11577600.  -0.32421E-01   1.0000       31570.       1211.3    
     11664000.  -0.33018E-01   1.0000       32151.       1189.3    
     11750400.  -0.34442E-01   1.0000       33538.       1140.2    
     11836800.  -0.34312E-01   1.0000       33411.       1144.5    
     11923200.  -0.34284E-01   1.0000       33384.       1145.4    
     12009600.  -0.34140E-01   1.0000       33244.       1150.3    
     12096000.  -0.34109E-01   1.0000       33213.       1151.3    
     12182400.  -0.34038E-01   1.0000       33144.       1153.7    
     12268800.  -0.33920E-01   1.0000       33029.       1157.7    
     12355200.  -0.33764E-01   1.0000       32877.       1163.1    
     12441600.  -0.33638E-01   1.0000       32755.       1167.4    
     12528000.  -0.33991E-01   1.0000       33099.       1155.3    
     12614400.  -0.34406E-01   1.0000       33503.       1141.4    
     12700800.  -0.34395E-01   1.0000       33492.       1141.7    
     12787200.  -0.34343E-01   1.0000       33442.       1143.4    
     12873600.  -0.34206E-01   1.0000       33308.       1148.0    
     12960000.  -0.34249E-01   1.0000       33350.       1146.6    
     13046400.  -0.34167E-01   1.0000       33270.       1149.4    
     13132800.  -0.34057E-01   1.0000       33163.       1153.1    
     13219200.  -0.33970E-01   1.0000       33078.       1156.0    
     13305600.  -0.33837E-01   1.0000       32949.       1160.6    
     13392000.  -0.33995E-01   1.0000       33102.       1155.2    
     13478400.  -0.34112E-01   1.0000       33216.       1151.2    
     13564800.  -0.34092E-01   1.0000       33197.       1151.9    
     13651200.  -0.34035E-01   1.0000       33141.       1153.8    
     13737600.  -0.33928E-01   1.0000       33037.       1157.4    
     13824000.  -0.34284E-01   1.0000       33384.       1145.4    
     13910400.  -0.34792E-01   1.0000       33878.       1128.7    
     13996800.  -0.34840E-01   1.0000       33926.       1127.1    
     14083200.  -0.34814E-01   1.0000       33900.       1128.0    
     14169600.  -0.34974E-01   1.0000       34056.       1122.8    
     14256000.  -0.35095E-01   1.0000       34173.       1119.0    
     14342400.  -0.35602E-01   1.0000       34667.       1103.0    
     14428800.  -0.36805E-01   1.0000       35838.       1067.0    
     14515200.  -0.36904E-01   1.0000       35935.       1064.1    
     14601600.  -0.37286E-01   1.0000       36307.       1053.2    
     14688000.  -0.37776E-01   1.0000       36784.       1039.5    
     14774400.  -0.38029E-01   1.0000       37030.       1032.6    
     14860800.  -0.38100E-01   1.0000       37100.       1030.7    
     14947200.  -0.38119E-01   1.0000       37118.       1030.2    
     15033600.  -0.38043E-01   1.0000       37044.       1032.2    
     15120000.  -0.37914E-01   1.0000       36919.       1035.8    
     15206400.  -0.37733E-01   1.0000       36742.       1040.7    
     15292800.  -0.37514E-01   1.0000       36529.       1046.8    
     15379200.  -0.37784E-01   1.0000       36792.       1039.3    
     15465600.  -0.37904E-01   1.0000       36909.       1036.0    
     15552000.  -0.37841E-01   1.0000       36848.       1037.7    
     15638400.  -0.37692E-01   1.0000       36702.       1041.9    
     15724800.  -0.37498E-01   1.0000       36514.       1047.2    
     15811200.  -0.37278E-01   1.0000       36299.       1053.4    
     15897600.  -0.37047E-01   1.0000       36074.       1060.0    
     15984000.  -0.36861E-01   1.0000       35893.       1065.4    
     16070400.  -0.36626E-01   1.0000       35665.       1072.2    
     16156800.  -0.36395E-01   1.0000       35439.       1079.0    
     16243200.  -0.36157E-01   1.0000       35208.       1086.1    
     16329600.  -0.35919E-01   1.0000       34976.       1093.3    
     16416000.  -0.35681E-01   1.0000       34744.       1100.6    
     16502400.  -0.35444E-01   1.0000       34513.       1107.9    
     16588800.  -0.35210E-01   1.0000       34285.       1115.3    
     16675200.  -0.34979E-01   1.0000       34060.       1122.7    
     16761600.  -0.34782E-01   1.0000       33869.       1129.0    
     16848000.  -0.34614E-01   1.0000       33706.       1134.5    
     16934400.  -0.34563E-01   1.0000       33655.       1136.2    
     17020800.  -0.34464E-01   1.0000       33559.       1139.4    
     17107200.  -0.34281E-01   1.0000       33381.       1145.5    
     17193600.  -0.34100E-01   1.0000       33204.       1151.6    
     17280000.  -0.33904E-01   1.0000       33014.       1158.3    
     17366400.  -0.33705E-01   1.0000       32820.       1165.1    
     17452800.  -0.33504E-01   1.0000       32625.       1172.1    
     17539200.  -0.33305E-01   1.0000       32431.       1179.1    
     17625600.  -0.33109E-01   1.0000       32240.       1186.1    
     17712000.  -0.32964E-01   1.0000       32099.       1191.3    
     17798400.  -0.32780E-01   1.0000       31919.       1198.0    
     17884800.  -0.32596E-01   1.0000       31740.       1204.8    
     17971200.  -0.32413E-01   1.0000       31562.       1211.6    
     18057600.  -0.32232E-01   1.0000       31386.       1218.4    
     18144000.  -0.32053E-01   1.0000       31212.       1225.1    
     18230400.  -0.31878E-01   1.0000       31041.       1231.9    
     18316800.  -0.31705E-01   1.0000       30872.       1238.6    
     18403200.  -0.31535E-01   1.0000       30707.       1245.3    
     18489600.  -0.31368E-01   1.0000       30544.       1251.9    
     18576000.  -0.31203E-01   1.0000       30384.       1258.5    
     18662400.  -0.31041E-01   1.0000       30226.       1265.1    
     18748800.  -0.30882E-01   1.0000       30071.       1271.6    
     18835200.  -0.30834E-01   1.0000       30024.       1273.6    
     18921600.  -0.30701E-01   1.0000       29895.       1279.1    
     19008000.  -0.30553E-01   1.0000       29751.       1285.3    
     19094400.  -0.30404E-01   1.0000       29606.       1291.6    
     19180800.  -0.30255E-01   1.0000       29461.       1298.0    
     19267200.  -0.30110E-01   1.0000       29319.       1304.2    
     19353600.  -0.29964E-01   1.0000       29177.       1310.6    
     19440000.  -0.29821E-01   1.0000       29038.       1316.9    
     19526400.  -0.29679E-01   1.0000       28900.       1323.2    
     19612800.  -0.29540E-01   1.0000       28764.       1329.4    
     19699200.  -0.29402E-01   1.0000       28630.       1335.6    
     19785600.  -0.29267E-01   1.0000       28498.       1341.8    
     19872000.  -0.29133E-01   1.0000       28368.       1348.0    
     19958400.  -0.29113E-01   1.0000       28348.       1348.9    
     20044800.  -0.29142E-01   1.0000       28377.       1347.5    
     20131200.  -0.29009E-01   1.0000       28247.       1353.7    
     20217600.  -0.28923E-01   1.0000       28164.       1357.7    
     20304000.  -0.28818E-01   1.0000       28061.       1362.7    
     20390400.  -0.28690E-01   1.0000       27936.       1368.8    
     20476800.  -0.28563E-01   1.0000       27813.       1374.9    
     20563200.  -0.28435E-01   1.0000       27689.       1381.0    
     20649600.  -0.28309E-01   1.0000       27566.       1387.2    
     20736000.  -0.28185E-01   1.0000       27445.       1393.3    
     20822400.  -0.28062E-01   1.0000       27325.       1399.4    
     20908800.  -0.27941E-01   1.0000       27208.       1405.5    
     20995200.  -0.27822E-01   1.0000       27091.       1411.5    
     21081600.  -0.27704E-01   1.0000       26976.       1417.5    
     21168000.  -0.27587E-01   1.0000       26863.       1423.5    
     21254400.  -0.27473E-01   1.0000       26751.       1429.4    
     21340800.  -0.27359E-01   1.0000       26641.       1435.3    
     21427200.  -0.27247E-01   1.0000       26532.       1441.2    
     21513600.  -0.27154E-01   1.0000       26442.       1446.2    
     21600000.  -0.27240E-01   1.0000       26525.       1441.6    
     21686400.  -0.27117E-01   1.0000       26405.       1448.2    
     21772800.  -0.27013E-01   1.0000       26304.       1453.7    
     21859200.  -0.26904E-01   1.0000       26197.       1459.7    
     21945600.  -0.26793E-01   1.0000       26090.       1465.7    
     22032000.  -0.26684E-01   1.0000       25984.       1471.6    
     22118400.  -0.26577E-01   1.0000       25879.       1477.6    
     22204800.  -0.26471E-01   1.0000       25776.       1483.5    
     22291200.  -0.26366E-01   1.0000       25674.       1489.4    
     22377600.  -0.26262E-01   1.0000       25573.       1495.3    
     22464000.  -0.26387E-01   1.0000       25694.       1488.2    
     22550400.  -0.26293E-01   1.0000       25603.       1493.6    
     22636800.  -0.26254E-01   1.0000       25565.       1495.8    
     22723200.  -0.26796E-01   1.0000       26093.       1465.5    
     22809600.  -0.26771E-01   1.0000       26068.       1466.9    
     22896000.  -0.26770E-01   1.0000       26067.       1467.0    
     22982400.  -0.26731E-01   1.0000       26029.       1469.1    
     23068800.  -0.26673E-01   1.0000       25973.       1472.3    
     23155200.  -0.26594E-01   1.0000       25896.       1476.6    
     23241600.  -0.26505E-01   1.0000       25809.       1481.6    
     23328000.  -0.26405E-01   1.0000       25712.       1487.2    
     23414400.  -0.26301E-01   1.0000       25610.       1493.1    
     23500800.  -0.26196E-01   1.0000       25509.       1499.1    
     23587200.  -0.26092E-01   1.0000       25407.       1505.1    
     23673600.  -0.25986E-01   1.0000       25303.       1511.2    
     23760000.  -0.25877E-01   1.0000       25198.       1517.5    
     23846400.  -0.25769E-01   1.0000       25092.       1523.9    
     23932800.  -0.25662E-01   1.0000       24988.       1530.3    
     24019200.  -0.25556E-01   1.0000       24885.       1536.6    
     24105600.  -0.25456E-01   1.0000       24788.       1542.7    
     24192000.  -0.25355E-01   1.0000       24690.       1548.8    
     24278400.  -0.25255E-01   1.0000       24591.       1555.0    
     24364800.  -0.25155E-01   1.0000       24494.       1561.1    
     24451200.  -0.25056E-01   1.0000       24398.       1567.3    
     24537600.  -0.24959E-01   1.0000       24304.       1573.4    
     24624000.  -0.24863E-01   1.0000       24210.       1579.5    
     24710400.  -0.24768E-01   1.0000       24118.       1585.5    
     24796800.  -0.24674E-01   1.0000       24026.       1591.5    
     24883200.  -0.24585E-01   1.0000       23939.       1597.3    
     24969600.  -0.24557E-01   1.0000       23912.       1599.1    
     25056000.  -0.24463E-01   1.0000       23821.       1605.3    
     25142400.  -0.24376E-01   1.0000       23736.       1611.0    
     25228800.  -0.24410E-01   1.0000       23769.       1608.8    
     25315200.  -0.24326E-01   1.0000       23687.       1614.3    
     25401600.  -0.24316E-01   1.0000       23677.       1615.0    
     25488000.  -0.24296E-01   1.0000       23658.       1616.3    
     25574400.  -0.24320E-01   1.0000       23682.       1614.7    
     25660800.  -0.24256E-01   1.0000       23619.       1619.0    
     25747200.  -0.24337E-01   1.0000       23698.       1613.6    
     25833600.  -0.24833E-01   1.0000       24181.       1581.4    
     25920000.  -0.25520E-01   1.0000       24850.       1538.8    
     26006400.  -0.26189E-01   1.0000       25501.       1499.5    
     26092800.  -0.26453E-01   1.0000       25759.       1484.5    
     26179200.  -0.26515E-01   1.0000       25819.       1481.0    
     26265600.  -0.26499E-01   1.0000       25803.       1482.0    
     26352000.  -0.26435E-01   1.0000       25741.       1485.5    
     26438400.  -0.26347E-01   1.0000       25656.       1490.5    
     26524800.  -0.26245E-01   1.0000       25556.       1496.3    
     26611200.  -0.26128E-01   1.0000       25442.       1503.0    
     26697600.  -0.26009E-01   1.0000       25326.       1509.9    
     26784000.  -0.25887E-01   1.0000       25207.       1517.0    
     26870400.  -0.26223E-01   1.0000       25534.       1497.6    
     26956800.  -0.26429E-01   1.0000       25736.       1485.8    
     27043200.  -0.26663E-01   1.0000       25963.       1472.8    
     27129600.  -0.26769E-01   1.0000       26066.       1467.0    
     27216000.  -0.26926E-01   1.0000       26219.       1458.4    
     27302400.  -0.27239E-01   1.0000       26524.       1441.7    
     27388800.  -0.27805E-01   1.0000       27075.       1412.3    
     27475200.  -0.28315E-01   1.0000       27572.       1386.9    
     27561600.  -0.28401E-01   1.0000       27655.       1382.7    
     27648000.  -0.28412E-01   1.0000       27666.       1382.1    
     27734400.  -0.28342E-01   1.0000       27598.       1385.6    
     27820800.  -0.28259E-01   1.0000       27518.       1389.6    
     27907200.  -0.28183E-01   1.0000       27444.       1393.4    
     27993600.  -0.28410E-01   1.0000       27664.       1382.3    
     28080000.  -0.28748E-01   1.0000       27993.       1366.0    
     28166400.  -0.28964E-01   1.0000       28204.       1355.8    
     28252800.  -0.28963E-01   1.0000       28202.       1355.9    
     28339200.  -0.28898E-01   1.0000       28139.       1358.9    
     28425600.  -0.28789E-01   1.0000       28033.       1364.1    
     28512000.  -0.28654E-01   1.0000       27902.       1370.5    
     28598400.  -0.28507E-01   1.0000       27758.       1377.6    
     28684800.  -0.28351E-01   1.0000       27607.       1385.1    
     28771200.  -0.28191E-01   1.0000       27451.       1393.0    
     28857600.  -0.28029E-01   1.0000       27293.       1401.0    
     28944000.  -0.27865E-01   1.0000       27133.       1409.3    
     29030400.  -0.27699E-01   1.0000       26972.       1417.7    
     29116800.  -0.27533E-01   1.0000       26811.       1426.3    
     29203200.  -0.27367E-01   1.0000       26649.       1434.9    
     29289600.  -0.27203E-01   1.0000       26489.       1443.6    
     29376000.  -0.27042E-01   1.0000       26332.       1452.2    
     29462400.  -0.26883E-01   1.0000       26178.       1460.8    
     29548800.  -0.26728E-01   1.0000       26026.       1469.3    
     29635200.  -0.26575E-01   1.0000       25877.       1477.7    
     29721600.  -0.26424E-01   1.0000       25730.       1486.1    
     29808000.  -0.26275E-01   1.0000       25586.       1494.6    
     29894400.  -0.26129E-01   1.0000       25443.       1502.9    
     29980800.  -0.25984E-01   1.0000       25302.       1511.3    
     30067200.  -0.25842E-01   1.0000       25164.       1519.6    
     30153600.  -0.25703E-01   1.0000       25028.       1527.9    
     30240000.  -0.25566E-01   1.0000       24894.       1536.0    
     30326400.  -0.25432E-01   1.0000       24764.       1544.1    
     30412800.  -0.25305E-01   1.0000       24641.       1551.8    
     30499200.  -0.25180E-01   1.0000       24519.       1559.6    
     30585600.  -0.25056E-01   1.0000       24398.       1567.3    
     30672000.  -0.24934E-01   1.0000       24280.       1574.9    
     30758400.  -0.24815E-01   1.0000       24163.       1582.5    
     30844800.  -0.24698E-01   1.0000       24049.       1590.0    
     30931200.  -0.24582E-01   1.0000       23937.       1597.5    
     31017600.  -0.24469E-01   1.0000       23826.       1604.9    
     31104000.  -0.24357E-01   1.0000       23718.       1612.3    
     31190400.  -0.24248E-01   1.0000       23611.       1619.5    
     31276800.  -0.24151E-01   1.0000       23517.       1626.0    
     31363200.  -0.24045E-01   1.0000       23413.       1633.2    
     31449600.  -0.23941E-01   1.0000       23312.       1640.3    
     31536000.  -0.23838E-01   1.0000       23213.       1647.3    
     31622400.  -0.23732E-01   1.0000       23109.       1654.7    
