   TOTIM (T)     FLOWRATE     DIAM.         RE           RT
        86400.   0.30212E-01   1.0000       29418.       1299.8    
       172800.   0.29501E-01   1.0000       28727.       1331.1    
       259200.   0.29647E-01   1.0000       28869.       1324.6    
       345600.   0.29644E-01   1.0000       28865.       1324.7    
       432000.   0.30163E-01   1.0000       29371.       1301.9    
       518400.   0.30379E-01   1.0000       29582.       1292.7    
       604800.   0.30382E-01   1.0000       29584.       1292.5    
       691200.   0.31046E-01   1.0000       30231.       1264.9    
       777600.   0.32792E-01   1.0000       31932.       1197.5    
       864000.   0.35088E-01   1.0000       34167.       1119.2    
       950400.   0.35623E-01   1.0000       34688.       1102.4    
      1036800.   0.37870E-01   1.0000       36875.       1037.0    
      1123200.   0.41908E-01   1.0000       40808.       937.05    
      1209600.   0.40206E-01   1.0000       39150.       976.72    
      1296000.   0.38916E-01   1.0000       37894.       1009.1    
      1382400.   0.37926E-01   1.0000       36930.       1035.4    
      1468800.   0.37126E-01   1.0000       36151.       1057.7    
      1555200.   0.36377E-01   1.0000       35422.       1079.5    
      1641600.   0.35694E-01   1.0000       34757.       1100.2    
      1728000.   0.35180E-01   1.0000       34256.       1116.3    
      1814400.   0.34762E-01   1.0000       33849.       1129.7    
      1900800.   0.34266E-01   1.0000       33367.       1146.0    
      1987200.   0.33845E-01   1.0000       32956.       1160.3    
      2073600.   0.33537E-01   1.0000       32656.       1170.9    
      2160000.   0.33128E-01   1.0000       32258.       1185.4    
      2246400.   0.32736E-01   1.0000       31877.       1199.6    
      2332800.   0.32362E-01   1.0000       31513.       1213.4    
      2419200.   0.32006E-01   1.0000       31166.       1227.0    
      2505600.   0.31974E-01   1.0000       31135.       1228.2    
      2592000.   0.31764E-01   1.0000       30930.       1236.3    
      2678400.   0.32673E-01   1.0000       31815.       1201.9    
      2764800.   0.35461E-01   1.0000       34530.       1107.4    
      2851200.   0.41438E-01   1.0000       40350.       947.69    
      2937600.   0.39073E-01   1.0000       38047.       1005.0    
      3024000.   0.38794E-01   1.0000       37776.       1012.3    
      3110400.   0.38505E-01   1.0000       37494.       1019.9    
      3196800.   0.37866E-01   1.0000       36872.       1037.1    
      3283200.   0.37151E-01   1.0000       36176.       1057.0    
      3369600.   0.37282E-01   1.0000       36303.       1053.3    
      3456000.   0.37777E-01   1.0000       36785.       1039.5    
      3542400.   0.38467E-01   1.0000       37457.       1020.9    
      3628800.   0.38560E-01   1.0000       37548.       1018.4    
      3715200.   0.37982E-01   1.0000       36985.       1033.9    
      3801600.   0.38070E-01   1.0000       37070.       1031.5    
      3888000.   0.38457E-01   1.0000       37448.       1021.1    
      3974400.   0.39335E-01   1.0000       38303.       998.33    
      4060800.   0.39892E-01   1.0000       38844.       984.41    
      4147200.   0.39223E-01   1.0000       38194.       1001.2    
      4233600.   0.38489E-01   1.0000       37478.       1020.3    
      4320000.   0.37989E-01   1.0000       36992.       1033.7    
      4406400.   0.37503E-01   1.0000       36519.       1047.1    
      4492800.   0.37174E-01   1.0000       36198.       1056.4    
      4579200.   0.36712E-01   1.0000       35748.       1069.7    
      4665600.   0.36243E-01   1.0000       35292.       1083.5    
      4752000.   0.37364E-01   1.0000       36383.       1051.0    
      4838400.   0.38619E-01   1.0000       37605.       1016.9    
      4924800.   0.39816E-01   1.0000       38771.       986.29    
      5011200.   0.40346E-01   1.0000       39286.       973.34    
      5097600.   0.39572E-01   1.0000       38533.       992.37    
      5184000.   0.38804E-01   1.0000       37785.       1012.0    
      5270400.   0.38253E-01   1.0000       37249.       1026.6    
      5356800.   0.37691E-01   1.0000       36701.       1041.9    
      5443200.   0.38179E-01   1.0000       37176.       1028.6    
      5529600.   0.38628E-01   1.0000       37614.       1016.6    
      5616000.   0.39031E-01   1.0000       38006.       1006.1    
      5702400.   0.39217E-01   1.0000       38187.       1001.4    
      5788800.   0.38951E-01   1.0000       37928.       1008.2    
      5875200.   0.38939E-01   1.0000       37917.       1008.5    
      5961600.   0.38758E-01   1.0000       37740.       1013.2    
      6048000.   0.38314E-01   1.0000       37308.       1025.0    
      6134400.   0.37804E-01   1.0000       36811.       1038.8    
      6220800.   0.37294E-01   1.0000       36315.       1053.0    
      6307200.   0.36807E-01   1.0000       35841.       1066.9    
      6393600.   0.36349E-01   1.0000       35395.       1080.4    
      6480000.   0.35917E-01   1.0000       34974.       1093.4    
      6566400.   0.35503E-01   1.0000       34571.       1106.1    
      6652800.   0.35106E-01   1.0000       34184.       1118.6    
      6739200.   0.34731E-01   1.0000       33819.       1130.7    
      6825600.   0.34359E-01   1.0000       33457.       1142.9    
      6912000.   0.33994E-01   1.0000       33101.       1155.2    
      6998400.   0.33642E-01   1.0000       32759.       1167.3    
      7084800.   0.33311E-01   1.0000       32436.       1178.9    
      7171200.   0.32995E-01   1.0000       32129.       1190.2    
      7257600.   0.32689E-01   1.0000       31830.       1201.3    
      7344000.   0.32397E-01   1.0000       31546.       1212.2    
      7430400.   0.32155E-01   1.0000       31311.       1221.3    
      7516800.   0.31907E-01   1.0000       31069.       1230.8    
      7603200.   0.31637E-01   1.0000       30806.       1241.3    
      7689600.   0.31379E-01   1.0000       30556.       1251.5    
      7776000.   0.31154E-01   1.0000       30336.       1260.5    
      7862400.   0.30913E-01   1.0000       30102.       1270.3    
      7948800.   0.30682E-01   1.0000       29877.       1279.9    
      8035200.   0.30460E-01   1.0000       29660.       1289.2    
      8121600.   0.30244E-01   1.0000       29450.       1298.4    
      8208000.   0.30034E-01   1.0000       29246.       1307.5    
      8294400.   0.29830E-01   1.0000       29047.       1316.5    
      8380800.   0.31864E-01   1.0000       31028.       1232.4    
      8467200.   0.31823E-01   1.0000       30987.       1234.0    
      8553600.   0.31736E-01   1.0000       30903.       1237.4    
      8640000.   0.31521E-01   1.0000       30694.       1245.8    
      8726400.   0.31276E-01   1.0000       30454.       1255.6    
      8812800.   0.31028E-01   1.0000       30213.       1265.6    
      8899200.   0.30729E-01   1.0000       29922.       1277.9    
      8985600.   0.30725E-01   1.0000       29918.       1278.1    
      9072000.   0.31127E-01   1.0000       30310.       1261.6    
      9158400.   0.30969E-01   1.0000       30156.       1268.0    
      9244800.   0.32104E-01   1.0000       31261.       1223.2    
      9331200.   0.34615E-01   1.0000       33706.       1134.5    
      9417600.   0.40183E-01   1.0000       39128.       977.27    
      9504000.   0.43187E-01   1.0000       42054.       909.29    
      9590400.   0.41155E-01   1.0000       40075.       954.19    
      9676800.   0.39554E-01   1.0000       38516.       992.82    
      9763200.   0.38253E-01   1.0000       37249.       1026.6    
      9849600.   0.37226E-01   1.0000       36248.       1054.9    
      9936000.   0.37993E-01   1.0000       36995.       1033.6    
     10022400.   0.38452E-01   1.0000       37442.       1021.3    
     10108800.   0.38462E-01   1.0000       37452.       1021.0    
     10195200.   0.38765E-01   1.0000       37747.       1013.0    
     10281600.   0.38833E-01   1.0000       37814.       1011.2    
     10368000.   0.38263E-01   1.0000       37259.       1026.3    
     10454400.   0.37568E-01   1.0000       36581.       1045.3    
     10540800.   0.37611E-01   1.0000       36623.       1044.1    
     10627200.   0.37936E-01   1.0000       36940.       1035.2    
     10713600.   0.37916E-01   1.0000       36921.       1035.7    
     10800000.   0.37553E-01   1.0000       36567.       1045.7    
     10886400.   0.37034E-01   1.0000       36062.       1060.4    
     10972800.   0.36468E-01   1.0000       35510.       1076.8    
     11059200.   0.35847E-01   1.0000       34906.       1095.5    
     11145600.   0.35272E-01   1.0000       34346.       1113.3    
     11232000.   0.34759E-01   1.0000       33846.       1129.8    
     11318400.   0.34292E-01   1.0000       33392.       1145.2    
     11404800.   0.34733E-01   1.0000       33821.       1130.6    
     11491200.   0.34202E-01   1.0000       33304.       1148.2    
     11577600.   0.35360E-01   1.0000       34431.       1110.6    
     11664000.   0.37903E-01   1.0000       36908.       1036.1    
     11750400.   0.43316E-01   1.0000       42178.       906.60    
     11836800.   0.41104E-01   1.0000       40025.       955.37    
     11923200.   0.39619E-01   1.0000       38578.       991.20    
     12009600.   0.38530E-01   1.0000       37518.       1019.2    
     12096000.   0.38350E-01   1.0000       37343.       1024.0    
     12182400.   0.38081E-01   1.0000       37081.       1031.2    
     12268800.   0.37613E-01   1.0000       36625.       1044.1    
     12355200.   0.37059E-01   1.0000       36086.       1059.7    
     12441600.   0.36745E-01   1.0000       35780.       1068.7    
     12528000.   0.38513E-01   1.0000       37501.       1019.7    
     12614400.   0.40129E-01   1.0000       39076.       978.58    
     12700800.   0.39459E-01   1.0000       38423.       995.21    
     12787200.   0.38747E-01   1.0000       37730.       1013.5    
     12873600.   0.38004E-01   1.0000       37007.       1033.3    
     12960000.   0.38271E-01   1.0000       37267.       1026.1    
     13046400.   0.37964E-01   1.0000       36967.       1034.4    
     13132800.   0.37535E-01   1.0000       36550.       1046.2    
     13219200.   0.37300E-01   1.0000       36321.       1052.8    
     13305600.   0.36911E-01   1.0000       35942.       1063.9    
     13392000.   0.37815E-01   1.0000       36822.       1038.5    
     13478400.   0.38330E-01   1.0000       37323.       1024.5    
     13564800.   0.38057E-01   1.0000       37058.       1031.9    
     13651200.   0.37685E-01   1.0000       36696.       1042.1    
     13737600.   0.37240E-01   1.0000       36262.       1054.5    
     13824000.   0.38898E-01   1.0000       37877.       1009.6    
     13910400.   0.40873E-01   1.0000       39800.       960.77    
     13996800.   0.40363E-01   1.0000       39303.       972.93    
     14083200.   0.39611E-01   1.0000       38571.       991.40    
     14169600.   0.40042E-01   1.0000       38991.       980.72    
     14256000.   0.40325E-01   1.0000       39266.       973.85    
     14342400.   0.42221E-01   1.0000       41112.       930.11    
     14428800.   0.46865E-01   1.0000       45635.       837.93    
     14515200.   0.45735E-01   1.0000       44534.       858.64    
     14601600.   0.45930E-01   1.0000       44724.       854.99    
     14688000.   0.47097E-01   1.0000       45860.       833.81    
     14774400.   0.47129E-01   1.0000       45892.       833.24    
     14860800.   0.46371E-01   1.0000       45153.       846.87    
     14947200.   0.45687E-01   1.0000       44487.       859.55    
     15033600.   0.44873E-01   1.0000       43694.       875.14    
     15120000.   0.44056E-01   1.0000       42899.       891.37    
     15206400.   0.43206E-01   1.0000       42072.       908.90    
     15292800.   0.42367E-01   1.0000       41254.       926.90    
     15379200.   0.43923E-01   1.0000       42770.       894.06    
     15465600.   0.44453E-01   1.0000       43285.       883.41    
     15552000.   0.43828E-01   1.0000       42678.       896.00    
     15638400.   0.42931E-01   1.0000       41804.       914.71    
     15724800.   0.42114E-01   1.0000       41008.       932.47    
     15811200.   0.41384E-01   1.0000       40297.       948.92    
     15897600.   0.40741E-01   1.0000       39672.       963.89    
     15984000.   0.40391E-01   1.0000       39330.       972.25    
     16070400.   0.39828E-01   1.0000       38782.       986.00    
     16156800.   0.39308E-01   1.0000       38276.       999.03    
     16243200.   0.38808E-01   1.0000       37789.       1011.9    
     16329600.   0.38341E-01   1.0000       37334.       1024.2    
     16416000.   0.37898E-01   1.0000       36903.       1036.2    
     16502400.   0.37478E-01   1.0000       36494.       1047.8    
     16588800.   0.37080E-01   1.0000       36106.       1059.1    
     16675200.   0.36702E-01   1.0000       35738.       1070.0    
     16761600.   0.36475E-01   1.0000       35517.       1076.6    
     16848000.   0.36348E-01   1.0000       35394.       1080.4    
     16934400.   0.36668E-01   1.0000       35706.       1070.9    
     17020800.   0.36632E-01   1.0000       35670.       1072.0    
     17107200.   0.36155E-01   1.0000       35206.       1086.2    
     17193600.   0.35766E-01   1.0000       34827.       1098.0    
     17280000.   0.35393E-01   1.0000       34464.       1109.5    
     17366400.   0.35040E-01   1.0000       34120.       1120.7    
     17452800.   0.34710E-01   1.0000       33799.       1131.4    
     17539200.   0.34400E-01   1.0000       33497.       1141.6    
     17625600.   0.34106E-01   1.0000       33211.       1151.4    
     17712000.   0.34033E-01   1.0000       33140.       1153.9    
     17798400.   0.33743E-01   1.0000       32857.       1163.8    
     17884800.   0.33449E-01   1.0000       32571.       1174.0    
     17971200.   0.33180E-01   1.0000       32309.       1183.6    
     18057600.   0.32925E-01   1.0000       32061.       1192.7    
     18144000.   0.32681E-01   1.0000       31823.       1201.6    
     18230400.   0.32446E-01   1.0000       31594.       1210.3    
     18316800.   0.32218E-01   1.0000       31372.       1218.9    
     18403200.   0.31997E-01   1.0000       31157.       1227.3    
     18489600.   0.31781E-01   1.0000       30947.       1235.6    
     18576000.   0.31571E-01   1.0000       30742.       1243.9    
     18662400.   0.31366E-01   1.0000       30543.       1252.0    
     18748800.   0.31166E-01   1.0000       30347.       1260.0    
     18835200.   0.31407E-01   1.0000       30582.       1250.4    
     18921600.   0.31196E-01   1.0000       30377.       1258.8    
     19008000.   0.30917E-01   1.0000       30105.       1270.2    
     19094400.   0.30681E-01   1.0000       29875.       1280.0    
     19180800.   0.30467E-01   1.0000       29667.       1288.9    
     19267200.   0.30278E-01   1.0000       29483.       1297.0    
     19353600.   0.30084E-01   1.0000       29294.       1305.3    
     19440000.   0.29898E-01   1.0000       29113.       1313.5    
     19526400.   0.29718E-01   1.0000       28937.       1321.4    
     19612800.   0.29542E-01   1.0000       28766.       1329.3    
     19699200.   0.29370E-01   1.0000       28599.       1337.1    
     19785600.   0.29202E-01   1.0000       28436.       1344.8    
     19872000.   0.29038E-01   1.0000       28275.       1352.4    
     19958400.   0.29303E-01   1.0000       28534.       1340.1    
     20044800.   0.29654E-01   1.0000       28876.       1324.3    
     20131200.   0.29256E-01   1.0000       28488.       1342.3    
     20217600.   0.29111E-01   1.0000       28347.       1349.0    
     20304000.   0.28941E-01   1.0000       28181.       1356.9    
     20390400.   0.28700E-01   1.0000       27946.       1368.3    
     20476800.   0.28493E-01   1.0000       27745.       1378.2    
     20563200.   0.28305E-01   1.0000       27562.       1387.4    
     20649600.   0.28129E-01   1.0000       27390.       1396.1    
     20736000.   0.27960E-01   1.0000       27226.       1404.5    
     20822400.   0.27799E-01   1.0000       27069.       1412.7    
     20908800.   0.27642E-01   1.0000       26916.       1420.7    
     20995200.   0.27489E-01   1.0000       26767.       1428.6    
     21081600.   0.27340E-01   1.0000       26622.       1436.4    
     21168000.   0.27194E-01   1.0000       26480.       1444.1    
     21254400.   0.27051E-01   1.0000       26341.       1451.7    
     21340800.   0.26911E-01   1.0000       26204.       1459.3    
     21427200.   0.26773E-01   1.0000       26070.       1466.8    
     21513600.   0.26702E-01   1.0000       26001.       1470.7    
     21600000.   0.27256E-01   1.0000       26540.       1440.8    
     21686400.   0.26902E-01   1.0000       26196.       1459.7    
     21772800.   0.26661E-01   1.0000       25961.       1472.9    
     21859200.   0.26471E-01   1.0000       25776.       1483.5    
     21945600.   0.26305E-01   1.0000       25615.       1492.9    
     22032000.   0.26153E-01   1.0000       25467.       1501.5    
     22118400.   0.26009E-01   1.0000       25327.       1509.8    
     22204800.   0.25871E-01   1.0000       25192.       1517.9    
     22291200.   0.25738E-01   1.0000       25062.       1525.8    
     22377600.   0.25607E-01   1.0000       24935.       1533.5    
     22464000.   0.26272E-01   1.0000       25582.       1494.8    
     22550400.   0.26003E-01   1.0000       25320.       1510.2    
     22636800.   0.25942E-01   1.0000       25261.       1513.7    
     22723200.   0.27960E-01   1.0000       27226.       1404.5    
     22809600.   0.27560E-01   1.0000       26837.       1424.9    
     22896000.   0.27275E-01   1.0000       26559.       1439.8    
     22982400.   0.27048E-01   1.0000       26338.       1451.9    
     23068800.   0.26851E-01   1.0000       26146.       1462.5    
     23155200.   0.26635E-01   1.0000       25935.       1474.4    
     23241600.   0.26424E-01   1.0000       25730.       1486.1    
     23328000.   0.26212E-01   1.0000       25524.       1498.2    
     23414400.   0.26011E-01   1.0000       25328.       1509.7    
     23500800.   0.25831E-01   1.0000       25153.       1520.3    
     23587200.   0.25661E-01   1.0000       24987.       1530.4    
     23673600.   0.25494E-01   1.0000       24824.       1540.4    
     23760000.   0.25325E-01   1.0000       24660.       1550.6    
     23846400.   0.25164E-01   1.0000       24504.       1560.5    
     23932800.   0.25013E-01   1.0000       24356.       1570.0    
     24019200.   0.24868E-01   1.0000       24215.       1579.2    
     24105600.   0.24727E-01   1.0000       24077.       1588.2    
     24192000.   0.24588E-01   1.0000       23943.       1597.1    
     24278400.   0.24452E-01   1.0000       23810.       1606.0    
     24364800.   0.24320E-01   1.0000       23681.       1614.7    
     24451200.   0.24192E-01   1.0000       23556.       1623.3    
     24537600.   0.24067E-01   1.0000       23435.       1631.7    
     24624000.   0.23946E-01   1.0000       23317.       1639.9    
     24710400.   0.23827E-01   1.0000       23202.       1648.1    
     24796800.   0.23711E-01   1.0000       23088.       1656.2    
     24883200.   0.23608E-01   1.0000       22988.       1663.4    
     24969600.   0.23717E-01   1.0000       23094.       1655.8    
     25056000.   0.23542E-01   1.0000       22924.       1668.1    
     25142400.   0.23403E-01   1.0000       22788.       1678.0    
     25228800.   0.23706E-01   1.0000       23084.       1656.5    
     25315200.   0.23506E-01   1.0000       22889.       1670.6    
     25401600.   0.23584E-01   1.0000       22965.       1665.1    
     25488000.   0.23614E-01   1.0000       22994.       1663.0    
     25574400.   0.23774E-01   1.0000       23149.       1651.8    
     25660800.   0.23582E-01   1.0000       22963.       1665.2    
     25747200.   0.23938E-01   1.0000       23309.       1640.5    
     25833600.   0.25638E-01   1.0000       24965.       1531.7    
     25920000.   0.27530E-01   1.0000       26808.       1426.4    
     26006400.   0.29146E-01   1.0000       28381.       1347.3    
     26092800.   0.29093E-01   1.0000       28329.       1349.8    
     26179200.   0.28482E-01   1.0000       27735.       1378.7    
     26265600.   0.27936E-01   1.0000       27202.       1405.7    
     26352000.   0.27480E-01   1.0000       26759.       1429.0    
     26438400.   0.27095E-01   1.0000       26383.       1449.4    
     26524800.   0.26754E-01   1.0000       26051.       1467.8    
     26611200.   0.26428E-01   1.0000       25735.       1485.9    
     26697600.   0.26142E-01   1.0000       25456.       1502.1    
     26784000.   0.25878E-01   1.0000       25199.       1517.5    
     26870400.   0.27221E-01   1.0000       26507.       1442.6    
     26956800.   0.27817E-01   1.0000       27087.       1411.7    
     27043200.   0.28324E-01   1.0000       27580.       1386.5    
     27129600.   0.28328E-01   1.0000       27584.       1386.3    
     27216000.   0.28580E-01   1.0000       27830.       1374.0    
     27302400.   0.29415E-01   1.0000       28643.       1335.0    
     27388800.   0.31051E-01   1.0000       30236.       1264.7    
     27475200.   0.32213E-01   1.0000       31367.       1219.1    
     27561600.   0.31623E-01   1.0000       30793.       1241.8    
     27648000.   0.31008E-01   1.0000       30194.       1266.4    
     27734400.   0.30411E-01   1.0000       29613.       1291.3    
     27820800.   0.29982E-01   1.0000       29195.       1309.8    
     27907200.   0.29701E-01   1.0000       28921.       1322.2    
     27993600.   0.30595E-01   1.0000       29792.       1283.5    
     28080000.   0.31698E-01   1.0000       30865.       1238.9    
     28166400.   0.32069E-01   1.0000       31227.       1224.6    
     28252800.   0.31555E-01   1.0000       30726.       1244.5    
     28339200.   0.31002E-01   1.0000       30188.       1266.7    
     28425600.   0.30498E-01   1.0000       29698.       1287.6    
     28512000.   0.30046E-01   1.0000       29257.       1307.0    
     28598400.   0.29636E-01   1.0000       28858.       1325.1    
     28684800.   0.29260E-01   1.0000       28492.       1342.1    
     28771200.   0.28912E-01   1.0000       28153.       1358.3    
     28857600.   0.28586E-01   1.0000       27836.       1373.7    
     28944000.   0.28275E-01   1.0000       27533.       1388.9    
     29030400.   0.27975E-01   1.0000       27241.       1403.8    
     29116800.   0.27691E-01   1.0000       26964.       1418.1    
     29203200.   0.27415E-01   1.0000       26695.       1432.4    
     29289600.   0.27154E-01   1.0000       26441.       1446.2    
     29376000.   0.26910E-01   1.0000       26203.       1459.3    
     29462400.   0.26678E-01   1.0000       25978.       1472.0    
     29548800.   0.26456E-01   1.0000       25761.       1484.3    
     29635200.   0.26241E-01   1.0000       25553.       1496.5    
     29721600.   0.26035E-01   1.0000       25352.       1508.3    
     29808000.   0.25832E-01   1.0000       25154.       1520.2    
     29894400.   0.25636E-01   1.0000       24963.       1531.8    
     29980800.   0.25445E-01   1.0000       24777.       1543.3    
     30067200.   0.25263E-01   1.0000       24600.       1554.4    
     30153600.   0.25088E-01   1.0000       24429.       1565.3    
     30240000.   0.24918E-01   1.0000       24264.       1576.0    
     30326400.   0.24753E-01   1.0000       24103.       1586.5    
     30412800.   0.24592E-01   1.0000       23946.       1596.9    
     30499200.   0.24436E-01   1.0000       23795.       1607.0    
     30585600.   0.24285E-01   1.0000       23647.       1617.1    
     30672000.   0.24138E-01   1.0000       23504.       1626.9    
     30758400.   0.23994E-01   1.0000       23364.       1636.6    
     30844800.   0.23855E-01   1.0000       23229.       1646.2    
     30931200.   0.23718E-01   1.0000       23095.       1655.7    
     31017600.   0.23584E-01   1.0000       22965.       1665.1    
     31104000.   0.23454E-01   1.0000       22838.       1674.4    
     31190400.   0.23326E-01   1.0000       22713.       1683.5    
     31276800.   0.23240E-01   1.0000       22630.       1689.7    
     31363200.   0.23106E-01   1.0000       22500.       1699.5    
     31449600.   0.22981E-01   1.0000       22378.       1708.8    
     31536000.   0.22861E-01   1.0000       22260.       1717.8    
     31622400.   0.22724E-01   1.0000       22127.       1728.1    
