   TOTIM (T)     FLOWRATE     DIAM.         RE           RT
        86400.   0.65410E-01   1.0000       63693.       600.36    
       172800.   0.64820E-01   1.0000       63119.       605.83    
       259200.   0.64770E-01   1.0000       63069.       606.30    
       345600.   0.64677E-01   1.0000       62979.       607.17    
       432000.   0.65049E-01   1.0000       63342.       603.69    
       518400.   0.65309E-01   1.0000       63594.       601.30    
       604800.   0.65418E-01   1.0000       63701.       600.29    
       691200.   0.66039E-01   1.0000       64306.       594.64    
       777600.   0.67673E-01   1.0000       65896.       580.29    
       864000.   0.70071E-01   1.0000       68232.       560.43    
       950400.   0.71410E-01   1.0000       69535.       549.92    
      1036800.   0.73916E-01   1.0000       71975.       531.28    
      1123200.   0.77985E-01   1.0000       75937.       503.56    
      1209600.   0.78354E-01   1.0000       76297.       501.19    
      1296000.   0.78234E-01   1.0000       76180.       501.95    
      1382400.   0.77849E-01   1.0000       75805.       504.44    
      1468800.   0.77343E-01   1.0000       75312.       507.74    
      1555200.   0.76728E-01   1.0000       74713.       511.81    
      1641600.   0.76057E-01   1.0000       74060.       516.32    
      1728000.   0.75438E-01   1.0000       73458.       520.56    
      1814400.   0.74869E-01   1.0000       72903.       524.52    
      1900800.   0.74239E-01   1.0000       72290.       528.96    
      1987200.   0.73637E-01   1.0000       71703.       533.29    
      2073600.   0.73110E-01   1.0000       71190.       537.14    
      2160000.   0.72522E-01   1.0000       70618.       541.49    
      2246400.   0.71929E-01   1.0000       70041.       545.95    
      2332800.   0.71336E-01   1.0000       69464.       550.49    
      2419200.   0.70749E-01   1.0000       68891.       555.06    
      2505600.   0.70407E-01   1.0000       68559.       557.75    
      2592000.   0.70001E-01   1.0000       68164.       560.99    
      2678400.   0.70473E-01   1.0000       68623.       557.23    
      2764800.   0.72659E-01   1.0000       70751.       540.47    
      2851200.   0.77792E-01   1.0000       75750.       504.80    
      2937600.   0.77808E-01   1.0000       75765.       504.70    
      3024000.   0.78336E-01   1.0000       76279.       501.30    
      3110400.   0.78578E-01   1.0000       76515.       499.76    
      3196800.   0.78412E-01   1.0000       76354.       500.81    
      3283200.   0.78002E-01   1.0000       75954.       503.45    
      3369600.   0.78042E-01   1.0000       75993.       503.19    
      3456000.   0.78418E-01   1.0000       76359.       500.78    
      3542400.   0.79062E-01   1.0000       76986.       496.70    
      3628800.   0.79408E-01   1.0000       77323.       494.53    
      3715200.   0.79236E-01   1.0000       77155.       495.61    
      3801600.   0.79355E-01   1.0000       77272.       494.86    
      3888000.   0.79707E-01   1.0000       77614.       492.68    
      3974400.   0.80486E-01   1.0000       78373.       487.91    
      4060800.   0.81199E-01   1.0000       79067.       483.63    
      4147200.   0.81103E-01   1.0000       78974.       484.20    
      4233600.   0.80726E-01   1.0000       78606.       486.46    
      4320000.   0.80328E-01   1.0000       78219.       488.87    
      4406400.   0.79862E-01   1.0000       77765.       491.72    
      4492800.   0.79449E-01   1.0000       77364.       494.28    
      4579200.   0.78934E-01   1.0000       76861.       497.50    
      4665600.   0.78370E-01   1.0000       76312.       501.09    
      4752000.   0.78896E-01   1.0000       76825.       497.74    
      4838400.   0.79845E-01   1.0000       77749.       491.83    
      4924800.   0.81008E-01   1.0000       78881.       484.76    
      5011200.   0.81866E-01   1.0000       79716.       479.69    
      5097600.   0.81798E-01   1.0000       79650.       480.09    
      5184000.   0.81441E-01   1.0000       79303.       482.19    
      5270400.   0.81027E-01   1.0000       78900.       484.65    
      5356800.   0.80509E-01   1.0000       78396.       487.77    
      5443200.   0.80648E-01   1.0000       78530.       486.93    
      5529600.   0.80936E-01   1.0000       78811.       485.20    
      5616000.   0.81307E-01   1.0000       79173.       482.98    
      5702400.   0.81594E-01   1.0000       79452.       481.28    
      5788800.   0.81569E-01   1.0000       79428.       481.43    
      5875200.   0.81622E-01   1.0000       79479.       481.12    
      5961600.   0.81545E-01   1.0000       79404.       481.57    
      6048000.   0.81243E-01   1.0000       79110.       483.36    
      6134400.   0.80803E-01   1.0000       78681.       486.00    
      6220800.   0.80280E-01   1.0000       78172.       489.16    
      6307200.   0.79709E-01   1.0000       77616.       492.66    
      6393600.   0.79115E-01   1.0000       77038.       496.37    
      6480000.   0.78509E-01   1.0000       76448.       500.20    
      6566400.   0.77897E-01   1.0000       75852.       504.13    
      6652800.   0.77282E-01   1.0000       75253.       508.14    
      6739200.   0.76674E-01   1.0000       74661.       512.17    
      6825600.   0.76062E-01   1.0000       74065.       516.29    
      6912000.   0.75448E-01   1.0000       73467.       520.49    
      6998400.   0.74839E-01   1.0000       72874.       524.73    
      7084800.   0.74242E-01   1.0000       72292.       528.95    
      7171200.   0.73657E-01   1.0000       71723.       533.15    
      7257600.   0.73081E-01   1.0000       71162.       537.35    
      7344000.   0.72519E-01   1.0000       70615.       541.52    
      7430400.   0.71998E-01   1.0000       70108.       545.43    
      7516800.   0.71487E-01   1.0000       69610.       549.33    
      7603200.   0.70966E-01   1.0000       69103.       553.36    
      7689600.   0.70455E-01   1.0000       68606.       557.37    
      7776000.   0.69971E-01   1.0000       68134.       561.23    
      7862400.   0.69484E-01   1.0000       67660.       565.17    
      7948800.   0.69007E-01   1.0000       67196.       569.07    
      8035200.   0.68541E-01   1.0000       66741.       572.94    
      8121600.   0.68084E-01   1.0000       66297.       576.78    
      8208000.   0.67638E-01   1.0000       65862.       580.59    
      8294400.   0.67201E-01   1.0000       65436.       584.37    
      8380800.   0.68547E-01   1.0000       66747.       572.89    
      8467200.   0.68794E-01   1.0000       66988.       570.83    
      8553600.   0.68897E-01   1.0000       67088.       569.98    
      8640000.   0.68803E-01   1.0000       66996.       570.76    
      8726400.   0.68595E-01   1.0000       66794.       572.49    
      8812800.   0.68321E-01   1.0000       66527.       574.79    
      8899200.   0.67960E-01   1.0000       66176.       577.84    
      8985600.   0.67789E-01   1.0000       66010.       579.29    
      9072000.   0.67982E-01   1.0000       66197.       577.65    
      9158400.   0.67856E-01   1.0000       66075.       578.72    
      9244800.   0.68711E-01   1.0000       66907.       571.53    
      9331200.   0.70910E-01   1.0000       69048.       553.80    
      9417600.   0.75896E-01   1.0000       73903.       517.42    
      9504000.   0.79807E-01   1.0000       77712.       492.06    
      9590400.   0.80192E-01   1.0000       78087.       489.70    
      9676800.   0.79945E-01   1.0000       77846.       491.21    
      9763200.   0.79340E-01   1.0000       77257.       494.95    
      9849600.   0.78607E-01   1.0000       76543.       499.57    
      9936000.   0.78980E-01   1.0000       76907.       497.21    
     10022400.   0.79402E-01   1.0000       77317.       494.57    
     10108800.   0.79618E-01   1.0000       77528.       493.23    
     10195200.   0.80010E-01   1.0000       77909.       490.81    
     10281600.   0.80275E-01   1.0000       78168.       489.19    
     10368000.   0.80068E-01   1.0000       77966.       490.45    
     10454400.   0.79614E-01   1.0000       77524.       493.25    
     10540800.   0.79535E-01   1.0000       77447.       493.74    
     10627200.   0.79717E-01   1.0000       77624.       492.62    
     10713600.   0.79760E-01   1.0000       77666.       492.35    
     10800000.   0.79555E-01   1.0000       77467.       493.62    
     10886400.   0.79155E-01   1.0000       77077.       496.12    
     10972800.   0.78622E-01   1.0000       76558.       499.48    
     11059200.   0.77967E-01   1.0000       75920.       503.67    
     11145600.   0.77268E-01   1.0000       75239.       508.23    
     11232000.   0.76562E-01   1.0000       74552.       512.91    
     11318400.   0.75864E-01   1.0000       73873.       517.63    
     11404800.   0.75814E-01   1.0000       73823.       517.98    
     11491200.   0.75256E-01   1.0000       73281.       521.81    
     11577600.   0.75848E-01   1.0000       73857.       517.74    
     11664000.   0.77767E-01   1.0000       75725.       504.97    
     11750400.   0.82218E-01   1.0000       80060.       477.63    
     11836800.   0.82255E-01   1.0000       80096.       477.41    
     11923200.   0.81889E-01   1.0000       79739.       479.55    
     12009600.   0.81284E-01   1.0000       79150.       483.12    
     12096000.   0.81056E-01   1.0000       78928.       484.48    
     12182400.   0.80789E-01   1.0000       78668.       486.08    
     12268800.   0.80374E-01   1.0000       78264.       488.59    
     12355200.   0.79836E-01   1.0000       77740.       491.88    
     12441600.   0.79395E-01   1.0000       77311.       494.61    
     12528000.   0.80414E-01   1.0000       78303.       488.35    
     12614400.   0.81781E-01   1.0000       79634.       480.19    
     12700800.   0.81849E-01   1.0000       79700.       479.79    
     12787200.   0.81595E-01   1.0000       79453.       481.28    
     12873600.   0.81097E-01   1.0000       78968.       484.23    
     12960000.   0.81141E-01   1.0000       79010.       483.97    
     13046400.   0.80899E-01   1.0000       78775.       485.42    
     13132800.   0.80526E-01   1.0000       78411.       487.67    
     13219200.   0.80217E-01   1.0000       78111.       489.55    
     13305600.   0.79792E-01   1.0000       77697.       492.15    
     13392000.   0.80229E-01   1.0000       78123.       489.47    
     13478400.   0.80652E-01   1.0000       78534.       486.91    
     13564800.   0.80623E-01   1.0000       78507.       487.08    
     13651200.   0.80417E-01   1.0000       78306.       488.33    
     13737600.   0.80059E-01   1.0000       77957.       490.51    
     13824000.   0.81082E-01   1.0000       78953.       484.32    
     13910400.   0.82721E-01   1.0000       80549.       474.73    
     13996800.   0.83001E-01   1.0000       80822.       473.12    
     14083200.   0.82834E-01   1.0000       80660.       474.08    
     14169600.   0.83215E-01   1.0000       81031.       471.91    
     14256000.   0.83578E-01   1.0000       81384.       469.86    
     14342400.   0.85060E-01   1.0000       82827.       461.67    
     14428800.   0.88689E-01   1.0000       86360.       442.78    
     14515200.   0.89328E-01   1.0000       86983.       439.62    
     14601600.   0.90231E-01   1.0000       87862.       435.22    
     14688000.   0.91587E-01   1.0000       89182.       428.77    
     14774400.   0.92334E-01   1.0000       89910.       425.30    
     14860800.   0.92445E-01   1.0000       90018.       424.79    
     14947200.   0.92336E-01   1.0000       89912.       425.29    
     15033600.   0.91969E-01   1.0000       89554.       426.99    
     15120000.   0.91443E-01   1.0000       89042.       429.45    
     15206400.   0.90773E-01   1.0000       88390.       432.62    
     15292800.   0.90003E-01   1.0000       87640.       436.32    
     15379200.   0.90661E-01   1.0000       88280.       433.15    
     15465600.   0.91103E-01   1.0000       88711.       431.05    
     15552000.   0.90921E-01   1.0000       88534.       431.91    
     15638400.   0.90390E-01   1.0000       88016.       434.45    
     15724800.   0.89719E-01   1.0000       87363.       437.70    
     15811200.   0.88982E-01   1.0000       86646.       441.32    
     15897600.   0.88229E-01   1.0000       85912.       445.09    
     15984000.   0.87622E-01   1.0000       85321.       448.18    
     16070400.   0.86905E-01   1.0000       84623.       451.87    
     16156800.   0.86184E-01   1.0000       83922.       455.65    
     16243200.   0.85456E-01   1.0000       83212.       459.54    
     16329600.   0.84733E-01   1.0000       82509.       463.45    
     16416000.   0.84019E-01   1.0000       81813.       467.39    
     16502400.   0.83317E-01   1.0000       81130.       471.33    
     16588800.   0.82628E-01   1.0000       80459.       475.26    
     16675200.   0.81954E-01   1.0000       79803.       479.17    
     16761600.   0.81387E-01   1.0000       79250.       482.51    
     16848000.   0.80922E-01   1.0000       78798.       485.28    
     16934400.   0.80813E-01   1.0000       78692.       485.93    
     17020800.   0.80596E-01   1.0000       78480.       487.24    
     17107200.   0.80094E-01   1.0000       77991.       490.30    
     17193600.   0.79563E-01   1.0000       77474.       493.57    
     17280000.   0.78999E-01   1.0000       76925.       497.10    
     17366400.   0.78423E-01   1.0000       76364.       500.75    
     17452800.   0.77849E-01   1.0000       75805.       504.44    
     17539200.   0.77282E-01   1.0000       75253.       508.14    
     17625600.   0.76725E-01   1.0000       74710.       511.83    
     17712000.   0.76328E-01   1.0000       74324.       514.49    
     17798400.   0.75827E-01   1.0000       73837.       517.89    
     17884800.   0.75311E-01   1.0000       73334.       521.44    
     17971200.   0.74799E-01   1.0000       72835.       525.00    
     18057600.   0.74296E-01   1.0000       72345.       528.56    
     18144000.   0.73801E-01   1.0000       71864.       532.10    
     18230400.   0.73317E-01   1.0000       71392.       535.62    
     18316800.   0.72842E-01   1.0000       70930.       539.11    
     18403200.   0.72376E-01   1.0000       70476.       542.58    
     18489600.   0.71920E-01   1.0000       70032.       546.02    
     18576000.   0.71472E-01   1.0000       69596.       549.44    
     18662400.   0.71033E-01   1.0000       69168.       552.84    
     18748800.   0.70602E-01   1.0000       68748.       556.22    
     18835200.   0.70513E-01   1.0000       68662.       556.91    
     18921600.   0.70191E-01   1.0000       68348.       559.47    
     19008000.   0.69786E-01   1.0000       67954.       562.72    
     19094400.   0.69374E-01   1.0000       67552.       566.06    
     19180800.   0.68964E-01   1.0000       67153.       569.43    
     19267200.   0.68568E-01   1.0000       66768.       572.71    
     19353600.   0.68172E-01   1.0000       66382.       576.04    
     19440000.   0.67782E-01   1.0000       66003.       579.35    
     19526400.   0.67399E-01   1.0000       65630.       582.65    
     19612800.   0.67023E-01   1.0000       65263.       585.92    
     19699200.   0.66653E-01   1.0000       64903.       589.17    
     19785600.   0.66289E-01   1.0000       64549.       592.40    
     19872000.   0.65932E-01   1.0000       64201.       595.62    
     19958400.   0.65929E-01   1.0000       64198.       595.64    
     20044800.   0.66105E-01   1.0000       64369.       594.06    
     20131200.   0.65769E-01   1.0000       64043.       597.08    
     20217600.   0.65527E-01   1.0000       63807.       599.29    
     20304000.   0.65244E-01   1.0000       63531.       601.89    
     20390400.   0.64887E-01   1.0000       63183.       605.21    
     20476800.   0.64529E-01   1.0000       62835.       608.56    
     20563200.   0.64175E-01   1.0000       62490.       611.92    
     20649600.   0.63826E-01   1.0000       62150.       615.26    
     20736000.   0.63484E-01   1.0000       61817.       618.58    
     20822400.   0.63149E-01   1.0000       61491.       621.86    
     20908800.   0.62819E-01   1.0000       61170.       625.12    
     20995200.   0.62496E-01   1.0000       60856.       628.36    
     21081600.   0.62179E-01   1.0000       60546.       631.56    
     21168000.   0.61867E-01   1.0000       60242.       634.75    
     21254400.   0.61559E-01   1.0000       59943.       637.92    
     21340800.   0.61257E-01   1.0000       59649.       641.07    
     21427200.   0.60959E-01   1.0000       59358.       644.20    
     21513600.   0.60722E-01   1.0000       59128.       646.72    
     21600000.   0.61053E-01   1.0000       59450.       643.21    
     21686400.   0.60753E-01   1.0000       59158.       646.39    
     21772800.   0.60452E-01   1.0000       58865.       649.60    
     21859200.   0.60144E-01   1.0000       58565.       652.93    
     21945600.   0.59838E-01   1.0000       58267.       656.27    
     22032000.   0.59538E-01   1.0000       57975.       659.58    
     22118400.   0.59244E-01   1.0000       57689.       662.85    
     22204800.   0.58956E-01   1.0000       57408.       666.09    
     22291200.   0.58674E-01   1.0000       57133.       669.29    
     22377600.   0.58396E-01   1.0000       56863.       672.48    
     22464000.   0.58848E-01   1.0000       57303.       667.31    
     22550400.   0.58639E-01   1.0000       57100.       669.69    
     22636800.   0.58543E-01   1.0000       57006.       670.79    
     22723200.   0.60311E-01   1.0000       58728.       651.12    
     22809600.   0.60375E-01   1.0000       58790.       650.44    
     22896000.   0.60338E-01   1.0000       58753.       650.84    
     22982400.   0.60200E-01   1.0000       58619.       652.33    
     23068800.   0.60009E-01   1.0000       58434.       654.40    
     23155200.   0.59757E-01   1.0000       58188.       657.16    
     23241600.   0.59473E-01   1.0000       57911.       660.30    
     23328000.   0.59162E-01   1.0000       57609.       663.77    
     23414400.   0.58842E-01   1.0000       57297.       667.38    
     23500800.   0.58528E-01   1.0000       56991.       670.96    
     23587200.   0.58217E-01   1.0000       56689.       674.54    
     23673600.   0.57907E-01   1.0000       56387.       678.16    
     23760000.   0.57592E-01   1.0000       56080.       681.87    
     23846400.   0.57281E-01   1.0000       55778.       685.56    
     23932800.   0.56983E-01   1.0000       55487.       689.15    
     24019200.   0.56697E-01   1.0000       55209.       692.62    
     24105600.   0.56417E-01   1.0000       54936.       696.07    
     24192000.   0.56139E-01   1.0000       54665.       699.52    
     24278400.   0.55863E-01   1.0000       54396.       702.97    
     24364800.   0.55592E-01   1.0000       54132.       706.40    
     24451200.   0.55325E-01   1.0000       53872.       709.80    
     24537600.   0.55063E-01   1.0000       53618.       713.18    
     24624000.   0.54806E-01   1.0000       53367.       716.53    
     24710400.   0.54553E-01   1.0000       53121.       719.85    
     24796800.   0.54304E-01   1.0000       52878.       723.15    
     24883200.   0.54068E-01   1.0000       52649.       726.30    
     24969600.   0.54022E-01   1.0000       52604.       726.92    
     25056000.   0.53794E-01   1.0000       52381.       730.01    
     25142400.   0.53558E-01   1.0000       52152.       733.22    
     25228800.   0.53692E-01   1.0000       52283.       731.39    
     25315200.   0.53507E-01   1.0000       52102.       733.93    
     25401600.   0.53499E-01   1.0000       52095.       734.03    
     25488000.   0.53485E-01   1.0000       52081.       734.23    
     25574400.   0.53597E-01   1.0000       52190.       732.69    
     25660800.   0.53448E-01   1.0000       52045.       734.73    
     25747200.   0.53708E-01   1.0000       52298.       731.17    
     25833600.   0.55285E-01   1.0000       53833.       710.32    
     25920000.   0.57605E-01   1.0000       56093.       681.71    
     26006400.   0.59858E-01   1.0000       58286.       656.05    
     26092800.   0.60713E-01   1.0000       59119.       646.82    
     26179200.   0.60797E-01   1.0000       59201.       645.92    
     26265600.   0.60608E-01   1.0000       59016.       647.94    
     26352000.   0.60290E-01   1.0000       58707.       651.35    
     26438400.   0.59916E-01   1.0000       58343.       655.42    
     26524800.   0.59513E-01   1.0000       57951.       659.85    
     26611200.   0.59084E-01   1.0000       57532.       664.65    
     26697600.   0.58661E-01   1.0000       57121.       669.44    
     26784000.   0.58242E-01   1.0000       56713.       674.25    
     26870400.   0.59300E-01   1.0000       57743.       662.22    
     26956800.   0.60032E-01   1.0000       58456.       654.15    
     27043200.   0.60778E-01   1.0000       59182.       646.12    
     27129600.   0.61104E-01   1.0000       59499.       642.68    
     27216000.   0.61557E-01   1.0000       59941.       637.94    
     27302400.   0.62515E-01   1.0000       60873.       628.17    
     27388800.   0.64293E-01   1.0000       62605.       610.79    
     27475200.   0.65921E-01   1.0000       64190.       595.71    
     27561600.   0.66164E-01   1.0000       64427.       593.52    
     27648000.   0.66044E-01   1.0000       64310.       594.61    
     27734400.   0.65687E-01   1.0000       63963.       597.83    
     27820800.   0.65308E-01   1.0000       63593.       601.31    
     27907200.   0.64977E-01   1.0000       63271.       604.37    
     27993600.   0.65617E-01   1.0000       63894.       598.48    
     28080000.   0.66684E-01   1.0000       64933.       588.89    
     28166400.   0.67373E-01   1.0000       65604.       582.87    
     28252800.   0.67319E-01   1.0000       65551.       583.34    
     28339200.   0.67010E-01   1.0000       65250.       586.03    
     28425600.   0.66574E-01   1.0000       64826.       589.87    
     28512000.   0.66078E-01   1.0000       64343.       594.30    
     28598400.   0.65555E-01   1.0000       63834.       599.04    
     28684800.   0.65024E-01   1.0000       63317.       603.93    
     28771200.   0.64492E-01   1.0000       62799.       608.91    
     28857600.   0.63966E-01   1.0000       62287.       613.92    
     28944000.   0.63444E-01   1.0000       61779.       618.97    
     29030400.   0.62926E-01   1.0000       61274.       624.06    
     29116800.   0.62418E-01   1.0000       60779.       629.15    
     29203200.   0.61914E-01   1.0000       60289.       634.26    
     29289600.   0.61423E-01   1.0000       59810.       639.34    
     29376000.   0.60947E-01   1.0000       59347.       644.33    
     29462400.   0.60486E-01   1.0000       58898.       649.24    
     29548800.   0.60037E-01   1.0000       58461.       654.09    
     29635200.   0.59600E-01   1.0000       58035.       658.90    
     29721600.   0.59173E-01   1.0000       57620.       663.64    
     29808000.   0.58754E-01   1.0000       57212.       668.38    
     29894400.   0.58344E-01   1.0000       56812.       673.08    
     29980800.   0.57942E-01   1.0000       56421.       677.75    
     30067200.   0.57549E-01   1.0000       56039.       682.37    
     30153600.   0.57166E-01   1.0000       55666.       686.94    
     30240000.   0.56800E-01   1.0000       55308.       691.38    
     30326400.   0.56449E-01   1.0000       54967.       695.67    
     30412800.   0.56106E-01   1.0000       54633.       699.92    
     30499200.   0.55769E-01   1.0000       54305.       704.15    
     30585600.   0.55439E-01   1.0000       53984.       708.34    
     30672000.   0.55116E-01   1.0000       53669.       712.50    
     30758400.   0.54800E-01   1.0000       53361.       716.61    
     30844800.   0.54490E-01   1.0000       53059.       720.68    
     30931200.   0.54186E-01   1.0000       52763.       724.73    
     31017600.   0.53887E-01   1.0000       52473.       728.74    
     31104000.   0.53595E-01   1.0000       52188.       732.72    
     31190400.   0.53308E-01   1.0000       51909.       736.66    
     31276800.   0.53061E-01   1.0000       51668.       740.09    
     31363200.   0.52787E-01   1.0000       51401.       743.94    
     31449600.   0.52516E-01   1.0000       51137.       747.78    
     31536000.   0.52248E-01   1.0000       50877.       751.60    
     31622400.   0.51969E-01   1.0000       50605.       755.64    
