TOTIM (T)      HCON          HMAT      QDIR      QWELL        QMAT       QCADS      QTUB1      QTUB2      QTUB3      QTUB4      QTUB5      QTUB6       NSTOR        QFIX        QLH     FHLQ (LQ)        CAUCHY   CAUCHY (LQ)
    86400.   42.65643590   14.8681   0.000       0.000      0.3970E-03   0.000    -0.4680E-02 0.4283E-02  0.000      0.000      0.000      0.000       0.000       0.000       0.000       0.000       0.000       0.000    
   103680.   42.65643590   14.7920   0.000       0.000      0.3909E-03  0.4191E-06-0.4154E-02 0.3763E-02  0.000      0.000      0.000      0.000       0.000       0.000       0.000       0.000       0.000       0.000    
   120960.   42.65643590   14.7188   0.000       0.000      0.3849E-03  0.1075E-06-0.4094E-02 0.3709E-02  0.000      0.000      0.000      0.000       0.000       0.000       0.000       0.000       0.000       0.000    
   138240.   42.65643590   14.6478   0.000       0.000      0.3792E-03  0.9814E-07-0.4039E-02 0.3660E-02  0.000      0.000      0.000      0.000       0.000       0.000       0.000       0.000       0.000       0.000    
   155520.   42.65643590   14.5786   0.000       0.000      0.3735E-03  0.9414E-07-0.3984E-02 0.3611E-02  0.000      0.000      0.000      0.000       0.000       0.000       0.000       0.000       0.000       0.000    
   172800.   42.65643590   14.5108   0.000       0.000      0.3680E-03  0.9046E-07-0.3930E-02 0.3562E-02  0.000      0.000      0.000      0.000       0.000       0.000       0.000       0.000       0.000       0.000    
   190080.   42.65643590   14.4699   0.000       0.000      0.3647E-03  0.4843E-07-0.3905E-02 0.3540E-02  0.000      0.000      0.000      0.000       0.000       0.000       0.000       0.000       0.000       0.000    
   207360.   42.65643590   14.4295   0.000       0.000      0.3614E-03  0.5135E-07-0.3872E-02 0.3510E-02  0.000      0.000      0.000      0.000       0.000       0.000       0.000       0.000       0.000       0.000    
   224640.   42.65643590   14.3897   0.000       0.000      0.3581E-03  0.5002E-07-0.3839E-02 0.3481E-02  0.000      0.000      0.000      0.000       0.000       0.000       0.000       0.000       0.000       0.000    
   241920.   42.65643590   14.3505   0.000       0.000      0.3549E-03  0.4862E-07-0.3807E-02 0.3452E-02  0.000      0.000      0.000      0.000       0.000       0.000       0.000       0.000       0.000       0.000    
   259200.   42.65643590   14.3119   0.000       0.000      0.3518E-03  0.4724E-07-0.3775E-02 0.3423E-02  0.000      0.000      0.000      0.000       0.000       0.000       0.000       0.000       0.000       0.000    
   276480.   42.65643590   14.2808   0.000       0.000      0.3492E-03  0.3592E-07-0.3751E-02 0.3402E-02  0.000      0.000      0.000      0.000       0.000       0.000       0.000       0.000       0.000       0.000    
   293760.   42.65643590   14.2501   0.000       0.000      0.3467E-03  0.3617E-07-0.3725E-02 0.3379E-02  0.000      0.000      0.000      0.000       0.000       0.000       0.000       0.000       0.000       0.000    
   311040.   42.65643590   14.2198   0.000       0.000      0.3443E-03  0.3531E-07-0.3700E-02 0.3356E-02  0.000      0.000      0.000      0.000       0.000       0.000       0.000       0.000       0.000       0.000    
   328320.   42.65643590   14.1900   0.000       0.000      0.3419E-03  0.3445E-07-0.3675E-02 0.3333E-02  0.000      0.000      0.000      0.000       0.000       0.000       0.000       0.000       0.000       0.000    
   345600.   42.65643590   14.1606   0.000       0.000      0.3395E-03  0.3361E-07-0.3650E-02 0.3311E-02  0.000      0.000      0.000      0.000       0.000       0.000       0.000       0.000       0.000       0.000    
   362880.   42.65643590   14.1639   0.000       0.000      0.3397E-03 -0.1246E-07-0.3661E-02 0.3322E-02  0.000      0.000      0.000      0.000       0.000       0.000       0.000       0.000       0.000       0.000    
   380160.   42.65643590   14.1667   0.000       0.000      0.3400E-03 -0.6783E-08-0.3663E-02 0.3323E-02  0.000      0.000      0.000      0.000       0.000       0.000       0.000       0.000       0.000       0.000    
   397440.   42.65643590   14.1693   0.000       0.000      0.3402E-03 -0.6258E-08-0.3664E-02 0.3324E-02  0.000      0.000      0.000      0.000       0.000       0.000       0.000       0.000       0.000       0.000    
   414720.   42.65643590   14.1716   0.000       0.000      0.3403E-03 -0.5917E-08-0.3666E-02 0.3325E-02  0.000      0.000      0.000      0.000       0.000       0.000       0.000       0.000       0.000       0.000    
   432000.   42.65643590   14.1739   0.000       0.000      0.3405E-03 -0.5642E-08-0.3667E-02 0.3326E-02  0.000      0.000      0.000      0.000       0.000       0.000       0.000       0.000       0.000       0.000    
   449280.   42.65643590   14.2006   0.000       0.000      0.3427E-03 -0.4035E-07-0.3696E-02 0.3353E-02  0.000      0.000      0.000      0.000       0.000       0.000       0.000       0.000       0.000       0.000    
   466560.   42.65643590   14.2265   0.000       0.000      0.3448E-03 -0.3561E-07-0.3716E-02 0.3372E-02  0.000      0.000      0.000      0.000       0.000       0.000       0.000       0.000       0.000       0.000    
   483840.   42.65643590   14.2519   0.000       0.000      0.3469E-03 -0.3484E-07-0.3737E-02 0.3390E-02  0.000      0.000      0.000      0.000       0.000       0.000       0.000       0.000       0.000       0.000    
   501120.   42.65643590   14.2768   0.000       0.000      0.3489E-03 -0.3422E-07-0.3757E-02 0.3408E-02  0.000      0.000      0.000      0.000       0.000       0.000       0.000       0.000       0.000       0.000    
   518400.   42.65643590   14.3013   0.000       0.000      0.3509E-03 -0.3366E-07-0.3777E-02 0.3426E-02  0.000      0.000      0.000      0.000       0.000       0.000       0.000       0.000       0.000       0.000    
   535680.   42.65643590   14.3065   0.000       0.000      0.3513E-03 -0.5103E-08-0.3775E-02 0.3424E-02  0.000      0.000      0.000      0.000       0.000       0.000       0.000       0.000       0.000       0.000    
   552960.   42.65643590   14.3119   0.000       0.000      0.3518E-03 -0.8236E-08-0.3779E-02 0.3428E-02  0.000      0.000      0.000      0.000       0.000       0.000       0.000       0.000       0.000       0.000    
   570240.   42.65643590   14.3174   0.000       0.000      0.3522E-03 -0.8246E-08-0.3784E-02 0.3432E-02  0.000      0.000      0.000      0.000       0.000       0.000       0.000       0.000       0.000       0.000    
   587520.   42.65643590   14.3229   0.000       0.000      0.3527E-03 -0.8162E-08-0.3788E-02 0.3435E-02  0.000      0.000      0.000      0.000       0.000       0.000       0.000       0.000       0.000       0.000    
   604800.   42.65643590   14.3285   0.000       0.000      0.3531E-03 -0.8056E-08-0.3793E-02 0.3439E-02  0.000      0.000      0.000      0.000       0.000       0.000       0.000       0.000       0.000       0.000    
   622080.   42.65643590   14.3407   0.000       0.000      0.3541E-03 -0.1793E-07-0.3804E-02 0.3450E-02  0.000      0.000      0.000      0.000       0.000       0.000       0.000       0.000       0.000       0.000    
   639360.   42.65643590   14.3527   0.000       0.000      0.3551E-03 -0.1649E-07-0.3814E-02 0.3459E-02  0.000      0.000      0.000      0.000       0.000       0.000       0.000       0.000       0.000       0.000    
   656640.   42.65643590   14.3646   0.000       0.000      0.3561E-03 -0.1616E-07-0.3824E-02 0.3468E-02  0.000      0.000      0.000      0.000       0.000       0.000       0.000       0.000       0.000       0.000    
   673920.   42.65643590   14.3762   0.000       0.000      0.3570E-03 -0.1588E-07-0.3833E-02 0.3476E-02  0.000      0.000      0.000      0.000       0.000       0.000       0.000       0.000       0.000       0.000    
   691200.   42.65643590   14.3877   0.000       0.000      0.3580E-03 -0.1562E-07-0.3843E-02 0.3485E-02  0.000      0.000      0.000      0.000       0.000       0.000       0.000       0.000       0.000       0.000    
   708480.   42.65643590   14.4651   0.000       0.000      0.3643E-03 -0.1159E-06-0.3925E-02 0.3561E-02  0.000      0.000      0.000      0.000       0.000       0.000       0.000       0.000       0.000       0.000    
   725760.   42.65643590   14.5404   0.000       0.000      0.3704E-03 -0.1040E-06-0.3987E-02 0.3617E-02  0.000      0.000      0.000      0.000       0.000       0.000       0.000       0.000       0.000       0.000    
   743040.   42.65643590   14.6142   0.000       0.000      0.3764E-03 -0.1032E-06-0.4048E-02 0.3672E-02  0.000      0.000      0.000      0.000       0.000       0.000       0.000       0.000       0.000       0.000    
   760320.   42.65643590   14.6867   0.000       0.000      0.3823E-03 -0.1027E-06-0.4108E-02 0.3725E-02  0.000      0.000      0.000      0.000       0.000       0.000       0.000       0.000       0.000       0.000    
   777600.   42.65643590   14.7580   0.000       0.000      0.3881E-03 -0.1023E-06-0.4167E-02 0.3779E-02  0.000      0.000      0.000      0.000       0.000       0.000       0.000       0.000       0.000       0.000    
   794880.   42.65643590   14.8873   0.000       0.000      0.3986E-03 -0.2014E-06-0.4290E-02 0.3892E-02  0.000      0.000      0.000      0.000       0.000       0.000       0.000       0.000       0.000       0.000    
   812160.   42.65643590   15.0139   0.000       0.000      0.4090E-03 -0.1917E-06-0.4395E-02 0.3986E-02  0.000      0.000      0.000      0.000       0.000       0.000       0.000       0.000       0.000       0.000    
   829440.   42.65643590   15.1384   0.000       0.000      0.4191E-03 -0.1926E-06-0.4498E-02 0.4079E-02  0.000      0.000      0.000      0.000       0.000       0.000       0.000       0.000       0.000       0.000    
   846720.   42.65643590   15.2610   0.000       0.000      0.4291E-03 -0.1936E-06-0.4600E-02 0.4171E-02  0.000      0.000      0.000      0.000       0.000       0.000       0.000       0.000       0.000       0.000    
   864000.   42.65643590   15.3818   0.000       0.000      0.4389E-03 -0.1946E-06-0.4700E-02 0.4261E-02  0.000      0.000      0.000      0.000       0.000       0.000       0.000       0.000       0.000       0.000    
   881280.   42.65643590   15.4487   0.000       0.000      0.4444E-03 -0.9557E-07-0.4742E-02 0.4297E-02  0.000      0.000      0.000      0.000       0.000       0.000       0.000       0.000       0.000       0.000    
   898560.   42.65643590   15.5154   0.000       0.000      0.4498E-03 -0.1062E-06-0.4798E-02 0.4348E-02  0.000      0.000      0.000      0.000       0.000       0.000       0.000       0.000       0.000       0.000    
   915840.   42.65643590   15.5815   0.000       0.000      0.4552E-03 -0.1063E-06-0.4854E-02 0.4399E-02  0.000      0.000      0.000      0.000       0.000       0.000       0.000       0.000       0.000       0.000    
   933120.   42.65643590   15.6470   0.000       0.000      0.4605E-03 -0.1061E-06-0.4909E-02 0.4449E-02  0.000      0.000      0.000      0.000       0.000       0.000       0.000       0.000       0.000       0.000    
   950400.   42.65643590   15.7117   0.000       0.000      0.4658E-03 -0.1057E-06-0.4964E-02 0.4498E-02  0.000      0.000      0.000      0.000       0.000       0.000       0.000       0.000       0.000       0.000    
   967680.   42.65643590   15.8449   0.000       0.000      0.4766E-03 -0.2458E-06-0.5094E-02 0.4618E-02  0.000      0.000      0.000      0.000       0.000       0.000       0.000       0.000       0.000       0.000    
   984960.   42.65643590   15.9755   0.000       0.000      0.4872E-03 -0.2317E-06-0.5203E-02 0.4716E-02  0.000      0.000      0.000      0.000       0.000       0.000       0.000       0.000       0.000       0.000    
  1002240.   42.65643590   16.1038   0.000       0.000      0.4977E-03 -0.2319E-06-0.5310E-02 0.4813E-02  0.000      0.000      0.000      0.000       0.000       0.000       0.000       0.000       0.000       0.000    
  1019520.   42.65643590   16.2302   0.000       0.000      0.5080E-03 -0.2324E-06-0.5415E-02 0.4908E-02  0.000      0.000      0.000      0.000       0.000       0.000       0.000       0.000       0.000       0.000    
  1036800.   42.65643590   16.3548   0.000       0.000      0.5181E-03 -0.2329E-06-0.5520E-02 0.5002E-02  0.000      0.000      0.000      0.000       0.000       0.000       0.000       0.000       0.000       0.000    
  1054080.   42.65643590   16.5776   0.000       0.000      0.5362E-03 -0.4622E-06-0.5732E-02 0.5197E-02  0.000      0.000      0.000      0.000       0.000       0.000       0.000       0.000       0.000       0.000    
  1071360.   42.65643590   16.7962   0.000       0.000      0.5540E-03 -0.4453E-06-0.5914E-02 0.5360E-02  0.000      0.000      0.000      0.000       0.000       0.000       0.000       0.000       0.000       0.000    
  1088640.   42.65643590   17.0112   0.000       0.000      0.5715E-03 -0.4505E-06-0.6092E-02 0.5521E-02  0.000      0.000      0.000      0.000       0.000       0.000       0.000       0.000       0.000       0.000    
  1105920.   42.65643590   17.2230   0.000       0.000      0.5887E-03 -0.4560E-06-0.6268E-02 0.5680E-02  0.000      0.000      0.000      0.000       0.000       0.000       0.000       0.000       0.000       0.000    
  1123200.   42.65643590   17.4318   0.000       0.000      0.6057E-03 -0.4612E-06-0.6442E-02 0.5837E-02  0.000      0.000      0.000      0.000       0.000       0.000       0.000       0.000       0.000       0.000    
  1140480.   42.65643590   17.4550   0.000       0.000      0.6076E-03  0.1691E-07-0.6415E-02 0.5807E-02  0.000      0.000      0.000      0.000       0.000       0.000       0.000       0.000       0.000       0.000    
  1157760.   42.65643590   17.4799   0.000       0.000      0.6096E-03 -0.3258E-07-0.6438E-02 0.5828E-02  0.000      0.000      0.000      0.000       0.000       0.000       0.000       0.000       0.000       0.000    
  1175040.   42.65643590   17.5053   0.000       0.000      0.6117E-03 -0.3578E-07-0.6462E-02 0.5851E-02  0.000      0.000      0.000      0.000       0.000       0.000       0.000       0.000       0.000       0.000    
  1192320.   42.65643590   17.5309   0.000       0.000      0.6138E-03 -0.3696E-07-0.6486E-02 0.5873E-02  0.000      0.000      0.000      0.000       0.000       0.000       0.000       0.000       0.000       0.000    
  1209600.   42.65643590   17.5564   0.000       0.000      0.6159E-03 -0.3766E-07-0.6510E-02 0.5894E-02  0.000      0.000      0.000      0.000       0.000       0.000       0.000       0.000       0.000       0.000    
  1226880.   42.65643590   17.5144   0.000       0.000      0.6125E-03  0.1382E-06-0.6460E-02 0.5847E-02  0.000      0.000      0.000      0.000       0.000       0.000       0.000       0.000       0.000       0.000    
  1244160.   42.65643590   17.4737   0.000       0.000      0.6092E-03  0.1159E-06-0.6429E-02 0.5820E-02  0.000      0.000      0.000      0.000       0.000       0.000       0.000       0.000       0.000       0.000    
  1261440.   42.65643590   17.4339   0.000       0.000      0.6059E-03  0.1110E-06-0.6399E-02 0.5793E-02  0.000      0.000      0.000      0.000       0.000       0.000       0.000       0.000       0.000       0.000    
  1278720.   42.65643590   17.3948   0.000       0.000      0.6028E-03  0.1070E-06-0.6369E-02 0.5766E-02  0.000      0.000      0.000      0.000       0.000       0.000       0.000       0.000       0.000       0.000    
  1296000.   42.65643590   17.3563   0.000       0.000      0.5996E-03  0.1034E-06-0.6339E-02 0.5739E-02  0.000      0.000      0.000      0.000       0.000       0.000       0.000       0.000       0.000       0.000    
  1313280.   42.65643590   17.2970   0.000       0.000      0.5948E-03  0.1538E-06-0.6286E-02 0.5691E-02  0.000      0.000      0.000      0.000       0.000       0.000       0.000       0.000       0.000       0.000    
  1330560.   42.65643590   17.2386   0.000       0.000      0.5901E-03  0.1433E-06-0.6240E-02 0.5649E-02  0.000      0.000      0.000      0.000       0.000       0.000       0.000       0.000       0.000       0.000    
  1347840.   42.65643590   17.1812   0.000       0.000      0.5854E-03  0.1384E-06-0.6194E-02 0.5608E-02  0.000      0.000      0.000      0.000       0.000       0.000       0.000       0.000       0.000       0.000    
  1365120.   42.65643590   17.1245   0.000       0.000      0.5808E-03  0.1340E-06-0.6149E-02 0.5568E-02  0.000      0.000      0.000      0.000       0.000       0.000       0.000       0.000       0.000       0.000    
  1382400.   42.65643590   17.0686   0.000       0.000      0.5762E-03  0.1298E-06-0.6104E-02 0.5527E-02  0.000      0.000      0.000      0.000       0.000       0.000       0.000       0.000       0.000       0.000    
  1399680.   42.65643590   16.9999   0.000       0.000      0.5706E-03  0.1583E-06-0.6045E-02 0.5474E-02  0.000      0.000      0.000      0.000       0.000       0.000       0.000       0.000       0.000       0.000    
  1416960.   42.65643590   16.9322   0.000       0.000      0.5651E-03  0.1500E-06-0.5990E-02 0.5424E-02  0.000      0.000      0.000      0.000       0.000       0.000       0.000       0.000       0.000       0.000    
  1434240.   42.65643590   16.8655   0.000       0.000      0.5597E-03  0.1451E-06-0.5936E-02 0.5376E-02  0.000      0.000      0.000      0.000       0.000       0.000       0.000       0.000       0.000       0.000    
  1451520.   42.65643590   16.7997   0.000       0.000      0.5544E-03  0.1405E-06-0.5882E-02 0.5328E-02  0.000      0.000      0.000      0.000       0.000       0.000       0.000       0.000       0.000       0.000    
  1468800.   42.65643590   16.7348   0.000       0.000      0.5491E-03  0.1362E-06-0.5829E-02 0.5280E-02  0.000      0.000      0.000      0.000       0.000       0.000       0.000       0.000       0.000       0.000    
  1486080.   42.65643590   16.6603   0.000       0.000      0.5430E-03  0.1559E-06-0.5765E-02 0.5222E-02  0.000      0.000      0.000      0.000       0.000       0.000       0.000       0.000       0.000       0.000    
  1503360.   42.65643590   16.5869   0.000       0.000      0.5371E-03  0.1484E-06-0.5705E-02 0.5168E-02  0.000      0.000      0.000      0.000       0.000       0.000       0.000       0.000       0.000       0.000    
  1520640.   42.65643590   16.5146   0.000       0.000      0.5312E-03  0.1436E-06-0.5646E-02 0.5115E-02  0.000      0.000      0.000      0.000       0.000       0.000       0.000       0.000       0.000       0.000    
  1537920.   42.65643590   16.4433   0.000       0.000      0.5254E-03  0.1391E-06-0.5587E-02 0.5062E-02  0.000      0.000      0.000      0.000       0.000       0.000       0.000       0.000       0.000       0.000    
  1555200.   42.65643590   16.3731   0.000       0.000      0.5197E-03  0.1347E-06-0.5529E-02 0.5010E-02  0.000      0.000      0.000      0.000       0.000       0.000       0.000       0.000       0.000       0.000    
  1572480.   42.65643590   16.2968   0.000       0.000      0.5134E-03  0.1456E-06-0.5464E-02 0.4951E-02  0.000      0.000      0.000      0.000       0.000       0.000       0.000       0.000       0.000       0.000    
  1589760.   42.65643590   16.2216   0.000       0.000      0.5073E-03  0.1393E-06-0.5402E-02 0.4895E-02  0.000      0.000      0.000      0.000       0.000       0.000       0.000       0.000       0.000       0.000    
  1607040.   42.65643590   16.1476   0.000       0.000      0.5013E-03  0.1348E-06-0.5341E-02 0.4840E-02  0.000      0.000      0.000      0.000       0.000       0.000       0.000       0.000       0.000       0.000    
  1624320.   42.65643590   16.0747   0.000       0.000      0.4954E-03  0.1305E-06-0.5281E-02 0.4785E-02  0.000      0.000      0.000      0.000       0.000       0.000       0.000       0.000       0.000       0.000    
  1641600.   42.65643590   16.0028   0.000       0.000      0.4895E-03  0.1264E-06-0.5221E-02 0.4731E-02  0.000      0.000      0.000      0.000       0.000       0.000       0.000       0.000       0.000       0.000    
  1658880.   42.65643590   15.9302   0.000       0.000      0.4836E-03  0.1260E-06-0.5160E-02 0.4676E-02  0.000      0.000      0.000      0.000       0.000       0.000       0.000       0.000       0.000       0.000    
  1676160.   42.65643590   15.8587   0.000       0.000      0.4778E-03  0.1216E-06-0.5100E-02 0.4622E-02  0.000      0.000      0.000      0.000       0.000       0.000       0.000       0.000       0.000       0.000    
  1693440.   42.65643590   15.7882   0.000       0.000      0.4720E-03  0.1178E-06-0.5042E-02 0.4569E-02  0.000      0.000      0.000      0.000       0.000       0.000       0.000       0.000       0.000       0.000    
  1710720.   42.65643590   15.7188   0.000       0.000      0.4664E-03  0.1142E-06-0.4984E-02 0.4517E-02  0.000      0.000      0.000      0.000       0.000       0.000       0.000       0.000       0.000       0.000    
  1728000.   42.65643590   15.6504   0.000       0.000      0.4608E-03  0.1107E-06-0.4926E-02 0.4465E-02  0.000      0.000      0.000      0.000       0.000       0.000       0.000       0.000       0.000       0.000    
  1745280.   42.65643590   15.5845   0.000       0.000      0.4555E-03  0.1045E-06-0.4872E-02 0.4416E-02  0.000      0.000      0.000      0.000       0.000       0.000       0.000       0.000       0.000       0.000    
  1762560.   42.65643590   15.5195   0.000       0.000      0.4502E-03  0.1016E-06-0.4817E-02 0.4367E-02  0.000      0.000      0.000      0.000       0.000       0.000       0.000       0.000       0.000       0.000    
  1779840.   42.65643590   15.4555   0.000       0.000      0.4450E-03  0.9861E-07-0.4763E-02 0.4318E-02  0.000      0.000      0.000      0.000       0.000       0.000       0.000       0.000       0.000       0.000    
  1797120.   42.65643590   15.3924   0.000       0.000      0.4398E-03  0.9568E-07-0.4710E-02 0.4270E-02  0.000      0.000      0.000      0.000       0.000       0.000       0.000       0.000       0.000       0.000    
  1814400.   42.65643590   15.3303   0.000       0.000      0.4348E-03  0.9284E-07-0.4658E-02 0.4223E-02  0.000      0.000      0.000      0.000       0.000       0.000       0.000       0.000       0.000       0.000    
  1831680.   42.65643590   15.2655   0.000       0.000      0.4295E-03  0.9645E-07-0.4602E-02 0.4173E-02  0.000      0.000      0.000      0.000       0.000       0.000       0.000       0.000       0.000       0.000    
  1848960.   42.65643590   15.2017   0.000       0.000      0.4243E-03  0.9281E-07-0.4549E-02 0.4124E-02  0.000      0.000      0.000      0.000       0.000       0.000       0.000       0.000       0.000       0.000    
  1866240.   42.65643590   15.1389   0.000       0.000      0.4192E-03  0.8997E-07-0.4496E-02 0.4076E-02  0.000      0.000      0.000      0.000       0.000       0.000       0.000       0.000       0.000       0.000    
  1883520.   42.65643590   15.0770   0.000       0.000      0.4141E-03  0.8725E-07-0.4443E-02 0.4029E-02  0.000      0.000      0.000      0.000       0.000       0.000       0.000       0.000       0.000       0.000    
  1900800.   42.65643590   15.0161   0.000       0.000      0.4092E-03  0.8463E-07-0.4392E-02 0.3983E-02  0.000      0.000      0.000      0.000       0.000       0.000       0.000       0.000       0.000       0.000    
  1918080.   42.65643590   14.9535   0.000       0.000      0.4041E-03  0.8638E-07-0.4338E-02 0.3934E-02  0.000      0.000      0.000      0.000       0.000       0.000       0.000       0.000       0.000       0.000    
  1935360.   42.65643590   14.8919   0.000       0.000      0.3990E-03  0.8326E-07-0.4286E-02 0.3887E-02  0.000      0.000      0.000      0.000       0.000       0.000       0.000       0.000       0.000       0.000    
  1952640.   42.65643590   14.8312   0.000       0.000      0.3941E-03  0.8071E-07-0.4235E-02 0.3840E-02  0.000      0.000      0.000      0.000       0.000       0.000       0.000       0.000       0.000       0.000    
  1969920.   42.65643590   14.7714   0.000       0.000      0.3892E-03  0.7826E-07-0.4184E-02 0.3795E-02  0.000      0.000      0.000      0.000       0.000       0.000       0.000       0.000       0.000       0.000    
  1987200.   42.65643590   14.7126   0.000       0.000      0.3844E-03  0.7590E-07-0.4134E-02 0.3750E-02  0.000      0.000      0.000      0.000       0.000       0.000       0.000       0.000       0.000       0.000    
  2004480.   42.65643590   14.6559   0.000       0.000      0.3798E-03  0.7174E-07-0.4086E-02 0.3706E-02  0.000      0.000      0.000      0.000       0.000       0.000       0.000       0.000       0.000       0.000    
  2021760.   42.65643590   14.6000   0.000       0.000      0.3753E-03  0.6984E-07-0.4039E-02 0.3663E-02  0.000      0.000      0.000      0.000       0.000       0.000       0.000       0.000       0.000       0.000    
  2039040.   42.65643590   14.5450   0.000       0.000      0.3708E-03  0.6779E-07-0.3992E-02 0.3621E-02  0.000      0.000      0.000      0.000       0.000       0.000       0.000       0.000       0.000       0.000    
  2056320.   42.65643590   14.4908   0.000       0.000      0.3664E-03  0.6581E-07-0.3946E-02 0.3579E-02  0.000      0.000      0.000      0.000       0.000       0.000       0.000       0.000       0.000       0.000    
  2073600.   42.65643590   14.4374   0.000       0.000      0.3620E-03  0.6390E-07-0.3900E-02 0.3538E-02  0.000      0.000      0.000      0.000       0.000       0.000       0.000       0.000       0.000       0.000    
  2090880.   42.65643590   14.3820   0.000       0.000      0.3575E-03  0.6609E-07-0.3852E-02 0.3494E-02  0.000      0.000      0.000      0.000       0.000       0.000       0.000       0.000       0.000       0.000    
  2108160.   42.65643590   14.3275   0.000       0.000      0.3531E-03  0.6364E-07-0.3806E-02 0.3452E-02  0.000      0.000      0.000      0.000       0.000       0.000       0.000       0.000       0.000       0.000    
  2125440.   42.65643590   14.2739   0.000       0.000      0.3487E-03  0.6172E-07-0.3760E-02 0.3411E-02  0.000      0.000      0.000      0.000       0.000       0.000       0.000       0.000       0.000       0.000    
  2142720.   42.65643590   14.2211   0.000       0.000      0.3444E-03  0.5988E-07-0.3715E-02 0.3370E-02  0.000      0.000      0.000      0.000       0.000       0.000       0.000       0.000       0.000       0.000    
  2160000.   42.65643590   14.1692   0.000       0.000      0.3402E-03  0.5810E-07-0.3670E-02 0.3330E-02  0.000      0.000      0.000      0.000       0.000       0.000       0.000       0.000       0.000       0.000    
  2177280.   42.65643590   14.1160   0.000       0.000      0.3358E-03  0.5905E-07-0.3624E-02 0.3288E-02  0.000      0.000      0.000      0.000       0.000       0.000       0.000       0.000       0.000       0.000    
  2194560.   42.65643590   14.0637   0.000       0.000      0.3316E-03  0.5696E-07-0.3579E-02 0.3248E-02  0.000      0.000      0.000      0.000       0.000       0.000       0.000       0.000       0.000       0.000    
  2211840.   42.65643590   14.0123   0.000       0.000      0.3274E-03  0.5524E-07-0.3535E-02 0.3208E-02  0.000      0.000      0.000      0.000       0.000       0.000       0.000       0.000       0.000       0.000    
  2229120.   42.65643590   13.9616   0.000       0.000      0.3232E-03  0.5358E-07-0.3492E-02 0.3169E-02  0.000      0.000      0.000      0.000       0.000       0.000       0.000       0.000       0.000       0.000    
  2246400.   42.65643590   13.9117   0.000       0.000      0.3192E-03  0.5198E-07-0.3449E-02 0.3130E-02  0.000      0.000      0.000      0.000       0.000       0.000       0.000       0.000       0.000       0.000    
  2263680.   42.65643590   13.8605   0.000       0.000      0.3150E-03  0.5298E-07-0.3405E-02 0.3090E-02  0.000      0.000      0.000      0.000       0.000       0.000       0.000       0.000       0.000       0.000    
  2280960.   42.65643590   13.8102   0.000       0.000      0.3109E-03  0.5107E-07-0.3362E-02 0.3051E-02  0.000      0.000      0.000      0.000       0.000       0.000       0.000       0.000       0.000       0.000    
  2298240.   42.65643590   13.7607   0.000       0.000      0.3069E-03  0.4951E-07-0.3319E-02 0.3012E-02  0.000      0.000      0.000      0.000       0.000       0.000       0.000       0.000       0.000       0.000    
  2315520.   42.65643590   13.7120   0.000       0.000      0.3029E-03  0.4801E-07-0.3277E-02 0.2974E-02  0.000      0.000      0.000      0.000       0.000       0.000       0.000       0.000       0.000       0.000    
  2332800.   42.65643590   13.6640   0.000       0.000      0.2990E-03  0.4656E-07-0.3236E-02 0.2937E-02  0.000      0.000      0.000      0.000       0.000       0.000       0.000       0.000       0.000       0.000    
  2350080.   42.65643590   13.6154   0.000       0.000      0.2950E-03  0.4673E-07-0.3194E-02 0.2899E-02  0.000      0.000      0.000      0.000       0.000       0.000       0.000       0.000       0.000       0.000    
  2367360.   42.65643590   13.5676   0.000       0.000      0.2911E-03  0.4512E-07-0.3153E-02 0.2862E-02  0.000      0.000      0.000      0.000       0.000       0.000       0.000       0.000       0.000       0.000    
  2384640.   42.65643590   13.5205   0.000       0.000      0.2873E-03  0.4375E-07-0.3112E-02 0.2825E-02  0.000      0.000      0.000      0.000       0.000       0.000       0.000       0.000       0.000       0.000    
  2401920.   42.65643590   13.4742   0.000       0.000      0.2835E-03  0.4242E-07-0.3072E-02 0.2789E-02  0.000      0.000      0.000      0.000       0.000       0.000       0.000       0.000       0.000       0.000    
  2419200.   42.65643590   13.4285   0.000       0.000      0.2798E-03  0.4114E-07-0.3033E-02 0.2753E-02  0.000      0.000      0.000      0.000       0.000       0.000       0.000       0.000       0.000       0.000    
  2436480.   42.65643590   13.3946   0.000       0.000      0.2770E-03  0.2755E-07-0.3007E-02 0.2730E-02  0.000      0.000      0.000      0.000       0.000       0.000       0.000       0.000       0.000       0.000    
  2453760.   42.65643590   13.3610   0.000       0.000      0.2743E-03  0.2838E-07-0.2977E-02 0.2703E-02  0.000      0.000      0.000      0.000       0.000       0.000       0.000       0.000       0.000       0.000    
  2471040.   42.65643590   13.3278   0.000       0.000      0.2716E-03  0.2776E-07-0.2948E-02 0.2677E-02  0.000      0.000      0.000      0.000       0.000       0.000       0.000       0.000       0.000       0.000    
  2488320.   42.65643590   13.2951   0.000       0.000      0.2689E-03  0.2711E-07-0.2920E-02 0.2651E-02  0.000      0.000      0.000      0.000       0.000       0.000       0.000       0.000       0.000       0.000    
  2505600.   42.65643590   13.2628   0.000       0.000      0.2663E-03  0.2647E-07-0.2891E-02 0.2625E-02  0.000      0.000      0.000      0.000       0.000       0.000       0.000       0.000       0.000       0.000    
  2522880.   42.65643590   13.2306   0.000       0.000      0.2637E-03  0.2626E-07-0.2863E-02 0.2599E-02  0.000      0.000      0.000      0.000       0.000       0.000       0.000       0.000       0.000       0.000    
  2540160.   42.65643590   13.1989   0.000       0.000      0.2611E-03  0.2556E-07-0.2835E-02 0.2574E-02  0.000      0.000      0.000      0.000       0.000       0.000       0.000       0.000       0.000       0.000    
  2557440.   42.65643590   13.1677   0.000       0.000      0.2585E-03  0.2493E-07-0.2808E-02 0.2550E-02  0.000      0.000      0.000      0.000       0.000       0.000       0.000       0.000       0.000       0.000    
  2574720.   42.65643590   13.1370   0.000       0.000      0.2560E-03  0.2432E-07-0.2781E-02 0.2525E-02  0.000      0.000      0.000      0.000       0.000       0.000       0.000       0.000       0.000       0.000    
  2592000.   42.65643590   13.1067   0.000       0.000      0.2535E-03  0.2371E-07-0.2755E-02 0.2501E-02  0.000      0.000      0.000      0.000       0.000       0.000       0.000       0.000       0.000       0.000    
  2609280.   42.65643590   13.1200   0.000       0.000      0.2546E-03 -0.2144E-07-0.2777E-02 0.2522E-02  0.000      0.000      0.000      0.000       0.000       0.000       0.000       0.000       0.000       0.000    
  2626560.   42.65643590   13.1324   0.000       0.000      0.2556E-03 -0.1547E-07-0.2786E-02 0.2530E-02  0.000      0.000      0.000      0.000       0.000       0.000       0.000       0.000       0.000       0.000    
  2643840.   42.65643590   13.1443   0.000       0.000      0.2566E-03 -0.1483E-07-0.2794E-02 0.2537E-02  0.000      0.000      0.000      0.000       0.000       0.000       0.000       0.000       0.000       0.000    
  2661120.   42.65643590   13.1558   0.000       0.000      0.2575E-03 -0.1437E-07-0.2802E-02 0.2544E-02  0.000      0.000      0.000      0.000       0.000       0.000       0.000       0.000       0.000       0.000    
  2678400.   42.65643590   13.1670   0.000       0.000      0.2585E-03 -0.1398E-07-0.2810E-02 0.2552E-02  0.000      0.000      0.000      0.000       0.000       0.000       0.000       0.000       0.000       0.000    
  2695680.   42.65643590   13.2969   0.000       0.000      0.2690E-03 -0.1443E-06-0.2951E-02 0.2682E-02  0.000      0.000      0.000      0.000       0.000       0.000       0.000       0.000       0.000       0.000    
  2712960.   42.65643590   13.4230   0.000       0.000      0.2793E-03 -0.1315E-06-0.3054E-02 0.2775E-02  0.000      0.000      0.000      0.000       0.000       0.000       0.000       0.000       0.000       0.000    
  2730240.   42.65643590   13.5464   0.000       0.000      0.2894E-03 -0.1334E-06-0.3154E-02 0.2865E-02  0.000      0.000      0.000      0.000       0.000       0.000       0.000       0.000       0.000       0.000    
  2747520.   42.65643590   13.6675   0.000       0.000      0.2992E-03 -0.1356E-06-0.3254E-02 0.2954E-02  0.000      0.000      0.000      0.000       0.000       0.000       0.000       0.000       0.000       0.000    
  2764800.   42.65643590   13.7866   0.000       0.000      0.3090E-03 -0.1376E-06-0.3351E-02 0.3043E-02  0.000      0.000      0.000      0.000       0.000       0.000       0.000       0.000       0.000       0.000    
  2782080.   42.65643590   14.0740   0.000       0.000      0.3324E-03 -0.3771E-06-0.3638E-02 0.3306E-02  0.000      0.000      0.000      0.000       0.000       0.000       0.000       0.000       0.000       0.000    
  2799360.   42.65643590   14.3551   0.000       0.000      0.3553E-03 -0.3702E-06-0.3869E-02 0.3514E-02  0.000      0.000      0.000      0.000       0.000       0.000       0.000       0.000       0.000       0.000    
  2816640.   42.65643590   14.6312   0.000       0.000      0.3778E-03 -0.3876E-06-0.4096E-02 0.3719E-02  0.000      0.000      0.000      0.000       0.000       0.000       0.000       0.000       0.000       0.000    
  2833920.   42.65643590   14.9031   0.000       0.000      0.3999E-03 -0.4047E-06-0.4321E-02 0.3921E-02  0.000      0.000      0.000      0.000       0.000       0.000       0.000       0.000       0.000       0.000    
  2851200.   42.65643590   15.1714   0.000       0.000      0.4217E-03 -0.4208E-06-0.4543E-02 0.4122E-02  0.000      0.000      0.000      0.000       0.000       0.000       0.000       0.000       0.000       0.000    
  2868480.   42.65643590   15.1674   0.000       0.000      0.4214E-03  0.7000E-07-0.4465E-02 0.4044E-02  0.000      0.000      0.000      0.000       0.000       0.000       0.000       0.000       0.000       0.000    
  2885760.   42.65643590   15.1672   0.000       0.000      0.4214E-03  0.1273E-07-0.4468E-02 0.4046E-02  0.000      0.000      0.000      0.000       0.000       0.000       0.000       0.000       0.000       0.000    
  2903040.   42.65643590   15.1692   0.000       0.000      0.4216E-03  0.8647E-08-0.4472E-02 0.4051E-02  0.000      0.000      0.000      0.000       0.000       0.000       0.000       0.000       0.000       0.000    
  2920320.   42.65643590   15.1724   0.000       0.000      0.4218E-03  0.6569E-08-0.4477E-02 0.4055E-02  0.000      0.000      0.000      0.000       0.000       0.000       0.000       0.000       0.000       0.000    
  2937600.   42.65643590   15.1763   0.000       0.000      0.4222E-03  0.5085E-08-0.4483E-02 0.4060E-02  0.000      0.000      0.000      0.000       0.000       0.000       0.000       0.000       0.000       0.000    
  2954880.   42.65643590   15.1981   0.000       0.000      0.4239E-03 -0.2788E-07-0.4507E-02 0.4084E-02  0.000      0.000      0.000      0.000       0.000       0.000       0.000       0.000       0.000       0.000    
  2972160.   42.65643590   15.2198   0.000       0.000      0.4257E-03 -0.2466E-07-0.4527E-02 0.4101E-02  0.000      0.000      0.000      0.000       0.000       0.000       0.000       0.000       0.000       0.000    
  2989440.   42.65643590   15.2412   0.000       0.000      0.4275E-03 -0.2470E-07-0.4546E-02 0.4119E-02  0.000      0.000      0.000      0.000       0.000       0.000       0.000       0.000       0.000       0.000    
  3006720.   42.65643590   15.2623   0.000       0.000      0.4292E-03 -0.2476E-07-0.4565E-02 0.4136E-02  0.000      0.000      0.000      0.000       0.000       0.000       0.000       0.000       0.000       0.000    
  3024000.   42.65643590   15.2832   0.000       0.000      0.4309E-03 -0.2478E-07-0.4584E-02 0.4153E-02  0.000      0.000      0.000      0.000       0.000       0.000       0.000       0.000       0.000       0.000    
  3041280.   42.65643590   15.3465   0.000       0.000      0.4360E-03 -0.1042E-06-0.4649E-02 0.4213E-02  0.000      0.000      0.000      0.000       0.000       0.000       0.000       0.000       0.000       0.000    
  3058560.   42.65643590   15.4083   0.000       0.000      0.4411E-03 -0.9484E-07-0.4702E-02 0.4261E-02  0.000      0.000      0.000      0.000       0.000       0.000       0.000       0.000       0.000       0.000    
  3075840.   42.65643590   15.4689   0.000       0.000      0.4460E-03 -0.9383E-07-0.4753E-02 0.4307E-02  0.000      0.000      0.000      0.000       0.000       0.000       0.000       0.000       0.000       0.000    
  3093120.   42.65643590   15.5285   0.000       0.000      0.4509E-03 -0.9310E-07-0.4803E-02 0.4352E-02  0.000      0.000      0.000      0.000       0.000       0.000       0.000       0.000       0.000       0.000    
  3110400.   42.65643590   15.5871   0.000       0.000      0.4556E-03 -0.9242E-07-0.4853E-02 0.4397E-02  0.000      0.000      0.000      0.000       0.000       0.000       0.000       0.000       0.000       0.000    
  3127680.   42.65643590   15.5752   0.000       0.000      0.4547E-03  0.4462E-07-0.4825E-02 0.4370E-02  0.000      0.000      0.000      0.000       0.000       0.000       0.000       0.000       0.000       0.000    
  3144960.   42.65643590   15.5641   0.000       0.000      0.4538E-03  0.2842E-07-0.4817E-02 0.4364E-02  0.000      0.000      0.000      0.000       0.000       0.000       0.000       0.000       0.000       0.000    
  3162240.   42.65643590   15.5537   0.000       0.000      0.4529E-03  0.2662E-07-0.4810E-02 0.4358E-02  0.000      0.000      0.000      0.000       0.000       0.000       0.000       0.000       0.000       0.000    
  3179520.   42.65643590   15.5436   0.000       0.000      0.4521E-03  0.2542E-07-0.4804E-02 0.4351E-02  0.000      0.000      0.000      0.000       0.000       0.000       0.000       0.000       0.000       0.000    
  3196800.   42.65643590   15.5337   0.000       0.000      0.4513E-03  0.2440E-07-0.4797E-02 0.4346E-02  0.000      0.000      0.000      0.000       0.000       0.000       0.000       0.000       0.000       0.000    
  3214080.   42.65643590   15.4937   0.000       0.000      0.4480E-03  0.8141E-07-0.4757E-02 0.4308E-02  0.000      0.000      0.000      0.000       0.000       0.000       0.000       0.000       0.000       0.000    
  3231360.   42.65643590   15.4546   0.000       0.000      0.4449E-03  0.7244E-07-0.4726E-02 0.4281E-02  0.000      0.000      0.000      0.000       0.000       0.000       0.000       0.000       0.000       0.000    
  3248640.   42.65643590   15.4163   0.000       0.000      0.4417E-03  0.6979E-07-0.4695E-02 0.4253E-02  0.000      0.000      0.000      0.000       0.000       0.000       0.000       0.000       0.000       0.000    
  3265920.   42.65643590   15.3786   0.000       0.000      0.4387E-03  0.6750E-07-0.4665E-02 0.4226E-02  0.000      0.000      0.000      0.000       0.000       0.000       0.000       0.000       0.000       0.000    
  3283200.   42.65643590   15.3415   0.000       0.000      0.4356E-03  0.6537E-07-0.4635E-02 0.4199E-02  0.000      0.000      0.000      0.000       0.000       0.000       0.000       0.000       0.000       0.000    
  3300480.   42.65643590   15.3203   0.000       0.000      0.4339E-03  0.3512E-07-0.4623E-02 0.4189E-02  0.000      0.000      0.000      0.000       0.000       0.000       0.000       0.000       0.000       0.000    
  3317760.   42.65643590   15.2993   0.000       0.000      0.4322E-03  0.3730E-07-0.4606E-02 0.4174E-02  0.000      0.000      0.000      0.000       0.000       0.000       0.000       0.000       0.000       0.000    
  3335040.   42.65643590   15.2783   0.000       0.000      0.4305E-03  0.3649E-07-0.4589E-02 0.4159E-02  0.000      0.000      0.000      0.000       0.000       0.000       0.000       0.000       0.000       0.000    
  3352320.   42.65643590   15.2576   0.000       0.000      0.4288E-03  0.3563E-07-0.4573E-02 0.4144E-02  0.000      0.000      0.000      0.000       0.000       0.000       0.000       0.000       0.000       0.000    
  3369600.   42.65643590   15.2371   0.000       0.000      0.4271E-03  0.3478E-07-0.4556E-02 0.4129E-02  0.000      0.000      0.000      0.000       0.000       0.000       0.000       0.000       0.000       0.000    
  3386880.   42.65643590   15.2518   0.000       0.000      0.4283E-03 -0.2891E-07-0.4579E-02 0.4150E-02  0.000      0.000      0.000      0.000       0.000       0.000       0.000       0.000       0.000       0.000    
  3404160.   42.65643590   15.2658   0.000       0.000      0.4295E-03 -0.2132E-07-0.4590E-02 0.4161E-02  0.000      0.000      0.000      0.000       0.000       0.000       0.000       0.000       0.000       0.000    
  3421440.   42.65643590   15.2792   0.000       0.000      0.4306E-03 -0.2051E-07-0.4602E-02 0.4171E-02  0.000      0.000      0.000      0.000       0.000       0.000       0.000       0.000       0.000       0.000    
  3438720.   42.65643590   15.2923   0.000       0.000      0.4316E-03 -0.1995E-07-0.4613E-02 0.4181E-02  0.000      0.000      0.000      0.000       0.000       0.000       0.000       0.000       0.000       0.000    
  3456000.   42.65643590   15.3051   0.000       0.000      0.4327E-03 -0.1948E-07-0.4624E-02 0.4191E-02  0.000      0.000      0.000      0.000       0.000       0.000       0.000       0.000       0.000       0.000    
  3473280.   42.65643590   15.3398   0.000       0.000      0.4355E-03 -0.5985E-07-0.4659E-02 0.4223E-02  0.000      0.000      0.000      0.000       0.000       0.000       0.000       0.000       0.000       0.000    
  3490560.   42.65643590   15.3737   0.000       0.000      0.4383E-03 -0.5445E-07-0.4687E-02 0.4249E-02  0.000      0.000      0.000      0.000       0.000       0.000       0.000       0.000       0.000       0.000    
  3507840.   42.65643590   15.4070   0.000       0.000      0.4410E-03 -0.5343E-07-0.4715E-02 0.4274E-02  0.000      0.000      0.000      0.000       0.000       0.000       0.000       0.000       0.000       0.000    
  3525120.   42.65643590   15.4396   0.000       0.000      0.4436E-03 -0.5260E-07-0.4742E-02 0.4298E-02  0.000      0.000      0.000      0.000       0.000       0.000       0.000       0.000       0.000       0.000    
  3542400.   42.65643590   15.4717   0.000       0.000      0.4462E-03 -0.5183E-07-0.4769E-02 0.4323E-02  0.000      0.000      0.000      0.000       0.000       0.000       0.000       0.000       0.000       0.000    
  3559680.   42.65643590   15.4840   0.000       0.000      0.4472E-03 -0.1456E-07-0.4774E-02 0.4327E-02  0.000      0.000      0.000      0.000       0.000       0.000       0.000       0.000       0.000       0.000    
  3576960.   42.65643590   15.4963   0.000       0.000      0.4483E-03 -0.1836E-07-0.4785E-02 0.4336E-02  0.000      0.000      0.000      0.000       0.000       0.000       0.000       0.000       0.000       0.000    
  3594240.   42.65643590   15.5085   0.000       0.000      0.4492E-03 -0.1830E-07-0.4795E-02 0.4346E-02  0.000      0.000      0.000      0.000       0.000       0.000       0.000       0.000       0.000       0.000    
  3611520.   42.65643590   15.5207   0.000       0.000      0.4502E-03 -0.1812E-07-0.4806E-02 0.4356E-02  0.000      0.000      0.000      0.000       0.000       0.000       0.000       0.000       0.000       0.000    
  3628800.   42.65643590   15.5327   0.000       0.000      0.4512E-03 -0.1790E-07-0.4816E-02 0.4365E-02  0.000      0.000      0.000      0.000       0.000       0.000       0.000       0.000       0.000       0.000    
  3646080.   42.65643590   15.5007   0.000       0.000      0.4486E-03  0.6545E-07-0.4778E-02 0.4329E-02  0.000      0.000      0.000      0.000       0.000       0.000       0.000       0.000       0.000       0.000    
  3663360.   42.65643590   15.4698   0.000       0.000      0.4461E-03  0.5448E-07-0.4753E-02 0.4307E-02  0.000      0.000      0.000      0.000       0.000       0.000       0.000       0.000       0.000       0.000    
  3680640.   42.65643590   15.4396   0.000       0.000      0.4436E-03  0.5244E-07-0.4729E-02 0.4285E-02  0.000      0.000      0.000      0.000       0.000       0.000       0.000       0.000       0.000       0.000    
  3697920.   42.65643590   15.4100   0.000       0.000      0.4412E-03  0.5080E-07-0.4705E-02 0.4263E-02  0.000      0.000      0.000      0.000       0.000       0.000       0.000       0.000       0.000       0.000    
  3715200.   42.65643590   15.3809   0.000       0.000      0.4389E-03  0.4930E-07-0.4681E-02 0.4242E-02  0.000      0.000      0.000      0.000       0.000       0.000       0.000       0.000       0.000       0.000    
  3732480.   42.65643590   15.3603   0.000       0.000      0.4372E-03  0.3316E-07-0.4667E-02 0.4229E-02  0.000      0.000      0.000      0.000       0.000       0.000       0.000       0.000       0.000       0.000    
  3749760.   42.65643590   15.3400   0.000       0.000      0.4355E-03  0.3394E-07-0.4650E-02 0.4214E-02  0.000      0.000      0.000      0.000       0.000       0.000       0.000       0.000       0.000       0.000    
  3767040.   42.65643590   15.3198   0.000       0.000      0.4339E-03  0.3318E-07-0.4634E-02 0.4200E-02  0.000      0.000      0.000      0.000       0.000       0.000       0.000       0.000       0.000       0.000    
  3784320.   42.65643590   15.3000   0.000       0.000      0.4323E-03  0.3241E-07-0.4617E-02 0.4185E-02  0.000      0.000      0.000      0.000       0.000       0.000       0.000       0.000       0.000       0.000    
  3801600.   42.65643590   15.2803   0.000       0.000      0.4307E-03  0.3165E-07-0.4601E-02 0.4170E-02  0.000      0.000      0.000      0.000       0.000       0.000       0.000       0.000       0.000       0.000    
  3818880.   42.65643590   15.2889   0.000       0.000      0.4314E-03 -0.1951E-07-0.4616E-02 0.4185E-02  0.000      0.000      0.000      0.000       0.000       0.000       0.000       0.000       0.000       0.000    
  3836160.   42.65643590   15.2970   0.000       0.000      0.4320E-03 -0.1345E-07-0.4623E-02 0.4191E-02  0.000      0.000      0.000      0.000       0.000       0.000       0.000       0.000       0.000       0.000    
  3853440.   42.65643590   15.3048   0.000       0.000      0.4327E-03 -0.1284E-07-0.4629E-02 0.4196E-02  0.000      0.000      0.000      0.000       0.000       0.000       0.000       0.000       0.000       0.000    
  3870720.   42.65643590   15.3123   0.000       0.000      0.4333E-03 -0.1243E-07-0.4635E-02 0.4202E-02  0.000      0.000      0.000      0.000       0.000       0.000       0.000       0.000       0.000       0.000    
  3888000.   42.65643590   15.3196   0.000       0.000      0.4339E-03 -0.1208E-07-0.4641E-02 0.4207E-02  0.000      0.000      0.000      0.000       0.000       0.000       0.000       0.000       0.000       0.000    
  3905280.   42.65643590   15.3573   0.000       0.000      0.4369E-03 -0.6765E-07-0.4681E-02 0.4244E-02  0.000      0.000      0.000      0.000       0.000       0.000       0.000       0.000       0.000       0.000    
  3922560.   42.65643590   15.3941   0.000       0.000      0.4399E-03 -0.6049E-07-0.4711E-02 0.4271E-02  0.000      0.000      0.000      0.000       0.000       0.000       0.000       0.000       0.000       0.000    
  3939840.   42.65643590   15.4301   0.000       0.000      0.4429E-03 -0.5933E-07-0.4741E-02 0.4298E-02  0.000      0.000      0.000      0.000       0.000       0.000       0.000       0.000       0.000       0.000    
  3957120.   42.65643590   15.4654   0.000       0.000      0.4457E-03 -0.5841E-07-0.4770E-02 0.4324E-02  0.000      0.000      0.000      0.000       0.000       0.000       0.000       0.000       0.000       0.000    
  3974400.   42.65643590   15.5001   0.000       0.000      0.4486E-03 -0.5757E-07-0.4799E-02 0.4350E-02  0.000      0.000      0.000      0.000       0.000       0.000       0.000       0.000       0.000       0.000    
  3991680.   42.65643590   15.5408   0.000       0.000      0.4519E-03 -0.6903E-07-0.4834E-02 0.4382E-02  0.000      0.000      0.000      0.000       0.000       0.000       0.000       0.000       0.000       0.000    
  4008960.   42.65643590   15.5808   0.000       0.000      0.4551E-03 -0.6684E-07-0.4867E-02 0.4412E-02  0.000      0.000      0.000      0.000       0.000       0.000       0.000       0.000       0.000       0.000    
  4026240.   42.65643590   15.6201   0.000       0.000      0.4583E-03 -0.6596E-07-0.4900E-02 0.4442E-02  0.000      0.000      0.000      0.000       0.000       0.000       0.000       0.000       0.000       0.000    
  4043520.   42.65643590   15.6589   0.000       0.000      0.4615E-03 -0.6515E-07-0.4932E-02 0.4471E-02  0.000      0.000      0.000      0.000       0.000       0.000       0.000       0.000       0.000       0.000    
  4060800.   42.65643590   15.6971   0.000       0.000      0.4646E-03 -0.6438E-07-0.4964E-02 0.4500E-02  0.000      0.000      0.000      0.000       0.000       0.000       0.000       0.000       0.000       0.000    
  4078080.   42.65643590   15.6704   0.000       0.000      0.4624E-03  0.6263E-07-0.4925E-02 0.4462E-02  0.000      0.000      0.000      0.000       0.000       0.000       0.000       0.000       0.000       0.000    
  4095360.   42.65643590   15.6449   0.000       0.000      0.4604E-03  0.4717E-07-0.4904E-02 0.4444E-02  0.000      0.000      0.000      0.000       0.000       0.000       0.000       0.000       0.000       0.000    
  4112640.   42.65643590   15.6202   0.000       0.000      0.4583E-03  0.4509E-07-0.4885E-02 0.4426E-02  0.000      0.000      0.000      0.000       0.000       0.000       0.000       0.000       0.000       0.000    
  4129920.   42.65643590   15.5961   0.000       0.000      0.4564E-03  0.4357E-07-0.4865E-02 0.4409E-02  0.000      0.000      0.000      0.000       0.000       0.000       0.000       0.000       0.000       0.000    
  4147200.   42.65643590   15.5725   0.000       0.000      0.4545E-03  0.4222E-07-0.4846E-02 0.4392E-02  0.000      0.000      0.000      0.000       0.000       0.000       0.000       0.000       0.000       0.000    
  4164480.   42.65643590   15.5255   0.000       0.000      0.4506E-03  0.8622E-07-0.4801E-02 0.4350E-02  0.000      0.000      0.000      0.000       0.000       0.000       0.000       0.000       0.000       0.000    
  4181760.   42.65643590   15.4794   0.000       0.000      0.4469E-03  0.7858E-07-0.4763E-02 0.4316E-02  0.000      0.000      0.000      0.000       0.000       0.000       0.000       0.000       0.000       0.000    
  4199040.   42.65643590   15.4343   0.000       0.000      0.4432E-03  0.7591E-07-0.4726E-02 0.4283E-02  0.000      0.000      0.000      0.000       0.000       0.000       0.000       0.000       0.000       0.000    
  4216320.   42.65643590   15.3898   0.000       0.000      0.4396E-03  0.7353E-07-0.4690E-02 0.4250E-02  0.000      0.000      0.000      0.000       0.000       0.000       0.000       0.000       0.000       0.000    
  4233600.   42.65643590   15.3461   0.000       0.000      0.4360E-03  0.7130E-07-0.4654E-02 0.4218E-02  0.000      0.000      0.000      0.000       0.000       0.000       0.000       0.000       0.000       0.000    
  4250880.   42.65643590   15.2981   0.000       0.000      0.4321E-03  0.7815E-07-0.4613E-02 0.4180E-02  0.000      0.000      0.000      0.000       0.000       0.000       0.000       0.000       0.000       0.000    
  4268160.   42.65643590   15.2508   0.000       0.000      0.4283E-03  0.7481E-07-0.4573E-02 0.4145E-02  0.000      0.000      0.000      0.000       0.000       0.000       0.000       0.000       0.000       0.000    
  4285440.   42.65643590   15.2043   0.000       0.000      0.4245E-03  0.7255E-07-0.4535E-02 0.4110E-02  0.000      0.000      0.000      0.000       0.000       0.000       0.000       0.000       0.000       0.000    
  4302720.   42.65643590   15.1584   0.000       0.000      0.4207E-03  0.7042E-07-0.4497E-02 0.4076E-02  0.000      0.000      0.000      0.000       0.000       0.000       0.000       0.000       0.000       0.000    
  4320000.   42.65643590   15.1132   0.000       0.000      0.4171E-03  0.6839E-07-0.4459E-02 0.4042E-02  0.000      0.000      0.000      0.000       0.000       0.000       0.000       0.000       0.000       0.000    
  4337280.   42.65643590   15.0639   0.000       0.000      0.4130E-03  0.7463E-07-0.4417E-02 0.4004E-02  0.000      0.000      0.000      0.000       0.000       0.000       0.000       0.000       0.000       0.000    
  4354560.   42.65643590   15.0153   0.000       0.000      0.4091E-03  0.7152E-07-0.4376E-02 0.3967E-02  0.000      0.000      0.000      0.000       0.000       0.000       0.000       0.000       0.000       0.000    
  4371840.   42.65643590   14.9675   0.000       0.000      0.4052E-03  0.6939E-07-0.4337E-02 0.3931E-02  0.000      0.000      0.000      0.000       0.000       0.000       0.000       0.000       0.000       0.000    
  4389120.   42.65643590   14.9203   0.000       0.000      0.4014E-03  0.6737E-07-0.4297E-02 0.3896E-02  0.000      0.000      0.000      0.000       0.000       0.000       0.000       0.000       0.000       0.000    
  4406400.   42.65643590   14.8739   0.000       0.000      0.3976E-03  0.6544E-07-0.4258E-02 0.3861E-02  0.000      0.000      0.000      0.000       0.000       0.000       0.000       0.000       0.000       0.000    
