TOTIM (T)      HCON          HMAT      QDIR      QWELL        QMAT       QCADS      QTUB1      QTUB2      QTUB3      QTUB4      QTUB5      QTUB6       NSTOR        QFIX        QLH     FHLQ (LQ)        CAUCHY   CAUCHY (LQ)
    86400.   42.65643590   12.6075   0.000       0.000      0.2128E-03   0.000    -0.1365E-01 0.1344E-01  0.000      0.000      0.000      0.000       0.000       0.000       0.000       0.000       0.000       0.000    
   103680.   42.65643590   12.5334   0.000       0.000      0.2068E-03  0.1314E-06-0.1296E-01 0.1275E-01  0.000      0.000      0.000      0.000       0.000       0.000       0.000       0.000       0.000       0.000    
   120960.   42.65643590   12.4643   0.000       0.000      0.2011E-03  0.3567E-07-0.1272E-01 0.1252E-01  0.000      0.000      0.000      0.000       0.000       0.000       0.000       0.000       0.000       0.000    
   138240.   42.65643590   12.3994   0.000       0.000      0.1958E-03  0.3262E-07-0.1250E-01 0.1231E-01  0.000      0.000      0.000      0.000       0.000       0.000       0.000       0.000       0.000       0.000    
   155520.   42.65643590   12.3380   0.000       0.000      0.1908E-03  0.3106E-07-0.1229E-01 0.1210E-01  0.000      0.000      0.000      0.000       0.000       0.000       0.000       0.000       0.000       0.000    
   172800.   42.65643590   12.2797   0.000       0.000      0.1861E-03  0.2964E-07-0.1208E-01 0.1190E-01  0.000      0.000      0.000      0.000       0.000       0.000       0.000       0.000       0.000       0.000    
   190080.   42.65643590   12.2489   0.000       0.000      0.1836E-03  0.1549E-07-0.1197E-01 0.1178E-01  0.000      0.000      0.000      0.000       0.000       0.000       0.000       0.000       0.000       0.000    
   207360.   42.65643590   12.2191   0.000       0.000      0.1811E-03  0.1632E-07-0.1185E-01 0.1167E-01  0.000      0.000      0.000      0.000       0.000       0.000       0.000       0.000       0.000       0.000    
   224640.   42.65643590   12.1902   0.000       0.000      0.1788E-03  0.1583E-07-0.1173E-01 0.1155E-01  0.000      0.000      0.000      0.000       0.000       0.000       0.000       0.000       0.000       0.000    
   241920.   42.65643590   12.1623   0.000       0.000      0.1765E-03  0.1533E-07-0.1161E-01 0.1144E-01  0.000      0.000      0.000      0.000       0.000       0.000       0.000       0.000       0.000       0.000    
   259200.   42.65643590   12.1352   0.000       0.000      0.1743E-03  0.1485E-07-0.1150E-01 0.1133E-01  0.000      0.000      0.000      0.000       0.000       0.000       0.000       0.000       0.000       0.000    
   276480.   42.65643590   12.1157   0.000       0.000      0.1727E-03  0.1106E-07-0.1141E-01 0.1124E-01  0.000      0.000      0.000      0.000       0.000       0.000       0.000       0.000       0.000       0.000    
   293760.   42.65643590   12.0966   0.000       0.000      0.1711E-03  0.1112E-07-0.1133E-01 0.1116E-01  0.000      0.000      0.000      0.000       0.000       0.000       0.000       0.000       0.000       0.000    
   311040.   42.65643590   12.0779   0.000       0.000      0.1696E-03  0.1083E-07-0.1124E-01 0.1107E-01  0.000      0.000      0.000      0.000       0.000       0.000       0.000       0.000       0.000       0.000    
   328320.   42.65643590   12.0596   0.000       0.000      0.1681E-03  0.1055E-07-0.1116E-01 0.1099E-01  0.000      0.000      0.000      0.000       0.000       0.000       0.000       0.000       0.000       0.000    
   345600.   42.65643590   12.0418   0.000       0.000      0.1667E-03  0.1027E-07-0.1107E-01 0.1091E-01  0.000      0.000      0.000      0.000       0.000       0.000       0.000       0.000       0.000       0.000    
   362880.   42.65643590   12.0558   0.000       0.000      0.1678E-03 -0.5002E-08-0.1110E-01 0.1094E-01  0.000      0.000      0.000      0.000       0.000       0.000       0.000       0.000       0.000       0.000    
   380160.   42.65643590   12.0685   0.000       0.000      0.1688E-03 -0.3159E-08-0.1112E-01 0.1095E-01  0.000      0.000      0.000      0.000       0.000       0.000       0.000       0.000       0.000       0.000    
   397440.   42.65643590   12.0800   0.000       0.000      0.1698E-03 -0.2922E-08-0.1114E-01 0.1097E-01  0.000      0.000      0.000      0.000       0.000       0.000       0.000       0.000       0.000       0.000    
   414720.   42.65643590   12.0906   0.000       0.000      0.1706E-03 -0.2747E-08-0.1116E-01 0.1099E-01  0.000      0.000      0.000      0.000       0.000       0.000       0.000       0.000       0.000       0.000    
   432000.   42.65643590   12.1004   0.000       0.000      0.1714E-03 -0.2598E-08-0.1117E-01 0.1100E-01  0.000      0.000      0.000      0.000       0.000       0.000       0.000       0.000       0.000       0.000    
   449280.   42.65643590   12.1334   0.000       0.000      0.1741E-03 -0.1410E-07-0.1127E-01 0.1110E-01  0.000      0.000      0.000      0.000       0.000       0.000       0.000       0.000       0.000       0.000    
   466560.   42.65643590   12.1644   0.000       0.000      0.1767E-03 -0.1252E-07-0.1136E-01 0.1119E-01  0.000      0.000      0.000      0.000       0.000       0.000       0.000       0.000       0.000       0.000    
   483840.   42.65643590   12.1937   0.000       0.000      0.1791E-03 -0.1219E-07-0.1145E-01 0.1127E-01  0.000      0.000      0.000      0.000       0.000       0.000       0.000       0.000       0.000       0.000    
   501120.   42.65643590   12.2215   0.000       0.000      0.1813E-03 -0.1190E-07-0.1153E-01 0.1135E-01  0.000      0.000      0.000      0.000       0.000       0.000       0.000       0.000       0.000       0.000    
   518400.   42.65643590   12.2480   0.000       0.000      0.1835E-03 -0.1164E-07-0.1162E-01 0.1143E-01  0.000      0.000      0.000      0.000       0.000       0.000       0.000       0.000       0.000       0.000    
   535680.   42.65643590   12.2547   0.000       0.000      0.1840E-03 -0.2003E-08-0.1163E-01 0.1145E-01  0.000      0.000      0.000      0.000       0.000       0.000       0.000       0.000       0.000       0.000    
   552960.   42.65643590   12.2614   0.000       0.000      0.1846E-03 -0.2962E-08-0.1165E-01 0.1147E-01  0.000      0.000      0.000      0.000       0.000       0.000       0.000       0.000       0.000       0.000    
   570240.   42.65643590   12.2680   0.000       0.000      0.1851E-03 -0.2940E-08-0.1167E-01 0.1149E-01  0.000      0.000      0.000      0.000       0.000       0.000       0.000       0.000       0.000       0.000    
   587520.   42.65643590   12.2744   0.000       0.000      0.1856E-03 -0.2891E-08-0.1169E-01 0.1151E-01  0.000      0.000      0.000      0.000       0.000       0.000       0.000       0.000       0.000       0.000    
   604800.   42.65643590   12.2807   0.000       0.000      0.1862E-03 -0.2837E-08-0.1171E-01 0.1153E-01  0.000      0.000      0.000      0.000       0.000       0.000       0.000       0.000       0.000       0.000    
   622080.   42.65643590   12.2933   0.000       0.000      0.1872E-03 -0.6132E-08-0.1175E-01 0.1157E-01  0.000      0.000      0.000      0.000       0.000       0.000       0.000       0.000       0.000       0.000    
   639360.   42.65643590   12.3054   0.000       0.000      0.1882E-03 -0.5640E-08-0.1179E-01 0.1161E-01  0.000      0.000      0.000      0.000       0.000       0.000       0.000       0.000       0.000       0.000    
   656640.   42.65643590   12.3169   0.000       0.000      0.1891E-03 -0.5503E-08-0.1183E-01 0.1164E-01  0.000      0.000      0.000      0.000       0.000       0.000       0.000       0.000       0.000       0.000    
   673920.   42.65643590   12.3280   0.000       0.000      0.1900E-03 -0.5382E-08-0.1187E-01 0.1168E-01  0.000      0.000      0.000      0.000       0.000       0.000       0.000       0.000       0.000       0.000    
   691200.   42.65643590   12.3387   0.000       0.000      0.1909E-03 -0.5267E-08-0.1191E-01 0.1172E-01  0.000      0.000      0.000      0.000       0.000       0.000       0.000       0.000       0.000       0.000    
   708480.   42.65643590   12.4134   0.000       0.000      0.1970E-03 -0.3901E-07-0.1217E-01 0.1197E-01  0.000      0.000      0.000      0.000       0.000       0.000       0.000       0.000       0.000       0.000    
   725760.   42.65643590   12.4840   0.000       0.000      0.2027E-03 -0.3512E-07-0.1241E-01 0.1220E-01  0.000      0.000      0.000      0.000       0.000       0.000       0.000       0.000       0.000       0.000    
   743040.   42.65643590   12.5513   0.000       0.000      0.2082E-03 -0.3473E-07-0.1264E-01 0.1243E-01  0.000      0.000      0.000      0.000       0.000       0.000       0.000       0.000       0.000       0.000    
   760320.   42.65643590   12.6155   0.000       0.000      0.2135E-03 -0.3444E-07-0.1286E-01 0.1265E-01  0.000      0.000      0.000      0.000       0.000       0.000       0.000       0.000       0.000       0.000    
   777600.   42.65643590   12.6771   0.000       0.000      0.2185E-03 -0.3417E-07-0.1309E-01 0.1287E-01  0.000      0.000      0.000      0.000       0.000       0.000       0.000       0.000       0.000       0.000    
   794880.   42.65643590   12.7937   0.000       0.000      0.2280E-03 -0.6777E-07-0.1350E-01 0.1328E-01  0.000      0.000      0.000      0.000       0.000       0.000       0.000       0.000       0.000       0.000    
   812160.   42.65643590   12.9050   0.000       0.000      0.2371E-03 -0.6453E-07-0.1390E-01 0.1366E-01  0.000      0.000      0.000      0.000       0.000       0.000       0.000       0.000       0.000       0.000    
   829440.   42.65643590   13.0115   0.000       0.000      0.2458E-03 -0.6465E-07-0.1428E-01 0.1403E-01  0.000      0.000      0.000      0.000       0.000       0.000       0.000       0.000       0.000       0.000    
   846720.   42.65643590   13.1138   0.000       0.000      0.2541E-03 -0.6482E-07-0.1465E-01 0.1440E-01  0.000      0.000      0.000      0.000       0.000       0.000       0.000       0.000       0.000       0.000    
   864000.   42.65643590   13.2123   0.000       0.000      0.2622E-03 -0.6498E-07-0.1502E-01 0.1476E-01  0.000      0.000      0.000      0.000       0.000       0.000       0.000       0.000       0.000       0.000    
   881280.   42.65643590   13.2563   0.000       0.000      0.2657E-03 -0.3075E-07-0.1520E-01 0.1494E-01  0.000      0.000      0.000      0.000       0.000       0.000       0.000       0.000       0.000       0.000    
   898560.   42.65643590   13.2999   0.000       0.000      0.2693E-03 -0.3415E-07-0.1540E-01 0.1513E-01  0.000      0.000      0.000      0.000       0.000       0.000       0.000       0.000       0.000       0.000    
   915840.   42.65643590   13.3429   0.000       0.000      0.2728E-03 -0.3413E-07-0.1559E-01 0.1532E-01  0.000      0.000      0.000      0.000       0.000       0.000       0.000       0.000       0.000       0.000    
   933120.   42.65643590   13.3851   0.000       0.000      0.2762E-03 -0.3399E-07-0.1578E-01 0.1550E-01  0.000      0.000      0.000      0.000       0.000       0.000       0.000       0.000       0.000       0.000    
   950400.   42.65643590   13.4265   0.000       0.000      0.2796E-03 -0.3382E-07-0.1596E-01 0.1568E-01  0.000      0.000      0.000      0.000       0.000       0.000       0.000       0.000       0.000       0.000    
   967680.   42.65643590   13.5346   0.000       0.000      0.2884E-03 -0.8200E-07-0.1638E-01 0.1609E-01  0.000      0.000      0.000      0.000       0.000       0.000       0.000       0.000       0.000       0.000    
   984960.   42.65643590   13.6382   0.000       0.000      0.2969E-03 -0.7717E-07-0.1677E-01 0.1647E-01  0.000      0.000      0.000      0.000       0.000       0.000       0.000       0.000       0.000       0.000    
  1002240.   42.65643590   13.7380   0.000       0.000      0.3050E-03 -0.7703E-07-0.1715E-01 0.1685E-01  0.000      0.000      0.000      0.000       0.000       0.000       0.000       0.000       0.000       0.000    
  1019520.   42.65643590   13.8342   0.000       0.000      0.3129E-03 -0.7699E-07-0.1753E-01 0.1721E-01  0.000      0.000      0.000      0.000       0.000       0.000       0.000       0.000       0.000       0.000    
  1036800.   42.65643590   13.9272   0.000       0.000      0.3205E-03 -0.7696E-07-0.1789E-01 0.1757E-01  0.000      0.000      0.000      0.000       0.000       0.000       0.000       0.000       0.000       0.000    
  1054080.   42.65643590   14.1148   0.000       0.000      0.3358E-03 -0.1562E-06-0.1859E-01 0.1826E-01  0.000      0.000      0.000      0.000       0.000       0.000       0.000       0.000       0.000       0.000    
  1071360.   42.65643590   14.2946   0.000       0.000      0.3504E-03 -0.1503E-06-0.1925E-01 0.1890E-01  0.000      0.000      0.000      0.000       0.000       0.000       0.000       0.000       0.000       0.000    
  1088640.   42.65643590   14.4674   0.000       0.000      0.3645E-03 -0.1517E-06-0.1990E-01 0.1954E-01  0.000      0.000      0.000      0.000       0.000       0.000       0.000       0.000       0.000       0.000    
  1105920.   42.65643590   14.6341   0.000       0.000      0.3781E-03 -0.1532E-06-0.2053E-01 0.2016E-01  0.000      0.000      0.000      0.000       0.000       0.000       0.000       0.000       0.000       0.000    
  1123200.   42.65643590   14.7953   0.000       0.000      0.3912E-03 -0.1546E-06-0.2116E-01 0.2076E-01  0.000      0.000      0.000      0.000       0.000       0.000       0.000       0.000       0.000       0.000    
  1140480.   42.65643590   14.7735   0.000       0.000      0.3895E-03  0.1277E-07-0.2115E-01 0.2076E-01  0.000      0.000      0.000      0.000       0.000       0.000       0.000       0.000       0.000       0.000    
  1157760.   42.65643590   14.7561   0.000       0.000      0.3880E-03 -0.4345E-08-0.2118E-01 0.2080E-01  0.000      0.000      0.000      0.000       0.000       0.000       0.000       0.000       0.000       0.000    
  1175040.   42.65643590   14.7421   0.000       0.000      0.3869E-03 -0.5777E-08-0.2123E-01 0.2084E-01  0.000      0.000      0.000      0.000       0.000       0.000       0.000       0.000       0.000       0.000    
  1192320.   42.65643590   14.7308   0.000       0.000      0.3860E-03 -0.6558E-08-0.2127E-01 0.2088E-01  0.000      0.000      0.000      0.000       0.000       0.000       0.000       0.000       0.000       0.000    
  1209600.   42.65643590   14.7216   0.000       0.000      0.3852E-03 -0.7142E-08-0.2131E-01 0.2093E-01  0.000      0.000      0.000      0.000       0.000       0.000       0.000       0.000       0.000       0.000    
  1226880.   42.65643590   14.6487   0.000       0.000      0.3793E-03  0.5353E-07-0.2113E-01 0.2075E-01  0.000      0.000      0.000      0.000       0.000       0.000       0.000       0.000       0.000       0.000    
  1244160.   42.65643590   14.5807   0.000       0.000      0.3737E-03  0.4529E-07-0.2097E-01 0.2059E-01  0.000      0.000      0.000      0.000       0.000       0.000       0.000       0.000       0.000       0.000    
  1261440.   42.65643590   14.5169   0.000       0.000      0.3685E-03  0.4296E-07-0.2081E-01 0.2044E-01  0.000      0.000      0.000      0.000       0.000       0.000       0.000       0.000       0.000       0.000    
  1278720.   42.65643590   14.4568   0.000       0.000      0.3636E-03  0.4101E-07-0.2066E-01 0.2030E-01  0.000      0.000      0.000      0.000       0.000       0.000       0.000       0.000       0.000       0.000    
  1296000.   42.65643590   14.3999   0.000       0.000      0.3590E-03  0.3924E-07-0.2052E-01 0.2016E-01  0.000      0.000      0.000      0.000       0.000       0.000       0.000       0.000       0.000       0.000    
  1313280.   42.65643590   14.3252   0.000       0.000      0.3529E-03  0.5609E-07-0.2030E-01 0.1995E-01  0.000      0.000      0.000      0.000       0.000       0.000       0.000       0.000       0.000       0.000    
  1330560.   42.65643590   14.2542   0.000       0.000      0.3471E-03  0.5201E-07-0.2010E-01 0.1975E-01  0.000      0.000      0.000      0.000       0.000       0.000       0.000       0.000       0.000       0.000    
  1347840.   42.65643590   14.1866   0.000       0.000      0.3416E-03  0.4983E-07-0.1990E-01 0.1956E-01  0.000      0.000      0.000      0.000       0.000       0.000       0.000       0.000       0.000       0.000    
  1365120.   42.65643590   14.1220   0.000       0.000      0.3363E-03  0.4786E-07-0.1970E-01 0.1937E-01  0.000      0.000      0.000      0.000       0.000       0.000       0.000       0.000       0.000       0.000    
  1382400.   42.65643590   14.0602   0.000       0.000      0.3313E-03  0.4602E-07-0.1951E-01 0.1918E-01  0.000      0.000      0.000      0.000       0.000       0.000       0.000       0.000       0.000       0.000    
  1399680.   42.65643590   13.9878   0.000       0.000      0.3254E-03  0.5537E-07-0.1928E-01 0.1896E-01  0.000      0.000      0.000      0.000       0.000       0.000       0.000       0.000       0.000       0.000    
  1416960.   42.65643590   13.9184   0.000       0.000      0.3197E-03  0.5215E-07-0.1906E-01 0.1874E-01  0.000      0.000      0.000      0.000       0.000       0.000       0.000       0.000       0.000       0.000    
  1434240.   42.65643590   13.8519   0.000       0.000      0.3143E-03  0.5011E-07-0.1884E-01 0.1853E-01  0.000      0.000      0.000      0.000       0.000       0.000       0.000       0.000       0.000       0.000    
  1451520.   42.65643590   13.7880   0.000       0.000      0.3091E-03  0.4822E-07-0.1863E-01 0.1832E-01  0.000      0.000      0.000      0.000       0.000       0.000       0.000       0.000       0.000       0.000    
  1468800.   42.65643590   13.7265   0.000       0.000      0.3041E-03  0.4644E-07-0.1842E-01 0.1812E-01  0.000      0.000      0.000      0.000       0.000       0.000       0.000       0.000       0.000       0.000    
  1486080.   42.65643590   13.6570   0.000       0.000      0.2984E-03  0.5285E-07-0.1818E-01 0.1788E-01  0.000      0.000      0.000      0.000       0.000       0.000       0.000       0.000       0.000       0.000    
  1503360.   42.65643590   13.5901   0.000       0.000      0.2929E-03  0.5005E-07-0.1795E-01 0.1766E-01  0.000      0.000      0.000      0.000       0.000       0.000       0.000       0.000       0.000       0.000    
  1520640.   42.65643590   13.5257   0.000       0.000      0.2877E-03  0.4815E-07-0.1772E-01 0.1744E-01  0.000      0.000      0.000      0.000       0.000       0.000       0.000       0.000       0.000       0.000    
  1537920.   42.65643590   13.4636   0.000       0.000      0.2826E-03  0.4637E-07-0.1750E-01 0.1722E-01  0.000      0.000      0.000      0.000       0.000       0.000       0.000       0.000       0.000       0.000    
  1555200.   42.65643590   13.4036   0.000       0.000      0.2777E-03  0.4468E-07-0.1729E-01 0.1701E-01  0.000      0.000      0.000      0.000       0.000       0.000       0.000       0.000       0.000       0.000    
  1572480.   42.65643590   13.3388   0.000       0.000      0.2724E-03  0.4814E-07-0.1705E-01 0.1678E-01  0.000      0.000      0.000      0.000       0.000       0.000       0.000       0.000       0.000       0.000    
  1589760.   42.65643590   13.2763   0.000       0.000      0.2673E-03  0.4584E-07-0.1682E-01 0.1655E-01  0.000      0.000      0.000      0.000       0.000       0.000       0.000       0.000       0.000       0.000    
  1607040.   42.65643590   13.2158   0.000       0.000      0.2624E-03  0.4414E-07-0.1659E-01 0.1633E-01  0.000      0.000      0.000      0.000       0.000       0.000       0.000       0.000       0.000       0.000    
  1624320.   42.65643590   13.1574   0.000       0.000      0.2576E-03  0.4253E-07-0.1637E-01 0.1611E-01  0.000      0.000      0.000      0.000       0.000       0.000       0.000       0.000       0.000       0.000    
  1641600.   42.65643590   13.1009   0.000       0.000      0.2530E-03  0.4101E-07-0.1615E-01 0.1590E-01  0.000      0.000      0.000      0.000       0.000       0.000       0.000       0.000       0.000       0.000    
  1658880.   42.65643590   13.0444   0.000       0.000      0.2484E-03  0.4071E-07-0.1594E-01 0.1569E-01  0.000      0.000      0.000      0.000       0.000       0.000       0.000       0.000       0.000       0.000    
  1676160.   42.65643590   12.9897   0.000       0.000      0.2440E-03  0.3914E-07-0.1572E-01 0.1548E-01  0.000      0.000      0.000      0.000       0.000       0.000       0.000       0.000       0.000       0.000    
  1693440.   42.65643590   12.9367   0.000       0.000      0.2396E-03  0.3776E-07-0.1551E-01 0.1527E-01  0.000      0.000      0.000      0.000       0.000       0.000       0.000       0.000       0.000       0.000    
  1710720.   42.65643590   12.8853   0.000       0.000      0.2355E-03  0.3644E-07-0.1531E-01 0.1507E-01  0.000      0.000      0.000      0.000       0.000       0.000       0.000       0.000       0.000       0.000    
  1728000.   42.65643590   12.8355   0.000       0.000      0.2314E-03  0.3518E-07-0.1511E-01 0.1487E-01  0.000      0.000      0.000      0.000       0.000       0.000       0.000       0.000       0.000       0.000    
  1745280.   42.65643590   12.7885   0.000       0.000      0.2276E-03  0.3303E-07-0.1491E-01 0.1468E-01  0.000      0.000      0.000      0.000       0.000       0.000       0.000       0.000       0.000       0.000    
  1762560.   42.65643590   12.7429   0.000       0.000      0.2238E-03  0.3202E-07-0.1472E-01 0.1450E-01  0.000      0.000      0.000      0.000       0.000       0.000       0.000       0.000       0.000       0.000    
  1779840.   42.65643590   12.6985   0.000       0.000      0.2202E-03  0.3096E-07-0.1454E-01 0.1432E-01  0.000      0.000      0.000      0.000       0.000       0.000       0.000       0.000       0.000       0.000    
  1797120.   42.65643590   12.6553   0.000       0.000      0.2167E-03  0.2994E-07-0.1435E-01 0.1414E-01  0.000      0.000      0.000      0.000       0.000       0.000       0.000       0.000       0.000       0.000    
  1814400.   42.65643590   12.6133   0.000       0.000      0.2133E-03  0.2896E-07-0.1417E-01 0.1396E-01  0.000      0.000      0.000      0.000       0.000       0.000       0.000       0.000       0.000       0.000    
  1831680.   42.65643590   12.5689   0.000       0.000      0.2096E-03  0.3012E-07-0.1399E-01 0.1378E-01  0.000      0.000      0.000      0.000       0.000       0.000       0.000       0.000       0.000       0.000    
  1848960.   42.65643590   12.5259   0.000       0.000      0.2061E-03  0.2889E-07-0.1380E-01 0.1360E-01  0.000      0.000      0.000      0.000       0.000       0.000       0.000       0.000       0.000       0.000    
  1866240.   42.65643590   12.4840   0.000       0.000      0.2027E-03  0.2791E-07-0.1362E-01 0.1342E-01  0.000      0.000      0.000      0.000       0.000       0.000       0.000       0.000       0.000       0.000    
  1883520.   42.65643590   12.4432   0.000       0.000      0.1994E-03  0.2698E-07-0.1344E-01 0.1325E-01  0.000      0.000      0.000      0.000       0.000       0.000       0.000       0.000       0.000       0.000    
  1900800.   42.65643590   12.4036   0.000       0.000      0.1962E-03  0.2609E-07-0.1327E-01 0.1307E-01  0.000      0.000      0.000      0.000       0.000       0.000       0.000       0.000       0.000       0.000    
  1918080.   42.65643590   12.3625   0.000       0.000      0.1928E-03  0.2665E-07-0.1309E-01 0.1290E-01  0.000      0.000      0.000      0.000       0.000       0.000       0.000       0.000       0.000       0.000    
  1935360.   42.65643590   12.3226   0.000       0.000      0.1896E-03  0.2560E-07-0.1292E-01 0.1273E-01  0.000      0.000      0.000      0.000       0.000       0.000       0.000       0.000       0.000       0.000    
  1952640.   42.65643590   12.2838   0.000       0.000      0.1864E-03  0.2474E-07-0.1274E-01 0.1256E-01  0.000      0.000      0.000      0.000       0.000       0.000       0.000       0.000       0.000       0.000    
  1969920.   42.65643590   12.2460   0.000       0.000      0.1833E-03  0.2392E-07-0.1257E-01 0.1239E-01  0.000      0.000      0.000      0.000       0.000       0.000       0.000       0.000       0.000       0.000    
  1987200.   42.65643590   12.2092   0.000       0.000      0.1803E-03  0.2313E-07-0.1241E-01 0.1223E-01  0.000      0.000      0.000      0.000       0.000       0.000       0.000       0.000       0.000       0.000    
  2004480.   42.65643590   12.1745   0.000       0.000      0.1775E-03  0.2176E-07-0.1225E-01 0.1207E-01  0.000      0.000      0.000      0.000       0.000       0.000       0.000       0.000       0.000       0.000    
  2021760.   42.65643590   12.1407   0.000       0.000      0.1747E-03  0.2113E-07-0.1209E-01 0.1192E-01  0.000      0.000      0.000      0.000       0.000       0.000       0.000       0.000       0.000       0.000    
  2039040.   42.65643590   12.1077   0.000       0.000      0.1720E-03  0.2046E-07-0.1194E-01 0.1177E-01  0.000      0.000      0.000      0.000       0.000       0.000       0.000       0.000       0.000       0.000    
  2056320.   42.65643590   12.0756   0.000       0.000      0.1694E-03  0.1982E-07-0.1179E-01 0.1162E-01  0.000      0.000      0.000      0.000       0.000       0.000       0.000       0.000       0.000       0.000    
  2073600.   42.65643590   12.0442   0.000       0.000      0.1668E-03  0.1919E-07-0.1164E-01 0.1147E-01  0.000      0.000      0.000      0.000       0.000       0.000       0.000       0.000       0.000       0.000    
  2090880.   42.65643590   12.0108   0.000       0.000      0.1641E-03  0.1992E-07-0.1148E-01 0.1132E-01  0.000      0.000      0.000      0.000       0.000       0.000       0.000       0.000       0.000       0.000    
  2108160.   42.65643590   11.9784   0.000       0.000      0.1615E-03  0.1913E-07-0.1133E-01 0.1117E-01  0.000      0.000      0.000      0.000       0.000       0.000       0.000       0.000       0.000       0.000    
  2125440.   42.65643590   11.9468   0.000       0.000      0.1589E-03  0.1851E-07-0.1118E-01 0.1102E-01  0.000      0.000      0.000      0.000       0.000       0.000       0.000       0.000       0.000       0.000    
  2142720.   42.65643590   11.9160   0.000       0.000      0.1564E-03  0.1791E-07-0.1104E-01 0.1088E-01  0.000      0.000      0.000      0.000       0.000       0.000       0.000       0.000       0.000       0.000    
  2160000.   42.65643590   11.8859   0.000       0.000      0.1539E-03  0.1734E-07-0.1089E-01 0.1074E-01  0.000      0.000      0.000      0.000       0.000       0.000       0.000       0.000       0.000       0.000    
  2177280.   42.65643590   11.8547   0.000       0.000      0.1514E-03  0.1766E-07-0.1074E-01 0.1059E-01  0.000      0.000      0.000      0.000       0.000       0.000       0.000       0.000       0.000       0.000    
  2194560.   42.65643590   11.8243   0.000       0.000      0.1489E-03  0.1699E-07-0.1060E-01 0.1045E-01  0.000      0.000      0.000      0.000       0.000       0.000       0.000       0.000       0.000       0.000    
  2211840.   42.65643590   11.7947   0.000       0.000      0.1465E-03  0.1643E-07-0.1046E-01 0.1031E-01  0.000      0.000      0.000      0.000       0.000       0.000       0.000       0.000       0.000       0.000    
  2229120.   42.65643590   11.7659   0.000       0.000      0.1441E-03  0.1590E-07-0.1032E-01 0.1017E-01  0.000      0.000      0.000      0.000       0.000       0.000       0.000       0.000       0.000       0.000    
  2246400.   42.65643590   11.7377   0.000       0.000      0.1418E-03  0.1539E-07-0.1018E-01 0.1004E-01  0.000      0.000      0.000      0.000       0.000       0.000       0.000       0.000       0.000       0.000    
  2263680.   42.65643590   11.7083   0.000       0.000      0.1394E-03  0.1573E-07-0.1004E-01 0.9898E-02  0.000      0.000      0.000      0.000       0.000       0.000       0.000       0.000       0.000       0.000    
  2280960.   42.65643590   11.6797   0.000       0.000      0.1371E-03  0.1512E-07-0.9899E-02 0.9762E-02  0.000      0.000      0.000      0.000       0.000       0.000       0.000       0.000       0.000       0.000    
  2298240.   42.65643590   11.6518   0.000       0.000      0.1348E-03  0.1462E-07-0.9763E-02 0.9628E-02  0.000      0.000      0.000      0.000       0.000       0.000       0.000       0.000       0.000       0.000    
  2315520.   42.65643590   11.6246   0.000       0.000      0.1326E-03  0.1415E-07-0.9629E-02 0.9496E-02  0.000      0.000      0.000      0.000       0.000       0.000       0.000       0.000       0.000       0.000    
  2332800.   42.65643590   11.5981   0.000       0.000      0.1304E-03  0.1369E-07-0.9497E-02 0.9367E-02  0.000      0.000      0.000      0.000       0.000       0.000       0.000       0.000       0.000       0.000    
  2350080.   42.65643590   11.5709   0.000       0.000      0.1282E-03  0.1376E-07-0.9364E-02 0.9235E-02  0.000      0.000      0.000      0.000       0.000       0.000       0.000       0.000       0.000       0.000    
  2367360.   42.65643590   11.5445   0.000       0.000      0.1261E-03  0.1325E-07-0.9233E-02 0.9107E-02  0.000      0.000      0.000      0.000       0.000       0.000       0.000       0.000       0.000       0.000    
  2384640.   42.65643590   11.5187   0.000       0.000      0.1240E-03  0.1282E-07-0.9104E-02 0.8980E-02  0.000      0.000      0.000      0.000       0.000       0.000       0.000       0.000       0.000       0.000    
  2401920.   42.65643590   11.4935   0.000       0.000      0.1219E-03  0.1240E-07-0.8978E-02 0.8856E-02  0.000      0.000      0.000      0.000       0.000       0.000       0.000       0.000       0.000       0.000    
  2419200.   42.65643590   11.4689   0.000       0.000      0.1199E-03  0.1200E-07-0.8854E-02 0.8734E-02  0.000      0.000      0.000      0.000       0.000       0.000       0.000       0.000       0.000       0.000    
  2436480.   42.65643590   11.4557   0.000       0.000      0.1188E-03  0.7621E-08-0.8769E-02 0.8651E-02  0.000      0.000      0.000      0.000       0.000       0.000       0.000       0.000       0.000       0.000    
  2453760.   42.65643590   11.4424   0.000       0.000      0.1177E-03  0.7895E-08-0.8683E-02 0.8565E-02  0.000      0.000      0.000      0.000       0.000       0.000       0.000       0.000       0.000       0.000    
  2471040.   42.65643590   11.4290   0.000       0.000      0.1167E-03  0.7731E-08-0.8598E-02 0.8481E-02  0.000      0.000      0.000      0.000       0.000       0.000       0.000       0.000       0.000       0.000    
  2488320.   42.65643590   11.4158   0.000       0.000      0.1156E-03  0.7557E-08-0.8514E-02 0.8398E-02  0.000      0.000      0.000      0.000       0.000       0.000       0.000       0.000       0.000       0.000    
  2505600.   42.65643590   11.4026   0.000       0.000      0.1145E-03  0.7382E-08-0.8431E-02 0.8316E-02  0.000      0.000      0.000      0.000       0.000       0.000       0.000       0.000       0.000       0.000    
  2522880.   42.65643590   11.3892   0.000       0.000      0.1134E-03  0.7348E-08-0.8348E-02 0.8234E-02  0.000      0.000      0.000      0.000       0.000       0.000       0.000       0.000       0.000       0.000    
  2540160.   42.65643590   11.3759   0.000       0.000      0.1123E-03  0.7154E-08-0.8266E-02 0.8154E-02  0.000      0.000      0.000      0.000       0.000       0.000       0.000       0.000       0.000       0.000    
  2557440.   42.65643590   11.3627   0.000       0.000      0.1112E-03  0.6978E-08-0.8186E-02 0.8075E-02  0.000      0.000      0.000      0.000       0.000       0.000       0.000       0.000       0.000       0.000    
  2574720.   42.65643590   11.3498   0.000       0.000      0.1102E-03  0.6807E-08-0.8107E-02 0.7996E-02  0.000      0.000      0.000      0.000       0.000       0.000       0.000       0.000       0.000       0.000    
  2592000.   42.65643590   11.3370   0.000       0.000      0.1091E-03  0.6639E-08-0.8029E-02 0.7919E-02  0.000      0.000      0.000      0.000       0.000       0.000       0.000       0.000       0.000       0.000    
  2609280.   42.65643590   11.3665   0.000       0.000      0.1116E-03 -0.7964E-08-0.8101E-02 0.7989E-02  0.000      0.000      0.000      0.000       0.000       0.000       0.000       0.000       0.000       0.000    
  2626560.   42.65643590   11.3937   0.000       0.000      0.1138E-03 -0.6091E-08-0.8157E-02 0.8043E-02  0.000      0.000      0.000      0.000       0.000       0.000       0.000       0.000       0.000       0.000    
  2643840.   42.65643590   11.4189   0.000       0.000      0.1158E-03 -0.5818E-08-0.8211E-02 0.8095E-02  0.000      0.000      0.000      0.000       0.000       0.000       0.000       0.000       0.000       0.000    
  2661120.   42.65643590   11.4425   0.000       0.000      0.1178E-03 -0.5602E-08-0.8262E-02 0.8145E-02  0.000      0.000      0.000      0.000       0.000       0.000       0.000       0.000       0.000       0.000    
  2678400.   42.65643590   11.4646   0.000       0.000      0.1196E-03 -0.5413E-08-0.8312E-02 0.8193E-02  0.000      0.000      0.000      0.000       0.000       0.000       0.000       0.000       0.000       0.000    
  2695680.   42.65643590   11.6016   0.000       0.000      0.1307E-03 -0.4824E-07-0.8770E-02 0.8640E-02  0.000      0.000      0.000      0.000       0.000       0.000       0.000       0.000       0.000       0.000    
  2712960.   42.65643590   11.7306   0.000       0.000      0.1413E-03 -0.4445E-07-0.9181E-02 0.9040E-02  0.000      0.000      0.000      0.000       0.000       0.000       0.000       0.000       0.000       0.000    
  2730240.   42.65643590   11.8528   0.000       0.000      0.1512E-03 -0.4510E-07-0.9580E-02 0.9429E-02  0.000      0.000      0.000      0.000       0.000       0.000       0.000       0.000       0.000       0.000    
  2747520.   42.65643590   11.9691   0.000       0.000      0.1607E-03 -0.4579E-07-0.9969E-02 0.9809E-02  0.000      0.000      0.000      0.000       0.000       0.000       0.000       0.000       0.000       0.000    
  2764800.   42.65643590   12.0802   0.000       0.000      0.1698E-03 -0.4642E-07-0.1035E-01 0.1018E-01  0.000      0.000      0.000      0.000       0.000       0.000       0.000       0.000       0.000       0.000    
  2782080.   42.65643590   12.3525   0.000       0.000      0.1920E-03 -0.1276E-06-0.1130E-01 0.1111E-01  0.000      0.000      0.000      0.000       0.000       0.000       0.000       0.000       0.000       0.000    
  2799360.   42.65643590   12.6111   0.000       0.000      0.2131E-03 -0.1262E-06-0.1219E-01 0.1198E-01  0.000      0.000      0.000      0.000       0.000       0.000       0.000       0.000       0.000       0.000    
  2816640.   42.65643590   12.8579   0.000       0.000      0.2333E-03 -0.1322E-06-0.1305E-01 0.1282E-01  0.000      0.000      0.000      0.000       0.000       0.000       0.000       0.000       0.000       0.000    
  2833920.   42.65643590   13.0944   0.000       0.000      0.2526E-03 -0.1379E-06-0.1390E-01 0.1364E-01  0.000      0.000      0.000      0.000       0.000       0.000       0.000       0.000       0.000       0.000    
  2851200.   42.65643590   13.3217   0.000       0.000      0.2711E-03 -0.1433E-06-0.1472E-01 0.1445E-01  0.000      0.000      0.000      0.000       0.000       0.000       0.000       0.000       0.000       0.000    
  2868480.   42.65643590   13.2786   0.000       0.000      0.2676E-03  0.2778E-07-0.1462E-01 0.1435E-01  0.000      0.000      0.000      0.000       0.000       0.000       0.000       0.000       0.000       0.000    
  2885760.   42.65643590   13.2423   0.000       0.000      0.2646E-03  0.8456E-08-0.1459E-01 0.1432E-01  0.000      0.000      0.000      0.000       0.000       0.000       0.000       0.000       0.000       0.000    
  2903040.   42.65643590   13.2111   0.000       0.000      0.2621E-03  0.6787E-08-0.1457E-01 0.1430E-01  0.000      0.000      0.000      0.000       0.000       0.000       0.000       0.000       0.000       0.000    
  2920320.   42.65643590   13.1840   0.000       0.000      0.2599E-03  0.5773E-08-0.1455E-01 0.1429E-01  0.000      0.000      0.000      0.000       0.000       0.000       0.000       0.000       0.000       0.000    
  2937600.   42.65643590   13.1600   0.000       0.000      0.2579E-03  0.4990E-08-0.1453E-01 0.1427E-01  0.000      0.000      0.000      0.000       0.000       0.000       0.000       0.000       0.000       0.000    
  2954880.   42.65643590   13.1558   0.000       0.000      0.2576E-03 -0.6606E-08-0.1458E-01 0.1432E-01  0.000      0.000      0.000      0.000       0.000       0.000       0.000       0.000       0.000       0.000    
  2972160.   42.65643590   13.1530   0.000       0.000      0.2573E-03 -0.5705E-08-0.1462E-01 0.1437E-01  0.000      0.000      0.000      0.000       0.000       0.000       0.000       0.000       0.000       0.000    
  2989440.   42.65643590   13.1512   0.000       0.000      0.2572E-03 -0.5860E-08-0.1467E-01 0.1441E-01  0.000      0.000      0.000      0.000       0.000       0.000       0.000       0.000       0.000       0.000    
  3006720.   42.65643590   13.1504   0.000       0.000      0.2571E-03 -0.6004E-08-0.1471E-01 0.1445E-01  0.000      0.000      0.000      0.000       0.000       0.000       0.000       0.000       0.000       0.000    
  3024000.   42.65643590   13.1505   0.000       0.000      0.2571E-03 -0.6123E-08-0.1475E-01 0.1450E-01  0.000      0.000      0.000      0.000       0.000       0.000       0.000       0.000       0.000       0.000    
  3041280.   42.65643590   13.1929   0.000       0.000      0.2606E-03 -0.3351E-07-0.1494E-01 0.1468E-01  0.000      0.000      0.000      0.000       0.000       0.000       0.000       0.000       0.000       0.000    
  3058560.   42.65643590   13.2337   0.000       0.000      0.2639E-03 -0.3037E-07-0.1512E-01 0.1485E-01  0.000      0.000      0.000      0.000       0.000       0.000       0.000       0.000       0.000       0.000    
  3075840.   42.65643590   13.2730   0.000       0.000      0.2671E-03 -0.2999E-07-0.1529E-01 0.1502E-01  0.000      0.000      0.000      0.000       0.000       0.000       0.000       0.000       0.000       0.000    
  3093120.   42.65643590   13.3111   0.000       0.000      0.2702E-03 -0.2969E-07-0.1545E-01 0.1518E-01  0.000      0.000      0.000      0.000       0.000       0.000       0.000       0.000       0.000       0.000    
  3110400.   42.65643590   13.3481   0.000       0.000      0.2732E-03 -0.2941E-07-0.1562E-01 0.1535E-01  0.000      0.000      0.000      0.000       0.000       0.000       0.000       0.000       0.000       0.000    
  3127680.   42.65643590   13.3162   0.000       0.000      0.2706E-03  0.1772E-07-0.1554E-01 0.1527E-01  0.000      0.000      0.000      0.000       0.000       0.000       0.000       0.000       0.000       0.000    
  3144960.   42.65643590   13.2870   0.000       0.000      0.2682E-03  0.1215E-07-0.1549E-01 0.1522E-01  0.000      0.000      0.000      0.000       0.000       0.000       0.000       0.000       0.000       0.000    
  3162240.   42.65643590   13.2600   0.000       0.000      0.2660E-03  0.1134E-07-0.1544E-01 0.1517E-01  0.000      0.000      0.000      0.000       0.000       0.000       0.000       0.000       0.000       0.000    
  3179520.   42.65643590   13.2350   0.000       0.000      0.2640E-03  0.1072E-07-0.1539E-01 0.1512E-01  0.000      0.000      0.000      0.000       0.000       0.000       0.000       0.000       0.000       0.000    
  3196800.   42.65643590   13.2116   0.000       0.000      0.2621E-03  0.1019E-07-0.1534E-01 0.1508E-01  0.000      0.000      0.000      0.000       0.000       0.000       0.000       0.000       0.000       0.000    
  3214080.   42.65643590   13.1601   0.000       0.000      0.2579E-03  0.2948E-07-0.1519E-01 0.1493E-01  0.000      0.000      0.000      0.000       0.000       0.000       0.000       0.000       0.000       0.000    
  3231360.   42.65643590   13.1115   0.000       0.000      0.2539E-03  0.2623E-07-0.1505E-01 0.1480E-01  0.000      0.000      0.000      0.000       0.000       0.000       0.000       0.000       0.000       0.000    
  3248640.   42.65643590   13.0655   0.000       0.000      0.2502E-03  0.2507E-07-0.1492E-01 0.1467E-01  0.000      0.000      0.000      0.000       0.000       0.000       0.000       0.000       0.000       0.000    
  3265920.   42.65643590   13.0217   0.000       0.000      0.2466E-03  0.2405E-07-0.1479E-01 0.1454E-01  0.000      0.000      0.000      0.000       0.000       0.000       0.000       0.000       0.000       0.000    
  3283200.   42.65643590   12.9800   0.000       0.000      0.2432E-03  0.2311E-07-0.1466E-01 0.1442E-01  0.000      0.000      0.000      0.000       0.000       0.000       0.000       0.000       0.000       0.000    
  3300480.   42.65643590   12.9552   0.000       0.000      0.2412E-03  0.1266E-07-0.1459E-01 0.1435E-01  0.000      0.000      0.000      0.000       0.000       0.000       0.000       0.000       0.000       0.000    
  3317760.   42.65643590   12.9313   0.000       0.000      0.2392E-03  0.1323E-07-0.1452E-01 0.1428E-01  0.000      0.000      0.000      0.000       0.000       0.000       0.000       0.000       0.000       0.000    
  3335040.   42.65643590   12.9083   0.000       0.000      0.2374E-03  0.1285E-07-0.1444E-01 0.1421E-01  0.000      0.000      0.000      0.000       0.000       0.000       0.000       0.000       0.000       0.000    
  3352320.   42.65643590   12.8862   0.000       0.000      0.2355E-03  0.1246E-07-0.1437E-01 0.1414E-01  0.000      0.000      0.000      0.000       0.000       0.000       0.000       0.000       0.000       0.000    
  3369600.   42.65643590   12.8648   0.000       0.000      0.2338E-03  0.1209E-07-0.1430E-01 0.1407E-01  0.000      0.000      0.000      0.000       0.000       0.000       0.000       0.000       0.000       0.000    
  3386880.   42.65643590   12.8783   0.000       0.000      0.2349E-03 -0.9527E-08-0.1436E-01 0.1412E-01  0.000      0.000      0.000      0.000       0.000       0.000       0.000       0.000       0.000       0.000    
  3404160.   42.65643590   12.8907   0.000       0.000      0.2359E-03 -0.7043E-08-0.1440E-01 0.1416E-01  0.000      0.000      0.000      0.000       0.000       0.000       0.000       0.000       0.000       0.000    
  3421440.   42.65643590   12.9022   0.000       0.000      0.2369E-03 -0.6739E-08-0.1444E-01 0.1420E-01  0.000      0.000      0.000      0.000       0.000       0.000       0.000       0.000       0.000       0.000    
  3438720.   42.65643590   12.9129   0.000       0.000      0.2377E-03 -0.6517E-08-0.1448E-01 0.1424E-01  0.000      0.000      0.000      0.000       0.000       0.000       0.000       0.000       0.000       0.000    
  3456000.   42.65643590   12.9230   0.000       0.000      0.2386E-03 -0.6326E-08-0.1451E-01 0.1427E-01  0.000      0.000      0.000      0.000       0.000       0.000       0.000       0.000       0.000       0.000    
  3473280.   42.65643590   12.9543   0.000       0.000      0.2411E-03 -0.1997E-07-0.1463E-01 0.1438E-01  0.000      0.000      0.000      0.000       0.000       0.000       0.000       0.000       0.000       0.000    
  3490560.   42.65643590   12.9839   0.000       0.000      0.2435E-03 -0.1814E-07-0.1473E-01 0.1449E-01  0.000      0.000      0.000      0.000       0.000       0.000       0.000       0.000       0.000       0.000    
  3507840.   42.65643590   13.0121   0.000       0.000      0.2458E-03 -0.1772E-07-0.1483E-01 0.1458E-01  0.000      0.000      0.000      0.000       0.000       0.000       0.000       0.000       0.000       0.000    
  3525120.   42.65643590   13.0391   0.000       0.000      0.2480E-03 -0.1737E-07-0.1493E-01 0.1468E-01  0.000      0.000      0.000      0.000       0.000       0.000       0.000       0.000       0.000       0.000    
  3542400.   42.65643590   13.0649   0.000       0.000      0.2501E-03 -0.1704E-07-0.1503E-01 0.1478E-01  0.000      0.000      0.000      0.000       0.000       0.000       0.000       0.000       0.000       0.000    
  3559680.   42.65643590   13.0709   0.000       0.000      0.2506E-03 -0.4322E-08-0.1505E-01 0.1480E-01  0.000      0.000      0.000      0.000       0.000       0.000       0.000       0.000       0.000       0.000    
  3576960.   42.65643590   13.0769   0.000       0.000      0.2511E-03 -0.5547E-08-0.1509E-01 0.1484E-01  0.000      0.000      0.000      0.000       0.000       0.000       0.000       0.000       0.000       0.000    
  3594240.   42.65643590   13.0830   0.000       0.000      0.2516E-03 -0.5527E-08-0.1512E-01 0.1487E-01  0.000      0.000      0.000      0.000       0.000       0.000       0.000       0.000       0.000       0.000    
  3611520.   42.65643590   13.0891   0.000       0.000      0.2521E-03 -0.5469E-08-0.1515E-01 0.1490E-01  0.000      0.000      0.000      0.000       0.000       0.000       0.000       0.000       0.000       0.000    
  3628800.   42.65643590   13.0951   0.000       0.000      0.2526E-03 -0.5402E-08-0.1519E-01 0.1493E-01  0.000      0.000      0.000      0.000       0.000       0.000       0.000       0.000       0.000       0.000    
  3646080.   42.65643590   13.0583   0.000       0.000      0.2496E-03  0.2287E-07-0.1507E-01 0.1482E-01  0.000      0.000      0.000      0.000       0.000       0.000       0.000       0.000       0.000       0.000    
  3663360.   42.65643590   13.0238   0.000       0.000      0.2468E-03  0.1914E-07-0.1497E-01 0.1472E-01  0.000      0.000      0.000      0.000       0.000       0.000       0.000       0.000       0.000       0.000    
  3680640.   42.65643590   12.9912   0.000       0.000      0.2441E-03  0.1830E-07-0.1487E-01 0.1462E-01  0.000      0.000      0.000      0.000       0.000       0.000       0.000       0.000       0.000       0.000    
  3697920.   42.65643590   12.9603   0.000       0.000      0.2416E-03  0.1760E-07-0.1477E-01 0.1453E-01  0.000      0.000      0.000      0.000       0.000       0.000       0.000       0.000       0.000       0.000    
  3715200.   42.65643590   12.9308   0.000       0.000      0.2392E-03  0.1696E-07-0.1467E-01 0.1443E-01  0.000      0.000      0.000      0.000       0.000       0.000       0.000       0.000       0.000       0.000    
  3732480.   42.65643590   12.9105   0.000       0.000      0.2375E-03  0.1140E-07-0.1461E-01 0.1437E-01  0.000      0.000      0.000      0.000       0.000       0.000       0.000       0.000       0.000       0.000    
  3749760.   42.65643590   12.8910   0.000       0.000      0.2359E-03  0.1155E-07-0.1454E-01 0.1431E-01  0.000      0.000      0.000      0.000       0.000       0.000       0.000       0.000       0.000       0.000    
  3767040.   42.65643590   12.8721   0.000       0.000      0.2344E-03  0.1123E-07-0.1448E-01 0.1424E-01  0.000      0.000      0.000      0.000       0.000       0.000       0.000       0.000       0.000       0.000    
  3784320.   42.65643590   12.8540   0.000       0.000      0.2329E-03  0.1091E-07-0.1441E-01 0.1418E-01  0.000      0.000      0.000      0.000       0.000       0.000       0.000       0.000       0.000       0.000    
  3801600.   42.65643590   12.8365   0.000       0.000      0.2315E-03  0.1060E-07-0.1435E-01 0.1412E-01  0.000      0.000      0.000      0.000       0.000       0.000       0.000       0.000       0.000       0.000    
  3818880.   42.65643590   12.8469   0.000       0.000      0.2323E-03 -0.6698E-08-0.1439E-01 0.1416E-01  0.000      0.000      0.000      0.000       0.000       0.000       0.000       0.000       0.000       0.000    
  3836160.   42.65643590   12.8564   0.000       0.000      0.2331E-03 -0.4715E-08-0.1441E-01 0.1418E-01  0.000      0.000      0.000      0.000       0.000       0.000       0.000       0.000       0.000       0.000    
  3853440.   42.65643590   12.8652   0.000       0.000      0.2338E-03 -0.4475E-08-0.1444E-01 0.1421E-01  0.000      0.000      0.000      0.000       0.000       0.000       0.000       0.000       0.000       0.000    
  3870720.   42.65643590   12.8733   0.000       0.000      0.2345E-03 -0.4301E-08-0.1446E-01 0.1423E-01  0.000      0.000      0.000      0.000       0.000       0.000       0.000       0.000       0.000       0.000    
  3888000.   42.65643590   12.8810   0.000       0.000      0.2351E-03 -0.4152E-08-0.1449E-01 0.1425E-01  0.000      0.000      0.000      0.000       0.000       0.000       0.000       0.000       0.000       0.000    
  3905280.   42.65643590   12.9180   0.000       0.000      0.2381E-03 -0.2289E-07-0.1461E-01 0.1438E-01  0.000      0.000      0.000      0.000       0.000       0.000       0.000       0.000       0.000       0.000    
  3922560.   42.65643590   12.9529   0.000       0.000      0.2410E-03 -0.2048E-07-0.1473E-01 0.1449E-01  0.000      0.000      0.000      0.000       0.000       0.000       0.000       0.000       0.000       0.000    
  3939840.   42.65643590   12.9861   0.000       0.000      0.2437E-03 -0.2000E-07-0.1484E-01 0.1460E-01  0.000      0.000      0.000      0.000       0.000       0.000       0.000       0.000       0.000       0.000    
  3957120.   42.65643590   13.0178   0.000       0.000      0.2463E-03 -0.1959E-07-0.1495E-01 0.1471E-01  0.000      0.000      0.000      0.000       0.000       0.000       0.000       0.000       0.000       0.000    
  3974400.   42.65643590   13.0481   0.000       0.000      0.2488E-03 -0.1922E-07-0.1506E-01 0.1481E-01  0.000      0.000      0.000      0.000       0.000       0.000       0.000       0.000       0.000       0.000    
  3991680.   42.65643590   13.0835   0.000       0.000      0.2516E-03 -0.2303E-07-0.1519E-01 0.1494E-01  0.000      0.000      0.000      0.000       0.000       0.000       0.000       0.000       0.000       0.000    
  4008960.   42.65643590   13.1174   0.000       0.000      0.2544E-03 -0.2223E-07-0.1531E-01 0.1506E-01  0.000      0.000      0.000      0.000       0.000       0.000       0.000       0.000       0.000       0.000    
  4026240.   42.65643590   13.1500   0.000       0.000      0.2571E-03 -0.2185E-07-0.1543E-01 0.1517E-01  0.000      0.000      0.000      0.000       0.000       0.000       0.000       0.000       0.000       0.000    
  4043520.   42.65643590   13.1814   0.000       0.000      0.2596E-03 -0.2150E-07-0.1555E-01 0.1529E-01  0.000      0.000      0.000      0.000       0.000       0.000       0.000       0.000       0.000       0.000    
  4060800.   42.65643590   13.2117   0.000       0.000      0.2621E-03 -0.2117E-07-0.1566E-01 0.1540E-01  0.000      0.000      0.000      0.000       0.000       0.000       0.000       0.000       0.000       0.000    
  4078080.   42.65643590   13.1782   0.000       0.000      0.2594E-03  0.2206E-07-0.1556E-01 0.1530E-01  0.000      0.000      0.000      0.000       0.000       0.000       0.000       0.000       0.000       0.000    
  4095360.   42.65643590   13.1471   0.000       0.000      0.2568E-03  0.1687E-07-0.1547E-01 0.1521E-01  0.000      0.000      0.000      0.000       0.000       0.000       0.000       0.000       0.000       0.000    
  4112640.   42.65643590   13.1180   0.000       0.000      0.2545E-03  0.1602E-07-0.1539E-01 0.1513E-01  0.000      0.000      0.000      0.000       0.000       0.000       0.000       0.000       0.000       0.000    
  4129920.   42.65643590   13.0907   0.000       0.000      0.2522E-03  0.1536E-07-0.1531E-01 0.1505E-01  0.000      0.000      0.000      0.000       0.000       0.000       0.000       0.000       0.000       0.000    
  4147200.   42.65643590   13.0648   0.000       0.000      0.2501E-03  0.1477E-07-0.1523E-01 0.1498E-01  0.000      0.000      0.000      0.000       0.000       0.000       0.000       0.000       0.000       0.000    
  4164480.   42.65643590   13.0170   0.000       0.000      0.2462E-03  0.2953E-07-0.1507E-01 0.1482E-01  0.000      0.000      0.000      0.000       0.000       0.000       0.000       0.000       0.000       0.000    
  4181760.   42.65643590   12.9716   0.000       0.000      0.2425E-03  0.2683E-07-0.1492E-01 0.1468E-01  0.000      0.000      0.000      0.000       0.000       0.000       0.000       0.000       0.000       0.000    
  4199040.   42.65643590   12.9283   0.000       0.000      0.2390E-03  0.2574E-07-0.1478E-01 0.1454E-01  0.000      0.000      0.000      0.000       0.000       0.000       0.000       0.000       0.000       0.000    
  4216320.   42.65643590   12.8869   0.000       0.000      0.2356E-03  0.2477E-07-0.1464E-01 0.1440E-01  0.000      0.000      0.000      0.000       0.000       0.000       0.000       0.000       0.000       0.000    
  4233600.   42.65643590   12.8473   0.000       0.000      0.2324E-03  0.2388E-07-0.1450E-01 0.1427E-01  0.000      0.000      0.000      0.000       0.000       0.000       0.000       0.000       0.000       0.000    
  4250880.   42.65643590   12.8045   0.000       0.000      0.2289E-03  0.2604E-07-0.1435E-01 0.1412E-01  0.000      0.000      0.000      0.000       0.000       0.000       0.000       0.000       0.000       0.000    
  4268160.   42.65643590   12.7633   0.000       0.000      0.2255E-03  0.2480E-07-0.1420E-01 0.1398E-01  0.000      0.000      0.000      0.000       0.000       0.000       0.000       0.000       0.000       0.000    
  4285440.   42.65643590   12.7238   0.000       0.000      0.2223E-03  0.2391E-07-0.1406E-01 0.1383E-01  0.000      0.000      0.000      0.000       0.000       0.000       0.000       0.000       0.000       0.000    
  4302720.   42.65643590   12.6857   0.000       0.000      0.2192E-03  0.2309E-07-0.1392E-01 0.1370E-01  0.000      0.000      0.000      0.000       0.000       0.000       0.000       0.000       0.000       0.000    
  4320000.   42.65643590   12.6490   0.000       0.000      0.2162E-03  0.2231E-07-0.1378E-01 0.1356E-01  0.000      0.000      0.000      0.000       0.000       0.000       0.000       0.000       0.000       0.000    
  4337280.   42.65643590   12.6090   0.000       0.000      0.2129E-03  0.2431E-07-0.1363E-01 0.1341E-01  0.000      0.000      0.000      0.000       0.000       0.000       0.000       0.000       0.000       0.000    
  4354560.   42.65643590   12.5703   0.000       0.000      0.2098E-03  0.2318E-07-0.1348E-01 0.1327E-01  0.000      0.000      0.000      0.000       0.000       0.000       0.000       0.000       0.000       0.000    
  4371840.   42.65643590   12.5331   0.000       0.000      0.2067E-03  0.2239E-07-0.1334E-01 0.1313E-01  0.000      0.000      0.000      0.000       0.000       0.000       0.000       0.000       0.000       0.000    
  4389120.   42.65643590   12.4971   0.000       0.000      0.2038E-03  0.2164E-07-0.1319E-01 0.1299E-01  0.000      0.000      0.000      0.000       0.000       0.000       0.000       0.000       0.000       0.000    
  4406400.   42.65643590   12.4622   0.000       0.000      0.2010E-03  0.2092E-07-0.1306E-01 0.1286E-01  0.000      0.000      0.000      0.000       0.000       0.000       0.000       0.000       0.000       0.000    
