TOTIM (T)      HCON          HMAT      QDIR      QWELL        QMAT       QCADS      QTUB1      QTUB2      QTUB3      QTUB4      QTUB5      QTUB6       NSTOR        QFIX        QLH     FHLQ (LQ)        CAUCHY   CAUCHY (LQ)
    86400.   42.65643590   13.3761   0.000       0.000      0.2756E-03   0.000    -0.3078E-02 0.2802E-02  0.000      0.000      0.000      0.000       0.000       0.000       0.000       0.000       0.000       0.000    
   103680.   42.65643590   13.3019   0.000       0.000      0.2696E-03  0.1459E-06-0.2340E-02 0.2070E-02  0.000      0.000      0.000      0.000       0.000       0.000       0.000       0.000       0.000       0.000    
   120960.   42.65643590   13.2322   0.000       0.000      0.2639E-03  0.2293E-07-0.2300E-02 0.2036E-02  0.000      0.000      0.000      0.000       0.000       0.000       0.000       0.000       0.000       0.000    
   138240.   42.65643590   13.1656   0.000       0.000      0.2585E-03  0.2122E-07-0.2260E-02 0.2001E-02  0.000      0.000      0.000      0.000       0.000       0.000       0.000       0.000       0.000       0.000    
   155520.   42.65643590   13.1014   0.000       0.000      0.2532E-03  0.2021E-07-0.2220E-02 0.1967E-02  0.000      0.000      0.000      0.000       0.000       0.000       0.000       0.000       0.000       0.000    
   172800.   42.65643590   13.0391   0.000       0.000      0.2481E-03  0.1927E-07-0.2180E-02 0.1932E-02  0.000      0.000      0.000      0.000       0.000       0.000       0.000       0.000       0.000       0.000    
   190080.   42.65643590   13.0039   0.000       0.000      0.2453E-03  0.9305E-08-0.2166E-02 0.1921E-02  0.000      0.000      0.000      0.000       0.000       0.000       0.000       0.000       0.000       0.000    
   207360.   42.65643590   12.9693   0.000       0.000      0.2424E-03  0.1042E-07-0.2143E-02 0.1901E-02  0.000      0.000      0.000      0.000       0.000       0.000       0.000       0.000       0.000       0.000    
   224640.   42.65643590   12.9353   0.000       0.000      0.2397E-03  0.1010E-07-0.2121E-02 0.1881E-02  0.000      0.000      0.000      0.000       0.000       0.000       0.000       0.000       0.000       0.000    
   241920.   42.65643590   12.9021   0.000       0.000      0.2370E-03  0.9769E-08-0.2099E-02 0.1862E-02  0.000      0.000      0.000      0.000       0.000       0.000       0.000       0.000       0.000       0.000    
   259200.   42.65643590   12.8696   0.000       0.000      0.2343E-03  0.9448E-08-0.2077E-02 0.1842E-02  0.000      0.000      0.000      0.000       0.000       0.000       0.000       0.000       0.000       0.000    
   276480.   42.65643590   12.8447   0.000       0.000      0.2323E-03  0.6798E-08-0.2062E-02 0.1830E-02  0.000      0.000      0.000      0.000       0.000       0.000       0.000       0.000       0.000       0.000    
   293760.   42.65643590   12.8202   0.000       0.000      0.2303E-03  0.6979E-08-0.2045E-02 0.1815E-02  0.000      0.000      0.000      0.000       0.000       0.000       0.000       0.000       0.000       0.000    
   311040.   42.65643590   12.7963   0.000       0.000      0.2283E-03  0.6792E-08-0.2029E-02 0.1800E-02  0.000      0.000      0.000      0.000       0.000       0.000       0.000       0.000       0.000       0.000    
   328320.   42.65643590   12.7728   0.000       0.000      0.2264E-03  0.6604E-08-0.2012E-02 0.1786E-02  0.000      0.000      0.000      0.000       0.000       0.000       0.000       0.000       0.000       0.000    
   345600.   42.65643590   12.7498   0.000       0.000      0.2245E-03  0.6420E-08-0.1996E-02 0.1772E-02  0.000      0.000      0.000      0.000       0.000       0.000       0.000       0.000       0.000       0.000    
   362880.   42.65643590   12.7593   0.000       0.000      0.2253E-03 -0.4340E-08-0.2012E-02 0.1787E-02  0.000      0.000      0.000      0.000       0.000       0.000       0.000       0.000       0.000       0.000    
   380160.   42.65643590   12.7680   0.000       0.000      0.2260E-03 -0.2472E-08-0.2017E-02 0.1791E-02  0.000      0.000      0.000      0.000       0.000       0.000       0.000       0.000       0.000       0.000    
   397440.   42.65643590   12.7763   0.000       0.000      0.2267E-03 -0.2303E-08-0.2021E-02 0.1795E-02  0.000      0.000      0.000      0.000       0.000       0.000       0.000       0.000       0.000       0.000    
   414720.   42.65643590   12.7843   0.000       0.000      0.2273E-03 -0.2172E-08-0.2026E-02 0.1799E-02  0.000      0.000      0.000      0.000       0.000       0.000       0.000       0.000       0.000       0.000    
   432000.   42.65643590   12.7919   0.000       0.000      0.2280E-03 -0.2060E-08-0.2030E-02 0.1802E-02  0.000      0.000      0.000      0.000       0.000       0.000       0.000       0.000       0.000       0.000    
   449280.   42.65643590   12.8236   0.000       0.000      0.2305E-03 -0.1021E-07-0.2058E-02 0.1828E-02  0.000      0.000      0.000      0.000       0.000       0.000       0.000       0.000       0.000       0.000    
   466560.   42.65643590   12.8541   0.000       0.000      0.2330E-03 -0.8653E-08-0.2078E-02 0.1845E-02  0.000      0.000      0.000      0.000       0.000       0.000       0.000       0.000       0.000       0.000    
   483840.   42.65643590   12.8837   0.000       0.000      0.2355E-03 -0.8414E-08-0.2097E-02 0.1862E-02  0.000      0.000      0.000      0.000       0.000       0.000       0.000       0.000       0.000       0.000    
   501120.   42.65643590   12.9124   0.000       0.000      0.2378E-03 -0.8208E-08-0.2116E-02 0.1878E-02  0.000      0.000      0.000      0.000       0.000       0.000       0.000       0.000       0.000       0.000    
   518400.   42.65643590   12.9404   0.000       0.000      0.2401E-03 -0.8017E-08-0.2134E-02 0.1894E-02  0.000      0.000      0.000      0.000       0.000       0.000       0.000       0.000       0.000       0.000    
   535680.   42.65643590   12.9487   0.000       0.000      0.2408E-03 -0.1147E-08-0.2133E-02 0.1893E-02  0.000      0.000      0.000      0.000       0.000       0.000       0.000       0.000       0.000       0.000    
   552960.   42.65643590   12.9571   0.000       0.000      0.2414E-03 -0.2173E-08-0.2139E-02 0.1898E-02  0.000      0.000      0.000      0.000       0.000       0.000       0.000       0.000       0.000       0.000    
   570240.   42.65643590   12.9653   0.000       0.000      0.2421E-03 -0.2145E-08-0.2144E-02 0.1902E-02  0.000      0.000      0.000      0.000       0.000       0.000       0.000       0.000       0.000       0.000    
   587520.   42.65643590   12.9733   0.000       0.000      0.2428E-03 -0.2103E-08-0.2150E-02 0.1907E-02  0.000      0.000      0.000      0.000       0.000       0.000       0.000       0.000       0.000       0.000    
   604800.   42.65643590   12.9810   0.000       0.000      0.2434E-03 -0.2057E-08-0.2155E-02 0.1911E-02  0.000      0.000      0.000      0.000       0.000       0.000       0.000       0.000       0.000       0.000    
   622080.   42.65643590   12.9953   0.000       0.000      0.2446E-03 -0.4400E-08-0.2166E-02 0.1922E-02  0.000      0.000      0.000      0.000       0.000       0.000       0.000       0.000       0.000       0.000    
   639360.   42.65643590   13.0091   0.000       0.000      0.2457E-03 -0.3917E-08-0.2175E-02 0.1930E-02  0.000      0.000      0.000      0.000       0.000       0.000       0.000       0.000       0.000       0.000    
   656640.   42.65643590   13.0224   0.000       0.000      0.2468E-03 -0.3814E-08-0.2184E-02 0.1938E-02  0.000      0.000      0.000      0.000       0.000       0.000       0.000       0.000       0.000       0.000    
   673920.   42.65643590   13.0354   0.000       0.000      0.2478E-03 -0.3720E-08-0.2193E-02 0.1945E-02  0.000      0.000      0.000      0.000       0.000       0.000       0.000       0.000       0.000       0.000    
   691200.   42.65643590   13.0481   0.000       0.000      0.2489E-03 -0.3631E-08-0.2201E-02 0.1953E-02  0.000      0.000      0.000      0.000       0.000       0.000       0.000       0.000       0.000       0.000    
   708480.   42.65643590   13.1258   0.000       0.000      0.2552E-03 -0.2779E-07-0.2273E-02 0.2018E-02  0.000      0.000      0.000      0.000       0.000       0.000       0.000       0.000       0.000       0.000    
   725760.   42.65643590   13.2008   0.000       0.000      0.2613E-03 -0.2373E-07-0.2323E-02 0.2062E-02  0.000      0.000      0.000      0.000       0.000       0.000       0.000       0.000       0.000       0.000    
   743040.   42.65643590   13.2736   0.000       0.000      0.2673E-03 -0.2346E-07-0.2371E-02 0.2104E-02  0.000      0.000      0.000      0.000       0.000       0.000       0.000       0.000       0.000       0.000    
   760320.   42.65643590   13.3445   0.000       0.000      0.2731E-03 -0.2324E-07-0.2418E-02 0.2145E-02  0.000      0.000      0.000      0.000       0.000       0.000       0.000       0.000       0.000       0.000    
   777600.   42.65643590   13.4136   0.000       0.000      0.2787E-03 -0.2304E-07-0.2465E-02 0.2186E-02  0.000      0.000      0.000      0.000       0.000       0.000       0.000       0.000       0.000       0.000    
   794880.   42.65643590   13.5393   0.000       0.000      0.2890E-03 -0.4731E-07-0.2567E-02 0.2278E-02  0.000      0.000      0.000      0.000       0.000       0.000       0.000       0.000       0.000       0.000    
   812160.   42.65643590   13.6614   0.000       0.000      0.2989E-03 -0.4368E-07-0.2648E-02 0.2349E-02  0.000      0.000      0.000      0.000       0.000       0.000       0.000       0.000       0.000       0.000    
   829440.   42.65643590   13.7802   0.000       0.000      0.3086E-03 -0.4374E-07-0.2728E-02 0.2419E-02  0.000      0.000      0.000      0.000       0.000       0.000       0.000       0.000       0.000       0.000    
   846720.   42.65643590   13.8960   0.000       0.000      0.3181E-03 -0.4383E-07-0.2806E-02 0.2488E-02  0.000      0.000      0.000      0.000       0.000       0.000       0.000       0.000       0.000       0.000    
   864000.   42.65643590   14.0090   0.000       0.000      0.3273E-03 -0.4389E-07-0.2882E-02 0.2554E-02  0.000      0.000      0.000      0.000       0.000       0.000       0.000       0.000       0.000       0.000    
   881280.   42.65643590   14.0674   0.000       0.000      0.3321E-03 -0.1889E-07-0.2906E-02 0.2574E-02  0.000      0.000      0.000      0.000       0.000       0.000       0.000       0.000       0.000       0.000    
   898560.   42.65643590   14.1250   0.000       0.000      0.3368E-03 -0.2265E-07-0.2946E-02 0.2609E-02  0.000      0.000      0.000      0.000       0.000       0.000       0.000       0.000       0.000       0.000    
   915840.   42.65643590   14.1814   0.000       0.000      0.3414E-03 -0.2258E-07-0.2985E-02 0.2644E-02  0.000      0.000      0.000      0.000       0.000       0.000       0.000       0.000       0.000       0.000    
   933120.   42.65643590   14.2366   0.000       0.000      0.3459E-03 -0.2245E-07-0.3024E-02 0.2678E-02  0.000      0.000      0.000      0.000       0.000       0.000       0.000       0.000       0.000       0.000    
   950400.   42.65643590   14.2906   0.000       0.000      0.3503E-03 -0.2228E-07-0.3061E-02 0.2711E-02  0.000      0.000      0.000      0.000       0.000       0.000       0.000       0.000       0.000       0.000    
   967680.   42.65643590   14.4120   0.000       0.000      0.3602E-03 -0.5745E-07-0.3165E-02 0.2805E-02  0.000      0.000      0.000      0.000       0.000       0.000       0.000       0.000       0.000       0.000    
   984960.   42.65643590   14.5298   0.000       0.000      0.3698E-03 -0.5197E-07-0.3244E-02 0.2875E-02  0.000      0.000      0.000      0.000       0.000       0.000       0.000       0.000       0.000       0.000    
  1002240.   42.65643590   14.6446   0.000       0.000      0.3792E-03 -0.5181E-07-0.3322E-02 0.2943E-02  0.000      0.000      0.000      0.000       0.000       0.000       0.000       0.000       0.000       0.000    
  1019520.   42.65643590   14.7565   0.000       0.000      0.3883E-03 -0.5170E-07-0.3398E-02 0.3010E-02  0.000      0.000      0.000      0.000       0.000       0.000       0.000       0.000       0.000       0.000    
  1036800.   42.65643590   14.8657   0.000       0.000      0.3972E-03 -0.5159E-07-0.3472E-02 0.3075E-02  0.000      0.000      0.000      0.000       0.000       0.000       0.000       0.000       0.000       0.000    
  1054080.   42.65643590   15.0715   0.000       0.000      0.4140E-03 -0.1098E-06-0.3641E-02 0.3227E-02  0.000      0.000      0.000      0.000       0.000       0.000       0.000       0.000       0.000       0.000    
  1071360.   42.65643590   15.2714   0.000       0.000      0.4303E-03 -0.1021E-06-0.3776E-02 0.3345E-02  0.000      0.000      0.000      0.000       0.000       0.000       0.000       0.000       0.000       0.000    
  1088640.   42.65643590   15.4662   0.000       0.000      0.4462E-03 -0.1030E-06-0.3907E-02 0.3461E-02  0.000      0.000      0.000      0.000       0.000       0.000       0.000       0.000       0.000       0.000    
  1105920.   42.65643590   15.6562   0.000       0.000      0.4617E-03 -0.1039E-06-0.4035E-02 0.3574E-02  0.000      0.000      0.000      0.000       0.000       0.000       0.000       0.000       0.000       0.000    
  1123200.   42.65643590   15.8416   0.000       0.000      0.4768E-03 -0.1046E-06-0.4161E-02 0.3684E-02  0.000      0.000      0.000      0.000       0.000       0.000       0.000       0.000       0.000       0.000    
  1140480.   42.65643590   15.8418   0.000       0.000      0.4769E-03  0.1921E-07-0.4108E-02 0.3632E-02  0.000      0.000      0.000      0.000       0.000       0.000       0.000       0.000       0.000       0.000    
  1157760.   42.65643590   15.8437   0.000       0.000      0.4770E-03 -0.2742E-09-0.4114E-02 0.3637E-02  0.000      0.000      0.000      0.000       0.000       0.000       0.000       0.000       0.000       0.000    
  1175040.   42.65643590   15.8463   0.000       0.000      0.4772E-03 -0.1249E-08-0.4119E-02 0.3642E-02  0.000      0.000      0.000      0.000       0.000       0.000       0.000       0.000       0.000       0.000    
  1192320.   42.65643590   15.8494   0.000       0.000      0.4775E-03 -0.1834E-08-0.4125E-02 0.3647E-02  0.000      0.000      0.000      0.000       0.000       0.000       0.000       0.000       0.000       0.000    
  1209600.   42.65643590   15.8528   0.000       0.000      0.4778E-03 -0.2287E-08-0.4130E-02 0.3652E-02  0.000      0.000      0.000      0.000       0.000       0.000       0.000       0.000       0.000       0.000    
  1226880.   42.65643590   15.7898   0.000       0.000      0.4726E-03  0.4224E-07-0.4070E-02 0.3598E-02  0.000      0.000      0.000      0.000       0.000       0.000       0.000       0.000       0.000       0.000    
  1244160.   42.65643590   15.7291   0.000       0.000      0.4677E-03  0.3356E-07-0.4033E-02 0.3565E-02  0.000      0.000      0.000      0.000       0.000       0.000       0.000       0.000       0.000       0.000    
  1261440.   42.65643590   15.6705   0.000       0.000      0.4629E-03  0.3179E-07-0.3997E-02 0.3534E-02  0.000      0.000      0.000      0.000       0.000       0.000       0.000       0.000       0.000       0.000    
  1278720.   42.65643590   15.6137   0.000       0.000      0.4582E-03  0.3026E-07-0.3961E-02 0.3503E-02  0.000      0.000      0.000      0.000       0.000       0.000       0.000       0.000       0.000       0.000    
  1296000.   42.65643590   15.5586   0.000       0.000      0.4538E-03  0.2888E-07-0.3926E-02 0.3473E-02  0.000      0.000      0.000      0.000       0.000       0.000       0.000       0.000       0.000       0.000    
  1313280.   42.65643590   15.4841   0.000       0.000      0.4477E-03  0.4107E-07-0.3872E-02 0.3424E-02  0.000      0.000      0.000      0.000       0.000       0.000       0.000       0.000       0.000       0.000    
  1330560.   42.65643590   15.4118   0.000       0.000      0.4418E-03  0.3722E-07-0.3826E-02 0.3384E-02  0.000      0.000      0.000      0.000       0.000       0.000       0.000       0.000       0.000       0.000    
  1347840.   42.65643590   15.3417   0.000       0.000      0.4361E-03  0.3554E-07-0.3780E-02 0.3344E-02  0.000      0.000      0.000      0.000       0.000       0.000       0.000       0.000       0.000       0.000    
  1365120.   42.65643590   15.2736   0.000       0.000      0.4305E-03  0.3401E-07-0.3736E-02 0.3306E-02  0.000      0.000      0.000      0.000       0.000       0.000       0.000       0.000       0.000       0.000    
  1382400.   42.65643590   15.2074   0.000       0.000      0.4251E-03  0.3257E-07-0.3693E-02 0.3268E-02  0.000      0.000      0.000      0.000       0.000       0.000       0.000       0.000       0.000       0.000    
  1399680.   42.65643590   15.1297   0.000       0.000      0.4188E-03  0.3926E-07-0.3638E-02 0.3219E-02  0.000      0.000      0.000      0.000       0.000       0.000       0.000       0.000       0.000       0.000    
  1416960.   42.65643590   15.0542   0.000       0.000      0.4126E-03  0.3637E-07-0.3588E-02 0.3176E-02  0.000      0.000      0.000      0.000       0.000       0.000       0.000       0.000       0.000       0.000    
  1434240.   42.65643590   14.9808   0.000       0.000      0.4066E-03  0.3482E-07-0.3540E-02 0.3133E-02  0.000      0.000      0.000      0.000       0.000       0.000       0.000       0.000       0.000       0.000    
  1451520.   42.65643590   14.9095   0.000       0.000      0.4008E-03  0.3337E-07-0.3493E-02 0.3092E-02  0.000      0.000      0.000      0.000       0.000       0.000       0.000       0.000       0.000       0.000    
  1468800.   42.65643590   14.8402   0.000       0.000      0.3951E-03  0.3201E-07-0.3447E-02 0.3052E-02  0.000      0.000      0.000      0.000       0.000       0.000       0.000       0.000       0.000       0.000    
  1486080.   42.65643590   14.7623   0.000       0.000      0.3888E-03  0.3655E-07-0.3392E-02 0.3003E-02  0.000      0.000      0.000      0.000       0.000       0.000       0.000       0.000       0.000       0.000    
  1503360.   42.65643590   14.6866   0.000       0.000      0.3826E-03  0.3414E-07-0.3341E-02 0.2959E-02  0.000      0.000      0.000      0.000       0.000       0.000       0.000       0.000       0.000       0.000    
  1520640.   42.65643590   14.6129   0.000       0.000      0.3766E-03  0.3271E-07-0.3292E-02 0.2916E-02  0.000      0.000      0.000      0.000       0.000       0.000       0.000       0.000       0.000       0.000    
  1537920.   42.65643590   14.5413   0.000       0.000      0.3707E-03  0.3138E-07-0.3244E-02 0.2873E-02  0.000      0.000      0.000      0.000       0.000       0.000       0.000       0.000       0.000       0.000    
  1555200.   42.65643590   14.4715   0.000       0.000      0.3650E-03  0.3012E-07-0.3197E-02 0.2832E-02  0.000      0.000      0.000      0.000       0.000       0.000       0.000       0.000       0.000       0.000    
  1572480.   42.65643590   14.3966   0.000       0.000      0.3589E-03  0.3254E-07-0.3145E-02 0.2786E-02  0.000      0.000      0.000      0.000       0.000       0.000       0.000       0.000       0.000       0.000    
  1589760.   42.65643590   14.3237   0.000       0.000      0.3530E-03  0.3066E-07-0.3096E-02 0.2743E-02  0.000      0.000      0.000      0.000       0.000       0.000       0.000       0.000       0.000       0.000    
  1607040.   42.65643590   14.2527   0.000       0.000      0.3472E-03  0.2940E-07-0.3048E-02 0.2701E-02  0.000      0.000      0.000      0.000       0.000       0.000       0.000       0.000       0.000       0.000    
  1624320.   42.65643590   14.1835   0.000       0.000      0.3415E-03  0.2823E-07-0.3001E-02 0.2660E-02  0.000      0.000      0.000      0.000       0.000       0.000       0.000       0.000       0.000       0.000    
  1641600.   42.65643590   14.1161   0.000       0.000      0.3360E-03  0.2711E-07-0.2955E-02 0.2619E-02  0.000      0.000      0.000      0.000       0.000       0.000       0.000       0.000       0.000       0.000    
  1658880.   42.65643590   14.0488   0.000       0.000      0.3305E-03  0.2688E-07-0.2909E-02 0.2579E-02  0.000      0.000      0.000      0.000       0.000       0.000       0.000       0.000       0.000       0.000    
  1676160.   42.65643590   13.9831   0.000       0.000      0.3252E-03  0.2570E-07-0.2864E-02 0.2539E-02  0.000      0.000      0.000      0.000       0.000       0.000       0.000       0.000       0.000       0.000    
  1693440.   42.65643590   13.9191   0.000       0.000      0.3200E-03  0.2470E-07-0.2821E-02 0.2501E-02  0.000      0.000      0.000      0.000       0.000       0.000       0.000       0.000       0.000       0.000    
  1710720.   42.65643590   13.8566   0.000       0.000      0.3149E-03  0.2375E-07-0.2778E-02 0.2463E-02  0.000      0.000      0.000      0.000       0.000       0.000       0.000       0.000       0.000       0.000    
  1728000.   42.65643590   13.7958   0.000       0.000      0.3099E-03  0.2285E-07-0.2737E-02 0.2427E-02  0.000      0.000      0.000      0.000       0.000       0.000       0.000       0.000       0.000       0.000    
  1745280.   42.65643590   13.7379   0.000       0.000      0.3052E-03  0.2132E-07-0.2697E-02 0.2392E-02  0.000      0.000      0.000      0.000       0.000       0.000       0.000       0.000       0.000       0.000    
  1762560.   42.65643590   13.6814   0.000       0.000      0.3006E-03  0.2064E-07-0.2659E-02 0.2358E-02  0.000      0.000      0.000      0.000       0.000       0.000       0.000       0.000       0.000       0.000    
  1779840.   42.65643590   13.6263   0.000       0.000      0.2961E-03  0.1990E-07-0.2621E-02 0.2324E-02  0.000      0.000      0.000      0.000       0.000       0.000       0.000       0.000       0.000       0.000    
  1797120.   42.65643590   13.5725   0.000       0.000      0.2917E-03  0.1918E-07-0.2583E-02 0.2292E-02  0.000      0.000      0.000      0.000       0.000       0.000       0.000       0.000       0.000       0.000    
  1814400.   42.65643590   13.5199   0.000       0.000      0.2874E-03  0.1849E-07-0.2547E-02 0.2260E-02  0.000      0.000      0.000      0.000       0.000       0.000       0.000       0.000       0.000       0.000    
  1831680.   42.65643590   13.4651   0.000       0.000      0.2829E-03  0.1932E-07-0.2508E-02 0.2225E-02  0.000      0.000      0.000      0.000       0.000       0.000       0.000       0.000       0.000       0.000    
  1848960.   42.65643590   13.4116   0.000       0.000      0.2785E-03  0.1838E-07-0.2471E-02 0.2193E-02  0.000      0.000      0.000      0.000       0.000       0.000       0.000       0.000       0.000       0.000    
  1866240.   42.65643590   13.3594   0.000       0.000      0.2743E-03  0.1770E-07-0.2435E-02 0.2161E-02  0.000      0.000      0.000      0.000       0.000       0.000       0.000       0.000       0.000       0.000    
  1883520.   42.65643590   13.3084   0.000       0.000      0.2701E-03  0.1706E-07-0.2400E-02 0.2130E-02  0.000      0.000      0.000      0.000       0.000       0.000       0.000       0.000       0.000       0.000    
  1900800.   42.65643590   13.2586   0.000       0.000      0.2661E-03  0.1645E-07-0.2365E-02 0.2099E-02  0.000      0.000      0.000      0.000       0.000       0.000       0.000       0.000       0.000       0.000    
  1918080.   42.65643590   13.2073   0.000       0.000      0.2619E-03  0.1685E-07-0.2329E-02 0.2067E-02  0.000      0.000      0.000      0.000       0.000       0.000       0.000       0.000       0.000       0.000    
  1935360.   42.65643590   13.1573   0.000       0.000      0.2578E-03  0.1608E-07-0.2294E-02 0.2036E-02  0.000      0.000      0.000      0.000       0.000       0.000       0.000       0.000       0.000       0.000    
  1952640.   42.65643590   13.1085   0.000       0.000      0.2538E-03  0.1550E-07-0.2260E-02 0.2006E-02  0.000      0.000      0.000      0.000       0.000       0.000       0.000       0.000       0.000       0.000    
  1969920.   42.65643590   13.0608   0.000       0.000      0.2499E-03  0.1494E-07-0.2227E-02 0.1977E-02  0.000      0.000      0.000      0.000       0.000       0.000       0.000       0.000       0.000       0.000    
  1987200.   42.65643590   13.0141   0.000       0.000      0.2461E-03  0.1441E-07-0.2195E-02 0.1948E-02  0.000      0.000      0.000      0.000       0.000       0.000       0.000       0.000       0.000       0.000    
  2004480.   42.65643590   12.9698   0.000       0.000      0.2425E-03  0.1347E-07-0.2164E-02 0.1921E-02  0.000      0.000      0.000      0.000       0.000       0.000       0.000       0.000       0.000       0.000    
  2021760.   42.65643590   12.9264   0.000       0.000      0.2389E-03  0.1308E-07-0.2133E-02 0.1894E-02  0.000      0.000      0.000      0.000       0.000       0.000       0.000       0.000       0.000       0.000    
  2039040.   42.65643590   12.8839   0.000       0.000      0.2355E-03  0.1263E-07-0.2104E-02 0.1868E-02  0.000      0.000      0.000      0.000       0.000       0.000       0.000       0.000       0.000       0.000    
  2056320.   42.65643590   12.8424   0.000       0.000      0.2321E-03  0.1220E-07-0.2075E-02 0.1842E-02  0.000      0.000      0.000      0.000       0.000       0.000       0.000       0.000       0.000       0.000    
  2073600.   42.65643590   12.8018   0.000       0.000      0.2288E-03  0.1179E-07-0.2046E-02 0.1817E-02  0.000      0.000      0.000      0.000       0.000       0.000       0.000       0.000       0.000       0.000    
  2090880.   42.65643590   12.7593   0.000       0.000      0.2253E-03  0.1232E-07-0.2015E-02 0.1790E-02  0.000      0.000      0.000      0.000       0.000       0.000       0.000       0.000       0.000       0.000    
  2108160.   42.65643590   12.7178   0.000       0.000      0.2219E-03  0.1174E-07-0.1986E-02 0.1764E-02  0.000      0.000      0.000      0.000       0.000       0.000       0.000       0.000       0.000       0.000    
  2125440.   42.65643590   12.6772   0.000       0.000      0.2186E-03  0.1133E-07-0.1958E-02 0.1739E-02  0.000      0.000      0.000      0.000       0.000       0.000       0.000       0.000       0.000       0.000    
  2142720.   42.65643590   12.6376   0.000       0.000      0.2154E-03  0.1094E-07-0.1930E-02 0.1714E-02  0.000      0.000      0.000      0.000       0.000       0.000       0.000       0.000       0.000       0.000    
  2160000.   42.65643590   12.5987   0.000       0.000      0.2122E-03  0.1057E-07-0.1902E-02 0.1690E-02  0.000      0.000      0.000      0.000       0.000       0.000       0.000       0.000       0.000       0.000    
  2177280.   42.65643590   12.5588   0.000       0.000      0.2089E-03  0.1081E-07-0.1874E-02 0.1665E-02  0.000      0.000      0.000      0.000       0.000       0.000       0.000       0.000       0.000       0.000    
  2194560.   42.65643590   12.5197   0.000       0.000      0.2057E-03  0.1034E-07-0.1846E-02 0.1640E-02  0.000      0.000      0.000      0.000       0.000       0.000       0.000       0.000       0.000       0.000    
  2211840.   42.65643590   12.4815   0.000       0.000      0.2026E-03  0.9980E-08-0.1819E-02 0.1617E-02  0.000      0.000      0.000      0.000       0.000       0.000       0.000       0.000       0.000       0.000    
  2229120.   42.65643590   12.4442   0.000       0.000      0.1996E-03  0.9635E-08-0.1793E-02 0.1593E-02  0.000      0.000      0.000      0.000       0.000       0.000       0.000       0.000       0.000       0.000    
  2246400.   42.65643590   12.4076   0.000       0.000      0.1966E-03  0.9306E-08-0.1767E-02 0.1570E-02  0.000      0.000      0.000      0.000       0.000       0.000       0.000       0.000       0.000       0.000    
  2263680.   42.65643590   12.3698   0.000       0.000      0.1935E-03  0.9562E-08-0.1740E-02 0.1546E-02  0.000      0.000      0.000      0.000       0.000       0.000       0.000       0.000       0.000       0.000    
  2280960.   42.65643590   12.3329   0.000       0.000      0.1905E-03  0.9135E-08-0.1714E-02 0.1523E-02  0.000      0.000      0.000      0.000       0.000       0.000       0.000       0.000       0.000       0.000    
  2298240.   42.65643590   12.2967   0.000       0.000      0.1875E-03  0.8815E-08-0.1688E-02 0.1500E-02  0.000      0.000      0.000      0.000       0.000       0.000       0.000       0.000       0.000       0.000    
  2315520.   42.65643590   12.2613   0.000       0.000      0.1846E-03  0.8510E-08-0.1663E-02 0.1478E-02  0.000      0.000      0.000      0.000       0.000       0.000       0.000       0.000       0.000       0.000    
  2332800.   42.65643590   12.2267   0.000       0.000      0.1818E-03  0.8218E-08-0.1638E-02 0.1456E-02  0.000      0.000      0.000      0.000       0.000       0.000       0.000       0.000       0.000       0.000    
  2350080.   42.65643590   12.1915   0.000       0.000      0.1789E-03  0.8287E-08-0.1613E-02 0.1434E-02  0.000      0.000      0.000      0.000       0.000       0.000       0.000       0.000       0.000       0.000    
  2367360.   42.65643590   12.1570   0.000       0.000      0.1761E-03  0.7942E-08-0.1588E-02 0.1412E-02  0.000      0.000      0.000      0.000       0.000       0.000       0.000       0.000       0.000       0.000    
  2384640.   42.65643590   12.1233   0.000       0.000      0.1734E-03  0.7666E-08-0.1565E-02 0.1391E-02  0.000      0.000      0.000      0.000       0.000       0.000       0.000       0.000       0.000       0.000    
  2401920.   42.65643590   12.0903   0.000       0.000      0.1707E-03  0.7402E-08-0.1541E-02 0.1370E-02  0.000      0.000      0.000      0.000       0.000       0.000       0.000       0.000       0.000       0.000    
  2419200.   42.65643590   12.0579   0.000       0.000      0.1680E-03  0.7150E-08-0.1518E-02 0.1350E-02  0.000      0.000      0.000      0.000       0.000       0.000       0.000       0.000       0.000       0.000    
  2436480.   42.65643590   12.0372   0.000       0.000      0.1663E-03  0.4157E-08-0.1506E-02 0.1340E-02  0.000      0.000      0.000      0.000       0.000       0.000       0.000       0.000       0.000       0.000    
  2453760.   42.65643590   12.0166   0.000       0.000      0.1647E-03  0.4510E-08-0.1491E-02 0.1326E-02  0.000      0.000      0.000      0.000       0.000       0.000       0.000       0.000       0.000       0.000    
  2471040.   42.65643590   11.9964   0.000       0.000      0.1630E-03  0.4416E-08-0.1476E-02 0.1313E-02  0.000      0.000      0.000      0.000       0.000       0.000       0.000       0.000       0.000       0.000    
  2488320.   42.65643590   11.9765   0.000       0.000      0.1614E-03  0.4315E-08-0.1461E-02 0.1300E-02  0.000      0.000      0.000      0.000       0.000       0.000       0.000       0.000       0.000       0.000    
  2505600.   42.65643590   11.9569   0.000       0.000      0.1598E-03  0.4214E-08-0.1447E-02 0.1287E-02  0.000      0.000      0.000      0.000       0.000       0.000       0.000       0.000       0.000       0.000    
  2522880.   42.65643590   11.9373   0.000       0.000      0.1582E-03  0.4210E-08-0.1432E-02 0.1274E-02  0.000      0.000      0.000      0.000       0.000       0.000       0.000       0.000       0.000       0.000    
  2540160.   42.65643590   11.9180   0.000       0.000      0.1566E-03  0.4089E-08-0.1418E-02 0.1261E-02  0.000      0.000      0.000      0.000       0.000       0.000       0.000       0.000       0.000       0.000    
  2557440.   42.65643590   11.8991   0.000       0.000      0.1551E-03  0.3987E-08-0.1404E-02 0.1249E-02  0.000      0.000      0.000      0.000       0.000       0.000       0.000       0.000       0.000       0.000    
  2574720.   42.65643590   11.8805   0.000       0.000      0.1536E-03  0.3887E-08-0.1390E-02 0.1237E-02  0.000      0.000      0.000      0.000       0.000       0.000       0.000       0.000       0.000       0.000    
  2592000.   42.65643590   11.8622   0.000       0.000      0.1521E-03  0.3789E-08-0.1377E-02 0.1225E-02  0.000      0.000      0.000      0.000       0.000       0.000       0.000       0.000       0.000       0.000    
  2609280.   42.65643590   11.8870   0.000       0.000      0.1541E-03 -0.6262E-08-0.1405E-02 0.1251E-02  0.000      0.000      0.000      0.000       0.000       0.000       0.000       0.000       0.000       0.000    
  2626560.   42.65643590   11.9105   0.000       0.000      0.1560E-03 -0.4457E-08-0.1419E-02 0.1263E-02  0.000      0.000      0.000      0.000       0.000       0.000       0.000       0.000       0.000       0.000    
  2643840.   42.65643590   11.9330   0.000       0.000      0.1578E-03 -0.4270E-08-0.1433E-02 0.1275E-02  0.000      0.000      0.000      0.000       0.000       0.000       0.000       0.000       0.000       0.000    
  2661120.   42.65643590   11.9548   0.000       0.000      0.1596E-03 -0.4118E-08-0.1446E-02 0.1287E-02  0.000      0.000      0.000      0.000       0.000       0.000       0.000       0.000       0.000       0.000    
  2678400.   42.65643590   11.9758   0.000       0.000      0.1613E-03 -0.3983E-08-0.1459E-02 0.1298E-02  0.000      0.000      0.000      0.000       0.000       0.000       0.000       0.000       0.000       0.000    
  2695680.   42.65643590   12.1140   0.000       0.000      0.1726E-03 -0.3399E-07-0.1587E-02 0.1414E-02  0.000      0.000      0.000      0.000       0.000       0.000       0.000       0.000       0.000       0.000    
  2712960.   42.65643590   12.2472   0.000       0.000      0.1835E-03 -0.2992E-07-0.1674E-02 0.1490E-02  0.000      0.000      0.000      0.000       0.000       0.000       0.000       0.000       0.000       0.000    
  2730240.   42.65643590   12.3765   0.000       0.000      0.1940E-03 -0.3046E-07-0.1759E-02 0.1565E-02  0.000      0.000      0.000      0.000       0.000       0.000       0.000       0.000       0.000       0.000    
  2747520.   42.65643590   12.5022   0.000       0.000      0.2043E-03 -0.3098E-07-0.1842E-02 0.1638E-02  0.000      0.000      0.000      0.000       0.000       0.000       0.000       0.000       0.000       0.000    
  2764800.   42.65643590   12.6246   0.000       0.000      0.2143E-03 -0.3146E-07-0.1923E-02 0.1709E-02  0.000      0.000      0.000      0.000       0.000       0.000       0.000       0.000       0.000       0.000    
  2782080.   42.65643590   12.9126   0.000       0.000      0.2378E-03 -0.9007E-07-0.2167E-02 0.1929E-02  0.000      0.000      0.000      0.000       0.000       0.000       0.000       0.000       0.000       0.000    
  2799360.   42.65643590   13.1917   0.000       0.000      0.2606E-03 -0.8623E-07-0.2352E-02 0.2092E-02  0.000      0.000      0.000      0.000       0.000       0.000       0.000       0.000       0.000       0.000    
  2816640.   42.65643590   13.4633   0.000       0.000      0.2828E-03 -0.9059E-07-0.2533E-02 0.2250E-02  0.000      0.000      0.000      0.000       0.000       0.000       0.000       0.000       0.000       0.000    
  2833920.   42.65643590   13.7281   0.000       0.000      0.3044E-03 -0.9467E-07-0.2710E-02 0.2406E-02  0.000      0.000      0.000      0.000       0.000       0.000       0.000       0.000       0.000       0.000    
  2851200.   42.65643590   13.9865   0.000       0.000      0.3255E-03 -0.9842E-07-0.2884E-02 0.2558E-02  0.000      0.000      0.000      0.000       0.000       0.000       0.000       0.000       0.000       0.000    
  2868480.   42.65643590   13.9722   0.000       0.000      0.3243E-03  0.2754E-07-0.2794E-02 0.2470E-02  0.000      0.000      0.000      0.000       0.000       0.000       0.000       0.000       0.000       0.000    
  2885760.   42.65643590   13.9610   0.000       0.000      0.3234E-03  0.6692E-08-0.2791E-02 0.2468E-02  0.000      0.000      0.000      0.000       0.000       0.000       0.000       0.000       0.000       0.000    
  2903040.   42.65643590   13.9514   0.000       0.000      0.3226E-03  0.5576E-08-0.2789E-02 0.2466E-02  0.000      0.000      0.000      0.000       0.000       0.000       0.000       0.000       0.000       0.000    
  2920320.   42.65643590   13.9427   0.000       0.000      0.3219E-03  0.4864E-08-0.2787E-02 0.2465E-02  0.000      0.000      0.000      0.000       0.000       0.000       0.000       0.000       0.000       0.000    
  2937600.   42.65643590   13.9346   0.000       0.000      0.3212E-03  0.4311E-08-0.2784E-02 0.2463E-02  0.000      0.000      0.000      0.000       0.000       0.000       0.000       0.000       0.000       0.000    
  2954880.   42.65643590   13.9443   0.000       0.000      0.3220E-03 -0.4140E-08-0.2799E-02 0.2477E-02  0.000      0.000      0.000      0.000       0.000       0.000       0.000       0.000       0.000       0.000    
  2972160.   42.65643590   13.9537   0.000       0.000      0.3228E-03 -0.3035E-08-0.2807E-02 0.2484E-02  0.000      0.000      0.000      0.000       0.000       0.000       0.000       0.000       0.000       0.000    
  2989440.   42.65643590   13.9630   0.000       0.000      0.3235E-03 -0.3137E-08-0.2815E-02 0.2492E-02  0.000      0.000      0.000      0.000       0.000       0.000       0.000       0.000       0.000       0.000    
  3006720.   42.65643590   13.9720   0.000       0.000      0.3243E-03 -0.3230E-08-0.2823E-02 0.2499E-02  0.000      0.000      0.000      0.000       0.000       0.000       0.000       0.000       0.000       0.000    
  3024000.   42.65643590   13.9809   0.000       0.000      0.3250E-03 -0.3306E-08-0.2831E-02 0.2506E-02  0.000      0.000      0.000      0.000       0.000       0.000       0.000       0.000       0.000       0.000    
  3041280.   42.65643590   14.0319   0.000       0.000      0.3292E-03 -0.2327E-07-0.2880E-02 0.2551E-02  0.000      0.000      0.000      0.000       0.000       0.000       0.000       0.000       0.000       0.000    
  3058560.   42.65643590   14.0814   0.000       0.000      0.3332E-03 -0.1990E-07-0.2914E-02 0.2581E-02  0.000      0.000      0.000      0.000       0.000       0.000       0.000       0.000       0.000       0.000    
  3075840.   42.65643590   14.1295   0.000       0.000      0.3371E-03 -0.1960E-07-0.2947E-02 0.2610E-02  0.000      0.000      0.000      0.000       0.000       0.000       0.000       0.000       0.000       0.000    
  3093120.   42.65643590   14.1764   0.000       0.000      0.3410E-03 -0.1936E-07-0.2980E-02 0.2639E-02  0.000      0.000      0.000      0.000       0.000       0.000       0.000       0.000       0.000       0.000    
  3110400.   42.65643590   14.2222   0.000       0.000      0.3447E-03 -0.1913E-07-0.3012E-02 0.2667E-02  0.000      0.000      0.000      0.000       0.000       0.000       0.000       0.000       0.000       0.000    
  3127680.   42.65643590   14.1979   0.000       0.000      0.3427E-03  0.1528E-07-0.2976E-02 0.2633E-02  0.000      0.000      0.000      0.000       0.000       0.000       0.000       0.000       0.000       0.000    
  3144960.   42.65643590   14.1750   0.000       0.000      0.3408E-03  0.9351E-08-0.2962E-02 0.2621E-02  0.000      0.000      0.000      0.000       0.000       0.000       0.000       0.000       0.000       0.000    
  3162240.   42.65643590   14.1530   0.000       0.000      0.3391E-03  0.8754E-08-0.2949E-02 0.2610E-02  0.000      0.000      0.000      0.000       0.000       0.000       0.000       0.000       0.000       0.000    
  3179520.   42.65643590   14.1319   0.000       0.000      0.3373E-03  0.8282E-08-0.2937E-02 0.2599E-02  0.000      0.000      0.000      0.000       0.000       0.000       0.000       0.000       0.000       0.000    
  3196800.   42.65643590   14.1115   0.000       0.000      0.3357E-03  0.7868E-08-0.2925E-02 0.2589E-02  0.000      0.000      0.000      0.000       0.000       0.000       0.000       0.000       0.000       0.000    
  3214080.   42.65643590   14.0616   0.000       0.000      0.3316E-03  0.2184E-07-0.2883E-02 0.2552E-02  0.000      0.000      0.000      0.000       0.000       0.000       0.000       0.000       0.000       0.000    
  3231360.   42.65643590   14.0135   0.000       0.000      0.3277E-03  0.1866E-07-0.2852E-02 0.2525E-02  0.000      0.000      0.000      0.000       0.000       0.000       0.000       0.000       0.000       0.000    
  3248640.   42.65643590   13.9668   0.000       0.000      0.3239E-03  0.1778E-07-0.2822E-02 0.2499E-02  0.000      0.000      0.000      0.000       0.000       0.000       0.000       0.000       0.000       0.000    
  3265920.   42.65643590   13.9215   0.000       0.000      0.3202E-03  0.1700E-07-0.2793E-02 0.2473E-02  0.000      0.000      0.000      0.000       0.000       0.000       0.000       0.000       0.000       0.000    
  3283200.   42.65643590   13.8775   0.000       0.000      0.3166E-03  0.1628E-07-0.2765E-02 0.2448E-02  0.000      0.000      0.000      0.000       0.000       0.000       0.000       0.000       0.000       0.000    
  3300480.   42.65643590   13.8500   0.000       0.000      0.3143E-03  0.8702E-08-0.2751E-02 0.2437E-02  0.000      0.000      0.000      0.000       0.000       0.000       0.000       0.000       0.000       0.000    
  3317760.   42.65643590   13.8232   0.000       0.000      0.3121E-03  0.9460E-08-0.2734E-02 0.2422E-02  0.000      0.000      0.000      0.000       0.000       0.000       0.000       0.000       0.000       0.000    
  3335040.   42.65643590   13.7970   0.000       0.000      0.3100E-03  0.9151E-08-0.2717E-02 0.2407E-02  0.000      0.000      0.000      0.000       0.000       0.000       0.000       0.000       0.000       0.000    
  3352320.   42.65643590   13.7716   0.000       0.000      0.3079E-03  0.8844E-08-0.2700E-02 0.2392E-02  0.000      0.000      0.000      0.000       0.000       0.000       0.000       0.000       0.000       0.000    
  3369600.   42.65643590   13.7469   0.000       0.000      0.3059E-03  0.8547E-08-0.2684E-02 0.2378E-02  0.000      0.000      0.000      0.000       0.000       0.000       0.000       0.000       0.000       0.000    
  3386880.   42.65643590   13.7575   0.000       0.000      0.3068E-03 -0.7037E-08-0.2702E-02 0.2395E-02  0.000      0.000      0.000      0.000       0.000       0.000       0.000       0.000       0.000       0.000    
  3404160.   42.65643590   13.7676   0.000       0.000      0.3076E-03 -0.4438E-08-0.2708E-02 0.2400E-02  0.000      0.000      0.000      0.000       0.000       0.000       0.000       0.000       0.000       0.000    
  3421440.   42.65643590   13.7774   0.000       0.000      0.3084E-03 -0.4242E-08-0.2714E-02 0.2406E-02  0.000      0.000      0.000      0.000       0.000       0.000       0.000       0.000       0.000       0.000    
  3438720.   42.65643590   13.7869   0.000       0.000      0.3092E-03 -0.4097E-08-0.2721E-02 0.2411E-02  0.000      0.000      0.000      0.000       0.000       0.000       0.000       0.000       0.000       0.000    
  3456000.   42.65643590   13.7961   0.000       0.000      0.3099E-03 -0.3972E-08-0.2727E-02 0.2417E-02  0.000      0.000      0.000      0.000       0.000       0.000       0.000       0.000       0.000       0.000    
  3473280.   42.65643590   13.8273   0.000       0.000      0.3125E-03 -0.1382E-07-0.2754E-02 0.2442E-02  0.000      0.000      0.000      0.000       0.000       0.000       0.000       0.000       0.000       0.000    
  3490560.   42.65643590   13.8575   0.000       0.000      0.3149E-03 -0.1197E-07-0.2774E-02 0.2459E-02  0.000      0.000      0.000      0.000       0.000       0.000       0.000       0.000       0.000       0.000    
  3507840.   42.65643590   13.8869   0.000       0.000      0.3173E-03 -0.1168E-07-0.2794E-02 0.2477E-02  0.000      0.000      0.000      0.000       0.000       0.000       0.000       0.000       0.000       0.000    
  3525120.   42.65643590   13.9156   0.000       0.000      0.3197E-03 -0.1143E-07-0.2813E-02 0.2494E-02  0.000      0.000      0.000      0.000       0.000       0.000       0.000       0.000       0.000       0.000    
  3542400.   42.65643590   13.9437   0.000       0.000      0.3220E-03 -0.1120E-07-0.2832E-02 0.2510E-02  0.000      0.000      0.000      0.000       0.000       0.000       0.000       0.000       0.000       0.000    
  3559680.   42.65643590   13.9519   0.000       0.000      0.3226E-03 -0.2021E-08-0.2832E-02 0.2509E-02  0.000      0.000      0.000      0.000       0.000       0.000       0.000       0.000       0.000       0.000    
  3576960.   42.65643590   13.9602   0.000       0.000      0.3233E-03 -0.3394E-08-0.2838E-02 0.2515E-02  0.000      0.000      0.000      0.000       0.000       0.000       0.000       0.000       0.000       0.000    
  3594240.   42.65643590   13.9684   0.000       0.000      0.3240E-03 -0.3382E-08-0.2844E-02 0.2520E-02  0.000      0.000      0.000      0.000       0.000       0.000       0.000       0.000       0.000       0.000    
  3611520.   42.65643590   13.9765   0.000       0.000      0.3246E-03 -0.3347E-08-0.2850E-02 0.2525E-02  0.000      0.000      0.000      0.000       0.000       0.000       0.000       0.000       0.000       0.000    
  3628800.   42.65643590   13.9844   0.000       0.000      0.3253E-03 -0.3306E-08-0.2855E-02 0.2530E-02  0.000      0.000      0.000      0.000       0.000       0.000       0.000       0.000       0.000       0.000    
  3646080.   42.65643590   13.9489   0.000       0.000      0.3224E-03  0.1707E-07-0.2819E-02 0.2496E-02  0.000      0.000      0.000      0.000       0.000       0.000       0.000       0.000       0.000       0.000    
  3663360.   42.65643590   13.9147   0.000       0.000      0.3196E-03  0.1325E-07-0.2797E-02 0.2477E-02  0.000      0.000      0.000      0.000       0.000       0.000       0.000       0.000       0.000       0.000    
  3680640.   42.65643590   13.8816   0.000       0.000      0.3169E-03  0.1264E-07-0.2775E-02 0.2458E-02  0.000      0.000      0.000      0.000       0.000       0.000       0.000       0.000       0.000       0.000    
  3697920.   42.65643590   13.8495   0.000       0.000      0.3143E-03  0.1212E-07-0.2754E-02 0.2440E-02  0.000      0.000      0.000      0.000       0.000       0.000       0.000       0.000       0.000       0.000    
  3715200.   42.65643590   13.8183   0.000       0.000      0.3117E-03  0.1165E-07-0.2734E-02 0.2422E-02  0.000      0.000      0.000      0.000       0.000       0.000       0.000       0.000       0.000       0.000    
  3732480.   42.65643590   13.7959   0.000       0.000      0.3099E-03  0.7636E-08-0.2722E-02 0.2412E-02  0.000      0.000      0.000      0.000       0.000       0.000       0.000       0.000       0.000       0.000    
  3749760.   42.65643590   13.7741   0.000       0.000      0.3081E-03  0.7930E-08-0.2707E-02 0.2399E-02  0.000      0.000      0.000      0.000       0.000       0.000       0.000       0.000       0.000       0.000    
  3767040.   42.65643590   13.7527   0.000       0.000      0.3064E-03  0.7681E-08-0.2693E-02 0.2387E-02  0.000      0.000      0.000      0.000       0.000       0.000       0.000       0.000       0.000       0.000    
  3784320.   42.65643590   13.7320   0.000       0.000      0.3047E-03  0.7438E-08-0.2679E-02 0.2374E-02  0.000      0.000      0.000      0.000       0.000       0.000       0.000       0.000       0.000       0.000    
  3801600.   42.65643590   13.7117   0.000       0.000      0.3030E-03  0.7205E-08-0.2666E-02 0.2363E-02  0.000      0.000      0.000      0.000       0.000       0.000       0.000       0.000       0.000       0.000    
  3818880.   42.65643590   13.7197   0.000       0.000      0.3037E-03 -0.5200E-08-0.2679E-02 0.2376E-02  0.000      0.000      0.000      0.000       0.000       0.000       0.000       0.000       0.000       0.000    
  3836160.   42.65643590   13.7273   0.000       0.000      0.3043E-03 -0.3127E-08-0.2684E-02 0.2380E-02  0.000      0.000      0.000      0.000       0.000       0.000       0.000       0.000       0.000       0.000    
  3853440.   42.65643590   13.7345   0.000       0.000      0.3049E-03 -0.2968E-08-0.2689E-02 0.2384E-02  0.000      0.000      0.000      0.000       0.000       0.000       0.000       0.000       0.000       0.000    
  3870720.   42.65643590   13.7416   0.000       0.000      0.3055E-03 -0.2849E-08-0.2693E-02 0.2388E-02  0.000      0.000      0.000      0.000       0.000       0.000       0.000       0.000       0.000       0.000    
  3888000.   42.65643590   13.7484   0.000       0.000      0.3060E-03 -0.2747E-08-0.2697E-02 0.2391E-02  0.000      0.000      0.000      0.000       0.000       0.000       0.000       0.000       0.000       0.000    
  3905280.   42.65643590   13.7853   0.000       0.000      0.3090E-03 -0.1620E-07-0.2731E-02 0.2422E-02  0.000      0.000      0.000      0.000       0.000       0.000       0.000       0.000       0.000       0.000    
  3922560.   42.65643590   13.8210   0.000       0.000      0.3120E-03 -0.1375E-07-0.2755E-02 0.2443E-02  0.000      0.000      0.000      0.000       0.000       0.000       0.000       0.000       0.000       0.000    
  3939840.   42.65643590   13.8557   0.000       0.000      0.3148E-03 -0.1341E-07-0.2777E-02 0.2463E-02  0.000      0.000      0.000      0.000       0.000       0.000       0.000       0.000       0.000       0.000    
  3957120.   42.65643590   13.8895   0.000       0.000      0.3175E-03 -0.1312E-07-0.2800E-02 0.2482E-02  0.000      0.000      0.000      0.000       0.000       0.000       0.000       0.000       0.000       0.000    
  3974400.   42.65643590   13.9224   0.000       0.000      0.3202E-03 -0.1285E-07-0.2822E-02 0.2502E-02  0.000      0.000      0.000      0.000       0.000       0.000       0.000       0.000       0.000       0.000    
  3991680.   42.65643590   13.9609   0.000       0.000      0.3234E-03 -0.1559E-07-0.2850E-02 0.2526E-02  0.000      0.000      0.000      0.000       0.000       0.000       0.000       0.000       0.000       0.000    
  4008960.   42.65643590   13.9984   0.000       0.000      0.3264E-03 -0.1485E-07-0.2875E-02 0.2548E-02  0.000      0.000      0.000      0.000       0.000       0.000       0.000       0.000       0.000       0.000    
  4026240.   42.65643590   14.0350   0.000       0.000      0.3294E-03 -0.1457E-07-0.2899E-02 0.2570E-02  0.000      0.000      0.000      0.000       0.000       0.000       0.000       0.000       0.000       0.000    
  4043520.   42.65643590   14.0706   0.000       0.000      0.3323E-03 -0.1431E-07-0.2923E-02 0.2591E-02  0.000      0.000      0.000      0.000       0.000       0.000       0.000       0.000       0.000       0.000    
  4060800.   42.65643590   14.1054   0.000       0.000      0.3352E-03 -0.1407E-07-0.2947E-02 0.2612E-02  0.000      0.000      0.000      0.000       0.000       0.000       0.000       0.000       0.000       0.000    
  4078080.   42.65643590   14.0757   0.000       0.000      0.3327E-03  0.1712E-07-0.2908E-02 0.2575E-02  0.000      0.000      0.000      0.000       0.000       0.000       0.000       0.000       0.000       0.000    
  4095360.   42.65643590   14.0473   0.000       0.000      0.3304E-03  0.1169E-07-0.2890E-02 0.2560E-02  0.000      0.000      0.000      0.000       0.000       0.000       0.000       0.000       0.000       0.000    
  4112640.   42.65643590   14.0199   0.000       0.000      0.3282E-03  0.1109E-07-0.2872E-02 0.2544E-02  0.000      0.000      0.000      0.000       0.000       0.000       0.000       0.000       0.000       0.000    
  4129920.   42.65643590   13.9933   0.000       0.000      0.3260E-03  0.1060E-07-0.2855E-02 0.2529E-02  0.000      0.000      0.000      0.000       0.000       0.000       0.000       0.000       0.000       0.000    
  4147200.   42.65643590   13.9676   0.000       0.000      0.3239E-03  0.1017E-07-0.2839E-02 0.2515E-02  0.000      0.000      0.000      0.000       0.000       0.000       0.000       0.000       0.000       0.000    
  4164480.   42.65643590   13.9189   0.000       0.000      0.3199E-03  0.2076E-07-0.2799E-02 0.2480E-02  0.000      0.000      0.000      0.000       0.000       0.000       0.000       0.000       0.000       0.000    
  4181760.   42.65643590   13.8716   0.000       0.000      0.3161E-03  0.1820E-07-0.2768E-02 0.2452E-02  0.000      0.000      0.000      0.000       0.000       0.000       0.000       0.000       0.000       0.000    
  4199040.   42.65643590   13.8257   0.000       0.000      0.3123E-03  0.1742E-07-0.2738E-02 0.2426E-02  0.000      0.000      0.000      0.000       0.000       0.000       0.000       0.000       0.000       0.000    
  4216320.   42.65643590   13.7811   0.000       0.000      0.3087E-03  0.1671E-07-0.2709E-02 0.2400E-02  0.000      0.000      0.000      0.000       0.000       0.000       0.000       0.000       0.000       0.000    
  4233600.   42.65643590   13.7376   0.000       0.000      0.3051E-03  0.1605E-07-0.2680E-02 0.2375E-02  0.000      0.000      0.000      0.000       0.000       0.000       0.000       0.000       0.000       0.000    
  4250880.   42.65643590   13.6903   0.000       0.000      0.3013E-03  0.1759E-07-0.2647E-02 0.2345E-02  0.000      0.000      0.000      0.000       0.000       0.000       0.000       0.000       0.000       0.000    
  4268160.   42.65643590   13.6442   0.000       0.000      0.2975E-03  0.1657E-07-0.2616E-02 0.2318E-02  0.000      0.000      0.000      0.000       0.000       0.000       0.000       0.000       0.000       0.000    
  4285440.   42.65643590   13.5993   0.000       0.000      0.2939E-03  0.1593E-07-0.2586E-02 0.2292E-02  0.000      0.000      0.000      0.000       0.000       0.000       0.000       0.000       0.000       0.000    
  4302720.   42.65643590   13.5556   0.000       0.000      0.2903E-03  0.1533E-07-0.2556E-02 0.2266E-02  0.000      0.000      0.000      0.000       0.000       0.000       0.000       0.000       0.000       0.000    
  4320000.   42.65643590   13.5129   0.000       0.000      0.2868E-03  0.1476E-07-0.2527E-02 0.2241E-02  0.000      0.000      0.000      0.000       0.000       0.000       0.000       0.000       0.000       0.000    
  4337280.   42.65643590   13.4666   0.000       0.000      0.2830E-03  0.1618E-07-0.2495E-02 0.2212E-02  0.000      0.000      0.000      0.000       0.000       0.000       0.000       0.000       0.000       0.000    
  4354560.   42.65643590   13.4215   0.000       0.000      0.2794E-03  0.1526E-07-0.2464E-02 0.2185E-02  0.000      0.000      0.000      0.000       0.000       0.000       0.000       0.000       0.000       0.000    
  4371840.   42.65643590   13.3776   0.000       0.000      0.2758E-03  0.1469E-07-0.2434E-02 0.2159E-02  0.000      0.000      0.000      0.000       0.000       0.000       0.000       0.000       0.000       0.000    
  4389120.   42.65643590   13.3347   0.000       0.000      0.2723E-03  0.1415E-07-0.2405E-02 0.2133E-02  0.000      0.000      0.000      0.000       0.000       0.000       0.000       0.000       0.000       0.000    
  4406400.   42.65643590   13.2929   0.000       0.000      0.2689E-03  0.1364E-07-0.2377E-02 0.2108E-02  0.000      0.000      0.000      0.000       0.000       0.000       0.000       0.000       0.000       0.000    
