TOTIM (T)      HCON          HMAT      QDIR      QWELL        QMAT       QCADS      QTUB1      QTUB2      QTUB3      QTUB4      QTUB5      QTUB6       NSTOR        QFIX        QLH     FHLQ (LQ)        CAUCHY   CAUCHY (LQ)
    86400.   42.65643590   13.0068   0.000       0.000      0.2453E-03   0.000    -0.1253E-01 0.1228E-01  0.000      0.000      0.000      0.000       0.000       0.000       0.000       0.000       0.000       0.000    
   103680.   42.65643590   12.9335   0.000       0.000      0.2393E-03  0.2059E-06-0.1186E-01 0.1162E-01  0.000      0.000      0.000      0.000       0.000       0.000       0.000       0.000       0.000       0.000    
   120960.   42.65643590   12.8650   0.000       0.000      0.2338E-03  0.5893E-07-0.1166E-01 0.1142E-01  0.000      0.000      0.000      0.000       0.000       0.000       0.000       0.000       0.000       0.000    
   138240.   42.65643590   12.7998   0.000       0.000      0.2284E-03  0.5383E-07-0.1146E-01 0.1123E-01  0.000      0.000      0.000      0.000       0.000       0.000       0.000       0.000       0.000       0.000    
   155520.   42.65643590   12.7372   0.000       0.000      0.2233E-03  0.5138E-07-0.1127E-01 0.1105E-01  0.000      0.000      0.000      0.000       0.000       0.000       0.000       0.000       0.000       0.000    
   172800.   42.65643590   12.6768   0.000       0.000      0.2184E-03  0.4915E-07-0.1109E-01 0.1087E-01  0.000      0.000      0.000      0.000       0.000       0.000       0.000       0.000       0.000       0.000    
   190080.   42.65643590   12.6436   0.000       0.000      0.2157E-03  0.2620E-07-0.1099E-01 0.1077E-01  0.000      0.000      0.000      0.000       0.000       0.000       0.000       0.000       0.000       0.000    
   207360.   42.65643590   12.6113   0.000       0.000      0.2131E-03  0.2740E-07-0.1088E-01 0.1067E-01  0.000      0.000      0.000      0.000       0.000       0.000       0.000       0.000       0.000       0.000    
   224640.   42.65643590   12.5798   0.000       0.000      0.2105E-03  0.2661E-07-0.1078E-01 0.1057E-01  0.000      0.000      0.000      0.000       0.000       0.000       0.000       0.000       0.000       0.000    
   241920.   42.65643590   12.5491   0.000       0.000      0.2080E-03  0.2580E-07-0.1067E-01 0.1047E-01  0.000      0.000      0.000      0.000       0.000       0.000       0.000       0.000       0.000       0.000    
   259200.   42.65643590   12.5193   0.000       0.000      0.2056E-03  0.2501E-07-0.1057E-01 0.1037E-01  0.000      0.000      0.000      0.000       0.000       0.000       0.000       0.000       0.000       0.000    
   276480.   42.65643590   12.4970   0.000       0.000      0.2037E-03  0.1885E-07-0.1049E-01 0.1029E-01  0.000      0.000      0.000      0.000       0.000       0.000       0.000       0.000       0.000       0.000    
   293760.   42.65643590   12.4753   0.000       0.000      0.2020E-03  0.1889E-07-0.1041E-01 0.1021E-01  0.000      0.000      0.000      0.000       0.000       0.000       0.000       0.000       0.000       0.000    
   311040.   42.65643590   12.4540   0.000       0.000      0.2002E-03  0.1842E-07-0.1034E-01 0.1014E-01  0.000      0.000      0.000      0.000       0.000       0.000       0.000       0.000       0.000       0.000    
   328320.   42.65643590   12.4332   0.000       0.000      0.1985E-03  0.1794E-07-0.1026E-01 0.1006E-01  0.000      0.000      0.000      0.000       0.000       0.000       0.000       0.000       0.000       0.000    
   345600.   42.65643590   12.4129   0.000       0.000      0.1969E-03  0.1748E-07-0.1019E-01 0.9988E-02  0.000      0.000      0.000      0.000       0.000       0.000       0.000       0.000       0.000       0.000    
   362880.   42.65643590   12.4248   0.000       0.000      0.1979E-03 -0.7412E-08-0.1021E-01 0.1001E-01  0.000      0.000      0.000      0.000       0.000       0.000       0.000       0.000       0.000       0.000    
   380160.   42.65643590   12.4358   0.000       0.000      0.1988E-03 -0.4643E-08-0.1022E-01 0.1002E-01  0.000      0.000      0.000      0.000       0.000       0.000       0.000       0.000       0.000       0.000    
   397440.   42.65643590   12.4461   0.000       0.000      0.1996E-03 -0.4299E-08-0.1024E-01 0.1004E-01  0.000      0.000      0.000      0.000       0.000       0.000       0.000       0.000       0.000       0.000    
   414720.   42.65643590   12.4558   0.000       0.000      0.2004E-03 -0.4054E-08-0.1025E-01 0.1005E-01  0.000      0.000      0.000      0.000       0.000       0.000       0.000       0.000       0.000       0.000    
   432000.   42.65643590   12.4649   0.000       0.000      0.2011E-03 -0.3847E-08-0.1026E-01 0.1006E-01  0.000      0.000      0.000      0.000       0.000       0.000       0.000       0.000       0.000       0.000    
   449280.   42.65643590   12.4976   0.000       0.000      0.2038E-03 -0.2259E-07-0.1035E-01 0.1014E-01  0.000      0.000      0.000      0.000       0.000       0.000       0.000       0.000       0.000       0.000    
   466560.   42.65643590   12.5288   0.000       0.000      0.2063E-03 -0.2022E-07-0.1042E-01 0.1022E-01  0.000      0.000      0.000      0.000       0.000       0.000       0.000       0.000       0.000       0.000    
   483840.   42.65643590   12.5587   0.000       0.000      0.2088E-03 -0.1972E-07-0.1050E-01 0.1029E-01  0.000      0.000      0.000      0.000       0.000       0.000       0.000       0.000       0.000       0.000    
   501120.   42.65643590   12.5873   0.000       0.000      0.2111E-03 -0.1930E-07-0.1057E-01 0.1036E-01  0.000      0.000      0.000      0.000       0.000       0.000       0.000       0.000       0.000       0.000    
   518400.   42.65643590   12.6149   0.000       0.000      0.2134E-03 -0.1892E-07-0.1064E-01 0.1043E-01  0.000      0.000      0.000      0.000       0.000       0.000       0.000       0.000       0.000       0.000    
   535680.   42.65643590   12.6226   0.000       0.000      0.2140E-03 -0.3320E-08-0.1066E-01 0.1044E-01  0.000      0.000      0.000      0.000       0.000       0.000       0.000       0.000       0.000       0.000    
   552960.   42.65643590   12.6301   0.000       0.000      0.2146E-03 -0.4769E-08-0.1067E-01 0.1046E-01  0.000      0.000      0.000      0.000       0.000       0.000       0.000       0.000       0.000       0.000    
   570240.   42.65643590   12.6374   0.000       0.000      0.2152E-03 -0.4744E-08-0.1069E-01 0.1048E-01  0.000      0.000      0.000      0.000       0.000       0.000       0.000       0.000       0.000       0.000    
   587520.   42.65643590   12.6444   0.000       0.000      0.2158E-03 -0.4674E-08-0.1071E-01 0.1049E-01  0.000      0.000      0.000      0.000       0.000       0.000       0.000       0.000       0.000       0.000    
   604800.   42.65643590   12.6512   0.000       0.000      0.2163E-03 -0.4593E-08-0.1073E-01 0.1051E-01  0.000      0.000      0.000      0.000       0.000       0.000       0.000       0.000       0.000       0.000    
   622080.   42.65643590   12.6644   0.000       0.000      0.2174E-03 -0.9946E-08-0.1076E-01 0.1054E-01  0.000      0.000      0.000      0.000       0.000       0.000       0.000       0.000       0.000       0.000    
   639360.   42.65643590   12.6771   0.000       0.000      0.2184E-03 -0.9205E-08-0.1080E-01 0.1058E-01  0.000      0.000      0.000      0.000       0.000       0.000       0.000       0.000       0.000       0.000    
   656640.   42.65643590   12.6894   0.000       0.000      0.2194E-03 -0.8998E-08-0.1083E-01 0.1061E-01  0.000      0.000      0.000      0.000       0.000       0.000       0.000       0.000       0.000       0.000    
   673920.   42.65643590   12.7012   0.000       0.000      0.2204E-03 -0.8815E-08-0.1086E-01 0.1064E-01  0.000      0.000      0.000      0.000       0.000       0.000       0.000       0.000       0.000       0.000    
   691200.   42.65643590   12.7126   0.000       0.000      0.2213E-03 -0.8642E-08-0.1090E-01 0.1067E-01  0.000      0.000      0.000      0.000       0.000       0.000       0.000       0.000       0.000       0.000    
   708480.   42.65643590   12.7888   0.000       0.000      0.2276E-03 -0.6332E-07-0.1113E-01 0.1090E-01  0.000      0.000      0.000      0.000       0.000       0.000       0.000       0.000       0.000       0.000    
   725760.   42.65643590   12.8619   0.000       0.000      0.2335E-03 -0.5751E-07-0.1134E-01 0.1110E-01  0.000      0.000      0.000      0.000       0.000       0.000       0.000       0.000       0.000       0.000    
   743040.   42.65643590   12.9323   0.000       0.000      0.2393E-03 -0.5694E-07-0.1154E-01 0.1130E-01  0.000      0.000      0.000      0.000       0.000       0.000       0.000       0.000       0.000       0.000    
   760320.   42.65643590   13.0002   0.000       0.000      0.2448E-03 -0.5655E-07-0.1174E-01 0.1149E-01  0.000      0.000      0.000      0.000       0.000       0.000       0.000       0.000       0.000       0.000    
   777600.   42.65643590   13.0657   0.000       0.000      0.2501E-03 -0.5620E-07-0.1193E-01 0.1168E-01  0.000      0.000      0.000      0.000       0.000       0.000       0.000       0.000       0.000       0.000    
   794880.   42.65643590   13.1874   0.000       0.000      0.2601E-03 -0.1105E-06-0.1230E-01 0.1204E-01  0.000      0.000      0.000      0.000       0.000       0.000       0.000       0.000       0.000       0.000    
   812160.   42.65643590   13.3045   0.000       0.000      0.2696E-03 -0.1058E-06-0.1265E-01 0.1238E-01  0.000      0.000      0.000      0.000       0.000       0.000       0.000       0.000       0.000       0.000    
   829440.   42.65643590   13.4176   0.000       0.000      0.2788E-03 -0.1061E-06-0.1299E-01 0.1271E-01  0.000      0.000      0.000      0.000       0.000       0.000       0.000       0.000       0.000       0.000    
   846720.   42.65643590   13.5271   0.000       0.000      0.2877E-03 -0.1065E-06-0.1332E-01 0.1303E-01  0.000      0.000      0.000      0.000       0.000       0.000       0.000       0.000       0.000       0.000    
   864000.   42.65643590   13.6330   0.000       0.000      0.2964E-03 -0.1069E-06-0.1365E-01 0.1335E-01  0.000      0.000      0.000      0.000       0.000       0.000       0.000       0.000       0.000       0.000    
   881280.   42.65643590   13.6841   0.000       0.000      0.3005E-03 -0.5198E-07-0.1381E-01 0.1351E-01  0.000      0.000      0.000      0.000       0.000       0.000       0.000       0.000       0.000       0.000    
   898560.   42.65643590   13.7343   0.000       0.000      0.3046E-03 -0.5702E-07-0.1398E-01 0.1368E-01  0.000      0.000      0.000      0.000       0.000       0.000       0.000       0.000       0.000       0.000    
   915840.   42.65643590   13.7834   0.000       0.000      0.3086E-03 -0.5701E-07-0.1416E-01 0.1385E-01  0.000      0.000      0.000      0.000       0.000       0.000       0.000       0.000       0.000       0.000    
   933120.   42.65643590   13.8314   0.000       0.000      0.3125E-03 -0.5680E-07-0.1433E-01 0.1401E-01  0.000      0.000      0.000      0.000       0.000       0.000       0.000       0.000       0.000       0.000    
   950400.   42.65643590   13.8783   0.000       0.000      0.3164E-03 -0.5654E-07-0.1449E-01 0.1418E-01  0.000      0.000      0.000      0.000       0.000       0.000       0.000       0.000       0.000       0.000    
   967680.   42.65643590   13.9925   0.000       0.000      0.3257E-03 -0.1339E-06-0.1487E-01 0.1454E-01  0.000      0.000      0.000      0.000       0.000       0.000       0.000       0.000       0.000       0.000    
   984960.   42.65643590   14.1030   0.000       0.000      0.3347E-03 -0.1270E-06-0.1521E-01 0.1488E-01  0.000      0.000      0.000      0.000       0.000       0.000       0.000       0.000       0.000       0.000    
  1002240.   42.65643590   14.2100   0.000       0.000      0.3434E-03 -0.1269E-06-0.1555E-01 0.1521E-01  0.000      0.000      0.000      0.000       0.000       0.000       0.000       0.000       0.000       0.000    
  1019520.   42.65643590   14.3139   0.000       0.000      0.3519E-03 -0.1269E-06-0.1589E-01 0.1554E-01  0.000      0.000      0.000      0.000       0.000       0.000       0.000       0.000       0.000       0.000    
  1036800.   42.65643590   14.4148   0.000       0.000      0.3601E-03 -0.1270E-06-0.1622E-01 0.1586E-01  0.000      0.000      0.000      0.000       0.000       0.000       0.000       0.000       0.000       0.000    
  1054080.   42.65643590   14.6115   0.000       0.000      0.3761E-03 -0.2541E-06-0.1684E-01 0.1646E-01  0.000      0.000      0.000      0.000       0.000       0.000       0.000       0.000       0.000       0.000    
  1071360.   42.65643590   14.8016   0.000       0.000      0.3916E-03 -0.2460E-06-0.1743E-01 0.1704E-01  0.000      0.000      0.000      0.000       0.000       0.000       0.000       0.000       0.000       0.000    
  1088640.   42.65643590   14.9857   0.000       0.000      0.4066E-03 -0.2485E-06-0.1800E-01 0.1759E-01  0.000      0.000      0.000      0.000       0.000       0.000       0.000       0.000       0.000       0.000    
  1105920.   42.65643590   15.1643   0.000       0.000      0.4212E-03 -0.2512E-06-0.1856E-01 0.1814E-01  0.000      0.000      0.000      0.000       0.000       0.000       0.000       0.000       0.000       0.000    
  1123200.   42.65643590   15.3378   0.000       0.000      0.4353E-03 -0.2537E-06-0.1912E-01 0.1868E-01  0.000      0.000      0.000      0.000       0.000       0.000       0.000       0.000       0.000       0.000    
  1140480.   42.65643590   15.3265   0.000       0.000      0.4344E-03  0.1331E-07-0.1912E-01 0.1868E-01  0.000      0.000      0.000      0.000       0.000       0.000       0.000       0.000       0.000       0.000    
  1157760.   42.65643590   15.3178   0.000       0.000      0.4336E-03 -0.1135E-07-0.1916E-01 0.1873E-01  0.000      0.000      0.000      0.000       0.000       0.000       0.000       0.000       0.000       0.000    
  1175040.   42.65643590   15.3110   0.000       0.000      0.4331E-03 -0.1342E-07-0.1920E-01 0.1877E-01  0.000      0.000      0.000      0.000       0.000       0.000       0.000       0.000       0.000       0.000    
  1192320.   42.65643590   15.3057   0.000       0.000      0.4327E-03 -0.1442E-07-0.1925E-01 0.1882E-01  0.000      0.000      0.000      0.000       0.000       0.000       0.000       0.000       0.000       0.000    
  1209600.   42.65643590   15.3017   0.000       0.000      0.4323E-03 -0.1513E-07-0.1930E-01 0.1887E-01  0.000      0.000      0.000      0.000       0.000       0.000       0.000       0.000       0.000       0.000    
  1226880.   42.65643590   15.2326   0.000       0.000      0.4267E-03  0.8227E-07-0.1914E-01 0.1872E-01  0.000      0.000      0.000      0.000       0.000       0.000       0.000       0.000       0.000       0.000    
  1244160.   42.65643590   15.1672   0.000       0.000      0.4214E-03  0.7038E-07-0.1901E-01 0.1859E-01  0.000      0.000      0.000      0.000       0.000       0.000       0.000       0.000       0.000       0.000    
  1261440.   42.65643590   15.1051   0.000       0.000      0.4163E-03  0.6700E-07-0.1888E-01 0.1846E-01  0.000      0.000      0.000      0.000       0.000       0.000       0.000       0.000       0.000       0.000    
  1278720.   42.65643590   15.0459   0.000       0.000      0.4115E-03  0.6420E-07-0.1875E-01 0.1834E-01  0.000      0.000      0.000      0.000       0.000       0.000       0.000       0.000       0.000       0.000    
  1296000.   42.65643590   14.9894   0.000       0.000      0.4069E-03  0.6167E-07-0.1863E-01 0.1822E-01  0.000      0.000      0.000      0.000       0.000       0.000       0.000       0.000       0.000       0.000    
  1313280.   42.65643590   14.9143   0.000       0.000      0.4008E-03  0.8902E-07-0.1845E-01 0.1805E-01  0.000      0.000      0.000      0.000       0.000       0.000       0.000       0.000       0.000       0.000    
  1330560.   42.65643590   14.8425   0.000       0.000      0.3949E-03  0.8303E-07-0.1827E-01 0.1788E-01  0.000      0.000      0.000      0.000       0.000       0.000       0.000       0.000       0.000       0.000    
  1347840.   42.65643590   14.7735   0.000       0.000      0.3893E-03  0.7980E-07-0.1810E-01 0.1771E-01  0.000      0.000      0.000      0.000       0.000       0.000       0.000       0.000       0.000       0.000    
  1365120.   42.65643590   14.7072   0.000       0.000      0.3839E-03  0.7686E-07-0.1793E-01 0.1755E-01  0.000      0.000      0.000      0.000       0.000       0.000       0.000       0.000       0.000       0.000    
  1382400.   42.65643590   14.6434   0.000       0.000      0.3787E-03  0.7412E-07-0.1777E-01 0.1739E-01  0.000      0.000      0.000      0.000       0.000       0.000       0.000       0.000       0.000       0.000    
  1399680.   42.65643590   14.5686   0.000       0.000      0.3726E-03  0.8939E-07-0.1757E-01 0.1720E-01  0.000      0.000      0.000      0.000       0.000       0.000       0.000       0.000       0.000       0.000    
  1416960.   42.65643590   14.4966   0.000       0.000      0.3667E-03  0.8456E-07-0.1737E-01 0.1701E-01  0.000      0.000      0.000      0.000       0.000       0.000       0.000       0.000       0.000       0.000    
  1434240.   42.65643590   14.4271   0.000       0.000      0.3610E-03  0.8146E-07-0.1718E-01 0.1682E-01  0.000      0.000      0.000      0.000       0.000       0.000       0.000       0.000       0.000       0.000    
  1451520.   42.65643590   14.3600   0.000       0.000      0.3556E-03  0.7859E-07-0.1700E-01 0.1664E-01  0.000      0.000      0.000      0.000       0.000       0.000       0.000       0.000       0.000       0.000    
  1468800.   42.65643590   14.2951   0.000       0.000      0.3503E-03  0.7587E-07-0.1682E-01 0.1647E-01  0.000      0.000      0.000      0.000       0.000       0.000       0.000       0.000       0.000       0.000    
  1486080.   42.65643590   14.2220   0.000       0.000      0.3443E-03  0.8635E-07-0.1661E-01 0.1626E-01  0.000      0.000      0.000      0.000       0.000       0.000       0.000       0.000       0.000       0.000    
  1503360.   42.65643590   14.1513   0.000       0.000      0.3386E-03  0.8209E-07-0.1640E-01 0.1606E-01  0.000      0.000      0.000      0.000       0.000       0.000       0.000       0.000       0.000       0.000    
  1520640.   42.65643590   14.0829   0.000       0.000      0.3330E-03  0.7914E-07-0.1620E-01 0.1587E-01  0.000      0.000      0.000      0.000       0.000       0.000       0.000       0.000       0.000       0.000    
  1537920.   42.65643590   14.0167   0.000       0.000      0.3276E-03  0.7638E-07-0.1601E-01 0.1568E-01  0.000      0.000      0.000      0.000       0.000       0.000       0.000       0.000       0.000       0.000    
  1555200.   42.65643590   13.9524   0.000       0.000      0.3224E-03  0.7375E-07-0.1581E-01 0.1549E-01  0.000      0.000      0.000      0.000       0.000       0.000       0.000       0.000       0.000       0.000    
  1572480.   42.65643590   13.8832   0.000       0.000      0.3167E-03  0.7943E-07-0.1560E-01 0.1529E-01  0.000      0.000      0.000      0.000       0.000       0.000       0.000       0.000       0.000       0.000    
  1589760.   42.65643590   13.8161   0.000       0.000      0.3113E-03  0.7588E-07-0.1540E-01 0.1509E-01  0.000      0.000      0.000      0.000       0.000       0.000       0.000       0.000       0.000       0.000    
  1607040.   42.65643590   13.7511   0.000       0.000      0.3060E-03  0.7320E-07-0.1520E-01 0.1489E-01  0.000      0.000      0.000      0.000       0.000       0.000       0.000       0.000       0.000       0.000    
  1624320.   42.65643590   13.6879   0.000       0.000      0.3008E-03  0.7067E-07-0.1500E-01 0.1470E-01  0.000      0.000      0.000      0.000       0.000       0.000       0.000       0.000       0.000       0.000    
  1641600.   42.65643590   13.6265   0.000       0.000      0.2958E-03  0.6825E-07-0.1481E-01 0.1451E-01  0.000      0.000      0.000      0.000       0.000       0.000       0.000       0.000       0.000       0.000    
  1658880.   42.65643590   13.5652   0.000       0.000      0.2908E-03  0.6782E-07-0.1461E-01 0.1432E-01  0.000      0.000      0.000      0.000       0.000       0.000       0.000       0.000       0.000       0.000    
  1676160.   42.65643590   13.5056   0.000       0.000      0.2860E-03  0.6534E-07-0.1442E-01 0.1414E-01  0.000      0.000      0.000      0.000       0.000       0.000       0.000       0.000       0.000       0.000    
  1693440.   42.65643590   13.4477   0.000       0.000      0.2812E-03  0.6313E-07-0.1424E-01 0.1396E-01  0.000      0.000      0.000      0.000       0.000       0.000       0.000       0.000       0.000       0.000    
  1710720.   42.65643590   13.3913   0.000       0.000      0.2766E-03  0.6102E-07-0.1405E-01 0.1378E-01  0.000      0.000      0.000      0.000       0.000       0.000       0.000       0.000       0.000       0.000    
  1728000.   42.65643590   13.3364   0.000       0.000      0.2722E-03  0.5899E-07-0.1387E-01 0.1360E-01  0.000      0.000      0.000      0.000       0.000       0.000       0.000       0.000       0.000       0.000    
  1745280.   42.65643590   13.2845   0.000       0.000      0.2679E-03  0.5552E-07-0.1370E-01 0.1343E-01  0.000      0.000      0.000      0.000       0.000       0.000       0.000       0.000       0.000       0.000    
  1762560.   42.65643590   13.2340   0.000       0.000      0.2638E-03  0.5388E-07-0.1353E-01 0.1327E-01  0.000      0.000      0.000      0.000       0.000       0.000       0.000       0.000       0.000       0.000    
  1779840.   42.65643590   13.1847   0.000       0.000      0.2598E-03  0.5216E-07-0.1336E-01 0.1310E-01  0.000      0.000      0.000      0.000       0.000       0.000       0.000       0.000       0.000       0.000    
  1797120.   42.65643590   13.1367   0.000       0.000      0.2559E-03  0.5051E-07-0.1320E-01 0.1294E-01  0.000      0.000      0.000      0.000       0.000       0.000       0.000       0.000       0.000       0.000    
  1814400.   42.65643590   13.0898   0.000       0.000      0.2521E-03  0.4891E-07-0.1304E-01 0.1278E-01  0.000      0.000      0.000      0.000       0.000       0.000       0.000       0.000       0.000       0.000    
  1831680.   42.65643590   13.0406   0.000       0.000      0.2481E-03  0.5080E-07-0.1287E-01 0.1262E-01  0.000      0.000      0.000      0.000       0.000       0.000       0.000       0.000       0.000       0.000    
  1848960.   42.65643590   12.9927   0.000       0.000      0.2441E-03  0.4883E-07-0.1270E-01 0.1246E-01  0.000      0.000      0.000      0.000       0.000       0.000       0.000       0.000       0.000       0.000    
  1866240.   42.65643590   12.9459   0.000       0.000      0.2403E-03  0.4724E-07-0.1254E-01 0.1230E-01  0.000      0.000      0.000      0.000       0.000       0.000       0.000       0.000       0.000       0.000    
  1883520.   42.65643590   12.9003   0.000       0.000      0.2366E-03  0.4572E-07-0.1238E-01 0.1214E-01  0.000      0.000      0.000      0.000       0.000       0.000       0.000       0.000       0.000       0.000    
  1900800.   42.65643590   12.8559   0.000       0.000      0.2330E-03  0.4426E-07-0.1222E-01 0.1199E-01  0.000      0.000      0.000      0.000       0.000       0.000       0.000       0.000       0.000       0.000    
  1918080.   42.65643590   12.8100   0.000       0.000      0.2292E-03  0.4516E-07-0.1206E-01 0.1183E-01  0.000      0.000      0.000      0.000       0.000       0.000       0.000       0.000       0.000       0.000    
  1935360.   42.65643590   12.7652   0.000       0.000      0.2256E-03  0.4347E-07-0.1190E-01 0.1167E-01  0.000      0.000      0.000      0.000       0.000       0.000       0.000       0.000       0.000       0.000    
  1952640.   42.65643590   12.7215   0.000       0.000      0.2220E-03  0.4206E-07-0.1174E-01 0.1152E-01  0.000      0.000      0.000      0.000       0.000       0.000       0.000       0.000       0.000       0.000    
  1969920.   42.65643590   12.6789   0.000       0.000      0.2186E-03  0.4071E-07-0.1159E-01 0.1137E-01  0.000      0.000      0.000      0.000       0.000       0.000       0.000       0.000       0.000       0.000    
  1987200.   42.65643590   12.6373   0.000       0.000      0.2152E-03  0.3941E-07-0.1144E-01 0.1123E-01  0.000      0.000      0.000      0.000       0.000       0.000       0.000       0.000       0.000       0.000    
  2004480.   42.65643590   12.5979   0.000       0.000      0.2120E-03  0.3715E-07-0.1130E-01 0.1108E-01  0.000      0.000      0.000      0.000       0.000       0.000       0.000       0.000       0.000       0.000    
  2021760.   42.65643590   12.5594   0.000       0.000      0.2088E-03  0.3610E-07-0.1115E-01 0.1095E-01  0.000      0.000      0.000      0.000       0.000       0.000       0.000       0.000       0.000       0.000    
  2039040.   42.65643590   12.5218   0.000       0.000      0.2058E-03  0.3499E-07-0.1102E-01 0.1081E-01  0.000      0.000      0.000      0.000       0.000       0.000       0.000       0.000       0.000       0.000    
  2056320.   42.65643590   12.4850   0.000       0.000      0.2028E-03  0.3392E-07-0.1088E-01 0.1068E-01  0.000      0.000      0.000      0.000       0.000       0.000       0.000       0.000       0.000       0.000    
  2073600.   42.65643590   12.4491   0.000       0.000      0.1998E-03  0.3288E-07-0.1074E-01 0.1054E-01  0.000      0.000      0.000      0.000       0.000       0.000       0.000       0.000       0.000       0.000    
  2090880.   42.65643590   12.4112   0.000       0.000      0.1967E-03  0.3405E-07-0.1060E-01 0.1040E-01  0.000      0.000      0.000      0.000       0.000       0.000       0.000       0.000       0.000       0.000    
  2108160.   42.65643590   12.3743   0.000       0.000      0.1937E-03  0.3276E-07-0.1046E-01 0.1027E-01  0.000      0.000      0.000      0.000       0.000       0.000       0.000       0.000       0.000       0.000    
  2125440.   42.65643590   12.3382   0.000       0.000      0.1908E-03  0.3172E-07-0.1033E-01 0.1014E-01  0.000      0.000      0.000      0.000       0.000       0.000       0.000       0.000       0.000       0.000    
  2142720.   42.65643590   12.3029   0.000       0.000      0.1879E-03  0.3073E-07-0.1020E-01 0.1001E-01  0.000      0.000      0.000      0.000       0.000       0.000       0.000       0.000       0.000       0.000    
  2160000.   42.65643590   12.2684   0.000       0.000      0.1851E-03  0.2977E-07-0.1006E-01 0.9879E-02  0.000      0.000      0.000      0.000       0.000       0.000       0.000       0.000       0.000       0.000    
  2177280.   42.65643590   12.2328   0.000       0.000      0.1822E-03  0.3028E-07-0.9929E-02 0.9747E-02  0.000      0.000      0.000      0.000       0.000       0.000       0.000       0.000       0.000       0.000    
  2194560.   42.65643590   12.1980   0.000       0.000      0.1794E-03  0.2918E-07-0.9798E-02 0.9618E-02  0.000      0.000      0.000      0.000       0.000       0.000       0.000       0.000       0.000       0.000    
  2211840.   42.65643590   12.1640   0.000       0.000      0.1766E-03  0.2825E-07-0.9668E-02 0.9492E-02  0.000      0.000      0.000      0.000       0.000       0.000       0.000       0.000       0.000       0.000    
  2229120.   42.65643590   12.1308   0.000       0.000      0.1739E-03  0.2736E-07-0.9541E-02 0.9367E-02  0.000      0.000      0.000      0.000       0.000       0.000       0.000       0.000       0.000       0.000    
  2246400.   42.65643590   12.0983   0.000       0.000      0.1712E-03  0.2651E-07-0.9416E-02 0.9244E-02  0.000      0.000      0.000      0.000       0.000       0.000       0.000       0.000       0.000       0.000    
  2263680.   42.65643590   12.0646   0.000       0.000      0.1685E-03  0.2704E-07-0.9287E-02 0.9118E-02  0.000      0.000      0.000      0.000       0.000       0.000       0.000       0.000       0.000       0.000    
  2280960.   42.65643590   12.0317   0.000       0.000      0.1658E-03  0.2604E-07-0.9160E-02 0.8994E-02  0.000      0.000      0.000      0.000       0.000       0.000       0.000       0.000       0.000       0.000    
  2298240.   42.65643590   11.9995   0.000       0.000      0.1632E-03  0.2521E-07-0.9036E-02 0.8873E-02  0.000      0.000      0.000      0.000       0.000       0.000       0.000       0.000       0.000       0.000    
  2315520.   42.65643590   11.9681   0.000       0.000      0.1606E-03  0.2441E-07-0.8914E-02 0.8753E-02  0.000      0.000      0.000      0.000       0.000       0.000       0.000       0.000       0.000       0.000    
  2332800.   42.65643590   11.9374   0.000       0.000      0.1581E-03  0.2364E-07-0.8794E-02 0.8636E-02  0.000      0.000      0.000      0.000       0.000       0.000       0.000       0.000       0.000       0.000    
  2350080.   42.65643590   11.9061   0.000       0.000      0.1555E-03  0.2374E-07-0.8672E-02 0.8516E-02  0.000      0.000      0.000      0.000       0.000       0.000       0.000       0.000       0.000       0.000    
  2367360.   42.65643590   11.8754   0.000       0.000      0.1530E-03  0.2289E-07-0.8553E-02 0.8399E-02  0.000      0.000      0.000      0.000       0.000       0.000       0.000       0.000       0.000       0.000    
  2384640.   42.65643590   11.8455   0.000       0.000      0.1506E-03  0.2216E-07-0.8435E-02 0.8284E-02  0.000      0.000      0.000      0.000       0.000       0.000       0.000       0.000       0.000       0.000    
  2401920.   42.65643590   11.8162   0.000       0.000      0.1482E-03  0.2146E-07-0.8320E-02 0.8171E-02  0.000      0.000      0.000      0.000       0.000       0.000       0.000       0.000       0.000       0.000    
  2419200.   42.65643590   11.7876   0.000       0.000      0.1459E-03  0.2079E-07-0.8206E-02 0.8060E-02  0.000      0.000      0.000      0.000       0.000       0.000       0.000       0.000       0.000       0.000    
  2436480.   42.65643590   11.7705   0.000       0.000      0.1445E-03  0.1356E-07-0.8128E-02 0.7983E-02  0.000      0.000      0.000      0.000       0.000       0.000       0.000       0.000       0.000       0.000    
  2453760.   42.65643590   11.7535   0.000       0.000      0.1431E-03  0.1393E-07-0.8048E-02 0.7904E-02  0.000      0.000      0.000      0.000       0.000       0.000       0.000       0.000       0.000       0.000    
  2471040.   42.65643590   11.7367   0.000       0.000      0.1417E-03  0.1363E-07-0.7968E-02 0.7827E-02  0.000      0.000      0.000      0.000       0.000       0.000       0.000       0.000       0.000       0.000    
  2488320.   42.65643590   11.7201   0.000       0.000      0.1404E-03  0.1332E-07-0.7890E-02 0.7750E-02  0.000      0.000      0.000      0.000       0.000       0.000       0.000       0.000       0.000       0.000    
  2505600.   42.65643590   11.7036   0.000       0.000      0.1390E-03  0.1301E-07-0.7813E-02 0.7674E-02  0.000      0.000      0.000      0.000       0.000       0.000       0.000       0.000       0.000       0.000    
  2522880.   42.65643590   11.6870   0.000       0.000      0.1377E-03  0.1293E-07-0.7736E-02 0.7598E-02  0.000      0.000      0.000      0.000       0.000       0.000       0.000       0.000       0.000       0.000    
  2540160.   42.65643590   11.6707   0.000       0.000      0.1364E-03  0.1259E-07-0.7660E-02 0.7524E-02  0.000      0.000      0.000      0.000       0.000       0.000       0.000       0.000       0.000       0.000    
  2557440.   42.65643590   11.6546   0.000       0.000      0.1350E-03  0.1228E-07-0.7586E-02 0.7451E-02  0.000      0.000      0.000      0.000       0.000       0.000       0.000       0.000       0.000       0.000    
  2574720.   42.65643590   11.6387   0.000       0.000      0.1337E-03  0.1197E-07-0.7512E-02 0.7378E-02  0.000      0.000      0.000      0.000       0.000       0.000       0.000       0.000       0.000       0.000    
  2592000.   42.65643590   11.6230   0.000       0.000      0.1325E-03  0.1168E-07-0.7440E-02 0.7307E-02  0.000      0.000      0.000      0.000       0.000       0.000       0.000       0.000       0.000       0.000    
  2609280.   42.65643590   11.6502   0.000       0.000      0.1347E-03 -0.1235E-07-0.7500E-02 0.7366E-02  0.000      0.000      0.000      0.000       0.000       0.000       0.000       0.000       0.000       0.000    
  2626560.   42.65643590   11.6757   0.000       0.000      0.1368E-03 -0.9482E-08-0.7546E-02 0.7409E-02  0.000      0.000      0.000      0.000       0.000       0.000       0.000       0.000       0.000       0.000    
  2643840.   42.65643590   11.6999   0.000       0.000      0.1387E-03 -0.9074E-08-0.7589E-02 0.7451E-02  0.000      0.000      0.000      0.000       0.000       0.000       0.000       0.000       0.000       0.000    
  2661120.   42.65643590   11.7229   0.000       0.000      0.1406E-03 -0.8758E-08-0.7631E-02 0.7491E-02  0.000      0.000      0.000      0.000       0.000       0.000       0.000       0.000       0.000       0.000    
  2678400.   42.65643590   11.7447   0.000       0.000      0.1424E-03 -0.8484E-08-0.7672E-02 0.7530E-02  0.000      0.000      0.000      0.000       0.000       0.000       0.000       0.000       0.000       0.000    
  2695680.   42.65643590   11.8830   0.000       0.000      0.1537E-03 -0.7848E-07-0.8074E-02 0.7921E-02  0.000      0.000      0.000      0.000       0.000       0.000       0.000       0.000       0.000       0.000    
  2712960.   42.65643590   12.0153   0.000       0.000      0.1645E-03 -0.7276E-07-0.8432E-02 0.8268E-02  0.000      0.000      0.000      0.000       0.000       0.000       0.000       0.000       0.000       0.000    
  2730240.   42.65643590   12.1423   0.000       0.000      0.1748E-03 -0.7384E-07-0.8780E-02 0.8606E-02  0.000      0.000      0.000      0.000       0.000       0.000       0.000       0.000       0.000       0.000    
  2747520.   42.65643590   12.2645   0.000       0.000      0.1848E-03 -0.7499E-07-0.9121E-02 0.8936E-02  0.000      0.000      0.000      0.000       0.000       0.000       0.000       0.000       0.000       0.000    
  2764800.   42.65643590   12.3822   0.000       0.000      0.1944E-03 -0.7608E-07-0.9455E-02 0.9260E-02  0.000      0.000      0.000      0.000       0.000       0.000       0.000       0.000       0.000       0.000    
  2782080.   42.65643590   12.6637   0.000       0.000      0.2174E-03 -0.2072E-06-0.1030E-01 0.1008E-01  0.000      0.000      0.000      0.000       0.000       0.000       0.000       0.000       0.000       0.000    
  2799360.   42.65643590   12.9342   0.000       0.000      0.2394E-03 -0.2057E-06-0.1108E-01 0.1084E-01  0.000      0.000      0.000      0.000       0.000       0.000       0.000       0.000       0.000       0.000    
  2816640.   42.65643590   13.1950   0.000       0.000      0.2607E-03 -0.2155E-06-0.1184E-01 0.1158E-01  0.000      0.000      0.000      0.000       0.000       0.000       0.000       0.000       0.000       0.000    
  2833920.   42.65643590   13.4468   0.000       0.000      0.2812E-03 -0.2249E-06-0.1258E-01 0.1230E-01  0.000      0.000      0.000      0.000       0.000       0.000       0.000       0.000       0.000       0.000    
  2851200.   42.65643590   13.6903   0.000       0.000      0.3011E-03 -0.2338E-06-0.1331E-01 0.1301E-01  0.000      0.000      0.000      0.000       0.000       0.000       0.000       0.000       0.000       0.000    
  2868480.   42.65643590   13.6609   0.000       0.000      0.2987E-03  0.3948E-07-0.1322E-01 0.1292E-01  0.000      0.000      0.000      0.000       0.000       0.000       0.000       0.000       0.000       0.000    
  2885760.   42.65643590   13.6353   0.000       0.000      0.2966E-03  0.1107E-07-0.1320E-01 0.1291E-01  0.000      0.000      0.000      0.000       0.000       0.000       0.000       0.000       0.000       0.000    
  2903040.   42.65643590   13.6123   0.000       0.000      0.2947E-03  0.8594E-08-0.1319E-01 0.1290E-01  0.000      0.000      0.000      0.000       0.000       0.000       0.000       0.000       0.000       0.000    
  2920320.   42.65643590   13.5914   0.000       0.000      0.2930E-03  0.7183E-08-0.1319E-01 0.1289E-01  0.000      0.000      0.000      0.000       0.000       0.000       0.000       0.000       0.000       0.000    
  2937600.   42.65643590   13.5725   0.000       0.000      0.2915E-03  0.6115E-08-0.1318E-01 0.1289E-01  0.000      0.000      0.000      0.000       0.000       0.000       0.000       0.000       0.000       0.000    
  2954880.   42.65643590   13.5724   0.000       0.000      0.2915E-03 -0.1234E-07-0.1323E-01 0.1294E-01  0.000      0.000      0.000      0.000       0.000       0.000       0.000       0.000       0.000       0.000    
  2972160.   42.65643590   13.5732   0.000       0.000      0.2915E-03 -0.1094E-07-0.1327E-01 0.1298E-01  0.000      0.000      0.000      0.000       0.000       0.000       0.000       0.000       0.000       0.000    
  2989440.   42.65643590   13.5747   0.000       0.000      0.2916E-03 -0.1110E-07-0.1332E-01 0.1302E-01  0.000      0.000      0.000      0.000       0.000       0.000       0.000       0.000       0.000       0.000    
  3006720.   42.65643590   13.5769   0.000       0.000      0.2918E-03 -0.1125E-07-0.1336E-01 0.1307E-01  0.000      0.000      0.000      0.000       0.000       0.000       0.000       0.000       0.000       0.000    
  3024000.   42.65643590   13.5797   0.000       0.000      0.2920E-03 -0.1137E-07-0.1340E-01 0.1311E-01  0.000      0.000      0.000      0.000       0.000       0.000       0.000       0.000       0.000       0.000    
  3041280.   42.65643590   13.6252   0.000       0.000      0.2957E-03 -0.5533E-07-0.1357E-01 0.1328E-01  0.000      0.000      0.000      0.000       0.000       0.000       0.000       0.000       0.000       0.000    
  3058560.   42.65643590   13.6693   0.000       0.000      0.2993E-03 -0.5069E-07-0.1373E-01 0.1343E-01  0.000      0.000      0.000      0.000       0.000       0.000       0.000       0.000       0.000       0.000    
  3075840.   42.65643590   13.7124   0.000       0.000      0.3029E-03 -0.5009E-07-0.1389E-01 0.1358E-01  0.000      0.000      0.000      0.000       0.000       0.000       0.000       0.000       0.000       0.000    
  3093120.   42.65643590   13.7544   0.000       0.000      0.3063E-03 -0.4964E-07-0.1404E-01 0.1373E-01  0.000      0.000      0.000      0.000       0.000       0.000       0.000       0.000       0.000       0.000    
  3110400.   42.65643590   13.7954   0.000       0.000      0.3096E-03 -0.4922E-07-0.1419E-01 0.1388E-01  0.000      0.000      0.000      0.000       0.000       0.000       0.000       0.000       0.000       0.000    
  3127680.   42.65643590   13.7667   0.000       0.000      0.3073E-03  0.2650E-07-0.1412E-01 0.1381E-01  0.000      0.000      0.000      0.000       0.000       0.000       0.000       0.000       0.000       0.000    
  3144960.   42.65643590   13.7400   0.000       0.000      0.3051E-03  0.1834E-07-0.1408E-01 0.1377E-01  0.000      0.000      0.000      0.000       0.000       0.000       0.000       0.000       0.000       0.000    
  3162240.   42.65643590   13.7149   0.000       0.000      0.3031E-03  0.1714E-07-0.1404E-01 0.1373E-01  0.000      0.000      0.000      0.000       0.000       0.000       0.000       0.000       0.000       0.000    
  3179520.   42.65643590   13.6912   0.000       0.000      0.3011E-03  0.1628E-07-0.1400E-01 0.1370E-01  0.000      0.000      0.000      0.000       0.000       0.000       0.000       0.000       0.000       0.000    
  3196800.   42.65643590   13.6687   0.000       0.000      0.2993E-03  0.1553E-07-0.1396E-01 0.1366E-01  0.000      0.000      0.000      0.000       0.000       0.000       0.000       0.000       0.000       0.000    
  3214080.   42.65643590   13.6175   0.000       0.000      0.2951E-03  0.4672E-07-0.1383E-01 0.1353E-01  0.000      0.000      0.000      0.000       0.000       0.000       0.000       0.000       0.000       0.000    
  3231360.   42.65643590   13.5686   0.000       0.000      0.2911E-03  0.4192E-07-0.1371E-01 0.1342E-01  0.000      0.000      0.000      0.000       0.000       0.000       0.000       0.000       0.000       0.000    
  3248640.   42.65643590   13.5218   0.000       0.000      0.2873E-03  0.4019E-07-0.1360E-01 0.1331E-01  0.000      0.000      0.000      0.000       0.000       0.000       0.000       0.000       0.000       0.000    
  3265920.   42.65643590   13.4769   0.000       0.000      0.2836E-03  0.3867E-07-0.1348E-01 0.1320E-01  0.000      0.000      0.000      0.000       0.000       0.000       0.000       0.000       0.000       0.000    
  3283200.   42.65643590   13.4338   0.000       0.000      0.2801E-03  0.3727E-07-0.1337E-01 0.1309E-01  0.000      0.000      0.000      0.000       0.000       0.000       0.000       0.000       0.000       0.000    
  3300480.   42.65643590   13.4076   0.000       0.000      0.2780E-03  0.2048E-07-0.1331E-01 0.1304E-01  0.000      0.000      0.000      0.000       0.000       0.000       0.000       0.000       0.000       0.000    
  3317760.   42.65643590   13.3824   0.000       0.000      0.2759E-03  0.2133E-07-0.1325E-01 0.1297E-01  0.000      0.000      0.000      0.000       0.000       0.000       0.000       0.000       0.000       0.000    
  3335040.   42.65643590   13.3580   0.000       0.000      0.2739E-03  0.2077E-07-0.1319E-01 0.1291E-01  0.000      0.000      0.000      0.000       0.000       0.000       0.000       0.000       0.000       0.000    
  3352320.   42.65643590   13.3345   0.000       0.000      0.2720E-03  0.2019E-07-0.1313E-01 0.1286E-01  0.000      0.000      0.000      0.000       0.000       0.000       0.000       0.000       0.000       0.000    
  3369600.   42.65643590   13.3118   0.000       0.000      0.2702E-03  0.1963E-07-0.1307E-01 0.1280E-01  0.000      0.000      0.000      0.000       0.000       0.000       0.000       0.000       0.000       0.000    
  3386880.   42.65643590   13.3244   0.000       0.000      0.2712E-03 -0.1529E-07-0.1311E-01 0.1284E-01  0.000      0.000      0.000      0.000       0.000       0.000       0.000       0.000       0.000       0.000    
  3404160.   42.65643590   13.3363   0.000       0.000      0.2722E-03 -0.1159E-07-0.1315E-01 0.1288E-01  0.000      0.000      0.000      0.000       0.000       0.000       0.000       0.000       0.000       0.000    
  3421440.   42.65643590   13.3477   0.000       0.000      0.2731E-03 -0.1112E-07-0.1319E-01 0.1291E-01  0.000      0.000      0.000      0.000       0.000       0.000       0.000       0.000       0.000       0.000    
  3438720.   42.65643590   13.3586   0.000       0.000      0.2740E-03 -0.1079E-07-0.1322E-01 0.1295E-01  0.000      0.000      0.000      0.000       0.000       0.000       0.000       0.000       0.000       0.000    
  3456000.   42.65643590   13.3691   0.000       0.000      0.2749E-03 -0.1050E-07-0.1325E-01 0.1298E-01  0.000      0.000      0.000      0.000       0.000       0.000       0.000       0.000       0.000       0.000    
  3473280.   42.65643590   13.4011   0.000       0.000      0.2775E-03 -0.3257E-07-0.1335E-01 0.1307E-01  0.000      0.000      0.000      0.000       0.000       0.000       0.000       0.000       0.000       0.000    
  3490560.   42.65643590   13.4318   0.000       0.000      0.2800E-03 -0.2984E-07-0.1344E-01 0.1316E-01  0.000      0.000      0.000      0.000       0.000       0.000       0.000       0.000       0.000       0.000    
  3507840.   42.65643590   13.4614   0.000       0.000      0.2824E-03 -0.2921E-07-0.1353E-01 0.1325E-01  0.000      0.000      0.000      0.000       0.000       0.000       0.000       0.000       0.000       0.000    
  3525120.   42.65643590   13.4900   0.000       0.000      0.2847E-03 -0.2868E-07-0.1362E-01 0.1334E-01  0.000      0.000      0.000      0.000       0.000       0.000       0.000       0.000       0.000       0.000    
  3542400.   42.65643590   13.5176   0.000       0.000      0.2870E-03 -0.2819E-07-0.1371E-01 0.1342E-01  0.000      0.000      0.000      0.000       0.000       0.000       0.000       0.000       0.000       0.000    
  3559680.   42.65643590   13.5253   0.000       0.000      0.2876E-03 -0.7689E-08-0.1373E-01 0.1344E-01  0.000      0.000      0.000      0.000       0.000       0.000       0.000       0.000       0.000       0.000    
  3576960.   42.65643590   13.5329   0.000       0.000      0.2882E-03 -0.9495E-08-0.1376E-01 0.1347E-01  0.000      0.000      0.000      0.000       0.000       0.000       0.000       0.000       0.000       0.000    
  3594240.   42.65643590   13.5403   0.000       0.000      0.2888E-03 -0.9458E-08-0.1379E-01 0.1350E-01  0.000      0.000      0.000      0.000       0.000       0.000       0.000       0.000       0.000       0.000    
  3611520.   42.65643590   13.5477   0.000       0.000      0.2894E-03 -0.9357E-08-0.1382E-01 0.1353E-01  0.000      0.000      0.000      0.000       0.000       0.000       0.000       0.000       0.000       0.000    
  3628800.   42.65643590   13.5549   0.000       0.000      0.2900E-03 -0.9241E-08-0.1385E-01 0.1356E-01  0.000      0.000      0.000      0.000       0.000       0.000       0.000       0.000       0.000       0.000    
  3646080.   42.65643590   13.5188   0.000       0.000      0.2871E-03  0.3644E-07-0.1375E-01 0.1346E-01  0.000      0.000      0.000      0.000       0.000       0.000       0.000       0.000       0.000       0.000    
  3663360.   42.65643590   13.4843   0.000       0.000      0.2842E-03  0.3088E-07-0.1366E-01 0.1338E-01  0.000      0.000      0.000      0.000       0.000       0.000       0.000       0.000       0.000       0.000    
  3680640.   42.65643590   13.4513   0.000       0.000      0.2815E-03  0.2961E-07-0.1357E-01 0.1329E-01  0.000      0.000      0.000      0.000       0.000       0.000       0.000       0.000       0.000       0.000    
  3697920.   42.65643590   13.4195   0.000       0.000      0.2790E-03  0.2856E-07-0.1349E-01 0.1321E-01  0.000      0.000      0.000      0.000       0.000       0.000       0.000       0.000       0.000       0.000    
  3715200.   42.65643590   13.3890   0.000       0.000      0.2765E-03  0.2761E-07-0.1341E-01 0.1313E-01  0.000      0.000      0.000      0.000       0.000       0.000       0.000       0.000       0.000       0.000    
  3732480.   42.65643590   13.3675   0.000       0.000      0.2747E-03  0.1866E-07-0.1335E-01 0.1308E-01  0.000      0.000      0.000      0.000       0.000       0.000       0.000       0.000       0.000       0.000    
  3749760.   42.65643590   13.3468   0.000       0.000      0.2730E-03  0.1889E-07-0.1329E-01 0.1302E-01  0.000      0.000      0.000      0.000       0.000       0.000       0.000       0.000       0.000       0.000    
  3767040.   42.65643590   13.3267   0.000       0.000      0.2714E-03  0.1840E-07-0.1324E-01 0.1297E-01  0.000      0.000      0.000      0.000       0.000       0.000       0.000       0.000       0.000       0.000    
  3784320.   42.65643590   13.3073   0.000       0.000      0.2698E-03  0.1791E-07-0.1318E-01 0.1291E-01  0.000      0.000      0.000      0.000       0.000       0.000       0.000       0.000       0.000       0.000    
  3801600.   42.65643590   13.2886   0.000       0.000      0.2683E-03  0.1743E-07-0.1313E-01 0.1286E-01  0.000      0.000      0.000      0.000       0.000       0.000       0.000       0.000       0.000       0.000    
  3818880.   42.65643590   13.2981   0.000       0.000      0.2691E-03 -0.1055E-07-0.1316E-01 0.1289E-01  0.000      0.000      0.000      0.000       0.000       0.000       0.000       0.000       0.000       0.000    
  3836160.   42.65643590   13.3069   0.000       0.000      0.2698E-03 -0.7595E-08-0.1318E-01 0.1291E-01  0.000      0.000      0.000      0.000       0.000       0.000       0.000       0.000       0.000       0.000    
  3853440.   42.65643590   13.3153   0.000       0.000      0.2705E-03 -0.7229E-08-0.1320E-01 0.1293E-01  0.000      0.000      0.000      0.000       0.000       0.000       0.000       0.000       0.000       0.000    
  3870720.   42.65643590   13.3234   0.000       0.000      0.2711E-03 -0.6972E-08-0.1322E-01 0.1295E-01  0.000      0.000      0.000      0.000       0.000       0.000       0.000       0.000       0.000       0.000    
  3888000.   42.65643590   13.3310   0.000       0.000      0.2717E-03 -0.6752E-08-0.1324E-01 0.1297E-01  0.000      0.000      0.000      0.000       0.000       0.000       0.000       0.000       0.000       0.000    
  3905280.   42.65643590   13.3685   0.000       0.000      0.2748E-03 -0.3708E-07-0.1336E-01 0.1308E-01  0.000      0.000      0.000      0.000       0.000       0.000       0.000       0.000       0.000       0.000    
  3922560.   42.65643590   13.4044   0.000       0.000      0.2777E-03 -0.3350E-07-0.1346E-01 0.1318E-01  0.000      0.000      0.000      0.000       0.000       0.000       0.000       0.000       0.000       0.000    
  3939840.   42.65643590   13.4389   0.000       0.000      0.2805E-03 -0.3277E-07-0.1356E-01 0.1328E-01  0.000      0.000      0.000      0.000       0.000       0.000       0.000       0.000       0.000       0.000    
  3957120.   42.65643590   13.4722   0.000       0.000      0.2833E-03 -0.3217E-07-0.1365E-01 0.1337E-01  0.000      0.000      0.000      0.000       0.000       0.000       0.000       0.000       0.000       0.000    
  3974400.   42.65643590   13.5043   0.000       0.000      0.2859E-03 -0.3162E-07-0.1375E-01 0.1346E-01  0.000      0.000      0.000      0.000       0.000       0.000       0.000       0.000       0.000       0.000    
  3991680.   42.65643590   13.5417   0.000       0.000      0.2889E-03 -0.3782E-07-0.1386E-01 0.1357E-01  0.000      0.000      0.000      0.000       0.000       0.000       0.000       0.000       0.000       0.000    
  4008960.   42.65643590   13.5778   0.000       0.000      0.2919E-03 -0.3662E-07-0.1397E-01 0.1368E-01  0.000      0.000      0.000      0.000       0.000       0.000       0.000       0.000       0.000       0.000    
  4026240.   42.65643590   13.6127   0.000       0.000      0.2947E-03 -0.3605E-07-0.1408E-01 0.1378E-01  0.000      0.000      0.000      0.000       0.000       0.000       0.000       0.000       0.000       0.000    
  4043520.   42.65643590   13.6465   0.000       0.000      0.2975E-03 -0.3553E-07-0.1418E-01 0.1388E-01  0.000      0.000      0.000      0.000       0.000       0.000       0.000       0.000       0.000       0.000    
  4060800.   42.65643590   13.6792   0.000       0.000      0.3001E-03 -0.3503E-07-0.1428E-01 0.1398E-01  0.000      0.000      0.000      0.000       0.000       0.000       0.000       0.000       0.000       0.000    
  4078080.   42.65643590   13.6475   0.000       0.000      0.2975E-03  0.3472E-07-0.1419E-01 0.1389E-01  0.000      0.000      0.000      0.000       0.000       0.000       0.000       0.000       0.000       0.000    
  4095360.   42.65643590   13.6175   0.000       0.000      0.2951E-03  0.2702E-07-0.1412E-01 0.1382E-01  0.000      0.000      0.000      0.000       0.000       0.000       0.000       0.000       0.000       0.000    
  4112640.   42.65643590   13.5888   0.000       0.000      0.2928E-03  0.2574E-07-0.1404E-01 0.1375E-01  0.000      0.000      0.000      0.000       0.000       0.000       0.000       0.000       0.000       0.000    
  4129920.   42.65643590   13.5614   0.000       0.000      0.2905E-03  0.2476E-07-0.1397E-01 0.1368E-01  0.000      0.000      0.000      0.000       0.000       0.000       0.000       0.000       0.000       0.000    
  4147200.   42.65643590   13.5351   0.000       0.000      0.2884E-03  0.2389E-07-0.1391E-01 0.1362E-01  0.000      0.000      0.000      0.000       0.000       0.000       0.000       0.000       0.000       0.000    
  4164480.   42.65643590   13.4863   0.000       0.000      0.2844E-03  0.4783E-07-0.1377E-01 0.1348E-01  0.000      0.000      0.000      0.000       0.000       0.000       0.000       0.000       0.000       0.000    
  4181760.   42.65643590   13.4395   0.000       0.000      0.2806E-03  0.4378E-07-0.1364E-01 0.1336E-01  0.000      0.000      0.000      0.000       0.000       0.000       0.000       0.000       0.000       0.000    
  4199040.   42.65643590   13.3944   0.000       0.000      0.2769E-03  0.4212E-07-0.1351E-01 0.1323E-01  0.000      0.000      0.000      0.000       0.000       0.000       0.000       0.000       0.000       0.000    
  4216320.   42.65643590   13.3510   0.000       0.000      0.2734E-03  0.4064E-07-0.1339E-01 0.1311E-01  0.000      0.000      0.000      0.000       0.000       0.000       0.000       0.000       0.000       0.000    
  4233600.   42.65643590   13.3091   0.000       0.000      0.2700E-03  0.3926E-07-0.1327E-01 0.1300E-01  0.000      0.000      0.000      0.000       0.000       0.000       0.000       0.000       0.000       0.000    
  4250880.   42.65643590   13.2637   0.000       0.000      0.2663E-03  0.4284E-07-0.1313E-01 0.1287E-01  0.000      0.000      0.000      0.000       0.000       0.000       0.000       0.000       0.000       0.000    
  4268160.   42.65643590   13.2199   0.000       0.000      0.2627E-03  0.4093E-07-0.1300E-01 0.1274E-01  0.000      0.000      0.000      0.000       0.000       0.000       0.000       0.000       0.000       0.000    
  4285440.   42.65643590   13.1775   0.000       0.000      0.2592E-03  0.3956E-07-0.1288E-01 0.1262E-01  0.000      0.000      0.000      0.000       0.000       0.000       0.000       0.000       0.000       0.000    
  4302720.   42.65643590   13.1365   0.000       0.000      0.2559E-03  0.3827E-07-0.1275E-01 0.1250E-01  0.000      0.000      0.000      0.000       0.000       0.000       0.000       0.000       0.000       0.000    
  4320000.   42.65643590   13.0968   0.000       0.000      0.2526E-03  0.3705E-07-0.1263E-01 0.1238E-01  0.000      0.000      0.000      0.000       0.000       0.000       0.000       0.000       0.000       0.000    
  4337280.   42.65643590   13.0536   0.000       0.000      0.2491E-03  0.4033E-07-0.1249E-01 0.1225E-01  0.000      0.000      0.000      0.000       0.000       0.000       0.000       0.000       0.000       0.000    
  4354560.   42.65643590   13.0118   0.000       0.000      0.2457E-03  0.3859E-07-0.1236E-01 0.1212E-01  0.000      0.000      0.000      0.000       0.000       0.000       0.000       0.000       0.000       0.000    
  4371840.   42.65643590   12.9712   0.000       0.000      0.2424E-03  0.3733E-07-0.1224E-01 0.1199E-01  0.000      0.000      0.000      0.000       0.000       0.000       0.000       0.000       0.000       0.000    
  4389120.   42.65643590   12.9319   0.000       0.000      0.2392E-03  0.3614E-07-0.1211E-01 0.1187E-01  0.000      0.000      0.000      0.000       0.000       0.000       0.000       0.000       0.000       0.000    
  4406400.   42.65643590   12.8937   0.000       0.000      0.2361E-03  0.3501E-07-0.1199E-01 0.1175E-01  0.000      0.000      0.000      0.000       0.000       0.000       0.000       0.000       0.000       0.000    
