TOTIM (T)      HCON          HMAT      QDIR      QWELL        QMAT       QCADS      QTUB1      QTUB2      QTUB3      QTUB4      QTUB5      QTUB6       NSTOR        QFIX        QLH     FHLQ (LQ)        CAUCHY   CAUCHY (LQ)
    86400.   42.65643590   13.8325   0.000       0.000      0.3126E-03   0.000    -0.9996E-02 0.9683E-02  0.000      0.000      0.000      0.000       0.000       0.000       0.000       0.000       0.000       0.000    
   103680.   42.65643590   13.7565   0.000       0.000      0.3064E-03  0.3143E-06-0.9383E-02 0.9077E-02  0.000      0.000      0.000      0.000       0.000       0.000       0.000       0.000       0.000       0.000    
   120960.   42.65643590   13.6836   0.000       0.000      0.3005E-03  0.8827E-07-0.9229E-02 0.8929E-02  0.000      0.000      0.000      0.000       0.000       0.000       0.000       0.000       0.000       0.000    
   138240.   42.65643590   13.6132   0.000       0.000      0.2947E-03  0.8061E-07-0.9087E-02 0.8792E-02  0.000      0.000      0.000      0.000       0.000       0.000       0.000       0.000       0.000       0.000    
   155520.   42.65643590   13.5451   0.000       0.000      0.2892E-03  0.7714E-07-0.8947E-02 0.8658E-02  0.000      0.000      0.000      0.000       0.000       0.000       0.000       0.000       0.000       0.000    
   172800.   42.65643590   13.4792   0.000       0.000      0.2838E-03  0.7398E-07-0.8810E-02 0.8526E-02  0.000      0.000      0.000      0.000       0.000       0.000       0.000       0.000       0.000       0.000    
   190080.   42.65643590   13.4405   0.000       0.000      0.2807E-03  0.3979E-07-0.8735E-02 0.8454E-02  0.000      0.000      0.000      0.000       0.000       0.000       0.000       0.000       0.000       0.000    
   207360.   42.65643590   13.4027   0.000       0.000      0.2776E-03  0.4170E-07-0.8653E-02 0.8376E-02  0.000      0.000      0.000      0.000       0.000       0.000       0.000       0.000       0.000       0.000    
   224640.   42.65643590   13.3658   0.000       0.000      0.2746E-03  0.4056E-07-0.8573E-02 0.8299E-02  0.000      0.000      0.000      0.000       0.000       0.000       0.000       0.000       0.000       0.000    
   241920.   42.65643590   13.3299   0.000       0.000      0.2717E-03  0.3937E-07-0.8495E-02 0.8223E-02  0.000      0.000      0.000      0.000       0.000       0.000       0.000       0.000       0.000       0.000    
   259200.   42.65643590   13.2948   0.000       0.000      0.2688E-03  0.3822E-07-0.8417E-02 0.8148E-02  0.000      0.000      0.000      0.000       0.000       0.000       0.000       0.000       0.000       0.000    
   276480.   42.65643590   13.2675   0.000       0.000      0.2666E-03  0.2902E-07-0.8357E-02 0.8091E-02  0.000      0.000      0.000      0.000       0.000       0.000       0.000       0.000       0.000       0.000    
   293760.   42.65643590   13.2407   0.000       0.000      0.2644E-03  0.2910E-07-0.8296E-02 0.8032E-02  0.000      0.000      0.000      0.000       0.000       0.000       0.000       0.000       0.000       0.000    
   311040.   42.65643590   13.2145   0.000       0.000      0.2622E-03  0.2839E-07-0.8236E-02 0.7974E-02  0.000      0.000      0.000      0.000       0.000       0.000       0.000       0.000       0.000       0.000    
   328320.   42.65643590   13.1889   0.000       0.000      0.2602E-03  0.2767E-07-0.8177E-02 0.7917E-02  0.000      0.000      0.000      0.000       0.000       0.000       0.000       0.000       0.000       0.000    
   345600.   42.65643590   13.1638   0.000       0.000      0.2581E-03  0.2698E-07-0.8118E-02 0.7860E-02  0.000      0.000      0.000      0.000       0.000       0.000       0.000       0.000       0.000       0.000    
   362880.   42.65643590   13.1714   0.000       0.000      0.2587E-03 -0.1029E-07-0.8136E-02 0.7877E-02  0.000      0.000      0.000      0.000       0.000       0.000       0.000       0.000       0.000       0.000    
   380160.   42.65643590   13.1784   0.000       0.000      0.2593E-03 -0.6120E-08-0.8143E-02 0.7884E-02  0.000      0.000      0.000      0.000       0.000       0.000       0.000       0.000       0.000       0.000    
   397440.   42.65643590   13.1851   0.000       0.000      0.2599E-03 -0.5662E-08-0.8150E-02 0.7890E-02  0.000      0.000      0.000      0.000       0.000       0.000       0.000       0.000       0.000       0.000    
   414720.   42.65643590   13.1915   0.000       0.000      0.2604E-03 -0.5352E-08-0.8157E-02 0.7896E-02  0.000      0.000      0.000      0.000       0.000       0.000       0.000       0.000       0.000       0.000    
   432000.   42.65643590   13.1976   0.000       0.000      0.2609E-03 -0.5097E-08-0.8163E-02 0.7902E-02  0.000      0.000      0.000      0.000       0.000       0.000       0.000       0.000       0.000       0.000    
   449280.   42.65643590   13.2279   0.000       0.000      0.2633E-03 -0.3316E-07-0.8226E-02 0.7963E-02  0.000      0.000      0.000      0.000       0.000       0.000       0.000       0.000       0.000       0.000    
   466560.   42.65643590   13.2572   0.000       0.000      0.2657E-03 -0.2963E-07-0.8280E-02 0.8015E-02  0.000      0.000      0.000      0.000       0.000       0.000       0.000       0.000       0.000       0.000    
   483840.   42.65643590   13.2856   0.000       0.000      0.2680E-03 -0.2895E-07-0.8334E-02 0.8066E-02  0.000      0.000      0.000      0.000       0.000       0.000       0.000       0.000       0.000       0.000    
   501120.   42.65643590   13.3133   0.000       0.000      0.2703E-03 -0.2840E-07-0.8386E-02 0.8116E-02  0.000      0.000      0.000      0.000       0.000       0.000       0.000       0.000       0.000       0.000    
   518400.   42.65643590   13.3403   0.000       0.000      0.2725E-03 -0.2790E-07-0.8437E-02 0.8165E-02  0.000      0.000      0.000      0.000       0.000       0.000       0.000       0.000       0.000       0.000    
   535680.   42.65643590   13.3476   0.000       0.000      0.2731E-03 -0.4697E-08-0.8444E-02 0.8171E-02  0.000      0.000      0.000      0.000       0.000       0.000       0.000       0.000       0.000       0.000    
   552960.   42.65643590   13.3549   0.000       0.000      0.2737E-03 -0.6935E-08-0.8456E-02 0.8182E-02  0.000      0.000      0.000      0.000       0.000       0.000       0.000       0.000       0.000       0.000    
   570240.   42.65643590   13.3621   0.000       0.000      0.2743E-03 -0.6922E-08-0.8468E-02 0.8194E-02  0.000      0.000      0.000      0.000       0.000       0.000       0.000       0.000       0.000       0.000    
   587520.   42.65643590   13.3691   0.000       0.000      0.2748E-03 -0.6836E-08-0.8480E-02 0.8205E-02  0.000      0.000      0.000      0.000       0.000       0.000       0.000       0.000       0.000       0.000    
   604800.   42.65643590   13.3758   0.000       0.000      0.2754E-03 -0.6733E-08-0.8492E-02 0.8216E-02  0.000      0.000      0.000      0.000       0.000       0.000       0.000       0.000       0.000       0.000    
   622080.   42.65643590   13.3891   0.000       0.000      0.2765E-03 -0.1473E-07-0.8519E-02 0.8243E-02  0.000      0.000      0.000      0.000       0.000       0.000       0.000       0.000       0.000       0.000    
   639360.   42.65643590   13.4021   0.000       0.000      0.2775E-03 -0.1363E-07-0.8544E-02 0.8267E-02  0.000      0.000      0.000      0.000       0.000       0.000       0.000       0.000       0.000       0.000    
   656640.   42.65643590   13.4146   0.000       0.000      0.2786E-03 -0.1335E-07-0.8569E-02 0.8290E-02  0.000      0.000      0.000      0.000       0.000       0.000       0.000       0.000       0.000       0.000    
   673920.   42.65643590   13.4269   0.000       0.000      0.2796E-03 -0.1310E-07-0.8593E-02 0.8313E-02  0.000      0.000      0.000      0.000       0.000       0.000       0.000       0.000       0.000       0.000    
   691200.   42.65643590   13.4388   0.000       0.000      0.2805E-03 -0.1286E-07-0.8617E-02 0.8336E-02  0.000      0.000      0.000      0.000       0.000       0.000       0.000       0.000       0.000       0.000    
   708480.   42.65643590   13.5162   0.000       0.000      0.2868E-03 -0.9428E-07-0.8792E-02 0.8506E-02  0.000      0.000      0.000      0.000       0.000       0.000       0.000       0.000       0.000       0.000    
   725760.   42.65643590   13.5911   0.000       0.000      0.2929E-03 -0.8555E-07-0.8946E-02 0.8653E-02  0.000      0.000      0.000      0.000       0.000       0.000       0.000       0.000       0.000       0.000    
   743040.   42.65643590   13.6641   0.000       0.000      0.2989E-03 -0.8481E-07-0.9097E-02 0.8798E-02  0.000      0.000      0.000      0.000       0.000       0.000       0.000       0.000       0.000       0.000    
   760320.   42.65643590   13.7353   0.000       0.000      0.3047E-03 -0.8434E-07-0.9244E-02 0.8940E-02  0.000      0.000      0.000      0.000       0.000       0.000       0.000       0.000       0.000       0.000    
   777600.   42.65643590   13.8049   0.000       0.000      0.3104E-03 -0.8392E-07-0.9390E-02 0.9079E-02  0.000      0.000      0.000      0.000       0.000       0.000       0.000       0.000       0.000       0.000    
   794880.   42.65643590   13.9315   0.000       0.000      0.3207E-03 -0.1645E-06-0.9668E-02 0.9348E-02  0.000      0.000      0.000      0.000       0.000       0.000       0.000       0.000       0.000       0.000    
   812160.   42.65643590   14.0548   0.000       0.000      0.3307E-03 -0.1575E-06-0.9926E-02 0.9595E-02  0.000      0.000      0.000      0.000       0.000       0.000       0.000       0.000       0.000       0.000    
   829440.   42.65643590   14.1751   0.000       0.000      0.3405E-03 -0.1581E-06-0.1018E-01 0.9838E-02  0.000      0.000      0.000      0.000       0.000       0.000       0.000       0.000       0.000       0.000    
   846720.   42.65643590   14.2926   0.000       0.000      0.3501E-03 -0.1589E-06-0.1043E-01 0.1008E-01  0.000      0.000      0.000      0.000       0.000       0.000       0.000       0.000       0.000       0.000    
   864000.   42.65643590   14.4075   0.000       0.000      0.3595E-03 -0.1596E-06-0.1067E-01 0.1031E-01  0.000      0.000      0.000      0.000       0.000       0.000       0.000       0.000       0.000       0.000    
   881280.   42.65643590   14.4679   0.000       0.000      0.3644E-03 -0.7870E-07-0.1079E-01 0.1043E-01  0.000      0.000      0.000      0.000       0.000       0.000       0.000       0.000       0.000       0.000    
   898560.   42.65643590   14.5274   0.000       0.000      0.3692E-03 -0.8636E-07-0.1092E-01 0.1056E-01  0.000      0.000      0.000      0.000       0.000       0.000       0.000       0.000       0.000       0.000    
   915840.   42.65643590   14.5858   0.000       0.000      0.3740E-03 -0.8641E-07-0.1106E-01 0.1068E-01  0.000      0.000      0.000      0.000       0.000       0.000       0.000       0.000       0.000       0.000    
   933120.   42.65643590   14.6431   0.000       0.000      0.3786E-03 -0.8615E-07-0.1119E-01 0.1081E-01  0.000      0.000      0.000      0.000       0.000       0.000       0.000       0.000       0.000       0.000    
   950400.   42.65643590   14.6993   0.000       0.000      0.3832E-03 -0.8580E-07-0.1132E-01 0.1093E-01  0.000      0.000      0.000      0.000       0.000       0.000       0.000       0.000       0.000       0.000    
   967680.   42.65643590   14.8233   0.000       0.000      0.3933E-03 -0.2002E-06-0.1160E-01 0.1121E-01  0.000      0.000      0.000      0.000       0.000       0.000       0.000       0.000       0.000       0.000    
   984960.   42.65643590   14.9442   0.000       0.000      0.4032E-03 -0.1898E-06-0.1186E-01 0.1146E-01  0.000      0.000      0.000      0.000       0.000       0.000       0.000       0.000       0.000       0.000    
  1002240.   42.65643590   15.0624   0.000       0.000      0.4128E-03 -0.1899E-06-0.1212E-01 0.1171E-01  0.000      0.000      0.000      0.000       0.000       0.000       0.000       0.000       0.000       0.000    
  1019520.   42.65643590   15.1779   0.000       0.000      0.4222E-03 -0.1902E-06-0.1238E-01 0.1195E-01  0.000      0.000      0.000      0.000       0.000       0.000       0.000       0.000       0.000       0.000    
  1036800.   42.65643590   15.2910   0.000       0.000      0.4314E-03 -0.1905E-06-0.1262E-01 0.1219E-01  0.000      0.000      0.000      0.000       0.000       0.000       0.000       0.000       0.000       0.000    
  1054080.   42.65643590   15.5014   0.000       0.000      0.4485E-03 -0.3778E-06-0.1310E-01 0.1265E-01  0.000      0.000      0.000      0.000       0.000       0.000       0.000       0.000       0.000       0.000    
  1071360.   42.65643590   15.7064   0.000       0.000      0.4652E-03 -0.3660E-06-0.1354E-01 0.1307E-01  0.000      0.000      0.000      0.000       0.000       0.000       0.000       0.000       0.000       0.000    
  1088640.   42.65643590   15.9069   0.000       0.000      0.4815E-03 -0.3701E-06-0.1397E-01 0.1349E-01  0.000      0.000      0.000      0.000       0.000       0.000       0.000       0.000       0.000       0.000    
  1105920.   42.65643590   16.1030   0.000       0.000      0.4975E-03 -0.3744E-06-0.1440E-01 0.1390E-01  0.000      0.000      0.000      0.000       0.000       0.000       0.000       0.000       0.000       0.000    
  1123200.   42.65643590   16.2949   0.000       0.000      0.5131E-03 -0.3785E-06-0.1481E-01 0.1430E-01  0.000      0.000      0.000      0.000       0.000       0.000       0.000       0.000       0.000       0.000    
  1140480.   42.65643590   16.3012   0.000       0.000      0.5136E-03  0.1347E-07-0.1481E-01 0.1430E-01  0.000      0.000      0.000      0.000       0.000       0.000       0.000       0.000       0.000       0.000    
  1157760.   42.65643590   16.3089   0.000       0.000      0.5142E-03 -0.2285E-07-0.1485E-01 0.1434E-01  0.000      0.000      0.000      0.000       0.000       0.000       0.000       0.000       0.000       0.000    
  1175040.   42.65643590   16.3172   0.000       0.000      0.5149E-03 -0.2561E-07-0.1490E-01 0.1438E-01  0.000      0.000      0.000      0.000       0.000       0.000       0.000       0.000       0.000       0.000    
  1192320.   42.65643590   16.3260   0.000       0.000      0.5156E-03 -0.2676E-07-0.1494E-01 0.1443E-01  0.000      0.000      0.000      0.000       0.000       0.000       0.000       0.000       0.000       0.000    
  1209600.   42.65643590   16.3350   0.000       0.000      0.5164E-03 -0.2750E-07-0.1499E-01 0.1447E-01  0.000      0.000      0.000      0.000       0.000       0.000       0.000       0.000       0.000       0.000    
  1226880.   42.65643590   16.2774   0.000       0.000      0.5117E-03  0.1163E-06-0.1488E-01 0.1437E-01  0.000      0.000      0.000      0.000       0.000       0.000       0.000       0.000       0.000       0.000    
  1244160.   42.65643590   16.2220   0.000       0.000      0.5072E-03  0.9921E-07-0.1479E-01 0.1428E-01  0.000      0.000      0.000      0.000       0.000       0.000       0.000       0.000       0.000       0.000    
  1261440.   42.65643590   16.1685   0.000       0.000      0.5028E-03  0.9477E-07-0.1470E-01 0.1420E-01  0.000      0.000      0.000      0.000       0.000       0.000       0.000       0.000       0.000       0.000    
  1278720.   42.65643590   16.1167   0.000       0.000      0.4986E-03  0.9116E-07-0.1462E-01 0.1412E-01  0.000      0.000      0.000      0.000       0.000       0.000       0.000       0.000       0.000       0.000    
  1296000.   42.65643590   16.0665   0.000       0.000      0.4945E-03  0.8789E-07-0.1453E-01 0.1404E-01  0.000      0.000      0.000      0.000       0.000       0.000       0.000       0.000       0.000       0.000    
  1313280.   42.65643590   15.9965   0.000       0.000      0.4888E-03  0.1287E-06-0.1440E-01 0.1391E-01  0.000      0.000      0.000      0.000       0.000       0.000       0.000       0.000       0.000       0.000    
  1330560.   42.65643590   15.9287   0.000       0.000      0.4833E-03  0.1203E-06-0.1428E-01 0.1380E-01  0.000      0.000      0.000      0.000       0.000       0.000       0.000       0.000       0.000       0.000    
  1347840.   42.65643590   15.8628   0.000       0.000      0.4779E-03  0.1160E-06-0.1416E-01 0.1368E-01  0.000      0.000      0.000      0.000       0.000       0.000       0.000       0.000       0.000       0.000    
  1365120.   42.65643590   15.7987   0.000       0.000      0.4727E-03  0.1120E-06-0.1404E-01 0.1357E-01  0.000      0.000      0.000      0.000       0.000       0.000       0.000       0.000       0.000       0.000    
  1382400.   42.65643590   15.7363   0.000       0.000      0.4676E-03  0.1083E-06-0.1392E-01 0.1345E-01  0.000      0.000      0.000      0.000       0.000       0.000       0.000       0.000       0.000       0.000    
  1399680.   42.65643590   15.6621   0.000       0.000      0.4616E-03  0.1313E-06-0.1378E-01 0.1331E-01  0.000      0.000      0.000      0.000       0.000       0.000       0.000       0.000       0.000       0.000    
  1416960.   42.65643590   15.5898   0.000       0.000      0.4557E-03  0.1245E-06-0.1364E-01 0.1318E-01  0.000      0.000      0.000      0.000       0.000       0.000       0.000       0.000       0.000       0.000    
  1434240.   42.65643590   15.5195   0.000       0.000      0.4500E-03  0.1202E-06-0.1350E-01 0.1305E-01  0.000      0.000      0.000      0.000       0.000       0.000       0.000       0.000       0.000       0.000    
  1451520.   42.65643590   15.4509   0.000       0.000      0.4444E-03  0.1162E-06-0.1336E-01 0.1292E-01  0.000      0.000      0.000      0.000       0.000       0.000       0.000       0.000       0.000       0.000    
  1468800.   42.65643590   15.3839   0.000       0.000      0.4389E-03  0.1125E-06-0.1323E-01 0.1279E-01  0.000      0.000      0.000      0.000       0.000       0.000       0.000       0.000       0.000       0.000    
  1486080.   42.65643590   15.3082   0.000       0.000      0.4328E-03  0.1283E-06-0.1307E-01 0.1264E-01  0.000      0.000      0.000      0.000       0.000       0.000       0.000       0.000       0.000       0.000    
  1503360.   42.65643590   15.2343   0.000       0.000      0.4268E-03  0.1222E-06-0.1292E-01 0.1250E-01  0.000      0.000      0.000      0.000       0.000       0.000       0.000       0.000       0.000       0.000    
  1520640.   42.65643590   15.1622   0.000       0.000      0.4209E-03  0.1181E-06-0.1278E-01 0.1235E-01  0.000      0.000      0.000      0.000       0.000       0.000       0.000       0.000       0.000       0.000    
  1537920.   42.65643590   15.0918   0.000       0.000      0.4152E-03  0.1142E-06-0.1263E-01 0.1222E-01  0.000      0.000      0.000      0.000       0.000       0.000       0.000       0.000       0.000       0.000    
  1555200.   42.65643590   15.0231   0.000       0.000      0.4096E-03  0.1105E-06-0.1249E-01 0.1208E-01  0.000      0.000      0.000      0.000       0.000       0.000       0.000       0.000       0.000       0.000    
  1572480.   42.65643590   14.9489   0.000       0.000      0.4035E-03  0.1191E-06-0.1233E-01 0.1193E-01  0.000      0.000      0.000      0.000       0.000       0.000       0.000       0.000       0.000       0.000    
  1589760.   42.65643590   14.8764   0.000       0.000      0.3976E-03  0.1140E-06-0.1218E-01 0.1178E-01  0.000      0.000      0.000      0.000       0.000       0.000       0.000       0.000       0.000       0.000    
  1607040.   42.65643590   14.8056   0.000       0.000      0.3919E-03  0.1101E-06-0.1203E-01 0.1164E-01  0.000      0.000      0.000      0.000       0.000       0.000       0.000       0.000       0.000       0.000    
  1624320.   42.65643590   14.7364   0.000       0.000      0.3862E-03  0.1065E-06-0.1188E-01 0.1149E-01  0.000      0.000      0.000      0.000       0.000       0.000       0.000       0.000       0.000       0.000    
  1641600.   42.65643590   14.6687   0.000       0.000      0.3807E-03  0.1031E-06-0.1174E-01 0.1135E-01  0.000      0.000      0.000      0.000       0.000       0.000       0.000       0.000       0.000       0.000    
  1658880.   42.65643590   14.6008   0.000       0.000      0.3752E-03  0.1025E-06-0.1159E-01 0.1121E-01  0.000      0.000      0.000      0.000       0.000       0.000       0.000       0.000       0.000       0.000    
  1676160.   42.65643590   14.5344   0.000       0.000      0.3698E-03  0.9894E-07-0.1144E-01 0.1108E-01  0.000      0.000      0.000      0.000       0.000       0.000       0.000       0.000       0.000       0.000    
  1693440.   42.65643590   14.4694   0.000       0.000      0.3645E-03  0.9574E-07-0.1130E-01 0.1094E-01  0.000      0.000      0.000      0.000       0.000       0.000       0.000       0.000       0.000       0.000    
  1710720.   42.65643590   14.4058   0.000       0.000      0.3593E-03  0.9267E-07-0.1116E-01 0.1080E-01  0.000      0.000      0.000      0.000       0.000       0.000       0.000       0.000       0.000       0.000    
  1728000.   42.65643590   14.3435   0.000       0.000      0.3542E-03  0.8973E-07-0.1103E-01 0.1067E-01  0.000      0.000      0.000      0.000       0.000       0.000       0.000       0.000       0.000       0.000    
  1745280.   42.65643590   14.2841   0.000       0.000      0.3494E-03  0.8460E-07-0.1090E-01 0.1055E-01  0.000      0.000      0.000      0.000       0.000       0.000       0.000       0.000       0.000       0.000    
  1762560.   42.65643590   14.2259   0.000       0.000      0.3446E-03  0.8221E-07-0.1077E-01 0.1042E-01  0.000      0.000      0.000      0.000       0.000       0.000       0.000       0.000       0.000       0.000    
  1779840.   42.65643590   14.1689   0.000       0.000      0.3400E-03  0.7969E-07-0.1064E-01 0.1030E-01  0.000      0.000      0.000      0.000       0.000       0.000       0.000       0.000       0.000       0.000    
  1797120.   42.65643590   14.1131   0.000       0.000      0.3355E-03  0.7725E-07-0.1051E-01 0.1018E-01  0.000      0.000      0.000      0.000       0.000       0.000       0.000       0.000       0.000       0.000    
  1814400.   42.65643590   14.0584   0.000       0.000      0.3310E-03  0.7490E-07-0.1039E-01 0.1006E-01  0.000      0.000      0.000      0.000       0.000       0.000       0.000       0.000       0.000       0.000    
  1831680.   42.65643590   14.0012   0.000       0.000      0.3263E-03  0.7776E-07-0.1026E-01 0.9931E-02  0.000      0.000      0.000      0.000       0.000       0.000       0.000       0.000       0.000       0.000    
  1848960.   42.65643590   13.9452   0.000       0.000      0.3218E-03  0.7483E-07-0.1013E-01 0.9809E-02  0.000      0.000      0.000      0.000       0.000       0.000       0.000       0.000       0.000       0.000    
  1866240.   42.65643590   13.8904   0.000       0.000      0.3173E-03  0.7248E-07-0.1001E-01 0.9688E-02  0.000      0.000      0.000      0.000       0.000       0.000       0.000       0.000       0.000       0.000    
  1883520.   42.65643590   13.8367   0.000       0.000      0.3129E-03  0.7023E-07-0.9882E-02 0.9569E-02  0.000      0.000      0.000      0.000       0.000       0.000       0.000       0.000       0.000       0.000    
  1900800.   42.65643590   13.7840   0.000       0.000      0.3086E-03  0.6806E-07-0.9761E-02 0.9453E-02  0.000      0.000      0.000      0.000       0.000       0.000       0.000       0.000       0.000       0.000    
  1918080.   42.65643590   13.7298   0.000       0.000      0.3042E-03  0.6943E-07-0.9636E-02 0.9332E-02  0.000      0.000      0.000      0.000       0.000       0.000       0.000       0.000       0.000       0.000    
  1935360.   42.65643590   13.6768   0.000       0.000      0.2999E-03  0.6691E-07-0.9514E-02 0.9214E-02  0.000      0.000      0.000      0.000       0.000       0.000       0.000       0.000       0.000       0.000    
  1952640.   42.65643590   13.6248   0.000       0.000      0.2957E-03  0.6481E-07-0.9394E-02 0.9098E-02  0.000      0.000      0.000      0.000       0.000       0.000       0.000       0.000       0.000       0.000    
  1969920.   42.65643590   13.5738   0.000       0.000      0.2915E-03  0.6279E-07-0.9275E-02 0.8984E-02  0.000      0.000      0.000      0.000       0.000       0.000       0.000       0.000       0.000       0.000    
  1987200.   42.65643590   13.5238   0.000       0.000      0.2875E-03  0.6085E-07-0.9159E-02 0.8871E-02  0.000      0.000      0.000      0.000       0.000       0.000       0.000       0.000       0.000       0.000    
  2004480.   42.65643590   13.4761   0.000       0.000      0.2836E-03  0.5746E-07-0.9047E-02 0.8763E-02  0.000      0.000      0.000      0.000       0.000       0.000       0.000       0.000       0.000       0.000    
  2021760.   42.65643590   13.4292   0.000       0.000      0.2797E-03  0.5589E-07-0.8937E-02 0.8657E-02  0.000      0.000      0.000      0.000       0.000       0.000       0.000       0.000       0.000       0.000    
  2039040.   42.65643590   13.3832   0.000       0.000      0.2760E-03  0.5422E-07-0.8828E-02 0.8552E-02  0.000      0.000      0.000      0.000       0.000       0.000       0.000       0.000       0.000       0.000    
  2056320.   42.65643590   13.3382   0.000       0.000      0.2723E-03  0.5260E-07-0.8721E-02 0.8448E-02  0.000      0.000      0.000      0.000       0.000       0.000       0.000       0.000       0.000       0.000    
  2073600.   42.65643590   13.2939   0.000       0.000      0.2687E-03  0.5103E-07-0.8616E-02 0.8347E-02  0.000      0.000      0.000      0.000       0.000       0.000       0.000       0.000       0.000       0.000    
  2090880.   42.65643590   13.2478   0.000       0.000      0.2650E-03  0.5278E-07-0.8506E-02 0.8241E-02  0.000      0.000      0.000      0.000       0.000       0.000       0.000       0.000       0.000       0.000    
  2108160.   42.65643590   13.2026   0.000       0.000      0.2613E-03  0.5083E-07-0.8398E-02 0.8137E-02  0.000      0.000      0.000      0.000       0.000       0.000       0.000       0.000       0.000       0.000    
  2125440.   42.65643590   13.1582   0.000       0.000      0.2577E-03  0.4927E-07-0.8292E-02 0.8035E-02  0.000      0.000      0.000      0.000       0.000       0.000       0.000       0.000       0.000       0.000    
  2142720.   42.65643590   13.1147   0.000       0.000      0.2541E-03  0.4777E-07-0.8188E-02 0.7934E-02  0.000      0.000      0.000      0.000       0.000       0.000       0.000       0.000       0.000       0.000    
  2160000.   42.65643590   13.0720   0.000       0.000      0.2506E-03  0.4632E-07-0.8086E-02 0.7835E-02  0.000      0.000      0.000      0.000       0.000       0.000       0.000       0.000       0.000       0.000    
  2177280.   42.65643590   13.0282   0.000       0.000      0.2471E-03  0.4707E-07-0.7981E-02 0.7734E-02  0.000      0.000      0.000      0.000       0.000       0.000       0.000       0.000       0.000       0.000    
  2194560.   42.65643590   12.9853   0.000       0.000      0.2436E-03  0.4540E-07-0.7878E-02 0.7634E-02  0.000      0.000      0.000      0.000       0.000       0.000       0.000       0.000       0.000       0.000    
  2211840.   42.65643590   12.9431   0.000       0.000      0.2401E-03  0.4400E-07-0.7776E-02 0.7536E-02  0.000      0.000      0.000      0.000       0.000       0.000       0.000       0.000       0.000       0.000    
  2229120.   42.65643590   12.9018   0.000       0.000      0.2368E-03  0.4265E-07-0.7677E-02 0.7440E-02  0.000      0.000      0.000      0.000       0.000       0.000       0.000       0.000       0.000       0.000    
  2246400.   42.65643590   12.8612   0.000       0.000      0.2334E-03  0.4135E-07-0.7579E-02 0.7345E-02  0.000      0.000      0.000      0.000       0.000       0.000       0.000       0.000       0.000       0.000    
  2263680.   42.65643590   12.8195   0.000       0.000      0.2300E-03  0.4215E-07-0.7477E-02 0.7247E-02  0.000      0.000      0.000      0.000       0.000       0.000       0.000       0.000       0.000       0.000    
  2280960.   42.65643590   12.7785   0.000       0.000      0.2267E-03  0.4062E-07-0.7379E-02 0.7152E-02  0.000      0.000      0.000      0.000       0.000       0.000       0.000       0.000       0.000       0.000    
  2298240.   42.65643590   12.7384   0.000       0.000      0.2234E-03  0.3936E-07-0.7281E-02 0.7058E-02  0.000      0.000      0.000      0.000       0.000       0.000       0.000       0.000       0.000       0.000    
  2315520.   42.65643590   12.6990   0.000       0.000      0.2202E-03  0.3814E-07-0.7185E-02 0.6965E-02  0.000      0.000      0.000      0.000       0.000       0.000       0.000       0.000       0.000       0.000    
  2332800.   42.65643590   12.6603   0.000       0.000      0.2171E-03  0.3697E-07-0.7091E-02 0.6874E-02  0.000      0.000      0.000      0.000       0.000       0.000       0.000       0.000       0.000       0.000    
  2350080.   42.65643590   12.6210   0.000       0.000      0.2139E-03  0.3710E-07-0.6995E-02 0.6781E-02  0.000      0.000      0.000      0.000       0.000       0.000       0.000       0.000       0.000       0.000    
  2367360.   42.65643590   12.5825   0.000       0.000      0.2107E-03  0.3582E-07-0.6901E-02 0.6691E-02  0.000      0.000      0.000      0.000       0.000       0.000       0.000       0.000       0.000       0.000    
  2384640.   42.65643590   12.5448   0.000       0.000      0.2076E-03  0.3470E-07-0.6809E-02 0.6601E-02  0.000      0.000      0.000      0.000       0.000       0.000       0.000       0.000       0.000       0.000    
  2401920.   42.65643590   12.5077   0.000       0.000      0.2046E-03  0.3363E-07-0.6718E-02 0.6514E-02  0.000      0.000      0.000      0.000       0.000       0.000       0.000       0.000       0.000       0.000    
  2419200.   42.65643590   12.4713   0.000       0.000      0.2017E-03  0.3260E-07-0.6629E-02 0.6427E-02  0.000      0.000      0.000      0.000       0.000       0.000       0.000       0.000       0.000       0.000    
  2436480.   42.65643590   12.4466   0.000       0.000      0.1996E-03  0.2167E-07-0.6566E-02 0.6367E-02  0.000      0.000      0.000      0.000       0.000       0.000       0.000       0.000       0.000       0.000    
  2453760.   42.65643590   12.4221   0.000       0.000      0.1976E-03  0.2222E-07-0.6501E-02 0.6304E-02  0.000      0.000      0.000      0.000       0.000       0.000       0.000       0.000       0.000       0.000    
  2471040.   42.65643590   12.3980   0.000       0.000      0.1957E-03  0.2174E-07-0.6437E-02 0.6242E-02  0.000      0.000      0.000      0.000       0.000       0.000       0.000       0.000       0.000       0.000    
  2488320.   42.65643590   12.3742   0.000       0.000      0.1937E-03  0.2124E-07-0.6374E-02 0.6180E-02  0.000      0.000      0.000      0.000       0.000       0.000       0.000       0.000       0.000       0.000    
  2505600.   42.65643590   12.3508   0.000       0.000      0.1918E-03  0.2073E-07-0.6312E-02 0.6120E-02  0.000      0.000      0.000      0.000       0.000       0.000       0.000       0.000       0.000       0.000    
  2522880.   42.65643590   12.3274   0.000       0.000      0.1899E-03  0.2058E-07-0.6250E-02 0.6060E-02  0.000      0.000      0.000      0.000       0.000       0.000       0.000       0.000       0.000       0.000    
  2540160.   42.65643590   12.3044   0.000       0.000      0.1880E-03  0.2004E-07-0.6188E-02 0.6000E-02  0.000      0.000      0.000      0.000       0.000       0.000       0.000       0.000       0.000       0.000    
  2557440.   42.65643590   12.2817   0.000       0.000      0.1862E-03  0.1954E-07-0.6128E-02 0.5942E-02  0.000      0.000      0.000      0.000       0.000       0.000       0.000       0.000       0.000       0.000    
  2574720.   42.65643590   12.2594   0.000       0.000      0.1844E-03  0.1906E-07-0.6069E-02 0.5884E-02  0.000      0.000      0.000      0.000       0.000       0.000       0.000       0.000       0.000       0.000    
  2592000.   42.65643590   12.2374   0.000       0.000      0.1826E-03  0.1858E-07-0.6010E-02 0.5828E-02  0.000      0.000      0.000      0.000       0.000       0.000       0.000       0.000       0.000       0.000    
  2609280.   42.65643590   12.2587   0.000       0.000      0.1843E-03 -0.1769E-07-0.6053E-02 0.5869E-02  0.000      0.000      0.000      0.000       0.000       0.000       0.000       0.000       0.000       0.000    
  2626560.   42.65643590   12.2789   0.000       0.000      0.1860E-03 -0.1333E-07-0.6082E-02 0.5896E-02  0.000      0.000      0.000      0.000       0.000       0.000       0.000       0.000       0.000       0.000    
  2643840.   42.65643590   12.2983   0.000       0.000      0.1876E-03 -0.1277E-07-0.6109E-02 0.5922E-02  0.000      0.000      0.000      0.000       0.000       0.000       0.000       0.000       0.000       0.000    
  2661120.   42.65643590   12.3169   0.000       0.000      0.1891E-03 -0.1235E-07-0.6136E-02 0.5947E-02  0.000      0.000      0.000      0.000       0.000       0.000       0.000       0.000       0.000       0.000    
  2678400.   42.65643590   12.3350   0.000       0.000      0.1905E-03 -0.1200E-07-0.6162E-02 0.5971E-02  0.000      0.000      0.000      0.000       0.000       0.000       0.000       0.000       0.000       0.000    
  2695680.   42.65643590   12.4709   0.000       0.000      0.2016E-03 -0.1171E-06-0.6464E-02 0.6262E-02  0.000      0.000      0.000      0.000       0.000       0.000       0.000       0.000       0.000       0.000    
  2712960.   42.65643590   12.6023   0.000       0.000      0.2123E-03 -0.1082E-06-0.6724E-02 0.6512E-02  0.000      0.000      0.000      0.000       0.000       0.000       0.000       0.000       0.000       0.000    
  2730240.   42.65643590   12.7300   0.000       0.000      0.2228E-03 -0.1098E-06-0.6978E-02 0.6756E-02  0.000      0.000      0.000      0.000       0.000       0.000       0.000       0.000       0.000       0.000    
  2747520.   42.65643590   12.8545   0.000       0.000      0.2329E-03 -0.1115E-06-0.7227E-02 0.6995E-02  0.000      0.000      0.000      0.000       0.000       0.000       0.000       0.000       0.000       0.000    
  2764800.   42.65643590   12.9760   0.000       0.000      0.2428E-03 -0.1132E-06-0.7472E-02 0.7230E-02  0.000      0.000      0.000      0.000       0.000       0.000       0.000       0.000       0.000       0.000    
  2782080.   42.65643590   13.2639   0.000       0.000      0.2663E-03 -0.3078E-06-0.8107E-02 0.7841E-02  0.000      0.000      0.000      0.000       0.000       0.000       0.000       0.000       0.000       0.000    
  2799360.   42.65643590   13.5436   0.000       0.000      0.2891E-03 -0.3049E-06-0.8681E-02 0.8392E-02  0.000      0.000      0.000      0.000       0.000       0.000       0.000       0.000       0.000       0.000    
  2816640.   42.65643590   13.8165   0.000       0.000      0.3113E-03 -0.3194E-06-0.9244E-02 0.8933E-02  0.000      0.000      0.000      0.000       0.000       0.000       0.000       0.000       0.000       0.000    
  2833920.   42.65643590   14.0831   0.000       0.000      0.3330E-03 -0.3334E-06-0.9797E-02 0.9464E-02  0.000      0.000      0.000      0.000       0.000       0.000       0.000       0.000       0.000       0.000    
  2851200.   42.65643590   14.3437   0.000       0.000      0.3543E-03 -0.3467E-06-0.1034E-01 0.9988E-02  0.000      0.000      0.000      0.000       0.000       0.000       0.000       0.000       0.000       0.000    
  2868480.   42.65643590   14.3308   0.000       0.000      0.3532E-03  0.5497E-07-0.1026E-01 0.9908E-02  0.000      0.000      0.000      0.000       0.000       0.000       0.000       0.000       0.000       0.000    
  2885760.   42.65643590   14.3207   0.000       0.000      0.3524E-03  0.1271E-07-0.1026E-01 0.9904E-02  0.000      0.000      0.000      0.000       0.000       0.000       0.000       0.000       0.000       0.000    
  2903040.   42.65643590   14.3118   0.000       0.000      0.3517E-03  0.9283E-08-0.1026E-01 0.9906E-02  0.000      0.000      0.000      0.000       0.000       0.000       0.000       0.000       0.000       0.000    
  2920320.   42.65643590   14.3038   0.000       0.000      0.3510E-03  0.7465E-08-0.1026E-01 0.9908E-02  0.000      0.000      0.000      0.000       0.000       0.000       0.000       0.000       0.000       0.000    
  2937600.   42.65643590   14.2964   0.000       0.000      0.3504E-03  0.6133E-08-0.1026E-01 0.9912E-02  0.000      0.000      0.000      0.000       0.000       0.000       0.000       0.000       0.000       0.000    
  2954880.   42.65643590   14.3069   0.000       0.000      0.3513E-03 -0.2090E-07-0.1031E-01 0.9956E-02  0.000      0.000      0.000      0.000       0.000       0.000       0.000       0.000       0.000       0.000    
  2972160.   42.65643590   14.3174   0.000       0.000      0.3521E-03 -0.1864E-07-0.1035E-01 0.9995E-02  0.000      0.000      0.000      0.000       0.000       0.000       0.000       0.000       0.000       0.000    
  2989440.   42.65643590   14.3279   0.000       0.000      0.3530E-03 -0.1875E-07-0.1039E-01 0.1003E-01  0.000      0.000      0.000      0.000       0.000       0.000       0.000       0.000       0.000       0.000    
  3006720.   42.65643590   14.3385   0.000       0.000      0.3538E-03 -0.1886E-07-0.1042E-01 0.1007E-01  0.000      0.000      0.000      0.000       0.000       0.000       0.000       0.000       0.000       0.000    
  3024000.   42.65643590   14.3491   0.000       0.000      0.3547E-03 -0.1894E-07-0.1046E-01 0.1011E-01  0.000      0.000      0.000      0.000       0.000       0.000       0.000       0.000       0.000       0.000    
  3041280.   42.65643590   14.4023   0.000       0.000      0.3590E-03 -0.8383E-07-0.1060E-01 0.1024E-01  0.000      0.000      0.000      0.000       0.000       0.000       0.000       0.000       0.000       0.000    
  3058560.   42.65643590   14.4542   0.000       0.000      0.3633E-03 -0.7689E-07-0.1072E-01 0.1036E-01  0.000      0.000      0.000      0.000       0.000       0.000       0.000       0.000       0.000       0.000    
  3075840.   42.65643590   14.5050   0.000       0.000      0.3674E-03 -0.7604E-07-0.1084E-01 0.1047E-01  0.000      0.000      0.000      0.000       0.000       0.000       0.000       0.000       0.000       0.000    
  3093120.   42.65643590   14.5549   0.000       0.000      0.3715E-03 -0.7541E-07-0.1096E-01 0.1059E-01  0.000      0.000      0.000      0.000       0.000       0.000       0.000       0.000       0.000       0.000    
  3110400.   42.65643590   14.6038   0.000       0.000      0.3755E-03 -0.7483E-07-0.1107E-01 0.1070E-01  0.000      0.000      0.000      0.000       0.000       0.000       0.000       0.000       0.000       0.000    
  3127680.   42.65643590   14.5825   0.000       0.000      0.3737E-03  0.3704E-07-0.1103E-01 0.1065E-01  0.000      0.000      0.000      0.000       0.000       0.000       0.000       0.000       0.000       0.000    
  3144960.   42.65643590   14.5624   0.000       0.000      0.3721E-03  0.2499E-07-0.1100E-01 0.1063E-01  0.000      0.000      0.000      0.000       0.000       0.000       0.000       0.000       0.000       0.000    
  3162240.   42.65643590   14.5433   0.000       0.000      0.3705E-03  0.2341E-07-0.1097E-01 0.1060E-01  0.000      0.000      0.000      0.000       0.000       0.000       0.000       0.000       0.000       0.000    
  3179520.   42.65643590   14.5249   0.000       0.000      0.3690E-03  0.2230E-07-0.1095E-01 0.1058E-01  0.000      0.000      0.000      0.000       0.000       0.000       0.000       0.000       0.000       0.000    
  3196800.   42.65643590   14.5073   0.000       0.000      0.3676E-03  0.2136E-07-0.1093E-01 0.1056E-01  0.000      0.000      0.000      0.000       0.000       0.000       0.000       0.000       0.000       0.000    
  3214080.   42.65643590   14.4600   0.000       0.000      0.3637E-03  0.6772E-07-0.1083E-01 0.1047E-01  0.000      0.000      0.000      0.000       0.000       0.000       0.000       0.000       0.000       0.000    
  3231360.   42.65643590   14.4143   0.000       0.000      0.3600E-03  0.6077E-07-0.1075E-01 0.1039E-01  0.000      0.000      0.000      0.000       0.000       0.000       0.000       0.000       0.000       0.000    
  3248640.   42.65643590   14.3700   0.000       0.000      0.3564E-03  0.5844E-07-0.1067E-01 0.1031E-01  0.000      0.000      0.000      0.000       0.000       0.000       0.000       0.000       0.000       0.000    
  3265920.   42.65643590   14.3269   0.000       0.000      0.3529E-03  0.5641E-07-0.1059E-01 0.1024E-01  0.000      0.000      0.000      0.000       0.000       0.000       0.000       0.000       0.000       0.000    
  3283200.   42.65643590   14.2850   0.000       0.000      0.3495E-03  0.5452E-07-0.1051E-01 0.1016E-01  0.000      0.000      0.000      0.000       0.000       0.000       0.000       0.000       0.000       0.000    
  3300480.   42.65643590   14.2596   0.000       0.000      0.3474E-03  0.2977E-07-0.1047E-01 0.1012E-01  0.000      0.000      0.000      0.000       0.000       0.000       0.000       0.000       0.000       0.000    
  3317760.   42.65643590   14.2348   0.000       0.000      0.3454E-03  0.3118E-07-0.1043E-01 0.1008E-01  0.000      0.000      0.000      0.000       0.000       0.000       0.000       0.000       0.000       0.000    
  3335040.   42.65643590   14.2107   0.000       0.000      0.3434E-03  0.3044E-07-0.1038E-01 0.1004E-01  0.000      0.000      0.000      0.000       0.000       0.000       0.000       0.000       0.000       0.000    
  3352320.   42.65643590   14.1872   0.000       0.000      0.3415E-03  0.2966E-07-0.1034E-01 0.9996E-02  0.000      0.000      0.000      0.000       0.000       0.000       0.000       0.000       0.000       0.000    
  3369600.   42.65643590   14.1643   0.000       0.000      0.3396E-03  0.2890E-07-0.1029E-01 0.9955E-02  0.000      0.000      0.000      0.000       0.000       0.000       0.000       0.000       0.000       0.000    
  3386880.   42.65643590   14.1768   0.000       0.000      0.3407E-03 -0.2293E-07-0.1033E-01 0.9992E-02  0.000      0.000      0.000      0.000       0.000       0.000       0.000       0.000       0.000       0.000    
  3404160.   42.65643590   14.1888   0.000       0.000      0.3416E-03 -0.1736E-07-0.1036E-01 0.1002E-01  0.000      0.000      0.000      0.000       0.000       0.000       0.000       0.000       0.000       0.000    
  3421440.   42.65643590   14.2005   0.000       0.000      0.3426E-03 -0.1669E-07-0.1039E-01 0.1004E-01  0.000      0.000      0.000      0.000       0.000       0.000       0.000       0.000       0.000       0.000    
  3438720.   42.65643590   14.2118   0.000       0.000      0.3435E-03 -0.1623E-07-0.1041E-01 0.1007E-01  0.000      0.000      0.000      0.000       0.000       0.000       0.000       0.000       0.000       0.000    
  3456000.   42.65643590   14.2229   0.000       0.000      0.3444E-03 -0.1583E-07-0.1044E-01 0.1009E-01  0.000      0.000      0.000      0.000       0.000       0.000       0.000       0.000       0.000       0.000    
  3473280.   42.65643590   14.2560   0.000       0.000      0.3471E-03 -0.4864E-07-0.1051E-01 0.1017E-01  0.000      0.000      0.000      0.000       0.000       0.000       0.000       0.000       0.000       0.000    
  3490560.   42.65643590   14.2881   0.000       0.000      0.3497E-03 -0.4460E-07-0.1058E-01 0.1023E-01  0.000      0.000      0.000      0.000       0.000       0.000       0.000       0.000       0.000       0.000    
  3507840.   42.65643590   14.3194   0.000       0.000      0.3523E-03 -0.4373E-07-0.1065E-01 0.1030E-01  0.000      0.000      0.000      0.000       0.000       0.000       0.000       0.000       0.000       0.000    
  3525120.   42.65643590   14.3499   0.000       0.000      0.3548E-03 -0.4300E-07-0.1072E-01 0.1036E-01  0.000      0.000      0.000      0.000       0.000       0.000       0.000       0.000       0.000       0.000    
  3542400.   42.65643590   14.3798   0.000       0.000      0.3572E-03 -0.4233E-07-0.1078E-01 0.1042E-01  0.000      0.000      0.000      0.000       0.000       0.000       0.000       0.000       0.000       0.000    
  3559680.   42.65643590   14.3898   0.000       0.000      0.3580E-03 -0.1197E-07-0.1080E-01 0.1044E-01  0.000      0.000      0.000      0.000       0.000       0.000       0.000       0.000       0.000       0.000    
  3576960.   42.65643590   14.3997   0.000       0.000      0.3588E-03 -0.1470E-07-0.1082E-01 0.1047E-01  0.000      0.000      0.000      0.000       0.000       0.000       0.000       0.000       0.000       0.000    
  3594240.   42.65643590   14.4095   0.000       0.000      0.3596E-03 -0.1465E-07-0.1085E-01 0.1049E-01  0.000      0.000      0.000      0.000       0.000       0.000       0.000       0.000       0.000       0.000    
  3611520.   42.65643590   14.4191   0.000       0.000      0.3604E-03 -0.1449E-07-0.1087E-01 0.1051E-01  0.000      0.000      0.000      0.000       0.000       0.000       0.000       0.000       0.000       0.000    
  3628800.   42.65643590   14.4285   0.000       0.000      0.3612E-03 -0.1432E-07-0.1090E-01 0.1053E-01  0.000      0.000      0.000      0.000       0.000       0.000       0.000       0.000       0.000       0.000    
  3646080.   42.65643590   14.3942   0.000       0.000      0.3584E-03  0.5350E-07-0.1082E-01 0.1046E-01  0.000      0.000      0.000      0.000       0.000       0.000       0.000       0.000       0.000       0.000    
  3663360.   42.65643590   14.3611   0.000       0.000      0.3557E-03  0.4528E-07-0.1075E-01 0.1040E-01  0.000      0.000      0.000      0.000       0.000       0.000       0.000       0.000       0.000       0.000    
  3680640.   42.65643590   14.3289   0.000       0.000      0.3530E-03  0.4352E-07-0.1069E-01 0.1034E-01  0.000      0.000      0.000      0.000       0.000       0.000       0.000       0.000       0.000       0.000    
  3697920.   42.65643590   14.2976   0.000       0.000      0.3505E-03  0.4209E-07-0.1063E-01 0.1028E-01  0.000      0.000      0.000      0.000       0.000       0.000       0.000       0.000       0.000       0.000    
  3715200.   42.65643590   14.2671   0.000       0.000      0.3480E-03  0.4079E-07-0.1057E-01 0.1022E-01  0.000      0.000      0.000      0.000       0.000       0.000       0.000       0.000       0.000       0.000    
  3732480.   42.65643590   14.2453   0.000       0.000      0.3462E-03  0.2759E-07-0.1053E-01 0.1018E-01  0.000      0.000      0.000      0.000       0.000       0.000       0.000       0.000       0.000       0.000    
  3749760.   42.65643590   14.2241   0.000       0.000      0.3445E-03  0.2802E-07-0.1049E-01 0.1014E-01  0.000      0.000      0.000      0.000       0.000       0.000       0.000       0.000       0.000       0.000    
  3767040.   42.65643590   14.2033   0.000       0.000      0.3428E-03  0.2735E-07-0.1045E-01 0.1010E-01  0.000      0.000      0.000      0.000       0.000       0.000       0.000       0.000       0.000       0.000    
  3784320.   42.65643590   14.1830   0.000       0.000      0.3412E-03  0.2667E-07-0.1040E-01 0.1006E-01  0.000      0.000      0.000      0.000       0.000       0.000       0.000       0.000       0.000       0.000    
  3801600.   42.65643590   14.1632   0.000       0.000      0.3396E-03  0.2602E-07-0.1036E-01 0.1002E-01  0.000      0.000      0.000      0.000       0.000       0.000       0.000       0.000       0.000       0.000    
  3818880.   42.65643590   14.1718   0.000       0.000      0.3402E-03 -0.1558E-07-0.1039E-01 0.1005E-01  0.000      0.000      0.000      0.000       0.000       0.000       0.000       0.000       0.000       0.000    
  3836160.   42.65643590   14.1799   0.000       0.000      0.3409E-03 -0.1114E-07-0.1041E-01 0.1006E-01  0.000      0.000      0.000      0.000       0.000       0.000       0.000       0.000       0.000       0.000    
  3853440.   42.65643590   14.1877   0.000       0.000      0.3415E-03 -0.1062E-07-0.1042E-01 0.1008E-01  0.000      0.000      0.000      0.000       0.000       0.000       0.000       0.000       0.000       0.000    
  3870720.   42.65643590   14.1953   0.000       0.000      0.3422E-03 -0.1027E-07-0.1044E-01 0.1009E-01  0.000      0.000      0.000      0.000       0.000       0.000       0.000       0.000       0.000       0.000    
  3888000.   42.65643590   14.2027   0.000       0.000      0.3428E-03 -0.9973E-08-0.1045E-01 0.1011E-01  0.000      0.000      0.000      0.000       0.000       0.000       0.000       0.000       0.000       0.000    
  3905280.   42.65643590   14.2403   0.000       0.000      0.3458E-03 -0.5510E-07-0.1054E-01 0.1019E-01  0.000      0.000      0.000      0.000       0.000       0.000       0.000       0.000       0.000       0.000    
  3922560.   42.65643590   14.2768   0.000       0.000      0.3488E-03 -0.4977E-07-0.1061E-01 0.1026E-01  0.000      0.000      0.000      0.000       0.000       0.000       0.000       0.000       0.000       0.000    
  3939840.   42.65643590   14.3123   0.000       0.000      0.3517E-03 -0.4878E-07-0.1068E-01 0.1033E-01  0.000      0.000      0.000      0.000       0.000       0.000       0.000       0.000       0.000       0.000    
  3957120.   42.65643590   14.3469   0.000       0.000      0.3545E-03 -0.4797E-07-0.1076E-01 0.1040E-01  0.000      0.000      0.000      0.000       0.000       0.000       0.000       0.000       0.000       0.000    
  3974400.   42.65643590   14.3807   0.000       0.000      0.3573E-03 -0.4723E-07-0.1083E-01 0.1047E-01  0.000      0.000      0.000      0.000       0.000       0.000       0.000       0.000       0.000       0.000    
  3991680.   42.65643590   14.4202   0.000       0.000      0.3605E-03 -0.5650E-07-0.1091E-01 0.1055E-01  0.000      0.000      0.000      0.000       0.000       0.000       0.000       0.000       0.000       0.000    
  4008960.   42.65643590   14.4587   0.000       0.000      0.3636E-03 -0.5478E-07-0.1099E-01 0.1063E-01  0.000      0.000      0.000      0.000       0.000       0.000       0.000       0.000       0.000       0.000    
  4026240.   42.65643590   14.4962   0.000       0.000      0.3667E-03 -0.5401E-07-0.1107E-01 0.1071E-01  0.000      0.000      0.000      0.000       0.000       0.000       0.000       0.000       0.000       0.000    
  4043520.   42.65643590   14.5330   0.000       0.000      0.3697E-03 -0.5330E-07-0.1115E-01 0.1078E-01  0.000      0.000      0.000      0.000       0.000       0.000       0.000       0.000       0.000       0.000    
  4060800.   42.65643590   14.5689   0.000       0.000      0.3726E-03 -0.5261E-07-0.1123E-01 0.1086E-01  0.000      0.000      0.000      0.000       0.000       0.000       0.000       0.000       0.000       0.000    
  4078080.   42.65643590   14.5399   0.000       0.000      0.3702E-03  0.5081E-07-0.1116E-01 0.1079E-01  0.000      0.000      0.000      0.000       0.000       0.000       0.000       0.000       0.000       0.000    
  4095360.   42.65643590   14.5122   0.000       0.000      0.3680E-03  0.3935E-07-0.1110E-01 0.1074E-01  0.000      0.000      0.000      0.000       0.000       0.000       0.000       0.000       0.000       0.000    
  4112640.   42.65643590   14.4853   0.000       0.000      0.3658E-03  0.3758E-07-0.1105E-01 0.1069E-01  0.000      0.000      0.000      0.000       0.000       0.000       0.000       0.000       0.000       0.000    
  4129920.   42.65643590   14.4592   0.000       0.000      0.3637E-03  0.3624E-07-0.1100E-01 0.1064E-01  0.000      0.000      0.000      0.000       0.000       0.000       0.000       0.000       0.000       0.000    
  4147200.   42.65643590   14.4338   0.000       0.000      0.3616E-03  0.3507E-07-0.1095E-01 0.1059E-01  0.000      0.000      0.000      0.000       0.000       0.000       0.000       0.000       0.000       0.000    
  4164480.   42.65643590   14.3853   0.000       0.000      0.3576E-03  0.7076E-07-0.1085E-01 0.1049E-01  0.000      0.000      0.000      0.000       0.000       0.000       0.000       0.000       0.000       0.000    
  4181760.   42.65643590   14.3382   0.000       0.000      0.3538E-03  0.6485E-07-0.1076E-01 0.1040E-01  0.000      0.000      0.000      0.000       0.000       0.000       0.000       0.000       0.000       0.000    
  4199040.   42.65643590   14.2923   0.000       0.000      0.3501E-03  0.6255E-07-0.1066E-01 0.1031E-01  0.000      0.000      0.000      0.000       0.000       0.000       0.000       0.000       0.000       0.000    
  4216320.   42.65643590   14.2475   0.000       0.000      0.3464E-03  0.6050E-07-0.1057E-01 0.1023E-01  0.000      0.000      0.000      0.000       0.000       0.000       0.000       0.000       0.000       0.000    
  4233600.   42.65643590   14.2039   0.000       0.000      0.3429E-03  0.5858E-07-0.1048E-01 0.1014E-01  0.000      0.000      0.000      0.000       0.000       0.000       0.000       0.000       0.000       0.000    
  4250880.   42.65643590   14.1563   0.000       0.000      0.3390E-03  0.6404E-07-0.1038E-01 0.1004E-01  0.000      0.000      0.000      0.000       0.000       0.000       0.000       0.000       0.000       0.000    
  4268160.   42.65643590   14.1099   0.000       0.000      0.3352E-03  0.6131E-07-0.1029E-01 0.9951E-02  0.000      0.000      0.000      0.000       0.000       0.000       0.000       0.000       0.000       0.000    
  4285440.   42.65643590   14.0647   0.000       0.000      0.3315E-03  0.5937E-07-0.1019E-01 0.9860E-02  0.000      0.000      0.000      0.000       0.000       0.000       0.000       0.000       0.000       0.000    
  4302720.   42.65643590   14.0204   0.000       0.000      0.3279E-03  0.5755E-07-0.1010E-01 0.9771E-02  0.000      0.000      0.000      0.000       0.000       0.000       0.000       0.000       0.000       0.000    
  4320000.   42.65643590   13.9772   0.000       0.000      0.3244E-03  0.5581E-07-0.1001E-01 0.9683E-02  0.000      0.000      0.000      0.000       0.000       0.000       0.000       0.000       0.000       0.000    
  4337280.   42.65643590   13.9303   0.000       0.000      0.3206E-03  0.6080E-07-0.9906E-02 0.9585E-02  0.000      0.000      0.000      0.000       0.000       0.000       0.000       0.000       0.000       0.000    
  4354560.   42.65643590   13.8844   0.000       0.000      0.3168E-03  0.5827E-07-0.9808E-02 0.9491E-02  0.000      0.000      0.000      0.000       0.000       0.000       0.000       0.000       0.000       0.000    
  4371840.   42.65643590   13.8396   0.000       0.000      0.3132E-03  0.5647E-07-0.9711E-02 0.9398E-02  0.000      0.000      0.000      0.000       0.000       0.000       0.000       0.000       0.000       0.000    
  4389120.   42.65643590   13.7958   0.000       0.000      0.3096E-03  0.5476E-07-0.9616E-02 0.9306E-02  0.000      0.000      0.000      0.000       0.000       0.000       0.000       0.000       0.000       0.000    
  4406400.   42.65643590   13.7529   0.000       0.000      0.3061E-03  0.5313E-07-0.9523E-02 0.9216E-02  0.000      0.000      0.000      0.000       0.000       0.000       0.000       0.000       0.000       0.000    
