TOTIM (T)      HCON          HMAT      QDIR      QWELL        QMAT       QCADS      QTUB1      QTUB2      QTUB3      QTUB4      QTUB5      QTUB6       NSTOR        QFIX        QLH     FHLQ (LQ)        CAUCHY   CAUCHY (LQ)
    86400.   42.65643590   12.5836   0.000       0.000      0.2109E-03   0.000    -0.5470E-02 0.5259E-02  0.000      0.000      0.000      0.000       0.000       0.000       0.000       0.000       0.000       0.000    
   103680.   42.65643590   12.5095   0.000       0.000      0.2049E-03  0.9394E-07-0.4672E-02 0.4467E-02  0.000      0.000      0.000      0.000       0.000       0.000       0.000       0.000       0.000       0.000    
   120960.   42.65643590   12.4400   0.000       0.000      0.1992E-03  0.1869E-07-0.4574E-02 0.4374E-02  0.000      0.000      0.000      0.000       0.000       0.000       0.000       0.000       0.000       0.000    
   138240.   42.65643590   12.3744   0.000       0.000      0.1939E-03  0.1720E-07-0.4479E-02 0.4285E-02  0.000      0.000      0.000      0.000       0.000       0.000       0.000       0.000       0.000       0.000    
   155520.   42.65643590   12.3123   0.000       0.000      0.1888E-03  0.1634E-07-0.4387E-02 0.4198E-02  0.000      0.000      0.000      0.000       0.000       0.000       0.000       0.000       0.000       0.000    
   172800.   42.65643590   12.2534   0.000       0.000      0.1840E-03  0.1554E-07-0.4298E-02 0.4114E-02  0.000      0.000      0.000      0.000       0.000       0.000       0.000       0.000       0.000       0.000    
   190080.   42.65643590   12.2219   0.000       0.000      0.1814E-03  0.7685E-08-0.4256E-02 0.4074E-02  0.000      0.000      0.000      0.000       0.000       0.000       0.000       0.000       0.000       0.000    
   207360.   42.65643590   12.1915   0.000       0.000      0.1789E-03  0.8387E-08-0.4207E-02 0.4028E-02  0.000      0.000      0.000      0.000       0.000       0.000       0.000       0.000       0.000       0.000    
   224640.   42.65643590   12.1622   0.000       0.000      0.1765E-03  0.8118E-08-0.4158E-02 0.3982E-02  0.000      0.000      0.000      0.000       0.000       0.000       0.000       0.000       0.000       0.000    
   241920.   42.65643590   12.1339   0.000       0.000      0.1742E-03  0.7845E-08-0.4111E-02 0.3937E-02  0.000      0.000      0.000      0.000       0.000       0.000       0.000       0.000       0.000       0.000    
   259200.   42.65643590   12.1065   0.000       0.000      0.1720E-03  0.7581E-08-0.4065E-02 0.3893E-02  0.000      0.000      0.000      0.000       0.000       0.000       0.000       0.000       0.000       0.000    
   276480.   42.65643590   12.0868   0.000       0.000      0.1704E-03  0.5492E-08-0.4032E-02 0.3862E-02  0.000      0.000      0.000      0.000       0.000       0.000       0.000       0.000       0.000       0.000    
   293760.   42.65643590   12.0675   0.000       0.000      0.1688E-03  0.5591E-08-0.3998E-02 0.3829E-02  0.000      0.000      0.000      0.000       0.000       0.000       0.000       0.000       0.000       0.000    
   311040.   42.65643590   12.0487   0.000       0.000      0.1673E-03  0.5439E-08-0.3964E-02 0.3797E-02  0.000      0.000      0.000      0.000       0.000       0.000       0.000       0.000       0.000       0.000    
   328320.   42.65643590   12.0303   0.000       0.000      0.1658E-03  0.5288E-08-0.3931E-02 0.3765E-02  0.000      0.000      0.000      0.000       0.000       0.000       0.000       0.000       0.000       0.000    
   345600.   42.65643590   12.0124   0.000       0.000      0.1643E-03  0.5140E-08-0.3899E-02 0.3734E-02  0.000      0.000      0.000      0.000       0.000       0.000       0.000       0.000       0.000       0.000    
   362880.   42.65643590   12.0262   0.000       0.000      0.1654E-03 -0.3300E-08-0.3924E-02 0.3758E-02  0.000      0.000      0.000      0.000       0.000       0.000       0.000       0.000       0.000       0.000    
   380160.   42.65643590   12.0386   0.000       0.000      0.1664E-03 -0.1997E-08-0.3937E-02 0.3771E-02  0.000      0.000      0.000      0.000       0.000       0.000       0.000       0.000       0.000       0.000    
   397440.   42.65643590   12.0499   0.000       0.000      0.1674E-03 -0.1853E-08-0.3950E-02 0.3783E-02  0.000      0.000      0.000      0.000       0.000       0.000       0.000       0.000       0.000       0.000    
   414720.   42.65643590   12.0602   0.000       0.000      0.1682E-03 -0.1740E-08-0.3963E-02 0.3794E-02  0.000      0.000      0.000      0.000       0.000       0.000       0.000       0.000       0.000       0.000    
   432000.   42.65643590   12.0698   0.000       0.000      0.1690E-03 -0.1644E-08-0.3974E-02 0.3805E-02  0.000      0.000      0.000      0.000       0.000       0.000       0.000       0.000       0.000       0.000    
   449280.   42.65643590   12.1025   0.000       0.000      0.1717E-03 -0.8023E-08-0.4028E-02 0.3857E-02  0.000      0.000      0.000      0.000       0.000       0.000       0.000       0.000       0.000       0.000    
   466560.   42.65643590   12.1331   0.000       0.000      0.1742E-03 -0.6924E-08-0.4073E-02 0.3899E-02  0.000      0.000      0.000      0.000       0.000       0.000       0.000       0.000       0.000       0.000    
   483840.   42.65643590   12.1621   0.000       0.000      0.1765E-03 -0.6722E-08-0.4116E-02 0.3940E-02  0.000      0.000      0.000      0.000       0.000       0.000       0.000       0.000       0.000       0.000    
   501120.   42.65643590   12.1897   0.000       0.000      0.1788E-03 -0.6548E-08-0.4158E-02 0.3979E-02  0.000      0.000      0.000      0.000       0.000       0.000       0.000       0.000       0.000       0.000    
   518400.   42.65643590   12.2159   0.000       0.000      0.1809E-03 -0.6388E-08-0.4198E-02 0.4017E-02  0.000      0.000      0.000      0.000       0.000       0.000       0.000       0.000       0.000       0.000    
   535680.   42.65643590   12.2226   0.000       0.000      0.1815E-03 -0.9942E-09-0.4204E-02 0.4022E-02  0.000      0.000      0.000      0.000       0.000       0.000       0.000       0.000       0.000       0.000    
   552960.   42.65643590   12.2293   0.000       0.000      0.1820E-03 -0.1689E-08-0.4216E-02 0.4034E-02  0.000      0.000      0.000      0.000       0.000       0.000       0.000       0.000       0.000       0.000    
   570240.   42.65643590   12.2359   0.000       0.000      0.1826E-03 -0.1670E-08-0.4227E-02 0.4044E-02  0.000      0.000      0.000      0.000       0.000       0.000       0.000       0.000       0.000       0.000    
   587520.   42.65643590   12.2425   0.000       0.000      0.1831E-03 -0.1637E-08-0.4238E-02 0.4055E-02  0.000      0.000      0.000      0.000       0.000       0.000       0.000       0.000       0.000       0.000    
   604800.   42.65643590   12.2488   0.000       0.000      0.1836E-03 -0.1602E-08-0.4249E-02 0.4065E-02  0.000      0.000      0.000      0.000       0.000       0.000       0.000       0.000       0.000       0.000    
   622080.   42.65643590   12.2615   0.000       0.000      0.1846E-03 -0.3439E-08-0.4271E-02 0.4087E-02  0.000      0.000      0.000      0.000       0.000       0.000       0.000       0.000       0.000       0.000    
   639360.   42.65643590   12.2736   0.000       0.000      0.1856E-03 -0.3096E-08-0.4291E-02 0.4105E-02  0.000      0.000      0.000      0.000       0.000       0.000       0.000       0.000       0.000       0.000    
   656640.   42.65643590   12.2852   0.000       0.000      0.1866E-03 -0.3014E-08-0.4310E-02 0.4123E-02  0.000      0.000      0.000      0.000       0.000       0.000       0.000       0.000       0.000       0.000    
   673920.   42.65643590   12.2964   0.000       0.000      0.1875E-03 -0.2939E-08-0.4328E-02 0.4141E-02  0.000      0.000      0.000      0.000       0.000       0.000       0.000       0.000       0.000       0.000    
   691200.   42.65643590   12.3072   0.000       0.000      0.1884E-03 -0.2868E-08-0.4346E-02 0.4158E-02  0.000      0.000      0.000      0.000       0.000       0.000       0.000       0.000       0.000       0.000    
   708480.   42.65643590   12.3814   0.000       0.000      0.1944E-03 -0.2178E-07-0.4480E-02 0.4286E-02  0.000      0.000      0.000      0.000       0.000       0.000       0.000       0.000       0.000       0.000    
   725760.   42.65643590   12.4516   0.000       0.000      0.2002E-03 -0.1898E-07-0.4589E-02 0.4389E-02  0.000      0.000      0.000      0.000       0.000       0.000       0.000       0.000       0.000       0.000    
   743040.   42.65643590   12.5184   0.000       0.000      0.2056E-03 -0.1874E-07-0.4694E-02 0.4488E-02  0.000      0.000      0.000      0.000       0.000       0.000       0.000       0.000       0.000       0.000    
   760320.   42.65643590   12.5822   0.000       0.000      0.2108E-03 -0.1855E-07-0.4796E-02 0.4585E-02  0.000      0.000      0.000      0.000       0.000       0.000       0.000       0.000       0.000       0.000    
   777600.   42.65643590   12.6434   0.000       0.000      0.2158E-03 -0.1837E-07-0.4895E-02 0.4679E-02  0.000      0.000      0.000      0.000       0.000       0.000       0.000       0.000       0.000       0.000    
   794880.   42.65643590   12.7594   0.000       0.000      0.2253E-03 -0.3735E-07-0.5095E-02 0.4870E-02  0.000      0.000      0.000      0.000       0.000       0.000       0.000       0.000       0.000       0.000    
   812160.   42.65643590   12.8699   0.000       0.000      0.2343E-03 -0.3488E-07-0.5271E-02 0.5037E-02  0.000      0.000      0.000      0.000       0.000       0.000       0.000       0.000       0.000       0.000    
   829440.   42.65643590   12.9757   0.000       0.000      0.2429E-03 -0.3490E-07-0.5442E-02 0.5199E-02  0.000      0.000      0.000      0.000       0.000       0.000       0.000       0.000       0.000       0.000    
   846720.   42.65643590   13.0774   0.000       0.000      0.2512E-03 -0.3495E-07-0.5608E-02 0.5357E-02  0.000      0.000      0.000      0.000       0.000       0.000       0.000       0.000       0.000       0.000    
   864000.   42.65643590   13.1754   0.000       0.000      0.2592E-03 -0.3498E-07-0.5770E-02 0.5511E-02  0.000      0.000      0.000      0.000       0.000       0.000       0.000       0.000       0.000       0.000    
   881280.   42.65643590   13.2193   0.000       0.000      0.2628E-03 -0.1541E-07-0.5836E-02 0.5573E-02  0.000      0.000      0.000      0.000       0.000       0.000       0.000       0.000       0.000       0.000    
   898560.   42.65643590   13.2630   0.000       0.000      0.2664E-03 -0.1795E-07-0.5916E-02 0.5650E-02  0.000      0.000      0.000      0.000       0.000       0.000       0.000       0.000       0.000       0.000    
   915840.   42.65643590   13.3060   0.000       0.000      0.2699E-03 -0.1792E-07-0.5995E-02 0.5726E-02  0.000      0.000      0.000      0.000       0.000       0.000       0.000       0.000       0.000       0.000    
   933120.   42.65643590   13.3483   0.000       0.000      0.2734E-03 -0.1782E-07-0.6073E-02 0.5800E-02  0.000      0.000      0.000      0.000       0.000       0.000       0.000       0.000       0.000       0.000    
   950400.   42.65643590   13.3898   0.000       0.000      0.2767E-03 -0.1770E-07-0.6149E-02 0.5872E-02  0.000      0.000      0.000      0.000       0.000       0.000       0.000       0.000       0.000       0.000    
   967680.   42.65643590   13.4976   0.000       0.000      0.2855E-03 -0.4520E-07-0.6345E-02 0.6059E-02  0.000      0.000      0.000      0.000       0.000       0.000       0.000       0.000       0.000       0.000    
   984960.   42.65643590   13.6008   0.000       0.000      0.2940E-03 -0.4148E-07-0.6514E-02 0.6220E-02  0.000      0.000      0.000      0.000       0.000       0.000       0.000       0.000       0.000       0.000    
  1002240.   42.65643590   13.7002   0.000       0.000      0.3021E-03 -0.4134E-07-0.6679E-02 0.6377E-02  0.000      0.000      0.000      0.000       0.000       0.000       0.000       0.000       0.000       0.000    
  1019520.   42.65643590   13.7960   0.000       0.000      0.3099E-03 -0.4124E-07-0.6839E-02 0.6529E-02  0.000      0.000      0.000      0.000       0.000       0.000       0.000       0.000       0.000       0.000    
  1036800.   42.65643590   13.8887   0.000       0.000      0.3175E-03 -0.4115E-07-0.6995E-02 0.6677E-02  0.000      0.000      0.000      0.000       0.000       0.000       0.000       0.000       0.000       0.000    
  1054080.   42.65643590   14.0754   0.000       0.000      0.3327E-03 -0.8660E-07-0.7323E-02 0.6990E-02  0.000      0.000      0.000      0.000       0.000       0.000       0.000       0.000       0.000       0.000    
  1071360.   42.65643590   14.2542   0.000       0.000      0.3473E-03 -0.8158E-07-0.7610E-02 0.7263E-02  0.000      0.000      0.000      0.000       0.000       0.000       0.000       0.000       0.000       0.000    
  1088640.   42.65643590   14.4261   0.000       0.000      0.3613E-03 -0.8223E-07-0.7890E-02 0.7529E-02  0.000      0.000      0.000      0.000       0.000       0.000       0.000       0.000       0.000       0.000    
  1105920.   42.65643590   14.5920   0.000       0.000      0.3748E-03 -0.8291E-07-0.8163E-02 0.7788E-02  0.000      0.000      0.000      0.000       0.000       0.000       0.000       0.000       0.000       0.000    
  1123200.   42.65643590   14.7524   0.000       0.000      0.3879E-03 -0.8351E-07-0.8429E-02 0.8041E-02  0.000      0.000      0.000      0.000       0.000       0.000       0.000       0.000       0.000       0.000    
  1140480.   42.65643590   14.7308   0.000       0.000      0.3862E-03  0.1328E-07-0.8368E-02 0.7981E-02  0.000      0.000      0.000      0.000       0.000       0.000       0.000       0.000       0.000       0.000    
  1157760.   42.65643590   14.7138   0.000       0.000      0.3848E-03  0.2752E-10-0.8365E-02 0.7981E-02  0.000      0.000      0.000      0.000       0.000       0.000       0.000       0.000       0.000       0.000    
  1175040.   42.65643590   14.7002   0.000       0.000      0.3837E-03 -0.8423E-09-0.8365E-02 0.7982E-02  0.000      0.000      0.000      0.000       0.000       0.000       0.000       0.000       0.000       0.000    
  1192320.   42.65643590   14.6893   0.000       0.000      0.3828E-03 -0.1378E-08-0.8367E-02 0.7984E-02  0.000      0.000      0.000      0.000       0.000       0.000       0.000       0.000       0.000       0.000    
  1209600.   42.65643590   14.6804   0.000       0.000      0.3821E-03 -0.1797E-08-0.8369E-02 0.7987E-02  0.000      0.000      0.000      0.000       0.000       0.000       0.000       0.000       0.000       0.000    
  1226880.   42.65643590   14.6080   0.000       0.000      0.3761E-03  0.3296E-07-0.8254E-02 0.7878E-02  0.000      0.000      0.000      0.000       0.000       0.000       0.000       0.000       0.000       0.000    
  1244160.   42.65643590   14.5406   0.000       0.000      0.3706E-03  0.2683E-07-0.8164E-02 0.7793E-02  0.000      0.000      0.000      0.000       0.000       0.000       0.000       0.000       0.000       0.000    
  1261440.   42.65643590   14.4772   0.000       0.000      0.3655E-03  0.2536E-07-0.8077E-02 0.7711E-02  0.000      0.000      0.000      0.000       0.000       0.000       0.000       0.000       0.000       0.000    
  1278720.   42.65643590   14.4175   0.000       0.000      0.3606E-03  0.2409E-07-0.7993E-02 0.7633E-02  0.000      0.000      0.000      0.000       0.000       0.000       0.000       0.000       0.000       0.000    
  1296000.   42.65643590   14.3609   0.000       0.000      0.3560E-03  0.2295E-07-0.7913E-02 0.7557E-02  0.000      0.000      0.000      0.000       0.000       0.000       0.000       0.000       0.000       0.000    
  1313280.   42.65643590   14.2865   0.000       0.000      0.3499E-03  0.3244E-07-0.7798E-02 0.7448E-02  0.000      0.000      0.000      0.000       0.000       0.000       0.000       0.000       0.000       0.000    
  1330560.   42.65643590   14.2157   0.000       0.000      0.3441E-03  0.2960E-07-0.7693E-02 0.7348E-02  0.000      0.000      0.000      0.000       0.000       0.000       0.000       0.000       0.000       0.000    
  1347840.   42.65643590   14.1482   0.000       0.000      0.3386E-03  0.2824E-07-0.7591E-02 0.7252E-02  0.000      0.000      0.000      0.000       0.000       0.000       0.000       0.000       0.000       0.000    
  1365120.   42.65643590   14.0837   0.000       0.000      0.3334E-03  0.2699E-07-0.7493E-02 0.7159E-02  0.000      0.000      0.000      0.000       0.000       0.000       0.000       0.000       0.000       0.000    
  1382400.   42.65643590   14.0219   0.000       0.000      0.3283E-03  0.2584E-07-0.7397E-02 0.7069E-02  0.000      0.000      0.000      0.000       0.000       0.000       0.000       0.000       0.000       0.000    
  1399680.   42.65643590   13.9496   0.000       0.000      0.3224E-03  0.3105E-07-0.7281E-02 0.6959E-02  0.000      0.000      0.000      0.000       0.000       0.000       0.000       0.000       0.000       0.000    
  1416960.   42.65643590   13.8802   0.000       0.000      0.3168E-03  0.2889E-07-0.7173E-02 0.6856E-02  0.000      0.000      0.000      0.000       0.000       0.000       0.000       0.000       0.000       0.000    
  1434240.   42.65643590   13.8137   0.000       0.000      0.3113E-03  0.2765E-07-0.7067E-02 0.6756E-02  0.000      0.000      0.000      0.000       0.000       0.000       0.000       0.000       0.000       0.000    
  1451520.   42.65643590   13.7497   0.000       0.000      0.3061E-03  0.2649E-07-0.6965E-02 0.6659E-02  0.000      0.000      0.000      0.000       0.000       0.000       0.000       0.000       0.000       0.000    
  1468800.   42.65643590   13.6881   0.000       0.000      0.3011E-03  0.2541E-07-0.6866E-02 0.6565E-02  0.000      0.000      0.000      0.000       0.000       0.000       0.000       0.000       0.000       0.000    
  1486080.   42.65643590   13.6185   0.000       0.000      0.2954E-03  0.2895E-07-0.6751E-02 0.6456E-02  0.000      0.000      0.000      0.000       0.000       0.000       0.000       0.000       0.000       0.000    
  1503360.   42.65643590   13.5516   0.000       0.000      0.2899E-03  0.2714E-07-0.6643E-02 0.6353E-02  0.000      0.000      0.000      0.000       0.000       0.000       0.000       0.000       0.000       0.000    
  1520640.   42.65643590   13.4871   0.000       0.000      0.2847E-03  0.2600E-07-0.6538E-02 0.6253E-02  0.000      0.000      0.000      0.000       0.000       0.000       0.000       0.000       0.000       0.000    
  1537920.   42.65643590   13.4249   0.000       0.000      0.2796E-03  0.2494E-07-0.6435E-02 0.6156E-02  0.000      0.000      0.000      0.000       0.000       0.000       0.000       0.000       0.000       0.000    
  1555200.   42.65643590   13.3649   0.000       0.000      0.2747E-03  0.2394E-07-0.6336E-02 0.6061E-02  0.000      0.000      0.000      0.000       0.000       0.000       0.000       0.000       0.000       0.000    
  1572480.   42.65643590   13.3000   0.000       0.000      0.2694E-03  0.2583E-07-0.6227E-02 0.5957E-02  0.000      0.000      0.000      0.000       0.000       0.000       0.000       0.000       0.000       0.000    
  1589760.   42.65643590   13.2375   0.000       0.000      0.2643E-03  0.2440E-07-0.6123E-02 0.5859E-02  0.000      0.000      0.000      0.000       0.000       0.000       0.000       0.000       0.000       0.000    
  1607040.   42.65643590   13.1770   0.000       0.000      0.2594E-03  0.2341E-07-0.6022E-02 0.5762E-02  0.000      0.000      0.000      0.000       0.000       0.000       0.000       0.000       0.000       0.000    
  1624320.   42.65643590   13.1186   0.000       0.000      0.2546E-03  0.2247E-07-0.5923E-02 0.5669E-02  0.000      0.000      0.000      0.000       0.000       0.000       0.000       0.000       0.000       0.000    
  1641600.   42.65643590   13.0620   0.000       0.000      0.2500E-03  0.2159E-07-0.5827E-02 0.5577E-02  0.000      0.000      0.000      0.000       0.000       0.000       0.000       0.000       0.000       0.000    
  1658880.   42.65643590   13.0055   0.000       0.000      0.2454E-03  0.2140E-07-0.5731E-02 0.5486E-02  0.000      0.000      0.000      0.000       0.000       0.000       0.000       0.000       0.000       0.000    
  1676160.   42.65643590   12.9508   0.000       0.000      0.2409E-03  0.2048E-07-0.5638E-02 0.5397E-02  0.000      0.000      0.000      0.000       0.000       0.000       0.000       0.000       0.000       0.000    
  1693440.   42.65643590   12.8978   0.000       0.000      0.2366E-03  0.1969E-07-0.5547E-02 0.5310E-02  0.000      0.000      0.000      0.000       0.000       0.000       0.000       0.000       0.000       0.000    
  1710720.   42.65643590   12.8464   0.000       0.000      0.2324E-03  0.1894E-07-0.5458E-02 0.5226E-02  0.000      0.000      0.000      0.000       0.000       0.000       0.000       0.000       0.000       0.000    
  1728000.   42.65643590   12.7966   0.000       0.000      0.2283E-03  0.1822E-07-0.5372E-02 0.5144E-02  0.000      0.000      0.000      0.000       0.000       0.000       0.000       0.000       0.000       0.000    
  1745280.   42.65643590   12.7496   0.000       0.000      0.2245E-03  0.1702E-07-0.5290E-02 0.5066E-02  0.000      0.000      0.000      0.000       0.000       0.000       0.000       0.000       0.000       0.000    
  1762560.   42.65643590   12.7040   0.000       0.000      0.2208E-03  0.1647E-07-0.5210E-02 0.4990E-02  0.000      0.000      0.000      0.000       0.000       0.000       0.000       0.000       0.000       0.000    
  1779840.   42.65643590   12.6596   0.000       0.000      0.2171E-03  0.1588E-07-0.5132E-02 0.4915E-02  0.000      0.000      0.000      0.000       0.000       0.000       0.000       0.000       0.000       0.000    
  1797120.   42.65643590   12.6165   0.000       0.000      0.2136E-03  0.1531E-07-0.5056E-02 0.4843E-02  0.000      0.000      0.000      0.000       0.000       0.000       0.000       0.000       0.000       0.000    
  1814400.   42.65643590   12.5746   0.000       0.000      0.2102E-03  0.1477E-07-0.4982E-02 0.4772E-02  0.000      0.000      0.000      0.000       0.000       0.000       0.000       0.000       0.000       0.000    
  1831680.   42.65643590   12.5303   0.000       0.000      0.2066E-03  0.1541E-07-0.4903E-02 0.4696E-02  0.000      0.000      0.000      0.000       0.000       0.000       0.000       0.000       0.000       0.000    
  1848960.   42.65643590   12.4873   0.000       0.000      0.2031E-03  0.1469E-07-0.4827E-02 0.4624E-02  0.000      0.000      0.000      0.000       0.000       0.000       0.000       0.000       0.000       0.000    
  1866240.   42.65643590   12.4455   0.000       0.000      0.1997E-03  0.1416E-07-0.4753E-02 0.4553E-02  0.000      0.000      0.000      0.000       0.000       0.000       0.000       0.000       0.000       0.000    
  1883520.   42.65643590   12.4049   0.000       0.000      0.1963E-03  0.1365E-07-0.4681E-02 0.4485E-02  0.000      0.000      0.000      0.000       0.000       0.000       0.000       0.000       0.000       0.000    
  1900800.   42.65643590   12.3654   0.000       0.000      0.1931E-03  0.1316E-07-0.4610E-02 0.4417E-02  0.000      0.000      0.000      0.000       0.000       0.000       0.000       0.000       0.000       0.000    
  1918080.   42.65643590   12.3245   0.000       0.000      0.1898E-03  0.1348E-07-0.4537E-02 0.4347E-02  0.000      0.000      0.000      0.000       0.000       0.000       0.000       0.000       0.000       0.000    
  1935360.   42.65643590   12.2848   0.000       0.000      0.1865E-03  0.1288E-07-0.4466E-02 0.4280E-02  0.000      0.000      0.000      0.000       0.000       0.000       0.000       0.000       0.000       0.000    
  1952640.   42.65643590   12.2461   0.000       0.000      0.1834E-03  0.1242E-07-0.4397E-02 0.4214E-02  0.000      0.000      0.000      0.000       0.000       0.000       0.000       0.000       0.000       0.000    
  1969920.   42.65643590   12.2085   0.000       0.000      0.1803E-03  0.1198E-07-0.4329E-02 0.4149E-02  0.000      0.000      0.000      0.000       0.000       0.000       0.000       0.000       0.000       0.000    
  1987200.   42.65643590   12.1719   0.000       0.000      0.1773E-03  0.1155E-07-0.4263E-02 0.4086E-02  0.000      0.000      0.000      0.000       0.000       0.000       0.000       0.000       0.000       0.000    
  2004480.   42.65643590   12.1375   0.000       0.000      0.1745E-03  0.1081E-07-0.4201E-02 0.4026E-02  0.000      0.000      0.000      0.000       0.000       0.000       0.000       0.000       0.000       0.000    
  2021760.   42.65643590   12.1039   0.000       0.000      0.1718E-03  0.1049E-07-0.4140E-02 0.3968E-02  0.000      0.000      0.000      0.000       0.000       0.000       0.000       0.000       0.000       0.000    
  2039040.   42.65643590   12.0711   0.000       0.000      0.1691E-03  0.1013E-07-0.4080E-02 0.3911E-02  0.000      0.000      0.000      0.000       0.000       0.000       0.000       0.000       0.000       0.000    
  2056320.   42.65643590   12.0391   0.000       0.000      0.1665E-03  0.9792E-08-0.4021E-02 0.3854E-02  0.000      0.000      0.000      0.000       0.000       0.000       0.000       0.000       0.000       0.000    
  2073600.   42.65643590   12.0080   0.000       0.000      0.1639E-03  0.9465E-08-0.3964E-02 0.3800E-02  0.000      0.000      0.000      0.000       0.000       0.000       0.000       0.000       0.000       0.000    
  2090880.   42.65643590   11.9749   0.000       0.000      0.1612E-03  0.9876E-08-0.3903E-02 0.3741E-02  0.000      0.000      0.000      0.000       0.000       0.000       0.000       0.000       0.000       0.000    
  2108160.   42.65643590   11.9427   0.000       0.000      0.1586E-03  0.9433E-08-0.3844E-02 0.3685E-02  0.000      0.000      0.000      0.000       0.000       0.000       0.000       0.000       0.000       0.000    
  2125440.   42.65643590   11.9113   0.000       0.000      0.1561E-03  0.9106E-08-0.3786E-02 0.3630E-02  0.000      0.000      0.000      0.000       0.000       0.000       0.000       0.000       0.000       0.000    
  2142720.   42.65643590   11.8808   0.000       0.000      0.1536E-03  0.8793E-08-0.3730E-02 0.3577E-02  0.000      0.000      0.000      0.000       0.000       0.000       0.000       0.000       0.000       0.000    
  2160000.   42.65643590   11.8510   0.000       0.000      0.1511E-03  0.8494E-08-0.3675E-02 0.3524E-02  0.000      0.000      0.000      0.000       0.000       0.000       0.000       0.000       0.000       0.000    
  2177280.   42.65643590   11.8201   0.000       0.000      0.1486E-03  0.8683E-08-0.3618E-02 0.3470E-02  0.000      0.000      0.000      0.000       0.000       0.000       0.000       0.000       0.000       0.000    
  2194560.   42.65643590   11.7900   0.000       0.000      0.1461E-03  0.8315E-08-0.3563E-02 0.3417E-02  0.000      0.000      0.000      0.000       0.000       0.000       0.000       0.000       0.000       0.000    
  2211840.   42.65643590   11.7606   0.000       0.000      0.1438E-03  0.8027E-08-0.3509E-02 0.3365E-02  0.000      0.000      0.000      0.000       0.000       0.000       0.000       0.000       0.000       0.000    
  2229120.   42.65643590   11.7321   0.000       0.000      0.1414E-03  0.7751E-08-0.3456E-02 0.3314E-02  0.000      0.000      0.000      0.000       0.000       0.000       0.000       0.000       0.000       0.000    
  2246400.   42.65643590   11.7042   0.000       0.000      0.1391E-03  0.7488E-08-0.3404E-02 0.3265E-02  0.000      0.000      0.000      0.000       0.000       0.000       0.000       0.000       0.000       0.000    
  2263680.   42.65643590   11.6751   0.000       0.000      0.1368E-03  0.7685E-08-0.3350E-02 0.3213E-02  0.000      0.000      0.000      0.000       0.000       0.000       0.000       0.000       0.000       0.000    
  2280960.   42.65643590   11.6468   0.000       0.000      0.1345E-03  0.7353E-08-0.3298E-02 0.3163E-02  0.000      0.000      0.000      0.000       0.000       0.000       0.000       0.000       0.000       0.000    
  2298240.   42.65643590   11.6192   0.000       0.000      0.1322E-03  0.7097E-08-0.3247E-02 0.3114E-02  0.000      0.000      0.000      0.000       0.000       0.000       0.000       0.000       0.000       0.000    
  2315520.   42.65643590   11.5923   0.000       0.000      0.1300E-03  0.6852E-08-0.3197E-02 0.3067E-02  0.000      0.000      0.000      0.000       0.000       0.000       0.000       0.000       0.000       0.000    
  2332800.   42.65643590   11.5661   0.000       0.000      0.1279E-03  0.6618E-08-0.3148E-02 0.3020E-02  0.000      0.000      0.000      0.000       0.000       0.000       0.000       0.000       0.000       0.000    
  2350080.   42.65643590   11.5393   0.000       0.000      0.1257E-03  0.6668E-08-0.3097E-02 0.2972E-02  0.000      0.000      0.000      0.000       0.000       0.000       0.000       0.000       0.000       0.000    
  2367360.   42.65643590   11.5131   0.000       0.000      0.1235E-03  0.6398E-08-0.3049E-02 0.2925E-02  0.000      0.000      0.000      0.000       0.000       0.000       0.000       0.000       0.000       0.000    
  2384640.   42.65643590   11.4876   0.000       0.000      0.1215E-03  0.6176E-08-0.3001E-02 0.2879E-02  0.000      0.000      0.000      0.000       0.000       0.000       0.000       0.000       0.000       0.000    
  2401920.   42.65643590   11.4628   0.000       0.000      0.1194E-03  0.5964E-08-0.2954E-02 0.2835E-02  0.000      0.000      0.000      0.000       0.000       0.000       0.000       0.000       0.000       0.000    
  2419200.   42.65643590   11.4385   0.000       0.000      0.1175E-03  0.5762E-08-0.2908E-02 0.2791E-02  0.000      0.000      0.000      0.000       0.000       0.000       0.000       0.000       0.000       0.000    
  2436480.   42.65643590   11.4255   0.000       0.000      0.1164E-03  0.3403E-08-0.2883E-02 0.2767E-02  0.000      0.000      0.000      0.000       0.000       0.000       0.000       0.000       0.000       0.000    
  2453760.   42.65643590   11.4123   0.000       0.000      0.1153E-03  0.3637E-08-0.2855E-02 0.2739E-02  0.000      0.000      0.000      0.000       0.000       0.000       0.000       0.000       0.000       0.000    
  2471040.   42.65643590   11.3992   0.000       0.000      0.1142E-03  0.3564E-08-0.2826E-02 0.2712E-02  0.000      0.000      0.000      0.000       0.000       0.000       0.000       0.000       0.000       0.000    
  2488320.   42.65643590   11.3861   0.000       0.000      0.1132E-03  0.3485E-08-0.2799E-02 0.2685E-02  0.000      0.000      0.000      0.000       0.000       0.000       0.000       0.000       0.000       0.000    
  2505600.   42.65643590   11.3732   0.000       0.000      0.1121E-03  0.3406E-08-0.2771E-02 0.2659E-02  0.000      0.000      0.000      0.000       0.000       0.000       0.000       0.000       0.000       0.000    
  2522880.   42.65643590   11.3599   0.000       0.000      0.1110E-03  0.3402E-08-0.2744E-02 0.2633E-02  0.000      0.000      0.000      0.000       0.000       0.000       0.000       0.000       0.000       0.000    
  2540160.   42.65643590   11.3468   0.000       0.000      0.1100E-03  0.3308E-08-0.2717E-02 0.2607E-02  0.000      0.000      0.000      0.000       0.000       0.000       0.000       0.000       0.000       0.000    
  2557440.   42.65643590   11.3339   0.000       0.000      0.1089E-03  0.3227E-08-0.2690E-02 0.2581E-02  0.000      0.000      0.000      0.000       0.000       0.000       0.000       0.000       0.000       0.000    
  2574720.   42.65643590   11.3212   0.000       0.000      0.1079E-03  0.3147E-08-0.2664E-02 0.2556E-02  0.000      0.000      0.000      0.000       0.000       0.000       0.000       0.000       0.000       0.000    
  2592000.   42.65643590   11.3086   0.000       0.000      0.1069E-03  0.3069E-08-0.2638E-02 0.2531E-02  0.000      0.000      0.000      0.000       0.000       0.000       0.000       0.000       0.000       0.000    
  2609280.   42.65643590   11.3380   0.000       0.000      0.1093E-03 -0.4835E-08-0.2689E-02 0.2580E-02  0.000      0.000      0.000      0.000       0.000       0.000       0.000       0.000       0.000       0.000    
  2626560.   42.65643590   11.3650   0.000       0.000      0.1115E-03 -0.3563E-08-0.2724E-02 0.2613E-02  0.000      0.000      0.000      0.000       0.000       0.000       0.000       0.000       0.000       0.000    
  2643840.   42.65643590   11.3901   0.000       0.000      0.1135E-03 -0.3404E-08-0.2757E-02 0.2644E-02  0.000      0.000      0.000      0.000       0.000       0.000       0.000       0.000       0.000       0.000    
  2661120.   42.65643590   11.4135   0.000       0.000      0.1154E-03 -0.3274E-08-0.2789E-02 0.2674E-02  0.000      0.000      0.000      0.000       0.000       0.000       0.000       0.000       0.000       0.000    
  2678400.   42.65643590   11.4355   0.000       0.000      0.1172E-03 -0.3159E-08-0.2820E-02 0.2703E-02  0.000      0.000      0.000      0.000       0.000       0.000       0.000       0.000       0.000       0.000    
  2695680.   42.65643590   11.5715   0.000       0.000      0.1283E-03 -0.2670E-07-0.3060E-02 0.2931E-02  0.000      0.000      0.000      0.000       0.000       0.000       0.000       0.000       0.000       0.000    
  2712960.   42.65643590   11.6993   0.000       0.000      0.1388E-03 -0.2396E-07-0.3253E-02 0.3115E-02  0.000      0.000      0.000      0.000       0.000       0.000       0.000       0.000       0.000       0.000    
  2730240.   42.65643590   11.8204   0.000       0.000      0.1486E-03 -0.2435E-07-0.3440E-02 0.3292E-02  0.000      0.000      0.000      0.000       0.000       0.000       0.000       0.000       0.000       0.000    
  2747520.   42.65643590   11.9358   0.000       0.000      0.1581E-03 -0.2474E-07-0.3622E-02 0.3464E-02  0.000      0.000      0.000      0.000       0.000       0.000       0.000       0.000       0.000       0.000    
  2764800.   42.65643590   12.0460   0.000       0.000      0.1671E-03 -0.2509E-07-0.3798E-02 0.3631E-02  0.000      0.000      0.000      0.000       0.000       0.000       0.000       0.000       0.000       0.000    
  2782080.   42.65643590   12.3164   0.000       0.000      0.1891E-03 -0.7095E-07-0.4269E-02 0.4080E-02  0.000      0.000      0.000      0.000       0.000       0.000       0.000       0.000       0.000       0.000    
  2799360.   42.65643590   12.5731   0.000       0.000      0.2101E-03 -0.6884E-07-0.4672E-02 0.4462E-02  0.000      0.000      0.000      0.000       0.000       0.000       0.000       0.000       0.000       0.000    
  2816640.   42.65643590   12.8182   0.000       0.000      0.2301E-03 -0.7225E-07-0.5063E-02 0.4833E-02  0.000      0.000      0.000      0.000       0.000       0.000       0.000       0.000       0.000       0.000    
  2833920.   42.65643590   13.0534   0.000       0.000      0.2493E-03 -0.7543E-07-0.5443E-02 0.5194E-02  0.000      0.000      0.000      0.000       0.000       0.000       0.000       0.000       0.000       0.000    
  2851200.   42.65643590   13.2795   0.000       0.000      0.2677E-03 -0.7836E-07-0.5813E-02 0.5545E-02  0.000      0.000      0.000      0.000       0.000       0.000       0.000       0.000       0.000       0.000    
  2868480.   42.65643590   13.2372   0.000       0.000      0.2643E-03  0.2018E-07-0.5700E-02 0.5436E-02  0.000      0.000      0.000      0.000       0.000       0.000       0.000       0.000       0.000       0.000    
  2885760.   42.65643590   13.2022   0.000       0.000      0.2614E-03  0.5838E-08-0.5677E-02 0.5416E-02  0.000      0.000      0.000      0.000       0.000       0.000       0.000       0.000       0.000       0.000    
  2903040.   42.65643590   13.1724   0.000       0.000      0.2590E-03  0.4854E-08-0.5657E-02 0.5398E-02  0.000      0.000      0.000      0.000       0.000       0.000       0.000       0.000       0.000       0.000    
  2920320.   42.65643590   13.1466   0.000       0.000      0.2569E-03  0.4213E-08-0.5640E-02 0.5383E-02  0.000      0.000      0.000      0.000       0.000       0.000       0.000       0.000       0.000       0.000    
  2937600.   42.65643590   13.1239   0.000       0.000      0.2550E-03  0.3709E-08-0.5624E-02 0.5369E-02  0.000      0.000      0.000      0.000       0.000       0.000       0.000       0.000       0.000       0.000    
  2954880.   42.65643590   13.1208   0.000       0.000      0.2548E-03 -0.2960E-08-0.5640E-02 0.5385E-02  0.000      0.000      0.000      0.000       0.000       0.000       0.000       0.000       0.000       0.000    
  2972160.   42.65643590   13.1189   0.000       0.000      0.2546E-03 -0.2268E-08-0.5651E-02 0.5396E-02  0.000      0.000      0.000      0.000       0.000       0.000       0.000       0.000       0.000       0.000    
  2989440.   42.65643590   13.1180   0.000       0.000      0.2546E-03 -0.2382E-08-0.5661E-02 0.5407E-02  0.000      0.000      0.000      0.000       0.000       0.000       0.000       0.000       0.000       0.000    
  3006720.   42.65643590   13.1179   0.000       0.000      0.2546E-03 -0.2485E-08-0.5672E-02 0.5418E-02  0.000      0.000      0.000      0.000       0.000       0.000       0.000       0.000       0.000       0.000    
  3024000.   42.65643590   13.1186   0.000       0.000      0.2546E-03 -0.2571E-08-0.5684E-02 0.5429E-02  0.000      0.000      0.000      0.000       0.000       0.000       0.000       0.000       0.000       0.000    
  3041280.   42.65643590   13.1613   0.000       0.000      0.2581E-03 -0.1820E-07-0.5770E-02 0.5512E-02  0.000      0.000      0.000      0.000       0.000       0.000       0.000       0.000       0.000       0.000    
  3058560.   42.65643590   13.2022   0.000       0.000      0.2614E-03 -0.1589E-07-0.5840E-02 0.5579E-02  0.000      0.000      0.000      0.000       0.000       0.000       0.000       0.000       0.000       0.000    
  3075840.   42.65643590   13.2416   0.000       0.000      0.2646E-03 -0.1565E-07-0.5909E-02 0.5644E-02  0.000      0.000      0.000      0.000       0.000       0.000       0.000       0.000       0.000       0.000    
  3093120.   42.65643590   13.2797   0.000       0.000      0.2678E-03 -0.1546E-07-0.5976E-02 0.5708E-02  0.000      0.000      0.000      0.000       0.000       0.000       0.000       0.000       0.000       0.000    
  3110400.   42.65643590   13.3166   0.000       0.000      0.2708E-03 -0.1529E-07-0.6041E-02 0.5770E-02  0.000      0.000      0.000      0.000       0.000       0.000       0.000       0.000       0.000       0.000    
  3127680.   42.65643590   13.2850   0.000       0.000      0.2682E-03  0.1161E-07-0.5982E-02 0.5714E-02  0.000      0.000      0.000      0.000       0.000       0.000       0.000       0.000       0.000       0.000    
  3144960.   42.65643590   13.2561   0.000       0.000      0.2658E-03  0.7503E-08-0.5947E-02 0.5681E-02  0.000      0.000      0.000      0.000       0.000       0.000       0.000       0.000       0.000       0.000    
  3162240.   42.65643590   13.2295   0.000       0.000      0.2637E-03  0.6997E-08-0.5914E-02 0.5650E-02  0.000      0.000      0.000      0.000       0.000       0.000       0.000       0.000       0.000       0.000    
  3179520.   42.65643590   13.2048   0.000       0.000      0.2616E-03  0.6598E-08-0.5882E-02 0.5621E-02  0.000      0.000      0.000      0.000       0.000       0.000       0.000       0.000       0.000       0.000    
  3196800.   42.65643590   13.1816   0.000       0.000      0.2598E-03  0.6249E-08-0.5852E-02 0.5592E-02  0.000      0.000      0.000      0.000       0.000       0.000       0.000       0.000       0.000       0.000    
  3214080.   42.65643590   13.1305   0.000       0.000      0.2556E-03  0.1715E-07-0.5769E-02 0.5514E-02  0.000      0.000      0.000      0.000       0.000       0.000       0.000       0.000       0.000       0.000    
  3231360.   42.65643590   13.0823   0.000       0.000      0.2516E-03  0.1487E-07-0.5699E-02 0.5447E-02  0.000      0.000      0.000      0.000       0.000       0.000       0.000       0.000       0.000       0.000    
  3248640.   42.65643590   13.0365   0.000       0.000      0.2479E-03  0.1415E-07-0.5631E-02 0.5383E-02  0.000      0.000      0.000      0.000       0.000       0.000       0.000       0.000       0.000       0.000    
  3265920.   42.65643590   12.9930   0.000       0.000      0.2444E-03  0.1351E-07-0.5566E-02 0.5321E-02  0.000      0.000      0.000      0.000       0.000       0.000       0.000       0.000       0.000       0.000    
  3283200.   42.65643590   12.9515   0.000       0.000      0.2410E-03  0.1293E-07-0.5502E-02 0.5261E-02  0.000      0.000      0.000      0.000       0.000       0.000       0.000       0.000       0.000       0.000    
  3300480.   42.65643590   12.9267   0.000       0.000      0.2389E-03  0.6980E-08-0.5468E-02 0.5229E-02  0.000      0.000      0.000      0.000       0.000       0.000       0.000       0.000       0.000       0.000    
  3317760.   42.65643590   12.9028   0.000       0.000      0.2370E-03  0.7451E-08-0.5429E-02 0.5192E-02  0.000      0.000      0.000      0.000       0.000       0.000       0.000       0.000       0.000       0.000    
  3335040.   42.65643590   12.8797   0.000       0.000      0.2351E-03  0.7207E-08-0.5392E-02 0.5157E-02  0.000      0.000      0.000      0.000       0.000       0.000       0.000       0.000       0.000       0.000    
  3352320.   42.65643590   12.8575   0.000       0.000      0.2333E-03  0.6963E-08-0.5356E-02 0.5123E-02  0.000      0.000      0.000      0.000       0.000       0.000       0.000       0.000       0.000       0.000    
  3369600.   42.65643590   12.8360   0.000       0.000      0.2315E-03  0.6729E-08-0.5321E-02 0.5090E-02  0.000      0.000      0.000      0.000       0.000       0.000       0.000       0.000       0.000       0.000    
  3386880.   42.65643590   12.8491   0.000       0.000      0.2326E-03 -0.5463E-08-0.5349E-02 0.5116E-02  0.000      0.000      0.000      0.000       0.000       0.000       0.000       0.000       0.000       0.000    
  3404160.   42.65643590   12.8611   0.000       0.000      0.2336E-03 -0.3667E-08-0.5364E-02 0.5131E-02  0.000      0.000      0.000      0.000       0.000       0.000       0.000       0.000       0.000       0.000    
  3421440.   42.65643590   12.8721   0.000       0.000      0.2345E-03 -0.3497E-08-0.5379E-02 0.5145E-02  0.000      0.000      0.000      0.000       0.000       0.000       0.000       0.000       0.000       0.000    
  3438720.   42.65643590   12.8824   0.000       0.000      0.2353E-03 -0.3369E-08-0.5394E-02 0.5158E-02  0.000      0.000      0.000      0.000       0.000       0.000       0.000       0.000       0.000       0.000    
  3456000.   42.65643590   12.8921   0.000       0.000      0.2361E-03 -0.3259E-08-0.5408E-02 0.5171E-02  0.000      0.000      0.000      0.000       0.000       0.000       0.000       0.000       0.000       0.000    
  3473280.   42.65643590   12.9229   0.000       0.000      0.2386E-03 -0.1095E-07-0.5460E-02 0.5222E-02  0.000      0.000      0.000      0.000       0.000       0.000       0.000       0.000       0.000       0.000    
  3490560.   42.65643590   12.9519   0.000       0.000      0.2410E-03 -0.9651E-08-0.5505E-02 0.5264E-02  0.000      0.000      0.000      0.000       0.000       0.000       0.000       0.000       0.000       0.000    
  3507840.   42.65643590   12.9796   0.000       0.000      0.2433E-03 -0.9405E-08-0.5547E-02 0.5304E-02  0.000      0.000      0.000      0.000       0.000       0.000       0.000       0.000       0.000       0.000    
  3525120.   42.65643590   13.0061   0.000       0.000      0.2454E-03 -0.9194E-08-0.5589E-02 0.5344E-02  0.000      0.000      0.000      0.000       0.000       0.000       0.000       0.000       0.000       0.000    
  3542400.   42.65643590   13.0314   0.000       0.000      0.2475E-03 -0.8998E-08-0.5630E-02 0.5382E-02  0.000      0.000      0.000      0.000       0.000       0.000       0.000       0.000       0.000       0.000    
  3559680.   42.65643590   13.0371   0.000       0.000      0.2480E-03 -0.1807E-08-0.5635E-02 0.5387E-02  0.000      0.000      0.000      0.000       0.000       0.000       0.000       0.000       0.000       0.000    
  3576960.   42.65643590   13.0429   0.000       0.000      0.2484E-03 -0.2732E-08-0.5647E-02 0.5398E-02  0.000      0.000      0.000      0.000       0.000       0.000       0.000       0.000       0.000       0.000    
  3594240.   42.65643590   13.0488   0.000       0.000      0.2489E-03 -0.2724E-08-0.5658E-02 0.5410E-02  0.000      0.000      0.000      0.000       0.000       0.000       0.000       0.000       0.000       0.000    
  3611520.   42.65643590   13.0547   0.000       0.000      0.2494E-03 -0.2696E-08-0.5670E-02 0.5420E-02  0.000      0.000      0.000      0.000       0.000       0.000       0.000       0.000       0.000       0.000    
  3628800.   42.65643590   13.0606   0.000       0.000      0.2499E-03 -0.2664E-08-0.5681E-02 0.5431E-02  0.000      0.000      0.000      0.000       0.000       0.000       0.000       0.000       0.000       0.000    
  3646080.   42.65643590   13.0239   0.000       0.000      0.2469E-03  0.1329E-07-0.5615E-02 0.5368E-02  0.000      0.000      0.000      0.000       0.000       0.000       0.000       0.000       0.000       0.000    
  3663360.   42.65643590   12.9896   0.000       0.000      0.2441E-03  0.1061E-07-0.5565E-02 0.5321E-02  0.000      0.000      0.000      0.000       0.000       0.000       0.000       0.000       0.000       0.000    
  3680640.   42.65643590   12.9573   0.000       0.000      0.2414E-03  0.1011E-07-0.5517E-02 0.5275E-02  0.000      0.000      0.000      0.000       0.000       0.000       0.000       0.000       0.000       0.000    
  3697920.   42.65643590   12.9265   0.000       0.000      0.2389E-03  0.9679E-08-0.5470E-02 0.5231E-02  0.000      0.000      0.000      0.000       0.000       0.000       0.000       0.000       0.000       0.000    
  3715200.   42.65643590   12.8972   0.000       0.000      0.2365E-03  0.9292E-08-0.5425E-02 0.5188E-02  0.000      0.000      0.000      0.000       0.000       0.000       0.000       0.000       0.000       0.000    
  3732480.   42.65643590   12.8770   0.000       0.000      0.2349E-03  0.6136E-08-0.5395E-02 0.5160E-02  0.000      0.000      0.000      0.000       0.000       0.000       0.000       0.000       0.000       0.000    
  3749760.   42.65643590   12.8575   0.000       0.000      0.2333E-03  0.6300E-08-0.5364E-02 0.5131E-02  0.000      0.000      0.000      0.000       0.000       0.000       0.000       0.000       0.000       0.000    
  3767040.   42.65643590   12.8387   0.000       0.000      0.2318E-03  0.6100E-08-0.5334E-02 0.5102E-02  0.000      0.000      0.000      0.000       0.000       0.000       0.000       0.000       0.000       0.000    
  3784320.   42.65643590   12.8206   0.000       0.000      0.2303E-03  0.5905E-08-0.5304E-02 0.5074E-02  0.000      0.000      0.000      0.000       0.000       0.000       0.000       0.000       0.000       0.000    
  3801600.   42.65643590   12.8032   0.000       0.000      0.2289E-03  0.5718E-08-0.5275E-02 0.5046E-02  0.000      0.000      0.000      0.000       0.000       0.000       0.000       0.000       0.000       0.000    
  3818880.   42.65643590   12.8134   0.000       0.000      0.2297E-03 -0.3998E-08-0.5296E-02 0.5067E-02  0.000      0.000      0.000      0.000       0.000       0.000       0.000       0.000       0.000       0.000    
  3836160.   42.65643590   12.8226   0.000       0.000      0.2304E-03 -0.2566E-08-0.5308E-02 0.5078E-02  0.000      0.000      0.000      0.000       0.000       0.000       0.000       0.000       0.000       0.000    
  3853440.   42.65643590   12.8311   0.000       0.000      0.2311E-03 -0.2428E-08-0.5319E-02 0.5088E-02  0.000      0.000      0.000      0.000       0.000       0.000       0.000       0.000       0.000       0.000    
  3870720.   42.65643590   12.8391   0.000       0.000      0.2318E-03 -0.2325E-08-0.5330E-02 0.5098E-02  0.000      0.000      0.000      0.000       0.000       0.000       0.000       0.000       0.000       0.000    
  3888000.   42.65643590   12.8465   0.000       0.000      0.2324E-03 -0.2236E-08-0.5340E-02 0.5108E-02  0.000      0.000      0.000      0.000       0.000       0.000       0.000       0.000       0.000       0.000    
  3905280.   42.65643590   12.8830   0.000       0.000      0.2354E-03 -0.1276E-07-0.5404E-02 0.5168E-02  0.000      0.000      0.000      0.000       0.000       0.000       0.000       0.000       0.000       0.000    
  3922560.   42.65643590   12.9175   0.000       0.000      0.2382E-03 -0.1104E-07-0.5456E-02 0.5218E-02  0.000      0.000      0.000      0.000       0.000       0.000       0.000       0.000       0.000       0.000    
  3939840.   42.65643590   12.9503   0.000       0.000      0.2409E-03 -0.1076E-07-0.5506E-02 0.5265E-02  0.000      0.000      0.000      0.000       0.000       0.000       0.000       0.000       0.000       0.000    
  3957120.   42.65643590   12.9816   0.000       0.000      0.2434E-03 -0.1051E-07-0.5555E-02 0.5312E-02  0.000      0.000      0.000      0.000       0.000       0.000       0.000       0.000       0.000       0.000    
  3974400.   42.65643590   13.0116   0.000       0.000      0.2459E-03 -0.1029E-07-0.5603E-02 0.5357E-02  0.000      0.000      0.000      0.000       0.000       0.000       0.000       0.000       0.000       0.000    
  3991680.   42.65643590   13.0467   0.000       0.000      0.2487E-03 -0.1243E-07-0.5660E-02 0.5412E-02  0.000      0.000      0.000      0.000       0.000       0.000       0.000       0.000       0.000       0.000    
  4008960.   42.65643590   13.0802   0.000       0.000      0.2515E-03 -0.1188E-07-0.5714E-02 0.5463E-02  0.000      0.000      0.000      0.000       0.000       0.000       0.000       0.000       0.000       0.000    
  4026240.   42.65643590   13.1125   0.000       0.000      0.2541E-03 -0.1165E-07-0.5767E-02 0.5513E-02  0.000      0.000      0.000      0.000       0.000       0.000       0.000       0.000       0.000       0.000    
  4043520.   42.65643590   13.1437   0.000       0.000      0.2566E-03 -0.1144E-07-0.5818E-02 0.5561E-02  0.000      0.000      0.000      0.000       0.000       0.000       0.000       0.000       0.000       0.000    
  4060800.   42.65643590   13.1737   0.000       0.000      0.2591E-03 -0.1124E-07-0.5868E-02 0.5609E-02  0.000      0.000      0.000      0.000       0.000       0.000       0.000       0.000       0.000       0.000    
  4078080.   42.65643590   13.1404   0.000       0.000      0.2564E-03  0.1319E-07-0.5803E-02 0.5547E-02  0.000      0.000      0.000      0.000       0.000       0.000       0.000       0.000       0.000       0.000    
  4095360.   42.65643590   13.1096   0.000       0.000      0.2539E-03  0.9421E-08-0.5761E-02 0.5507E-02  0.000      0.000      0.000      0.000       0.000       0.000       0.000       0.000       0.000       0.000    
  4112640.   42.65643590   13.0809   0.000       0.000      0.2515E-03  0.8918E-08-0.5720E-02 0.5469E-02  0.000      0.000      0.000      0.000       0.000       0.000       0.000       0.000       0.000       0.000    
  4129920.   42.65643590   13.0538   0.000       0.000      0.2493E-03  0.8512E-08-0.5681E-02 0.5432E-02  0.000      0.000      0.000      0.000       0.000       0.000       0.000       0.000       0.000       0.000    
  4147200.   42.65643590   13.0282   0.000       0.000      0.2472E-03  0.8153E-08-0.5644E-02 0.5396E-02  0.000      0.000      0.000      0.000       0.000       0.000       0.000       0.000       0.000       0.000    
  4164480.   42.65643590   12.9808   0.000       0.000      0.2434E-03  0.1643E-07-0.5565E-02 0.5322E-02  0.000      0.000      0.000      0.000       0.000       0.000       0.000       0.000       0.000       0.000    
  4181760.   42.65643590   12.9358   0.000       0.000      0.2397E-03  0.1458E-07-0.5496E-02 0.5257E-02  0.000      0.000      0.000      0.000       0.000       0.000       0.000       0.000       0.000       0.000    
  4199040.   42.65643590   12.8929   0.000       0.000      0.2362E-03  0.1393E-07-0.5430E-02 0.5194E-02  0.000      0.000      0.000      0.000       0.000       0.000       0.000       0.000       0.000       0.000    
  4216320.   42.65643590   12.8519   0.000       0.000      0.2328E-03  0.1335E-07-0.5365E-02 0.5133E-02  0.000      0.000      0.000      0.000       0.000       0.000       0.000       0.000       0.000       0.000    
  4233600.   42.65643590   12.8126   0.000       0.000      0.2296E-03  0.1282E-07-0.5303E-02 0.5073E-02  0.000      0.000      0.000      0.000       0.000       0.000       0.000       0.000       0.000       0.000    
  4250880.   42.65643590   12.7700   0.000       0.000      0.2262E-03  0.1401E-07-0.5233E-02 0.5007E-02  0.000      0.000      0.000      0.000       0.000       0.000       0.000       0.000       0.000       0.000    
  4268160.   42.65643590   12.7292   0.000       0.000      0.2228E-03  0.1323E-07-0.5167E-02 0.4944E-02  0.000      0.000      0.000      0.000       0.000       0.000       0.000       0.000       0.000       0.000    
  4285440.   42.65643590   12.6899   0.000       0.000      0.2196E-03  0.1271E-07-0.5103E-02 0.4883E-02  0.000      0.000      0.000      0.000       0.000       0.000       0.000       0.000       0.000       0.000    
  4302720.   42.65643590   12.6520   0.000       0.000      0.2165E-03  0.1222E-07-0.5040E-02 0.4824E-02  0.000      0.000      0.000      0.000       0.000       0.000       0.000       0.000       0.000       0.000    
  4320000.   42.65643590   12.6155   0.000       0.000      0.2135E-03  0.1177E-07-0.4979E-02 0.4766E-02  0.000      0.000      0.000      0.000       0.000       0.000       0.000       0.000       0.000       0.000    
  4337280.   42.65643590   12.5756   0.000       0.000      0.2103E-03  0.1287E-07-0.4912E-02 0.4701E-02  0.000      0.000      0.000      0.000       0.000       0.000       0.000       0.000       0.000       0.000    
  4354560.   42.65643590   12.5372   0.000       0.000      0.2071E-03  0.1218E-07-0.4847E-02 0.4640E-02  0.000      0.000      0.000      0.000       0.000       0.000       0.000       0.000       0.000       0.000    
  4371840.   42.65643590   12.5001   0.000       0.000      0.2041E-03  0.1172E-07-0.4785E-02 0.4581E-02  0.000      0.000      0.000      0.000       0.000       0.000       0.000       0.000       0.000       0.000    
  4389120.   42.65643590   12.4642   0.000       0.000      0.2012E-03  0.1129E-07-0.4724E-02 0.4522E-02  0.000      0.000      0.000      0.000       0.000       0.000       0.000       0.000       0.000       0.000    
  4406400.   42.65643590   12.4295   0.000       0.000      0.1984E-03  0.1088E-07-0.4664E-02 0.4466E-02  0.000      0.000      0.000      0.000       0.000       0.000       0.000       0.000       0.000       0.000    
