TOTIM (T)      HCON          HMAT      QDIR      QWELL        QMAT       QCADS      QTUB1      QTUB2      QTUB3      QTUB4      QTUB5      QTUB6       NSTOR        QFIX        QLH     FHLQ (LQ)        CAUCHY   CAUCHY (LQ)
    86400.   42.65643590   12.3373   0.000       0.000      0.1908E-03   0.000    -0.2262E-02 0.2071E-02  0.000      0.000      0.000      0.000       0.000       0.000       0.000       0.000       0.000       0.000    
   103680.   42.65643590   12.2632   0.000       0.000      0.1848E-03  0.8388E-07-0.1951E-02 0.1766E-02  0.000      0.000      0.000      0.000       0.000       0.000       0.000       0.000       0.000       0.000    
   120960.   42.65643590   12.1941   0.000       0.000      0.1791E-03  0.1920E-07-0.1899E-02 0.1720E-02  0.000      0.000      0.000      0.000       0.000       0.000       0.000       0.000       0.000       0.000    
   138240.   42.65643590   12.1293   0.000       0.000      0.1738E-03  0.1763E-07-0.1849E-02 0.1676E-02  0.000      0.000      0.000      0.000       0.000       0.000       0.000       0.000       0.000       0.000    
   155520.   42.65643590   12.0684   0.000       0.000      0.1689E-03  0.1673E-07-0.1802E-02 0.1633E-02  0.000      0.000      0.000      0.000       0.000       0.000       0.000       0.000       0.000       0.000    
   172800.   42.65643590   12.0108   0.000       0.000      0.1642E-03  0.1591E-07-0.1756E-02 0.1591E-02  0.000      0.000      0.000      0.000       0.000       0.000       0.000       0.000       0.000       0.000    
   190080.   42.65643590   11.9810   0.000       0.000      0.1617E-03  0.7895E-08-0.1739E-02 0.1578E-02  0.000      0.000      0.000      0.000       0.000       0.000       0.000       0.000       0.000       0.000    
   207360.   42.65643590   11.9525   0.000       0.000      0.1594E-03  0.8585E-08-0.1716E-02 0.1556E-02  0.000      0.000      0.000      0.000       0.000       0.000       0.000       0.000       0.000       0.000    
   224640.   42.65643590   11.9251   0.000       0.000      0.1572E-03  0.8307E-08-0.1693E-02 0.1536E-02  0.000      0.000      0.000      0.000       0.000       0.000       0.000       0.000       0.000       0.000    
   241920.   42.65643590   11.8988   0.000       0.000      0.1550E-03  0.8025E-08-0.1671E-02 0.1516E-02  0.000      0.000      0.000      0.000       0.000       0.000       0.000       0.000       0.000       0.000    
   259200.   42.65643590   11.8734   0.000       0.000      0.1530E-03  0.7753E-08-0.1650E-02 0.1497E-02  0.000      0.000      0.000      0.000       0.000       0.000       0.000       0.000       0.000       0.000    
   276480.   42.65643590   11.8557   0.000       0.000      0.1515E-03  0.5623E-08-0.1636E-02 0.1485E-02  0.000      0.000      0.000      0.000       0.000       0.000       0.000       0.000       0.000       0.000    
   293760.   42.65643590   11.8384   0.000       0.000      0.1501E-03  0.5717E-08-0.1622E-02 0.1471E-02  0.000      0.000      0.000      0.000       0.000       0.000       0.000       0.000       0.000       0.000    
   311040.   42.65643590   11.8216   0.000       0.000      0.1487E-03  0.5563E-08-0.1607E-02 0.1458E-02  0.000      0.000      0.000      0.000       0.000       0.000       0.000       0.000       0.000       0.000    
   328320.   42.65643590   11.8052   0.000       0.000      0.1474E-03  0.5409E-08-0.1593E-02 0.1446E-02  0.000      0.000      0.000      0.000       0.000       0.000       0.000       0.000       0.000       0.000    
   345600.   42.65643590   11.7893   0.000       0.000      0.1461E-03  0.5259E-08-0.1579E-02 0.1433E-02  0.000      0.000      0.000      0.000       0.000       0.000       0.000       0.000       0.000       0.000    
   362880.   42.65643590   11.8051   0.000       0.000      0.1474E-03 -0.3342E-08-0.1601E-02 0.1454E-02  0.000      0.000      0.000      0.000       0.000       0.000       0.000       0.000       0.000       0.000    
   380160.   42.65643590   11.8195   0.000       0.000      0.1486E-03 -0.2032E-08-0.1612E-02 0.1464E-02  0.000      0.000      0.000      0.000       0.000       0.000       0.000       0.000       0.000       0.000    
   397440.   42.65643590   11.8327   0.000       0.000      0.1496E-03 -0.1880E-08-0.1622E-02 0.1473E-02  0.000      0.000      0.000      0.000       0.000       0.000       0.000       0.000       0.000       0.000    
   414720.   42.65643590   11.8448   0.000       0.000      0.1506E-03 -0.1762E-08-0.1631E-02 0.1481E-02  0.000      0.000      0.000      0.000       0.000       0.000       0.000       0.000       0.000       0.000    
   432000.   42.65643590   11.8559   0.000       0.000      0.1515E-03 -0.1660E-08-0.1640E-02 0.1488E-02  0.000      0.000      0.000      0.000       0.000       0.000       0.000       0.000       0.000       0.000    
   449280.   42.65643590   11.8899   0.000       0.000      0.1543E-03 -0.8155E-08-0.1675E-02 0.1521E-02  0.000      0.000      0.000      0.000       0.000       0.000       0.000       0.000       0.000       0.000    
   466560.   42.65643590   11.9218   0.000       0.000      0.1569E-03 -0.7045E-08-0.1701E-02 0.1544E-02  0.000      0.000      0.000      0.000       0.000       0.000       0.000       0.000       0.000       0.000    
   483840.   42.65643590   11.9518   0.000       0.000      0.1594E-03 -0.6833E-08-0.1725E-02 0.1565E-02  0.000      0.000      0.000      0.000       0.000       0.000       0.000       0.000       0.000       0.000    
   501120.   42.65643590   11.9800   0.000       0.000      0.1617E-03 -0.6649E-08-0.1748E-02 0.1586E-02  0.000      0.000      0.000      0.000       0.000       0.000       0.000       0.000       0.000       0.000    
   518400.   42.65643590   12.0067   0.000       0.000      0.1638E-03 -0.6481E-08-0.1770E-02 0.1606E-02  0.000      0.000      0.000      0.000       0.000       0.000       0.000       0.000       0.000       0.000    
   535680.   42.65643590   12.0135   0.000       0.000      0.1644E-03 -0.9847E-09-0.1769E-02 0.1605E-02  0.000      0.000      0.000      0.000       0.000       0.000       0.000       0.000       0.000       0.000    
   552960.   42.65643590   12.0200   0.000       0.000      0.1649E-03 -0.1678E-08-0.1775E-02 0.1610E-02  0.000      0.000      0.000      0.000       0.000       0.000       0.000       0.000       0.000       0.000    
   570240.   42.65643590   12.0263   0.000       0.000      0.1654E-03 -0.1658E-08-0.1780E-02 0.1615E-02  0.000      0.000      0.000      0.000       0.000       0.000       0.000       0.000       0.000       0.000    
   587520.   42.65643590   12.0324   0.000       0.000      0.1659E-03 -0.1625E-08-0.1786E-02 0.1620E-02  0.000      0.000      0.000      0.000       0.000       0.000       0.000       0.000       0.000       0.000    
   604800.   42.65643590   12.0383   0.000       0.000      0.1664E-03 -0.1590E-08-0.1791E-02 0.1624E-02  0.000      0.000      0.000      0.000       0.000       0.000       0.000       0.000       0.000       0.000    
   622080.   42.65643590   12.0505   0.000       0.000      0.1674E-03 -0.3461E-08-0.1803E-02 0.1635E-02  0.000      0.000      0.000      0.000       0.000       0.000       0.000       0.000       0.000       0.000    
   639360.   42.65643590   12.0621   0.000       0.000      0.1684E-03 -0.3117E-08-0.1812E-02 0.1644E-02  0.000      0.000      0.000      0.000       0.000       0.000       0.000       0.000       0.000       0.000    
   656640.   42.65643590   12.0732   0.000       0.000      0.1693E-03 -0.3033E-08-0.1822E-02 0.1652E-02  0.000      0.000      0.000      0.000       0.000       0.000       0.000       0.000       0.000       0.000    
   673920.   42.65643590   12.0838   0.000       0.000      0.1701E-03 -0.2957E-08-0.1830E-02 0.1660E-02  0.000      0.000      0.000      0.000       0.000       0.000       0.000       0.000       0.000       0.000    
   691200.   42.65643590   12.0940   0.000       0.000      0.1710E-03 -0.2886E-08-0.1839E-02 0.1668E-02  0.000      0.000      0.000      0.000       0.000       0.000       0.000       0.000       0.000       0.000    
   708480.   42.65643590   12.1680   0.000       0.000      0.1770E-03 -0.2213E-07-0.1920E-02 0.1743E-02  0.000      0.000      0.000      0.000       0.000       0.000       0.000       0.000       0.000       0.000    
   725760.   42.65643590   12.2378   0.000       0.000      0.1827E-03 -0.1931E-07-0.1977E-02 0.1794E-02  0.000      0.000      0.000      0.000       0.000       0.000       0.000       0.000       0.000       0.000    
   743040.   42.65643590   12.3040   0.000       0.000      0.1881E-03 -0.1906E-07-0.2031E-02 0.1843E-02  0.000      0.000      0.000      0.000       0.000       0.000       0.000       0.000       0.000       0.000    
   760320.   42.65643590   12.3669   0.000       0.000      0.1932E-03 -0.1885E-07-0.2083E-02 0.1890E-02  0.000      0.000      0.000      0.000       0.000       0.000       0.000       0.000       0.000       0.000    
   777600.   42.65643590   12.4268   0.000       0.000      0.1981E-03 -0.1867E-07-0.2132E-02 0.1934E-02  0.000      0.000      0.000      0.000       0.000       0.000       0.000       0.000       0.000       0.000    
   794880.   42.65643590   12.5413   0.000       0.000      0.2075E-03 -0.3794E-07-0.2245E-02 0.2038E-02  0.000      0.000      0.000      0.000       0.000       0.000       0.000       0.000       0.000       0.000    
   812160.   42.65643590   12.6500   0.000       0.000      0.2163E-03 -0.3545E-07-0.2335E-02 0.2118E-02  0.000      0.000      0.000      0.000       0.000       0.000       0.000       0.000       0.000       0.000    
   829440.   42.65643590   12.7536   0.000       0.000      0.2248E-03 -0.3546E-07-0.2420E-02 0.2195E-02  0.000      0.000      0.000      0.000       0.000       0.000       0.000       0.000       0.000       0.000    
   846720.   42.65643590   12.8524   0.000       0.000      0.2329E-03 -0.3549E-07-0.2502E-02 0.2270E-02  0.000      0.000      0.000      0.000       0.000       0.000       0.000       0.000       0.000       0.000    
   864000.   42.65643590   12.9469   0.000       0.000      0.2406E-03 -0.3551E-07-0.2581E-02 0.2341E-02  0.000      0.000      0.000      0.000       0.000       0.000       0.000       0.000       0.000       0.000    
   881280.   42.65643590   12.9867   0.000       0.000      0.2438E-03 -0.1564E-07-0.2600E-02 0.2356E-02  0.000      0.000      0.000      0.000       0.000       0.000       0.000       0.000       0.000       0.000    
   898560.   42.65643590   13.0258   0.000       0.000      0.2470E-03 -0.1817E-07-0.2634E-02 0.2387E-02  0.000      0.000      0.000      0.000       0.000       0.000       0.000       0.000       0.000       0.000    
   915840.   42.65643590   13.0642   0.000       0.000      0.2501E-03 -0.1813E-07-0.2667E-02 0.2417E-02  0.000      0.000      0.000      0.000       0.000       0.000       0.000       0.000       0.000       0.000    
   933120.   42.65643590   13.1017   0.000       0.000      0.2532E-03 -0.1804E-07-0.2700E-02 0.2447E-02  0.000      0.000      0.000      0.000       0.000       0.000       0.000       0.000       0.000       0.000    
   950400.   42.65643590   13.1385   0.000       0.000      0.2562E-03 -0.1793E-07-0.2732E-02 0.2475E-02  0.000      0.000      0.000      0.000       0.000       0.000       0.000       0.000       0.000       0.000    
   967680.   42.65643590   13.2420   0.000       0.000      0.2647E-03 -0.4582E-07-0.2839E-02 0.2574E-02  0.000      0.000      0.000      0.000       0.000       0.000       0.000       0.000       0.000       0.000    
   984960.   42.65643590   13.3409   0.000       0.000      0.2727E-03 -0.4212E-07-0.2921E-02 0.2649E-02  0.000      0.000      0.000      0.000       0.000       0.000       0.000       0.000       0.000       0.000    
  1002240.   42.65643590   13.4357   0.000       0.000      0.2805E-03 -0.4197E-07-0.3000E-02 0.2720E-02  0.000      0.000      0.000      0.000       0.000       0.000       0.000       0.000       0.000       0.000    
  1019520.   42.65643590   13.5268   0.000       0.000      0.2879E-03 -0.4187E-07-0.3077E-02 0.2789E-02  0.000      0.000      0.000      0.000       0.000       0.000       0.000       0.000       0.000       0.000    
  1036800.   42.65643590   13.6145   0.000       0.000      0.2951E-03 -0.4177E-07-0.3150E-02 0.2855E-02  0.000      0.000      0.000      0.000       0.000       0.000       0.000       0.000       0.000       0.000    
  1054080.   42.65643590   13.7963   0.000       0.000      0.3099E-03 -0.8782E-07-0.3332E-02 0.3022E-02  0.000      0.000      0.000      0.000       0.000       0.000       0.000       0.000       0.000       0.000    
  1071360.   42.65643590   13.9699   0.000       0.000      0.3241E-03 -0.8284E-07-0.3475E-02 0.3151E-02  0.000      0.000      0.000      0.000       0.000       0.000       0.000       0.000       0.000       0.000    
  1088640.   42.65643590   14.1360   0.000       0.000      0.3376E-03 -0.8349E-07-0.3613E-02 0.3276E-02  0.000      0.000      0.000      0.000       0.000       0.000       0.000       0.000       0.000       0.000    
  1105920.   42.65643590   14.2955   0.000       0.000      0.3506E-03 -0.8415E-07-0.3746E-02 0.3396E-02  0.000      0.000      0.000      0.000       0.000       0.000       0.000       0.000       0.000       0.000    
  1123200.   42.65643590   14.4488   0.000       0.000      0.3631E-03 -0.8476E-07-0.3875E-02 0.3512E-02  0.000      0.000      0.000      0.000       0.000       0.000       0.000       0.000       0.000       0.000    
  1140480.   42.65643590   14.4190   0.000       0.000      0.3607E-03  0.1323E-07-0.3798E-02 0.3438E-02  0.000      0.000      0.000      0.000       0.000       0.000       0.000       0.000       0.000       0.000    
  1157760.   42.65643590   14.3939   0.000       0.000      0.3586E-03  0.6804E-10-0.3782E-02 0.3423E-02  0.000      0.000      0.000      0.000       0.000       0.000       0.000       0.000       0.000       0.000    
  1175040.   42.65643590   14.3725   0.000       0.000      0.3569E-03 -0.8646E-09-0.3768E-02 0.3411E-02  0.000      0.000      0.000      0.000       0.000       0.000       0.000       0.000       0.000       0.000    
  1192320.   42.65643590   14.3544   0.000       0.000      0.3554E-03 -0.1448E-08-0.3756E-02 0.3400E-02  0.000      0.000      0.000      0.000       0.000       0.000       0.000       0.000       0.000       0.000    
  1209600.   42.65643590   14.3390   0.000       0.000      0.3542E-03 -0.1909E-08-0.3746E-02 0.3392E-02  0.000      0.000      0.000      0.000       0.000       0.000       0.000       0.000       0.000       0.000    
  1226880.   42.65643590   14.2607   0.000       0.000      0.3478E-03  0.3325E-07-0.3663E-02 0.3315E-02  0.000      0.000      0.000      0.000       0.000       0.000       0.000       0.000       0.000       0.000    
  1244160.   42.65643590   14.1880   0.000       0.000      0.3418E-03  0.2712E-07-0.3606E-02 0.3264E-02  0.000      0.000      0.000      0.000       0.000       0.000       0.000       0.000       0.000       0.000    
  1261440.   42.65643590   14.1203   0.000       0.000      0.3363E-03  0.2558E-07-0.3552E-02 0.3216E-02  0.000      0.000      0.000      0.000       0.000       0.000       0.000       0.000       0.000       0.000    
  1278720.   42.65643590   14.0571   0.000       0.000      0.3312E-03  0.2428E-07-0.3502E-02 0.3170E-02  0.000      0.000      0.000      0.000       0.000       0.000       0.000       0.000       0.000       0.000    
  1296000.   42.65643590   13.9977   0.000       0.000      0.3263E-03  0.2310E-07-0.3454E-02 0.3128E-02  0.000      0.000      0.000      0.000       0.000       0.000       0.000       0.000       0.000       0.000    
  1313280.   42.65643590   13.9212   0.000       0.000      0.3201E-03  0.3269E-07-0.3385E-02 0.3065E-02  0.000      0.000      0.000      0.000       0.000       0.000       0.000       0.000       0.000       0.000    
  1330560.   42.65643590   13.8490   0.000       0.000      0.3142E-03  0.2984E-07-0.3327E-02 0.3013E-02  0.000      0.000      0.000      0.000       0.000       0.000       0.000       0.000       0.000       0.000    
  1347840.   42.65643590   13.7808   0.000       0.000      0.3086E-03  0.2845E-07-0.3271E-02 0.2963E-02  0.000      0.000      0.000      0.000       0.000       0.000       0.000       0.000       0.000       0.000    
  1365120.   42.65643590   13.7160   0.000       0.000      0.3033E-03  0.2719E-07-0.3218E-02 0.2915E-02  0.000      0.000      0.000      0.000       0.000       0.000       0.000       0.000       0.000       0.000    
  1382400.   42.65643590   13.6545   0.000       0.000      0.2983E-03  0.2602E-07-0.3168E-02 0.2870E-02  0.000      0.000      0.000      0.000       0.000       0.000       0.000       0.000       0.000       0.000    
  1399680.   42.65643590   13.5828   0.000       0.000      0.2925E-03  0.3130E-07-0.3105E-02 0.2813E-02  0.000      0.000      0.000      0.000       0.000       0.000       0.000       0.000       0.000       0.000    
  1416960.   42.65643590   13.5145   0.000       0.000      0.2869E-03  0.2914E-07-0.3049E-02 0.2762E-02  0.000      0.000      0.000      0.000       0.000       0.000       0.000       0.000       0.000       0.000    
  1434240.   42.65643590   13.4494   0.000       0.000      0.2816E-03  0.2788E-07-0.2995E-02 0.2714E-02  0.000      0.000      0.000      0.000       0.000       0.000       0.000       0.000       0.000       0.000    
  1451520.   42.65643590   13.3872   0.000       0.000      0.2765E-03  0.2672E-07-0.2944E-02 0.2667E-02  0.000      0.000      0.000      0.000       0.000       0.000       0.000       0.000       0.000       0.000    
  1468800.   42.65643590   13.3276   0.000       0.000      0.2716E-03  0.2563E-07-0.2894E-02 0.2623E-02  0.000      0.000      0.000      0.000       0.000       0.000       0.000       0.000       0.000       0.000    
  1486080.   42.65643590   13.2603   0.000       0.000      0.2661E-03  0.2923E-07-0.2835E-02 0.2569E-02  0.000      0.000      0.000      0.000       0.000       0.000       0.000       0.000       0.000       0.000    
  1503360.   42.65643590   13.1958   0.000       0.000      0.2609E-03  0.2742E-07-0.2782E-02 0.2521E-02  0.000      0.000      0.000      0.000       0.000       0.000       0.000       0.000       0.000       0.000    
  1520640.   42.65643590   13.1340   0.000       0.000      0.2558E-03  0.2628E-07-0.2731E-02 0.2475E-02  0.000      0.000      0.000      0.000       0.000       0.000       0.000       0.000       0.000       0.000    
  1537920.   42.65643590   13.0747   0.000       0.000      0.2510E-03  0.2522E-07-0.2681E-02 0.2430E-02  0.000      0.000      0.000      0.000       0.000       0.000       0.000       0.000       0.000       0.000    
  1555200.   42.65643590   13.0177   0.000       0.000      0.2463E-03  0.2422E-07-0.2634E-02 0.2387E-02  0.000      0.000      0.000      0.000       0.000       0.000       0.000       0.000       0.000       0.000    
  1572480.   42.65643590   12.9559   0.000       0.000      0.2413E-03  0.2615E-07-0.2580E-02 0.2339E-02  0.000      0.000      0.000      0.000       0.000       0.000       0.000       0.000       0.000       0.000    
  1589760.   42.65643590   12.8966   0.000       0.000      0.2365E-03  0.2472E-07-0.2530E-02 0.2294E-02  0.000      0.000      0.000      0.000       0.000       0.000       0.000       0.000       0.000       0.000    
  1607040.   42.65643590   12.8395   0.000       0.000      0.2318E-03  0.2372E-07-0.2483E-02 0.2251E-02  0.000      0.000      0.000      0.000       0.000       0.000       0.000       0.000       0.000       0.000    
  1624320.   42.65643590   12.7845   0.000       0.000      0.2273E-03  0.2278E-07-0.2436E-02 0.2209E-02  0.000      0.000      0.000      0.000       0.000       0.000       0.000       0.000       0.000       0.000    
  1641600.   42.65643590   12.7315   0.000       0.000      0.2230E-03  0.2189E-07-0.2392E-02 0.2169E-02  0.000      0.000      0.000      0.000       0.000       0.000       0.000       0.000       0.000       0.000    
  1658880.   42.65643590   12.6786   0.000       0.000      0.2187E-03  0.2171E-07-0.2347E-02 0.2128E-02  0.000      0.000      0.000      0.000       0.000       0.000       0.000       0.000       0.000       0.000    
  1676160.   42.65643590   12.6275   0.000       0.000      0.2145E-03  0.2079E-07-0.2304E-02 0.2089E-02  0.000      0.000      0.000      0.000       0.000       0.000       0.000       0.000       0.000       0.000    
  1693440.   42.65643590   12.5782   0.000       0.000      0.2105E-03  0.1999E-07-0.2262E-02 0.2052E-02  0.000      0.000      0.000      0.000       0.000       0.000       0.000       0.000       0.000       0.000    
  1710720.   42.65643590   12.5306   0.000       0.000      0.2066E-03  0.1924E-07-0.2222E-02 0.2015E-02  0.000      0.000      0.000      0.000       0.000       0.000       0.000       0.000       0.000       0.000    
  1728000.   42.65643590   12.4845   0.000       0.000      0.2028E-03  0.1853E-07-0.2183E-02 0.1980E-02  0.000      0.000      0.000      0.000       0.000       0.000       0.000       0.000       0.000       0.000    
  1745280.   42.65643590   12.4413   0.000       0.000      0.1993E-03  0.1731E-07-0.2147E-02 0.1947E-02  0.000      0.000      0.000      0.000       0.000       0.000       0.000       0.000       0.000       0.000    
  1762560.   42.65643590   12.3994   0.000       0.000      0.1959E-03  0.1676E-07-0.2111E-02 0.1915E-02  0.000      0.000      0.000      0.000       0.000       0.000       0.000       0.000       0.000       0.000    
  1779840.   42.65643590   12.3588   0.000       0.000      0.1926E-03  0.1617E-07-0.2076E-02 0.1884E-02  0.000      0.000      0.000      0.000       0.000       0.000       0.000       0.000       0.000       0.000    
  1797120.   42.65643590   12.3194   0.000       0.000      0.1893E-03  0.1560E-07-0.2043E-02 0.1853E-02  0.000      0.000      0.000      0.000       0.000       0.000       0.000       0.000       0.000       0.000    
  1814400.   42.65643590   12.2812   0.000       0.000      0.1862E-03  0.1505E-07-0.2010E-02 0.1824E-02  0.000      0.000      0.000      0.000       0.000       0.000       0.000       0.000       0.000       0.000    
  1831680.   42.65643590   12.2405   0.000       0.000      0.1829E-03  0.1572E-07-0.1974E-02 0.1791E-02  0.000      0.000      0.000      0.000       0.000       0.000       0.000       0.000       0.000       0.000    
  1848960.   42.65643590   12.2012   0.000       0.000      0.1797E-03  0.1499E-07-0.1941E-02 0.1761E-02  0.000      0.000      0.000      0.000       0.000       0.000       0.000       0.000       0.000       0.000    
  1866240.   42.65643590   12.1630   0.000       0.000      0.1766E-03  0.1445E-07-0.1908E-02 0.1732E-02  0.000      0.000      0.000      0.000       0.000       0.000       0.000       0.000       0.000       0.000    
  1883520.   42.65643590   12.1259   0.000       0.000      0.1736E-03  0.1394E-07-0.1877E-02 0.1703E-02  0.000      0.000      0.000      0.000       0.000       0.000       0.000       0.000       0.000       0.000    
  1900800.   42.65643590   12.0899   0.000       0.000      0.1706E-03  0.1345E-07-0.1846E-02 0.1675E-02  0.000      0.000      0.000      0.000       0.000       0.000       0.000       0.000       0.000       0.000    
  1918080.   42.65643590   12.0525   0.000       0.000      0.1676E-03  0.1378E-07-0.1813E-02 0.1645E-02  0.000      0.000      0.000      0.000       0.000       0.000       0.000       0.000       0.000       0.000    
  1935360.   42.65643590   12.0162   0.000       0.000      0.1646E-03  0.1318E-07-0.1782E-02 0.1617E-02  0.000      0.000      0.000      0.000       0.000       0.000       0.000       0.000       0.000       0.000    
  1952640.   42.65643590   11.9809   0.000       0.000      0.1617E-03  0.1271E-07-0.1752E-02 0.1590E-02  0.000      0.000      0.000      0.000       0.000       0.000       0.000       0.000       0.000       0.000    
  1969920.   42.65643590   11.9467   0.000       0.000      0.1589E-03  0.1226E-07-0.1722E-02 0.1563E-02  0.000      0.000      0.000      0.000       0.000       0.000       0.000       0.000       0.000       0.000    
  1987200.   42.65643590   11.9135   0.000       0.000      0.1562E-03  0.1183E-07-0.1694E-02 0.1538E-02  0.000      0.000      0.000      0.000       0.000       0.000       0.000       0.000       0.000       0.000    
  2004480.   42.65643590   11.8824   0.000       0.000      0.1537E-03  0.1108E-07-0.1667E-02 0.1514E-02  0.000      0.000      0.000      0.000       0.000       0.000       0.000       0.000       0.000       0.000    
  2021760.   42.65643590   11.8521   0.000       0.000      0.1512E-03  0.1075E-07-0.1641E-02 0.1490E-02  0.000      0.000      0.000      0.000       0.000       0.000       0.000       0.000       0.000       0.000    
  2039040.   42.65643590   11.8226   0.000       0.000      0.1488E-03  0.1039E-07-0.1616E-02 0.1467E-02  0.000      0.000      0.000      0.000       0.000       0.000       0.000       0.000       0.000       0.000    
  2056320.   42.65643590   11.7938   0.000       0.000      0.1465E-03  0.1005E-07-0.1591E-02 0.1444E-02  0.000      0.000      0.000      0.000       0.000       0.000       0.000       0.000       0.000       0.000    
  2073600.   42.65643590   11.7658   0.000       0.000      0.1442E-03  0.9716E-08-0.1567E-02 0.1423E-02  0.000      0.000      0.000      0.000       0.000       0.000       0.000       0.000       0.000       0.000    
  2090880.   42.65643590   11.7359   0.000       0.000      0.1417E-03  0.1014E-07-0.1540E-02 0.1398E-02  0.000      0.000      0.000      0.000       0.000       0.000       0.000       0.000       0.000       0.000    
  2108160.   42.65643590   11.7067   0.000       0.000      0.1393E-03  0.9690E-08-0.1515E-02 0.1376E-02  0.000      0.000      0.000      0.000       0.000       0.000       0.000       0.000       0.000       0.000    
  2125440.   42.65643590   11.6784   0.000       0.000      0.1370E-03  0.9357E-08-0.1490E-02 0.1353E-02  0.000      0.000      0.000      0.000       0.000       0.000       0.000       0.000       0.000       0.000    
  2142720.   42.65643590   11.6509   0.000       0.000      0.1348E-03  0.9039E-08-0.1467E-02 0.1332E-02  0.000      0.000      0.000      0.000       0.000       0.000       0.000       0.000       0.000       0.000    
  2160000.   42.65643590   11.6241   0.000       0.000      0.1326E-03  0.8735E-08-0.1443E-02 0.1311E-02  0.000      0.000      0.000      0.000       0.000       0.000       0.000       0.000       0.000       0.000    
  2177280.   42.65643590   11.5961   0.000       0.000      0.1303E-03  0.8930E-08-0.1419E-02 0.1288E-02  0.000      0.000      0.000      0.000       0.000       0.000       0.000       0.000       0.000       0.000    
  2194560.   42.65643590   11.5689   0.000       0.000      0.1281E-03  0.8556E-08-0.1395E-02 0.1267E-02  0.000      0.000      0.000      0.000       0.000       0.000       0.000       0.000       0.000       0.000    
  2211840.   42.65643590   11.5424   0.000       0.000      0.1259E-03  0.8262E-08-0.1372E-02 0.1246E-02  0.000      0.000      0.000      0.000       0.000       0.000       0.000       0.000       0.000       0.000    
  2229120.   42.65643590   11.5167   0.000       0.000      0.1238E-03  0.7982E-08-0.1350E-02 0.1226E-02  0.000      0.000      0.000      0.000       0.000       0.000       0.000       0.000       0.000       0.000    
  2246400.   42.65643590   11.4916   0.000       0.000      0.1218E-03  0.7713E-08-0.1328E-02 0.1206E-02  0.000      0.000      0.000      0.000       0.000       0.000       0.000       0.000       0.000       0.000    
  2263680.   42.65643590   11.4653   0.000       0.000      0.1196E-03  0.7915E-08-0.1305E-02 0.1185E-02  0.000      0.000      0.000      0.000       0.000       0.000       0.000       0.000       0.000       0.000    
  2280960.   42.65643590   11.4397   0.000       0.000      0.1175E-03  0.7578E-08-0.1283E-02 0.1165E-02  0.000      0.000      0.000      0.000       0.000       0.000       0.000       0.000       0.000       0.000    
  2298240.   42.65643590   11.4148   0.000       0.000      0.1155E-03  0.7316E-08-0.1261E-02 0.1146E-02  0.000      0.000      0.000      0.000       0.000       0.000       0.000       0.000       0.000       0.000    
  2315520.   42.65643590   11.3906   0.000       0.000      0.1135E-03  0.7066E-08-0.1240E-02 0.1127E-02  0.000      0.000      0.000      0.000       0.000       0.000       0.000       0.000       0.000       0.000    
  2332800.   42.65643590   11.3671   0.000       0.000      0.1116E-03  0.6826E-08-0.1220E-02 0.1108E-02  0.000      0.000      0.000      0.000       0.000       0.000       0.000       0.000       0.000       0.000    
  2350080.   42.65643590   11.3429   0.000       0.000      0.1096E-03  0.6878E-08-0.1198E-02 0.1089E-02  0.000      0.000      0.000      0.000       0.000       0.000       0.000       0.000       0.000       0.000    
  2367360.   42.65643590   11.3193   0.000       0.000      0.1077E-03  0.6602E-08-0.1178E-02 0.1070E-02  0.000      0.000      0.000      0.000       0.000       0.000       0.000       0.000       0.000       0.000    
  2384640.   42.65643590   11.2964   0.000       0.000      0.1059E-03  0.6376E-08-0.1158E-02 0.1052E-02  0.000      0.000      0.000      0.000       0.000       0.000       0.000       0.000       0.000       0.000    
  2401920.   42.65643590   11.2741   0.000       0.000      0.1040E-03  0.6159E-08-0.1138E-02 0.1034E-02  0.000      0.000      0.000      0.000       0.000       0.000       0.000       0.000       0.000       0.000    
  2419200.   42.65643590   11.2524   0.000       0.000      0.1023E-03  0.5951E-08-0.1119E-02 0.1017E-02  0.000      0.000      0.000      0.000       0.000       0.000       0.000       0.000       0.000       0.000    
  2436480.   42.65643590   11.2420   0.000       0.000      0.1014E-03  0.3536E-08-0.1113E-02 0.1012E-02  0.000      0.000      0.000      0.000       0.000       0.000       0.000       0.000       0.000       0.000    
  2453760.   42.65643590   11.2314   0.000       0.000      0.1005E-03  0.3771E-08-0.1103E-02 0.1003E-02  0.000      0.000      0.000      0.000       0.000       0.000       0.000       0.000       0.000       0.000    
  2471040.   42.65643590   11.2208   0.000       0.000      0.9968E-04  0.3697E-08-0.1093E-02 0.9938E-03  0.000      0.000      0.000      0.000       0.000       0.000       0.000       0.000       0.000       0.000    
  2488320.   42.65643590   11.2102   0.000       0.000      0.9881E-04  0.3617E-08-0.1084E-02 0.9849E-03  0.000      0.000      0.000      0.000       0.000       0.000       0.000       0.000       0.000       0.000    
  2505600.   42.65643590   11.1996   0.000       0.000      0.9795E-04  0.3536E-08-0.1074E-02 0.9760E-03  0.000      0.000      0.000      0.000       0.000       0.000       0.000       0.000       0.000       0.000    
  2522880.   42.65643590   11.1886   0.000       0.000      0.9705E-04  0.3532E-08-0.1064E-02 0.9668E-03  0.000      0.000      0.000      0.000       0.000       0.000       0.000       0.000       0.000       0.000    
  2540160.   42.65643590   11.1777   0.000       0.000      0.9616E-04  0.3437E-08-0.1054E-02 0.9578E-03  0.000      0.000      0.000      0.000       0.000       0.000       0.000       0.000       0.000       0.000    
  2557440.   42.65643590   11.1669   0.000       0.000      0.9528E-04  0.3354E-08-0.1044E-02 0.9489E-03  0.000      0.000      0.000      0.000       0.000       0.000       0.000       0.000       0.000       0.000    
  2574720.   42.65643590   11.1562   0.000       0.000      0.9441E-04  0.3272E-08-0.1034E-02 0.9401E-03  0.000      0.000      0.000      0.000       0.000       0.000       0.000       0.000       0.000       0.000    
  2592000.   42.65643590   11.1456   0.000       0.000      0.9354E-04  0.3192E-08-0.1025E-02 0.9314E-03  0.000      0.000      0.000      0.000       0.000       0.000       0.000       0.000       0.000       0.000    
  2609280.   42.65643590   11.1772   0.000       0.000      0.9612E-04 -0.4905E-08-0.1063E-02 0.9671E-03  0.000      0.000      0.000      0.000       0.000       0.000       0.000       0.000       0.000       0.000    
  2626560.   42.65643590   11.2063   0.000       0.000      0.9850E-04 -0.3615E-08-0.1086E-02 0.9873E-03  0.000      0.000      0.000      0.000       0.000       0.000       0.000       0.000       0.000       0.000    
  2643840.   42.65643590   11.2334   0.000       0.000      0.1007E-03 -0.3447E-08-0.1107E-02 0.1006E-02  0.000      0.000      0.000      0.000       0.000       0.000       0.000       0.000       0.000       0.000    
  2661120.   42.65643590   11.2585   0.000       0.000      0.1028E-03 -0.3309E-08-0.1127E-02 0.1024E-02  0.000      0.000      0.000      0.000       0.000       0.000       0.000       0.000       0.000       0.000    
  2678400.   42.65643590   11.2820   0.000       0.000      0.1047E-03 -0.3187E-08-0.1146E-02 0.1041E-02  0.000      0.000      0.000      0.000       0.000       0.000       0.000       0.000       0.000       0.000    
  2695680.   42.65643590   11.4198   0.000       0.000      0.1159E-03 -0.2725E-07-0.1295E-02 0.1179E-02  0.000      0.000      0.000      0.000       0.000       0.000       0.000       0.000       0.000       0.000    
  2712960.   42.65643590   11.5493   0.000       0.000      0.1265E-03 -0.2447E-07-0.1399E-02 0.1273E-02  0.000      0.000      0.000      0.000       0.000       0.000       0.000       0.000       0.000       0.000    
  2730240.   42.65643590   11.6715   0.000       0.000      0.1365E-03 -0.2483E-07-0.1499E-02 0.1362E-02  0.000      0.000      0.000      0.000       0.000       0.000       0.000       0.000       0.000       0.000    
  2747520.   42.65643590   11.7870   0.000       0.000      0.1459E-03 -0.2520E-07-0.1594E-02 0.1448E-02  0.000      0.000      0.000      0.000       0.000       0.000       0.000       0.000       0.000       0.000    
  2764800.   42.65643590   11.8965   0.000       0.000      0.1548E-03 -0.2553E-07-0.1684E-02 0.1529E-02  0.000      0.000      0.000      0.000       0.000       0.000       0.000       0.000       0.000       0.000    
  2782080.   42.65643590   12.1662   0.000       0.000      0.1769E-03 -0.7220E-07-0.1958E-02 0.1781E-02  0.000      0.000      0.000      0.000       0.000       0.000       0.000       0.000       0.000       0.000    
  2799360.   42.65643590   12.4212   0.000       0.000      0.1977E-03 -0.7005E-07-0.2167E-02 0.1969E-02  0.000      0.000      0.000      0.000       0.000       0.000       0.000       0.000       0.000       0.000    
  2816640.   42.65643590   12.6632   0.000       0.000      0.2174E-03 -0.7342E-07-0.2366E-02 0.2149E-02  0.000      0.000      0.000      0.000       0.000       0.000       0.000       0.000       0.000       0.000    
  2833920.   42.65643590   12.8935   0.000       0.000      0.2362E-03 -0.7658E-07-0.2557E-02 0.2321E-02  0.000      0.000      0.000      0.000       0.000       0.000       0.000       0.000       0.000       0.000    
  2851200.   42.65643590   13.1133   0.000       0.000      0.2542E-03 -0.7947E-07-0.2740E-02 0.2486E-02  0.000      0.000      0.000      0.000       0.000       0.000       0.000       0.000       0.000       0.000    
  2868480.   42.65643590   13.0620   0.000       0.000      0.2500E-03  0.2059E-07-0.2620E-02 0.2370E-02  0.000      0.000      0.000      0.000       0.000       0.000       0.000       0.000       0.000       0.000    
  2885760.   42.65643590   13.0171   0.000       0.000      0.2463E-03  0.6241E-08-0.2588E-02 0.2342E-02  0.000      0.000      0.000      0.000       0.000       0.000       0.000       0.000       0.000       0.000    
  2903040.   42.65643590   12.9775   0.000       0.000      0.2431E-03  0.5194E-08-0.2560E-02 0.2317E-02  0.000      0.000      0.000      0.000       0.000       0.000       0.000       0.000       0.000       0.000    
  2920320.   42.65643590   12.9423   0.000       0.000      0.2402E-03  0.4503E-08-0.2535E-02 0.2295E-02  0.000      0.000      0.000      0.000       0.000       0.000       0.000       0.000       0.000       0.000    
  2937600.   42.65643590   12.9112   0.000       0.000      0.2377E-03  0.3952E-08-0.2512E-02 0.2275E-02  0.000      0.000      0.000      0.000       0.000       0.000       0.000       0.000       0.000       0.000    
  2954880.   42.65643590   12.9004   0.000       0.000      0.2368E-03 -0.2848E-08-0.2511E-02 0.2274E-02  0.000      0.000      0.000      0.000       0.000       0.000       0.000       0.000       0.000       0.000    
  2972160.   42.65643590   12.8917   0.000       0.000      0.2361E-03 -0.2195E-08-0.2506E-02 0.2270E-02  0.000      0.000      0.000      0.000       0.000       0.000       0.000       0.000       0.000       0.000    
  2989440.   42.65643590   12.8847   0.000       0.000      0.2355E-03 -0.2338E-08-0.2501E-02 0.2266E-02  0.000      0.000      0.000      0.000       0.000       0.000       0.000       0.000       0.000       0.000    
  3006720.   42.65643590   12.8793   0.000       0.000      0.2351E-03 -0.2468E-08-0.2498E-02 0.2263E-02  0.000      0.000      0.000      0.000       0.000       0.000       0.000       0.000       0.000       0.000    
  3024000.   42.65643590   12.8751   0.000       0.000      0.2347E-03 -0.2578E-08-0.2496E-02 0.2261E-02  0.000      0.000      0.000      0.000       0.000       0.000       0.000       0.000       0.000       0.000    
  3041280.   42.65643590   12.9137   0.000       0.000      0.2379E-03 -0.1844E-07-0.2542E-02 0.2304E-02  0.000      0.000      0.000      0.000       0.000       0.000       0.000       0.000       0.000       0.000    
  3058560.   42.65643590   12.9509   0.000       0.000      0.2409E-03 -0.1615E-07-0.2573E-02 0.2332E-02  0.000      0.000      0.000      0.000       0.000       0.000       0.000       0.000       0.000       0.000    
  3075840.   42.65643590   12.9868   0.000       0.000      0.2438E-03 -0.1592E-07-0.2603E-02 0.2359E-02  0.000      0.000      0.000      0.000       0.000       0.000       0.000       0.000       0.000       0.000    
  3093120.   42.65643590   13.0216   0.000       0.000      0.2467E-03 -0.1573E-07-0.2632E-02 0.2386E-02  0.000      0.000      0.000      0.000       0.000       0.000       0.000       0.000       0.000       0.000    
  3110400.   42.65643590   13.0553   0.000       0.000      0.2494E-03 -0.1556E-07-0.2661E-02 0.2411E-02  0.000      0.000      0.000      0.000       0.000       0.000       0.000       0.000       0.000       0.000    
  3127680.   42.65643590   13.0203   0.000       0.000      0.2466E-03  0.1169E-07-0.2612E-02 0.2365E-02  0.000      0.000      0.000      0.000       0.000       0.000       0.000       0.000       0.000       0.000    
  3144960.   42.65643590   12.9881   0.000       0.000      0.2439E-03  0.7588E-08-0.2587E-02 0.2343E-02  0.000      0.000      0.000      0.000       0.000       0.000       0.000       0.000       0.000       0.000    
  3162240.   42.65643590   12.9585   0.000       0.000      0.2415E-03  0.7059E-08-0.2564E-02 0.2323E-02  0.000      0.000      0.000      0.000       0.000       0.000       0.000       0.000       0.000       0.000    
  3179520.   42.65643590   12.9311   0.000       0.000      0.2393E-03  0.6642E-08-0.2543E-02 0.2303E-02  0.000      0.000      0.000      0.000       0.000       0.000       0.000       0.000       0.000       0.000    
  3196800.   42.65643590   12.9058   0.000       0.000      0.2372E-03  0.6277E-08-0.2523E-02 0.2286E-02  0.000      0.000      0.000      0.000       0.000       0.000       0.000       0.000       0.000       0.000    
  3214080.   42.65643590   12.8526   0.000       0.000      0.2329E-03  0.1732E-07-0.2471E-02 0.2238E-02  0.000      0.000      0.000      0.000       0.000       0.000       0.000       0.000       0.000       0.000    
  3231360.   42.65643590   12.8028   0.000       0.000      0.2288E-03  0.1503E-07-0.2430E-02 0.2202E-02  0.000      0.000      0.000      0.000       0.000       0.000       0.000       0.000       0.000       0.000    
  3248640.   42.65643590   12.7558   0.000       0.000      0.2250E-03  0.1429E-07-0.2392E-02 0.2167E-02  0.000      0.000      0.000      0.000       0.000       0.000       0.000       0.000       0.000       0.000    
  3265920.   42.65643590   12.7115   0.000       0.000      0.2214E-03  0.1364E-07-0.2356E-02 0.2135E-02  0.000      0.000      0.000      0.000       0.000       0.000       0.000       0.000       0.000       0.000    
  3283200.   42.65643590   12.6696   0.000       0.000      0.2179E-03  0.1304E-07-0.2322E-02 0.2104E-02  0.000      0.000      0.000      0.000       0.000       0.000       0.000       0.000       0.000       0.000    
  3300480.   42.65643590   12.6449   0.000       0.000      0.2159E-03  0.7003E-08-0.2307E-02 0.2091E-02  0.000      0.000      0.000      0.000       0.000       0.000       0.000       0.000       0.000       0.000    
  3317760.   42.65643590   12.6214   0.000       0.000      0.2140E-03  0.7465E-08-0.2287E-02 0.2073E-02  0.000      0.000      0.000      0.000       0.000       0.000       0.000       0.000       0.000       0.000    
  3335040.   42.65643590   12.5989   0.000       0.000      0.2122E-03  0.7219E-08-0.2268E-02 0.2056E-02  0.000      0.000      0.000      0.000       0.000       0.000       0.000       0.000       0.000       0.000    
  3352320.   42.65643590   12.5774   0.000       0.000      0.2104E-03  0.6974E-08-0.2250E-02 0.2040E-02  0.000      0.000      0.000      0.000       0.000       0.000       0.000       0.000       0.000       0.000    
  3369600.   42.65643590   12.5568   0.000       0.000      0.2087E-03  0.6740E-08-0.2233E-02 0.2025E-02  0.000      0.000      0.000      0.000       0.000       0.000       0.000       0.000       0.000       0.000    
  3386880.   42.65643590   12.5711   0.000       0.000      0.2099E-03 -0.5631E-08-0.2255E-02 0.2046E-02  0.000      0.000      0.000      0.000       0.000       0.000       0.000       0.000       0.000       0.000    
  3404160.   42.65643590   12.5843   0.000       0.000      0.2110E-03 -0.3836E-08-0.2266E-02 0.2055E-02  0.000      0.000      0.000      0.000       0.000       0.000       0.000       0.000       0.000       0.000    
  3421440.   42.65643590   12.5966   0.000       0.000      0.2120E-03 -0.3655E-08-0.2275E-02 0.2063E-02  0.000      0.000      0.000      0.000       0.000       0.000       0.000       0.000       0.000       0.000    
  3438720.   42.65643590   12.6079   0.000       0.000      0.2129E-03 -0.3518E-08-0.2284E-02 0.2072E-02  0.000      0.000      0.000      0.000       0.000       0.000       0.000       0.000       0.000       0.000    
  3456000.   42.65643590   12.6185   0.000       0.000      0.2138E-03 -0.3400E-08-0.2293E-02 0.2079E-02  0.000      0.000      0.000      0.000       0.000       0.000       0.000       0.000       0.000       0.000    
  3473280.   42.65643590   12.6502   0.000       0.000      0.2164E-03 -0.1120E-07-0.2326E-02 0.2109E-02  0.000      0.000      0.000      0.000       0.000       0.000       0.000       0.000       0.000       0.000    
  3490560.   42.65643590   12.6799   0.000       0.000      0.2188E-03 -0.9895E-08-0.2350E-02 0.2131E-02  0.000      0.000      0.000      0.000       0.000       0.000       0.000       0.000       0.000       0.000    
  3507840.   42.65643590   12.7081   0.000       0.000      0.2211E-03 -0.9637E-08-0.2373E-02 0.2152E-02  0.000      0.000      0.000      0.000       0.000       0.000       0.000       0.000       0.000       0.000    
  3525120.   42.65643590   12.7348   0.000       0.000      0.2233E-03 -0.9414E-08-0.2395E-02 0.2172E-02  0.000      0.000      0.000      0.000       0.000       0.000       0.000       0.000       0.000       0.000    
  3542400.   42.65643590   12.7602   0.000       0.000      0.2253E-03 -0.9208E-08-0.2416E-02 0.2191E-02  0.000      0.000      0.000      0.000       0.000       0.000       0.000       0.000       0.000       0.000    
  3559680.   42.65643590   12.7657   0.000       0.000      0.2258E-03 -0.1901E-08-0.2415E-02 0.2189E-02  0.000      0.000      0.000      0.000       0.000       0.000       0.000       0.000       0.000       0.000    
  3576960.   42.65643590   12.7711   0.000       0.000      0.2262E-03 -0.2818E-08-0.2420E-02 0.2194E-02  0.000      0.000      0.000      0.000       0.000       0.000       0.000       0.000       0.000       0.000    
  3594240.   42.65643590   12.7764   0.000       0.000      0.2267E-03 -0.2808E-08-0.2425E-02 0.2198E-02  0.000      0.000      0.000      0.000       0.000       0.000       0.000       0.000       0.000       0.000    
  3611520.   42.65643590   12.7817   0.000       0.000      0.2271E-03 -0.2778E-08-0.2430E-02 0.2203E-02  0.000      0.000      0.000      0.000       0.000       0.000       0.000       0.000       0.000       0.000    
  3628800.   42.65643590   12.7870   0.000       0.000      0.2275E-03 -0.2744E-08-0.2435E-02 0.2207E-02  0.000      0.000      0.000      0.000       0.000       0.000       0.000       0.000       0.000       0.000    
  3646080.   42.65643590   12.7495   0.000       0.000      0.2245E-03  0.1345E-07-0.2391E-02 0.2166E-02  0.000      0.000      0.000      0.000       0.000       0.000       0.000       0.000       0.000       0.000    
  3663360.   42.65643590   12.7145   0.000       0.000      0.2216E-03  0.1077E-07-0.2363E-02 0.2141E-02  0.000      0.000      0.000      0.000       0.000       0.000       0.000       0.000       0.000       0.000    
  3680640.   42.65643590   12.6814   0.000       0.000      0.2189E-03  0.1026E-07-0.2336E-02 0.2117E-02  0.000      0.000      0.000      0.000       0.000       0.000       0.000       0.000       0.000       0.000    
  3697920.   42.65643590   12.6503   0.000       0.000      0.2164E-03  0.9819E-08-0.2311E-02 0.2095E-02  0.000      0.000      0.000      0.000       0.000       0.000       0.000       0.000       0.000       0.000    
  3715200.   42.65643590   12.6208   0.000       0.000      0.2140E-03  0.9421E-08-0.2287E-02 0.2073E-02  0.000      0.000      0.000      0.000       0.000       0.000       0.000       0.000       0.000       0.000    
  3732480.   42.65643590   12.6007   0.000       0.000      0.2123E-03  0.6213E-08-0.2273E-02 0.2060E-02  0.000      0.000      0.000      0.000       0.000       0.000       0.000       0.000       0.000       0.000    
  3749760.   42.65643590   12.5815   0.000       0.000      0.2107E-03  0.6370E-08-0.2257E-02 0.2046E-02  0.000      0.000      0.000      0.000       0.000       0.000       0.000       0.000       0.000       0.000    
  3767040.   42.65643590   12.5631   0.000       0.000      0.2092E-03  0.6166E-08-0.2242E-02 0.2032E-02  0.000      0.000      0.000      0.000       0.000       0.000       0.000       0.000       0.000       0.000    
  3784320.   42.65643590   12.5456   0.000       0.000      0.2078E-03  0.5968E-08-0.2227E-02 0.2019E-02  0.000      0.000      0.000      0.000       0.000       0.000       0.000       0.000       0.000       0.000    
  3801600.   42.65643590   12.5288   0.000       0.000      0.2064E-03  0.5779E-08-0.2213E-02 0.2007E-02  0.000      0.000      0.000      0.000       0.000       0.000       0.000       0.000       0.000       0.000    
  3818880.   42.65643590   12.5400   0.000       0.000      0.2074E-03 -0.4093E-08-0.2230E-02 0.2023E-02  0.000      0.000      0.000      0.000       0.000       0.000       0.000       0.000       0.000       0.000    
  3836160.   42.65643590   12.5502   0.000       0.000      0.2082E-03 -0.2660E-08-0.2238E-02 0.2030E-02  0.000      0.000      0.000      0.000       0.000       0.000       0.000       0.000       0.000       0.000    
  3853440.   42.65643590   12.5596   0.000       0.000      0.2090E-03 -0.2515E-08-0.2246E-02 0.2037E-02  0.000      0.000      0.000      0.000       0.000       0.000       0.000       0.000       0.000       0.000    
  3870720.   42.65643590   12.5684   0.000       0.000      0.2097E-03 -0.2405E-08-0.2252E-02 0.2043E-02  0.000      0.000      0.000      0.000       0.000       0.000       0.000       0.000       0.000       0.000    
  3888000.   42.65643590   12.5765   0.000       0.000      0.2103E-03 -0.2311E-08-0.2259E-02 0.2049E-02  0.000      0.000      0.000      0.000       0.000       0.000       0.000       0.000       0.000       0.000    
  3905280.   42.65643590   12.6138   0.000       0.000      0.2134E-03 -0.1300E-07-0.2299E-02 0.2085E-02  0.000      0.000      0.000      0.000       0.000       0.000       0.000       0.000       0.000       0.000    
  3922560.   42.65643590   12.6490   0.000       0.000      0.2163E-03 -0.1128E-07-0.2327E-02 0.2111E-02  0.000      0.000      0.000      0.000       0.000       0.000       0.000       0.000       0.000       0.000    
  3939840.   42.65643590   12.6822   0.000       0.000      0.2190E-03 -0.1098E-07-0.2354E-02 0.2135E-02  0.000      0.000      0.000      0.000       0.000       0.000       0.000       0.000       0.000       0.000    
  3957120.   42.65643590   12.7137   0.000       0.000      0.2215E-03 -0.1072E-07-0.2380E-02 0.2159E-02  0.000      0.000      0.000      0.000       0.000       0.000       0.000       0.000       0.000       0.000    
  3974400.   42.65643590   12.7436   0.000       0.000      0.2240E-03 -0.1049E-07-0.2405E-02 0.2181E-02  0.000      0.000      0.000      0.000       0.000       0.000       0.000       0.000       0.000       0.000    
  3991680.   42.65643590   12.7783   0.000       0.000      0.2268E-03 -0.1265E-07-0.2436E-02 0.2209E-02  0.000      0.000      0.000      0.000       0.000       0.000       0.000       0.000       0.000       0.000    
  4008960.   42.65643590   12.8114   0.000       0.000      0.2295E-03 -0.1210E-07-0.2463E-02 0.2234E-02  0.000      0.000      0.000      0.000       0.000       0.000       0.000       0.000       0.000       0.000    
  4026240.   42.65643590   12.8430   0.000       0.000      0.2321E-03 -0.1186E-07-0.2490E-02 0.2257E-02  0.000      0.000      0.000      0.000       0.000       0.000       0.000       0.000       0.000       0.000    
  4043520.   42.65643590   12.8732   0.000       0.000      0.2346E-03 -0.1164E-07-0.2515E-02 0.2280E-02  0.000      0.000      0.000      0.000       0.000       0.000       0.000       0.000       0.000       0.000    
  4060800.   42.65643590   12.9022   0.000       0.000      0.2369E-03 -0.1143E-07-0.2539E-02 0.2302E-02  0.000      0.000      0.000      0.000       0.000       0.000       0.000       0.000       0.000       0.000    
  4078080.   42.65643590   12.8674   0.000       0.000      0.2341E-03  0.1338E-07-0.2492E-02 0.2257E-02  0.000      0.000      0.000      0.000       0.000       0.000       0.000       0.000       0.000       0.000    
  4095360.   42.65643590   12.8351   0.000       0.000      0.2314E-03  0.9612E-08-0.2466E-02 0.2235E-02  0.000      0.000      0.000      0.000       0.000       0.000       0.000       0.000       0.000       0.000    
  4112640.   42.65643590   12.8049   0.000       0.000      0.2290E-03  0.9090E-08-0.2442E-02 0.2213E-02  0.000      0.000      0.000      0.000       0.000       0.000       0.000       0.000       0.000       0.000    
  4129920.   42.65643590   12.7767   0.000       0.000      0.2267E-03  0.8670E-08-0.2420E-02 0.2193E-02  0.000      0.000      0.000      0.000       0.000       0.000       0.000       0.000       0.000       0.000    
  4147200.   42.65643590   12.7501   0.000       0.000      0.2245E-03  0.8297E-08-0.2398E-02 0.2174E-02  0.000      0.000      0.000      0.000       0.000       0.000       0.000       0.000       0.000       0.000    
  4164480.   42.65643590   12.7019   0.000       0.000      0.2206E-03  0.1670E-07-0.2351E-02 0.2131E-02  0.000      0.000      0.000      0.000       0.000       0.000       0.000       0.000       0.000       0.000    
  4181760.   42.65643590   12.6563   0.000       0.000      0.2169E-03  0.1483E-07-0.2314E-02 0.2097E-02  0.000      0.000      0.000      0.000       0.000       0.000       0.000       0.000       0.000       0.000    
  4199040.   42.65643590   12.6132   0.000       0.000      0.2133E-03  0.1417E-07-0.2279E-02 0.2066E-02  0.000      0.000      0.000      0.000       0.000       0.000       0.000       0.000       0.000       0.000    
  4216320.   42.65643590   12.5723   0.000       0.000      0.2100E-03  0.1358E-07-0.2245E-02 0.2035E-02  0.000      0.000      0.000      0.000       0.000       0.000       0.000       0.000       0.000       0.000    
  4233600.   42.65643590   12.5333   0.000       0.000      0.2068E-03  0.1303E-07-0.2213E-02 0.2006E-02  0.000      0.000      0.000      0.000       0.000       0.000       0.000       0.000       0.000       0.000    
  4250880.   42.65643590   12.4914   0.000       0.000      0.2034E-03  0.1423E-07-0.2177E-02 0.1974E-02  0.000      0.000      0.000      0.000       0.000       0.000       0.000       0.000       0.000       0.000    
  4268160.   42.65643590   12.4514   0.000       0.000      0.2001E-03  0.1344E-07-0.2144E-02 0.1944E-02  0.000      0.000      0.000      0.000       0.000       0.000       0.000       0.000       0.000       0.000    
  4285440.   42.65643590   12.4132   0.000       0.000      0.1970E-03  0.1291E-07-0.2112E-02 0.1915E-02  0.000      0.000      0.000      0.000       0.000       0.000       0.000       0.000       0.000       0.000    
  4302720.   42.65643590   12.3767   0.000       0.000      0.1940E-03  0.1242E-07-0.2081E-02 0.1887E-02  0.000      0.000      0.000      0.000       0.000       0.000       0.000       0.000       0.000       0.000    
  4320000.   42.65643590   12.3416   0.000       0.000      0.1912E-03  0.1196E-07-0.2052E-02 0.1861E-02  0.000      0.000      0.000      0.000       0.000       0.000       0.000       0.000       0.000       0.000    
  4337280.   42.65643590   12.3034   0.000       0.000      0.1880E-03  0.1308E-07-0.2019E-02 0.1830E-02  0.000      0.000      0.000      0.000       0.000       0.000       0.000       0.000       0.000       0.000    
  4354560.   42.65643590   12.2667   0.000       0.000      0.1850E-03  0.1238E-07-0.1988E-02 0.1803E-02  0.000      0.000      0.000      0.000       0.000       0.000       0.000       0.000       0.000       0.000    
  4371840.   42.65643590   12.2314   0.000       0.000      0.1822E-03  0.1192E-07-0.1958E-02 0.1776E-02  0.000      0.000      0.000      0.000       0.000       0.000       0.000       0.000       0.000       0.000    
  4389120.   42.65643590   12.1975   0.000       0.000      0.1794E-03  0.1148E-07-0.1930E-02 0.1750E-02  0.000      0.000      0.000      0.000       0.000       0.000       0.000       0.000       0.000       0.000    
  4406400.   42.65643590   12.1649   0.000       0.000      0.1767E-03  0.1107E-07-0.1902E-02 0.1725E-02  0.000      0.000      0.000      0.000       0.000       0.000       0.000       0.000       0.000       0.000    
