TOTIM (T)      HCON          HMAT      QDIR      QWELL        QMAT       QCADS      QTUB1      QTUB2      QTUB3      QTUB4      QTUB5      QTUB6       NSTOR        QFIX        QLH     FHLQ (LQ)        CAUCHY   CAUCHY (LQ)
    86400.   42.65643590   12.9135   0.000       0.000      0.2379E-03   0.000    -0.4593E-02 0.4355E-02  0.000      0.000      0.000      0.000       0.000       0.000       0.000       0.000       0.000       0.000    
   103680.   42.65643590   12.8385   0.000       0.000      0.2318E-03  0.1190E-06-0.3820E-02 0.3588E-02  0.000      0.000      0.000      0.000       0.000       0.000       0.000       0.000       0.000       0.000    
   120960.   42.65643590   12.7675   0.000       0.000      0.2260E-03  0.2114E-07-0.3744E-02 0.3518E-02  0.000      0.000      0.000      0.000       0.000       0.000       0.000       0.000       0.000       0.000    
   138240.   42.65643590   12.6999   0.000       0.000      0.2204E-03  0.1951E-07-0.3671E-02 0.3451E-02  0.000      0.000      0.000      0.000       0.000       0.000       0.000       0.000       0.000       0.000    
   155520.   42.65643590   12.6355   0.000       0.000      0.2152E-03  0.1855E-07-0.3600E-02 0.3385E-02  0.000      0.000      0.000      0.000       0.000       0.000       0.000       0.000       0.000       0.000    
   172800.   42.65643590   12.5739   0.000       0.000      0.2102E-03  0.1766E-07-0.3530E-02 0.3320E-02  0.000      0.000      0.000      0.000       0.000       0.000       0.000       0.000       0.000       0.000    
   190080.   42.65643590   12.5400   0.000       0.000      0.2074E-03  0.8644E-08-0.3498E-02 0.3291E-02  0.000      0.000      0.000      0.000       0.000       0.000       0.000       0.000       0.000       0.000    
   207360.   42.65643590   12.5071   0.000       0.000      0.2047E-03  0.9535E-08-0.3459E-02 0.3255E-02  0.000      0.000      0.000      0.000       0.000       0.000       0.000       0.000       0.000       0.000    
   224640.   42.65643590   12.4752   0.000       0.000      0.2021E-03  0.9233E-08-0.3421E-02 0.3219E-02  0.000      0.000      0.000      0.000       0.000       0.000       0.000       0.000       0.000       0.000    
   241920.   42.65643590   12.4444   0.000       0.000      0.1996E-03  0.8926E-08-0.3383E-02 0.3184E-02  0.000      0.000      0.000      0.000       0.000       0.000       0.000       0.000       0.000       0.000    
   259200.   42.65643590   12.4146   0.000       0.000      0.1971E-03  0.8628E-08-0.3346E-02 0.3149E-02  0.000      0.000      0.000      0.000       0.000       0.000       0.000       0.000       0.000       0.000    
   276480.   42.65643590   12.3924   0.000       0.000      0.1953E-03  0.6230E-08-0.3320E-02 0.3125E-02  0.000      0.000      0.000      0.000       0.000       0.000       0.000       0.000       0.000       0.000    
   293760.   42.65643590   12.3708   0.000       0.000      0.1936E-03  0.6364E-08-0.3292E-02 0.3099E-02  0.000      0.000      0.000      0.000       0.000       0.000       0.000       0.000       0.000       0.000    
   311040.   42.65643590   12.3496   0.000       0.000      0.1918E-03  0.6192E-08-0.3265E-02 0.3073E-02  0.000      0.000      0.000      0.000       0.000       0.000       0.000       0.000       0.000       0.000    
   328320.   42.65643590   12.3290   0.000       0.000      0.1902E-03  0.6020E-08-0.3238E-02 0.3048E-02  0.000      0.000      0.000      0.000       0.000       0.000       0.000       0.000       0.000       0.000    
   345600.   42.65643590   12.3089   0.000       0.000      0.1885E-03  0.5852E-08-0.3211E-02 0.3023E-02  0.000      0.000      0.000      0.000       0.000       0.000       0.000       0.000       0.000       0.000    
   362880.   42.65643590   12.3210   0.000       0.000      0.1895E-03 -0.3855E-08-0.3232E-02 0.3043E-02  0.000      0.000      0.000      0.000       0.000       0.000       0.000       0.000       0.000       0.000    
   380160.   42.65643590   12.3320   0.000       0.000      0.1904E-03 -0.2279E-08-0.3242E-02 0.3052E-02  0.000      0.000      0.000      0.000       0.000       0.000       0.000       0.000       0.000       0.000    
   397440.   42.65643590   12.3422   0.000       0.000      0.1912E-03 -0.2119E-08-0.3251E-02 0.3060E-02  0.000      0.000      0.000      0.000       0.000       0.000       0.000       0.000       0.000       0.000    
   414720.   42.65643590   12.3517   0.000       0.000      0.1920E-03 -0.1994E-08-0.3260E-02 0.3068E-02  0.000      0.000      0.000      0.000       0.000       0.000       0.000       0.000       0.000       0.000    
   432000.   42.65643590   12.3607   0.000       0.000      0.1927E-03 -0.1887E-08-0.3269E-02 0.3076E-02  0.000      0.000      0.000      0.000       0.000       0.000       0.000       0.000       0.000       0.000    
   449280.   42.65643590   12.3932   0.000       0.000      0.1954E-03 -0.9230E-08-0.3313E-02 0.3117E-02  0.000      0.000      0.000      0.000       0.000       0.000       0.000       0.000       0.000       0.000    
   466560.   42.65643590   12.4241   0.000       0.000      0.1979E-03 -0.7909E-08-0.3347E-02 0.3149E-02  0.000      0.000      0.000      0.000       0.000       0.000       0.000       0.000       0.000       0.000    
   483840.   42.65643590   12.4537   0.000       0.000      0.2003E-03 -0.7684E-08-0.3381E-02 0.3180E-02  0.000      0.000      0.000      0.000       0.000       0.000       0.000       0.000       0.000       0.000    
   501120.   42.65643590   12.4821   0.000       0.000      0.2027E-03 -0.7490E-08-0.3413E-02 0.3211E-02  0.000      0.000      0.000      0.000       0.000       0.000       0.000       0.000       0.000       0.000    
   518400.   42.65643590   12.5093   0.000       0.000      0.2049E-03 -0.7311E-08-0.3445E-02 0.3240E-02  0.000      0.000      0.000      0.000       0.000       0.000       0.000       0.000       0.000       0.000    
   535680.   42.65643590   12.5169   0.000       0.000      0.2055E-03 -0.1108E-08-0.3449E-02 0.3243E-02  0.000      0.000      0.000      0.000       0.000       0.000       0.000       0.000       0.000       0.000    
   552960.   42.65643590   12.5244   0.000       0.000      0.2061E-03 -0.1961E-08-0.3458E-02 0.3252E-02  0.000      0.000      0.000      0.000       0.000       0.000       0.000       0.000       0.000       0.000    
   570240.   42.65643590   12.5318   0.000       0.000      0.2067E-03 -0.1937E-08-0.3467E-02 0.3260E-02  0.000      0.000      0.000      0.000       0.000       0.000       0.000       0.000       0.000       0.000    
   587520.   42.65643590   12.5390   0.000       0.000      0.2073E-03 -0.1899E-08-0.3476E-02 0.3269E-02  0.000      0.000      0.000      0.000       0.000       0.000       0.000       0.000       0.000       0.000    
   604800.   42.65643590   12.5461   0.000       0.000      0.2079E-03 -0.1857E-08-0.3485E-02 0.3277E-02  0.000      0.000      0.000      0.000       0.000       0.000       0.000       0.000       0.000       0.000    
   622080.   42.65643590   12.5595   0.000       0.000      0.2090E-03 -0.3971E-08-0.3503E-02 0.3294E-02  0.000      0.000      0.000      0.000       0.000       0.000       0.000       0.000       0.000       0.000    
   639360.   42.65643590   12.5724   0.000       0.000      0.2100E-03 -0.3559E-08-0.3519E-02 0.3308E-02  0.000      0.000      0.000      0.000       0.000       0.000       0.000       0.000       0.000       0.000    
   656640.   42.65643590   12.5849   0.000       0.000      0.2110E-03 -0.3464E-08-0.3534E-02 0.3323E-02  0.000      0.000      0.000      0.000       0.000       0.000       0.000       0.000       0.000       0.000    
   673920.   42.65643590   12.5969   0.000       0.000      0.2120E-03 -0.3378E-08-0.3548E-02 0.3336E-02  0.000      0.000      0.000      0.000       0.000       0.000       0.000       0.000       0.000       0.000    
   691200.   42.65643590   12.6086   0.000       0.000      0.2130E-03 -0.3297E-08-0.3563E-02 0.3350E-02  0.000      0.000      0.000      0.000       0.000       0.000       0.000       0.000       0.000       0.000    
   708480.   42.65643590   12.6846   0.000       0.000      0.2192E-03 -0.2508E-07-0.3672E-02 0.3453E-02  0.000      0.000      0.000      0.000       0.000       0.000       0.000       0.000       0.000       0.000    
   725760.   42.65643590   12.7573   0.000       0.000      0.2251E-03 -0.2167E-07-0.3758E-02 0.3533E-02  0.000      0.000      0.000      0.000       0.000       0.000       0.000       0.000       0.000       0.000    
   743040.   42.65643590   12.8271   0.000       0.000      0.2308E-03 -0.2141E-07-0.3841E-02 0.3610E-02  0.000      0.000      0.000      0.000       0.000       0.000       0.000       0.000       0.000       0.000    
   760320.   42.65643590   12.8944   0.000       0.000      0.2363E-03 -0.2120E-07-0.3922E-02 0.3685E-02  0.000      0.000      0.000      0.000       0.000       0.000       0.000       0.000       0.000       0.000    
   777600.   42.65643590   12.9593   0.000       0.000      0.2416E-03 -0.2101E-07-0.4000E-02 0.3759E-02  0.000      0.000      0.000      0.000       0.000       0.000       0.000       0.000       0.000       0.000    
   794880.   42.65643590   13.0800   0.000       0.000      0.2515E-03 -0.4288E-07-0.4162E-02 0.3911E-02  0.000      0.000      0.000      0.000       0.000       0.000       0.000       0.000       0.000       0.000    
   812160.   42.65643590   13.1960   0.000       0.000      0.2609E-03 -0.3986E-07-0.4302E-02 0.4041E-02  0.000      0.000      0.000      0.000       0.000       0.000       0.000       0.000       0.000       0.000    
   829440.   42.65643590   13.3080   0.000       0.000      0.2701E-03 -0.3990E-07-0.4437E-02 0.4167E-02  0.000      0.000      0.000      0.000       0.000       0.000       0.000       0.000       0.000       0.000    
   846720.   42.65643590   13.4162   0.000       0.000      0.2789E-03 -0.3996E-07-0.4570E-02 0.4291E-02  0.000      0.000      0.000      0.000       0.000       0.000       0.000       0.000       0.000       0.000    
   864000.   42.65643590   13.5210   0.000       0.000      0.2875E-03 -0.4001E-07-0.4699E-02 0.4411E-02  0.000      0.000      0.000      0.000       0.000       0.000       0.000       0.000       0.000       0.000    
   881280.   42.65643590   13.5713   0.000       0.000      0.2916E-03 -0.1745E-07-0.4749E-02 0.4458E-02  0.000      0.000      0.000      0.000       0.000       0.000       0.000       0.000       0.000       0.000    
   898560.   42.65643590   13.6209   0.000       0.000      0.2956E-03 -0.2058E-07-0.4815E-02 0.4519E-02  0.000      0.000      0.000      0.000       0.000       0.000       0.000       0.000       0.000       0.000    
   915840.   42.65643590   13.6697   0.000       0.000      0.2996E-03 -0.2052E-07-0.4880E-02 0.4580E-02  0.000      0.000      0.000      0.000       0.000       0.000       0.000       0.000       0.000       0.000    
   933120.   42.65643590   13.7174   0.000       0.000      0.3035E-03 -0.2041E-07-0.4943E-02 0.4639E-02  0.000      0.000      0.000      0.000       0.000       0.000       0.000       0.000       0.000       0.000    
   950400.   42.65643590   13.7641   0.000       0.000      0.3073E-03 -0.2026E-07-0.5005E-02 0.4697E-02  0.000      0.000      0.000      0.000       0.000       0.000       0.000       0.000       0.000       0.000    
   967680.   42.65643590   13.8779   0.000       0.000      0.3166E-03 -0.5197E-07-0.5165E-02 0.4849E-02  0.000      0.000      0.000      0.000       0.000       0.000       0.000       0.000       0.000       0.000    
   984960.   42.65643590   13.9876   0.000       0.000      0.3255E-03 -0.4741E-07-0.5300E-02 0.4974E-02  0.000      0.000      0.000      0.000       0.000       0.000       0.000       0.000       0.000       0.000    
  1002240.   42.65643590   14.0938   0.000       0.000      0.3342E-03 -0.4725E-07-0.5431E-02 0.5097E-02  0.000      0.000      0.000      0.000       0.000       0.000       0.000       0.000       0.000       0.000    
  1019520.   42.65643590   14.1967   0.000       0.000      0.3426E-03 -0.4715E-07-0.5559E-02 0.5217E-02  0.000      0.000      0.000      0.000       0.000       0.000       0.000       0.000       0.000       0.000    
  1036800.   42.65643590   14.2966   0.000       0.000      0.3507E-03 -0.4704E-07-0.5684E-02 0.5334E-02  0.000      0.000      0.000      0.000       0.000       0.000       0.000       0.000       0.000       0.000    
  1054080.   42.65643590   14.4919   0.000       0.000      0.3667E-03 -0.9948E-07-0.5951E-02 0.5584E-02  0.000      0.000      0.000      0.000       0.000       0.000       0.000       0.000       0.000       0.000    
  1071360.   42.65643590   14.6802   0.000       0.000      0.3820E-03 -0.9323E-07-0.6179E-02 0.5797E-02  0.000      0.000      0.000      0.000       0.000       0.000       0.000       0.000       0.000       0.000    
  1088640.   42.65643590   14.8624   0.000       0.000      0.3969E-03 -0.9400E-07-0.6402E-02 0.6005E-02  0.000      0.000      0.000      0.000       0.000       0.000       0.000       0.000       0.000       0.000    
  1105920.   42.65643590   15.0390   0.000       0.000      0.4113E-03 -0.9478E-07-0.6619E-02 0.6208E-02  0.000      0.000      0.000      0.000       0.000       0.000       0.000       0.000       0.000       0.000    
  1123200.   42.65643590   15.2104   0.000       0.000      0.4253E-03 -0.9547E-07-0.6832E-02 0.6406E-02  0.000      0.000      0.000      0.000       0.000       0.000       0.000       0.000       0.000       0.000    
  1140480.   42.65643590   15.1978   0.000       0.000      0.4243E-03  0.1625E-07-0.6776E-02 0.6352E-02  0.000      0.000      0.000      0.000       0.000       0.000       0.000       0.000       0.000       0.000    
  1157760.   42.65643590   15.1883   0.000       0.000      0.4235E-03 -0.2163E-10-0.6779E-02 0.6356E-02  0.000      0.000      0.000      0.000       0.000       0.000       0.000       0.000       0.000       0.000    
  1175040.   42.65643590   15.1809   0.000       0.000      0.4229E-03 -0.9669E-09-0.6783E-02 0.6360E-02  0.000      0.000      0.000      0.000       0.000       0.000       0.000       0.000       0.000       0.000    
  1192320.   42.65643590   15.1753   0.000       0.000      0.4224E-03 -0.1544E-08-0.6787E-02 0.6365E-02  0.000      0.000      0.000      0.000       0.000       0.000       0.000       0.000       0.000       0.000    
  1209600.   42.65643590   15.1710   0.000       0.000      0.4221E-03 -0.1993E-08-0.6792E-02 0.6370E-02  0.000      0.000      0.000      0.000       0.000       0.000       0.000       0.000       0.000       0.000    
  1226880.   42.65643590   15.1018   0.000       0.000      0.4164E-03  0.3814E-07-0.6700E-02 0.6283E-02  0.000      0.000      0.000      0.000       0.000       0.000       0.000       0.000       0.000       0.000    
  1244160.   42.65643590   15.0365   0.000       0.000      0.4111E-03  0.3074E-07-0.6631E-02 0.6220E-02  0.000      0.000      0.000      0.000       0.000       0.000       0.000       0.000       0.000       0.000    
  1261440.   42.65643590   14.9743   0.000       0.000      0.4060E-03  0.2908E-07-0.6565E-02 0.6159E-02  0.000      0.000      0.000      0.000       0.000       0.000       0.000       0.000       0.000       0.000    
  1278720.   42.65643590   14.9151   0.000       0.000      0.4012E-03  0.2766E-07-0.6501E-02 0.6100E-02  0.000      0.000      0.000      0.000       0.000       0.000       0.000       0.000       0.000       0.000    
  1296000.   42.65643590   14.8584   0.000       0.000      0.3966E-03  0.2636E-07-0.6439E-02 0.6043E-02  0.000      0.000      0.000      0.000       0.000       0.000       0.000       0.000       0.000       0.000    
  1313280.   42.65643590   14.7832   0.000       0.000      0.3905E-03  0.3733E-07-0.6348E-02 0.5958E-02  0.000      0.000      0.000      0.000       0.000       0.000       0.000       0.000       0.000       0.000    
  1330560.   42.65643590   14.7112   0.000       0.000      0.3846E-03  0.3396E-07-0.6266E-02 0.5882E-02  0.000      0.000      0.000      0.000       0.000       0.000       0.000       0.000       0.000       0.000    
  1347840.   42.65643590   14.6419   0.000       0.000      0.3789E-03  0.3241E-07-0.6187E-02 0.5808E-02  0.000      0.000      0.000      0.000       0.000       0.000       0.000       0.000       0.000       0.000    
  1365120.   42.65643590   14.5753   0.000       0.000      0.3735E-03  0.3099E-07-0.6110E-02 0.5736E-02  0.000      0.000      0.000      0.000       0.000       0.000       0.000       0.000       0.000       0.000    
  1382400.   42.65643590   14.5111   0.000       0.000      0.3682E-03  0.2968E-07-0.6035E-02 0.5667E-02  0.000      0.000      0.000      0.000       0.000       0.000       0.000       0.000       0.000       0.000    
  1399680.   42.65643590   14.4359   0.000       0.000      0.3621E-03  0.3568E-07-0.5943E-02 0.5581E-02  0.000      0.000      0.000      0.000       0.000       0.000       0.000       0.000       0.000       0.000    
  1416960.   42.65643590   14.3634   0.000       0.000      0.3562E-03  0.3314E-07-0.5857E-02 0.5501E-02  0.000      0.000      0.000      0.000       0.000       0.000       0.000       0.000       0.000       0.000    
  1434240.   42.65643590   14.2934   0.000       0.000      0.3505E-03  0.3171E-07-0.5774E-02 0.5423E-02  0.000      0.000      0.000      0.000       0.000       0.000       0.000       0.000       0.000       0.000    
  1451520.   42.65643590   14.2259   0.000       0.000      0.3450E-03  0.3039E-07-0.5693E-02 0.5348E-02  0.000      0.000      0.000      0.000       0.000       0.000       0.000       0.000       0.000       0.000    
  1468800.   42.65643590   14.1605   0.000       0.000      0.3396E-03  0.2915E-07-0.5614E-02 0.5275E-02  0.000      0.000      0.000      0.000       0.000       0.000       0.000       0.000       0.000       0.000    
  1486080.   42.65643590   14.0870   0.000       0.000      0.3336E-03  0.3322E-07-0.5523E-02 0.5189E-02  0.000      0.000      0.000      0.000       0.000       0.000       0.000       0.000       0.000       0.000    
  1503360.   42.65643590   14.0159   0.000       0.000      0.3278E-03  0.3110E-07-0.5436E-02 0.5109E-02  0.000      0.000      0.000      0.000       0.000       0.000       0.000       0.000       0.000       0.000    
  1520640.   42.65643590   13.9472   0.000       0.000      0.3222E-03  0.2979E-07-0.5353E-02 0.5030E-02  0.000      0.000      0.000      0.000       0.000       0.000       0.000       0.000       0.000       0.000    
  1537920.   42.65643590   13.8806   0.000       0.000      0.3168E-03  0.2857E-07-0.5271E-02 0.4954E-02  0.000      0.000      0.000      0.000       0.000       0.000       0.000       0.000       0.000       0.000    
  1555200.   42.65643590   13.8161   0.000       0.000      0.3115E-03  0.2742E-07-0.5192E-02 0.4880E-02  0.000      0.000      0.000      0.000       0.000       0.000       0.000       0.000       0.000       0.000    
  1572480.   42.65643590   13.7466   0.000       0.000      0.3059E-03  0.2960E-07-0.5104E-02 0.4798E-02  0.000      0.000      0.000      0.000       0.000       0.000       0.000       0.000       0.000       0.000    
  1589760.   42.65643590   13.6793   0.000       0.000      0.3004E-03  0.2792E-07-0.5021E-02 0.4721E-02  0.000      0.000      0.000      0.000       0.000       0.000       0.000       0.000       0.000       0.000    
  1607040.   42.65643590   13.6141   0.000       0.000      0.2950E-03  0.2678E-07-0.4940E-02 0.4645E-02  0.000      0.000      0.000      0.000       0.000       0.000       0.000       0.000       0.000       0.000    
  1624320.   42.65643590   13.5509   0.000       0.000      0.2899E-03  0.2571E-07-0.4861E-02 0.4571E-02  0.000      0.000      0.000      0.000       0.000       0.000       0.000       0.000       0.000       0.000    
  1641600.   42.65643590   13.4894   0.000       0.000      0.2849E-03  0.2469E-07-0.4784E-02 0.4500E-02  0.000      0.000      0.000      0.000       0.000       0.000       0.000       0.000       0.000       0.000    
  1658880.   42.65643590   13.4281   0.000       0.000      0.2799E-03  0.2447E-07-0.4707E-02 0.4427E-02  0.000      0.000      0.000      0.000       0.000       0.000       0.000       0.000       0.000       0.000    
  1676160.   42.65643590   13.3686   0.000       0.000      0.2750E-03  0.2340E-07-0.4632E-02 0.4357E-02  0.000      0.000      0.000      0.000       0.000       0.000       0.000       0.000       0.000       0.000    
  1693440.   42.65643590   13.3107   0.000       0.000      0.2703E-03  0.2249E-07-0.4559E-02 0.4289E-02  0.000      0.000      0.000      0.000       0.000       0.000       0.000       0.000       0.000       0.000    
  1710720.   42.65643590   13.2545   0.000       0.000      0.2657E-03  0.2163E-07-0.4488E-02 0.4222E-02  0.000      0.000      0.000      0.000       0.000       0.000       0.000       0.000       0.000       0.000    
  1728000.   42.65643590   13.1998   0.000       0.000      0.2612E-03  0.2081E-07-0.4418E-02 0.4157E-02  0.000      0.000      0.000      0.000       0.000       0.000       0.000       0.000       0.000       0.000    
  1745280.   42.65643590   13.1481   0.000       0.000      0.2570E-03  0.1943E-07-0.4352E-02 0.4095E-02  0.000      0.000      0.000      0.000       0.000       0.000       0.000       0.000       0.000       0.000    
  1762560.   42.65643590   13.0977   0.000       0.000      0.2529E-03  0.1880E-07-0.4288E-02 0.4035E-02  0.000      0.000      0.000      0.000       0.000       0.000       0.000       0.000       0.000       0.000    
  1779840.   42.65643590   13.0487   0.000       0.000      0.2489E-03  0.1812E-07-0.4224E-02 0.3976E-02  0.000      0.000      0.000      0.000       0.000       0.000       0.000       0.000       0.000       0.000    
  1797120.   42.65643590   13.0010   0.000       0.000      0.2450E-03  0.1747E-07-0.4163E-02 0.3918E-02  0.000      0.000      0.000      0.000       0.000       0.000       0.000       0.000       0.000       0.000    
  1814400.   42.65643590   12.9545   0.000       0.000      0.2412E-03  0.1685E-07-0.4103E-02 0.3861E-02  0.000      0.000      0.000      0.000       0.000       0.000       0.000       0.000       0.000       0.000    
  1831680.   42.65643590   12.9057   0.000       0.000      0.2372E-03  0.1758E-07-0.4039E-02 0.3801E-02  0.000      0.000      0.000      0.000       0.000       0.000       0.000       0.000       0.000       0.000    
  1848960.   42.65643590   12.8582   0.000       0.000      0.2333E-03  0.1675E-07-0.3977E-02 0.3744E-02  0.000      0.000      0.000      0.000       0.000       0.000       0.000       0.000       0.000       0.000    
  1866240.   42.65643590   12.8119   0.000       0.000      0.2296E-03  0.1613E-07-0.3917E-02 0.3688E-02  0.000      0.000      0.000      0.000       0.000       0.000       0.000       0.000       0.000       0.000    
  1883520.   42.65643590   12.7669   0.000       0.000      0.2259E-03  0.1555E-07-0.3859E-02 0.3633E-02  0.000      0.000      0.000      0.000       0.000       0.000       0.000       0.000       0.000       0.000    
  1900800.   42.65643590   12.7230   0.000       0.000      0.2223E-03  0.1499E-07-0.3802E-02 0.3579E-02  0.000      0.000      0.000      0.000       0.000       0.000       0.000       0.000       0.000       0.000    
  1918080.   42.65643590   12.6777   0.000       0.000      0.2186E-03  0.1535E-07-0.3742E-02 0.3523E-02  0.000      0.000      0.000      0.000       0.000       0.000       0.000       0.000       0.000       0.000    
  1935360.   42.65643590   12.6336   0.000       0.000      0.2150E-03  0.1466E-07-0.3685E-02 0.3470E-02  0.000      0.000      0.000      0.000       0.000       0.000       0.000       0.000       0.000       0.000    
  1952640.   42.65643590   12.5906   0.000       0.000      0.2115E-03  0.1413E-07-0.3628E-02 0.3417E-02  0.000      0.000      0.000      0.000       0.000       0.000       0.000       0.000       0.000       0.000    
  1969920.   42.65643590   12.5487   0.000       0.000      0.2081E-03  0.1363E-07-0.3574E-02 0.3366E-02  0.000      0.000      0.000      0.000       0.000       0.000       0.000       0.000       0.000       0.000    
  1987200.   42.65643590   12.5079   0.000       0.000      0.2048E-03  0.1314E-07-0.3520E-02 0.3315E-02  0.000      0.000      0.000      0.000       0.000       0.000       0.000       0.000       0.000       0.000    
  2004480.   42.65643590   12.4692   0.000       0.000      0.2016E-03  0.1229E-07-0.3469E-02 0.3268E-02  0.000      0.000      0.000      0.000       0.000       0.000       0.000       0.000       0.000       0.000    
  2021760.   42.65643590   12.4315   0.000       0.000      0.1985E-03  0.1192E-07-0.3419E-02 0.3221E-02  0.000      0.000      0.000      0.000       0.000       0.000       0.000       0.000       0.000       0.000    
  2039040.   42.65643590   12.3947   0.000       0.000      0.1955E-03  0.1152E-07-0.3370E-02 0.3175E-02  0.000      0.000      0.000      0.000       0.000       0.000       0.000       0.000       0.000       0.000    
  2056320.   42.65643590   12.3587   0.000       0.000      0.1926E-03  0.1113E-07-0.3323E-02 0.3130E-02  0.000      0.000      0.000      0.000       0.000       0.000       0.000       0.000       0.000       0.000    
  2073600.   42.65643590   12.3236   0.000       0.000      0.1897E-03  0.1075E-07-0.3276E-02 0.3086E-02  0.000      0.000      0.000      0.000       0.000       0.000       0.000       0.000       0.000       0.000    
  2090880.   42.65643590   12.2866   0.000       0.000      0.1867E-03  0.1123E-07-0.3226E-02 0.3039E-02  0.000      0.000      0.000      0.000       0.000       0.000       0.000       0.000       0.000       0.000    
  2108160.   42.65643590   12.2505   0.000       0.000      0.1837E-03  0.1071E-07-0.3178E-02 0.2994E-02  0.000      0.000      0.000      0.000       0.000       0.000       0.000       0.000       0.000       0.000    
  2125440.   42.65643590   12.2153   0.000       0.000      0.1809E-03  0.1034E-07-0.3131E-02 0.2950E-02  0.000      0.000      0.000      0.000       0.000       0.000       0.000       0.000       0.000       0.000    
  2142720.   42.65643590   12.1809   0.000       0.000      0.1781E-03  0.9983E-08-0.3086E-02 0.2907E-02  0.000      0.000      0.000      0.000       0.000       0.000       0.000       0.000       0.000       0.000    
  2160000.   42.65643590   12.1474   0.000       0.000      0.1753E-03  0.9642E-08-0.3041E-02 0.2865E-02  0.000      0.000      0.000      0.000       0.000       0.000       0.000       0.000       0.000       0.000    
  2177280.   42.65643590   12.1127   0.000       0.000      0.1725E-03  0.9860E-08-0.2994E-02 0.2821E-02  0.000      0.000      0.000      0.000       0.000       0.000       0.000       0.000       0.000       0.000    
  2194560.   42.65643590   12.0789   0.000       0.000      0.1697E-03  0.9436E-08-0.2949E-02 0.2779E-02  0.000      0.000      0.000      0.000       0.000       0.000       0.000       0.000       0.000       0.000    
  2211840.   42.65643590   12.0459   0.000       0.000      0.1670E-03  0.9107E-08-0.2905E-02 0.2738E-02  0.000      0.000      0.000      0.000       0.000       0.000       0.000       0.000       0.000       0.000    
  2229120.   42.65643590   12.0136   0.000       0.000      0.1644E-03  0.8793E-08-0.2862E-02 0.2697E-02  0.000      0.000      0.000      0.000       0.000       0.000       0.000       0.000       0.000       0.000    
  2246400.   42.65643590   11.9822   0.000       0.000      0.1618E-03  0.8492E-08-0.2819E-02 0.2658E-02  0.000      0.000      0.000      0.000       0.000       0.000       0.000       0.000       0.000       0.000    
  2263680.   42.65643590   11.9495   0.000       0.000      0.1592E-03  0.8720E-08-0.2775E-02 0.2616E-02  0.000      0.000      0.000      0.000       0.000       0.000       0.000       0.000       0.000       0.000    
  2280960.   42.65643590   11.9176   0.000       0.000      0.1566E-03  0.8338E-08-0.2732E-02 0.2576E-02  0.000      0.000      0.000      0.000       0.000       0.000       0.000       0.000       0.000       0.000    
  2298240.   42.65643590   11.8865   0.000       0.000      0.1540E-03  0.8046E-08-0.2691E-02 0.2537E-02  0.000      0.000      0.000      0.000       0.000       0.000       0.000       0.000       0.000       0.000    
  2315520.   42.65643590   11.8561   0.000       0.000      0.1516E-03  0.7767E-08-0.2650E-02 0.2498E-02  0.000      0.000      0.000      0.000       0.000       0.000       0.000       0.000       0.000       0.000    
  2332800.   42.65643590   11.8264   0.000       0.000      0.1491E-03  0.7500E-08-0.2610E-02 0.2461E-02  0.000      0.000      0.000      0.000       0.000       0.000       0.000       0.000       0.000       0.000    
  2350080.   42.65643590   11.7961   0.000       0.000      0.1467E-03  0.7560E-08-0.2569E-02 0.2422E-02  0.000      0.000      0.000      0.000       0.000       0.000       0.000       0.000       0.000       0.000    
  2367360.   42.65643590   11.7665   0.000       0.000      0.1442E-03  0.7249E-08-0.2529E-02 0.2384E-02  0.000      0.000      0.000      0.000       0.000       0.000       0.000       0.000       0.000       0.000    
  2384640.   42.65643590   11.7376   0.000       0.000      0.1419E-03  0.6997E-08-0.2490E-02 0.2348E-02  0.000      0.000      0.000      0.000       0.000       0.000       0.000       0.000       0.000       0.000    
  2401920.   42.65643590   11.7094   0.000       0.000      0.1396E-03  0.6757E-08-0.2451E-02 0.2312E-02  0.000      0.000      0.000      0.000       0.000       0.000       0.000       0.000       0.000       0.000    
  2419200.   42.65643590   11.6818   0.000       0.000      0.1373E-03  0.6526E-08-0.2414E-02 0.2277E-02  0.000      0.000      0.000      0.000       0.000       0.000       0.000       0.000       0.000       0.000    
  2436480.   42.65643590   11.6657   0.000       0.000      0.1360E-03  0.3822E-08-0.2393E-02 0.2257E-02  0.000      0.000      0.000      0.000       0.000       0.000       0.000       0.000       0.000       0.000    
  2453760.   42.65643590   11.6496   0.000       0.000      0.1347E-03  0.4112E-08-0.2369E-02 0.2234E-02  0.000      0.000      0.000      0.000       0.000       0.000       0.000       0.000       0.000       0.000    
  2471040.   42.65643590   11.6336   0.000       0.000      0.1334E-03  0.4027E-08-0.2346E-02 0.2212E-02  0.000      0.000      0.000      0.000       0.000       0.000       0.000       0.000       0.000       0.000    
  2488320.   42.65643590   11.6179   0.000       0.000      0.1321E-03  0.3937E-08-0.2322E-02 0.2190E-02  0.000      0.000      0.000      0.000       0.000       0.000       0.000       0.000       0.000       0.000    
  2505600.   42.65643590   11.6023   0.000       0.000      0.1308E-03  0.3846E-08-0.2299E-02 0.2169E-02  0.000      0.000      0.000      0.000       0.000       0.000       0.000       0.000       0.000       0.000    
  2522880.   42.65643590   11.5865   0.000       0.000      0.1295E-03  0.3842E-08-0.2276E-02 0.2147E-02  0.000      0.000      0.000      0.000       0.000       0.000       0.000       0.000       0.000       0.000    
  2540160.   42.65643590   11.5710   0.000       0.000      0.1283E-03  0.3734E-08-0.2254E-02 0.2126E-02  0.000      0.000      0.000      0.000       0.000       0.000       0.000       0.000       0.000       0.000    
  2557440.   42.65643590   11.5557   0.000       0.000      0.1270E-03  0.3642E-08-0.2232E-02 0.2105E-02  0.000      0.000      0.000      0.000       0.000       0.000       0.000       0.000       0.000       0.000    
  2574720.   42.65643590   11.5407   0.000       0.000      0.1258E-03  0.3551E-08-0.2210E-02 0.2084E-02  0.000      0.000      0.000      0.000       0.000       0.000       0.000       0.000       0.000       0.000    
  2592000.   42.65643590   11.5259   0.000       0.000      0.1246E-03  0.3462E-08-0.2189E-02 0.2064E-02  0.000      0.000      0.000      0.000       0.000       0.000       0.000       0.000       0.000       0.000    
  2609280.   42.65643590   11.5537   0.000       0.000      0.1269E-03 -0.5606E-08-0.2230E-02 0.2103E-02  0.000      0.000      0.000      0.000       0.000       0.000       0.000       0.000       0.000       0.000    
  2626560.   42.65643590   11.5796   0.000       0.000      0.1290E-03 -0.4078E-08-0.2256E-02 0.2127E-02  0.000      0.000      0.000      0.000       0.000       0.000       0.000       0.000       0.000       0.000    
  2643840.   42.65643590   11.6041   0.000       0.000      0.1310E-03 -0.3902E-08-0.2282E-02 0.2151E-02  0.000      0.000      0.000      0.000       0.000       0.000       0.000       0.000       0.000       0.000    
  2661120.   42.65643590   11.6273   0.000       0.000      0.1329E-03 -0.3758E-08-0.2306E-02 0.2173E-02  0.000      0.000      0.000      0.000       0.000       0.000       0.000       0.000       0.000       0.000    
  2678400.   42.65643590   11.6493   0.000       0.000      0.1347E-03 -0.3630E-08-0.2329E-02 0.2195E-02  0.000      0.000      0.000      0.000       0.000       0.000       0.000       0.000       0.000       0.000    
  2695680.   42.65643590   11.7871   0.000       0.000      0.1459E-03 -0.3068E-07-0.2525E-02 0.2379E-02  0.000      0.000      0.000      0.000       0.000       0.000       0.000       0.000       0.000       0.000    
  2712960.   42.65643590   11.9183   0.000       0.000      0.1566E-03 -0.2733E-07-0.2676E-02 0.2520E-02  0.000      0.000      0.000      0.000       0.000       0.000       0.000       0.000       0.000       0.000    
  2730240.   42.65643590   12.0440   0.000       0.000      0.1669E-03 -0.2780E-07-0.2823E-02 0.2656E-02  0.000      0.000      0.000      0.000       0.000       0.000       0.000       0.000       0.000       0.000    
  2747520.   42.65643590   12.1649   0.000       0.000      0.1768E-03 -0.2826E-07-0.2966E-02 0.2790E-02  0.000      0.000      0.000      0.000       0.000       0.000       0.000       0.000       0.000       0.000    
  2764800.   42.65643590   12.2813   0.000       0.000      0.1863E-03 -0.2869E-07-0.3106E-02 0.2920E-02  0.000      0.000      0.000      0.000       0.000       0.000       0.000       0.000       0.000       0.000    
  2782080.   42.65643590   12.5606   0.000       0.000      0.2091E-03 -0.8152E-07-0.3488E-02 0.3279E-02  0.000      0.000      0.000      0.000       0.000       0.000       0.000       0.000       0.000       0.000    
  2799360.   42.65643590   12.8285   0.000       0.000      0.2309E-03 -0.7869E-07-0.3806E-02 0.3575E-02  0.000      0.000      0.000      0.000       0.000       0.000       0.000       0.000       0.000       0.000    
  2816640.   42.65643590   13.0866   0.000       0.000      0.2520E-03 -0.8263E-07-0.4116E-02 0.3864E-02  0.000      0.000      0.000      0.000       0.000       0.000       0.000       0.000       0.000       0.000    
  2833920.   42.65643590   13.3358   0.000       0.000      0.2723E-03 -0.8632E-07-0.4418E-02 0.4146E-02  0.000      0.000      0.000      0.000       0.000       0.000       0.000       0.000       0.000       0.000    
  2851200.   42.65643590   13.5769   0.000       0.000      0.2920E-03 -0.8971E-07-0.4713E-02 0.4421E-02  0.000      0.000      0.000      0.000       0.000       0.000       0.000       0.000       0.000       0.000    
  2868480.   42.65643590   13.5467   0.000       0.000      0.2896E-03  0.2393E-07-0.4612E-02 0.4323E-02  0.000      0.000      0.000      0.000       0.000       0.000       0.000       0.000       0.000       0.000    
  2885760.   42.65643590   13.5213   0.000       0.000      0.2875E-03  0.6428E-08-0.4599E-02 0.4312E-02  0.000      0.000      0.000      0.000       0.000       0.000       0.000       0.000       0.000       0.000    
  2903040.   42.65643590   13.4994   0.000       0.000      0.2857E-03  0.5354E-08-0.4589E-02 0.4303E-02  0.000      0.000      0.000      0.000       0.000       0.000       0.000       0.000       0.000       0.000    
  2920320.   42.65643590   13.4801   0.000       0.000      0.2841E-03  0.4660E-08-0.4579E-02 0.4295E-02  0.000      0.000      0.000      0.000       0.000       0.000       0.000       0.000       0.000       0.000    
  2937600.   42.65643590   13.4629   0.000       0.000      0.2827E-03  0.4117E-08-0.4570E-02 0.4287E-02  0.000      0.000      0.000      0.000       0.000       0.000       0.000       0.000       0.000       0.000    
  2954880.   42.65643590   13.4646   0.000       0.000      0.2829E-03 -0.3541E-08-0.4586E-02 0.4304E-02  0.000      0.000      0.000      0.000       0.000       0.000       0.000       0.000       0.000       0.000    
  2972160.   42.65643590   13.4670   0.000       0.000      0.2830E-03 -0.2656E-08-0.4597E-02 0.4314E-02  0.000      0.000      0.000      0.000       0.000       0.000       0.000       0.000       0.000       0.000    
  2989440.   42.65643590   13.4699   0.000       0.000      0.2833E-03 -0.2768E-08-0.4608E-02 0.4325E-02  0.000      0.000      0.000      0.000       0.000       0.000       0.000       0.000       0.000       0.000    
  3006720.   42.65643590   13.4734   0.000       0.000      0.2836E-03 -0.2869E-08-0.4619E-02 0.4335E-02  0.000      0.000      0.000      0.000       0.000       0.000       0.000       0.000       0.000       0.000    
  3024000.   42.65643590   13.4772   0.000       0.000      0.2839E-03 -0.2953E-08-0.4629E-02 0.4346E-02  0.000      0.000      0.000      0.000       0.000       0.000       0.000       0.000       0.000       0.000    
  3041280.   42.65643590   13.5232   0.000       0.000      0.2876E-03 -0.2097E-07-0.4702E-02 0.4414E-02  0.000      0.000      0.000      0.000       0.000       0.000       0.000       0.000       0.000       0.000    
  3058560.   42.65643590   13.5677   0.000       0.000      0.2913E-03 -0.1814E-07-0.4758E-02 0.4467E-02  0.000      0.000      0.000      0.000       0.000       0.000       0.000       0.000       0.000       0.000    
  3075840.   42.65643590   13.6107   0.000       0.000      0.2948E-03 -0.1787E-07-0.4814E-02 0.4519E-02  0.000      0.000      0.000      0.000       0.000       0.000       0.000       0.000       0.000       0.000    
  3093120.   42.65643590   13.6525   0.000       0.000      0.2982E-03 -0.1765E-07-0.4868E-02 0.4570E-02  0.000      0.000      0.000      0.000       0.000       0.000       0.000       0.000       0.000       0.000    
  3110400.   42.65643590   13.6932   0.000       0.000      0.3015E-03 -0.1744E-07-0.4921E-02 0.4619E-02  0.000      0.000      0.000      0.000       0.000       0.000       0.000       0.000       0.000       0.000    
  3127680.   42.65643590   13.6644   0.000       0.000      0.2992E-03  0.1358E-07-0.4871E-02 0.4572E-02  0.000      0.000      0.000      0.000       0.000       0.000       0.000       0.000       0.000       0.000    
  3144960.   42.65643590   13.6376   0.000       0.000      0.2970E-03  0.8591E-08-0.4846E-02 0.4549E-02  0.000      0.000      0.000      0.000       0.000       0.000       0.000       0.000       0.000       0.000    
  3162240.   42.65643590   13.6125   0.000       0.000      0.2949E-03  0.8027E-08-0.4821E-02 0.4526E-02  0.000      0.000      0.000      0.000       0.000       0.000       0.000       0.000       0.000       0.000    
  3179520.   42.65643590   13.5888   0.000       0.000      0.2930E-03  0.7581E-08-0.4798E-02 0.4505E-02  0.000      0.000      0.000      0.000       0.000       0.000       0.000       0.000       0.000       0.000    
  3196800.   42.65643590   13.5664   0.000       0.000      0.2912E-03  0.7191E-08-0.4775E-02 0.4483E-02  0.000      0.000      0.000      0.000       0.000       0.000       0.000       0.000       0.000       0.000    
  3214080.   42.65643590   13.5154   0.000       0.000      0.2870E-03  0.1978E-07-0.4709E-02 0.4422E-02  0.000      0.000      0.000      0.000       0.000       0.000       0.000       0.000       0.000       0.000    
  3231360.   42.65643590   13.4666   0.000       0.000      0.2830E-03  0.1704E-07-0.4654E-02 0.4371E-02  0.000      0.000      0.000      0.000       0.000       0.000       0.000       0.000       0.000       0.000    
  3248640.   42.65643590   13.4200   0.000       0.000      0.2792E-03  0.1623E-07-0.4601E-02 0.4322E-02  0.000      0.000      0.000      0.000       0.000       0.000       0.000       0.000       0.000       0.000    
  3265920.   42.65643590   13.3752   0.000       0.000      0.2756E-03  0.1550E-07-0.4550E-02 0.4274E-02  0.000      0.000      0.000      0.000       0.000       0.000       0.000       0.000       0.000       0.000    
  3283200.   42.65643590   13.3322   0.000       0.000      0.2720E-03  0.1484E-07-0.4500E-02 0.4228E-02  0.000      0.000      0.000      0.000       0.000       0.000       0.000       0.000       0.000       0.000    
  3300480.   42.65643590   13.3060   0.000       0.000      0.2699E-03  0.7987E-08-0.4474E-02 0.4204E-02  0.000      0.000      0.000      0.000       0.000       0.000       0.000       0.000       0.000       0.000    
  3317760.   42.65643590   13.2805   0.000       0.000      0.2678E-03  0.8588E-08-0.4444E-02 0.4176E-02  0.000      0.000      0.000      0.000       0.000       0.000       0.000       0.000       0.000       0.000    
  3335040.   42.65643590   13.2559   0.000       0.000      0.2658E-03  0.8307E-08-0.4414E-02 0.4148E-02  0.000      0.000      0.000      0.000       0.000       0.000       0.000       0.000       0.000       0.000    
  3352320.   42.65643590   13.2321   0.000       0.000      0.2639E-03  0.8026E-08-0.4386E-02 0.4122E-02  0.000      0.000      0.000      0.000       0.000       0.000       0.000       0.000       0.000       0.000    
  3369600.   42.65643590   13.2090   0.000       0.000      0.2620E-03  0.7756E-08-0.4358E-02 0.4096E-02  0.000      0.000      0.000      0.000       0.000       0.000       0.000       0.000       0.000       0.000    
  3386880.   42.65643590   13.2210   0.000       0.000      0.2630E-03 -0.6296E-08-0.4381E-02 0.4118E-02  0.000      0.000      0.000      0.000       0.000       0.000       0.000       0.000       0.000       0.000    
  3404160.   42.65643590   13.2322   0.000       0.000      0.2639E-03 -0.4112E-08-0.4393E-02 0.4129E-02  0.000      0.000      0.000      0.000       0.000       0.000       0.000       0.000       0.000       0.000    
  3421440.   42.65643590   13.2427   0.000       0.000      0.2647E-03 -0.3925E-08-0.4404E-02 0.4139E-02  0.000      0.000      0.000      0.000       0.000       0.000       0.000       0.000       0.000       0.000    
  3438720.   42.65643590   13.2528   0.000       0.000      0.2656E-03 -0.3786E-08-0.4415E-02 0.4150E-02  0.000      0.000      0.000      0.000       0.000       0.000       0.000       0.000       0.000       0.000    
  3456000.   42.65643590   13.2623   0.000       0.000      0.2663E-03 -0.3666E-08-0.4426E-02 0.4160E-02  0.000      0.000      0.000      0.000       0.000       0.000       0.000       0.000       0.000       0.000    
  3473280.   42.65643590   13.2934   0.000       0.000      0.2689E-03 -0.1254E-07-0.4469E-02 0.4200E-02  0.000      0.000      0.000      0.000       0.000       0.000       0.000       0.000       0.000       0.000    
  3490560.   42.65643590   13.3231   0.000       0.000      0.2713E-03 -0.1097E-07-0.4504E-02 0.4232E-02  0.000      0.000      0.000      0.000       0.000       0.000       0.000       0.000       0.000       0.000    
  3507840.   42.65643590   13.3516   0.000       0.000      0.2736E-03 -0.1069E-07-0.4537E-02 0.4264E-02  0.000      0.000      0.000      0.000       0.000       0.000       0.000       0.000       0.000       0.000    
  3525120.   42.65643590   13.3792   0.000       0.000      0.2759E-03 -0.1046E-07-0.4570E-02 0.4294E-02  0.000      0.000      0.000      0.000       0.000       0.000       0.000       0.000       0.000       0.000    
  3542400.   42.65643590   13.4058   0.000       0.000      0.2780E-03 -0.1024E-07-0.4602E-02 0.4324E-02  0.000      0.000      0.000      0.000       0.000       0.000       0.000       0.000       0.000       0.000    
  3559680.   42.65643590   13.4126   0.000       0.000      0.2786E-03 -0.1959E-08-0.4606E-02 0.4327E-02  0.000      0.000      0.000      0.000       0.000       0.000       0.000       0.000       0.000       0.000    
  3576960.   42.65643590   13.4194   0.000       0.000      0.2792E-03 -0.3099E-08-0.4616E-02 0.4336E-02  0.000      0.000      0.000      0.000       0.000       0.000       0.000       0.000       0.000       0.000    
  3594240.   42.65643590   13.4263   0.000       0.000      0.2797E-03 -0.3089E-08-0.4625E-02 0.4345E-02  0.000      0.000      0.000      0.000       0.000       0.000       0.000       0.000       0.000       0.000    
  3611520.   42.65643590   13.4330   0.000       0.000      0.2803E-03 -0.3057E-08-0.4634E-02 0.4354E-02  0.000      0.000      0.000      0.000       0.000       0.000       0.000       0.000       0.000       0.000    
  3628800.   42.65643590   13.4397   0.000       0.000      0.2808E-03 -0.3020E-08-0.4644E-02 0.4363E-02  0.000      0.000      0.000      0.000       0.000       0.000       0.000       0.000       0.000       0.000    
  3646080.   42.65643590   13.4034   0.000       0.000      0.2779E-03  0.1536E-07-0.4590E-02 0.4312E-02  0.000      0.000      0.000      0.000       0.000       0.000       0.000       0.000       0.000       0.000    
  3663360.   42.65643590   13.3688   0.000       0.000      0.2750E-03  0.1212E-07-0.4551E-02 0.4276E-02  0.000      0.000      0.000      0.000       0.000       0.000       0.000       0.000       0.000       0.000    
  3680640.   42.65643590   13.3359   0.000       0.000      0.2723E-03  0.1155E-07-0.4513E-02 0.4241E-02  0.000      0.000      0.000      0.000       0.000       0.000       0.000       0.000       0.000       0.000    
  3697920.   42.65643590   13.3043   0.000       0.000      0.2698E-03  0.1107E-07-0.4477E-02 0.4207E-02  0.000      0.000      0.000      0.000       0.000       0.000       0.000       0.000       0.000       0.000    
  3715200.   42.65643590   13.2739   0.000       0.000      0.2673E-03  0.1063E-07-0.4441E-02 0.4174E-02  0.000      0.000      0.000      0.000       0.000       0.000       0.000       0.000       0.000       0.000    
  3732480.   42.65643590   13.2525   0.000       0.000      0.2655E-03  0.7001E-08-0.4418E-02 0.4153E-02  0.000      0.000      0.000      0.000       0.000       0.000       0.000       0.000       0.000       0.000    
  3749760.   42.65643590   13.2319   0.000       0.000      0.2639E-03  0.7221E-08-0.4393E-02 0.4129E-02  0.000      0.000      0.000      0.000       0.000       0.000       0.000       0.000       0.000       0.000    
  3767040.   42.65643590   13.2119   0.000       0.000      0.2622E-03  0.6993E-08-0.4369E-02 0.4107E-02  0.000      0.000      0.000      0.000       0.000       0.000       0.000       0.000       0.000       0.000    
  3784320.   42.65643590   13.1925   0.000       0.000      0.2606E-03  0.6769E-08-0.4346E-02 0.4085E-02  0.000      0.000      0.000      0.000       0.000       0.000       0.000       0.000       0.000       0.000    
  3801600.   42.65643590   13.1737   0.000       0.000      0.2591E-03  0.6556E-08-0.4323E-02 0.4063E-02  0.000      0.000      0.000      0.000       0.000       0.000       0.000       0.000       0.000       0.000    
  3818880.   42.65643590   13.1830   0.000       0.000      0.2599E-03 -0.4634E-08-0.4341E-02 0.4081E-02  0.000      0.000      0.000      0.000       0.000       0.000       0.000       0.000       0.000       0.000    
  3836160.   42.65643590   13.1916   0.000       0.000      0.2606E-03 -0.2892E-08-0.4349E-02 0.4089E-02  0.000      0.000      0.000      0.000       0.000       0.000       0.000       0.000       0.000       0.000    
  3853440.   42.65643590   13.1996   0.000       0.000      0.2612E-03 -0.2741E-08-0.4358E-02 0.4096E-02  0.000      0.000      0.000      0.000       0.000       0.000       0.000       0.000       0.000       0.000    
  3870720.   42.65643590   13.2073   0.000       0.000      0.2618E-03 -0.2627E-08-0.4366E-02 0.4104E-02  0.000      0.000      0.000      0.000       0.000       0.000       0.000       0.000       0.000       0.000    
  3888000.   42.65643590   13.2145   0.000       0.000      0.2624E-03 -0.2529E-08-0.4373E-02 0.4111E-02  0.000      0.000      0.000      0.000       0.000       0.000       0.000       0.000       0.000       0.000    
  3905280.   42.65643590   13.2514   0.000       0.000      0.2654E-03 -0.1466E-07-0.4425E-02 0.4160E-02  0.000      0.000      0.000      0.000       0.000       0.000       0.000       0.000       0.000       0.000    
  3922560.   42.65643590   13.2866   0.000       0.000      0.2683E-03 -0.1258E-07-0.4466E-02 0.4198E-02  0.000      0.000      0.000      0.000       0.000       0.000       0.000       0.000       0.000       0.000    
  3939840.   42.65643590   13.3204   0.000       0.000      0.2711E-03 -0.1226E-07-0.4506E-02 0.4235E-02  0.000      0.000      0.000      0.000       0.000       0.000       0.000       0.000       0.000       0.000    
  3957120.   42.65643590   13.3530   0.000       0.000      0.2737E-03 -0.1199E-07-0.4544E-02 0.4271E-02  0.000      0.000      0.000      0.000       0.000       0.000       0.000       0.000       0.000       0.000    
  3974400.   42.65643590   13.3844   0.000       0.000      0.2763E-03 -0.1174E-07-0.4582E-02 0.4306E-02  0.000      0.000      0.000      0.000       0.000       0.000       0.000       0.000       0.000       0.000    
  3991680.   42.65643590   13.4211   0.000       0.000      0.2793E-03 -0.1420E-07-0.4628E-02 0.4349E-02  0.000      0.000      0.000      0.000       0.000       0.000       0.000       0.000       0.000       0.000    
  4008960.   42.65643590   13.4565   0.000       0.000      0.2822E-03 -0.1355E-07-0.4671E-02 0.4389E-02  0.000      0.000      0.000      0.000       0.000       0.000       0.000       0.000       0.000       0.000    
  4026240.   42.65643590   13.4908   0.000       0.000      0.2850E-03 -0.1330E-07-0.4713E-02 0.4428E-02  0.000      0.000      0.000      0.000       0.000       0.000       0.000       0.000       0.000       0.000    
  4043520.   42.65643590   13.5240   0.000       0.000      0.2877E-03 -0.1306E-07-0.4753E-02 0.4466E-02  0.000      0.000      0.000      0.000       0.000       0.000       0.000       0.000       0.000       0.000    
  4060800.   42.65643590   13.5562   0.000       0.000      0.2903E-03 -0.1283E-07-0.4793E-02 0.4503E-02  0.000      0.000      0.000      0.000       0.000       0.000       0.000       0.000       0.000       0.000    
  4078080.   42.65643590   13.5243   0.000       0.000      0.2877E-03  0.1531E-07-0.4739E-02 0.4451E-02  0.000      0.000      0.000      0.000       0.000       0.000       0.000       0.000       0.000       0.000    
  4095360.   42.65643590   13.4943   0.000       0.000      0.2853E-03  0.1073E-07-0.4707E-02 0.4421E-02  0.000      0.000      0.000      0.000       0.000       0.000       0.000       0.000       0.000       0.000    
  4112640.   42.65643590   13.4658   0.000       0.000      0.2829E-03  0.1016E-07-0.4676E-02 0.4393E-02  0.000      0.000      0.000      0.000       0.000       0.000       0.000       0.000       0.000       0.000    
  4129920.   42.65643590   13.4387   0.000       0.000      0.2807E-03  0.9710E-08-0.4645E-02 0.4365E-02  0.000      0.000      0.000      0.000       0.000       0.000       0.000       0.000       0.000       0.000    
  4147200.   42.65643590   13.4128   0.000       0.000      0.2786E-03  0.9306E-08-0.4616E-02 0.4337E-02  0.000      0.000      0.000      0.000       0.000       0.000       0.000       0.000       0.000       0.000    
  4164480.   42.65643590   13.3645   0.000       0.000      0.2747E-03  0.1885E-07-0.4553E-02 0.4278E-02  0.000      0.000      0.000      0.000       0.000       0.000       0.000       0.000       0.000       0.000    
  4181760.   42.65643590   13.3182   0.000       0.000      0.2709E-03  0.1664E-07-0.4499E-02 0.4228E-02  0.000      0.000      0.000      0.000       0.000       0.000       0.000       0.000       0.000       0.000    
  4199040.   42.65643590   13.2737   0.000       0.000      0.2673E-03  0.1591E-07-0.4447E-02 0.4180E-02  0.000      0.000      0.000      0.000       0.000       0.000       0.000       0.000       0.000       0.000    
  4216320.   42.65643590   13.2309   0.000       0.000      0.2638E-03  0.1525E-07-0.4396E-02 0.4132E-02  0.000      0.000      0.000      0.000       0.000       0.000       0.000       0.000       0.000       0.000    
  4233600.   42.65643590   13.1895   0.000       0.000      0.2604E-03  0.1465E-07-0.4346E-02 0.4086E-02  0.000      0.000      0.000      0.000       0.000       0.000       0.000       0.000       0.000       0.000    
  4250880.   42.65643590   13.1446   0.000       0.000      0.2567E-03  0.1602E-07-0.4291E-02 0.4034E-02  0.000      0.000      0.000      0.000       0.000       0.000       0.000       0.000       0.000       0.000    
  4268160.   42.65643590   13.1013   0.000       0.000      0.2532E-03  0.1511E-07-0.4238E-02 0.3985E-02  0.000      0.000      0.000      0.000       0.000       0.000       0.000       0.000       0.000       0.000    
  4285440.   42.65643590   13.0594   0.000       0.000      0.2498E-03  0.1452E-07-0.4187E-02 0.3937E-02  0.000      0.000      0.000      0.000       0.000       0.000       0.000       0.000       0.000       0.000    
  4302720.   42.65643590   13.0189   0.000       0.000      0.2465E-03  0.1397E-07-0.4137E-02 0.3891E-02  0.000      0.000      0.000      0.000       0.000       0.000       0.000       0.000       0.000       0.000    
  4320000.   42.65643590   12.9796   0.000       0.000      0.2433E-03  0.1345E-07-0.4089E-02 0.3845E-02  0.000      0.000      0.000      0.000       0.000       0.000       0.000       0.000       0.000       0.000    
  4337280.   42.65643590   12.9368   0.000       0.000      0.2398E-03  0.1472E-07-0.4034E-02 0.3794E-02  0.000      0.000      0.000      0.000       0.000       0.000       0.000       0.000       0.000       0.000    
  4354560.   42.65643590   12.8953   0.000       0.000      0.2364E-03  0.1391E-07-0.3983E-02 0.3746E-02  0.000      0.000      0.000      0.000       0.000       0.000       0.000       0.000       0.000       0.000    
  4371840.   42.65643590   12.8551   0.000       0.000      0.2331E-03  0.1339E-07-0.3933E-02 0.3699E-02  0.000      0.000      0.000      0.000       0.000       0.000       0.000       0.000       0.000       0.000    
  4389120.   42.65643590   12.8161   0.000       0.000      0.2299E-03  0.1289E-07-0.3884E-02 0.3654E-02  0.000      0.000      0.000      0.000       0.000       0.000       0.000       0.000       0.000       0.000    
  4406400.   42.65643590   12.7783   0.000       0.000      0.2268E-03  0.1243E-07-0.3836E-02 0.3609E-02  0.000      0.000      0.000      0.000       0.000       0.000       0.000       0.000       0.000       0.000    
