TOTIM (T)      HCON          HMAT      QDIR      QWELL        QMAT       QCADS      QTUB1      QTUB2      QTUB3      QTUB4      QTUB5      QTUB6       NSTOR        QFIX        QLH     FHLQ (LQ)        CAUCHY   CAUCHY (LQ)
    86400.   42.65643590   12.5520   0.000       0.000      0.2083E-03   0.000    -0.6871E-03 0.4787E-03  0.000      0.000      0.000      0.000       0.000       0.000       0.000       0.000       0.000       0.000    
   103680.   42.65643590   12.4992   0.000       0.000      0.2040E-03  0.8924E-07-0.4217E-03 0.2175E-03  0.000      0.000      0.000      0.000       0.000       0.000       0.000       0.000       0.000       0.000    
   120960.   42.65643590   12.4449   0.000       0.000      0.1996E-03  0.1972E-07-0.4131E-03 0.2135E-03  0.000      0.000      0.000      0.000       0.000       0.000       0.000       0.000       0.000       0.000    
   138240.   42.65643590   12.3887   0.000       0.000      0.1950E-03  0.1812E-07-0.4040E-03 0.2089E-03  0.000      0.000      0.000      0.000       0.000       0.000       0.000       0.000       0.000       0.000    
   155520.   42.65643590   12.3324   0.000       0.000      0.1904E-03  0.1721E-07-0.3947E-03 0.2043E-03  0.000      0.000      0.000      0.000       0.000       0.000       0.000       0.000       0.000       0.000    
   172800.   42.65643590   12.2770   0.000       0.000      0.1859E-03  0.1636E-07-0.3855E-03 0.1996E-03  0.000      0.000      0.000      0.000       0.000       0.000       0.000       0.000       0.000       0.000    
   190080.   42.65643590   12.2472   0.000       0.000      0.1835E-03  0.8008E-08-0.3887E-03 0.2052E-03  0.000      0.000      0.000      0.000       0.000       0.000       0.000       0.000       0.000       0.000    
   207360.   42.65643590   12.2178   0.000       0.000      0.1811E-03  0.8813E-08-0.3838E-03 0.2027E-03  0.000      0.000      0.000      0.000       0.000       0.000       0.000       0.000       0.000       0.000    
   224640.   42.65643590   12.1891   0.000       0.000      0.1787E-03  0.8525E-08-0.3790E-03 0.2003E-03  0.000      0.000      0.000      0.000       0.000       0.000       0.000       0.000       0.000       0.000    
   241920.   42.65643590   12.1614   0.000       0.000      0.1765E-03  0.8235E-08-0.3743E-03 0.1979E-03  0.000      0.000      0.000      0.000       0.000       0.000       0.000       0.000       0.000       0.000    
   259200.   42.65643590   12.1344   0.000       0.000      0.1743E-03  0.7954E-08-0.3698E-03 0.1956E-03  0.000      0.000      0.000      0.000       0.000       0.000       0.000       0.000       0.000       0.000    
   276480.   42.65643590   12.1147   0.000       0.000      0.1727E-03  0.5735E-08-0.3687E-03 0.1961E-03  0.000      0.000      0.000      0.000       0.000       0.000       0.000       0.000       0.000       0.000    
   293760.   42.65643590   12.0955   0.000       0.000      0.1711E-03  0.5856E-08-0.3655E-03 0.1944E-03  0.000      0.000      0.000      0.000       0.000       0.000       0.000       0.000       0.000       0.000    
   311040.   42.65643590   12.0768   0.000       0.000      0.1696E-03  0.5697E-08-0.3623E-03 0.1928E-03  0.000      0.000      0.000      0.000       0.000       0.000       0.000       0.000       0.000       0.000    
   328320.   42.65643590   12.0586   0.000       0.000      0.1681E-03  0.5538E-08-0.3593E-03 0.1912E-03  0.000      0.000      0.000      0.000       0.000       0.000       0.000       0.000       0.000       0.000    
   345600.   42.65643590   12.0409   0.000       0.000      0.1666E-03  0.5384E-08-0.3563E-03 0.1897E-03  0.000      0.000      0.000      0.000       0.000       0.000       0.000       0.000       0.000       0.000    
   362880.   42.65643590   12.0539   0.000       0.000      0.1677E-03 -0.3585E-08-0.3687E-03 0.2010E-03  0.000      0.000      0.000      0.000       0.000       0.000       0.000       0.000       0.000       0.000    
   380160.   42.65643590   12.0660   0.000       0.000      0.1687E-03 -0.2126E-08-0.3706E-03 0.2019E-03  0.000      0.000      0.000      0.000       0.000       0.000       0.000       0.000       0.000       0.000    
   397440.   42.65643590   12.0773   0.000       0.000      0.1696E-03 -0.1967E-08-0.3724E-03 0.2028E-03  0.000      0.000      0.000      0.000       0.000       0.000       0.000       0.000       0.000       0.000    
   414720.   42.65643590   12.0878   0.000       0.000      0.1705E-03 -0.1843E-08-0.3741E-03 0.2036E-03  0.000      0.000      0.000      0.000       0.000       0.000       0.000       0.000       0.000       0.000    
   432000.   42.65643590   12.0978   0.000       0.000      0.1713E-03 -0.1736E-08-0.3757E-03 0.2044E-03  0.000      0.000      0.000      0.000       0.000       0.000       0.000       0.000       0.000       0.000    
   449280.   42.65643590   12.1301   0.000       0.000      0.1739E-03 -0.8516E-08-0.3888E-03 0.2149E-03  0.000      0.000      0.000      0.000       0.000       0.000       0.000       0.000       0.000       0.000    
   466560.   42.65643590   12.1608   0.000       0.000      0.1764E-03 -0.7284E-08-0.3939E-03 0.2174E-03  0.000      0.000      0.000      0.000       0.000       0.000       0.000       0.000       0.000       0.000    
   483840.   42.65643590   12.1901   0.000       0.000      0.1788E-03 -0.7062E-08-0.3987E-03 0.2199E-03  0.000      0.000      0.000      0.000       0.000       0.000       0.000       0.000       0.000       0.000    
   501120.   42.65643590   12.2180   0.000       0.000      0.1811E-03 -0.6870E-08-0.4033E-03 0.2222E-03  0.000      0.000      0.000      0.000       0.000       0.000       0.000       0.000       0.000       0.000    
   518400.   42.65643590   12.2446   0.000       0.000      0.1833E-03 -0.6693E-08-0.4077E-03 0.2244E-03  0.000      0.000      0.000      0.000       0.000       0.000       0.000       0.000       0.000       0.000    
   535680.   42.65643590   12.2522   0.000       0.000      0.1839E-03 -0.9504E-09-0.4029E-03 0.2190E-03  0.000      0.000      0.000      0.000       0.000       0.000       0.000       0.000       0.000       0.000    
   552960.   42.65643590   12.2594   0.000       0.000      0.1845E-03 -0.1735E-08-0.4041E-03 0.2197E-03  0.000      0.000      0.000      0.000       0.000       0.000       0.000       0.000       0.000       0.000    
   570240.   42.65643590   12.2663   0.000       0.000      0.1850E-03 -0.1712E-08-0.4053E-03 0.2203E-03  0.000      0.000      0.000      0.000       0.000       0.000       0.000       0.000       0.000       0.000    
   587520.   42.65643590   12.2729   0.000       0.000      0.1856E-03 -0.1677E-08-0.4064E-03 0.2208E-03  0.000      0.000      0.000      0.000       0.000       0.000       0.000       0.000       0.000       0.000    
   604800.   42.65643590   12.2792   0.000       0.000      0.1861E-03 -0.1640E-08-0.4074E-03 0.2214E-03  0.000      0.000      0.000      0.000       0.000       0.000       0.000       0.000       0.000       0.000    
   622080.   42.65643590   12.2916   0.000       0.000      0.1871E-03 -0.3594E-08-0.4116E-03 0.2245E-03  0.000      0.000      0.000      0.000       0.000       0.000       0.000       0.000       0.000       0.000    
   639360.   42.65643590   12.3035   0.000       0.000      0.1881E-03 -0.3214E-08-0.4136E-03 0.2255E-03  0.000      0.000      0.000      0.000       0.000       0.000       0.000       0.000       0.000       0.000    
   656640.   42.65643590   12.3148   0.000       0.000      0.1890E-03 -0.3126E-08-0.4155E-03 0.2265E-03  0.000      0.000      0.000      0.000       0.000       0.000       0.000       0.000       0.000       0.000    
   673920.   42.65643590   12.3258   0.000       0.000      0.1899E-03 -0.3047E-08-0.4173E-03 0.2274E-03  0.000      0.000      0.000      0.000       0.000       0.000       0.000       0.000       0.000       0.000    
   691200.   42.65643590   12.3364   0.000       0.000      0.1908E-03 -0.2973E-08-0.4191E-03 0.2283E-03  0.000      0.000      0.000      0.000       0.000       0.000       0.000       0.000       0.000       0.000    
   708480.   42.65643590   12.4088   0.000       0.000      0.1967E-03 -0.2309E-07-0.4520E-03 0.2554E-03  0.000      0.000      0.000      0.000       0.000       0.000       0.000       0.000       0.000       0.000    
   725760.   42.65643590   12.4779   0.000       0.000      0.2023E-03 -0.1992E-07-0.4634E-03 0.2611E-03  0.000      0.000      0.000      0.000       0.000       0.000       0.000       0.000       0.000       0.000    
   743040.   42.65643590   12.5444   0.000       0.000      0.2077E-03 -0.1966E-07-0.4744E-03 0.2667E-03  0.000      0.000      0.000      0.000       0.000       0.000       0.000       0.000       0.000       0.000    
   760320.   42.65643590   12.6083   0.000       0.000      0.2130E-03 -0.1944E-07-0.4850E-03 0.2721E-03  0.000      0.000      0.000      0.000       0.000       0.000       0.000       0.000       0.000       0.000    
   777600.   42.65643590   12.6698   0.000       0.000      0.2180E-03 -0.1924E-07-0.4952E-03 0.2773E-03  0.000      0.000      0.000      0.000       0.000       0.000       0.000       0.000       0.000       0.000    
   794880.   42.65643590   12.7847   0.000       0.000      0.2273E-03 -0.3942E-07-0.5330E-03 0.3057E-03  0.000      0.000      0.000      0.000       0.000       0.000       0.000       0.000       0.000       0.000    
   812160.   42.65643590   12.8948   0.000       0.000      0.2363E-03 -0.3658E-07-0.5512E-03 0.3149E-03  0.000      0.000      0.000      0.000       0.000       0.000       0.000       0.000       0.000       0.000    
   829440.   42.65643590   13.0009   0.000       0.000      0.2450E-03 -0.3658E-07-0.5688E-03 0.3239E-03  0.000      0.000      0.000      0.000       0.000       0.000       0.000       0.000       0.000       0.000    
   846720.   42.65643590   13.1031   0.000       0.000      0.2533E-03 -0.3660E-07-0.5858E-03 0.3325E-03  0.000      0.000      0.000      0.000       0.000       0.000       0.000       0.000       0.000       0.000    
   864000.   42.65643590   13.2016   0.000       0.000      0.2614E-03 -0.3660E-07-0.6022E-03 0.3408E-03  0.000      0.000      0.000      0.000       0.000       0.000       0.000       0.000       0.000       0.000    
   881280.   42.65643590   13.2473   0.000       0.000      0.2651E-03 -0.1578E-07-0.5933E-03 0.3282E-03  0.000      0.000      0.000      0.000       0.000       0.000       0.000       0.000       0.000       0.000    
   898560.   42.65643590   13.2919   0.000       0.000      0.2687E-03 -0.1866E-07-0.6008E-03 0.3321E-03  0.000      0.000      0.000      0.000       0.000       0.000       0.000       0.000       0.000       0.000    
   915840.   42.65643590   13.3353   0.000       0.000      0.2723E-03 -0.1862E-07-0.6081E-03 0.3358E-03  0.000      0.000      0.000      0.000       0.000       0.000       0.000       0.000       0.000       0.000    
   933120.   42.65643590   13.3775   0.000       0.000      0.2757E-03 -0.1853E-07-0.6152E-03 0.3395E-03  0.000      0.000      0.000      0.000       0.000       0.000       0.000       0.000       0.000       0.000    
   950400.   42.65643590   13.4187   0.000       0.000      0.2791E-03 -0.1841E-07-0.6221E-03 0.3430E-03  0.000      0.000      0.000      0.000       0.000       0.000       0.000       0.000       0.000       0.000    
   967680.   42.65643590   13.5243   0.000       0.000      0.2877E-03 -0.4763E-07-0.6616E-03 0.3739E-03  0.000      0.000      0.000      0.000       0.000       0.000       0.000       0.000       0.000       0.000    
   984960.   42.65643590   13.6262   0.000       0.000      0.2960E-03 -0.4340E-07-0.6785E-03 0.3825E-03  0.000      0.000      0.000      0.000       0.000       0.000       0.000       0.000       0.000       0.000    
  1002240.   42.65643590   13.7249   0.000       0.000      0.3041E-03 -0.4324E-07-0.6948E-03 0.3908E-03  0.000      0.000      0.000      0.000       0.000       0.000       0.000       0.000       0.000       0.000    
  1019520.   42.65643590   13.8204   0.000       0.000      0.3119E-03 -0.4313E-07-0.7107E-03 0.3989E-03  0.000      0.000      0.000      0.000       0.000       0.000       0.000       0.000       0.000       0.000    
  1036800.   42.65643590   13.9130   0.000       0.000      0.3194E-03 -0.4302E-07-0.7261E-03 0.4067E-03  0.000      0.000      0.000      0.000       0.000       0.000       0.000       0.000       0.000       0.000    
  1054080.   42.65643590   14.0973   0.000       0.000      0.3345E-03 -0.9129E-07-0.7883E-03 0.4539E-03  0.000      0.000      0.000      0.000       0.000       0.000       0.000       0.000       0.000       0.000    
  1071360.   42.65643590   14.2750   0.000       0.000      0.3490E-03 -0.8548E-07-0.8177E-03 0.4688E-03  0.000      0.000      0.000      0.000       0.000       0.000       0.000       0.000       0.000       0.000    
  1088640.   42.65643590   14.4469   0.000       0.000      0.3630E-03 -0.8612E-07-0.8462E-03 0.4833E-03  0.000      0.000      0.000      0.000       0.000       0.000       0.000       0.000       0.000       0.000    
  1105920.   42.65643590   14.6132   0.000       0.000      0.3766E-03 -0.8679E-07-0.8737E-03 0.4973E-03  0.000      0.000      0.000      0.000       0.000       0.000       0.000       0.000       0.000       0.000    
  1123200.   42.65643590   14.7741   0.000       0.000      0.3897E-03 -0.8739E-07-0.9005E-03 0.5109E-03  0.000      0.000      0.000      0.000       0.000       0.000       0.000       0.000       0.000       0.000    
  1140480.   42.65643590   14.7573   0.000       0.000      0.3883E-03  0.1539E-07-0.8403E-03 0.4520E-03  0.000      0.000      0.000      0.000       0.000       0.000       0.000       0.000       0.000       0.000    
  1157760.   42.65643590   14.7428   0.000       0.000      0.3871E-03  0.3591E-09-0.8382E-03 0.4511E-03  0.000      0.000      0.000      0.000       0.000       0.000       0.000       0.000       0.000       0.000    
  1175040.   42.65643590   14.7298   0.000       0.000      0.3861E-03 -0.6162E-09-0.8363E-03 0.4502E-03  0.000      0.000      0.000      0.000       0.000       0.000       0.000       0.000       0.000       0.000    
  1192320.   42.65643590   14.7186   0.000       0.000      0.3852E-03 -0.1236E-08-0.8346E-03 0.4495E-03  0.000      0.000      0.000      0.000       0.000       0.000       0.000       0.000       0.000       0.000    
  1209600.   42.65643590   14.7090   0.000       0.000      0.3844E-03 -0.1730E-08-0.8332E-03 0.4488E-03  0.000      0.000      0.000      0.000       0.000       0.000       0.000       0.000       0.000       0.000    
  1226880.   42.65643590   14.6373   0.000       0.000      0.3785E-03  0.3507E-07-0.8003E-03 0.4218E-03  0.000      0.000      0.000      0.000       0.000       0.000       0.000       0.000       0.000       0.000    
  1244160.   42.65643590   14.5698   0.000       0.000      0.3730E-03  0.2820E-07-0.7893E-03 0.4163E-03  0.000      0.000      0.000      0.000       0.000       0.000       0.000       0.000       0.000       0.000    
  1261440.   42.65643590   14.5058   0.000       0.000      0.3678E-03  0.2659E-07-0.7789E-03 0.4111E-03  0.000      0.000      0.000      0.000       0.000       0.000       0.000       0.000       0.000       0.000    
  1278720.   42.65643590   14.4453   0.000       0.000      0.3629E-03  0.2521E-07-0.7690E-03 0.4061E-03  0.000      0.000      0.000      0.000       0.000       0.000       0.000       0.000       0.000       0.000    
  1296000.   42.65643590   14.3879   0.000       0.000      0.3582E-03  0.2397E-07-0.7596E-03 0.4014E-03  0.000      0.000      0.000      0.000       0.000       0.000       0.000       0.000       0.000       0.000    
  1313280.   42.65643590   14.3133   0.000       0.000      0.3521E-03  0.3400E-07-0.7406E-03 0.3885E-03  0.000      0.000      0.000      0.000       0.000       0.000       0.000       0.000       0.000       0.000    
  1330560.   42.65643590   14.2423   0.000       0.000      0.3463E-03  0.3088E-07-0.7290E-03 0.3827E-03  0.000      0.000      0.000      0.000       0.000       0.000       0.000       0.000       0.000       0.000    
  1347840.   42.65643590   14.1746   0.000       0.000      0.3408E-03  0.2942E-07-0.7178E-03 0.3770E-03  0.000      0.000      0.000      0.000       0.000       0.000       0.000       0.000       0.000       0.000    
  1365120.   42.65643590   14.1099   0.000       0.000      0.3355E-03  0.2810E-07-0.7072E-03 0.3717E-03  0.000      0.000      0.000      0.000       0.000       0.000       0.000       0.000       0.000       0.000    
  1382400.   42.65643590   14.0480   0.000       0.000      0.3304E-03  0.2688E-07-0.6970E-03 0.3665E-03  0.000      0.000      0.000      0.000       0.000       0.000       0.000       0.000       0.000       0.000    
  1399680.   42.65643590   13.9760   0.000       0.000      0.3246E-03  0.3239E-07-0.6808E-03 0.3562E-03  0.000      0.000      0.000      0.000       0.000       0.000       0.000       0.000       0.000       0.000    
  1416960.   42.65643590   13.9070   0.000       0.000      0.3189E-03  0.3006E-07-0.6694E-03 0.3505E-03  0.000      0.000      0.000      0.000       0.000       0.000       0.000       0.000       0.000       0.000    
  1434240.   42.65643590   13.8407   0.000       0.000      0.3135E-03  0.2875E-07-0.6585E-03 0.3449E-03  0.000      0.000      0.000      0.000       0.000       0.000       0.000       0.000       0.000       0.000    
  1451520.   42.65643590   13.7771   0.000       0.000      0.3083E-03  0.2754E-07-0.6479E-03 0.3396E-03  0.000      0.000      0.000      0.000       0.000       0.000       0.000       0.000       0.000       0.000    
  1468800.   42.65643590   13.7159   0.000       0.000      0.3033E-03  0.2641E-07-0.6378E-03 0.3344E-03  0.000      0.000      0.000      0.000       0.000       0.000       0.000       0.000       0.000       0.000    
  1486080.   42.65643590   13.6470   0.000       0.000      0.2977E-03  0.3017E-07-0.6231E-03 0.3253E-03  0.000      0.000      0.000      0.000       0.000       0.000       0.000       0.000       0.000       0.000    
  1503360.   42.65643590   13.5807   0.000       0.000      0.2923E-03  0.2824E-07-0.6121E-03 0.3197E-03  0.000      0.000      0.000      0.000       0.000       0.000       0.000       0.000       0.000       0.000    
  1520640.   42.65643590   13.5168   0.000       0.000      0.2871E-03  0.2705E-07-0.6015E-03 0.3144E-03  0.000      0.000      0.000      0.000       0.000       0.000       0.000       0.000       0.000       0.000    
  1537920.   42.65643590   13.4552   0.000       0.000      0.2821E-03  0.2595E-07-0.5912E-03 0.3092E-03  0.000      0.000      0.000      0.000       0.000       0.000       0.000       0.000       0.000       0.000    
  1555200.   42.65643590   13.3957   0.000       0.000      0.2772E-03  0.2491E-07-0.5814E-03 0.3041E-03  0.000      0.000      0.000      0.000       0.000       0.000       0.000       0.000       0.000       0.000    
  1572480.   42.65643590   13.3315   0.000       0.000      0.2720E-03  0.2693E-07-0.5685E-03 0.2965E-03  0.000      0.000      0.000      0.000       0.000       0.000       0.000       0.000       0.000       0.000    
  1589760.   42.65643590   13.2696   0.000       0.000      0.2669E-03  0.2541E-07-0.5582E-03 0.2913E-03  0.000      0.000      0.000      0.000       0.000       0.000       0.000       0.000       0.000       0.000    
  1607040.   42.65643590   13.2097   0.000       0.000      0.2620E-03  0.2437E-07-0.5482E-03 0.2862E-03  0.000      0.000      0.000      0.000       0.000       0.000       0.000       0.000       0.000       0.000    
  1624320.   42.65643590   13.1518   0.000       0.000      0.2573E-03  0.2340E-07-0.5386E-03 0.2813E-03  0.000      0.000      0.000      0.000       0.000       0.000       0.000       0.000       0.000       0.000    
  1641600.   42.65643590   13.0958   0.000       0.000      0.2527E-03  0.2249E-07-0.5293E-03 0.2765E-03  0.000      0.000      0.000      0.000       0.000       0.000       0.000       0.000       0.000       0.000    
  1658880.   42.65643590   13.0399   0.000       0.000      0.2482E-03  0.2230E-07-0.5194E-03 0.2712E-03  0.000      0.000      0.000      0.000       0.000       0.000       0.000       0.000       0.000       0.000    
  1676160.   42.65643590   12.9857   0.000       0.000      0.2437E-03  0.2134E-07-0.5104E-03 0.2666E-03  0.000      0.000      0.000      0.000       0.000       0.000       0.000       0.000       0.000       0.000    
  1693440.   42.65643590   12.9332   0.000       0.000      0.2395E-03  0.2052E-07-0.5016E-03 0.2621E-03  0.000      0.000      0.000      0.000       0.000       0.000       0.000       0.000       0.000       0.000    
  1710720.   42.65643590   12.8822   0.000       0.000      0.2353E-03  0.1974E-07-0.4931E-03 0.2578E-03  0.000      0.000      0.000      0.000       0.000       0.000       0.000       0.000       0.000       0.000    
  1728000.   42.65643590   12.8328   0.000       0.000      0.2313E-03  0.1900E-07-0.4848E-03 0.2536E-03  0.000      0.000      0.000      0.000       0.000       0.000       0.000       0.000       0.000       0.000    
  1745280.   42.65643590   12.7863   0.000       0.000      0.2275E-03  0.1774E-07-0.4775E-03 0.2501E-03  0.000      0.000      0.000      0.000       0.000       0.000       0.000       0.000       0.000       0.000    
  1762560.   42.65643590   12.7410   0.000       0.000      0.2238E-03  0.1718E-07-0.4700E-03 0.2462E-03  0.000      0.000      0.000      0.000       0.000       0.000       0.000       0.000       0.000       0.000    
  1779840.   42.65643590   12.6971   0.000       0.000      0.2202E-03  0.1657E-07-0.4626E-03 0.2424E-03  0.000      0.000      0.000      0.000       0.000       0.000       0.000       0.000       0.000       0.000    
  1797120.   42.65643590   12.6543   0.000       0.000      0.2167E-03  0.1599E-07-0.4555E-03 0.2387E-03  0.000      0.000      0.000      0.000       0.000       0.000       0.000       0.000       0.000       0.000    
  1814400.   42.65643590   12.6127   0.000       0.000      0.2133E-03  0.1542E-07-0.4485E-03 0.2352E-03  0.000      0.000      0.000      0.000       0.000       0.000       0.000       0.000       0.000       0.000    
  1831680.   42.65643590   12.5689   0.000       0.000      0.2097E-03  0.1612E-07-0.4400E-03 0.2303E-03  0.000      0.000      0.000      0.000       0.000       0.000       0.000       0.000       0.000       0.000    
  1848960.   42.65643590   12.5262   0.000       0.000      0.2062E-03  0.1536E-07-0.4329E-03 0.2266E-03  0.000      0.000      0.000      0.000       0.000       0.000       0.000       0.000       0.000       0.000    
  1866240.   42.65643590   12.4848   0.000       0.000      0.2029E-03  0.1481E-07-0.4259E-03 0.2231E-03  0.000      0.000      0.000      0.000       0.000       0.000       0.000       0.000       0.000       0.000    
  1883520.   42.65643590   12.4444   0.000       0.000      0.1996E-03  0.1428E-07-0.4192E-03 0.2196E-03  0.000      0.000      0.000      0.000       0.000       0.000       0.000       0.000       0.000       0.000    
  1900800.   42.65643590   12.4051   0.000       0.000      0.1964E-03  0.1378E-07-0.4126E-03 0.2162E-03  0.000      0.000      0.000      0.000       0.000       0.000       0.000       0.000       0.000       0.000    
  1918080.   42.65643590   12.3644   0.000       0.000      0.1930E-03  0.1412E-07-0.4049E-03 0.2119E-03  0.000      0.000      0.000      0.000       0.000       0.000       0.000       0.000       0.000       0.000    
  1935360.   42.65643590   12.3248   0.000       0.000      0.1898E-03  0.1349E-07-0.3983E-03 0.2085E-03  0.000      0.000      0.000      0.000       0.000       0.000       0.000       0.000       0.000       0.000    
  1952640.   42.65643590   12.2863   0.000       0.000      0.1867E-03  0.1301E-07-0.3918E-03 0.2052E-03  0.000      0.000      0.000      0.000       0.000       0.000       0.000       0.000       0.000       0.000    
  1969920.   42.65643590   12.2488   0.000       0.000      0.1836E-03  0.1255E-07-0.3855E-03 0.2019E-03  0.000      0.000      0.000      0.000       0.000       0.000       0.000       0.000       0.000       0.000    
  1987200.   42.65643590   12.2122   0.000       0.000      0.1806E-03  0.1211E-07-0.3794E-03 0.1988E-03  0.000      0.000      0.000      0.000       0.000       0.000       0.000       0.000       0.000       0.000    
  2004480.   42.65643590   12.1778   0.000       0.000      0.1778E-03  0.1133E-07-0.3740E-03 0.1962E-03  0.000      0.000      0.000      0.000       0.000       0.000       0.000       0.000       0.000       0.000    
  2021760.   42.65643590   12.1442   0.000       0.000      0.1751E-03  0.1100E-07-0.3683E-03 0.1933E-03  0.000      0.000      0.000      0.000       0.000       0.000       0.000       0.000       0.000       0.000    
  2039040.   42.65643590   12.1114   0.000       0.000      0.1724E-03  0.1063E-07-0.3628E-03 0.1904E-03  0.000      0.000      0.000      0.000       0.000       0.000       0.000       0.000       0.000       0.000    
  2056320.   42.65643590   12.0794   0.000       0.000      0.1698E-03  0.1028E-07-0.3575E-03 0.1877E-03  0.000      0.000      0.000      0.000       0.000       0.000       0.000       0.000       0.000       0.000    
  2073600.   42.65643590   12.0482   0.000       0.000      0.1672E-03  0.9936E-08-0.3522E-03 0.1850E-03  0.000      0.000      0.000      0.000       0.000       0.000       0.000       0.000       0.000       0.000    
  2090880.   42.65643590   12.0151   0.000       0.000      0.1645E-03  0.1038E-07-0.3458E-03 0.1812E-03  0.000      0.000      0.000      0.000       0.000       0.000       0.000       0.000       0.000       0.000    
  2108160.   42.65643590   11.9829   0.000       0.000      0.1619E-03  0.9911E-08-0.3403E-03 0.1784E-03  0.000      0.000      0.000      0.000       0.000       0.000       0.000       0.000       0.000       0.000    
  2125440.   42.65643590   11.9515   0.000       0.000      0.1593E-03  0.9569E-08-0.3351E-03 0.1757E-03  0.000      0.000      0.000      0.000       0.000       0.000       0.000       0.000       0.000       0.000    
  2142720.   42.65643590   11.9208   0.000       0.000      0.1568E-03  0.9243E-08-0.3299E-03 0.1731E-03  0.000      0.000      0.000      0.000       0.000       0.000       0.000       0.000       0.000       0.000    
  2160000.   42.65643590   11.8909   0.000       0.000      0.1544E-03  0.8931E-08-0.3249E-03 0.1705E-03  0.000      0.000      0.000      0.000       0.000       0.000       0.000       0.000       0.000       0.000    
  2177280.   42.65643590   11.8599   0.000       0.000      0.1519E-03  0.9116E-08-0.3190E-03 0.1671E-03  0.000      0.000      0.000      0.000       0.000       0.000       0.000       0.000       0.000       0.000    
  2194560.   42.65643590   11.8296   0.000       0.000      0.1494E-03  0.8747E-08-0.3139E-03 0.1645E-03  0.000      0.000      0.000      0.000       0.000       0.000       0.000       0.000       0.000       0.000    
  2211840.   42.65643590   11.8002   0.000       0.000      0.1470E-03  0.8445E-08-0.3090E-03 0.1620E-03  0.000      0.000      0.000      0.000       0.000       0.000       0.000       0.000       0.000       0.000    
  2229120.   42.65643590   11.7714   0.000       0.000      0.1446E-03  0.8157E-08-0.3041E-03 0.1595E-03  0.000      0.000      0.000      0.000       0.000       0.000       0.000       0.000       0.000       0.000    
  2246400.   42.65643590   11.7433   0.000       0.000      0.1423E-03  0.7882E-08-0.2994E-03 0.1570E-03  0.000      0.000      0.000      0.000       0.000       0.000       0.000       0.000       0.000       0.000    
  2263680.   42.65643590   11.7141   0.000       0.000      0.1400E-03  0.8096E-08-0.2938E-03 0.1539E-03  0.000      0.000      0.000      0.000       0.000       0.000       0.000       0.000       0.000       0.000    
  2280960.   42.65643590   11.6856   0.000       0.000      0.1376E-03  0.7745E-08-0.2890E-03 0.1514E-03  0.000      0.000      0.000      0.000       0.000       0.000       0.000       0.000       0.000       0.000    
  2298240.   42.65643590   11.6577   0.000       0.000      0.1354E-03  0.7476E-08-0.2843E-03 0.1490E-03  0.000      0.000      0.000      0.000       0.000       0.000       0.000       0.000       0.000       0.000    
  2315520.   42.65643590   11.6306   0.000       0.000      0.1331E-03  0.7219E-08-0.2798E-03 0.1466E-03  0.000      0.000      0.000      0.000       0.000       0.000       0.000       0.000       0.000       0.000    
  2332800.   42.65643590   11.6041   0.000       0.000      0.1310E-03  0.6974E-08-0.2753E-03 0.1443E-03  0.000      0.000      0.000      0.000       0.000       0.000       0.000       0.000       0.000       0.000    
  2350080.   42.65643590   11.5771   0.000       0.000      0.1288E-03  0.7031E-08-0.2703E-03 0.1415E-03  0.000      0.000      0.000      0.000       0.000       0.000       0.000       0.000       0.000       0.000    
  2367360.   42.65643590   11.5507   0.000       0.000      0.1266E-03  0.6745E-08-0.2659E-03 0.1392E-03  0.000      0.000      0.000      0.000       0.000       0.000       0.000       0.000       0.000       0.000    
  2384640.   42.65643590   11.5249   0.000       0.000      0.1245E-03  0.6513E-08-0.2615E-03 0.1370E-03  0.000      0.000      0.000      0.000       0.000       0.000       0.000       0.000       0.000       0.000    
  2401920.   42.65643590   11.4998   0.000       0.000      0.1225E-03  0.6291E-08-0.2573E-03 0.1348E-03  0.000      0.000      0.000      0.000       0.000       0.000       0.000       0.000       0.000       0.000    
  2419200.   42.65643590   11.4752   0.000       0.000      0.1205E-03  0.6078E-08-0.2531E-03 0.1327E-03  0.000      0.000      0.000      0.000       0.000       0.000       0.000       0.000       0.000       0.000    
  2436480.   42.65643590   11.4616   0.000       0.000      0.1193E-03  0.3568E-08-0.2543E-03 0.1349E-03  0.000      0.000      0.000      0.000       0.000       0.000       0.000       0.000       0.000       0.000    
  2453760.   42.65643590   11.4481   0.000       0.000      0.1182E-03  0.3838E-08-0.2520E-03 0.1337E-03  0.000      0.000      0.000      0.000       0.000       0.000       0.000       0.000       0.000       0.000    
  2471040.   42.65643590   11.4346   0.000       0.000      0.1171E-03  0.3763E-08-0.2497E-03 0.1325E-03  0.000      0.000      0.000      0.000       0.000       0.000       0.000       0.000       0.000       0.000    
  2488320.   42.65643590   11.4213   0.000       0.000      0.1161E-03  0.3682E-08-0.2474E-03 0.1313E-03  0.000      0.000      0.000      0.000       0.000       0.000       0.000       0.000       0.000       0.000    
  2505600.   42.65643590   11.4082   0.000       0.000      0.1150E-03  0.3600E-08-0.2451E-03 0.1301E-03  0.000      0.000      0.000      0.000       0.000       0.000       0.000       0.000       0.000       0.000    
  2522880.   42.65643590   11.3948   0.000       0.000      0.1139E-03  0.3599E-08-0.2427E-03 0.1288E-03  0.000      0.000      0.000      0.000       0.000       0.000       0.000       0.000       0.000       0.000    
  2540160.   42.65643590   11.3815   0.000       0.000      0.1128E-03  0.3501E-08-0.2404E-03 0.1276E-03  0.000      0.000      0.000      0.000       0.000       0.000       0.000       0.000       0.000       0.000    
  2557440.   42.65643590   11.3685   0.000       0.000      0.1117E-03  0.3416E-08-0.2382E-03 0.1265E-03  0.000      0.000      0.000      0.000       0.000       0.000       0.000       0.000       0.000       0.000    
  2574720.   42.65643590   11.3555   0.000       0.000      0.1107E-03  0.3333E-08-0.2360E-03 0.1253E-03  0.000      0.000      0.000      0.000       0.000       0.000       0.000       0.000       0.000       0.000    
  2592000.   42.65643590   11.3428   0.000       0.000      0.1096E-03  0.3252E-08-0.2338E-03 0.1242E-03  0.000      0.000      0.000      0.000       0.000       0.000       0.000       0.000       0.000       0.000    
  2609280.   42.65643590   11.3709   0.000       0.000      0.1119E-03 -0.5179E-08-0.2522E-03 0.1403E-03  0.000      0.000      0.000      0.000       0.000       0.000       0.000       0.000       0.000       0.000    
  2626560.   42.65643590   11.3970   0.000       0.000      0.1141E-03 -0.3753E-08-0.2564E-03 0.1424E-03  0.000      0.000      0.000      0.000       0.000       0.000       0.000       0.000       0.000       0.000    
  2643840.   42.65643590   11.4218   0.000       0.000      0.1161E-03 -0.3579E-08-0.2605E-03 0.1444E-03  0.000      0.000      0.000      0.000       0.000       0.000       0.000       0.000       0.000       0.000    
  2661120.   42.65643590   11.4452   0.000       0.000      0.1180E-03 -0.3435E-08-0.2643E-03 0.1463E-03  0.000      0.000      0.000      0.000       0.000       0.000       0.000       0.000       0.000       0.000    
  2678400.   42.65643590   11.4674   0.000       0.000      0.1198E-03 -0.3307E-08-0.2679E-03 0.1481E-03  0.000      0.000      0.000      0.000       0.000       0.000       0.000       0.000       0.000       0.000    
  2695680.   42.65643590   11.6005   0.000       0.000      0.1307E-03 -0.2844E-07-0.3280E-03 0.1973E-03  0.000      0.000      0.000      0.000       0.000       0.000       0.000       0.000       0.000       0.000    
  2712960.   42.65643590   11.7270   0.000       0.000      0.1410E-03 -0.2527E-07-0.3488E-03 0.2078E-03  0.000      0.000      0.000      0.000       0.000       0.000       0.000       0.000       0.000       0.000    
  2730240.   42.65643590   11.8481   0.000       0.000      0.1509E-03 -0.2564E-07-0.3688E-03 0.2179E-03  0.000      0.000      0.000      0.000       0.000       0.000       0.000       0.000       0.000       0.000    
  2747520.   42.65643590   11.9642   0.000       0.000      0.1604E-03 -0.2602E-07-0.3880E-03 0.2277E-03  0.000      0.000      0.000      0.000       0.000       0.000       0.000       0.000       0.000       0.000    
  2764800.   42.65643590   12.0756   0.000       0.000      0.1695E-03 -0.2635E-07-0.4065E-03 0.2371E-03  0.000      0.000      0.000      0.000       0.000       0.000       0.000       0.000       0.000       0.000    
  2782080.   42.65643590   12.3430   0.000       0.000      0.1913E-03 -0.7525E-07-0.5050E-03 0.3138E-03  0.000      0.000      0.000      0.000       0.000       0.000       0.000       0.000       0.000       0.000    
  2799360.   42.65643590   12.5987   0.000       0.000      0.2122E-03 -0.7242E-07-0.5473E-03 0.3352E-03  0.000      0.000      0.000      0.000       0.000       0.000       0.000       0.000       0.000       0.000    
  2816640.   42.65643590   12.8446   0.000       0.000      0.2322E-03 -0.7589E-07-0.5880E-03 0.3558E-03  0.000      0.000      0.000      0.000       0.000       0.000       0.000       0.000       0.000       0.000    
  2833920.   42.65643590   13.0812   0.000       0.000      0.2516E-03 -0.7913E-07-0.6273E-03 0.3758E-03  0.000      0.000      0.000      0.000       0.000       0.000       0.000       0.000       0.000       0.000    
  2851200.   42.65643590   13.3091   0.000       0.000      0.2702E-03 -0.8210E-07-0.6651E-03 0.3950E-03  0.000      0.000      0.000      0.000       0.000       0.000       0.000       0.000       0.000       0.000    
  2868480.   42.65643590   13.2746   0.000       0.000      0.2673E-03  0.2291E-07-0.5744E-03 0.3070E-03  0.000      0.000      0.000      0.000       0.000       0.000       0.000       0.000       0.000       0.000    
  2885760.   42.65643590   13.2437   0.000       0.000      0.2648E-03  0.6641E-08-0.5697E-03 0.3049E-03  0.000      0.000      0.000      0.000       0.000       0.000       0.000       0.000       0.000       0.000    
  2903040.   42.65643590   13.2148   0.000       0.000      0.2625E-03  0.5552E-08-0.5652E-03 0.3028E-03  0.000      0.000      0.000      0.000       0.000       0.000       0.000       0.000       0.000       0.000    
  2920320.   42.65643590   13.1881   0.000       0.000      0.2603E-03  0.4825E-08-0.5611E-03 0.3008E-03  0.000      0.000      0.000      0.000       0.000       0.000       0.000       0.000       0.000       0.000    
  2937600.   42.65643590   13.1636   0.000       0.000      0.2583E-03  0.4241E-08-0.5572E-03 0.2989E-03  0.000      0.000      0.000      0.000       0.000       0.000       0.000       0.000       0.000       0.000    
  2954880.   42.65643590   13.1576   0.000       0.000      0.2578E-03 -0.2883E-08-0.5619E-03 0.3041E-03  0.000      0.000      0.000      0.000       0.000       0.000       0.000       0.000       0.000       0.000    
  2972160.   42.65643590   13.1530   0.000       0.000      0.2574E-03 -0.2133E-08-0.5612E-03 0.3038E-03  0.000      0.000      0.000      0.000       0.000       0.000       0.000       0.000       0.000       0.000    
  2989440.   42.65643590   13.1495   0.000       0.000      0.2571E-03 -0.2291E-08-0.5608E-03 0.3036E-03  0.000      0.000      0.000      0.000       0.000       0.000       0.000       0.000       0.000       0.000    
  3006720.   42.65643590   13.1472   0.000       0.000      0.2569E-03 -0.2434E-08-0.5605E-03 0.3035E-03  0.000      0.000      0.000      0.000       0.000       0.000       0.000       0.000       0.000       0.000    
  3024000.   42.65643590   13.1458   0.000       0.000      0.2568E-03 -0.2555E-08-0.5603E-03 0.3035E-03  0.000      0.000      0.000      0.000       0.000       0.000       0.000       0.000       0.000       0.000    
  3041280.   42.65643590   13.1857   0.000       0.000      0.2601E-03 -0.1915E-07-0.5805E-03 0.3205E-03  0.000      0.000      0.000      0.000       0.000       0.000       0.000       0.000       0.000       0.000    
  3058560.   42.65643590   13.2245   0.000       0.000      0.2632E-03 -0.1658E-07-0.5870E-03 0.3238E-03  0.000      0.000      0.000      0.000       0.000       0.000       0.000       0.000       0.000       0.000    
  3075840.   42.65643590   13.2624   0.000       0.000      0.2663E-03 -0.1634E-07-0.5933E-03 0.3270E-03  0.000      0.000      0.000      0.000       0.000       0.000       0.000       0.000       0.000       0.000    
  3093120.   42.65643590   13.2996   0.000       0.000      0.2694E-03 -0.1615E-07-0.5995E-03 0.3302E-03  0.000      0.000      0.000      0.000       0.000       0.000       0.000       0.000       0.000       0.000    
  3110400.   42.65643590   13.3359   0.000       0.000      0.2723E-03 -0.1597E-07-0.6056E-03 0.3333E-03  0.000      0.000      0.000      0.000       0.000       0.000       0.000       0.000       0.000       0.000    
  3127680.   42.65643590   13.3055   0.000       0.000      0.2699E-03  0.1252E-07-0.5786E-03 0.3087E-03  0.000      0.000      0.000      0.000       0.000       0.000       0.000       0.000       0.000       0.000    
  3144960.   42.65643590   13.2772   0.000       0.000      0.2675E-03  0.7922E-08-0.5740E-03 0.3065E-03  0.000      0.000      0.000      0.000       0.000       0.000       0.000       0.000       0.000       0.000    
  3162240.   42.65643590   13.2506   0.000       0.000      0.2654E-03  0.7367E-08-0.5697E-03 0.3043E-03  0.000      0.000      0.000      0.000       0.000       0.000       0.000       0.000       0.000       0.000    
  3179520.   42.65643590   13.2254   0.000       0.000      0.2633E-03  0.6928E-08-0.5656E-03 0.3023E-03  0.000      0.000      0.000      0.000       0.000       0.000       0.000       0.000       0.000       0.000    
  3196800.   42.65643590   13.2018   0.000       0.000      0.2614E-03  0.6543E-08-0.5618E-03 0.3004E-03  0.000      0.000      0.000      0.000       0.000       0.000       0.000       0.000       0.000       0.000    
  3214080.   42.65643590   13.1509   0.000       0.000      0.2572E-03  0.1808E-07-0.5438E-03 0.2865E-03  0.000      0.000      0.000      0.000       0.000       0.000       0.000       0.000       0.000       0.000    
  3231360.   42.65643590   13.1026   0.000       0.000      0.2533E-03  0.1555E-07-0.5358E-03 0.2825E-03  0.000      0.000      0.000      0.000       0.000       0.000       0.000       0.000       0.000       0.000    
  3248640.   42.65643590   13.0565   0.000       0.000      0.2495E-03  0.1478E-07-0.5283E-03 0.2787E-03  0.000      0.000      0.000      0.000       0.000       0.000       0.000       0.000       0.000       0.000    
  3265920.   42.65643590   13.0126   0.000       0.000      0.2459E-03  0.1409E-07-0.5210E-03 0.2751E-03  0.000      0.000      0.000      0.000       0.000       0.000       0.000       0.000       0.000       0.000    
  3283200.   42.65643590   12.9707   0.000       0.000      0.2425E-03  0.1347E-07-0.5141E-03 0.2716E-03  0.000      0.000      0.000      0.000       0.000       0.000       0.000       0.000       0.000       0.000    
  3300480.   42.65643590   12.9453   0.000       0.000      0.2405E-03  0.7166E-08-0.5148E-03 0.2744E-03  0.000      0.000      0.000      0.000       0.000       0.000       0.000       0.000       0.000       0.000    
  3317760.   42.65643590   12.9209   0.000       0.000      0.2385E-03  0.7708E-08-0.5108E-03 0.2723E-03  0.000      0.000      0.000      0.000       0.000       0.000       0.000       0.000       0.000       0.000    
  3335040.   42.65643590   12.8977   0.000       0.000      0.2366E-03  0.7450E-08-0.5069E-03 0.2703E-03  0.000      0.000      0.000      0.000       0.000       0.000       0.000       0.000       0.000       0.000    
  3352320.   42.65643590   12.8754   0.000       0.000      0.2348E-03  0.7193E-08-0.5032E-03 0.2685E-03  0.000      0.000      0.000      0.000       0.000       0.000       0.000       0.000       0.000       0.000    
  3369600.   42.65643590   12.8541   0.000       0.000      0.2330E-03  0.6948E-08-0.4997E-03 0.2667E-03  0.000      0.000      0.000      0.000       0.000       0.000       0.000       0.000       0.000       0.000    
  3386880.   42.65643590   12.8667   0.000       0.000      0.2340E-03 -0.5967E-08-0.5128E-03 0.2788E-03  0.000      0.000      0.000      0.000       0.000       0.000       0.000       0.000       0.000       0.000    
  3404160.   42.65643590   12.8785   0.000       0.000      0.2350E-03 -0.3959E-08-0.5148E-03 0.2798E-03  0.000      0.000      0.000      0.000       0.000       0.000       0.000       0.000       0.000       0.000    
  3421440.   42.65643590   12.8899   0.000       0.000      0.2359E-03 -0.3772E-08-0.5166E-03 0.2807E-03  0.000      0.000      0.000      0.000       0.000       0.000       0.000       0.000       0.000       0.000    
  3438720.   42.65643590   12.9007   0.000       0.000      0.2368E-03 -0.3629E-08-0.5184E-03 0.2816E-03  0.000      0.000      0.000      0.000       0.000       0.000       0.000       0.000       0.000       0.000    
  3456000.   42.65643590   12.9111   0.000       0.000      0.2377E-03 -0.3505E-08-0.5201E-03 0.2824E-03  0.000      0.000      0.000      0.000       0.000       0.000       0.000       0.000       0.000       0.000    
  3473280.   42.65643590   12.9421   0.000       0.000      0.2402E-03 -0.1165E-07-0.5323E-03 0.2921E-03  0.000      0.000      0.000      0.000       0.000       0.000       0.000       0.000       0.000       0.000    
  3490560.   42.65643590   12.9716   0.000       0.000      0.2426E-03 -0.1020E-07-0.5371E-03 0.2945E-03  0.000      0.000      0.000      0.000       0.000       0.000       0.000       0.000       0.000       0.000    
  3507840.   42.65643590   13.0000   0.000       0.000      0.2449E-03 -0.9932E-08-0.5418E-03 0.2969E-03  0.000      0.000      0.000      0.000       0.000       0.000       0.000       0.000       0.000       0.000    
  3525120.   42.65643590   13.0272   0.000       0.000      0.2471E-03 -0.9698E-08-0.5463E-03 0.2992E-03  0.000      0.000      0.000      0.000       0.000       0.000       0.000       0.000       0.000       0.000    
  3542400.   42.65643590   13.0534   0.000       0.000      0.2493E-03 -0.9483E-08-0.5507E-03 0.3014E-03  0.000      0.000      0.000      0.000       0.000       0.000       0.000       0.000       0.000       0.000    
  3559680.   42.65643590   13.0603   0.000       0.000      0.2498E-03 -0.1849E-08-0.5457E-03 0.2959E-03  0.000      0.000      0.000      0.000       0.000       0.000       0.000       0.000       0.000       0.000    
  3576960.   42.65643590   13.0671   0.000       0.000      0.2504E-03 -0.2886E-08-0.5469E-03 0.2965E-03  0.000      0.000      0.000      0.000       0.000       0.000       0.000       0.000       0.000       0.000    
  3594240.   42.65643590   13.0737   0.000       0.000      0.2509E-03 -0.2874E-08-0.5480E-03 0.2971E-03  0.000      0.000      0.000      0.000       0.000       0.000       0.000       0.000       0.000       0.000    
  3611520.   42.65643590   13.0801   0.000       0.000      0.2515E-03 -0.2844E-08-0.5491E-03 0.2976E-03  0.000      0.000      0.000      0.000       0.000       0.000       0.000       0.000       0.000       0.000    
  3628800.   42.65643590   13.0864   0.000       0.000      0.2520E-03 -0.2808E-08-0.5501E-03 0.2982E-03  0.000      0.000      0.000      0.000       0.000       0.000       0.000       0.000       0.000       0.000    
  3646080.   42.65643590   13.0511   0.000       0.000      0.2491E-03  0.1410E-07-0.5305E-03 0.2814E-03  0.000      0.000      0.000      0.000       0.000       0.000       0.000       0.000       0.000       0.000    
  3663360.   42.65643590   13.0176   0.000       0.000      0.2464E-03  0.1113E-07-0.5250E-03 0.2786E-03  0.000      0.000      0.000      0.000       0.000       0.000       0.000       0.000       0.000       0.000    
  3680640.   42.65643590   12.9855   0.000       0.000      0.2437E-03  0.1059E-07-0.5197E-03 0.2760E-03  0.000      0.000      0.000      0.000       0.000       0.000       0.000       0.000       0.000       0.000    
  3697920.   42.65643590   12.9548   0.000       0.000      0.2412E-03  0.1013E-07-0.5146E-03 0.2734E-03  0.000      0.000      0.000      0.000       0.000       0.000       0.000       0.000       0.000       0.000    
  3715200.   42.65643590   12.9253   0.000       0.000      0.2388E-03  0.9719E-08-0.5098E-03 0.2709E-03  0.000      0.000      0.000      0.000       0.000       0.000       0.000       0.000       0.000       0.000    
  3732480.   42.65643590   12.9047   0.000       0.000      0.2371E-03  0.6370E-08-0.5089E-03 0.2718E-03  0.000      0.000      0.000      0.000       0.000       0.000       0.000       0.000       0.000       0.000    
  3749760.   42.65643590   12.8850   0.000       0.000      0.2355E-03  0.6565E-08-0.5056E-03 0.2701E-03  0.000      0.000      0.000      0.000       0.000       0.000       0.000       0.000       0.000       0.000    
  3767040.   42.65643590   12.8660   0.000       0.000      0.2340E-03  0.6352E-08-0.5025E-03 0.2685E-03  0.000      0.000      0.000      0.000       0.000       0.000       0.000       0.000       0.000       0.000    
  3784320.   42.65643590   12.8478   0.000       0.000      0.2325E-03  0.6145E-08-0.4995E-03 0.2670E-03  0.000      0.000      0.000      0.000       0.000       0.000       0.000       0.000       0.000       0.000    
  3801600.   42.65643590   12.8303   0.000       0.000      0.2311E-03  0.5949E-08-0.4966E-03 0.2655E-03  0.000      0.000      0.000      0.000       0.000       0.000       0.000       0.000       0.000       0.000    
  3818880.   42.65643590   12.8399   0.000       0.000      0.2319E-03 -0.4355E-08-0.5070E-03 0.2752E-03  0.000      0.000      0.000      0.000       0.000       0.000       0.000       0.000       0.000       0.000    
  3836160.   42.65643590   12.8489   0.000       0.000      0.2326E-03 -0.2753E-08-0.5085E-03 0.2759E-03  0.000      0.000      0.000      0.000       0.000       0.000       0.000       0.000       0.000       0.000    
  3853440.   42.65643590   12.8575   0.000       0.000      0.2333E-03 -0.2603E-08-0.5098E-03 0.2766E-03  0.000      0.000      0.000      0.000       0.000       0.000       0.000       0.000       0.000       0.000    
  3870720.   42.65643590   12.8656   0.000       0.000      0.2340E-03 -0.2488E-08-0.5112E-03 0.2772E-03  0.000      0.000      0.000      0.000       0.000       0.000       0.000       0.000       0.000       0.000    
  3888000.   42.65643590   12.8734   0.000       0.000      0.2346E-03 -0.2389E-08-0.5125E-03 0.2779E-03  0.000      0.000      0.000      0.000       0.000       0.000       0.000       0.000       0.000       0.000    
  3905280.   42.65643590   12.9096   0.000       0.000      0.2375E-03 -0.1355E-07-0.5281E-03 0.2906E-03  0.000      0.000      0.000      0.000       0.000       0.000       0.000       0.000       0.000       0.000    
  3922560.   42.65643590   12.9442   0.000       0.000      0.2404E-03 -0.1163E-07-0.5338E-03 0.2934E-03  0.000      0.000      0.000      0.000       0.000       0.000       0.000       0.000       0.000       0.000    
  3939840.   42.65643590   12.9773   0.000       0.000      0.2431E-03 -0.1132E-07-0.5393E-03 0.2962E-03  0.000      0.000      0.000      0.000       0.000       0.000       0.000       0.000       0.000       0.000    
  3957120.   42.65643590   13.0091   0.000       0.000      0.2457E-03 -0.1106E-07-0.5445E-03 0.2989E-03  0.000      0.000      0.000      0.000       0.000       0.000       0.000       0.000       0.000       0.000    
  3974400.   42.65643590   13.0397   0.000       0.000      0.2482E-03 -0.1081E-07-0.5496E-03 0.3014E-03  0.000      0.000      0.000      0.000       0.000       0.000       0.000       0.000       0.000       0.000    
  3991680.   42.65643590   13.0751   0.000       0.000      0.2510E-03 -0.1307E-07-0.5575E-03 0.3065E-03  0.000      0.000      0.000      0.000       0.000       0.000       0.000       0.000       0.000       0.000    
  4008960.   42.65643590   13.1091   0.000       0.000      0.2538E-03 -0.1246E-07-0.5631E-03 0.3093E-03  0.000      0.000      0.000      0.000       0.000       0.000       0.000       0.000       0.000       0.000    
  4026240.   42.65643590   13.1419   0.000       0.000      0.2565E-03 -0.1221E-07-0.5686E-03 0.3121E-03  0.000      0.000      0.000      0.000       0.000       0.000       0.000       0.000       0.000       0.000    
  4043520.   42.65643590   13.1734   0.000       0.000      0.2591E-03 -0.1198E-07-0.5738E-03 0.3148E-03  0.000      0.000      0.000      0.000       0.000       0.000       0.000       0.000       0.000       0.000    
  4060800.   42.65643590   13.2038   0.000       0.000      0.2616E-03 -0.1177E-07-0.5789E-03 0.3173E-03  0.000      0.000      0.000      0.000       0.000       0.000       0.000       0.000       0.000       0.000    
  4078080.   42.65643590   13.1724   0.000       0.000      0.2590E-03  0.1416E-07-0.5533E-03 0.2943E-03  0.000      0.000      0.000      0.000       0.000       0.000       0.000       0.000       0.000       0.000    
  4095360.   42.65643590   13.1427   0.000       0.000      0.2566E-03  0.9944E-08-0.5485E-03 0.2919E-03  0.000      0.000      0.000      0.000       0.000       0.000       0.000       0.000       0.000       0.000    
  4112640.   42.65643590   13.1143   0.000       0.000      0.2542E-03  0.9401E-08-0.5439E-03 0.2896E-03  0.000      0.000      0.000      0.000       0.000       0.000       0.000       0.000       0.000       0.000    
  4129920.   42.65643590   13.0871   0.000       0.000      0.2520E-03  0.8962E-08-0.5394E-03 0.2874E-03  0.000      0.000      0.000      0.000       0.000       0.000       0.000       0.000       0.000       0.000    
  4147200.   42.65643590   13.0612   0.000       0.000      0.2499E-03  0.8573E-08-0.5351E-03 0.2852E-03  0.000      0.000      0.000      0.000       0.000       0.000       0.000       0.000       0.000       0.000    
  4164480.   42.65643590   13.0139   0.000       0.000      0.2461E-03  0.1734E-07-0.5198E-03 0.2737E-03  0.000      0.000      0.000      0.000       0.000       0.000       0.000       0.000       0.000       0.000    
  4181760.   42.65643590   12.9688   0.000       0.000      0.2424E-03  0.1530E-07-0.5124E-03 0.2700E-03  0.000      0.000      0.000      0.000       0.000       0.000       0.000       0.000       0.000       0.000    
  4199040.   42.65643590   12.9255   0.000       0.000      0.2388E-03  0.1461E-07-0.5052E-03 0.2663E-03  0.000      0.000      0.000      0.000       0.000       0.000       0.000       0.000       0.000       0.000    
  4216320.   42.65643590   12.8841   0.000       0.000      0.2355E-03  0.1399E-07-0.4983E-03 0.2629E-03  0.000      0.000      0.000      0.000       0.000       0.000       0.000       0.000       0.000       0.000    
  4233600.   42.65643590   12.8443   0.000       0.000      0.2322E-03  0.1342E-07-0.4917E-03 0.2595E-03  0.000      0.000      0.000      0.000       0.000       0.000       0.000       0.000       0.000       0.000    
  4250880.   42.65643590   12.8014   0.000       0.000      0.2287E-03  0.1467E-07-0.4831E-03 0.2543E-03  0.000      0.000      0.000      0.000       0.000       0.000       0.000       0.000       0.000       0.000    
  4268160.   42.65643590   12.7602   0.000       0.000      0.2253E-03  0.1383E-07-0.4762E-03 0.2509E-03  0.000      0.000      0.000      0.000       0.000       0.000       0.000       0.000       0.000       0.000    
  4285440.   42.65643590   12.7206   0.000       0.000      0.2221E-03  0.1328E-07-0.4697E-03 0.2475E-03  0.000      0.000      0.000      0.000       0.000       0.000       0.000       0.000       0.000       0.000    
  4302720.   42.65643590   12.6825   0.000       0.000      0.2190E-03  0.1277E-07-0.4633E-03 0.2443E-03  0.000      0.000      0.000      0.000       0.000       0.000       0.000       0.000       0.000       0.000    
  4320000.   42.65643590   12.6458   0.000       0.000      0.2160E-03  0.1229E-07-0.4572E-03 0.2412E-03  0.000      0.000      0.000      0.000       0.000       0.000       0.000       0.000       0.000       0.000    
  4337280.   42.65643590   12.6058   0.000       0.000      0.2127E-03  0.1346E-07-0.4490E-03 0.2363E-03  0.000      0.000      0.000      0.000       0.000       0.000       0.000       0.000       0.000       0.000    
  4354560.   42.65643590   12.5673   0.000       0.000      0.2096E-03  0.1272E-07-0.4426E-03 0.2330E-03  0.000      0.000      0.000      0.000       0.000       0.000       0.000       0.000       0.000       0.000    
  4371840.   42.65643590   12.5301   0.000       0.000      0.2066E-03  0.1224E-07-0.4364E-03 0.2298E-03  0.000      0.000      0.000      0.000       0.000       0.000       0.000       0.000       0.000       0.000    
  4389120.   42.65643590   12.4942   0.000       0.000      0.2036E-03  0.1179E-07-0.4304E-03 0.2268E-03  0.000      0.000      0.000      0.000       0.000       0.000       0.000       0.000       0.000       0.000    
  4406400.   42.65643590   12.4595   0.000       0.000      0.2008E-03  0.1136E-07-0.4246E-03 0.2238E-03  0.000      0.000      0.000      0.000       0.000       0.000       0.000       0.000       0.000       0.000    
