TOTIM (T)      HCON          HMAT      QDIR      QWELL        QMAT       QCADS      QTUB1      QTUB2      QTUB3      QTUB4      QTUB5      QTUB6       NSTOR        QFIX        QLH     FHLQ (LQ)        CAUCHY   CAUCHY (LQ)
    86400.   42.65643590   14.1047   0.000       0.000       0.000       0.000      0.000      0.000      0.000      0.000      0.000      0.000       0.000       0.000       0.000       0.000       0.000       0.000    
   103680.   42.65643590   14.1532   0.000       0.000       0.000       0.000      0.000      0.000      0.000      0.000      0.000      0.000       0.000       0.000       0.000       0.000       0.000       0.000    
   120960.   42.65643590   14.1143   0.000       0.000       0.000       0.000      0.000      0.000      0.000      0.000      0.000      0.000       0.000       0.000       0.000       0.000       0.000       0.000    
   138240.   42.65643590   14.0593   0.000       0.000       0.000       0.000      0.000      0.000      0.000      0.000      0.000      0.000       0.000       0.000       0.000       0.000       0.000       0.000    
   155520.   42.65643590   13.9994   0.000       0.000       0.000       0.000      0.000      0.000      0.000      0.000      0.000      0.000       0.000       0.000       0.000       0.000       0.000       0.000    
   172800.   42.65643590   13.9378   0.000       0.000       0.000       0.000      0.000      0.000      0.000      0.000      0.000      0.000       0.000       0.000       0.000       0.000       0.000       0.000    
   190080.   42.65643590   13.9009   0.000       0.000       0.000       0.000      0.000      0.000      0.000      0.000      0.000      0.000       0.000       0.000       0.000       0.000       0.000       0.000    
   207360.   42.65643590   13.8641   0.000       0.000       0.000       0.000      0.000      0.000      0.000      0.000      0.000      0.000       0.000       0.000       0.000       0.000       0.000       0.000    
   224640.   42.65643590   13.8273   0.000       0.000       0.000       0.000      0.000      0.000      0.000      0.000      0.000      0.000       0.000       0.000       0.000       0.000       0.000       0.000    
   241920.   42.65643590   13.7906   0.000       0.000       0.000       0.000      0.000      0.000      0.000      0.000      0.000      0.000       0.000       0.000       0.000       0.000       0.000       0.000    
   259200.   42.65643590   13.7543   0.000       0.000       0.000       0.000      0.000      0.000      0.000      0.000      0.000      0.000       0.000       0.000       0.000       0.000       0.000       0.000    
   276480.   42.65643590   13.7251   0.000       0.000       0.000       0.000      0.000      0.000      0.000      0.000      0.000      0.000       0.000       0.000       0.000       0.000       0.000       0.000    
   293760.   42.65643590   13.6964   0.000       0.000       0.000       0.000      0.000      0.000      0.000      0.000      0.000      0.000       0.000       0.000       0.000       0.000       0.000       0.000    
   311040.   42.65643590   13.6681   0.000       0.000       0.000       0.000      0.000      0.000      0.000      0.000      0.000      0.000       0.000       0.000       0.000       0.000       0.000       0.000    
   328320.   42.65643590   13.6403   0.000       0.000       0.000       0.000      0.000      0.000      0.000      0.000      0.000      0.000       0.000       0.000       0.000       0.000       0.000       0.000    
   345600.   42.65643590   13.6128   0.000       0.000       0.000       0.000      0.000      0.000      0.000      0.000      0.000      0.000       0.000       0.000       0.000       0.000       0.000       0.000    
   362880.   42.65643590   13.6178   0.000       0.000       0.000       0.000      0.000      0.000      0.000      0.000      0.000      0.000       0.000       0.000       0.000       0.000       0.000       0.000    
   380160.   42.65643590   13.6233   0.000       0.000       0.000       0.000      0.000      0.000      0.000      0.000      0.000      0.000       0.000       0.000       0.000       0.000       0.000       0.000    
   397440.   42.65643590   13.6290   0.000       0.000       0.000       0.000      0.000      0.000      0.000      0.000      0.000      0.000       0.000       0.000       0.000       0.000       0.000       0.000    
   414720.   42.65643590   13.6346   0.000       0.000       0.000       0.000      0.000      0.000      0.000      0.000      0.000      0.000       0.000       0.000       0.000       0.000       0.000       0.000    
   432000.   42.65643590   13.6402   0.000       0.000       0.000       0.000      0.000      0.000      0.000      0.000      0.000      0.000       0.000       0.000       0.000       0.000       0.000       0.000    
   449280.   42.65643590   13.6702   0.000       0.000       0.000       0.000      0.000      0.000      0.000      0.000      0.000      0.000       0.000       0.000       0.000       0.000       0.000       0.000    
   466560.   42.65643590   13.7001   0.000       0.000       0.000       0.000      0.000      0.000      0.000      0.000      0.000      0.000       0.000       0.000       0.000       0.000       0.000       0.000    
   483840.   42.65643590   13.7297   0.000       0.000       0.000       0.000      0.000      0.000      0.000      0.000      0.000      0.000       0.000       0.000       0.000       0.000       0.000       0.000    
   501120.   42.65643590   13.7590   0.000       0.000       0.000       0.000      0.000      0.000      0.000      0.000      0.000      0.000       0.000       0.000       0.000       0.000       0.000       0.000    
   518400.   42.65643590   13.7877   0.000       0.000       0.000       0.000      0.000      0.000      0.000      0.000      0.000      0.000       0.000       0.000       0.000       0.000       0.000       0.000    
   535680.   42.65643590   13.7972   0.000       0.000       0.000       0.000      0.000      0.000      0.000      0.000      0.000      0.000       0.000       0.000       0.000       0.000       0.000       0.000    
   552960.   42.65643590   13.8062   0.000       0.000       0.000       0.000      0.000      0.000      0.000      0.000      0.000      0.000       0.000       0.000       0.000       0.000       0.000       0.000    
   570240.   42.65643590   13.8148   0.000       0.000       0.000       0.000      0.000      0.000      0.000      0.000      0.000      0.000       0.000       0.000       0.000       0.000       0.000       0.000    
   587520.   42.65643590   13.8233   0.000       0.000       0.000       0.000      0.000      0.000      0.000      0.000      0.000      0.000       0.000       0.000       0.000       0.000       0.000       0.000    
   604800.   42.65643590   13.8315   0.000       0.000       0.000       0.000      0.000      0.000      0.000      0.000      0.000      0.000       0.000       0.000       0.000       0.000       0.000       0.000    
   622080.   42.65643590   13.8462   0.000       0.000       0.000       0.000      0.000      0.000      0.000      0.000      0.000      0.000       0.000       0.000       0.000       0.000       0.000       0.000    
   639360.   42.65643590   13.8607   0.000       0.000       0.000       0.000      0.000      0.000      0.000      0.000      0.000      0.000       0.000       0.000       0.000       0.000       0.000       0.000    
   656640.   42.65643590   13.8750   0.000       0.000       0.000       0.000      0.000      0.000      0.000      0.000      0.000      0.000       0.000       0.000       0.000       0.000       0.000       0.000    
   673920.   42.65643590   13.8889   0.000       0.000       0.000       0.000      0.000      0.000      0.000      0.000      0.000      0.000       0.000       0.000       0.000       0.000       0.000       0.000    
   691200.   42.65643590   13.9026   0.000       0.000       0.000       0.000      0.000      0.000      0.000      0.000      0.000      0.000       0.000       0.000       0.000       0.000       0.000       0.000    
   708480.   42.65643590   13.9816   0.000       0.000       0.000       0.000      0.000      0.000      0.000      0.000      0.000      0.000       0.000       0.000       0.000       0.000       0.000       0.000    
   725760.   42.65643590   14.0603   0.000       0.000       0.000       0.000      0.000      0.000      0.000      0.000      0.000      0.000       0.000       0.000       0.000       0.000       0.000       0.000    
   743040.   42.65643590   14.1381   0.000       0.000       0.000       0.000      0.000      0.000      0.000      0.000      0.000      0.000       0.000       0.000       0.000       0.000       0.000       0.000    
   760320.   42.65643590   14.2147   0.000       0.000       0.000       0.000      0.000      0.000      0.000      0.000      0.000      0.000       0.000       0.000       0.000       0.000       0.000       0.000    
   777600.   42.65643590   14.2901   0.000       0.000       0.000       0.000      0.000      0.000      0.000      0.000      0.000      0.000       0.000       0.000       0.000       0.000       0.000       0.000    
   794880.   42.65643590   14.4227   0.000       0.000       0.000       0.000      0.000      0.000      0.000      0.000      0.000      0.000       0.000       0.000       0.000       0.000       0.000       0.000    
   812160.   42.65643590   14.5542   0.000       0.000       0.000       0.000      0.000      0.000      0.000      0.000      0.000      0.000       0.000       0.000       0.000       0.000       0.000       0.000    
   829440.   42.65643590   14.6836   0.000       0.000       0.000       0.000      0.000      0.000      0.000      0.000      0.000      0.000       0.000       0.000       0.000       0.000       0.000       0.000    
   846720.   42.65643590   14.8110   0.000       0.000       0.000       0.000      0.000      0.000      0.000      0.000      0.000      0.000       0.000       0.000       0.000       0.000       0.000       0.000    
   864000.   42.65643590   14.9362   0.000       0.000       0.000       0.000      0.000      0.000      0.000      0.000      0.000      0.000       0.000       0.000       0.000       0.000       0.000       0.000    
   881280.   42.65643590   15.0072   0.000       0.000       0.000       0.000      0.000      0.000      0.000      0.000      0.000      0.000       0.000       0.000       0.000       0.000       0.000       0.000    
   898560.   42.65643590   15.0760   0.000       0.000       0.000       0.000      0.000      0.000      0.000      0.000      0.000      0.000       0.000       0.000       0.000       0.000       0.000       0.000    
   915840.   42.65643590   15.1431   0.000       0.000       0.000       0.000      0.000      0.000      0.000      0.000      0.000      0.000       0.000       0.000       0.000       0.000       0.000       0.000    
   933120.   42.65643590   15.2086   0.000       0.000       0.000       0.000      0.000      0.000      0.000      0.000      0.000      0.000       0.000       0.000       0.000       0.000       0.000       0.000    
   950400.   42.65643590   15.2727   0.000       0.000       0.000       0.000      0.000      0.000      0.000      0.000      0.000      0.000       0.000       0.000       0.000       0.000       0.000       0.000    
   967680.   42.65643590   15.4040   0.000       0.000       0.000       0.000      0.000      0.000      0.000      0.000      0.000      0.000       0.000       0.000       0.000       0.000       0.000       0.000    
   984960.   42.65643590   15.5341   0.000       0.000       0.000       0.000      0.000      0.000      0.000      0.000      0.000      0.000       0.000       0.000       0.000       0.000       0.000       0.000    
  1002240.   42.65643590   15.6620   0.000       0.000       0.000       0.000      0.000      0.000      0.000      0.000      0.000      0.000       0.000       0.000       0.000       0.000       0.000       0.000    
  1019520.   42.65643590   15.7877   0.000       0.000       0.000       0.000      0.000      0.000      0.000      0.000      0.000      0.000       0.000       0.000       0.000       0.000       0.000       0.000    
  1036800.   42.65643590   15.9110   0.000       0.000       0.000       0.000      0.000      0.000      0.000      0.000      0.000      0.000       0.000       0.000       0.000       0.000       0.000       0.000    
  1054080.   42.65643590   16.1311   0.000       0.000       0.000       0.000      0.000      0.000      0.000      0.000      0.000      0.000       0.000       0.000       0.000       0.000       0.000       0.000    
  1071360.   42.65643590   16.3488   0.000       0.000       0.000       0.000      0.000      0.000      0.000      0.000      0.000      0.000       0.000       0.000       0.000       0.000       0.000       0.000    
  1088640.   42.65643590   16.5631   0.000       0.000       0.000       0.000      0.000      0.000      0.000      0.000      0.000      0.000       0.000       0.000       0.000       0.000       0.000       0.000    
  1105920.   42.65643590   16.7736   0.000       0.000       0.000       0.000      0.000      0.000      0.000      0.000      0.000      0.000       0.000       0.000       0.000       0.000       0.000       0.000    
  1123200.   42.65643590   16.9803   0.000       0.000       0.000       0.000      0.000      0.000      0.000      0.000      0.000      0.000       0.000       0.000       0.000       0.000       0.000       0.000    
  1140480.   42.65643590   17.0023   0.000       0.000       0.000       0.000      0.000      0.000      0.000      0.000      0.000      0.000       0.000       0.000       0.000       0.000       0.000       0.000    
  1157760.   42.65643590   17.0207   0.000       0.000       0.000       0.000      0.000      0.000      0.000      0.000      0.000      0.000       0.000       0.000       0.000       0.000       0.000       0.000    
  1175040.   42.65643590   17.0373   0.000       0.000       0.000       0.000      0.000      0.000      0.000      0.000      0.000      0.000       0.000       0.000       0.000       0.000       0.000       0.000    
  1192320.   42.65643590   17.0528   0.000       0.000       0.000       0.000      0.000      0.000      0.000      0.000      0.000      0.000       0.000       0.000       0.000       0.000       0.000       0.000    
  1209600.   42.65643590   17.0674   0.000       0.000       0.000       0.000      0.000      0.000      0.000      0.000      0.000      0.000       0.000       0.000       0.000       0.000       0.000       0.000    
  1226880.   42.65643590   17.0148   0.000       0.000       0.000       0.000      0.000      0.000      0.000      0.000      0.000      0.000       0.000       0.000       0.000       0.000       0.000       0.000    
  1244160.   42.65643590   16.9617   0.000       0.000       0.000       0.000      0.000      0.000      0.000      0.000      0.000      0.000       0.000       0.000       0.000       0.000       0.000       0.000    
  1261440.   42.65643590   16.9089   0.000       0.000       0.000       0.000      0.000      0.000      0.000      0.000      0.000      0.000       0.000       0.000       0.000       0.000       0.000       0.000    
  1278720.   42.65643590   16.8567   0.000       0.000       0.000       0.000      0.000      0.000      0.000      0.000      0.000      0.000       0.000       0.000       0.000       0.000       0.000       0.000    
  1296000.   42.65643590   16.8053   0.000       0.000       0.000       0.000      0.000      0.000      0.000      0.000      0.000      0.000       0.000       0.000       0.000       0.000       0.000       0.000    
  1313280.   42.65643590   16.7335   0.000       0.000       0.000       0.000      0.000      0.000      0.000      0.000      0.000      0.000       0.000       0.000       0.000       0.000       0.000       0.000    
  1330560.   42.65643590   16.6626   0.000       0.000       0.000       0.000      0.000      0.000      0.000      0.000      0.000      0.000       0.000       0.000       0.000       0.000       0.000       0.000    
  1347840.   42.65643590   16.5929   0.000       0.000       0.000       0.000      0.000      0.000      0.000      0.000      0.000      0.000       0.000       0.000       0.000       0.000       0.000       0.000    
  1365120.   42.65643590   16.5244   0.000       0.000       0.000       0.000      0.000      0.000      0.000      0.000      0.000      0.000       0.000       0.000       0.000       0.000       0.000       0.000    
  1382400.   42.65643590   16.4572   0.000       0.000       0.000       0.000      0.000      0.000      0.000      0.000      0.000      0.000       0.000       0.000       0.000       0.000       0.000       0.000    
  1399680.   42.65643590   16.3779   0.000       0.000       0.000       0.000      0.000      0.000      0.000      0.000      0.000      0.000       0.000       0.000       0.000       0.000       0.000       0.000    
  1416960.   42.65643590   16.3000   0.000       0.000       0.000       0.000      0.000      0.000      0.000      0.000      0.000      0.000       0.000       0.000       0.000       0.000       0.000       0.000    
  1434240.   42.65643590   16.2235   0.000       0.000       0.000       0.000      0.000      0.000      0.000      0.000      0.000      0.000       0.000       0.000       0.000       0.000       0.000       0.000    
  1451520.   42.65643590   16.1485   0.000       0.000       0.000       0.000      0.000      0.000      0.000      0.000      0.000      0.000       0.000       0.000       0.000       0.000       0.000       0.000    
  1468800.   42.65643590   16.0751   0.000       0.000       0.000       0.000      0.000      0.000      0.000      0.000      0.000      0.000       0.000       0.000       0.000       0.000       0.000       0.000    
  1486080.   42.65643590   15.9927   0.000       0.000       0.000       0.000      0.000      0.000      0.000      0.000      0.000      0.000       0.000       0.000       0.000       0.000       0.000       0.000    
  1503360.   42.65643590   15.9119   0.000       0.000       0.000       0.000      0.000      0.000      0.000      0.000      0.000      0.000       0.000       0.000       0.000       0.000       0.000       0.000    
  1520640.   42.65643590   15.8326   0.000       0.000       0.000       0.000      0.000      0.000      0.000      0.000      0.000      0.000       0.000       0.000       0.000       0.000       0.000       0.000    
  1537920.   42.65643590   15.7549   0.000       0.000       0.000       0.000      0.000      0.000      0.000      0.000      0.000      0.000       0.000       0.000       0.000       0.000       0.000       0.000    
  1555200.   42.65643590   15.6788   0.000       0.000       0.000       0.000      0.000      0.000      0.000      0.000      0.000      0.000       0.000       0.000       0.000       0.000       0.000       0.000    
  1572480.   42.65643590   15.5973   0.000       0.000       0.000       0.000      0.000      0.000      0.000      0.000      0.000      0.000       0.000       0.000       0.000       0.000       0.000       0.000    
  1589760.   42.65643590   15.5174   0.000       0.000       0.000       0.000      0.000      0.000      0.000      0.000      0.000      0.000       0.000       0.000       0.000       0.000       0.000       0.000    
  1607040.   42.65643590   15.4390   0.000       0.000       0.000       0.000      0.000      0.000      0.000      0.000      0.000      0.000       0.000       0.000       0.000       0.000       0.000       0.000    
  1624320.   42.65643590   15.3622   0.000       0.000       0.000       0.000      0.000      0.000      0.000      0.000      0.000      0.000       0.000       0.000       0.000       0.000       0.000       0.000    
  1641600.   42.65643590   15.2870   0.000       0.000       0.000       0.000      0.000      0.000      0.000      0.000      0.000      0.000       0.000       0.000       0.000       0.000       0.000       0.000    
  1658880.   42.65643590   15.2116   0.000       0.000       0.000       0.000      0.000      0.000      0.000      0.000      0.000      0.000       0.000       0.000       0.000       0.000       0.000       0.000    
  1676160.   42.65643590   15.1377   0.000       0.000       0.000       0.000      0.000      0.000      0.000      0.000      0.000      0.000       0.000       0.000       0.000       0.000       0.000       0.000    
  1693440.   42.65643590   15.0653   0.000       0.000       0.000       0.000      0.000      0.000      0.000      0.000      0.000      0.000       0.000       0.000       0.000       0.000       0.000       0.000    
  1710720.   42.65643590   14.9944   0.000       0.000       0.000       0.000      0.000      0.000      0.000      0.000      0.000      0.000       0.000       0.000       0.000       0.000       0.000       0.000    
  1728000.   42.65643590   14.9249   0.000       0.000       0.000       0.000      0.000      0.000      0.000      0.000      0.000      0.000       0.000       0.000       0.000       0.000       0.000       0.000    
  1745280.   42.65643590   14.8583   0.000       0.000       0.000       0.000      0.000      0.000      0.000      0.000      0.000      0.000       0.000       0.000       0.000       0.000       0.000       0.000    
  1762560.   42.65643590   14.7931   0.000       0.000       0.000       0.000      0.000      0.000      0.000      0.000      0.000      0.000       0.000       0.000       0.000       0.000       0.000       0.000    
  1779840.   42.65643590   14.7292   0.000       0.000       0.000       0.000      0.000      0.000      0.000      0.000      0.000      0.000       0.000       0.000       0.000       0.000       0.000       0.000    
  1797120.   42.65643590   14.6666   0.000       0.000       0.000       0.000      0.000      0.000      0.000      0.000      0.000      0.000       0.000       0.000       0.000       0.000       0.000       0.000    
  1814400.   42.65643590   14.6053   0.000       0.000       0.000       0.000      0.000      0.000      0.000      0.000      0.000      0.000       0.000       0.000       0.000       0.000       0.000       0.000    
  1831680.   42.65643590   14.5416   0.000       0.000       0.000       0.000      0.000      0.000      0.000      0.000      0.000      0.000       0.000       0.000       0.000       0.000       0.000       0.000    
  1848960.   42.65643590   14.4792   0.000       0.000       0.000       0.000      0.000      0.000      0.000      0.000      0.000      0.000       0.000       0.000       0.000       0.000       0.000       0.000    
  1866240.   42.65643590   14.4179   0.000       0.000       0.000       0.000      0.000      0.000      0.000      0.000      0.000      0.000       0.000       0.000       0.000       0.000       0.000       0.000    
  1883520.   42.65643590   14.3579   0.000       0.000       0.000       0.000      0.000      0.000      0.000      0.000      0.000      0.000       0.000       0.000       0.000       0.000       0.000       0.000    
  1900800.   42.65643590   14.2990   0.000       0.000       0.000       0.000      0.000      0.000      0.000      0.000      0.000      0.000       0.000       0.000       0.000       0.000       0.000       0.000    
  1918080.   42.65643590   14.2387   0.000       0.000       0.000       0.000      0.000      0.000      0.000      0.000      0.000      0.000       0.000       0.000       0.000       0.000       0.000       0.000    
  1935360.   42.65643590   14.1795   0.000       0.000       0.000       0.000      0.000      0.000      0.000      0.000      0.000      0.000       0.000       0.000       0.000       0.000       0.000       0.000    
  1952640.   42.65643590   14.1215   0.000       0.000       0.000       0.000      0.000      0.000      0.000      0.000      0.000      0.000       0.000       0.000       0.000       0.000       0.000       0.000    
  1969920.   42.65643590   14.0646   0.000       0.000       0.000       0.000      0.000      0.000      0.000      0.000      0.000      0.000       0.000       0.000       0.000       0.000       0.000       0.000    
  1987200.   42.65643590   14.0087   0.000       0.000       0.000       0.000      0.000      0.000      0.000      0.000      0.000      0.000       0.000       0.000       0.000       0.000       0.000       0.000    
  2004480.   42.65643590   13.9551   0.000       0.000       0.000       0.000      0.000      0.000      0.000      0.000      0.000      0.000       0.000       0.000       0.000       0.000       0.000       0.000    
  2021760.   42.65643590   13.9026   0.000       0.000       0.000       0.000      0.000      0.000      0.000      0.000      0.000      0.000       0.000       0.000       0.000       0.000       0.000       0.000    
  2039040.   42.65643590   13.8511   0.000       0.000       0.000       0.000      0.000      0.000      0.000      0.000      0.000      0.000       0.000       0.000       0.000       0.000       0.000       0.000    
  2056320.   42.65643590   13.8006   0.000       0.000       0.000       0.000      0.000      0.000      0.000      0.000      0.000      0.000       0.000       0.000       0.000       0.000       0.000       0.000    
  2073600.   42.65643590   13.7510   0.000       0.000       0.000       0.000      0.000      0.000      0.000      0.000      0.000      0.000       0.000       0.000       0.000       0.000       0.000       0.000    
  2090880.   42.65643590   13.6996   0.000       0.000       0.000       0.000      0.000      0.000      0.000      0.000      0.000      0.000       0.000       0.000       0.000       0.000       0.000       0.000    
  2108160.   42.65643590   13.6491   0.000       0.000       0.000       0.000      0.000      0.000      0.000      0.000      0.000      0.000       0.000       0.000       0.000       0.000       0.000       0.000    
  2125440.   42.65643590   13.5996   0.000       0.000       0.000       0.000      0.000      0.000      0.000      0.000      0.000      0.000       0.000       0.000       0.000       0.000       0.000       0.000    
  2142720.   42.65643590   13.5509   0.000       0.000       0.000       0.000      0.000      0.000      0.000      0.000      0.000      0.000       0.000       0.000       0.000       0.000       0.000       0.000    
  2160000.   42.65643590   13.5032   0.000       0.000       0.000       0.000      0.000      0.000      0.000      0.000      0.000      0.000       0.000       0.000       0.000       0.000       0.000       0.000    
  2177280.   42.65643590   13.4544   0.000       0.000       0.000       0.000      0.000      0.000      0.000      0.000      0.000      0.000       0.000       0.000       0.000       0.000       0.000       0.000    
  2194560.   42.65643590   13.4065   0.000       0.000       0.000       0.000      0.000      0.000      0.000      0.000      0.000      0.000       0.000       0.000       0.000       0.000       0.000       0.000    
  2211840.   42.65643590   13.3594   0.000       0.000       0.000       0.000      0.000      0.000      0.000      0.000      0.000      0.000       0.000       0.000       0.000       0.000       0.000       0.000    
  2229120.   42.65643590   13.3132   0.000       0.000       0.000       0.000      0.000      0.000      0.000      0.000      0.000      0.000       0.000       0.000       0.000       0.000       0.000       0.000    
  2246400.   42.65643590   13.2678   0.000       0.000       0.000       0.000      0.000      0.000      0.000      0.000      0.000      0.000       0.000       0.000       0.000       0.000       0.000       0.000    
  2263680.   42.65643590   13.2213   0.000       0.000       0.000       0.000      0.000      0.000      0.000      0.000      0.000      0.000       0.000       0.000       0.000       0.000       0.000       0.000    
  2280960.   42.65643590   13.1756   0.000       0.000       0.000       0.000      0.000      0.000      0.000      0.000      0.000      0.000       0.000       0.000       0.000       0.000       0.000       0.000    
  2298240.   42.65643590   13.1307   0.000       0.000       0.000       0.000      0.000      0.000      0.000      0.000      0.000      0.000       0.000       0.000       0.000       0.000       0.000       0.000    
  2315520.   42.65643590   13.0866   0.000       0.000       0.000       0.000      0.000      0.000      0.000      0.000      0.000      0.000       0.000       0.000       0.000       0.000       0.000       0.000    
  2332800.   42.65643590   13.0432   0.000       0.000       0.000       0.000      0.000      0.000      0.000      0.000      0.000      0.000       0.000       0.000       0.000       0.000       0.000       0.000    
  2350080.   42.65643590   12.9994   0.000       0.000       0.000       0.000      0.000      0.000      0.000      0.000      0.000      0.000       0.000       0.000       0.000       0.000       0.000       0.000    
  2367360.   42.65643590   12.9563   0.000       0.000       0.000       0.000      0.000      0.000      0.000      0.000      0.000      0.000       0.000       0.000       0.000       0.000       0.000       0.000    
  2384640.   42.65643590   12.9140   0.000       0.000       0.000       0.000      0.000      0.000      0.000      0.000      0.000      0.000       0.000       0.000       0.000       0.000       0.000       0.000    
  2401920.   42.65643590   12.8725   0.000       0.000       0.000       0.000      0.000      0.000      0.000      0.000      0.000      0.000       0.000       0.000       0.000       0.000       0.000       0.000    
  2419200.   42.65643590   12.8316   0.000       0.000       0.000       0.000      0.000      0.000      0.000      0.000      0.000      0.000       0.000       0.000       0.000       0.000       0.000       0.000    
  2436480.   42.65643590   12.8025   0.000       0.000       0.000       0.000      0.000      0.000      0.000      0.000      0.000      0.000       0.000       0.000       0.000       0.000       0.000       0.000    
  2453760.   42.65643590   12.7740   0.000       0.000       0.000       0.000      0.000      0.000      0.000      0.000      0.000      0.000       0.000       0.000       0.000       0.000       0.000       0.000    
  2471040.   42.65643590   12.7462   0.000       0.000       0.000       0.000      0.000      0.000      0.000      0.000      0.000      0.000       0.000       0.000       0.000       0.000       0.000       0.000    
  2488320.   42.65643590   12.7189   0.000       0.000       0.000       0.000      0.000      0.000      0.000      0.000      0.000      0.000       0.000       0.000       0.000       0.000       0.000       0.000    
  2505600.   42.65643590   12.6921   0.000       0.000       0.000       0.000      0.000      0.000      0.000      0.000      0.000      0.000       0.000       0.000       0.000       0.000       0.000       0.000    
  2522880.   42.65643590   12.6654   0.000       0.000       0.000       0.000      0.000      0.000      0.000      0.000      0.000      0.000       0.000       0.000       0.000       0.000       0.000       0.000    
  2540160.   42.65643590   12.6392   0.000       0.000       0.000       0.000      0.000      0.000      0.000      0.000      0.000      0.000       0.000       0.000       0.000       0.000       0.000       0.000    
  2557440.   42.65643590   12.6134   0.000       0.000       0.000       0.000      0.000      0.000      0.000      0.000      0.000      0.000       0.000       0.000       0.000       0.000       0.000       0.000    
  2574720.   42.65643590   12.5881   0.000       0.000       0.000       0.000      0.000      0.000      0.000      0.000      0.000      0.000       0.000       0.000       0.000       0.000       0.000       0.000    
  2592000.   42.65643590   12.5633   0.000       0.000       0.000       0.000      0.000      0.000      0.000      0.000      0.000      0.000       0.000       0.000       0.000       0.000       0.000       0.000    
  2609280.   42.65643590   12.5819   0.000       0.000       0.000       0.000      0.000      0.000      0.000      0.000      0.000      0.000       0.000       0.000       0.000       0.000       0.000       0.000    
  2626560.   42.65643590   12.6009   0.000       0.000       0.000       0.000      0.000      0.000      0.000      0.000      0.000      0.000       0.000       0.000       0.000       0.000       0.000       0.000    
  2643840.   42.65643590   12.6199   0.000       0.000       0.000       0.000      0.000      0.000      0.000      0.000      0.000      0.000       0.000       0.000       0.000       0.000       0.000       0.000    
  2661120.   42.65643590   12.6388   0.000       0.000       0.000       0.000      0.000      0.000      0.000      0.000      0.000      0.000       0.000       0.000       0.000       0.000       0.000       0.000    
  2678400.   42.65643590   12.6575   0.000       0.000       0.000       0.000      0.000      0.000      0.000      0.000      0.000      0.000       0.000       0.000       0.000       0.000       0.000       0.000    
  2695680.   42.65643590   12.7945   0.000       0.000       0.000       0.000      0.000      0.000      0.000      0.000      0.000      0.000       0.000       0.000       0.000       0.000       0.000       0.000    
  2712960.   42.65643590   12.9313   0.000       0.000       0.000       0.000      0.000      0.000      0.000      0.000      0.000      0.000       0.000       0.000       0.000       0.000       0.000       0.000    
  2730240.   42.65643590   13.0668   0.000       0.000       0.000       0.000      0.000      0.000      0.000      0.000      0.000      0.000       0.000       0.000       0.000       0.000       0.000       0.000    
  2747520.   42.65643590   13.2005   0.000       0.000       0.000       0.000      0.000      0.000      0.000      0.000      0.000      0.000       0.000       0.000       0.000       0.000       0.000       0.000    
  2764800.   42.65643590   13.3322   0.000       0.000       0.000       0.000      0.000      0.000      0.000      0.000      0.000      0.000       0.000       0.000       0.000       0.000       0.000       0.000    
  2782080.   42.65643590   13.6311   0.000       0.000       0.000       0.000      0.000      0.000      0.000      0.000      0.000      0.000       0.000       0.000       0.000       0.000       0.000       0.000    
  2799360.   42.65643590   13.9281   0.000       0.000       0.000       0.000      0.000      0.000      0.000      0.000      0.000      0.000       0.000       0.000       0.000       0.000       0.000       0.000    
  2816640.   42.65643590   14.2214   0.000       0.000       0.000       0.000      0.000      0.000      0.000      0.000      0.000      0.000       0.000       0.000       0.000       0.000       0.000       0.000    
  2833920.   42.65643590   14.5102   0.000       0.000       0.000       0.000      0.000      0.000      0.000      0.000      0.000      0.000       0.000       0.000       0.000       0.000       0.000       0.000    
  2851200.   42.65643590   14.7942   0.000       0.000       0.000       0.000      0.000      0.000      0.000      0.000      0.000      0.000       0.000       0.000       0.000       0.000       0.000       0.000    
  2868480.   42.65643590   14.8064   0.000       0.000       0.000       0.000      0.000      0.000      0.000      0.000      0.000      0.000       0.000       0.000       0.000       0.000       0.000       0.000    
  2885760.   42.65643590   14.8134   0.000       0.000       0.000       0.000      0.000      0.000      0.000      0.000      0.000      0.000       0.000       0.000       0.000       0.000       0.000       0.000    
  2903040.   42.65643590   14.8181   0.000       0.000       0.000       0.000      0.000      0.000      0.000      0.000      0.000      0.000       0.000       0.000       0.000       0.000       0.000       0.000    
  2920320.   42.65643590   14.8214   0.000       0.000       0.000       0.000      0.000      0.000      0.000      0.000      0.000      0.000       0.000       0.000       0.000       0.000       0.000       0.000    
  2937600.   42.65643590   14.8237   0.000       0.000       0.000       0.000      0.000      0.000      0.000      0.000      0.000      0.000       0.000       0.000       0.000       0.000       0.000       0.000    
  2954880.   42.65643590   14.8426   0.000       0.000       0.000       0.000      0.000      0.000      0.000      0.000      0.000      0.000       0.000       0.000       0.000       0.000       0.000       0.000    
  2972160.   42.65643590   14.8608   0.000       0.000       0.000       0.000      0.000      0.000      0.000      0.000      0.000      0.000       0.000       0.000       0.000       0.000       0.000       0.000    
  2989440.   42.65643590   14.8783   0.000       0.000       0.000       0.000      0.000      0.000      0.000      0.000      0.000      0.000       0.000       0.000       0.000       0.000       0.000       0.000    
  3006720.   42.65643590   14.8950   0.000       0.000       0.000       0.000      0.000      0.000      0.000      0.000      0.000      0.000       0.000       0.000       0.000       0.000       0.000       0.000    
  3024000.   42.65643590   14.9112   0.000       0.000       0.000       0.000      0.000      0.000      0.000      0.000      0.000      0.000       0.000       0.000       0.000       0.000       0.000       0.000    
  3041280.   42.65643590   14.9691   0.000       0.000       0.000       0.000      0.000      0.000      0.000      0.000      0.000      0.000       0.000       0.000       0.000       0.000       0.000       0.000    
  3058560.   42.65643590   15.0265   0.000       0.000       0.000       0.000      0.000      0.000      0.000      0.000      0.000      0.000       0.000       0.000       0.000       0.000       0.000       0.000    
  3075840.   42.65643590   15.0830   0.000       0.000       0.000       0.000      0.000      0.000      0.000      0.000      0.000      0.000       0.000       0.000       0.000       0.000       0.000       0.000    
  3093120.   42.65643590   15.1384   0.000       0.000       0.000       0.000      0.000      0.000      0.000      0.000      0.000      0.000       0.000       0.000       0.000       0.000       0.000       0.000    
  3110400.   42.65643590   15.1928   0.000       0.000       0.000       0.000      0.000      0.000      0.000      0.000      0.000      0.000       0.000       0.000       0.000       0.000       0.000       0.000    
  3127680.   42.65643590   15.1770   0.000       0.000       0.000       0.000      0.000      0.000      0.000      0.000      0.000      0.000       0.000       0.000       0.000       0.000       0.000       0.000    
  3144960.   42.65643590   15.1602   0.000       0.000       0.000       0.000      0.000      0.000      0.000      0.000      0.000      0.000       0.000       0.000       0.000       0.000       0.000       0.000    
  3162240.   42.65643590   15.1432   0.000       0.000       0.000       0.000      0.000      0.000      0.000      0.000      0.000      0.000       0.000       0.000       0.000       0.000       0.000       0.000    
  3179520.   42.65643590   15.1262   0.000       0.000       0.000       0.000      0.000      0.000      0.000      0.000      0.000      0.000       0.000       0.000       0.000       0.000       0.000       0.000    
  3196800.   42.65643590   15.1092   0.000       0.000       0.000       0.000      0.000      0.000      0.000      0.000      0.000      0.000       0.000       0.000       0.000       0.000       0.000       0.000    
  3214080.   42.65643590   15.0623   0.000       0.000       0.000       0.000      0.000      0.000      0.000      0.000      0.000      0.000       0.000       0.000       0.000       0.000       0.000       0.000    
  3231360.   42.65643590   15.0157   0.000       0.000       0.000       0.000      0.000      0.000      0.000      0.000      0.000      0.000       0.000       0.000       0.000       0.000       0.000       0.000    
  3248640.   42.65643590   14.9696   0.000       0.000       0.000       0.000      0.000      0.000      0.000      0.000      0.000      0.000       0.000       0.000       0.000       0.000       0.000       0.000    
  3265920.   42.65643590   14.9242   0.000       0.000       0.000       0.000      0.000      0.000      0.000      0.000      0.000      0.000       0.000       0.000       0.000       0.000       0.000       0.000    
  3283200.   42.65643590   14.8795   0.000       0.000       0.000       0.000      0.000      0.000      0.000      0.000      0.000      0.000       0.000       0.000       0.000       0.000       0.000       0.000    
  3300480.   42.65643590   14.8510   0.000       0.000       0.000       0.000      0.000      0.000      0.000      0.000      0.000      0.000       0.000       0.000       0.000       0.000       0.000       0.000    
  3317760.   42.65643590   14.8232   0.000       0.000       0.000       0.000      0.000      0.000      0.000      0.000      0.000      0.000       0.000       0.000       0.000       0.000       0.000       0.000    
  3335040.   42.65643590   14.7961   0.000       0.000       0.000       0.000      0.000      0.000      0.000      0.000      0.000      0.000       0.000       0.000       0.000       0.000       0.000       0.000    
  3352320.   42.65643590   14.7696   0.000       0.000       0.000       0.000      0.000      0.000      0.000      0.000      0.000      0.000       0.000       0.000       0.000       0.000       0.000       0.000    
  3369600.   42.65643590   14.7436   0.000       0.000       0.000       0.000      0.000      0.000      0.000      0.000      0.000      0.000       0.000       0.000       0.000       0.000       0.000       0.000    
  3386880.   42.65643590   14.7529   0.000       0.000       0.000       0.000      0.000      0.000      0.000      0.000      0.000      0.000       0.000       0.000       0.000       0.000       0.000       0.000    
  3404160.   42.65643590   14.7628   0.000       0.000       0.000       0.000      0.000      0.000      0.000      0.000      0.000      0.000       0.000       0.000       0.000       0.000       0.000       0.000    
  3421440.   42.65643590   14.7728   0.000       0.000       0.000       0.000      0.000      0.000      0.000      0.000      0.000      0.000       0.000       0.000       0.000       0.000       0.000       0.000    
  3438720.   42.65643590   14.7829   0.000       0.000       0.000       0.000      0.000      0.000      0.000      0.000      0.000      0.000       0.000       0.000       0.000       0.000       0.000       0.000    
  3456000.   42.65643590   14.7929   0.000       0.000       0.000       0.000      0.000      0.000      0.000      0.000      0.000      0.000       0.000       0.000       0.000       0.000       0.000       0.000    
  3473280.   42.65643590   14.8251   0.000       0.000       0.000       0.000      0.000      0.000      0.000      0.000      0.000      0.000       0.000       0.000       0.000       0.000       0.000       0.000    
  3490560.   42.65643590   14.8571   0.000       0.000       0.000       0.000      0.000      0.000      0.000      0.000      0.000      0.000       0.000       0.000       0.000       0.000       0.000       0.000    
  3507840.   42.65643590   14.8889   0.000       0.000       0.000       0.000      0.000      0.000      0.000      0.000      0.000      0.000       0.000       0.000       0.000       0.000       0.000       0.000    
  3525120.   42.65643590   14.9203   0.000       0.000       0.000       0.000      0.000      0.000      0.000      0.000      0.000      0.000       0.000       0.000       0.000       0.000       0.000       0.000    
  3542400.   42.65643590   14.9512   0.000       0.000       0.000       0.000      0.000      0.000      0.000      0.000      0.000      0.000       0.000       0.000       0.000       0.000       0.000       0.000    
  3559680.   42.65643590   14.9625   0.000       0.000       0.000       0.000      0.000      0.000      0.000      0.000      0.000      0.000       0.000       0.000       0.000       0.000       0.000       0.000    
  3576960.   42.65643590   14.9734   0.000       0.000       0.000       0.000      0.000      0.000      0.000      0.000      0.000      0.000       0.000       0.000       0.000       0.000       0.000       0.000    
  3594240.   42.65643590   14.9839   0.000       0.000       0.000       0.000      0.000      0.000      0.000      0.000      0.000      0.000       0.000       0.000       0.000       0.000       0.000       0.000    
  3611520.   42.65643590   14.9943   0.000       0.000       0.000       0.000      0.000      0.000      0.000      0.000      0.000      0.000       0.000       0.000       0.000       0.000       0.000       0.000    
  3628800.   42.65643590   15.0045   0.000       0.000       0.000       0.000      0.000      0.000      0.000      0.000      0.000      0.000       0.000       0.000       0.000       0.000       0.000       0.000    
  3646080.   42.65643590   14.9710   0.000       0.000       0.000       0.000      0.000      0.000      0.000      0.000      0.000      0.000       0.000       0.000       0.000       0.000       0.000       0.000    
  3663360.   42.65643590   14.9374   0.000       0.000       0.000       0.000      0.000      0.000      0.000      0.000      0.000      0.000       0.000       0.000       0.000       0.000       0.000       0.000    
  3680640.   42.65643590   14.9040   0.000       0.000       0.000       0.000      0.000      0.000      0.000      0.000      0.000      0.000       0.000       0.000       0.000       0.000       0.000       0.000    
  3697920.   42.65643590   14.8711   0.000       0.000       0.000       0.000      0.000      0.000      0.000      0.000      0.000      0.000       0.000       0.000       0.000       0.000       0.000       0.000    
  3715200.   42.65643590   14.8388   0.000       0.000       0.000       0.000      0.000      0.000      0.000      0.000      0.000      0.000       0.000       0.000       0.000       0.000       0.000       0.000    
  3732480.   42.65643590   14.8149   0.000       0.000       0.000       0.000      0.000      0.000      0.000      0.000      0.000      0.000       0.000       0.000       0.000       0.000       0.000       0.000    
  3749760.   42.65643590   14.7915   0.000       0.000       0.000       0.000      0.000      0.000      0.000      0.000      0.000      0.000       0.000       0.000       0.000       0.000       0.000       0.000    
  3767040.   42.65643590   14.7687   0.000       0.000       0.000       0.000      0.000      0.000      0.000      0.000      0.000      0.000       0.000       0.000       0.000       0.000       0.000       0.000    
  3784320.   42.65643590   14.7462   0.000       0.000       0.000       0.000      0.000      0.000      0.000      0.000      0.000      0.000       0.000       0.000       0.000       0.000       0.000       0.000    
  3801600.   42.65643590   14.7243   0.000       0.000       0.000       0.000      0.000      0.000      0.000      0.000      0.000      0.000       0.000       0.000       0.000       0.000       0.000       0.000    
  3818880.   42.65643590   14.7305   0.000       0.000       0.000       0.000      0.000      0.000      0.000      0.000      0.000      0.000       0.000       0.000       0.000       0.000       0.000       0.000    
  3836160.   42.65643590   14.7371   0.000       0.000       0.000       0.000      0.000      0.000      0.000      0.000      0.000      0.000       0.000       0.000       0.000       0.000       0.000       0.000    
  3853440.   42.65643590   14.7439   0.000       0.000       0.000       0.000      0.000      0.000      0.000      0.000      0.000      0.000       0.000       0.000       0.000       0.000       0.000       0.000    
  3870720.   42.65643590   14.7506   0.000       0.000       0.000       0.000      0.000      0.000      0.000      0.000      0.000      0.000       0.000       0.000       0.000       0.000       0.000       0.000    
  3888000.   42.65643590   14.7574   0.000       0.000       0.000       0.000      0.000      0.000      0.000      0.000      0.000      0.000       0.000       0.000       0.000       0.000       0.000       0.000    
  3905280.   42.65643590   14.7945   0.000       0.000       0.000       0.000      0.000      0.000      0.000      0.000      0.000      0.000       0.000       0.000       0.000       0.000       0.000       0.000    
  3922560.   42.65643590   14.8315   0.000       0.000       0.000       0.000      0.000      0.000      0.000      0.000      0.000      0.000       0.000       0.000       0.000       0.000       0.000       0.000    
  3939840.   42.65643590   14.8681   0.000       0.000       0.000       0.000      0.000      0.000      0.000      0.000      0.000      0.000       0.000       0.000       0.000       0.000       0.000       0.000    
  3957120.   42.65643590   14.9042   0.000       0.000       0.000       0.000      0.000      0.000      0.000      0.000      0.000      0.000       0.000       0.000       0.000       0.000       0.000       0.000    
  3974400.   42.65643590   14.9398   0.000       0.000       0.000       0.000      0.000      0.000      0.000      0.000      0.000      0.000       0.000       0.000       0.000       0.000       0.000       0.000    
  3991680.   42.65643590   14.9812   0.000       0.000       0.000       0.000      0.000      0.000      0.000      0.000      0.000      0.000       0.000       0.000       0.000       0.000       0.000       0.000    
  4008960.   42.65643590   15.0220   0.000       0.000       0.000       0.000      0.000      0.000      0.000      0.000      0.000      0.000       0.000       0.000       0.000       0.000       0.000       0.000    
  4026240.   42.65643590   15.0622   0.000       0.000       0.000       0.000      0.000      0.000      0.000      0.000      0.000      0.000       0.000       0.000       0.000       0.000       0.000       0.000    
  4043520.   42.65643590   15.1016   0.000       0.000       0.000       0.000      0.000      0.000      0.000      0.000      0.000      0.000       0.000       0.000       0.000       0.000       0.000       0.000    
  4060800.   42.65643590   15.1404   0.000       0.000       0.000       0.000      0.000      0.000      0.000      0.000      0.000      0.000       0.000       0.000       0.000       0.000       0.000       0.000    
  4078080.   42.65643590   15.1147   0.000       0.000       0.000       0.000      0.000      0.000      0.000      0.000      0.000      0.000       0.000       0.000       0.000       0.000       0.000       0.000    
  4095360.   42.65643590   15.0883   0.000       0.000       0.000       0.000      0.000      0.000      0.000      0.000      0.000      0.000       0.000       0.000       0.000       0.000       0.000       0.000    
  4112640.   42.65643590   15.0619   0.000       0.000       0.000       0.000      0.000      0.000      0.000      0.000      0.000      0.000       0.000       0.000       0.000       0.000       0.000       0.000    
  4129920.   42.65643590   15.0357   0.000       0.000       0.000       0.000      0.000      0.000      0.000      0.000      0.000      0.000       0.000       0.000       0.000       0.000       0.000       0.000    
  4147200.   42.65643590   15.0098   0.000       0.000       0.000       0.000      0.000      0.000      0.000      0.000      0.000      0.000       0.000       0.000       0.000       0.000       0.000       0.000    
  4164480.   42.65643590   14.9605   0.000       0.000       0.000       0.000      0.000      0.000      0.000      0.000      0.000      0.000       0.000       0.000       0.000       0.000       0.000       0.000    
  4181760.   42.65643590   14.9117   0.000       0.000       0.000       0.000      0.000      0.000      0.000      0.000      0.000      0.000       0.000       0.000       0.000       0.000       0.000       0.000    
  4199040.   42.65643590   14.8635   0.000       0.000       0.000       0.000      0.000      0.000      0.000      0.000      0.000      0.000       0.000       0.000       0.000       0.000       0.000       0.000    
  4216320.   42.65643590   14.8160   0.000       0.000       0.000       0.000      0.000      0.000      0.000      0.000      0.000      0.000       0.000       0.000       0.000       0.000       0.000       0.000    
  4233600.   42.65643590   14.7694   0.000       0.000       0.000       0.000      0.000      0.000      0.000      0.000      0.000      0.000       0.000       0.000       0.000       0.000       0.000       0.000    
  4250880.   42.65643590   14.7186   0.000       0.000       0.000       0.000      0.000      0.000      0.000      0.000      0.000      0.000       0.000       0.000       0.000       0.000       0.000       0.000    
  4268160.   42.65643590   14.6686   0.000       0.000       0.000       0.000      0.000      0.000      0.000      0.000      0.000      0.000       0.000       0.000       0.000       0.000       0.000       0.000    
  4285440.   42.65643590   14.6194   0.000       0.000       0.000       0.000      0.000      0.000      0.000      0.000      0.000      0.000       0.000       0.000       0.000       0.000       0.000       0.000    
  4302720.   42.65643590   14.5712   0.000       0.000       0.000       0.000      0.000      0.000      0.000      0.000      0.000      0.000       0.000       0.000       0.000       0.000       0.000       0.000    
  4320000.   42.65643590   14.5239   0.000       0.000       0.000       0.000      0.000      0.000      0.000      0.000      0.000      0.000       0.000       0.000       0.000       0.000       0.000       0.000    
  4337280.   42.65643590   14.4727   0.000       0.000       0.000       0.000      0.000      0.000      0.000      0.000      0.000      0.000       0.000       0.000       0.000       0.000       0.000       0.000    
  4354560.   42.65643590   14.4223   0.000       0.000       0.000       0.000      0.000      0.000      0.000      0.000      0.000      0.000       0.000       0.000       0.000       0.000       0.000       0.000    
  4371840.   42.65643590   14.3729   0.000       0.000       0.000       0.000      0.000      0.000      0.000      0.000      0.000      0.000       0.000       0.000       0.000       0.000       0.000       0.000    
  4389120.   42.65643590   14.3245   0.000       0.000       0.000       0.000      0.000      0.000      0.000      0.000      0.000      0.000       0.000       0.000       0.000       0.000       0.000       0.000    
  4406400.   42.65643590   14.2769   0.000       0.000       0.000       0.000      0.000      0.000      0.000      0.000      0.000      0.000       0.000       0.000       0.000       0.000       0.000       0.000    
