   TOTIM (T)     FLOWRATE     DIAM.         RE           RT
        86400.   0.28022E-02  0.62713       4350.9       2758.4    
       103680.   0.20702E-02  0.62713       3214.5       3733.6    
       120960.   0.20358E-02  0.62713       3161.0       3796.8    
       138240.   0.20014E-02  0.62713       3107.6       3862.0    
       155520.   0.19668E-02  0.62713       3053.9       3930.0    
       172800.   0.19323E-02  0.62713       3000.2       4000.3    
       190080.   0.19206E-02  0.62713       2982.2       4024.5    
       207360.   0.19008E-02  0.62713       2951.4       4066.4    
       224640.   0.18812E-02  0.62713       2920.9       4108.9    
       241920.   0.18617E-02  0.62713       2890.7       4151.9    
       259200.   0.18425E-02  0.62713       2860.9       4195.2    
       276480.   0.18297E-02  0.62713       2841.0       4224.5    
       293760.   0.18149E-02  0.62713       2818.0       4259.0    
       311040.   0.18003E-02  0.62713       2795.4       4293.5    
       328320.   0.17860E-02  0.62713       2773.1       4327.9    
       345600.   0.17719E-02  0.62713       2751.2       4362.3    
       362880.   0.17866E-02  0.62713       2774.1       4326.4    
       380160.   0.17908E-02  0.62713       2780.6       4316.3    
       397440.   0.17948E-02  0.62713       2786.8       4306.7    
       414720.   0.17987E-02  0.62713       2792.8       4297.4    
       432000.   0.18024E-02  0.62713       2798.7       4288.4    
       449280.   0.18278E-02  0.62713       2838.1       4228.8    
       466560.   0.18449E-02  0.62713       2864.6       4189.6    
       483840.   0.18616E-02  0.62713       2890.5       4152.1    
       501120.   0.18779E-02  0.62713       2915.9       4116.0    
       518400.   0.18939E-02  0.62713       2940.6       4081.3    
       535680.   0.18927E-02  0.62713       2938.8       4083.9    
       552960.   0.18975E-02  0.62713       2946.3       4073.5    
       570240.   0.19023E-02  0.62713       2953.7       4063.3    
       587520.   0.19069E-02  0.62713       2960.9       4053.5    
       604800.   0.19114E-02  0.62713       2967.9       4043.9    
       622080.   0.19218E-02  0.62713       2983.9       4022.1    
       639360.   0.19297E-02  0.62713       2996.3       4005.5    
       656640.   0.19375E-02  0.62713       3008.4       3989.4    
       673920.   0.19451E-02  0.62713       3020.2       3973.8    
       691200.   0.19525E-02  0.62713       3031.7       3958.7    
       708480.   0.20182E-02  0.62713       3133.6       3830.0    
       725760.   0.20616E-02  0.62713       3201.0       3749.4    
       743040.   0.21039E-02  0.62713       3266.8       3673.9    
       760320.   0.21454E-02  0.62713       3331.2       3602.9    
       777600.   0.21860E-02  0.62713       3394.2       3536.0    
       794880.   0.22779E-02  0.62713       3536.9       3393.3    
       812160.   0.23493E-02  0.62713       3647.8       3290.2    
       829440.   0.24191E-02  0.62713       3756.2       3195.2    
       846720.   0.24875E-02  0.62713       3862.4       3107.3    
       864000.   0.25545E-02  0.62713       3966.3       3025.9    
       881280.   0.25739E-02  0.62713       3996.4       3003.1    
       898560.   0.26092E-02  0.62713       4051.4       2962.4    
       915840.   0.26439E-02  0.62713       4105.2       2923.5    
       933120.   0.26778E-02  0.62713       4157.9       2886.5    
       950400.   0.27110E-02  0.62713       4209.4       2851.2    
       967680.   0.28046E-02  0.62713       4354.7       2756.0    
       984960.   0.28745E-02  0.62713       4463.3       2689.0    
      1002240.   0.29429E-02  0.62713       4569.4       2626.5    
      1019520.   0.30097E-02  0.62713       4673.3       2568.2    
      1036800.   0.30752E-02  0.62713       4774.9       2513.5    
      1054080.   0.32274E-02  0.62713       5011.3       2394.9    
      1071360.   0.33453E-02  0.62713       5194.3       2310.6    
      1088640.   0.34606E-02  0.62713       5373.3       2233.6    
      1105920.   0.35735E-02  0.62713       5548.6       2163.0    
      1123200.   0.36840E-02  0.62713       5720.2       2098.1    
      1140480.   0.36316E-02  0.62713       5638.8       2128.4    
      1157760.   0.36367E-02  0.62713       5646.8       2125.4    
      1175040.   0.36420E-02  0.62713       5654.9       2122.4    
      1192320.   0.36471E-02  0.62713       5662.8       2119.4    
      1209600.   0.36520E-02  0.62713       5670.5       2116.5    
      1226880.   0.35977E-02  0.62713       5586.2       2148.5    
      1244160.   0.35653E-02  0.62713       5535.9       2168.0    
      1261440.   0.35337E-02  0.62713       5486.8       2187.4    
      1278720.   0.35028E-02  0.62713       5438.8       2206.7    
      1296000.   0.34726E-02  0.62713       5392.0       2225.9    
      1313280.   0.34243E-02  0.62713       5317.0       2257.2    
      1330560.   0.33838E-02  0.62713       5254.0       2284.3    
      1347840.   0.33442E-02  0.62713       5192.5       2311.3    
      1365120.   0.33055E-02  0.62713       5132.5       2338.4    
      1382400.   0.32678E-02  0.62713       5073.9       2365.4    
      1399680.   0.32190E-02  0.62713       4998.2       2401.2    
      1416960.   0.31756E-02  0.62713       4930.8       2434.0    
      1434240.   0.31333E-02  0.62713       4865.1       2466.9    
      1451520.   0.30920E-02  0.62713       4800.9       2499.9    
      1468800.   0.30516E-02  0.62713       4738.3       2532.9    
      1486080.   0.30030E-02  0.62713       4662.7       2574.0    
      1503360.   0.29587E-02  0.62713       4594.0       2612.5    
      1520640.   0.29156E-02  0.62713       4527.0       2651.1    
      1537920.   0.28734E-02  0.62713       4461.6       2690.0    
      1555200.   0.28323E-02  0.62713       4397.7       2729.1    
      1572480.   0.27859E-02  0.62713       4325.6       2774.6    
      1589760.   0.27428E-02  0.62713       4258.7       2818.2    
      1607040.   0.27007E-02  0.62713       4193.3       2862.1    
      1624320.   0.26595E-02  0.62713       4129.5       2906.4    
      1641600.   0.26194E-02  0.62713       4067.1       2950.9    
      1658880.   0.25786E-02  0.62713       4003.8       2997.6    
      1676160.   0.25393E-02  0.62713       3942.7       3044.0    
      1693440.   0.25009E-02  0.62713       3883.1       3090.7    
      1710720.   0.24633E-02  0.62713       3824.8       3137.8    
      1728000.   0.24267E-02  0.62713       3767.9       3185.3    
      1745280.   0.23921E-02  0.62713       3714.3       3231.2    
      1762560.   0.23579E-02  0.62713       3661.2       3278.1    
      1779840.   0.23245E-02  0.62713       3609.2       3325.3    
      1797120.   0.22917E-02  0.62713       3558.4       3372.8    
      1814400.   0.22598E-02  0.62713       3508.7       3420.5    
      1831680.   0.22253E-02  0.62713       3455.2       3473.5    
      1848960.   0.21927E-02  0.62713       3404.7       3525.1    
      1866240.   0.21609E-02  0.62713       3355.2       3577.1    
      1883520.   0.21297E-02  0.62713       3306.8       3629.4    
      1900800.   0.20992E-02  0.62713       3259.4       3682.2    
      1918080.   0.20671E-02  0.62713       3209.6       3739.4    
      1935360.   0.20364E-02  0.62713       3162.0       3795.6    
      1952640.   0.20065E-02  0.62713       3115.5       3852.3    
      1969920.   0.19771E-02  0.62713       3069.9       3909.5    
      1987200.   0.19484E-02  0.62713       3025.3       3967.1    
      2004480.   0.19214E-02  0.62713       2983.3       4023.0    
      2021760.   0.18945E-02  0.62713       2941.6       4080.0    
      2039040.   0.18682E-02  0.62713       2900.7       4137.5    
      2056320.   0.18424E-02  0.62713       2860.7       4195.4    
      2073600.   0.18172E-02  0.62713       2821.5       4253.6    
      2090880.   0.17900E-02  0.62713       2779.3       4318.2    
      2108160.   0.17642E-02  0.62713       2739.4       4381.2    
      2125440.   0.17390E-02  0.62713       2700.2       4444.8    
      2142720.   0.17143E-02  0.62713       2661.8       4508.8    
      2160000.   0.16901E-02  0.62713       2624.3       4573.4    
      2177280.   0.16647E-02  0.62713       2584.8       4643.3    
      2194560.   0.16404E-02  0.62713       2547.0       4712.1    
      2211840.   0.16165E-02  0.62713       2510.0       4781.6    
      2229120.   0.15932E-02  0.62713       2473.7       4851.7    
      2246400.   0.15703E-02  0.62713       2438.2       4922.4    
      2263680.   0.15461E-02  0.62713       2400.6       4999.4    
      2280960.   0.15230E-02  0.62713       2364.8       5075.2    
      2298240.   0.15004E-02  0.62713       2329.7       5151.7    
      2315520.   0.14782E-02  0.62713       2295.2       5229.0    
      2332800.   0.14564E-02  0.62713       2261.4       5307.1    
      2350080.   0.14340E-02  0.62713       2226.5       5390.3    
      2367360.   0.14123E-02  0.62713       2192.9       5472.9    
      2384640.   0.13911E-02  0.62713       2160.0       5556.3    
      2401920.   0.13703E-02  0.62713       2127.7       5640.6    
      2419200.   0.13499E-02  0.62713       2096.1       5725.8    
      2436480.   0.13397E-02  0.62713       2080.2       5769.6    
      2453760.   0.13261E-02  0.62713       2059.1       5828.7    
      2471040.   0.13128E-02  0.62713       2038.4       5887.9    
      2488320.   0.12997E-02  0.62713       2018.0       5947.3    
      2505600.   0.12868E-02  0.62713       1998.0       6006.8    
      2522880.   0.12738E-02  0.62713       1977.8       6068.1    
      2540160.   0.12612E-02  0.62713       1958.2       6128.9    
      2557440.   0.12488E-02  0.62713       1939.0       6189.8    
      2574720.   0.12366E-02  0.62713       1920.1       6250.7    
      2592000.   0.12246E-02  0.62713       1901.5       6311.8    
      2609280.   0.12512E-02  0.62713       1942.7       6177.9    
      2626560.   0.12633E-02  0.62713       1961.6       6118.5    
      2643840.   0.12751E-02  0.62713       1979.9       6061.9    
      2661120.   0.12866E-02  0.62713       1997.7       6007.8    
      2678400.   0.12978E-02  0.62713       2015.1       5956.0    
      2695680.   0.14143E-02  0.62713       2196.1       5465.1    
      2712960.   0.14904E-02  0.62713       2314.2       5186.1    
      2730240.   0.15648E-02  0.62713       2429.6       4939.7    
      2747520.   0.16375E-02  0.62713       2542.6       4720.2    
      2764800.   0.17088E-02  0.62713       2653.3       4523.3    
      2782080.   0.19294E-02  0.62713       2995.9       4006.1    
      2799360.   0.20916E-02  0.62713       3247.6       3695.6    
      2816640.   0.22503E-02  0.62713       3494.0       3435.0    
      2833920.   0.24058E-02  0.62713       3735.5       3212.9    
      2851200.   0.25582E-02  0.62713       3972.1       3021.5    
      2868480.   0.24699E-02  0.62713       3835.1       3129.5    
      2885760.   0.24680E-02  0.62713       3832.0       3132.0    
      2903040.   0.24663E-02  0.62713       3829.5       3134.0    
      2920320.   0.24647E-02  0.62713       3827.0       3136.1    
      2937600.   0.24630E-02  0.62713       3824.3       3138.3    
      2954880.   0.24766E-02  0.62713       3845.5       3121.0    
      2972160.   0.24844E-02  0.62713       3857.5       3111.2    
      2989440.   0.24918E-02  0.62713       3869.1       3101.9    
      3006720.   0.24990E-02  0.62713       3880.3       3093.0    
      3024000.   0.25060E-02  0.62713       3891.1       3084.4    
      3041280.   0.25505E-02  0.62713       3960.2       3030.6    
      3058560.   0.25806E-02  0.62713       4007.0       2995.2    
      3075840.   0.26100E-02  0.62713       4052.6       2961.5    
      3093120.   0.26388E-02  0.62713       4097.2       2929.3    
      3110400.   0.26669E-02  0.62713       4140.9       2898.4    
      3127680.   0.26328E-02  0.62713       4088.0       2935.8    
      3144960.   0.26214E-02  0.62713       4070.2       2948.7    
      3162240.   0.26103E-02  0.62713       4053.0       2961.2    
      3179520.   0.25994E-02  0.62713       4036.2       2973.6    
      3196800.   0.25888E-02  0.62713       4019.7       2985.7    
      3214080.   0.25517E-02  0.62713       3962.0       3029.2    
      3231360.   0.25248E-02  0.62713       3920.3       3061.4    
      3248640.   0.24986E-02  0.62713       3879.6       3093.6    
      3265920.   0.24730E-02  0.62713       3839.8       3125.6    
      3283200.   0.24480E-02  0.62713       3801.0       3157.6    
      3300480.   0.24372E-02  0.62713       3784.2       3171.5    
      3317760.   0.24218E-02  0.62713       3760.3       3191.7    
      3335040.   0.24068E-02  0.62713       3737.0       3211.6    
      3352320.   0.23921E-02  0.62713       3714.2       3231.3    
      3369600.   0.23778E-02  0.62713       3692.0       3250.7    
      3386880.   0.23948E-02  0.62713       3718.4       3227.7    
      3404160.   0.24004E-02  0.62713       3727.2       3220.1    
      3421440.   0.24060E-02  0.62713       3735.8       3212.7    
      3438720.   0.24115E-02  0.62713       3744.3       3205.4    
      3456000.   0.24169E-02  0.62713       3752.7       3198.2    
      3473280.   0.24419E-02  0.62713       3791.6       3165.4    
      3490560.   0.24595E-02  0.62713       3818.8       3142.8    
      3507840.   0.24767E-02  0.62713       3845.5       3121.0    
      3525120.   0.24935E-02  0.62713       3871.7       3099.8    
      3542400.   0.25101E-02  0.62713       3897.4       3079.4    
      3559680.   0.25093E-02  0.62713       3896.2       3080.4    
      3576960.   0.25146E-02  0.62713       3904.4       3073.9    
      3594240.   0.25198E-02  0.62713       3912.6       3067.5    
      3611520.   0.25250E-02  0.62713       3920.6       3061.2    
      3628800.   0.25301E-02  0.62713       3928.4       3055.1    
      3646080.   0.24964E-02  0.62713       3876.1       3096.3    
      3663360.   0.24771E-02  0.62713       3846.3       3120.4    
      3680640.   0.24584E-02  0.62713       3817.2       3144.2    
      3697920.   0.24401E-02  0.62713       3788.7       3167.8    
      3715200.   0.24221E-02  0.62713       3760.9       3191.2    
      3732480.   0.24117E-02  0.62713       3744.7       3205.0    
      3749760.   0.23990E-02  0.62713       3725.0       3222.0    
      3767040.   0.23866E-02  0.62713       3705.6       3238.8    
      3784320.   0.23744E-02  0.62713       3686.8       3255.4    
      3801600.   0.23625E-02  0.62713       3668.3       3271.8    
      3818880.   0.23756E-02  0.62713       3688.6       3253.7    
      3836160.   0.23797E-02  0.62713       3694.9       3248.2    
      3853440.   0.23836E-02  0.62713       3701.1       3242.8    
      3870720.   0.23875E-02  0.62713       3707.1       3237.5    
      3888000.   0.23913E-02  0.62713       3713.0       3232.3    
      3905280.   0.24221E-02  0.62713       3760.8       3191.3    
      3922560.   0.24426E-02  0.62713       3792.7       3164.5    
      3939840.   0.24627E-02  0.62713       3823.8       3138.7    
      3957120.   0.24824E-02  0.62713       3854.4       3113.8    
      3974400.   0.25016E-02  0.62713       3884.3       3089.8    
      3991680.   0.25262E-02  0.62713       3922.4       3059.8    
      4008960.   0.25483E-02  0.62713       3956.7       3033.3    
      4026240.   0.25698E-02  0.62713       3990.2       3007.8    
      4043520.   0.25910E-02  0.62713       4023.0       2983.3    
      4060800.   0.26117E-02  0.62713       4055.2       2959.6    
      4078080.   0.25751E-02  0.62713       3998.4       3001.6    
      4095360.   0.25595E-02  0.62713       3974.2       3019.9    
      4112640.   0.25443E-02  0.62713       3950.5       3038.0    
      4129920.   0.25294E-02  0.62713       3927.5       3055.9    
      4147200.   0.25149E-02  0.62713       3904.8       3073.6    
      4164480.   0.24795E-02  0.62713       3849.9       3117.4    
      4181760.   0.24524E-02  0.62713       3807.8       3151.8    
      4199040.   0.24259E-02  0.62713       3766.7       3186.3    
      4216320.   0.23999E-02  0.62713       3726.4       3220.7    
      4233600.   0.23745E-02  0.62713       3687.0       3255.2    
      4250880.   0.23453E-02  0.62713       3641.6       3295.7    
      4268160.   0.23183E-02  0.62713       3599.6       3334.2    
      4285440.   0.22918E-02  0.62713       3558.5       3372.7    
      4302720.   0.22660E-02  0.62713       3518.4       3411.2    
      4320000.   0.22406E-02  0.62713       3479.1       3449.7    
      4337280.   0.22117E-02  0.62713       3434.1       3494.9    
      4354560.   0.21848E-02  0.62713       3392.4       3537.8    
      4371840.   0.21586E-02  0.62713       3351.7       3580.8    
      4389120.   0.21329E-02  0.62713       3311.8       3623.9    
      4406400.   0.21078E-02  0.62713       3272.8       3667.1    
