   TOTIM (T)     FLOWRATE     DIAM.         RE           RT
        86400.   0.13857E-01  0.62713       21515.       557.29    
       103680.   0.13157E-01  0.62713       20429.       586.94    
       120960.   0.12915E-01  0.62713       20053.       597.93    
       138240.   0.12691E-01  0.62713       19705.       608.50    
       155520.   0.12473E-01  0.62713       19366.       619.13    
       172800.   0.12260E-01  0.62713       19037.       629.86    
       190080.   0.12143E-01  0.62713       18854.       635.96    
       207360.   0.12021E-01  0.62713       18665.       642.41    
       224640.   0.11901E-01  0.62713       18479.       648.87    
       241920.   0.11784E-01  0.62713       18296.       655.34    
       259200.   0.11669E-01  0.62713       18118.       661.80    
       276480.   0.11580E-01  0.62713       17981.       666.85    
       293760.   0.11491E-01  0.62713       17843.       672.00    
       311040.   0.11404E-01  0.62713       17707.       677.14    
       328320.   0.11319E-01  0.62713       17574.       682.26    
       345600.   0.11234E-01  0.62713       17444.       687.37    
       362880.   0.11265E-01  0.62713       17491.       685.51    
       380160.   0.11285E-01  0.62713       17523.       684.28    
       397440.   0.11304E-01  0.62713       17551.       683.16    
       414720.   0.11321E-01  0.62713       17579.       682.10    
       432000.   0.11338E-01  0.62713       17604.       681.10    
       449280.   0.11440E-01  0.62713       17763.       675.03    
       466560.   0.11532E-01  0.62713       17906.       669.64    
       483840.   0.11621E-01  0.62713       18044.       664.50    
       501120.   0.11708E-01  0.62713       18179.       659.57    
       518400.   0.11793E-01  0.62713       18310.       654.84    
       535680.   0.11809E-01  0.62713       18335.       653.95    
       552960.   0.11830E-01  0.62713       18368.       652.79    
       570240.   0.11850E-01  0.62713       18400.       651.64    
       587520.   0.11871E-01  0.62713       18432.       650.51    
       604800.   0.11891E-01  0.62713       18463.       649.41    
       622080.   0.11935E-01  0.62713       18531.       647.05    
       639360.   0.11975E-01  0.62713       18594.       644.86    
       656640.   0.12015E-01  0.62713       18655.       642.74    
       673920.   0.12053E-01  0.62713       18715.       640.67    
       691200.   0.12091E-01  0.62713       18774.       638.67    
       708480.   0.12359E-01  0.62713       19190.       624.81    
       725760.   0.12603E-01  0.62713       19569.       612.74    
       743040.   0.12840E-01  0.62713       19936.       601.44    
       760320.   0.13071E-01  0.62713       20295.       590.80    
       777600.   0.13297E-01  0.62713       20646.       580.77    
       794880.   0.13724E-01  0.62713       21309.       562.69    
       812160.   0.14126E-01  0.62713       21933.       546.69    
       829440.   0.14518E-01  0.62713       22541.       531.93    
       846720.   0.14901E-01  0.62713       23137.       518.24    
       864000.   0.15276E-01  0.62713       23720.       505.50    
       881280.   0.15462E-01  0.62713       24008.       499.44    
       898560.   0.15658E-01  0.62713       24312.       493.18    
       915840.   0.15852E-01  0.62713       24613.       487.15    
       933120.   0.16043E-01  0.62713       24910.       481.35    
       950400.   0.16231E-01  0.62713       25202.       475.78    
       967680.   0.16657E-01  0.62713       25863.       463.60    
       984960.   0.17057E-01  0.62713       26484.       452.74    
      1002240.   0.17447E-01  0.62713       27090.       442.61    
      1019520.   0.17830E-01  0.62713       27684.       433.11    
      1036800.   0.18205E-01  0.62713       28267.       424.19    
      1054080.   0.18920E-01  0.62713       29377.       408.16    
      1071360.   0.19595E-01  0.62713       30426.       394.09    
      1088640.   0.20255E-01  0.62713       31450.       381.25    
      1105920.   0.20902E-01  0.62713       32454.       369.45    
      1123200.   0.21536E-01  0.62713       33438.       358.58    
      1140480.   0.21527E-01  0.62713       33425.       358.73    
      1157760.   0.21562E-01  0.62713       33479.       358.14    
      1175040.   0.21602E-01  0.62713       33541.       357.48    
      1192320.   0.21643E-01  0.62713       33606.       356.79    
      1209600.   0.21687E-01  0.62713       33673.       356.08    
      1226880.   0.21498E-01  0.62713       33380.       359.21    
      1244160.   0.21331E-01  0.62713       33120.       362.02    
      1261440.   0.21170E-01  0.62713       32871.       364.78    
      1278720.   0.21014E-01  0.62713       32629.       367.48    
      1296000.   0.20863E-01  0.62713       32394.       370.14    
      1313280.   0.20642E-01  0.62713       32051.       374.10    
      1330560.   0.20432E-01  0.62713       31725.       377.94    
      1347840.   0.20228E-01  0.62713       31408.       381.76    
      1365120.   0.20029E-01  0.62713       31098.       385.56    
      1382400.   0.19834E-01  0.62713       30797.       389.34    
      1399680.   0.19597E-01  0.62713       30429.       394.04    
      1416960.   0.19369E-01  0.62713       30075.       398.69    
      1434240.   0.19146E-01  0.62713       29729.       403.32    
      1451520.   0.18929E-01  0.62713       29391.       407.96    
      1468800.   0.18716E-01  0.62713       29060.       412.61    
      1486080.   0.18471E-01  0.62713       28680.       418.08    
      1503360.   0.18234E-01  0.62713       28312.       423.51    
      1520640.   0.18002E-01  0.62713       27952.       428.97    
      1537920.   0.17775E-01  0.62713       27599.       434.44    
      1555200.   0.17553E-01  0.62713       27254.       439.94    
      1572480.   0.17311E-01  0.62713       26878.       446.10    
      1589760.   0.17075E-01  0.62713       26513.       452.25    
      1607040.   0.16845E-01  0.62713       26155.       458.43    
      1624320.   0.16619E-01  0.62713       25804.       464.66    
      1641600.   0.16398E-01  0.62713       25461.       470.94    
      1658880.   0.16175E-01  0.62713       25114.       477.43    
      1676160.   0.15956E-01  0.62713       24776.       483.96    
      1693440.   0.15743E-01  0.62713       24444.       490.53    
      1710720.   0.15533E-01  0.62713       24118.       497.16    
      1728000.   0.15327E-01  0.62713       23798.       503.83    
      1745280.   0.15131E-01  0.62713       23493.       510.37    
      1762560.   0.14937E-01  0.62713       23193.       516.98    
      1779840.   0.14748E-01  0.62713       22899.       523.63    
      1797120.   0.14561E-01  0.62713       22610.       530.32    
      1814400.   0.14379E-01  0.62713       22326.       537.06    
      1831680.   0.14187E-01  0.62713       22028.       544.32    
      1848960.   0.14000E-01  0.62713       21737.       551.61    
      1866240.   0.13816E-01  0.62713       21452.       558.95    
      1883520.   0.13635E-01  0.62713       21172.       566.34    
      1900800.   0.13458E-01  0.62713       20897.       573.79    
      1918080.   0.13275E-01  0.62713       20613.       581.70    
      1935360.   0.13097E-01  0.62713       20335.       589.64    
      1952640.   0.12921E-01  0.62713       20063.       597.65    
      1969920.   0.12749E-01  0.62713       19795.       605.72    
      1987200.   0.12580E-01  0.62713       19533.       613.86    
      2004480.   0.12418E-01  0.62713       19281.       621.86    
      2021760.   0.12259E-01  0.62713       19034.       629.94    
      2039040.   0.12102E-01  0.62713       18791.       638.08    
      2056320.   0.11949E-01  0.62713       18553.       646.29    
      2073600.   0.11798E-01  0.62713       18318.       654.56    
      2090880.   0.11640E-01  0.62713       18073.       663.45    
      2108160.   0.11485E-01  0.62713       17833.       672.37    
      2125440.   0.11333E-01  0.62713       17598.       681.36    
      2142720.   0.11185E-01  0.62713       17366.       690.43    
      2160000.   0.11038E-01  0.62713       17139.       699.58    
      2177280.   0.10888E-01  0.62713       16906.       709.25    
      2194560.   0.10741E-01  0.62713       16677.       718.98    
      2211840.   0.10596E-01  0.62713       16452.       728.79    
      2229120.   0.10454E-01  0.62713       16232.       738.69    
      2246400.   0.10314E-01  0.62713       16015.       748.69    
      2263680.   0.10170E-01  0.62713       15791.       759.29    
      2280960.   0.10029E-01  0.62713       15573.       769.96    
      2298240.   0.98910E-02  0.62713       15358.       780.73    
      2315520.   0.97551E-02  0.62713       15147.       791.61    
      2332800.   0.96216E-02  0.62713       14939.       802.60    
      2350080.   0.94858E-02  0.62713       14729.       814.09    
      2367360.   0.93528E-02  0.62713       14522.       825.66    
      2384640.   0.92221E-02  0.62713       14319.       837.36    
      2401920.   0.90937E-02  0.62713       14120.       849.18    
      2419200.   0.89676E-02  0.62713       13924.       861.13    
      2436480.   0.88824E-02  0.62713       13792.       869.38    
      2453760.   0.87951E-02  0.62713       13656.       878.01    
      2471040.   0.87089E-02  0.62713       13522.       886.71    
      2488320.   0.86238E-02  0.62713       13390.       895.46    
      2505600.   0.85399E-02  0.62713       13260.       904.25    
      2522880.   0.84558E-02  0.62713       13129.       913.25    
      2540160.   0.83731E-02  0.62713       13001.       922.27    
      2557440.   0.82917E-02  0.62713       12875.       931.32    
      2574720.   0.82115E-02  0.62713       12750.       940.42    
      2592000.   0.81325E-02  0.62713       12627.       949.55    
      2609280.   0.82069E-02  0.62713       12743.       940.94    
      2626560.   0.82656E-02  0.62713       12834.       934.27    
      2643840.   0.83213E-02  0.62713       12921.       928.00    
      2661120.   0.83749E-02  0.62713       13004.       922.07    
      2678400.   0.84265E-02  0.62713       13084.       916.42    
      2695680.   0.88957E-02  0.62713       13812.       868.09    
      2712960.   0.93169E-02  0.62713       14466.       828.84    
      2730240.   0.97258E-02  0.62713       15101.       793.99    
      2747520.   0.10124E-01  0.62713       15720.       762.74    
      2764800.   0.10513E-01  0.62713       16324.       734.52    
      2782080.   0.11491E-01  0.62713       17842.       672.05    
      2799360.   0.12396E-01  0.62713       19248.       622.95    
      2816640.   0.13279E-01  0.62713       20618.       581.53    
      2833920.   0.14142E-01  0.62713       21959.       546.04    
      2851200.   0.14987E-01  0.62713       23271.       515.25    
      2868480.   0.14877E-01  0.62713       23100.       519.06    
      2885760.   0.14844E-01  0.62713       23049.       520.22    
      2903040.   0.14819E-01  0.62713       23010.       521.09    
      2920320.   0.14799E-01  0.62713       22979.       521.80    
      2937600.   0.14782E-01  0.62713       22952.       522.40    
      2954880.   0.14829E-01  0.62713       23025.       520.75    
      2972160.   0.14872E-01  0.62713       23092.       519.25    
      2989440.   0.14915E-01  0.62713       23159.       517.75    
      3006720.   0.14958E-01  0.62713       23226.       516.25    
      3024000.   0.15002E-01  0.62713       23293.       514.76    
      3041280.   0.15194E-01  0.62713       23592.       508.23    
      3058560.   0.15372E-01  0.62713       23868.       502.35    
      3075840.   0.15546E-01  0.62713       24138.       496.74    
      3093120.   0.15716E-01  0.62713       24403.       491.35    
      3110400.   0.15884E-01  0.62713       24663.       486.17    
      3127680.   0.15805E-01  0.62713       24541.       488.59    
      3144960.   0.15747E-01  0.62713       24451.       490.39    
      3162240.   0.15693E-01  0.62713       24367.       492.08    
      3179520.   0.15641E-01  0.62713       24286.       493.71    
      3196800.   0.15591E-01  0.62713       24209.       495.29    
      3214080.   0.15438E-01  0.62713       23970.       500.22    
      3231360.   0.15296E-01  0.62713       23750.       504.86    
      3248640.   0.15158E-01  0.62713       23537.       509.43    
      3265920.   0.15025E-01  0.62713       23329.       513.97    
      3283200.   0.14894E-01  0.62713       23127.       518.46    
      3300480.   0.14821E-01  0.62713       23013.       521.02    
      3317760.   0.14746E-01  0.62713       22896.       523.68    
      3335040.   0.14672E-01  0.62713       22782.       526.32    
      3352320.   0.14600E-01  0.62713       22669.       528.92    
      3369600.   0.14529E-01  0.62713       22560.       531.50    
      3386880.   0.14582E-01  0.62713       22642.       529.56    
      3404160.   0.14625E-01  0.62713       22708.       528.03    
      3421440.   0.14665E-01  0.62713       22771.       526.57    
      3438720.   0.14704E-01  0.62713       22832.       525.17    
      3456000.   0.14743E-01  0.62713       22891.       523.80    
      3473280.   0.14858E-01  0.62713       23069.       519.75    
      3490560.   0.14964E-01  0.62713       23234.       516.06    
      3507840.   0.15067E-01  0.62713       23395.       512.51    
      3525120.   0.15168E-01  0.62713       23552.       509.10    
      3542400.   0.15267E-01  0.62713       23705.       505.81    
      3559680.   0.15296E-01  0.62713       23751.       504.84    
      3576960.   0.15330E-01  0.62713       23803.       503.73    
      3594240.   0.15364E-01  0.62713       23855.       502.63    
      3611520.   0.15397E-01  0.62713       23907.       501.54    
      3628800.   0.15430E-01  0.62713       23958.       500.48    
      3646080.   0.15309E-01  0.62713       23771.       504.42    
      3663360.   0.15203E-01  0.62713       23606.       507.94    
      3680640.   0.15100E-01  0.62713       23447.       511.39    
      3697920.   0.15001E-01  0.62713       23292.       514.79    
      3715200.   0.14903E-01  0.62713       23141.       518.15    
      3732480.   0.14837E-01  0.62713       23037.       520.48    
      3749760.   0.14769E-01  0.62713       22932.       522.86    
      3767040.   0.14703E-01  0.62713       22830.       525.21    
      3784320.   0.14639E-01  0.62713       22729.       527.53    
      3801600.   0.14575E-01  0.62713       22631.       529.82    
      3818880.   0.14611E-01  0.62713       22687.       528.52    
      3836160.   0.14638E-01  0.62713       22729.       527.54    
      3853440.   0.14664E-01  0.62713       22769.       526.60    
      3870720.   0.14689E-01  0.62713       22808.       525.70    
      3888000.   0.14714E-01  0.62713       22846.       524.84    
      3905280.   0.14844E-01  0.62713       23048.       520.24    
      3922560.   0.14963E-01  0.62713       23232.       516.10    
      3939840.   0.15078E-01  0.62713       23412.       512.15    
      3957120.   0.15191E-01  0.62713       23587.       508.35    
      3974400.   0.15301E-01  0.62713       23758.       504.69    
      3991680.   0.15431E-01  0.62713       23960.       500.43    
      4008960.   0.15557E-01  0.62713       24155.       496.39    
      4026240.   0.15679E-01  0.62713       24346.       492.51    
      4043520.   0.15800E-01  0.62713       24532.       488.76    
      4060800.   0.15917E-01  0.62713       24715.       485.15    
      4078080.   0.15808E-01  0.62713       24546.       488.49    
      4095360.   0.15719E-01  0.62713       24407.       491.27    
      4112640.   0.15633E-01  0.62713       24274.       493.97    
      4129920.   0.15550E-01  0.62713       24144.       496.61    
      4147200.   0.15469E-01  0.62713       24019.       499.20    
      4164480.   0.15307E-01  0.62713       23768.       504.48    
      4181760.   0.15155E-01  0.62713       23532.       509.54    
      4199040.   0.15008E-01  0.62713       23303.       514.55    
      4216320.   0.14864E-01  0.62713       23079.       519.54    
      4233600.   0.14723E-01  0.62713       22860.       524.51    
      4250880.   0.14568E-01  0.62713       22619.       530.09    
      4268160.   0.14417E-01  0.62713       22386.       535.62    
      4285440.   0.14270E-01  0.62713       22158.       541.13    
      4302720.   0.14127E-01  0.62713       21935.       546.64    
      4320000.   0.13986E-01  0.62713       21716.       552.14    
      4337280.   0.13831E-01  0.62713       21476.       558.31    
      4354560.   0.13681E-01  0.62713       21243.       564.44    
      4371840.   0.13534E-01  0.62713       21015.       570.56    
      4389120.   0.13390E-01  0.62713       20791.       576.70    
      4406400.   0.13249E-01  0.62713       20572.       582.84    
